#
# There is insufficient memory for the Java Runtime Environment to continue.
# Native memory allocation (malloc) failed to allocate 1626096 bytes. Error detail: Chunk::new
# Possible reasons:
#   The system is out of physical RAM or swap space
#   This process is running with CompressedOops enabled, and the Java Heap may be blocking the growth of the native heap
# Possible solutions:
#   Reduce memory load on the system
#   Increase physical memory or swap space
#   Check if swap backing store is full
#   Decrease Java heap size (-Xmx/-Xms)
#   Decrease number of Java threads
#   Decrease Java thread stack sizes (-Xss)
#   Set larger code cache with -XX:ReservedCodeCacheSize=
#   JVM is running with Unscaled Compressed Oops mode in which the Java heap is
#     placed in the first 4GB address space. The Java Heap base address is the
#     maximum limit for the native heap growth. Please use -XX:HeapBaseMinAddress
#     to set the Java Heap base and to place the Java Heap above 4GB virtual address.
# This output file may be truncated or incomplete.
#
#  Out of Memory Error (arena.cpp:168), pid=35024, tid=35016
#
# JRE version: OpenJDK Runtime Environment Temurin-21.0.12.1+1 (21.0.12.1+1) (build 21.0.12.1+1-LTS)
# Java VM: OpenJDK 64-Bit Server VM Temurin-21.0.12.1+1 (21.0.12.1+1-LTS, mixed mode, sharing, tiered, compressed oops, compressed class ptrs, g1 gc, windows-amd64)
# No core dump will be written. Minidumps are not enabled by default on client versions of Windows
#

---------------  S U M M A R Y ------------

Command Line: --add-opens=java.base/java.lang=ALL-UNNAMED --add-opens=java.base/java.lang.invoke=ALL-UNNAMED --add-opens=java.base/java.util=ALL-UNNAMED --add-opens=java.prefs/java.util.prefs=ALL-UNNAMED --add-exports=jdk.compiler/com.sun.tools.javac.api=ALL-UNNAMED --add-exports=jdk.compiler/com.sun.tools.javac.util=ALL-UNNAMED --add-opens=java.base/java.util=ALL-UNNAMED --add-opens=java.prefs/java.util.prefs=ALL-UNNAMED --add-opens=java.base/java.nio.charset=ALL-UNNAMED --add-opens=java.base/java.net=ALL-UNNAMED --add-opens=java.base/java.util.concurrent.atomic=ALL-UNNAMED --add-opens=java.xml/javax.xml.namespace=ALL-UNNAMED -Xmx1024m -Dfile.encoding=UTF-8 -Duser.country=US -Duser.language=en -Duser.variant -javaagent:C:\Users\LENOVO\.gradle\wrapper\dists\gradle-8.14-bin\38aieal9i53h9rfe7vjup95b9\gradle-8.14\lib\agents\gradle-instrumentation-agent-8.14.jar org.gradle.launcher.daemon.bootstrap.GradleDaemon 8.14

Host: AMD Ryzen 3 7320U with Radeon Graphics         , 8 cores, 5G,  Windows 11 , 64 bit Build 26100 (10.0.26100.9444)
Time: Sat Oct  3 10:14:11 2026 Nepal Standard Time elapsed time: 59.703946 seconds (0d 0h 0m 59s)

---------------  T H R E A D  ---------------

Current thread (0x00000226c0e81500):  JavaThread "C2 CompilerThread0" daemon [_thread_in_native, id=35016, stack(0x000000a742d00000,0x000000a742e00000) (1024K)]


Current CompileTask:
C2:59704 13685       4       java.lang.invoke.InvokerBytecodeGenerator::addMethod (725 bytes)

Stack: [0x000000a742d00000,0x000000a742e00000]
Native frames: (J=compiled Java code, j=interpreted, Vv=VM code, C=native code)
V  [jvm.dll+0x6d83e9]
V  [jvm.dll+0x8b5736]
V  [jvm.dll+0x8b7cee]
V  [jvm.dll+0x8b83d3]
V  [jvm.dll+0x284596]
V  [jvm.dll+0xc685d]
V  [jvm.dll+0xc6da1]
V  [jvm.dll+0x3bf151]
V  [jvm.dll+0x38b6d2]
V  [jvm.dll+0x38ab1a]
V  [jvm.dll+0x24c700]
V  [jvm.dll+0x24bce0]
V  [jvm.dll+0x1cb4ae]
V  [jvm.dll+0x25baad]
V  [jvm.dll+0x25a03a]
V  [jvm.dll+0x3f8aae]
V  [jvm.dll+0x8600cd]
V  [jvm.dll+0x6d6c1d]
C  [ucrtbase.dll+0x2cd30]
C  [KERNEL32.DLL+0x2cd87]
C  [ntdll.dll+0xacaec]


---------------  P R O C E S S  ---------------

Threads class SMR info:
_java_thread_list=0x000002270c35fe30, length=37, elements={
0x00000226a86a96b0, 0x00000226c0e79940, 0x00000226c0e7b0c0, 0x00000226c0e7bb20,
0x00000226c0e7e590, 0x00000226c0e7eff0, 0x00000226c0e80770, 0x00000226c0e81500,
0x00000226c0e8a250, 0x000002270611f910, 0x0000022706276fc0, 0x00000227071b35f0,
0x0000022707a12b60, 0x0000022707948310, 0x000002270638a050, 0x000002270621da50,
0x00000227062201b0, 0x000002270621e770, 0x000002270621e0e0, 0x000002270621ee00,
0x000002270824ea20, 0x000002270824d670, 0x000002270824cfe0, 0x000002270824f740,
0x0000022708251180, 0x00000227094e7fc0, 0x000002270b7303f0, 0x000002270b72fd60,
0x0000022708451540, 0x000002270844e750, 0x0000022708450190, 0x000002270844e0c0,
0x0000022708451bd0, 0x0000022708452260, 0x000002270844fb00, 0x000002270844ede0,
0x00000227084528f0
}

Java Threads: ( => current thread )
  0x00000226a86a96b0 JavaThread "main"                              [_thread_blocked, id=4876, stack(0x000000a741f00000,0x000000a742000000) (1024K)]
  0x00000226c0e79940 JavaThread "Reference Handler"          daemon [_thread_blocked, id=34896, stack(0x000000a742700000,0x000000a742800000) (1024K)]
  0x00000226c0e7b0c0 JavaThread "Finalizer"                  daemon [_thread_blocked, id=26024, stack(0x000000a742800000,0x000000a742900000) (1024K)]
  0x00000226c0e7bb20 JavaThread "Signal Dispatcher"          daemon [_thread_blocked, id=35480, stack(0x000000a742900000,0x000000a742a00000) (1024K)]
  0x00000226c0e7e590 JavaThread "Attach Listener"            daemon [_thread_blocked, id=34552, stack(0x000000a742a00000,0x000000a742b00000) (1024K)]
  0x00000226c0e7eff0 JavaThread "Service Thread"             daemon [_thread_in_vm, id=23448, stack(0x000000a742b00000,0x000000a742c00000) (1024K)]
  0x00000226c0e80770 JavaThread "Monitor Deflation Thread"   daemon [_thread_blocked, id=35264, stack(0x000000a742c00000,0x000000a742d00000) (1024K)]
=>0x00000226c0e81500 JavaThread "C2 CompilerThread0"         daemon [_thread_in_native, id=35016, stack(0x000000a742d00000,0x000000a742e00000) (1024K)]
  0x00000226c0e8a250 JavaThread "C1 CompilerThread0"         daemon [_thread_blocked, id=34904, stack(0x000000a742e00000,0x000000a742f00000) (1024K)]
  0x000002270611f910 JavaThread "Common-Cleaner"             daemon [_thread_blocked, id=34996, stack(0x000000a742f00000,0x000000a743000000) (1024K)]
  0x0000022706276fc0 JavaThread "Notification Thread"        daemon [_thread_blocked, id=34960, stack(0x000000a743000000,0x000000a743100000) (1024K)]
  0x00000227071b35f0 JavaThread "Daemon health stats"               [_thread_blocked, id=23060, stack(0x000000a743500000,0x000000a743600000) (1024K)]
  0x0000022707a12b60 JavaThread "Incoming local TCP Connector on port 1388"        [_thread_in_native, id=31640, stack(0x000000a743600000,0x000000a743700000) (1024K)]
  0x0000022707948310 JavaThread "Daemon periodic checks"            [_thread_blocked, id=11268, stack(0x000000a743700000,0x000000a743800000) (1024K)]
  0x000002270638a050 JavaThread "Daemon"                            [_thread_blocked, id=15356, stack(0x000000a743800000,0x000000a743900000) (1024K)]
  0x000002270621da50 JavaThread "Daemon worker"                     [_thread_in_vm, id=22440, stack(0x000000a743b00000,0x000000a743c00000) (1024K)]
  0x00000227062201b0 JavaThread "Cache worker for journal cache (C:\Users\LENOVO\.gradle\caches\journal-1)"        [_thread_blocked, id=16940, stack(0x000000a743f00000,0x000000a744000000) (1024K)]
  0x000002270621e770 JavaThread "File lock request listener"        [_thread_in_native, id=26712, stack(0x000000a744000000,0x000000a744100000) (1024K)]
  0x000002270621e0e0 JavaThread "Cache worker for file hash cache (C:\Users\LENOVO\.gradle\caches\8.14\fileHashes)"        [_thread_blocked, id=35236, stack(0x000000a744400000,0x000000a744500000) (1024K)]
  0x000002270621ee00 JavaThread "File lock release action executor"        [_thread_blocked, id=33184, stack(0x000000a744500000,0x000000a744600000) (1024K)]
  0x000002270824ea20 JavaThread "File watcher server"        daemon [_thread_in_native, id=31544, stack(0x000000a744900000,0x000000a744a00000) (1024K)]
  0x000002270824d670 JavaThread "File watcher consumer"      daemon [_thread_blocked, id=24060, stack(0x000000a744a00000,0x000000a744b00000) (1024K)]
  0x000002270824cfe0 JavaThread "jar transforms"                    [_thread_blocked, id=34144, stack(0x000000a744b00000,0x000000a744c00000) (1024K)]
  0x000002270824f740 JavaThread "jar transforms Thread 2"           [_thread_blocked, id=28632, stack(0x000000a744c00000,0x000000a744d00000) (1024K)]
  0x0000022708251180 JavaThread "Cache worker for file content cache (C:\Users\LENOVO\.gradle\caches\8.14\fileContent)"        [_thread_blocked, id=34596, stack(0x000000a744e00000,0x000000a744f00000) (1024K)]
  0x00000227094e7fc0 JavaThread "Memory manager"                    [_thread_blocked, id=34700, stack(0x000000a741d00000,0x000000a741e00000) (1024K)]
  0x000002270b7303f0 JavaThread "jar transforms Thread 3"           [_thread_blocked, id=34516, stack(0x000000a747a00000,0x000000a747b00000) (1024K)]
  0x000002270b72fd60 JavaThread "jar transforms Thread 4"           [_thread_blocked, id=8396, stack(0x000000a747b00000,0x000000a747c00000) (1024K)]
  0x0000022708451540 JavaThread "VFS cleanup"                       [_thread_blocked, id=23712, stack(0x000000a743c00000,0x000000a743d00000) (1024K)]
  0x000002270844e750 JavaThread "Handler for socket connection from /127.0.0.1:1388 to /127.0.0.1:1404"        [_thread_in_native, id=29520, stack(0x000000a743900000,0x000000a743a00000) (1024K)]
  0x0000022708450190 JavaThread "Cancel handler"                    [_thread_blocked, id=14520, stack(0x000000a743a00000,0x000000a743b00000) (1024K)]
  0x000002270844e0c0 JavaThread "Asynchronous log dispatcher for DefaultDaemonConnection: socket connection from /127.0.0.1:1388 to /127.0.0.1:1404"        [_thread_blocked, id=34004, stack(0x000000a743d00000,0x000000a743e00000) (1024K)]
  0x0000022708451bd0 JavaThread "Stdin handler"                     [_thread_blocked, id=33664, stack(0x000000a743e00000,0x000000a743f00000) (1024K)]
  0x0000022708452260 JavaThread "Daemon client event forwarder"        [_thread_blocked, id=7804, stack(0x000000a744700000,0x000000a744800000) (1024K)]
  0x000002270844fb00 JavaThread "Cache worker for file hash cache (C:\Users\LENOVO\Desktop\HeliBoard-main\.gradle\8.14\fileHashes)"        [_thread_blocked, id=27556, stack(0x000000a744800000,0x000000a744900000) (1024K)]
  0x000002270844ede0 JavaThread "Cache worker for checksums cache (C:\Users\LENOVO\Desktop\HeliBoard-main\.gradle\8.14\checksums)"        [_thread_blocked, id=33988, stack(0x000000a744d00000,0x000000a744e00000) (1024K)]
  0x00000227084528f0 JavaThread "Cache worker for Build Output Cleanup Cache (C:\Users\LENOVO\Desktop\HeliBoard-main\.gradle\buildOutputCleanup)"        [_thread_blocked, id=33584, stack(0x000000a744f00000,0x000000a745000000) (1024K)]
Total: 37

Other Threads:
  0x00000226c0e5a8a0 VMThread "VM Thread"                           [id=31128, stack(0x000000a742600000,0x000000a742700000) (1024K)]
  0x00000226c0e4ab80 WatcherThread "VM Periodic Task Thread"        [id=35344, stack(0x000000a742500000,0x000000a742600000) (1024K)]
  0x00000226aab881c0 WorkerThread "GC Thread#0"                     [id=35728, stack(0x000000a742000000,0x000000a742100000) (1024K)]
  0x00000227062bce70 WorkerThread "GC Thread#1"                     [id=34048, stack(0x000000a743100000,0x000000a743200000) (1024K)]
  0x00000227062bd220 WorkerThread "GC Thread#2"                     [id=34520, stack(0x000000a743200000,0x000000a743300000) (1024K)]
  0x0000022706c78300 WorkerThread "GC Thread#3"                     [id=34512, stack(0x000000a743300000,0x000000a743400000) (1024K)]
  0x0000022706c786b0 WorkerThread "GC Thread#4"                     [id=21664, stack(0x000000a743400000,0x000000a743500000) (1024K)]
  0x0000022707d832d0 WorkerThread "GC Thread#5"                     [id=25480, stack(0x000000a744100000,0x000000a744200000) (1024K)]
  0x0000022707d83680 WorkerThread "GC Thread#6"                     [id=34576, stack(0x000000a744200000,0x000000a744300000) (1024K)]
  0x0000022707d83a30 WorkerThread "GC Thread#7"                     [id=34976, stack(0x000000a744300000,0x000000a744400000) (1024K)]
  0x00000226aab91fd0 ConcurrentGCThread "G1 Main Marker"            [id=35776, stack(0x000000a742100000,0x000000a742200000) (1024K)]
  0x00000226aab928f0 WorkerThread "G1 Conc#0"                       [id=35136, stack(0x000000a742200000,0x000000a742300000) (1024K)]
  0x000002270964bdd0 WorkerThread "G1 Conc#1"                       [id=34140, stack(0x000000a744600000,0x000000a744700000) (1024K)]
  0x00000226c0d210a0 ConcurrentGCThread "G1 Refine#0"               [id=29500, stack(0x000000a742300000,0x000000a742400000) (1024K)]
  0x00000226aac05290 ConcurrentGCThread "G1 Service"                [id=14184, stack(0x000000a742400000,0x000000a742500000) (1024K)]
Total: 15

Threads with active compile tasks:
C2 CompilerThread0  59735 13685       4       java.lang.invoke.InvokerBytecodeGenerator::addMethod (725 bytes)
Total: 1

VM state: not at safepoint (normal execution)

VM Mutex/Monitor currently owned by a thread: None

Heap address: 0x00000000c0000000, size: 1024 MB, Compressed Oops mode: 32-bit

CDS archive(s) mapped at: [0x00000226c1000000-0x00000226c1ba0000-0x00000226c1ba0000), size 12189696, SharedBaseAddress: 0x00000226c1000000, ArchiveRelocationMode: 1.
Compressed class space mapped at: 0x00000226c2000000-0x0000022702000000, reserved size: 1073741824
Narrow klass base: 0x00000226c1000000, Narrow klass shift: 0, Narrow klass range: 0x100000000

GC Precious Log:
 CardTable entry size: 512
 Card Set container configuration: InlinePtr #cards 5 size 8 Array Of Cards #cards 12 size 40 Howl #buckets 4 coarsen threshold 1843 Howl Bitmap #cards 512 size 80 coarsen threshold 460 Card regions per heap region 1 cards per card region 2048
 CPUs: 8 total, 8 available
 Memory: 5965M
 Large Page Support: Disabled
 NUMA Support: Disabled
 Compressed Oops: Enabled (32-bit)
 Heap Region Size: 1M
 Heap Min Capacity: 8M
 Heap Initial Capacity: 94M
 Heap Max Capacity: 1G
 Pre-touch: Disabled
 Parallel Workers: 8
 Concurrent Workers: 2
 Concurrent Refinement Workers: 8
 Periodic GC: Disabled

Heap:
 garbage-first heap   total 183296K, used 112469K [0x00000000c0000000, 0x0000000100000000)
  region size 1024K, 5 young (5120K), 4 survivors (4096K)
 Metaspace       used 104174K, committed 106624K, reserved 1179648K
  class space    used 14713K, committed 15936K, reserved 1048576K

Heap Regions: E=young(eden), S=young(survivor), O=old, HS=humongous(starts), HC=humongous(continues), CS=collection set, F=free, TAMS=top-at-mark-start, PB=parsable bottom
|   0|0x00000000c0000000, 0x00000000c0100000, 0x00000000c0100000|100%|HS|  |TAMS 0x00000000c0000000| PB 0x00000000c0000000| Complete 
|   1|0x00000000c0100000, 0x00000000c0200000, 0x00000000c0200000|100%|HC|  |TAMS 0x00000000c0100000| PB 0x00000000c0100000| Complete 
|   2|0x00000000c0200000, 0x00000000c0300000, 0x00000000c0300000|100%|HC|  |TAMS 0x00000000c0200000| PB 0x00000000c0200000| Complete 
|   3|0x00000000c0300000, 0x00000000c0400000, 0x00000000c0400000|100%| O|  |TAMS 0x00000000c0300000| PB 0x00000000c0300000| Untracked 
|   4|0x00000000c0400000, 0x00000000c0500000, 0x00000000c0500000|100%| O|  |TAMS 0x00000000c0400000| PB 0x00000000c0400000| Untracked 
|   5|0x00000000c0500000, 0x00000000c0600000, 0x00000000c0600000|100%| O|  |TAMS 0x00000000c0500000| PB 0x00000000c0500000| Untracked 
|   6|0x00000000c0600000, 0x00000000c0700000, 0x00000000c0700000|100%|HS|  |TAMS 0x00000000c0600000| PB 0x00000000c0600000| Complete 
|   7|0x00000000c0700000, 0x00000000c0800000, 0x00000000c0800000|100%| O|  |TAMS 0x00000000c0700000| PB 0x00000000c0700000| Untracked 
|   8|0x00000000c0800000, 0x00000000c0900000, 0x00000000c0900000|100%| O|  |TAMS 0x00000000c0800000| PB 0x00000000c0800000| Untracked 
|   9|0x00000000c0900000, 0x00000000c0a00000, 0x00000000c0a00000|100%| O|  |TAMS 0x00000000c0900000| PB 0x00000000c0900000| Untracked 
|  10|0x00000000c0a00000, 0x00000000c0b00000, 0x00000000c0b00000|100%| O|  |TAMS 0x00000000c0a00000| PB 0x00000000c0a00000| Untracked 
|  11|0x00000000c0b00000, 0x00000000c0c00000, 0x00000000c0c00000|100%| O|  |TAMS 0x00000000c0b00000| PB 0x00000000c0b00000| Untracked 
|  12|0x00000000c0c00000, 0x00000000c0d00000, 0x00000000c0d00000|100%| O|  |TAMS 0x00000000c0c00000| PB 0x00000000c0c00000| Untracked 
|  13|0x00000000c0d00000, 0x00000000c0e00000, 0x00000000c0e00000|100%| O|  |TAMS 0x00000000c0d00000| PB 0x00000000c0d00000| Untracked 
|  14|0x00000000c0e00000, 0x00000000c0f00000, 0x00000000c0f00000|100%| O|  |TAMS 0x00000000c0e00000| PB 0x00000000c0e00000| Untracked 
|  15|0x00000000c0f00000, 0x00000000c1000000, 0x00000000c1000000|100%| O|  |TAMS 0x00000000c0f00000| PB 0x00000000c0f00000| Untracked 
|  16|0x00000000c1000000, 0x00000000c1100000, 0x00000000c1100000|100%| O|  |TAMS 0x00000000c1000000| PB 0x00000000c1000000| Untracked 
|  17|0x00000000c1100000, 0x00000000c1200000, 0x00000000c1200000|100%| O|  |TAMS 0x00000000c1100000| PB 0x00000000c1100000| Untracked 
|  18|0x00000000c1200000, 0x00000000c1300000, 0x00000000c1300000|100%| O|  |TAMS 0x00000000c1200000| PB 0x00000000c1200000| Untracked 
|  19|0x00000000c1300000, 0x00000000c1400000, 0x00000000c1400000|100%| O|  |TAMS 0x00000000c1300000| PB 0x00000000c1300000| Untracked 
|  20|0x00000000c1400000, 0x00000000c1500000, 0x00000000c1500000|100%| O|  |TAMS 0x00000000c1400000| PB 0x00000000c1400000| Untracked 
|  21|0x00000000c1500000, 0x00000000c1600000, 0x00000000c1600000|100%| O|  |TAMS 0x00000000c1500000| PB 0x00000000c1500000| Untracked 
|  22|0x00000000c1600000, 0x00000000c1700000, 0x00000000c1700000|100%| O|  |TAMS 0x00000000c1600000| PB 0x00000000c1600000| Untracked 
|  23|0x00000000c1700000, 0x00000000c1800000, 0x00000000c1800000|100%| O|  |TAMS 0x00000000c1700000| PB 0x00000000c1700000| Untracked 
|  24|0x00000000c1800000, 0x00000000c1900000, 0x00000000c1900000|100%| O|  |TAMS 0x00000000c1800000| PB 0x00000000c1800000| Untracked 
|  25|0x00000000c1900000, 0x00000000c1a00000, 0x00000000c1a00000|100%| O|  |TAMS 0x00000000c1900000| PB 0x00000000c1900000| Untracked 
|  26|0x00000000c1a00000, 0x00000000c1b00000, 0x00000000c1b00000|100%| O|  |TAMS 0x00000000c1a00000| PB 0x00000000c1a00000| Untracked 
|  27|0x00000000c1b00000, 0x00000000c1c00000, 0x00000000c1c00000|100%| O|  |TAMS 0x00000000c1b00000| PB 0x00000000c1b00000| Untracked 
|  28|0x00000000c1c00000, 0x00000000c1d00000, 0x00000000c1d00000|100%| O|  |TAMS 0x00000000c1c00000| PB 0x00000000c1c00000| Untracked 
|  29|0x00000000c1d00000, 0x00000000c1e00000, 0x00000000c1e00000|100%| O|  |TAMS 0x00000000c1d00000| PB 0x00000000c1d00000| Untracked 
|  30|0x00000000c1e00000, 0x00000000c1f00000, 0x00000000c1f00000|100%| O|  |TAMS 0x00000000c1e00000| PB 0x00000000c1e00000| Untracked 
|  31|0x00000000c1f00000, 0x00000000c2000000, 0x00000000c2000000|100%| O|  |TAMS 0x00000000c1f00000| PB 0x00000000c1f00000| Untracked 
|  32|0x00000000c2000000, 0x00000000c2100000, 0x00000000c2100000|100%| O|  |TAMS 0x00000000c2000000| PB 0x00000000c2000000| Untracked 
|  33|0x00000000c2100000, 0x00000000c2200000, 0x00000000c2200000|100%| O|  |TAMS 0x00000000c2100000| PB 0x00000000c2100000| Untracked 
|  34|0x00000000c2200000, 0x00000000c2300000, 0x00000000c2300000|100%| O|  |TAMS 0x00000000c2200000| PB 0x00000000c2200000| Untracked 
|  35|0x00000000c2300000, 0x00000000c2400000, 0x00000000c2400000|100%| O|  |TAMS 0x00000000c2300000| PB 0x00000000c2300000| Untracked 
|  36|0x00000000c2400000, 0x00000000c2500000, 0x00000000c2500000|100%| O|  |TAMS 0x00000000c2400000| PB 0x00000000c2400000| Untracked 
|  37|0x00000000c2500000, 0x00000000c2600000, 0x00000000c2600000|100%| O|  |TAMS 0x00000000c2500000| PB 0x00000000c2500000| Untracked 
|  38|0x00000000c2600000, 0x00000000c2700000, 0x00000000c2700000|100%| O|  |TAMS 0x00000000c2600000| PB 0x00000000c2600000| Untracked 
|  39|0x00000000c2700000, 0x00000000c2800000, 0x00000000c2800000|100%| O|  |TAMS 0x00000000c2700000| PB 0x00000000c2700000| Untracked 
|  40|0x00000000c2800000, 0x00000000c2900000, 0x00000000c2900000|100%| O|  |TAMS 0x00000000c2800000| PB 0x00000000c2800000| Untracked 
|  41|0x00000000c2900000, 0x00000000c2a00000, 0x00000000c2a00000|100%| O|  |TAMS 0x00000000c2900000| PB 0x00000000c2900000| Untracked 
|  42|0x00000000c2a00000, 0x00000000c2b00000, 0x00000000c2b00000|100%| O|  |TAMS 0x00000000c2a00000| PB 0x00000000c2a00000| Untracked 
|  43|0x00000000c2b00000, 0x00000000c2c00000, 0x00000000c2c00000|100%| O|  |TAMS 0x00000000c2b00000| PB 0x00000000c2b00000| Untracked 
|  44|0x00000000c2c00000, 0x00000000c2d00000, 0x00000000c2d00000|100%| O|  |TAMS 0x00000000c2c00000| PB 0x00000000c2c00000| Untracked 
|  45|0x00000000c2d00000, 0x00000000c2e00000, 0x00000000c2e00000|100%| O|  |TAMS 0x00000000c2d00000| PB 0x00000000c2d00000| Untracked 
|  46|0x00000000c2e00000, 0x00000000c2f00000, 0x00000000c2f00000|100%|HS|  |TAMS 0x00000000c2e00000| PB 0x00000000c2e00000| Complete 
|  47|0x00000000c2f00000, 0x00000000c3000000, 0x00000000c3000000|100%|HS|  |TAMS 0x00000000c2f00000| PB 0x00000000c2f00000| Complete 
|  48|0x00000000c3000000, 0x00000000c3100000, 0x00000000c3100000|100%|HC|  |TAMS 0x00000000c3000000| PB 0x00000000c3000000| Complete 
|  49|0x00000000c3100000, 0x00000000c3200000, 0x00000000c3200000|100%|HS|  |TAMS 0x00000000c3100000| PB 0x00000000c3100000| Complete 
|  50|0x00000000c3200000, 0x00000000c3300000, 0x00000000c3300000|100%|HS|  |TAMS 0x00000000c3200000| PB 0x00000000c3200000| Complete 
|  51|0x00000000c3300000, 0x00000000c3400000, 0x00000000c3400000|100%|HS|  |TAMS 0x00000000c3300000| PB 0x00000000c3300000| Complete 
|  52|0x00000000c3400000, 0x00000000c3500000, 0x00000000c3500000|100%|HS|  |TAMS 0x00000000c3400000| PB 0x00000000c3400000| Complete 
|  53|0x00000000c3500000, 0x00000000c3600000, 0x00000000c3600000|100%|HC|  |TAMS 0x00000000c3500000| PB 0x00000000c3500000| Complete 
|  54|0x00000000c3600000, 0x00000000c3700000, 0x00000000c3700000|100%|HS|  |TAMS 0x00000000c3600000| PB 0x00000000c3600000| Complete 
|  55|0x00000000c3700000, 0x00000000c3800000, 0x00000000c3800000|100%| O|Cm|TAMS 0x00000000c3700000| PB 0x00000000c3700000| Complete 
|  56|0x00000000c3800000, 0x00000000c3900000, 0x00000000c3900000|100%| O|  |TAMS 0x00000000c3800000| PB 0x00000000c3800000| Untracked 
|  57|0x00000000c3900000, 0x00000000c3a00000, 0x00000000c3a00000|100%| O|  |TAMS 0x00000000c3900000| PB 0x00000000c3900000| Untracked 
|  58|0x00000000c3a00000, 0x00000000c3b00000, 0x00000000c3b00000|100%| O|  |TAMS 0x00000000c3a00000| PB 0x00000000c3a00000| Untracked 
|  59|0x00000000c3b00000, 0x00000000c3c00000, 0x00000000c3c00000|100%|HS|  |TAMS 0x00000000c3b00000| PB 0x00000000c3b00000| Complete 
|  60|0x00000000c3c00000, 0x00000000c3d00000, 0x00000000c3d00000|100%| O|  |TAMS 0x00000000c3c00000| PB 0x00000000c3c00000| Untracked 
|  61|0x00000000c3d00000, 0x00000000c3e00000, 0x00000000c3e00000|100%| O|  |TAMS 0x00000000c3d00000| PB 0x00000000c3d00000| Untracked 
|  62|0x00000000c3e00000, 0x00000000c3f00000, 0x00000000c3f00000|100%| O|  |TAMS 0x00000000c3e00000| PB 0x00000000c3e00000| Untracked 
|  63|0x00000000c3f00000, 0x00000000c4000000, 0x00000000c4000000|100%| O|  |TAMS 0x00000000c3f00000| PB 0x00000000c3f00000| Untracked 
|  64|0x00000000c4000000, 0x00000000c4100000, 0x00000000c4100000|100%| O|  |TAMS 0x00000000c4000000| PB 0x00000000c4000000| Untracked 
|  65|0x00000000c4100000, 0x00000000c4200000, 0x00000000c4200000|100%| O|  |TAMS 0x00000000c4100000| PB 0x00000000c4100000| Untracked 
|  66|0x00000000c4200000, 0x00000000c4300000, 0x00000000c4300000|100%| O|  |TAMS 0x00000000c4200000| PB 0x00000000c4200000| Untracked 
|  67|0x00000000c4300000, 0x00000000c4400000, 0x00000000c4400000|100%|HS|  |TAMS 0x00000000c4300000| PB 0x00000000c4300000| Complete 
|  68|0x00000000c4400000, 0x00000000c4500000, 0x00000000c4500000|100%| O|  |TAMS 0x00000000c4400000| PB 0x00000000c4400000| Untracked 
|  69|0x00000000c4500000, 0x00000000c4600000, 0x00000000c4600000|100%| O|  |TAMS 0x00000000c4500000| PB 0x00000000c4500000| Untracked 
|  70|0x00000000c4600000, 0x00000000c4700000, 0x00000000c4700000|100%| O|  |TAMS 0x00000000c4600000| PB 0x00000000c4600000| Untracked 
|  71|0x00000000c4700000, 0x00000000c4800000, 0x00000000c4800000|100%| O|  |TAMS 0x00000000c4700000| PB 0x00000000c4700000| Untracked 
|  72|0x00000000c4800000, 0x00000000c4900000, 0x00000000c4900000|100%| O|  |TAMS 0x00000000c4800000| PB 0x00000000c4800000| Untracked 
|  73|0x00000000c4900000, 0x00000000c4a00000, 0x00000000c4a00000|100%| O|  |TAMS 0x00000000c4900000| PB 0x00000000c4900000| Untracked 
|  74|0x00000000c4a00000, 0x00000000c4b00000, 0x00000000c4b00000|100%| O|  |TAMS 0x00000000c4a00000| PB 0x00000000c4a00000| Untracked 
|  75|0x00000000c4b00000, 0x00000000c4c00000, 0x00000000c4c00000|100%| O|  |TAMS 0x00000000c4b00000| PB 0x00000000c4b00000| Untracked 
|  76|0x00000000c4c00000, 0x00000000c4d00000, 0x00000000c4d00000|100%| O|  |TAMS 0x00000000c4c00000| PB 0x00000000c4c00000| Untracked 
|  77|0x00000000c4d00000, 0x00000000c4e00000, 0x00000000c4e00000|100%| O|  |TAMS 0x00000000c4d00000| PB 0x00000000c4d00000| Untracked 
|  78|0x00000000c4e00000, 0x00000000c4f00000, 0x00000000c4f00000|100%| O|  |TAMS 0x00000000c4e00000| PB 0x00000000c4e00000| Untracked 
|  79|0x00000000c4f00000, 0x00000000c5000000, 0x00000000c5000000|100%| O|  |TAMS 0x00000000c4f00000| PB 0x00000000c4f00000| Untracked 
|  80|0x00000000c5000000, 0x00000000c5100000, 0x00000000c5100000|100%| O|  |TAMS 0x00000000c5000000| PB 0x00000000c5000000| Untracked 
|  81|0x00000000c5100000, 0x00000000c5200000, 0x00000000c5200000|100%| O|  |TAMS 0x00000000c5100000| PB 0x00000000c5100000| Untracked 
|  82|0x00000000c5200000, 0x00000000c5300000, 0x00000000c5300000|100%| O|  |TAMS 0x00000000c5200000| PB 0x00000000c5200000| Untracked 
|  83|0x00000000c5300000, 0x00000000c5400000, 0x00000000c5400000|100%| O|  |TAMS 0x00000000c5300000| PB 0x00000000c5300000| Untracked 
|  84|0x00000000c5400000, 0x00000000c5500000, 0x00000000c5500000|100%| O|  |TAMS 0x00000000c5400000| PB 0x00000000c5400000| Untracked 
|  85|0x00000000c5500000, 0x00000000c5600000, 0x00000000c5600000|100%|HS|  |TAMS 0x00000000c5500000| PB 0x00000000c5500000| Complete 
|  86|0x00000000c5600000, 0x00000000c5700000, 0x00000000c5700000|100%| O|  |TAMS 0x00000000c5600000| PB 0x00000000c5600000| Untracked 
|  87|0x00000000c5700000, 0x00000000c5800000, 0x00000000c5800000|100%| O|  |TAMS 0x00000000c5700000| PB 0x00000000c5700000| Untracked 
|  88|0x00000000c5800000, 0x00000000c5900000, 0x00000000c5900000|100%| O|  |TAMS 0x00000000c5800000| PB 0x00000000c5800000| Untracked 
|  89|0x00000000c5900000, 0x00000000c5a00000, 0x00000000c5a00000|100%| O|  |TAMS 0x00000000c5900000| PB 0x00000000c5900000| Untracked 
|  90|0x00000000c5a00000, 0x00000000c5b00000, 0x00000000c5b00000|100%| O|  |TAMS 0x00000000c5a00000| PB 0x00000000c5a00000| Untracked 
|  91|0x00000000c5b00000, 0x00000000c5c00000, 0x00000000c5c00000|100%| O|  |TAMS 0x00000000c5b00000| PB 0x00000000c5b00000| Untracked 
|  92|0x00000000c5c00000, 0x00000000c5d00000, 0x00000000c5d00000|100%| O|  |TAMS 0x00000000c5c00000| PB 0x00000000c5c00000| Untracked 
|  93|0x00000000c5d00000, 0x00000000c5e00000, 0x00000000c5e00000|100%| O|  |TAMS 0x00000000c5d00000| PB 0x00000000c5d00000| Untracked 
|  94|0x00000000c5e00000, 0x00000000c5f00000, 0x00000000c5f00000|100%| O|Cm|TAMS 0x00000000c5e00000| PB 0x00000000c5e00000| Complete 
|  95|0x00000000c5f00000, 0x00000000c6000000, 0x00000000c6000000|100%| O|Cm|TAMS 0x00000000c5f00000| PB 0x00000000c5f00000| Complete 
|  96|0x00000000c6000000, 0x00000000c6100000, 0x00000000c6100000|100%| O|  |TAMS 0x00000000c6000000| PB 0x00000000c6000000| Untracked 
|  97|0x00000000c6100000, 0x00000000c6200000, 0x00000000c6200000|100%| O|  |TAMS 0x00000000c6100000| PB 0x00000000c6100000| Untracked 
|  98|0x00000000c6200000, 0x00000000c6300000, 0x00000000c6300000|100%| O|  |TAMS 0x00000000c6200000| PB 0x00000000c6200000| Untracked 
|  99|0x00000000c6300000, 0x00000000c6400000, 0x00000000c6400000|100%| O|  |TAMS 0x00000000c6300000| PB 0x00000000c6300000| Untracked 
| 100|0x00000000c6400000, 0x00000000c6500000, 0x00000000c6500000|100%| O|  |TAMS 0x00000000c6400000| PB 0x00000000c6400000| Untracked 
| 101|0x00000000c6500000, 0x00000000c6600000, 0x00000000c6600000|100%| O|  |TAMS 0x00000000c6500000| PB 0x00000000c6500000| Untracked 
| 102|0x00000000c6600000, 0x00000000c6649520, 0x00000000c6700000| 28%| O|  |TAMS 0x00000000c6600000| PB 0x00000000c6600000| Untracked 
| 103|0x00000000c6700000, 0x00000000c6700000, 0x00000000c6800000|  0%| F|  |TAMS 0x00000000c6700000| PB 0x00000000c6700000| Untracked 
| 104|0x00000000c6800000, 0x00000000c6800000, 0x00000000c6900000|  0%| F|  |TAMS 0x00000000c6800000| PB 0x00000000c6800000| Untracked 
| 105|0x00000000c6900000, 0x00000000c6900000, 0x00000000c6a00000|  0%| F|  |TAMS 0x00000000c6900000| PB 0x00000000c6900000| Untracked 
| 106|0x00000000c6a00000, 0x00000000c6a00000, 0x00000000c6b00000|  0%| F|  |TAMS 0x00000000c6a00000| PB 0x00000000c6a00000| Untracked 
| 107|0x00000000c6b00000, 0x00000000c6b00000, 0x00000000c6c00000|  0%| F|  |TAMS 0x00000000c6b00000| PB 0x00000000c6b00000| Untracked 
| 108|0x00000000c6c00000, 0x00000000c6c00000, 0x00000000c6d00000|  0%| F|  |TAMS 0x00000000c6c00000| PB 0x00000000c6c00000| Untracked 
| 109|0x00000000c6d00000, 0x00000000c6d00000, 0x00000000c6e00000|  0%| F|  |TAMS 0x00000000c6d00000| PB 0x00000000c6d00000| Untracked 
| 110|0x00000000c6e00000, 0x00000000c6e00000, 0x00000000c6f00000|  0%| F|  |TAMS 0x00000000c6e00000| PB 0x00000000c6e00000| Untracked 
| 111|0x00000000c6f00000, 0x00000000c6f00000, 0x00000000c7000000|  0%| F|  |TAMS 0x00000000c6f00000| PB 0x00000000c6f00000| Untracked 
| 112|0x00000000c7000000, 0x00000000c7000000, 0x00000000c7100000|  0%| F|  |TAMS 0x00000000c7000000| PB 0x00000000c7000000| Untracked 
| 113|0x00000000c7100000, 0x00000000c7100000, 0x00000000c7200000|  0%| F|  |TAMS 0x00000000c7100000| PB 0x00000000c7100000| Untracked 
| 114|0x00000000c7200000, 0x00000000c7200000, 0x00000000c7300000|  0%| F|  |TAMS 0x00000000c7200000| PB 0x00000000c7200000| Untracked 
| 115|0x00000000c7300000, 0x00000000c7300000, 0x00000000c7400000|  0%| F|  |TAMS 0x00000000c7300000| PB 0x00000000c7300000| Untracked 
| 116|0x00000000c7400000, 0x00000000c7400000, 0x00000000c7500000|  0%| F|  |TAMS 0x00000000c7400000| PB 0x00000000c7400000| Untracked 
| 117|0x00000000c7500000, 0x00000000c7500000, 0x00000000c7600000|  0%| F|  |TAMS 0x00000000c7500000| PB 0x00000000c7500000| Untracked 
| 118|0x00000000c7600000, 0x00000000c7600000, 0x00000000c7700000|  0%| F|  |TAMS 0x00000000c7600000| PB 0x00000000c7600000| Untracked 
| 119|0x00000000c7700000, 0x00000000c7700000, 0x00000000c7800000|  0%| F|  |TAMS 0x00000000c7700000| PB 0x00000000c7700000| Untracked 
| 120|0x00000000c7800000, 0x00000000c7800000, 0x00000000c7900000|  0%| F|  |TAMS 0x00000000c7800000| PB 0x00000000c7800000| Untracked 
| 121|0x00000000c7900000, 0x00000000c7900000, 0x00000000c7a00000|  0%| F|  |TAMS 0x00000000c7900000| PB 0x00000000c7900000| Untracked 
| 122|0x00000000c7a00000, 0x00000000c7a00000, 0x00000000c7b00000|  0%| F|  |TAMS 0x00000000c7a00000| PB 0x00000000c7a00000| Untracked 
| 123|0x00000000c7b00000, 0x00000000c7b00000, 0x00000000c7c00000|  0%| F|  |TAMS 0x00000000c7b00000| PB 0x00000000c7b00000| Untracked 
| 124|0x00000000c7c00000, 0x00000000c7c00000, 0x00000000c7d00000|  0%| F|  |TAMS 0x00000000c7c00000| PB 0x00000000c7c00000| Untracked 
| 125|0x00000000c7d00000, 0x00000000c7d00000, 0x00000000c7e00000|  0%| F|  |TAMS 0x00000000c7d00000| PB 0x00000000c7d00000| Untracked 
| 126|0x00000000c7e00000, 0x00000000c7e00000, 0x00000000c7f00000|  0%| F|  |TAMS 0x00000000c7e00000| PB 0x00000000c7e00000| Untracked 
| 127|0x00000000c7f00000, 0x00000000c7f00000, 0x00000000c8000000|  0%| F|  |TAMS 0x00000000c7f00000| PB 0x00000000c7f00000| Untracked 
| 128|0x00000000c8000000, 0x00000000c808c140, 0x00000000c8100000| 54%| S|CS|TAMS 0x00000000c8000000| PB 0x00000000c8000000| Complete 
| 129|0x00000000c8100000, 0x00000000c8200000, 0x00000000c8200000|100%| S|CS|TAMS 0x00000000c8100000| PB 0x00000000c8100000| Complete 
| 130|0x00000000c8200000, 0x00000000c8300000, 0x00000000c8300000|100%| S|CS|TAMS 0x00000000c8200000| PB 0x00000000c8200000| Complete 
| 131|0x00000000c8300000, 0x00000000c8400000, 0x00000000c8400000|100%| S|CS|TAMS 0x00000000c8300000| PB 0x00000000c8300000| Complete 
| 132|0x00000000c8400000, 0x00000000c8400000, 0x00000000c8500000|  0%| F|  |TAMS 0x00000000c8400000| PB 0x00000000c8400000| Untracked 
| 133|0x00000000c8500000, 0x00000000c8500000, 0x00000000c8600000|  0%| F|  |TAMS 0x00000000c8500000| PB 0x00000000c8500000| Untracked 
| 134|0x00000000c8600000, 0x00000000c8600000, 0x00000000c8700000|  0%| F|  |TAMS 0x00000000c8600000| PB 0x00000000c8600000| Untracked 
| 135|0x00000000c8700000, 0x00000000c8700000, 0x00000000c8800000|  0%| F|  |TAMS 0x00000000c8700000| PB 0x00000000c8700000| Untracked 
| 136|0x00000000c8800000, 0x00000000c8800000, 0x00000000c8900000|  0%| F|  |TAMS 0x00000000c8800000| PB 0x00000000c8800000| Untracked 
| 137|0x00000000c8900000, 0x00000000c8900000, 0x00000000c8a00000|  0%| F|  |TAMS 0x00000000c8900000| PB 0x00000000c8900000| Untracked 
| 138|0x00000000c8a00000, 0x00000000c8a00000, 0x00000000c8b00000|  0%| F|  |TAMS 0x00000000c8a00000| PB 0x00000000c8a00000| Untracked 
| 139|0x00000000c8b00000, 0x00000000c8b00000, 0x00000000c8c00000|  0%| F|  |TAMS 0x00000000c8b00000| PB 0x00000000c8b00000| Untracked 
| 140|0x00000000c8c00000, 0x00000000c8c00000, 0x00000000c8d00000|  0%| F|  |TAMS 0x00000000c8c00000| PB 0x00000000c8c00000| Untracked 
| 141|0x00000000c8d00000, 0x00000000c8d00000, 0x00000000c8e00000|  0%| F|  |TAMS 0x00000000c8d00000| PB 0x00000000c8d00000| Untracked 
| 142|0x00000000c8e00000, 0x00000000c8e00000, 0x00000000c8f00000|  0%| F|  |TAMS 0x00000000c8e00000| PB 0x00000000c8e00000| Untracked 
| 143|0x00000000c8f00000, 0x00000000c8f00000, 0x00000000c9000000|  0%| F|  |TAMS 0x00000000c8f00000| PB 0x00000000c8f00000| Untracked 
| 144|0x00000000c9000000, 0x00000000c9000000, 0x00000000c9100000|  0%| F|  |TAMS 0x00000000c9000000| PB 0x00000000c9000000| Untracked 
| 145|0x00000000c9100000, 0x00000000c9100000, 0x00000000c9200000|  0%| F|  |TAMS 0x00000000c9100000| PB 0x00000000c9100000| Untracked 
| 146|0x00000000c9200000, 0x00000000c9200000, 0x00000000c9300000|  0%| F|  |TAMS 0x00000000c9200000| PB 0x00000000c9200000| Untracked 
| 147|0x00000000c9300000, 0x00000000c9300000, 0x00000000c9400000|  0%| F|  |TAMS 0x00000000c9300000| PB 0x00000000c9300000| Untracked 
| 148|0x00000000c9400000, 0x00000000c9400000, 0x00000000c9500000|  0%| F|  |TAMS 0x00000000c9400000| PB 0x00000000c9400000| Untracked 
| 149|0x00000000c9500000, 0x00000000c9500000, 0x00000000c9600000|  0%| F|  |TAMS 0x00000000c9500000| PB 0x00000000c9500000| Untracked 
| 150|0x00000000c9600000, 0x00000000c9600000, 0x00000000c9700000|  0%| F|  |TAMS 0x00000000c9600000| PB 0x00000000c9600000| Untracked 
| 151|0x00000000c9700000, 0x00000000c9700000, 0x00000000c9800000|  0%| F|  |TAMS 0x00000000c9700000| PB 0x00000000c9700000| Untracked 
| 152|0x00000000c9800000, 0x00000000c9800000, 0x00000000c9900000|  0%| F|  |TAMS 0x00000000c9800000| PB 0x00000000c9800000| Untracked 
| 153|0x00000000c9900000, 0x00000000c9900000, 0x00000000c9a00000|  0%| F|  |TAMS 0x00000000c9900000| PB 0x00000000c9900000| Untracked 
| 154|0x00000000c9a00000, 0x00000000c9a00000, 0x00000000c9b00000|  0%| F|  |TAMS 0x00000000c9a00000| PB 0x00000000c9a00000| Untracked 
| 155|0x00000000c9b00000, 0x00000000c9b00000, 0x00000000c9c00000|  0%| F|  |TAMS 0x00000000c9b00000| PB 0x00000000c9b00000| Untracked 
| 156|0x00000000c9c00000, 0x00000000c9c00000, 0x00000000c9d00000|  0%| F|  |TAMS 0x00000000c9c00000| PB 0x00000000c9c00000| Untracked 
| 157|0x00000000c9d00000, 0x00000000c9d00000, 0x00000000c9e00000|  0%| F|  |TAMS 0x00000000c9d00000| PB 0x00000000c9d00000| Untracked 
| 158|0x00000000c9e00000, 0x00000000c9e00000, 0x00000000c9f00000|  0%| F|  |TAMS 0x00000000c9e00000| PB 0x00000000c9e00000| Untracked 
| 159|0x00000000c9f00000, 0x00000000c9f00000, 0x00000000ca000000|  0%| F|  |TAMS 0x00000000c9f00000| PB 0x00000000c9f00000| Untracked 
| 160|0x00000000ca000000, 0x00000000ca000000, 0x00000000ca100000|  0%| F|  |TAMS 0x00000000ca000000| PB 0x00000000ca000000| Untracked 
| 161|0x00000000ca100000, 0x00000000ca100000, 0x00000000ca200000|  0%| F|  |TAMS 0x00000000ca100000| PB 0x00000000ca100000| Untracked 
| 162|0x00000000ca200000, 0x00000000ca200000, 0x00000000ca300000|  0%| F|  |TAMS 0x00000000ca200000| PB 0x00000000ca200000| Untracked 
| 163|0x00000000ca300000, 0x00000000ca300000, 0x00000000ca400000|  0%| F|  |TAMS 0x00000000ca300000| PB 0x00000000ca300000| Untracked 
| 164|0x00000000ca400000, 0x00000000ca400000, 0x00000000ca500000|  0%| F|  |TAMS 0x00000000ca400000| PB 0x00000000ca400000| Untracked 
| 165|0x00000000ca500000, 0x00000000ca500000, 0x00000000ca600000|  0%| F|  |TAMS 0x00000000ca500000| PB 0x00000000ca500000| Untracked 
| 166|0x00000000ca600000, 0x00000000ca600000, 0x00000000ca700000|  0%| F|  |TAMS 0x00000000ca600000| PB 0x00000000ca600000| Untracked 
| 167|0x00000000ca700000, 0x00000000ca700000, 0x00000000ca800000|  0%| F|  |TAMS 0x00000000ca700000| PB 0x00000000ca700000| Untracked 
| 168|0x00000000ca800000, 0x00000000ca800000, 0x00000000ca900000|  0%| F|  |TAMS 0x00000000ca800000| PB 0x00000000ca800000| Untracked 
| 169|0x00000000ca900000, 0x00000000ca900000, 0x00000000caa00000|  0%| F|  |TAMS 0x00000000ca900000| PB 0x00000000ca900000| Untracked 
| 170|0x00000000caa00000, 0x00000000caa00000, 0x00000000cab00000|  0%| F|  |TAMS 0x00000000caa00000| PB 0x00000000caa00000| Untracked 
| 171|0x00000000cab00000, 0x00000000cab00000, 0x00000000cac00000|  0%| F|  |TAMS 0x00000000cab00000| PB 0x00000000cab00000| Untracked 
|1017|0x00000000ff900000, 0x00000000ffa00000, 0x00000000ffa00000|100%| O|  |TAMS 0x00000000ff900000| PB 0x00000000ff900000| Untracked 
|1018|0x00000000ffa00000, 0x00000000ffa00000, 0x00000000ffb00000|  0%| F|  |TAMS 0x00000000ffa00000| PB 0x00000000ffa00000| Untracked 
|1019|0x00000000ffb00000, 0x00000000ffb00000, 0x00000000ffc00000|  0%| F|  |TAMS 0x00000000ffb00000| PB 0x00000000ffb00000| Untracked 
|1020|0x00000000ffc00000, 0x00000000ffd00000, 0x00000000ffd00000|100%| O|  |TAMS 0x00000000ffc00000| PB 0x00000000ffc00000| Untracked 
|1021|0x00000000ffd00000, 0x00000000ffde2eb0, 0x00000000ffe00000| 88%| E|  |TAMS 0x00000000ffd00000| PB 0x00000000ffd00000| Complete 
|1022|0x00000000ffe00000, 0x00000000fff00000, 0x00000000fff00000|100%| O|  |TAMS 0x00000000ffe00000| PB 0x00000000ffe00000| Untracked 
|1023|0x00000000fff00000, 0x0000000100000000, 0x0000000100000000|100%| O|  |TAMS 0x00000000fff00000| PB 0x00000000fff00000| Untracked 

Card table byte_map: [0x00000226bd280000,0x00000226bd480000] _byte_map_base: 0x00000226bcc80000

Marking Bits: (CMBitMap*) 0x00000226aab896f0
 Bits: [0x00000226bd480000, 0x00000226be480000)

Polling page: 0x00000226a8960000

Metaspace:

Usage:
  Non-class:     87.36 MB used.
      Class:     14.37 MB used.
       Both:    101.73 MB used.

Virtual space:
  Non-class space:      128.00 MB reserved,      88.56 MB ( 69%) committed,  2 nodes.
      Class space:        1.00 GB reserved,      15.56 MB (  2%) committed,  1 nodes.
             Both:        1.12 GB reserved,     104.12 MB (  9%) committed. 

Chunk freelists:
   Non-Class:  7.39 MB
       Class:  412.00 KB
        Both:  7.79 MB

MaxMetaspaceSize: unlimited
CompressedClassSpaceSize: 1.00 GB
Initial GC threshold: 21.00 MB
Current GC threshold: 168.38 MB
CDS: on
 - commit_granule_bytes: 65536.
 - commit_granule_words: 8192.
 - virtual_space_node_default_size: 8388608.
 - enlarge_chunks_in_place: 1.
 - use_allocation_guard: 0.


Internal statistics:

num_allocs_failed_limit: 6.
num_arena_births: 4462.
num_arena_deaths: 2.
num_vsnodes_births: 3.
num_vsnodes_deaths: 0.
num_space_committed: 1666.
num_space_uncommitted: 0.
num_chunks_returned_to_freelist: 8.
num_chunks_taken_from_freelist: 9456.
num_chunk_merges: 6.
num_chunk_splits: 6130.
num_chunks_enlarged: 3781.
num_inconsistent_stats: 0.

CodeHeap 'non-profiled nmethods': size=120000Kb used=6880Kb max_used=6880Kb free=113119Kb
 bounds [0x00000226b5820000, 0x00000226b5ee0000, 0x00000226bcd50000]
CodeHeap 'profiled nmethods': size=120000Kb used=22415Kb max_used=22415Kb free=97584Kb
 bounds [0x00000226add50000, 0x00000226af340000, 0x00000226b5280000]
CodeHeap 'non-nmethods': size=5760Kb used=2788Kb max_used=2822Kb free=2971Kb
 bounds [0x00000226b5280000, 0x00000226b5550000, 0x00000226b5820000]
CodeCache: size=245760Kb, used=32083Kb, max_used=32117Kb, free=213674Kb
 total_blobs=12680, nmethods=11643, adapters=940, full_count=0
Compilation: enabled, stopped_count=0, restarted_count=0

Compilation events (20 events):
Event: 59.494 Thread 0x00000226c0e8a250 13694   !   3       java.io.BufferedReader::read (59 bytes)
Event: 59.495 Thread 0x00000226c0e8a250 nmethod 13694 0x00000226af32c890 code [0x00000226af32cb20, 0x00000226af32d930]
Event: 59.495 Thread 0x00000226c0e8a250 13695       3       java.nio.charset.CharsetDecoder::reset (11 bytes)
Event: 59.495 Thread 0x00000226c0e8a250 nmethod 13695 0x00000226af32de10 code [0x00000226af32dfc0, 0x00000226af32e1a8]
Event: 59.540 Thread 0x00000226c0e8a250 13702       3       sun.security.provider.DigestBase::engineUpdate (176 bytes)
Event: 59.541 Thread 0x00000226c0e8a250 nmethod 13702 0x00000226af32e290 code [0x00000226af32e500, 0x00000226af32f100]
Event: 59.541 Thread 0x00000226c0e8a250 13703       3       sun.security.provider.ByteArrayAccess::i2bBig (33 bytes)
Event: 59.542 Thread 0x00000226c0e8a250 nmethod 13703 0x00000226af32f490 code [0x00000226af32f6a0, 0x00000226af32fda0]
Event: 59.542 Thread 0x00000226c0e8a250 13705       3       sun.security.provider.DigestBase::engineReset (33 bytes)
Event: 59.542 Thread 0x00000226c0e8a250 nmethod 13705 0x00000226af330110 code [0x00000226af3302e0, 0x00000226af330570]
Event: 59.542 Thread 0x00000226c0e8a250 13704       3       sun.security.provider.SHA2::resetHashes (19 bytes)
Event: 59.542 Thread 0x00000226c0e8a250 nmethod 13704 0x00000226af330610 code [0x00000226af3307c0, 0x00000226af330970]
Event: 59.542 Thread 0x00000226c0e8a250 13706       3       sun.security.provider.SHA2::implDigest (98 bytes)
Event: 59.544 Thread 0x00000226c0e8a250 nmethod 13706 0x00000226af330a10 code [0x00000226af330d20, 0x00000226af331e60]
Event: 59.544 Thread 0x00000226c0e8a250 13708       3       sun.security.provider.SHA2::implReset (20 bytes)
Event: 59.544 Thread 0x00000226c0e8a250 nmethod 13708 0x00000226af332510 code [0x00000226af3326c0, 0x00000226af332878]
Event: 59.544 Thread 0x00000226c0e8a250 13709       3       java.security.MessageDigest::digest (10 bytes)
Event: 59.544 Thread 0x00000226c0e8a250 nmethod 13709 0x00000226af332910 code [0x00000226af332b00, 0x00000226af333158]
Event: 59.590 Thread 0x00000226c0e8a250 13714   !   3       java.util.concurrent.locks.AbstractQueuedSynchronizer::acquire (424 bytes)
Event: 59.592 Thread 0x00000226c0e8a250 nmethod 13714 0x00000226af333390 code [0x00000226af333760, 0x00000226af3350c0]

GC Heap History (20 events):
Event: 40.953 GC heap before
{Heap before GC invocations=35 (full 0):
 garbage-first heap   total 133120K, used 120046K [0x00000000c0000000, 0x0000000100000000)
  region size 1024K, 43 young (44032K), 6 survivors (6144K)
 Metaspace       used 79974K, committed 82112K, reserved 1179648K
  class space    used 11165K, committed 12224K, reserved 1048576K
}
Event: 40.959 GC heap after
{Heap after GC invocations=36 (full 0):
 garbage-first heap   total 133120K, used 84922K [0x00000000c0000000, 0x0000000100000000)
  region size 1024K, 3 young (3072K), 3 survivors (3072K)
 Metaspace       used 79974K, committed 82112K, reserved 1179648K
  class space    used 11165K, committed 12224K, reserved 1048576K
}
Event: 42.197 GC heap before
{Heap before GC invocations=37 (full 0):
 garbage-first heap   total 143360K, used 121786K [0x00000000c0000000, 0x0000000100000000)
  region size 1024K, 39 young (39936K), 3 survivors (3072K)
 Metaspace       used 82874K, committed 85056K, reserved 1179648K
  class space    used 11619K, committed 12736K, reserved 1048576K
}
Event: 42.202 GC heap after
{Heap after GC invocations=38 (full 0):
 garbage-first heap   total 143360K, used 86022K [0x00000000c0000000, 0x0000000100000000)
  region size 1024K, 4 young (4096K), 4 survivors (4096K)
 Metaspace       used 82874K, committed 85056K, reserved 1179648K
  class space    used 11619K, committed 12736K, reserved 1048576K
}
Event: 44.081 GC heap before
{Heap before GC invocations=38 (full 0):
 garbage-first heap   total 143360K, used 131078K [0x00000000c0000000, 0x0000000100000000)
  region size 1024K, 48 young (49152K), 4 survivors (4096K)
 Metaspace       used 86630K, committed 88768K, reserved 1179648K
  class space    used 12246K, committed 13312K, reserved 1048576K
}
Event: 44.092 GC heap after
{Heap after GC invocations=39 (full 0):
 garbage-first heap   total 143360K, used 86576K [0x00000000c0000000, 0x0000000100000000)
  region size 1024K, 4 young (4096K), 4 survivors (4096K)
 Metaspace       used 86630K, committed 88768K, reserved 1179648K
  class space    used 12246K, committed 13312K, reserved 1048576K
}
Event: 45.832 GC heap before
{Heap before GC invocations=39 (full 0):
 garbage-first heap   total 143360K, used 131632K [0x00000000c0000000, 0x0000000100000000)
  region size 1024K, 48 young (49152K), 4 survivors (4096K)
 Metaspace       used 89170K, committed 91392K, reserved 1179648K
  class space    used 12564K, committed 13696K, reserved 1048576K
}
Event: 45.839 GC heap after
{Heap after GC invocations=40 (full 0):
 garbage-first heap   total 143360K, used 88550K [0x00000000c0000000, 0x0000000100000000)
  region size 1024K, 5 young (5120K), 5 survivors (5120K)
 Metaspace       used 89170K, committed 91392K, reserved 1179648K
  class space    used 12564K, committed 13696K, reserved 1048576K
}
Event: 48.326 GC heap before
{Heap before GC invocations=41 (full 0):
 garbage-first heap   total 148480K, used 133606K [0x00000000c0000000, 0x0000000100000000)
  region size 1024K, 49 young (50176K), 5 survivors (5120K)
 Metaspace       used 92123K, committed 94400K, reserved 1179648K
  class space    used 13001K, committed 14144K, reserved 1048576K
}
Event: 48.331 GC heap after
{Heap after GC invocations=42 (full 0):
 garbage-first heap   total 148480K, used 91729K [0x00000000c0000000, 0x0000000100000000)
  region size 1024K, 5 young (5120K), 5 survivors (5120K)
 Metaspace       used 92123K, committed 94400K, reserved 1179648K
  class space    used 13001K, committed 14144K, reserved 1048576K
}
Event: 50.209 GC heap before
{Heap before GC invocations=42 (full 0):
 garbage-first heap   total 148480K, used 137809K [0x00000000c0000000, 0x0000000100000000)
  region size 1024K, 50 young (51200K), 5 survivors (5120K)
 Metaspace       used 94700K, committed 97024K, reserved 1179648K
  class space    used 13402K, committed 14528K, reserved 1048576K
}
Event: 50.220 GC heap after
{Heap after GC invocations=43 (full 0):
 garbage-first heap   total 150528K, used 95499K [0x00000000c0000000, 0x0000000100000000)
  region size 1024K, 7 young (7168K), 7 survivors (7168K)
 Metaspace       used 94700K, committed 97024K, reserved 1179648K
  class space    used 13402K, committed 14528K, reserved 1048576K
}
Event: 50.350 GC heap before
{Heap before GC invocations=43 (full 0):
 garbage-first heap   total 150528K, used 97547K [0x00000000c0000000, 0x0000000100000000)
  region size 1024K, 10 young (10240K), 7 survivors (7168K)
 Metaspace       used 94820K, committed 97152K, reserved 1179648K
  class space    used 13418K, committed 14528K, reserved 1048576K
}
Event: 50.356 GC heap after
{Heap after GC invocations=44 (full 0):
 garbage-first heap   total 150528K, used 96884K [0x00000000c0000000, 0x0000000100000000)
  region size 1024K, 2 young (2048K), 2 survivors (2048K)
 Metaspace       used 94820K, committed 97152K, reserved 1179648K
  class space    used 13418K, committed 14528K, reserved 1048576K
}
Event: 52.259 GC heap before
{Heap before GC invocations=45 (full 0):
 garbage-first heap   total 165888K, used 136820K [0x00000000c0000000, 0x0000000100000000)
  region size 1024K, 40 young (40960K), 2 survivors (2048K)
 Metaspace       used 96778K, committed 99136K, reserved 1179648K
  class space    used 13692K, committed 14848K, reserved 1048576K
}
Event: 52.263 GC heap after
{Heap after GC invocations=46 (full 0):
 garbage-first heap   total 165888K, used 100255K [0x00000000c0000000, 0x0000000100000000)
  region size 1024K, 4 young (4096K), 4 survivors (4096K)
 Metaspace       used 96778K, committed 99136K, reserved 1179648K
  class space    used 13692K, committed 14848K, reserved 1048576K
}
Event: 54.390 GC heap before
{Heap before GC invocations=46 (full 0):
 garbage-first heap   total 165888K, used 149407K [0x00000000c0000000, 0x0000000100000000)
  region size 1024K, 52 young (53248K), 4 survivors (4096K)
 Metaspace       used 99033K, committed 101376K, reserved 1179648K
  class space    used 13980K, committed 15168K, reserved 1048576K
}
Event: 54.400 GC heap after
{Heap after GC invocations=47 (full 0):
 garbage-first heap   total 165888K, used 103905K [0x00000000c0000000, 0x0000000100000000)
  region size 1024K, 7 young (7168K), 7 survivors (7168K)
 Metaspace       used 99033K, committed 101376K, reserved 1179648K
  class space    used 13980K, committed 15168K, reserved 1048576K
}
Event: 55.981 GC heap before
{Heap before GC invocations=47 (full 0):
 garbage-first heap   total 165888K, used 151009K [0x00000000c0000000, 0x0000000100000000)
  region size 1024K, 53 young (54272K), 7 survivors (7168K)
 Metaspace       used 101074K, committed 103424K, reserved 1179648K
  class space    used 14253K, committed 15424K, reserved 1048576K
}
Event: 55.992 GC heap after
{Heap after GC invocations=48 (full 0):
 garbage-first heap   total 165888K, used 108991K [0x00000000c0000000, 0x0000000100000000)
  region size 1024K, 5 young (5120K), 5 survivors (5120K)
 Metaspace       used 101074K, committed 103424K, reserved 1179648K
  class space    used 14253K, committed 15424K, reserved 1048576K
}

Dll operation events (20 events):
Event: 0.361 Attempting to load shared library C:\Users\LENOVO\.antigravity-ide\extensions\redhat.java-1.56.0-win32-x64\jre\21.0.12.1-win32-x86_64\bin\nio.dll
Event: 0.363 Loaded shared library C:\Users\LENOVO\.antigravity-ide\extensions\redhat.java-1.56.0-win32-x64\jre\21.0.12.1-win32-x86_64\bin\nio.dll
Event: 0.368 Attempting to load shared library C:\Users\LENOVO\.antigravity-ide\extensions\redhat.java-1.56.0-win32-x64\jre\21.0.12.1-win32-x86_64\bin\zip.dll
Event: 0.368 Loaded shared library C:\Users\LENOVO\.antigravity-ide\extensions\redhat.java-1.56.0-win32-x64\jre\21.0.12.1-win32-x86_64\bin\zip.dll
Event: 1.015 Attempting to load shared library C:\Users\LENOVO\.antigravity-ide\extensions\redhat.java-1.56.0-win32-x64\jre\21.0.12.1-win32-x86_64\bin\jimage.dll
Event: 1.015 Loaded shared library C:\Users\LENOVO\.antigravity-ide\extensions\redhat.java-1.56.0-win32-x64\jre\21.0.12.1-win32-x86_64\bin\jimage.dll
Event: 1.605 Attempting to load shared library C:\Users\LENOVO\.antigravity-ide\extensions\redhat.java-1.56.0-win32-x64\jre\21.0.12.1-win32-x86_64\bin\verify.dll
Event: 1.607 Loaded shared library C:\Users\LENOVO\.antigravity-ide\extensions\redhat.java-1.56.0-win32-x64\jre\21.0.12.1-win32-x86_64\bin\verify.dll
Event: 1.808 Attempting to load shared library C:\Users\LENOVO\.gradle\native\1def1411415f61bf3af743bc5b6707747c0891f09f0c88961ee8f79bc544acac\windows-amd64\native-platform.dll
Event: 1.809 Loaded shared library C:\Users\LENOVO\.gradle\native\1def1411415f61bf3af743bc5b6707747c0891f09f0c88961ee8f79bc544acac\windows-amd64\native-platform.dll
Event: 1.831 Attempting to load shared library C:\Users\LENOVO\.gradle\native\0.2.7\x86_64-windows-gnu\gradle-fileevents.dll
Event: 1.833 Loaded shared library C:\Users\LENOVO\.gradle\native\0.2.7\x86_64-windows-gnu\gradle-fileevents.dll
Event: 4.751 Attempting to load shared library C:\Users\LENOVO\.antigravity-ide\extensions\redhat.java-1.56.0-win32-x64\jre\21.0.12.1-win32-x86_64\bin\management.dll
Event: 4.752 Loaded shared library C:\Users\LENOVO\.antigravity-ide\extensions\redhat.java-1.56.0-win32-x64\jre\21.0.12.1-win32-x86_64\bin\management.dll
Event: 4.759 Attempting to load shared library C:\Users\LENOVO\.antigravity-ide\extensions\redhat.java-1.56.0-win32-x64\jre\21.0.12.1-win32-x86_64\bin\management_ext.dll
Event: 4.761 Loaded shared library C:\Users\LENOVO\.antigravity-ide\extensions\redhat.java-1.56.0-win32-x64\jre\21.0.12.1-win32-x86_64\bin\management_ext.dll
Event: 5.243 Attempting to load shared library C:\Users\LENOVO\.antigravity-ide\extensions\redhat.java-1.56.0-win32-x64\jre\21.0.12.1-win32-x86_64\bin\extnet.dll
Event: 5.248 Loaded shared library C:\Users\LENOVO\.antigravity-ide\extensions\redhat.java-1.56.0-win32-x64\jre\21.0.12.1-win32-x86_64\bin\extnet.dll
Event: 5.925 Attempting to load shared library C:\Users\LENOVO\.antigravity-ide\extensions\redhat.java-1.56.0-win32-x64\jre\21.0.12.1-win32-x86_64\bin\sunmscapi.dll
Event: 5.945 Loaded shared library C:\Users\LENOVO\.antigravity-ide\extensions\redhat.java-1.56.0-win32-x64\jre\21.0.12.1-win32-x86_64\bin\sunmscapi.dll

Deoptimization events (20 events):
Event: 59.463 Thread 0x000002270621da50 DEOPT PACKING pc=0x00000226b5ccd25c sp=0x000000a743bfaa30
Event: 59.463 Thread 0x000002270621da50 DEOPT UNPACKING pc=0x00000226b52d4422 sp=0x000000a743bfa958 mode 2
Event: 59.475 Thread 0x000002270621da50 Uncommon trap: trap_request=0xffffff45 fr.pc=0x00000226b59f9a4c relative=0x000000000000030c
Event: 59.475 Thread 0x000002270621da50 Uncommon trap: reason=unstable_if action=reinterpret pc=0x00000226b59f9a4c method=java.lang.CharacterDataLatin1.equalsIgnoreCase(BB)Z @ 54 c2
Event: 59.475 Thread 0x000002270621da50 DEOPT PACKING pc=0x00000226b59f9a4c sp=0x000000a743bfac60
Event: 59.475 Thread 0x000002270621da50 DEOPT UNPACKING pc=0x00000226b52d4422 sp=0x000000a743bfaab8 mode 2
Event: 59.475 Thread 0x000002270621da50 Uncommon trap: trap_request=0xffffff45 fr.pc=0x00000226b5936538 relative=0x0000000000000198
Event: 59.475 Thread 0x000002270621da50 Uncommon trap: reason=unstable_if action=reinterpret pc=0x00000226b5936538 method=java.lang.CharacterDataLatin1.equalsIgnoreCase(BB)Z @ 54 c2
Event: 59.475 Thread 0x000002270621da50 DEOPT PACKING pc=0x00000226b5936538 sp=0x000000a743bfab10
Event: 59.475 Thread 0x000002270621da50 DEOPT UNPACKING pc=0x00000226b52d4422 sp=0x000000a743bfaa30 mode 2
Event: 59.494 Thread 0x000002270621da50 Uncommon trap: trap_request=0xffffff45 fr.pc=0x00000226b59130a0 relative=0x0000000000000080
Event: 59.494 Thread 0x000002270621da50 Uncommon trap: reason=unstable_if action=reinterpret pc=0x00000226b59130a0 method=java.lang.CharacterDataLatin1.equalsIgnoreCase(BB)Z @ 54 c2
Event: 59.494 Thread 0x000002270621da50 DEOPT PACKING pc=0x00000226b59130a0 sp=0x000000a743bfab20
Event: 59.494 Thread 0x000002270621da50 DEOPT UNPACKING pc=0x00000226b52d4422 sp=0x000000a743bfaab0 mode 2
Event: 59.500 Thread 0x000002270621da50 DEOPT PACKING pc=0x00000226ade88e84 sp=0x000000a743bfaec0
Event: 59.500 Thread 0x000002270621da50 DEOPT UNPACKING pc=0x00000226b52d4bc2 sp=0x000000a743bfa388 mode 0
Event: 59.505 Thread 0x000002270621da50 Uncommon trap: trap_request=0xffffff45 fr.pc=0x00000226b5cadcac relative=0x0000000000000a0c
Event: 59.505 Thread 0x000002270621da50 Uncommon trap: reason=unstable_if action=reinterpret pc=0x00000226b5cadcac method=sun.net.util.IPAddressUtil.scan(Ljava/lang/String;JJ[C)I @ 14 c2
Event: 59.505 Thread 0x000002270621da50 DEOPT PACKING pc=0x00000226b5cadcac sp=0x000000a743bfab60
Event: 59.505 Thread 0x000002270621da50 DEOPT UNPACKING pc=0x00000226b52d4422 sp=0x000000a743bfa958 mode 2

Classes loaded (20 events):
Event: 59.535 Loading class javax/crypto/SecretKeyFactorySpi done
Event: 59.535 Loading class com/sun/crypto/provider/PBEKeyFactory done
Event: 59.535 Loading class com/sun/crypto/provider/PBEKeyFactory$PBEWithMD5AndDES done
Event: 59.535 Loading class com/sun/crypto/provider/PBEKey
Event: 59.536 Loading class com/sun/crypto/provider/PBEKey done
Event: 59.536 Loading class com/sun/crypto/provider/HmacPKCS12PBECore$HmacPKCS12PBE_SHA256
Event: 59.536 Loading class com/sun/crypto/provider/HmacPKCS12PBECore
Event: 59.537 Loading class com/sun/crypto/provider/HmacCore
Event: 59.537 Loading class javax/crypto/MacSpi
Event: 59.537 Loading class javax/crypto/MacSpi done
Event: 59.537 Loading class com/sun/crypto/provider/HmacCore done
Event: 59.537 Loading class com/sun/crypto/provider/HmacPKCS12PBECore done
Event: 59.537 Loading class com/sun/crypto/provider/HmacPKCS12PBECore$HmacPKCS12PBE_SHA256 done
Event: 59.537 Loading class sun/security/util/PBEUtil
Event: 59.539 Loading class sun/security/util/PBEUtil done
Event: 59.539 Loading class javax/crypto/interfaces/PBEKey
Event: 59.539 Loading class javax/crypto/interfaces/PBEKey done
Event: 59.539 Loading class com/sun/crypto/provider/PKCS12PBECipherCore
Event: 59.540 Loading class com/sun/crypto/provider/PKCS12PBECipherCore done
Event: 59.632 Loading class javax/crypto/spec/SecretKeySpec

Classes unloaded (1 events):
Event: 33.683 Thread 0x00000226c0e5a8a0 Unloading class 0x00000226c289cc00 'java/lang/invoke/LambdaForm$DMH+0x00000226c289cc00'

Classes redefined (0 events):
No events

Internal exceptions (20 events):
Event: 57.323 Thread 0x000002270621da50 Implicit null exception at 0x00000226b5d6804c to 0x00000226b5d68608
Event: 57.385 Thread 0x000002270621da50 Exception <a 'sun/nio/fs/WindowsException'{0x00000000c94416d0}> (0x00000000c94416d0) 
thrown [s\src\hotspot\share\prims\jni.cpp, line 520]
Event: 57.506 Thread 0x000002270621da50 Exception <a 'java/lang/IncompatibleClassChangeError'{0x00000000c925fed8}: Found class java.lang.Object, but interface was expected> (0x00000000c925fed8) 
thrown [s\src\hotspot\share\interpreter\linkResolver.cpp, line 840]
Event: 57.560 Thread 0x000002270621da50 Implicit null exception at 0x00000226b5a7043d to 0x00000226b5a7049c
Event: 57.561 Thread 0x000002270621da50 Exception <a 'java/lang/IncompatibleClassChangeError'{0x00000000c92b0a38}: Found class java.lang.Object, but interface was expected> (0x00000000c92b0a38) 
thrown [s\src\hotspot\share\interpreter\linkResolver.cpp, line 840]
Event: 57.582 Thread 0x000002270621da50 Implicit null exception at 0x00000226b5dffd7a to 0x00000226b5e00af4
Event: 57.584 Thread 0x000002270621da50 Implicit null exception at 0x00000226b5db9dfe to 0x00000226b5dbc640
Event: 57.701 Thread 0x000002270638a050 Exception <a 'java/lang/NoSuchMethodError'{0x00000000c8e3c040}: static Lorg/gradle/tooling/internal/provider/serialization/ClassLoaderDetails;.<clinit>()V> (0x00000000c8e3c040) 
thrown [s\src\hotspot\share\prims\jni.cpp, line 1111]
Event: 57.716 Thread 0x000002270638a050 Exception <a 'java/lang/NoSuchMethodError'{0x00000000c8e59cf0}: static Lorg/gradle/tooling/internal/provider/serialization/WellKnownClassLoaderRegistry$KnownClassLoaderSpec;.<clinit>()V> (0x00000000c8e59cf0) 
thrown [s\src\hotspot\share\prims\jni.cpp, line 1111]
Event: 57.717 Thread 0x000002270638a050 Exception <a 'java/lang/NoSuchMethodError'{0x00000000c8e5b538}: static Lorg/gradle/internal/classloader/ClassLoaderSpec;.<clinit>()V> (0x00000000c8e5b538) 
thrown [s\src\hotspot\share\prims\jni.cpp, line 1111]
Event: 57.752 Thread 0x000002270638a050 Exception <a 'java/lang/NoSuchMethodError'{0x00000000c8e70170}: static Lorg/gradle/internal/classloader/ClassLoaderSpec;.<clinit>()V> (0x00000000c8e70170) 
thrown [s\src\hotspot\share\prims\jni.cpp, line 1111]
Event: 57.754 Thread 0x000002270638a050 Exception <a 'java/lang/NoSuchMethodError'{0x00000000c8e7c4e8}: static Lorg/gradle/internal/classloader/VisitableURLClassLoader$Spec;.<clinit>()V> (0x00000000c8e7c4e8) 
thrown [s\src\hotspot\share\prims\jni.cpp, line 1111]
Event: 57.838 Thread 0x000002270638a050 Exception <a 'java/lang/NoSuchMethodError'{0x00000000c8e9d920}: static [Ljava/net/URL;.<clinit>()V> (0x00000000c8e9d920) 
thrown [s\src\hotspot\share\prims\jni.cpp, line 1111]
Event: 58.792 Thread 0x000002270621da50 Implicit null exception at 0x00000226b5e01ad0 to 0x00000226b5e02e9c
Event: 59.074 Thread 0x000002270621da50 Exception <a 'java/lang/NoSuchMethodError'{0x00000000c88ae770}: 'java.lang.Object java.lang.invoke.DirectMethodHandle$Holder.newInvokeSpecial(java.lang.Object, java.lang.Object, java.lang.Object, java.lang.Object, java.lang.Object, java.lang.Object, java.lang.Object, java.lang.Object, java.lang.Object, java.lang.Object, java.lang.Object, java.lang.Object, java.lang.Object, java.lang.Object, java.lang.Object, java.lang.Object, java.lang.Object, java.lang.Object, java.lang.Object, java.lang.Object, java.lang
Event: 59.075 Thread 0x000002270621da50 Exception <a 'java/lang/NoSuchMethodError'{0x00000000c88b5110}: 'java.lang.Object java.lang.invoke.DirectMethodHandle$Holder.invokeSpecial(java.lang.Object, java.lang.Object, java.lang.Object, java.lang.Object, java.lang.Object, java.lang.Object, java.lang.Object, java.lang.Object, java.lang.Object, java.lang.Object, java.lang.Object, java.lang.Object, java.lang.Object, java.lang.Object, java.lang.Object, java.lang.Object, java.lang.Object, java.lang.Object, java.lang.Object, java.lang.Object, java.lang.Ob
Event: 59.076 Thread 0x000002270621da50 Exception <a 'java/lang/NoSuchMethodError'{0x00000000c88ba8f0}: 'java.lang.Object java.lang.invoke.DelegatingMethodHandle$Holder.reinvoke_L(java.lang.Object, java.lang.Object, java.lang.Object, java.lang.Object, java.lang.Object, java.lang.Object, java.lang.Object, java.lang.Object, java.lang.Object, java.lang.Object, java.lang.Object, java.lang.Object, java.lang.Object, java.lang.Object, java.lang.Object, java.lang.Object, java.lang.Object, java.lang.Object, java.lang.Object, java.lang.Object, java.lang.O
Event: 59.461 Thread 0x000002270621da50 Exception <a 'sun/nio/fs/WindowsException'{0x00000000c8420610}> (0x00000000c8420610) 
thrown [s\src\hotspot\share\prims\jni.cpp, line 520]
Event: 59.508 Thread 0x000002270621da50 Exception <a 'java/lang/NoSuchMethodError'{0x00000000c8447bf0}: 'java.lang.Object java.lang.invoke.DirectMethodHandle$Holder.newInvokeSpecial(java.lang.Object, java.lang.Object, java.lang.Object, java.lang.Object, java.lang.Object, int, java.lang.Object)'> (0x00000000c8447bf0) 
thrown [s\src\hotspot\share\interpreter\linkResolver.cpp, line 773]
Event: 59.509 Thread 0x000002270621da50 Exception <a 'java/lang/NoSuchMethodError'{0x00000000c844fe30}: 'java.lang.Object java.lang.invoke.Invokers$Holder.linkToTargetMethod(java.lang.Object, java.lang.Object, java.lang.Object, java.lang.Object, int, java.lang.Object, java.lang.Object)'> (0x00000000c844fe30) 
thrown [s\src\hotspot\share\interpreter\linkResolver.cpp, line 773]

ZGC Phase Switch (0 events):
No events

VM Operations (20 events):
Event: 55.981 Executing safepoint VM operation: G1CollectForAllocation (G1 Evacuation Pause)
Event: 55.992 Executing safepoint VM operation: G1CollectForAllocation (G1 Evacuation Pause) done
Event: 56.095 Executing safepoint VM operation: G1PauseRemark
Event: 56.102 Executing safepoint VM operation: G1PauseRemark done
Event: 56.139 Executing safepoint VM operation: G1PauseCleanup
Event: 56.140 Executing safepoint VM operation: G1PauseCleanup done
Event: 57.147 Executing safepoint VM operation: Cleanup
Event: 57.148 Executing safepoint VM operation: Cleanup done
Event: 58.158 Executing safepoint VM operation: Cleanup
Event: 58.158 Executing safepoint VM operation: Cleanup done
Event: 59.169 Executing safepoint VM operation: Cleanup
Event: 59.185 Executing safepoint VM operation: Cleanup done
Event: 59.388 Executing non-safepoint VM operation: HandshakeAllThreads (Deoptimize)
Event: 59.389 Executing non-safepoint VM operation: HandshakeAllThreads (Deoptimize) done
Event: 59.466 Executing non-safepoint VM operation: HandshakeAllThreads (Deoptimize)
Event: 59.466 Executing non-safepoint VM operation: HandshakeAllThreads (Deoptimize) done
Event: 59.498 Executing non-safepoint VM operation: HandshakeAllThreads (Deoptimize)
Event: 59.498 Executing non-safepoint VM operation: HandshakeAllThreads (Deoptimize) done
Event: 59.504 Executing non-safepoint VM operation: HandshakeAllThreads (Deoptimize)
Event: 59.504 Executing non-safepoint VM operation: HandshakeAllThreads (Deoptimize) done

Memory protections (0 events):
No events

Nmethod flushes (20 events):
Event: 56.100 Thread 0x00000226c0e5a8a0 flushing  nmethod 0x00000226aebc6a90
Event: 56.100 Thread 0x00000226c0e5a8a0 flushing  nmethod 0x00000226aede6390
Event: 56.100 Thread 0x00000226c0e5a8a0 flushing  nmethod 0x00000226b5d3bb10
Event: 56.100 Thread 0x00000226c0e5a8a0 flushing  nmethod 0x00000226b5d3e210
Event: 56.100 Thread 0x00000226c0e5a8a0 flushing  nmethod 0x00000226adde0390
Event: 56.100 Thread 0x00000226c0e5a8a0 flushing  nmethod 0x00000226ade1eb90
Event: 56.100 Thread 0x00000226c0e5a8a0 flushing  nmethod 0x00000226ae1ede90
Event: 56.100 Thread 0x00000226c0e5a8a0 flushing  nmethod 0x00000226ae333610
Event: 56.100 Thread 0x00000226c0e5a8a0 flushing  nmethod 0x00000226ae3f8d90
Event: 56.100 Thread 0x00000226c0e5a8a0 flushing  nmethod 0x00000226ae3f9190
Event: 56.100 Thread 0x00000226c0e5a8a0 flushing  nmethod 0x00000226ae459310
Event: 56.100 Thread 0x00000226c0e5a8a0 flushing  nmethod 0x00000226ae459f10
Event: 56.100 Thread 0x00000226c0e5a8a0 flushing  nmethod 0x00000226ae45b490
Event: 56.100 Thread 0x00000226c0e5a8a0 flushing  nmethod 0x00000226ae45e590
Event: 56.100 Thread 0x00000226c0e5a8a0 flushing  nmethod 0x00000226ae45ea90
Event: 56.100 Thread 0x00000226c0e5a8a0 flushing  nmethod 0x00000226ae4ab010
Event: 56.100 Thread 0x00000226c0e5a8a0 flushing  nmethod 0x00000226ae5b7910
Event: 56.100 Thread 0x00000226c0e5a8a0 flushing  nmethod 0x00000226ae764e10
Event: 56.100 Thread 0x00000226c0e5a8a0 flushing  nmethod 0x00000226ae767f10
Event: 56.100 Thread 0x00000226c0e5a8a0 flushing  nmethod 0x00000226af019a90

Events (20 events):
Event: 57.600 Thread 0x00000227094e5ef0 Thread exited: 0x00000227094e5ef0
Event: 57.600 Thread 0x00000227094e23e0 Thread exited: 0x00000227094e23e0
Event: 57.601 Thread 0x00000227094e4b40 Thread exited: 0x00000227094e4b40
Event: 57.601 Thread 0x0000022708253250 Thread exited: 0x0000022708253250
Event: 57.611 Thread 0x00000227094e51d0 Thread exited: 0x00000227094e51d0
Event: 57.611 Thread 0x00000227094e7930 Thread exited: 0x00000227094e7930
Event: 57.623 Thread 0x000002270621fb20 Thread exited: 0x000002270621fb20
Event: 57.630 Thread 0x0000022706220ed0 Thread exited: 0x0000022706220ed0
Event: 57.646 Thread 0x0000022706220840 Thread exited: 0x0000022706220840
Event: 57.845 Thread 0x000002270638a050 Thread added: 0x0000022708451540
Event: 57.847 Thread 0x0000022706fb1f90 Thread exited: 0x0000022706fb1f90
Event: 57.937 Thread 0x0000022707abad50 Thread exited: 0x0000022707abad50
Event: 58.705 Thread 0x000002270638a050 Thread added: 0x000002270844e750
Event: 58.741 Thread 0x000002270638a050 Thread added: 0x0000022708450190
Event: 58.774 Thread 0x000002270621da50 Thread added: 0x000002270844e0c0
Event: 58.779 Thread 0x000002270621da50 Thread added: 0x0000022708451bd0
Event: 58.780 Thread 0x000002270621da50 Thread added: 0x0000022708452260
Event: 58.959 Thread 0x000002270621da50 Thread added: 0x000002270844fb00
Event: 58.969 Thread 0x000002270621da50 Thread added: 0x000002270844ede0
Event: 59.166 Thread 0x000002270621da50 Thread added: 0x00000227084528f0


Dynamic libraries:
0x00007ff68b060000 - 0x00007ff68b06e000 	C:\Users\LENOVO\.antigravity-ide\extensions\redhat.java-1.56.0-win32-x64\jre\21.0.12.1-win32-x86_64\bin\java.exe
0x00007ffba7f40000 - 0x00007ffba81a7000 	C:\WINDOWS\SYSTEM32\ntdll.dll
0x00007ffba6070000 - 0x00007ffba613b000 	C:\WINDOWS\System32\KERNEL32.DLL
0x00007ffba5490000 - 0x00007ffba5892000 	C:\WINDOWS\System32\KERNELBASE.dll
0x00007ffba5140000 - 0x00007ffba528c000 	C:\WINDOWS\System32\ucrtbase.dll
0x00007ffb98210000 - 0x00007ffb98228000 	C:\Users\LENOVO\.antigravity-ide\extensions\redhat.java-1.56.0-win32-x64\jre\21.0.12.1-win32-x86_64\bin\jli.dll
0x00007ffba5e00000 - 0x00007ffba5fcf000 	C:\WINDOWS\System32\USER32.dll
0x00007ffba59e0000 - 0x00007ffba5a07000 	C:\WINDOWS\System32\win32u.dll
0x00007ffba5d80000 - 0x00007ffba5dab000 	C:\WINDOWS\System32\GDI32.dll
0x00007ffba52a0000 - 0x00007ffba53c9000 	C:\WINDOWS\System32\gdi32full.dll
0x00007ffba5930000 - 0x00007ffba59d3000 	C:\WINDOWS\System32\msvcp_win.dll
0x00007ffb97910000 - 0x00007ffb9792e000 	C:\Users\LENOVO\.antigravity-ide\extensions\redhat.java-1.56.0-win32-x64\jre\21.0.12.1-win32-x86_64\bin\VCRUNTIME140.dll
0x00007ffb8ec40000 - 0x00007ffb8eed0000 	C:\WINDOWS\WinSxS\amd64_microsoft.windows.common-controls_6595b64144ccf1df_6.0.26100.9278_none_3e0d1ba8e3303201\COMCTL32.dll
0x00007ffba6840000 - 0x00007ffba68e9000 	C:\WINDOWS\System32\msvcrt.dll
0x00007ffba5dc0000 - 0x00007ffba5df1000 	C:\WINDOWS\System32\IMM32.DLL
0x00007ffb98200000 - 0x00007ffb9820c000 	C:\Users\LENOVO\.antigravity-ide\extensions\redhat.java-1.56.0-win32-x64\jre\21.0.12.1-win32-x86_64\bin\vcruntime140_1.dll
0x00007ffb763b0000 - 0x00007ffb7643d000 	C:\Users\LENOVO\.antigravity-ide\extensions\redhat.java-1.56.0-win32-x64\jre\21.0.12.1-win32-x86_64\bin\msvcp140.dll
0x00007ffb366c0000 - 0x00007ffb37462000 	C:\Users\LENOVO\.antigravity-ide\extensions\redhat.java-1.56.0-win32-x64\jre\21.0.12.1-win32-x86_64\bin\server\jvm.dll
0x00007ffba66f0000 - 0x00007ffba67ac000 	C:\WINDOWS\System32\ADVAPI32.dll
0x00007ffba7e30000 - 0x00007ffba7ed9000 	C:\WINDOWS\System32\sechost.dll
0x00007ffba5c60000 - 0x00007ffba5d78000 	C:\WINDOWS\System32\RPCRT4.dll
0x00007ffba7090000 - 0x00007ffba7110000 	C:\WINDOWS\System32\WS2_32.dll
0x00007ffba4f90000 - 0x00007ffba4fee000 	C:\WINDOWS\SYSTEM32\POWRPROF.dll
0x00007ffb983b0000 - 0x00007ffb983e6000 	C:\WINDOWS\SYSTEM32\WINMM.dll
0x00007ffb93ff0000 - 0x00007ffb93ffb000 	C:\WINDOWS\SYSTEM32\VERSION.dll
0x00007ffba4f70000 - 0x00007ffba4f85000 	C:\WINDOWS\SYSTEM32\UMPDC.dll
0x00007ffba3dd0000 - 0x00007ffba3deb000 	C:\WINDOWS\SYSTEM32\kernel.appcore.dll
0x00007ffb97640000 - 0x00007ffb9764a000 	C:\Users\LENOVO\.antigravity-ide\extensions\redhat.java-1.56.0-win32-x64\jre\21.0.12.1-win32-x86_64\bin\jimage.dll
0x00007ffba2480000 - 0x00007ffba26cc000 	C:\WINDOWS\SYSTEM32\DBGHELP.DLL
0x00007ffba7950000 - 0x00007ffba7cd5000 	C:\WINDOWS\System32\combase.dll
0x00007ffba62c0000 - 0x00007ffba6399000 	C:\WINDOWS\System32\OLEAUT32.dll
0x00007ffb8c4f0000 - 0x00007ffb8c52b000 	C:\WINDOWS\SYSTEM32\dbgcore.DLL
0x00007ffba5a10000 - 0x00007ffba5abc000 	C:\WINDOWS\System32\bcryptPrimitives.dll
0x00007ffb87510000 - 0x00007ffb8751f000 	C:\Users\LENOVO\.antigravity-ide\extensions\redhat.java-1.56.0-win32-x64\jre\21.0.12.1-win32-x86_64\bin\instrument.dll
0x00007ffb77ba0000 - 0x00007ffb77bc0000 	C:\Users\LENOVO\.antigravity-ide\extensions\redhat.java-1.56.0-win32-x64\jre\21.0.12.1-win32-x86_64\bin\java.dll
0x00007ffba68f0000 - 0x00007ffba7088000 	C:\WINDOWS\System32\SHELL32.dll
0x00007ffba2b60000 - 0x00007ffba340e000 	C:\WINDOWS\SYSTEM32\windows.storage.dll
0x00007ffba7d30000 - 0x00007ffba7e2b000 	C:\WINDOWS\System32\SHCORE.dll
0x00007ffba67d0000 - 0x00007ffba6836000 	C:\WINDOWS\System32\shlwapi.dll
0x00007ffba5060000 - 0x00007ffba5089000 	C:\WINDOWS\SYSTEM32\profapi.dll
0x00007ffb77b80000 - 0x00007ffb77b98000 	C:\Users\LENOVO\.antigravity-ide\extensions\redhat.java-1.56.0-win32-x64\jre\21.0.12.1-win32-x86_64\bin\zip.dll
0x00007ffb97630000 - 0x00007ffb97640000 	C:\Users\LENOVO\.antigravity-ide\extensions\redhat.java-1.56.0-win32-x64\jre\21.0.12.1-win32-x86_64\bin\net.dll
0x00007ffb9d7d0000 - 0x00007ffb9d8fa000 	C:\WINDOWS\SYSTEM32\WINHTTP.dll
0x00007ffba4370000 - 0x00007ffba43dc000 	C:\WINDOWS\system32\mswsock.dll
0x00007ffb759a0000 - 0x00007ffb759b6000 	C:\Users\LENOVO\.antigravity-ide\extensions\redhat.java-1.56.0-win32-x64\jre\21.0.12.1-win32-x86_64\bin\nio.dll
0x00007ffb87520000 - 0x00007ffb87530000 	C:\Users\LENOVO\.antigravity-ide\extensions\redhat.java-1.56.0-win32-x64\jre\21.0.12.1-win32-x86_64\bin\verify.dll
0x00007ffb980f0000 - 0x00007ffb98117000 	C:\Users\LENOVO\.gradle\native\1def1411415f61bf3af743bc5b6707747c0891f09f0c88961ee8f79bc544acac\windows-amd64\native-platform.dll
0x00007ffb475f0000 - 0x00007ffb47668000 	C:\Users\LENOVO\.gradle\native\0.2.7\x86_64-windows-gnu\gradle-fileevents.dll
0x00007ffb97900000 - 0x00007ffb9790a000 	C:\Users\LENOVO\.antigravity-ide\extensions\redhat.java-1.56.0-win32-x64\jre\21.0.12.1-win32-x86_64\bin\management.dll
0x00007ffb974f0000 - 0x00007ffb974fc000 	C:\Users\LENOVO\.antigravity-ide\extensions\redhat.java-1.56.0-win32-x64\jre\21.0.12.1-win32-x86_64\bin\management_ext.dll
0x00007ffba5db0000 - 0x00007ffba5db8000 	C:\WINDOWS\System32\PSAPI.DLL
0x00007ffba3780000 - 0x00007ffba37b3000 	C:\WINDOWS\SYSTEM32\IPHLPAPI.DLL
0x00007ffba7120000 - 0x00007ffba712a000 	C:\WINDOWS\System32\NSI.dll
0x00007ffb96ee0000 - 0x00007ffb96ee9000 	C:\Users\LENOVO\.antigravity-ide\extensions\redhat.java-1.56.0-win32-x64\jre\21.0.12.1-win32-x86_64\bin\extnet.dll
0x00007ffba4790000 - 0x00007ffba47ab000 	C:\WINDOWS\SYSTEM32\CRYPTSP.dll
0x00007ffba3d30000 - 0x00007ffba3d69000 	C:\WINDOWS\system32\rsaenh.dll
0x00007ffba4420000 - 0x00007ffba4454000 	C:\WINDOWS\SYSTEM32\USERENV.dll
0x00007ffba5030000 - 0x00007ffba505a000 	C:\WINDOWS\SYSTEM32\bcrypt.dll
0x00007ffba45d0000 - 0x00007ffba45dc000 	C:\WINDOWS\SYSTEM32\CRYPTBASE.dll
0x00007ffb7e850000 - 0x00007ffb7e85e000 	C:\Users\LENOVO\.antigravity-ide\extensions\redhat.java-1.56.0-win32-x64\jre\21.0.12.1-win32-x86_64\bin\sunmscapi.dll
0x00007ffba5ad0000 - 0x00007ffba5c4e000 	C:\WINDOWS\System32\CRYPT32.dll
0x00007ffba4900000 - 0x00007ffba4930000 	C:\WINDOWS\SYSTEM32\ncrypt.dll
0x00007ffba48b0000 - 0x00007ffba48ef000 	C:\WINDOWS\SYSTEM32\NTASN1.dll
0x00007ffb66b40000 - 0x00007ffb66b48000 	C:\WINDOWS\system32\wshunix.dll

JVMTI agents:
C:\Users\LENOVO\.gradle\wrapper\dists\gradle-8.14-bin\38aieal9i53h9rfe7vjup95b9\gradle-8.14\lib\agents\gradle-instrumentation-agent-8.14.jar path:C:\Users\LENOVO\.antigravity-ide\extensions\redhat.java-1.56.0-win32-x64\jre\21.0.12.1-win32-x86_64\bin\instrument.dll, loaded, initialized, instrumentlib options:none

dbghelp: loaded successfully - version: 4.0.5 - missing functions: none
symbol engine: initialized successfully - sym options: 0x614 - pdb path: .;C:\Users\LENOVO\.antigravity-ide\extensions\redhat.java-1.56.0-win32-x64\jre\21.0.12.1-win32-x86_64\bin;C:\WINDOWS\SYSTEM32;C:\WINDOWS\WinSxS\amd64_microsoft.windows.common-controls_6595b64144ccf1df_6.0.26100.9278_none_3e0d1ba8e3303201;C:\Users\LENOVO\.antigravity-ide\extensions\redhat.java-1.56.0-win32-x64\jre\21.0.12.1-win32-x86_64\bin\server;C:\Users\LENOVO\.gradle\native\1def1411415f61bf3af743bc5b6707747c0891f09f0c88961ee8f79bc544acac\windows-amd64;C:\Users\LENOVO\.gradle\native\0.2.7\x86_64-windows-gnu

VM Arguments:
jvm_args: --add-opens=java.base/java.lang=ALL-UNNAMED --add-opens=java.base/java.lang.invoke=ALL-UNNAMED --add-opens=java.base/java.util=ALL-UNNAMED --add-opens=java.prefs/java.util.prefs=ALL-UNNAMED --add-exports=jdk.compiler/com.sun.tools.javac.api=ALL-UNNAMED --add-exports=jdk.compiler/com.sun.tools.javac.util=ALL-UNNAMED --add-opens=java.base/java.util=ALL-UNNAMED --add-opens=java.prefs/java.util.prefs=ALL-UNNAMED --add-opens=java.base/java.nio.charset=ALL-UNNAMED --add-opens=java.base/java.net=ALL-UNNAMED --add-opens=java.base/java.util.concurrent.atomic=ALL-UNNAMED --add-opens=java.xml/javax.xml.namespace=ALL-UNNAMED -Xmx1024m -Dfile.encoding=UTF-8 -Duser.country=US -Duser.language=en -Duser.variant -javaagent:C:\Users\LENOVO\.gradle\wrapper\dists\gradle-8.14-bin\38aieal9i53h9rfe7vjup95b9\gradle-8.14\lib\agents\gradle-instrumentation-agent-8.14.jar 
java_command: org.gradle.launcher.daemon.bootstrap.GradleDaemon 8.14
java_class_path (initial): C:\Users\LENOVO\.gradle\wrapper\dists\gradle-8.14-bin\38aieal9i53h9rfe7vjup95b9\gradle-8.14\lib\gradle-daemon-main-8.14.jar
Launcher Type: SUN_STANDARD

[Global flags]
     intx CICompilerCount                          = 4                                         {product} {ergonomic}
     uint ConcGCThreads                            = 2                                         {product} {ergonomic}
     uint G1ConcRefinementThreads                  = 8                                         {product} {ergonomic}
   size_t G1HeapRegionSize                         = 1048576                                   {product} {ergonomic}
    uintx GCDrainStackTargetSize                   = 64                                        {product} {ergonomic}
   size_t InitialHeapSize                          = 98566144                                  {product} {ergonomic}
   size_t MarkStackSize                            = 4194304                                   {product} {ergonomic}
   size_t MaxHeapSize                              = 1073741824                                {product} {command line}
   size_t MaxNewSize                               = 643825664                                 {product} {ergonomic}
   size_t MinHeapDeltaBytes                        = 1048576                                   {product} {ergonomic}
   size_t MinHeapSize                              = 8388608                                   {product} {ergonomic}
    uintx NonNMethodCodeHeapSize                   = 5839372                                {pd product} {ergonomic}
    uintx NonProfiledCodeHeapSize                  = 122909434                              {pd product} {ergonomic}
    uintx ProfiledCodeHeapSize                     = 122909434                              {pd product} {ergonomic}
    uintx ReservedCodeCacheSize                    = 251658240                              {pd product} {ergonomic}
     bool SegmentedCodeCache                       = true                                      {product} {ergonomic}
   size_t SoftMaxHeapSize                          = 1073741824                             {manageable} {ergonomic}
     bool UseCompressedOops                        = true                           {product lp64_product} {ergonomic}
     bool UseG1GC                                  = true                                      {product} {ergonomic}
     bool UseLargePagesIndividualAllocation        = false                                  {pd product} {ergonomic}

Logging:
Log output configuration:
 #0: stdout all=warning uptime,level,tags foldmultilines=false
 #1: stderr all=off uptime,level,tags foldmultilines=false

Release file:
JAVA_VERSION="21.0.12.1" 
MODULES="java.base java.compiler java.datatransfer java.xml java.prefs java.desktop java.instrument java.logging java.management java.security.sasl java.naming java.rmi java.management.rmi java.net.http java.scripting java.security.jgss java.transaction.xa java.sql java.sql.rowset java.xml.crypto java.se java.smartcardio jdk.accessibility jdk.internal.jvmstat jdk.attach jdk.charsets jdk.internal.opt jdk.zipfs jdk.compiler jdk.crypto.ec jdk.crypto.cryptoki jdk.crypto.mscapi jdk.dynalink jdk.internal.ed jdk.editpad jdk.hotspot.agent jdk.httpserver jdk.internal.le jdk.internal.vm.ci jdk.internal.vm.compiler jdk.internal.vm.compiler.management jdk.jartool jdk.javadoc jdk.jcmd jdk.management jdk.management.agent jdk.jconsole jdk.jdeps jdk.jdwp.agent jdk.jdi jdk.jfr jdk.jshell jdk.jsobject jdk.jstatd jdk.localedata jdk.management.jfr jdk.naming.dns jdk.naming.rmi jdk.net jdk.nio.mapmode jdk.random jdk.sctp jdk.security.auth jdk.security.jgss jdk.unsupported jdk.unsupported.desktop jdk.xml.dom" 

Environment Variables:
JAVA_HOME=C:\Program Files\Android\Android Studio\jbr
PATH=C:\WINDOWS\system32;C:\WINDOWS;C:\WINDOWS\System32\Wbem;C:\WINDOWS\System32\WindowsPowerShell\v1.0\;C:\WINDOWS\System32\OpenSSH\;C:\Program Files\Docker\Docker\resources\bin;C:\Program Files\nodejs\;C:\Program Files\Git\cmd;C:\Users\LENOVO\AppData\Local\Programs\Python\Python312\Scripts\;C:\Users\LENOVO\AppData\Local\Programs\Python\Python312\;C:\Users\LENOVO\AppData\Local\Programs\Python\Launcher\;C:\Users\LENOVO\AppData\Local\Programs\Python\Python314\Scripts\;C:\Users\LENOVO\AppData\Local\Programs\Python\Python314\;C:\Users\LENOVO\AppData\Local\Microsoft\WindowsApps;C:\Users\LENOVO\AppData\Local\Programs\Antigravity\bin;C:\Users\LENOVO\AppData\Roaming\npm;C:\ScrcpyLauncher by praveen;C:\Users\LENOVO\AppData\Local\PowerToys\DSCModules\;C:\Users\LENOVO\AppData\Local\Programs\Antigravity IDE\bin
USERNAME=LENOVO
OS=Windows_NT
PROCESSOR_IDENTIFIER=AMD64 Family 23 Model 160 Stepping 0, AuthenticAMD
TMP=C:\Users\LENOVO\AppData\Local\Temp
TEMP=C:\Users\LENOVO\AppData\Local\Temp




Periodic native trim disabled

---------------  S Y S T E M  ---------------

OS:
 Windows 11 , 64 bit Build 26100 (10.0.26100.9444)
OS uptime: 8 days 14:30 hours
Hyper-V role detected

CPU: total 8 (initial active 8) (8 cores per cpu, 2 threads per core) family 23 model 160 stepping 0 microcode 0x8a0000a, cx8, cmov, fxsr, ht, mmx, 3dnowpref, sse, sse2, sse3, ssse3, sse4a, sse4.1, sse4.2, popcnt, lzcnt, tsc, tscinvbit, avx, avx2, aes, clmul, bmi1, bmi2, adx, sha, fma, vzeroupper, clflush, clflushopt, hv, rdtscp, rdpid, f16c
Processor Information for the first 8 processors :
  Max Mhz: 2401, Current Mhz: 2401, Mhz Limit: 2401

Memory: 4k page, system-wide physical 5965M (123M free)
TotalPageFile size 24397M (AvailPageFile size 0M)
current process WorkingSet (physical memory assigned to process): 365M, peak: 371M
current process commit charge ("private bytes"): 497M, peak: 498M

vm_info: OpenJDK 64-Bit Server VM (21.0.12.1+1-LTS) for windows-amd64 JRE (21.0.12.1+1-LTS), built on 2026-08-18T00:00:00Z by "admin" with MS VC++ 17.12 (VS2022)

END.
