#
# There is insufficient memory for the Java Runtime Environment to continue.
# Native memory allocation (malloc) failed to allocate 1379856 bytes. Error detail: Chunk::new
# Possible reasons:
#   The system is out of physical RAM or swap space
#   This process is running with CompressedOops enabled, and the Java Heap may be blocking the growth of the native heap
# Possible solutions:
#   Reduce memory load on the system
#   Increase physical memory or swap space
#   Check if swap backing store is full
#   Decrease Java heap size (-Xmx/-Xms)
#   Decrease number of Java threads
#   Decrease Java thread stack sizes (-Xss)
#   Set larger code cache with -XX:ReservedCodeCacheSize=
#   JVM is running with Unscaled Compressed Oops mode in which the Java heap is
#     placed in the first 4GB address space. The Java Heap base address is the
#     maximum limit for the native heap growth. Please use -XX:HeapBaseMinAddress
#     to set the Java Heap base and to place the Java Heap above 4GB virtual address.
# This output file may be truncated or incomplete.
#
#  Out of Memory Error (arena.cpp:168), pid=9248, tid=20108
#
# JRE version: OpenJDK Runtime Environment Temurin-21.0.12.1+1 (21.0.12.1+1) (build 21.0.12.1+1-LTS)
# Java VM: OpenJDK 64-Bit Server VM Temurin-21.0.12.1+1 (21.0.12.1+1-LTS, mixed mode, sharing, tiered, compressed oops, compressed class ptrs, g1 gc, windows-amd64)
# No core dump will be written. Minidumps are not enabled by default on client versions of Windows
#

---------------  S U M M A R Y ------------

Command Line: --add-opens=java.base/java.lang=ALL-UNNAMED --add-opens=java.base/java.lang.invoke=ALL-UNNAMED --add-opens=java.base/java.util=ALL-UNNAMED --add-opens=java.prefs/java.util.prefs=ALL-UNNAMED --add-exports=jdk.compiler/com.sun.tools.javac.api=ALL-UNNAMED --add-exports=jdk.compiler/com.sun.tools.javac.util=ALL-UNNAMED --add-opens=java.base/java.util=ALL-UNNAMED --add-opens=java.prefs/java.util.prefs=ALL-UNNAMED --add-opens=java.base/java.nio.charset=ALL-UNNAMED --add-opens=java.base/java.net=ALL-UNNAMED --add-opens=java.base/java.util.concurrent.atomic=ALL-UNNAMED --add-opens=java.xml/javax.xml.namespace=ALL-UNNAMED -Xmx1024m -Dfile.encoding=UTF-8 -Duser.country=US -Duser.language=en -Duser.variant -javaagent:C:\Users\LENOVO\.gradle\wrapper\dists\gradle-8.14-bin\38aieal9i53h9rfe7vjup95b9\gradle-8.14\lib\agents\gradle-instrumentation-agent-8.14.jar org.gradle.launcher.daemon.bootstrap.GradleDaemon 8.14

Host: AMD Ryzen 3 7320U with Radeon Graphics         , 8 cores, 5G,  Windows 11 , 64 bit Build 26100 (10.0.26100.9444)
Time: Sat Oct  3 10:15:19 2026 Nepal Standard Time elapsed time: 41.281232 seconds (0d 0h 0m 41s)

---------------  T H R E A D  ---------------

Current thread (0x0000024ad65bb660):  JavaThread "C2 CompilerThread0" daemon [_thread_in_native, id=20108, stack(0x0000008eaab00000,0x0000008eaac00000) (1024K)]


Current CompileTask:
C2:41281 8663   !   4       java.net.URLClassLoader$1::run (81 bytes)

Stack: [0x0000008eaab00000,0x0000008eaac00000]
Native frames: (J=compiled Java code, j=interpreted, Vv=VM code, C=native code)
V  [jvm.dll+0x6d83e9]
V  [jvm.dll+0x8b5736]
V  [jvm.dll+0x8b7cee]
V  [jvm.dll+0x8b83d3]
V  [jvm.dll+0x284596]
V  [jvm.dll+0xc685d]
V  [jvm.dll+0xc6da1]
V  [jvm.dll+0x3bf18b]
V  [jvm.dll+0x1e3f42]
V  [jvm.dll+0x24c853]
V  [jvm.dll+0x24bce0]
V  [jvm.dll+0x1cb4ae]
V  [jvm.dll+0x25baad]
V  [jvm.dll+0x25a03a]
V  [jvm.dll+0x3f8aae]
V  [jvm.dll+0x8600cd]
V  [jvm.dll+0x6d6c1d]
C  [ucrtbase.dll+0x2cd30]
C  [KERNEL32.DLL+0x2cd87]
C  [ntdll.dll+0xacaec]


---------------  P R O C E S S  ---------------

Threads class SMR info:
_java_thread_list=0x0000024abe4931e0, length=75, elements={
0x0000024abe048210, 0x0000024ad65b24c0, 0x0000024ad65b30d0, 0x0000024ad65b5cf0,
0x0000024ad65b74c0, 0x0000024ad65b8870, 0x0000024ad65b9590, 0x0000024ad65bb660,
0x0000024ad65bd8e0, 0x0000024ad65b9c20, 0x0000024ad65b8f00, 0x0000024ad65b81e0,
0x0000024ad65b6e30, 0x0000024b1d7f0090, 0x0000024b1d7f2160, 0x0000024b1d7f27f0,
0x0000024b1d7f0db0, 0x0000024b1d7f3510, 0x0000024b1d7f3ba0, 0x0000024b1d7f1440,
0x0000024b1d7f0720, 0x0000024b1d7f4230, 0x0000024b1d7f48c0, 0x0000024b1d7f4f50,
0x0000024b1d7f1ad0, 0x0000024b1d7f55e0, 0x0000024b1d7f5c70, 0x0000024b1d7f6300,
0x0000024b1d7f6990, 0x0000024ad66b3690, 0x0000024ad66b3d20, 0x0000024ad66b43b0,
0x0000024ad66b4a40, 0x0000024ad66b50d0, 0x0000024ad66b5760, 0x0000024ad66b3000,
0x0000024ad66b8550, 0x0000024ad66b6b10, 0x0000024ad66b9900, 0x0000024ad66b7ec0,
0x0000024ad66b71a0, 0x0000024ad66b7830, 0x0000024ad66b8be0, 0x0000024ad66b9270,
0x0000024b1d9f9c20, 0x0000024b1d9f7b50, 0x0000024b1d9f9590, 0x0000024b1d9f8870,
0x0000024b1d9f67a0, 0x0000024b1d9f8f00, 0x0000024b1d9f6e30, 0x0000024b1d9fa940,
0x0000024b1d9f74c0, 0x0000024b1d9fb660, 0x0000024b1d9f81e0, 0x0000024b1d9fddc0,
0x0000024b1d9fca10, 0x0000024b1d9fafd0, 0x0000024b1de1cbe0, 0x0000024b1de1ab10,
0x0000024b1de1bec0, 0x0000024b1de19df0, 0x0000024b1de1d900, 0x0000024b1de1b1a0,
0x0000024b1de1b830, 0x0000024b1de1c550, 0x0000024b1de1d270, 0x0000024b1de1a480,
0x0000024b1de20060, 0x0000024b1de206f0, 0x0000024b1de1df90, 0x0000024b1de20d80,
0x0000024b1de1f340, 0x0000024b1de21410, 0x0000024b1de1e620
}

Java Threads: ( => current thread )
  0x0000024abe048210 JavaThread "main"                              [_thread_blocked, id=33528, stack(0x0000008ea9d00000,0x0000008ea9e00000) (1024K)]
  0x0000024ad65b24c0 JavaThread "Reference Handler"          daemon [_thread_blocked, id=33888, stack(0x0000008eaa500000,0x0000008eaa600000) (1024K)]
  0x0000024ad65b30d0 JavaThread "Finalizer"                  daemon [_thread_blocked, id=18332, stack(0x0000008eaa600000,0x0000008eaa700000) (1024K)]
  0x0000024ad65b5cf0 JavaThread "Signal Dispatcher"          daemon [_thread_blocked, id=31356, stack(0x0000008eaa700000,0x0000008eaa800000) (1024K)]
  0x0000024ad65b74c0 JavaThread "Attach Listener"            daemon [_thread_blocked, id=33592, stack(0x0000008eaa800000,0x0000008eaa900000) (1024K)]
  0x0000024ad65b8870 JavaThread "Service Thread"             daemon [_thread_blocked, id=31072, stack(0x0000008eaa900000,0x0000008eaaa00000) (1024K)]
  0x0000024ad65b9590 JavaThread "Monitor Deflation Thread"   daemon [_thread_blocked, id=30056, stack(0x0000008eaaa00000,0x0000008eaab00000) (1024K)]
=>0x0000024ad65bb660 JavaThread "C2 CompilerThread0"         daemon [_thread_in_native, id=20108, stack(0x0000008eaab00000,0x0000008eaac00000) (1024K)]
  0x0000024ad65bd8e0 JavaThread "C1 CompilerThread0"         daemon [_thread_in_native, id=34996, stack(0x0000008eaac00000,0x0000008eaad00000) (1024K)]
  0x0000024ad65b9c20 JavaThread "Common-Cleaner"             daemon [_thread_blocked, id=30964, stack(0x0000008eaad00000,0x0000008eaae00000) (1024K)]
  0x0000024ad65b8f00 JavaThread "Notification Thread"        daemon [_thread_blocked, id=34696, stack(0x0000008eaae00000,0x0000008eaaf00000) (1024K)]
  0x0000024ad65b81e0 JavaThread "Daemon health stats"               [_thread_in_vm, id=35124, stack(0x0000008eab300000,0x0000008eab400000) (1024K)]
  0x0000024ad65b6e30 JavaThread "Incoming local TCP Connector on port 1416"        [_thread_in_native, id=16368, stack(0x0000008eab400000,0x0000008eab500000) (1024K)]
  0x0000024b1d7f0090 JavaThread "Daemon periodic checks"            [_thread_blocked, id=33840, stack(0x0000008eab500000,0x0000008eab600000) (1024K)]
  0x0000024b1d7f2160 JavaThread "Daemon"                            [_thread_blocked, id=29744, stack(0x0000008eab600000,0x0000008eab700000) (1024K)]
  0x0000024b1d7f27f0 JavaThread "Handler for socket connection from /127.0.0.1:1416 to /127.0.0.1:1418"        [_thread_in_native, id=1392, stack(0x0000008eab700000,0x0000008eab800000) (1024K)]
  0x0000024b1d7f0db0 JavaThread "Cancel handler"                    [_thread_blocked, id=33388, stack(0x0000008eab800000,0x0000008eab900000) (1024K)]
  0x0000024b1d7f3510 JavaThread "Daemon worker"                     [_thread_in_vm, id=33736, stack(0x0000008eab900000,0x0000008eaba00000) (1024K)]
  0x0000024b1d7f3ba0 JavaThread "Asynchronous log dispatcher for DefaultDaemonConnection: socket connection from /127.0.0.1:1416 to /127.0.0.1:1418"        [_thread_blocked, id=11208, stack(0x0000008eaba00000,0x0000008eabb00000) (1024K)]
  0x0000024b1d7f1440 JavaThread "Stdin handler"                     [_thread_blocked, id=26540, stack(0x0000008eabb00000,0x0000008eabc00000) (1024K)]
  0x0000024b1d7f0720 JavaThread "Daemon client event forwarder"        [_thread_blocked, id=34728, stack(0x0000008eabc00000,0x0000008eabd00000) (1024K)]
  0x0000024b1d7f4230 JavaThread "Cache worker for journal cache (C:\Users\LENOVO\.gradle\caches\journal-1)"        [_thread_blocked, id=28112, stack(0x0000008eabd00000,0x0000008eabe00000) (1024K)]
  0x0000024b1d7f48c0 JavaThread "File lock request listener"        [_thread_in_native, id=34896, stack(0x0000008eac100000,0x0000008eac200000) (1024K)]
  0x0000024b1d7f4f50 JavaThread "Cache worker for file hash cache (C:\Users\LENOVO\.gradle\caches\8.14\fileHashes)"        [_thread_blocked, id=23448, stack(0x0000008eac200000,0x0000008eac300000) (1024K)]
  0x0000024b1d7f1ad0 JavaThread "File lock release action executor"        [_thread_blocked, id=21156, stack(0x0000008eac300000,0x0000008eac400000) (1024K)]
  0x0000024b1d7f55e0 JavaThread "Cache worker for file hash cache (C:\Users\LENOVO\Desktop\HeliBoard-main\.gradle\8.14\fileHashes)"        [_thread_blocked, id=33220, stack(0x0000008eac500000,0x0000008eac600000) (1024K)]
  0x0000024b1d7f5c70 JavaThread "Cache worker for Build Output Cleanup Cache (C:\Users\LENOVO\Desktop\HeliBoard-main\.gradle\buildOutputCleanup)"        [_thread_blocked, id=34164, stack(0x0000008eac600000,0x0000008eac700000) (1024K)]
  0x0000024b1d7f6300 JavaThread "File watcher server"        daemon [_thread_in_native, id=1860, stack(0x0000008eac700000,0x0000008eac800000) (1024K)]
  0x0000024b1d7f6990 JavaThread "File watcher consumer"      daemon [_thread_blocked, id=23192, stack(0x0000008eac800000,0x0000008eac900000) (1024K)]
  0x0000024ad66b3690 JavaThread "jar transforms"                    [_thread_blocked, id=33480, stack(0x0000008eac900000,0x0000008eaca00000) (1024K)]
  0x0000024ad66b3d20 JavaThread "jar transforms Thread 2"           [_thread_blocked, id=34544, stack(0x0000008eaca00000,0x0000008eacb00000) (1024K)]
  0x0000024ad66b43b0 JavaThread "Cache worker for checksums cache (C:\Users\LENOVO\Desktop\HeliBoard-main\.gradle\8.14\checksums)"        [_thread_blocked, id=35440, stack(0x0000008eacb00000,0x0000008eacc00000) (1024K)]
  0x0000024ad66b4a40 JavaThread "Cache worker for file content cache (C:\Users\LENOVO\.gradle\caches\8.14\fileContent)"        [_thread_blocked, id=18328, stack(0x0000008eacc00000,0x0000008eacd00000) (1024K)]
  0x0000024ad66b50d0 JavaThread "Cache worker for cache directory md-supplier (C:\Users\LENOVO\.gradle\caches\8.14\md-supplier)"        [_thread_blocked, id=33864, stack(0x0000008eacd00000,0x0000008eace00000) (1024K)]
  0x0000024ad66b5760 JavaThread "Cache worker for cache directory md-rule (C:\Users\LENOVO\.gradle\caches\8.14\md-rule)"        [_thread_blocked, id=34092, stack(0x0000008eace00000,0x0000008eacf00000) (1024K)]
  0x0000024ad66b3000 JavaThread "File lock release action executor Thread 2"        [_thread_blocked, id=33004, stack(0x0000008eacf00000,0x0000008ead000000) (1024K)]
  0x0000024ad66b8550 JavaThread "Unconstrained build operations"        [_thread_blocked, id=4240, stack(0x0000008ead000000,0x0000008ead100000) (1024K)]
  0x0000024ad66b6b10 JavaThread "Unconstrained build operations Thread 2"        [_thread_blocked, id=19108, stack(0x0000008ead100000,0x0000008ead200000) (1024K)]
  0x0000024ad66b9900 JavaThread "Unconstrained build operations Thread 3"        [_thread_blocked, id=21516, stack(0x0000008ead200000,0x0000008ead300000) (1024K)]
  0x0000024ad66b7ec0 JavaThread "Unconstrained build operations Thread 4"        [_thread_blocked, id=28020, stack(0x0000008ead300000,0x0000008ead400000) (1024K)]
  0x0000024ad66b71a0 JavaThread "Unconstrained build operations Thread 5"        [_thread_blocked, id=33708, stack(0x0000008ead400000,0x0000008ead500000) (1024K)]
  0x0000024ad66b7830 JavaThread "Unconstrained build operations Thread 6"        [_thread_blocked, id=33952, stack(0x0000008ead500000,0x0000008ead600000) (1024K)]
  0x0000024ad66b8be0 JavaThread "Unconstrained build operations Thread 7"        [_thread_blocked, id=11496, stack(0x0000008ead600000,0x0000008ead700000) (1024K)]
  0x0000024ad66b9270 JavaThread "Unconstrained build operations Thread 8"        [_thread_blocked, id=35480, stack(0x0000008ead700000,0x0000008ead800000) (1024K)]
  0x0000024b1d9f9c20 JavaThread "Unconstrained build operations Thread 9"        [_thread_blocked, id=35512, stack(0x0000008ead800000,0x0000008ead900000) (1024K)]
  0x0000024b1d9f7b50 JavaThread "Unconstrained build operations Thread 10"        [_thread_blocked, id=11636, stack(0x0000008ead900000,0x0000008eada00000) (1024K)]
  0x0000024b1d9f9590 JavaThread "Unconstrained build operations Thread 11"        [_thread_blocked, id=34360, stack(0x0000008eada00000,0x0000008eadb00000) (1024K)]
  0x0000024b1d9f8870 JavaThread "Unconstrained build operations Thread 12"        [_thread_blocked, id=33628, stack(0x0000008eadb00000,0x0000008eadc00000) (1024K)]
  0x0000024b1d9f67a0 JavaThread "Unconstrained build operations Thread 13"        [_thread_blocked, id=35632, stack(0x0000008eadc00000,0x0000008eadd00000) (1024K)]
  0x0000024b1d9f8f00 JavaThread "Unconstrained build operations Thread 14"        [_thread_blocked, id=34540, stack(0x0000008eadd00000,0x0000008eade00000) (1024K)]
  0x0000024b1d9f6e30 JavaThread "Unconstrained build operations Thread 15"        [_thread_blocked, id=35756, stack(0x0000008eade00000,0x0000008eadf00000) (1024K)]
  0x0000024b1d9fa940 JavaThread "Unconstrained build operations Thread 16"        [_thread_blocked, id=35132, stack(0x0000008eadf00000,0x0000008eae000000) (1024K)]
  0x0000024b1d9f74c0 JavaThread "Unconstrained build operations Thread 17"        [_thread_blocked, id=34936, stack(0x0000008eae000000,0x0000008eae100000) (1024K)]
  0x0000024b1d9fb660 JavaThread "Unconstrained build operations Thread 18"        [_thread_blocked, id=6584, stack(0x0000008eae100000,0x0000008eae200000) (1024K)]
  0x0000024b1d9f81e0 JavaThread "Unconstrained build operations Thread 19"        [_thread_blocked, id=33084, stack(0x0000008eae200000,0x0000008eae300000) (1024K)]
  0x0000024b1d9fddc0 JavaThread "Unconstrained build operations Thread 20"        [_thread_blocked, id=34244, stack(0x0000008eae300000,0x0000008eae400000) (1024K)]
  0x0000024b1d9fca10 JavaThread "Unconstrained build operations Thread 21"        [_thread_blocked, id=3088, stack(0x0000008eae400000,0x0000008eae500000) (1024K)]
  0x0000024b1d9fafd0 JavaThread "Unconstrained build operations Thread 22"        [_thread_blocked, id=6184, stack(0x0000008eae500000,0x0000008eae600000) (1024K)]
  0x0000024b1de1cbe0 JavaThread "Unconstrained build operations Thread 23"        [_thread_blocked, id=31056, stack(0x0000008eae600000,0x0000008eae700000) (1024K)]
  0x0000024b1de1ab10 JavaThread "Unconstrained build operations Thread 24"        [_thread_blocked, id=5796, stack(0x0000008eae700000,0x0000008eae800000) (1024K)]
  0x0000024b1de1bec0 JavaThread "Unconstrained build operations Thread 25"        [_thread_blocked, id=18776, stack(0x0000008eae800000,0x0000008eae900000) (1024K)]
  0x0000024b1de19df0 JavaThread "Unconstrained build operations Thread 26"        [_thread_blocked, id=33764, stack(0x0000008eae900000,0x0000008eaea00000) (1024K)]
  0x0000024b1de1d900 JavaThread "Unconstrained build operations Thread 27"        [_thread_blocked, id=24012, stack(0x0000008eaea00000,0x0000008eaeb00000) (1024K)]
  0x0000024b1de1b1a0 JavaThread "Unconstrained build operations Thread 28"        [_thread_blocked, id=23704, stack(0x0000008eaeb00000,0x0000008eaec00000) (1024K)]
  0x0000024b1de1b830 JavaThread "Unconstrained build operations Thread 29"        [_thread_blocked, id=35748, stack(0x0000008eaec00000,0x0000008eaed00000) (1024K)]
  0x0000024b1de1c550 JavaThread "Unconstrained build operations Thread 30"        [_thread_blocked, id=25356, stack(0x0000008eaed00000,0x0000008eaee00000) (1024K)]
  0x0000024b1de1d270 JavaThread "Unconstrained build operations Thread 31"        [_thread_blocked, id=24384, stack(0x0000008eaee00000,0x0000008eaef00000) (1024K)]
  0x0000024b1de1a480 JavaThread "Unconstrained build operations Thread 32"        [_thread_blocked, id=7292, stack(0x0000008eaef00000,0x0000008eaf000000) (1024K)]
  0x0000024b1de20060 JavaThread "Unconstrained build operations Thread 33"        [_thread_blocked, id=33424, stack(0x0000008eaf000000,0x0000008eaf100000) (1024K)]
  0x0000024b1de206f0 JavaThread "Unconstrained build operations Thread 34"        [_thread_blocked, id=33884, stack(0x0000008eaf100000,0x0000008eaf200000) (1024K)]
  0x0000024b1de1df90 JavaThread "Unconstrained build operations Thread 35"        [_thread_blocked, id=33396, stack(0x0000008eaf200000,0x0000008eaf300000) (1024K)]
  0x0000024b1de20d80 JavaThread "Unconstrained build operations Thread 36"        [_thread_blocked, id=10908, stack(0x0000008eaf300000,0x0000008eaf400000) (1024K)]
  0x0000024b1de1f340 JavaThread "Unconstrained build operations Thread 37"        [_thread_blocked, id=9944, stack(0x0000008eaf400000,0x0000008eaf500000) (1024K)]
  0x0000024b1de21410 JavaThread "Unconstrained build operations Thread 38"        [_thread_blocked, id=24476, stack(0x0000008eaf500000,0x0000008eaf600000) (1024K)]
  0x0000024b1de1e620 JavaThread "Unconstrained build operations Thread 39"        [_thread_blocked, id=17824, stack(0x0000008eaf600000,0x0000008eaf700000) (1024K)]
Total: 75

Other Threads:
  0x0000024ad658a110 VMThread "VM Thread"                           [id=35724, stack(0x0000008eaa400000,0x0000008eaa500000) (1024K)]
  0x0000024abe4cec10 WatcherThread "VM Periodic Task Thread"        [id=17364, stack(0x0000008eaa300000,0x0000008eaa400000) (1024K)]
  0x0000024abe448bf0 WorkerThread "GC Thread#0"                     [id=29500, stack(0x0000008ea9e00000,0x0000008ea9f00000) (1024K)]
  0x0000024b1c01e0d0 WorkerThread "GC Thread#1"                     [id=34124, stack(0x0000008eaaf00000,0x0000008eab000000) (1024K)]
  0x0000024b1c02a900 WorkerThread "GC Thread#2"                     [id=22472, stack(0x0000008eab000000,0x0000008eab100000) (1024K)]
  0x0000024b1ca13370 WorkerThread "GC Thread#3"                     [id=8672, stack(0x0000008eab100000,0x0000008eab200000) (1024K)]
  0x0000024b1c9865e0 WorkerThread "GC Thread#4"                     [id=16148, stack(0x0000008eab200000,0x0000008eab300000) (1024K)]
  0x0000024b1d7cd7a0 WorkerThread "GC Thread#5"                     [id=35664, stack(0x0000008eabe00000,0x0000008eabf00000) (1024K)]
  0x0000024b1d7cdb50 WorkerThread "GC Thread#6"                     [id=3840, stack(0x0000008eabf00000,0x0000008eac000000) (1024K)]
  0x0000024b1d7cdf00 WorkerThread "GC Thread#7"                     [id=26328, stack(0x0000008eac000000,0x0000008eac100000) (1024K)]
  0x0000024abe452a00 ConcurrentGCThread "G1 Main Marker"            [id=32932, stack(0x0000008ea9f00000,0x0000008eaa000000) (1024K)]
  0x0000024abe453320 WorkerThread "G1 Conc#0"                       [id=35812, stack(0x0000008eaa000000,0x0000008eaa100000) (1024K)]
  0x0000024b1de4c430 WorkerThread "G1 Conc#1"                       [id=872, stack(0x0000008eac400000,0x0000008eac500000) (1024K)]
  0x0000024ad64510a0 ConcurrentGCThread "G1 Refine#0"               [id=31128, stack(0x0000008eaa100000,0x0000008eaa200000) (1024K)]
  0x0000024ad6451a30 ConcurrentGCThread "G1 Service"                [id=33644, stack(0x0000008eaa200000,0x0000008eaa300000) (1024K)]
Total: 15

Threads with active compile tasks:
C2 CompilerThread0  41334 8663   !   4       java.net.URLClassLoader$1::run (81 bytes)
C1 CompilerThread0  41334 8671   !   3       org.gradle.internal.instantiation.generator.AbstractClassGenerator::generateUnderLock (720 bytes)
Total: 2

VM state: not at safepoint (normal execution)

VM Mutex/Monitor currently owned by a thread: None

Heap address: 0x00000000c0000000, size: 1024 MB, Compressed Oops mode: 32-bit

CDS archive(s) mapped at: [0x0000024ad7000000-0x0000024ad7ba0000-0x0000024ad7ba0000), size 12189696, SharedBaseAddress: 0x0000024ad7000000, ArchiveRelocationMode: 1.
Compressed class space mapped at: 0x0000024ad8000000-0x0000024b18000000, reserved size: 1073741824
Narrow klass base: 0x0000024ad7000000, Narrow klass shift: 0, Narrow klass range: 0x100000000

GC Precious Log:
 CardTable entry size: 512
 Card Set container configuration: InlinePtr #cards 5 size 8 Array Of Cards #cards 12 size 40 Howl #buckets 4 coarsen threshold 1843 Howl Bitmap #cards 512 size 80 coarsen threshold 460 Card regions per heap region 1 cards per card region 2048
 CPUs: 8 total, 8 available
 Memory: 5965M
 Large Page Support: Disabled
 NUMA Support: Disabled
 Compressed Oops: Enabled (32-bit)
 Heap Region Size: 1M
 Heap Min Capacity: 8M
 Heap Initial Capacity: 94M
 Heap Max Capacity: 1G
 Pre-touch: Disabled
 Parallel Workers: 8
 Concurrent Workers: 2
 Concurrent Refinement Workers: 8
 Periodic GC: Disabled

Heap:
 garbage-first heap   total 116736K, used 87238K [0x00000000c0000000, 0x0000000100000000)
  region size 1024K, 22 young (22528K), 2 survivors (2048K)
 Metaspace       used 60493K, committed 62336K, reserved 1114112K
  class space    used 8509K, committed 9408K, reserved 1048576K

Heap Regions: E=young(eden), S=young(survivor), O=old, HS=humongous(starts), HC=humongous(continues), CS=collection set, F=free, TAMS=top-at-mark-start, PB=parsable bottom
|   0|0x00000000c0000000, 0x00000000c0100000, 0x00000000c0100000|100%|HS|  |TAMS 0x00000000c0000000| PB 0x00000000c0000000| Complete 
|   1|0x00000000c0100000, 0x00000000c0200000, 0x00000000c0200000|100%|HC|  |TAMS 0x00000000c0100000| PB 0x00000000c0100000| Complete 
|   2|0x00000000c0200000, 0x00000000c0300000, 0x00000000c0300000|100%|HC|  |TAMS 0x00000000c0200000| PB 0x00000000c0200000| Complete 
|   3|0x00000000c0300000, 0x00000000c0400000, 0x00000000c0400000|100%| O|  |TAMS 0x00000000c0300000| PB 0x00000000c0300000| Untracked 
|   4|0x00000000c0400000, 0x00000000c0500000, 0x00000000c0500000|100%| O|  |TAMS 0x00000000c0400000| PB 0x00000000c0400000| Untracked 
|   5|0x00000000c0500000, 0x00000000c0600000, 0x00000000c0600000|100%| O|  |TAMS 0x00000000c0500000| PB 0x00000000c0500000| Untracked 
|   6|0x00000000c0600000, 0x00000000c0700000, 0x00000000c0700000|100%|HS|  |TAMS 0x00000000c0600000| PB 0x00000000c0600000| Complete 
|   7|0x00000000c0700000, 0x00000000c0800000, 0x00000000c0800000|100%| O|  |TAMS 0x00000000c0700000| PB 0x00000000c0700000| Untracked 
|   8|0x00000000c0800000, 0x00000000c0900000, 0x00000000c0900000|100%| O|  |TAMS 0x00000000c0800000| PB 0x00000000c0800000| Untracked 
|   9|0x00000000c0900000, 0x00000000c0a00000, 0x00000000c0a00000|100%| O|  |TAMS 0x00000000c0900000| PB 0x00000000c0900000| Untracked 
|  10|0x00000000c0a00000, 0x00000000c0b00000, 0x00000000c0b00000|100%| O|  |TAMS 0x00000000c0a00000| PB 0x00000000c0a00000| Untracked 
|  11|0x00000000c0b00000, 0x00000000c0c00000, 0x00000000c0c00000|100%| O|  |TAMS 0x00000000c0b00000| PB 0x00000000c0b00000| Untracked 
|  12|0x00000000c0c00000, 0x00000000c0d00000, 0x00000000c0d00000|100%| O|  |TAMS 0x00000000c0c00000| PB 0x00000000c0c00000| Untracked 
|  13|0x00000000c0d00000, 0x00000000c0e00000, 0x00000000c0e00000|100%| O|  |TAMS 0x00000000c0d00000| PB 0x00000000c0d00000| Untracked 
|  14|0x00000000c0e00000, 0x00000000c0f00000, 0x00000000c0f00000|100%| O|  |TAMS 0x00000000c0e00000| PB 0x00000000c0e00000| Untracked 
|  15|0x00000000c0f00000, 0x00000000c1000000, 0x00000000c1000000|100%| O|  |TAMS 0x00000000c0f00000| PB 0x00000000c0f00000| Untracked 
|  16|0x00000000c1000000, 0x00000000c1100000, 0x00000000c1100000|100%| O|  |TAMS 0x00000000c1000000| PB 0x00000000c1000000| Untracked 
|  17|0x00000000c1100000, 0x00000000c1200000, 0x00000000c1200000|100%| O|  |TAMS 0x00000000c1100000| PB 0x00000000c1100000| Untracked 
|  18|0x00000000c1200000, 0x00000000c1300000, 0x00000000c1300000|100%| O|  |TAMS 0x00000000c1200000| PB 0x00000000c1200000| Untracked 
|  19|0x00000000c1300000, 0x00000000c1400000, 0x00000000c1400000|100%| O|  |TAMS 0x00000000c1300000| PB 0x00000000c1300000| Untracked 
|  20|0x00000000c1400000, 0x00000000c1500000, 0x00000000c1500000|100%| O|  |TAMS 0x00000000c1400000| PB 0x00000000c1400000| Untracked 
|  21|0x00000000c1500000, 0x00000000c1600000, 0x00000000c1600000|100%| O|  |TAMS 0x00000000c1500000| PB 0x00000000c1500000| Untracked 
|  22|0x00000000c1600000, 0x00000000c1700000, 0x00000000c1700000|100%| O|  |TAMS 0x00000000c1600000| PB 0x00000000c1600000| Untracked 
|  23|0x00000000c1700000, 0x00000000c1800000, 0x00000000c1800000|100%| O|  |TAMS 0x00000000c1700000| PB 0x00000000c1700000| Untracked 
|  24|0x00000000c1800000, 0x00000000c1900000, 0x00000000c1900000|100%| O|  |TAMS 0x00000000c1800000| PB 0x00000000c1800000| Untracked 
|  25|0x00000000c1900000, 0x00000000c1a00000, 0x00000000c1a00000|100%| O|Cm|TAMS 0x00000000c1900000| PB 0x00000000c1900000| Complete 
|  26|0x00000000c1a00000, 0x00000000c1b00000, 0x00000000c1b00000|100%| O|  |TAMS 0x00000000c1a00000| PB 0x00000000c1a00000| Untracked 
|  27|0x00000000c1b00000, 0x00000000c1c00000, 0x00000000c1c00000|100%| O|  |TAMS 0x00000000c1b00000| PB 0x00000000c1b00000| Untracked 
|  28|0x00000000c1c00000, 0x00000000c1d00000, 0x00000000c1d00000|100%| O|  |TAMS 0x00000000c1c00000| PB 0x00000000c1c00000| Untracked 
|  29|0x00000000c1d00000, 0x00000000c1e00000, 0x00000000c1e00000|100%|HS|  |TAMS 0x00000000c1d00000| PB 0x00000000c1d00000| Complete 
|  30|0x00000000c1e00000, 0x00000000c1f00000, 0x00000000c1f00000|100%| O|  |TAMS 0x00000000c1e00000| PB 0x00000000c1e00000| Untracked 
|  31|0x00000000c1f00000, 0x00000000c2000000, 0x00000000c2000000|100%| O|  |TAMS 0x00000000c1f00000| PB 0x00000000c1f00000| Untracked 
|  32|0x00000000c2000000, 0x00000000c2100000, 0x00000000c2100000|100%| O|  |TAMS 0x00000000c2000000| PB 0x00000000c2000000| Untracked 
|  33|0x00000000c2100000, 0x00000000c2200000, 0x00000000c2200000|100%| O|  |TAMS 0x00000000c2100000| PB 0x00000000c2100000| Untracked 
|  34|0x00000000c2200000, 0x00000000c2300000, 0x00000000c2300000|100%| O|  |TAMS 0x00000000c2200000| PB 0x00000000c2200000| Untracked 
|  35|0x00000000c2300000, 0x00000000c2400000, 0x00000000c2400000|100%| O|  |TAMS 0x00000000c2300000| PB 0x00000000c2300000| Untracked 
|  36|0x00000000c2400000, 0x00000000c2500000, 0x00000000c2500000|100%| O|Cm|TAMS 0x00000000c2400000| PB 0x00000000c2400000| Complete 
|  37|0x00000000c2500000, 0x00000000c2600000, 0x00000000c2600000|100%| O|  |TAMS 0x00000000c2500000| PB 0x00000000c2500000| Untracked 
|  38|0x00000000c2600000, 0x00000000c2700000, 0x00000000c2700000|100%| O|  |TAMS 0x00000000c2600000| PB 0x00000000c2600000| Untracked 
|  39|0x00000000c2700000, 0x00000000c2800000, 0x00000000c2800000|100%| O|  |TAMS 0x00000000c2700000| PB 0x00000000c2700000| Untracked 
|  40|0x00000000c2800000, 0x00000000c2900000, 0x00000000c2900000|100%| O|  |TAMS 0x00000000c2800000| PB 0x00000000c2800000| Untracked 
|  41|0x00000000c2900000, 0x00000000c2a00000, 0x00000000c2a00000|100%| O|  |TAMS 0x00000000c2900000| PB 0x00000000c2900000| Untracked 
|  42|0x00000000c2a00000, 0x00000000c2b00000, 0x00000000c2b00000|100%| O|  |TAMS 0x00000000c2a00000| PB 0x00000000c2a00000| Untracked 
|  43|0x00000000c2b00000, 0x00000000c2c00000, 0x00000000c2c00000|100%| O|  |TAMS 0x00000000c2b00000| PB 0x00000000c2b00000| Untracked 
|  44|0x00000000c2c00000, 0x00000000c2d00000, 0x00000000c2d00000|100%| O|  |TAMS 0x00000000c2c00000| PB 0x00000000c2c00000| Untracked 
|  45|0x00000000c2d00000, 0x00000000c2d4b0e0, 0x00000000c2e00000| 29%| O|  |TAMS 0x00000000c2d00000| PB 0x00000000c2d00000| Untracked 
|  46|0x00000000c2e00000, 0x00000000c2f00000, 0x00000000c2f00000|100%|HS|  |TAMS 0x00000000c2e00000| PB 0x00000000c2e00000| Complete 
|  47|0x00000000c2f00000, 0x00000000c3000000, 0x00000000c3000000|100%|HC|  |TAMS 0x00000000c2f00000| PB 0x00000000c2f00000| Complete 
|  48|0x00000000c3000000, 0x00000000c3100000, 0x00000000c3100000|100%|HS|  |TAMS 0x00000000c3000000| PB 0x00000000c3000000| Complete 
|  49|0x00000000c3100000, 0x00000000c3200000, 0x00000000c3200000|100%|HS|  |TAMS 0x00000000c3100000| PB 0x00000000c3100000| Complete 
|  50|0x00000000c3200000, 0x00000000c3300000, 0x00000000c3300000|100%|HS|  |TAMS 0x00000000c3200000| PB 0x00000000c3200000| Complete 
|  51|0x00000000c3300000, 0x00000000c3400000, 0x00000000c3400000|100%|HS|  |TAMS 0x00000000c3300000| PB 0x00000000c3300000| Complete 
|  52|0x00000000c3400000, 0x00000000c3500000, 0x00000000c3500000|100%| O|  |TAMS 0x00000000c3400000| PB 0x00000000c3400000| Untracked 
|  53|0x00000000c3500000, 0x00000000c3600000, 0x00000000c3600000|100%| O|  |TAMS 0x00000000c3500000| PB 0x00000000c3500000| Untracked 
|  54|0x00000000c3600000, 0x00000000c3700000, 0x00000000c3700000|100%| O|  |TAMS 0x00000000c3600000| PB 0x00000000c3600000| Untracked 
|  55|0x00000000c3700000, 0x00000000c3800000, 0x00000000c3800000|100%|HS|  |TAMS 0x00000000c3700000| PB 0x00000000c3700000| Complete 
|  56|0x00000000c3800000, 0x00000000c3900000, 0x00000000c3900000|100%|HC|  |TAMS 0x00000000c3800000| PB 0x00000000c3800000| Complete 
|  57|0x00000000c3900000, 0x00000000c3a00000, 0x00000000c3a00000|100%| O|  |TAMS 0x00000000c3900000| PB 0x00000000c3900000| Untracked 
|  58|0x00000000c3a00000, 0x00000000c3b00000, 0x00000000c3b00000|100%| O|  |TAMS 0x00000000c3a00000| PB 0x00000000c3a00000| Untracked 
|  59|0x00000000c3b00000, 0x00000000c3c00000, 0x00000000c3c00000|100%| O|  |TAMS 0x00000000c3b00000| PB 0x00000000c3b00000| Untracked 
|  60|0x00000000c3c00000, 0x00000000c3d00000, 0x00000000c3d00000|100%|HS|  |TAMS 0x00000000c3c00000| PB 0x00000000c3c00000| Complete 
|  61|0x00000000c3d00000, 0x00000000c3d00000, 0x00000000c3e00000|  0%| F|  |TAMS 0x00000000c3d00000| PB 0x00000000c3d00000| Untracked 
|  62|0x00000000c3e00000, 0x00000000c3e00000, 0x00000000c3f00000|  0%| F|  |TAMS 0x00000000c3e00000| PB 0x00000000c3e00000| Untracked 
|  63|0x00000000c3f00000, 0x00000000c3f00000, 0x00000000c4000000|  0%| F|  |TAMS 0x00000000c3f00000| PB 0x00000000c3f00000| Untracked 
|  64|0x00000000c4000000, 0x00000000c4000000, 0x00000000c4100000|  0%| F|  |TAMS 0x00000000c4000000| PB 0x00000000c4000000| Untracked 
|  65|0x00000000c4100000, 0x00000000c4100000, 0x00000000c4200000|  0%| F|  |TAMS 0x00000000c4100000| PB 0x00000000c4100000| Untracked 
|  66|0x00000000c4200000, 0x00000000c4200000, 0x00000000c4300000|  0%| F|  |TAMS 0x00000000c4200000| PB 0x00000000c4200000| Untracked 
|  67|0x00000000c4300000, 0x00000000c4300000, 0x00000000c4400000|  0%| F|  |TAMS 0x00000000c4300000| PB 0x00000000c4300000| Untracked 
|  68|0x00000000c4400000, 0x00000000c4400000, 0x00000000c4500000|  0%| F|  |TAMS 0x00000000c4400000| PB 0x00000000c4400000| Untracked 
|  69|0x00000000c4500000, 0x00000000c4500000, 0x00000000c4600000|  0%| F|  |TAMS 0x00000000c4500000| PB 0x00000000c4500000| Untracked 
|  70|0x00000000c4600000, 0x00000000c4600000, 0x00000000c4700000|  0%| F|  |TAMS 0x00000000c4600000| PB 0x00000000c4600000| Untracked 
|  71|0x00000000c4700000, 0x00000000c4700000, 0x00000000c4800000|  0%| F|  |TAMS 0x00000000c4700000| PB 0x00000000c4700000| Untracked 
|  72|0x00000000c4800000, 0x00000000c4800000, 0x00000000c4900000|  0%| F|  |TAMS 0x00000000c4800000| PB 0x00000000c4800000| Untracked 
|  73|0x00000000c4900000, 0x00000000c4900000, 0x00000000c4a00000|  0%| F|  |TAMS 0x00000000c4900000| PB 0x00000000c4900000| Untracked 
|  74|0x00000000c4a00000, 0x00000000c4a00000, 0x00000000c4b00000|  0%| F|  |TAMS 0x00000000c4a00000| PB 0x00000000c4a00000| Untracked 
|  75|0x00000000c4b00000, 0x00000000c4b00000, 0x00000000c4c00000|  0%| F|  |TAMS 0x00000000c4b00000| PB 0x00000000c4b00000| Untracked 
|  76|0x00000000c4c00000, 0x00000000c4c00000, 0x00000000c4d00000|  0%| F|  |TAMS 0x00000000c4c00000| PB 0x00000000c4c00000| Untracked 
|  77|0x00000000c4d00000, 0x00000000c4d00000, 0x00000000c4e00000|  0%| F|  |TAMS 0x00000000c4d00000| PB 0x00000000c4d00000| Untracked 
|  78|0x00000000c4e00000, 0x00000000c4e00000, 0x00000000c4f00000|  0%| F|  |TAMS 0x00000000c4e00000| PB 0x00000000c4e00000| Untracked 
|  79|0x00000000c4f00000, 0x00000000c4f00000, 0x00000000c5000000|  0%| F|  |TAMS 0x00000000c4f00000| PB 0x00000000c4f00000| Untracked 
|  80|0x00000000c5000000, 0x00000000c5000000, 0x00000000c5100000|  0%| F|  |TAMS 0x00000000c5000000| PB 0x00000000c5000000| Untracked 
|  81|0x00000000c5100000, 0x00000000c5100000, 0x00000000c5200000|  0%| F|  |TAMS 0x00000000c5100000| PB 0x00000000c5100000| Untracked 
|  82|0x00000000c5200000, 0x00000000c5200000, 0x00000000c5300000|  0%| F|  |TAMS 0x00000000c5200000| PB 0x00000000c5200000| Untracked 
|  83|0x00000000c5300000, 0x00000000c5300000, 0x00000000c5400000|  0%| F|  |TAMS 0x00000000c5300000| PB 0x00000000c5300000| Untracked 
|  84|0x00000000c5400000, 0x00000000c5400000, 0x00000000c5500000|  0%| F|  |TAMS 0x00000000c5400000| PB 0x00000000c5400000| Untracked 
|  85|0x00000000c5500000, 0x00000000c5500000, 0x00000000c5600000|  0%| F|  |TAMS 0x00000000c5500000| PB 0x00000000c5500000| Untracked 
|  86|0x00000000c5600000, 0x00000000c5600000, 0x00000000c5700000|  0%| F|  |TAMS 0x00000000c5600000| PB 0x00000000c5600000| Untracked 
|  87|0x00000000c5700000, 0x00000000c57e6868, 0x00000000c5800000| 90%| S|CS|TAMS 0x00000000c5700000| PB 0x00000000c5700000| Complete 
|  88|0x00000000c5800000, 0x00000000c5900000, 0x00000000c5900000|100%| S|CS|TAMS 0x00000000c5800000| PB 0x00000000c5800000| Complete 
|  89|0x00000000c5900000, 0x00000000c594a590, 0x00000000c5a00000| 29%| E|  |TAMS 0x00000000c5900000| PB 0x00000000c5900000| Complete 
|  90|0x00000000c5a00000, 0x00000000c5b00000, 0x00000000c5b00000|100%| E|CS|TAMS 0x00000000c5a00000| PB 0x00000000c5a00000| Complete 
|  91|0x00000000c5b00000, 0x00000000c5c00000, 0x00000000c5c00000|100%| E|  |TAMS 0x00000000c5b00000| PB 0x00000000c5b00000| Complete 
|  92|0x00000000c5c00000, 0x00000000c5d00000, 0x00000000c5d00000|100%| E|CS|TAMS 0x00000000c5c00000| PB 0x00000000c5c00000| Complete 
|  93|0x00000000c5d00000, 0x00000000c5e00000, 0x00000000c5e00000|100%| E|CS|TAMS 0x00000000c5d00000| PB 0x00000000c5d00000| Complete 
|  94|0x00000000c5e00000, 0x00000000c5f00000, 0x00000000c5f00000|100%| E|CS|TAMS 0x00000000c5e00000| PB 0x00000000c5e00000| Complete 
|  95|0x00000000c5f00000, 0x00000000c6000000, 0x00000000c6000000|100%| E|CS|TAMS 0x00000000c5f00000| PB 0x00000000c5f00000| Complete 
|  96|0x00000000c6000000, 0x00000000c6100000, 0x00000000c6100000|100%| E|CS|TAMS 0x00000000c6000000| PB 0x00000000c6000000| Complete 
|  97|0x00000000c6100000, 0x00000000c6200000, 0x00000000c6200000|100%| E|CS|TAMS 0x00000000c6100000| PB 0x00000000c6100000| Complete 
|  98|0x00000000c6200000, 0x00000000c6300000, 0x00000000c6300000|100%| E|CS|TAMS 0x00000000c6200000| PB 0x00000000c6200000| Complete 
|  99|0x00000000c6300000, 0x00000000c6400000, 0x00000000c6400000|100%| E|CS|TAMS 0x00000000c6300000| PB 0x00000000c6300000| Complete 
| 100|0x00000000c6400000, 0x00000000c6500000, 0x00000000c6500000|100%| E|CS|TAMS 0x00000000c6400000| PB 0x00000000c6400000| Complete 
| 101|0x00000000c6500000, 0x00000000c6600000, 0x00000000c6600000|100%| E|CS|TAMS 0x00000000c6500000| PB 0x00000000c6500000| Complete 
| 102|0x00000000c6600000, 0x00000000c6700000, 0x00000000c6700000|100%| E|CS|TAMS 0x00000000c6600000| PB 0x00000000c6600000| Complete 
| 103|0x00000000c6700000, 0x00000000c6800000, 0x00000000c6800000|100%| E|CS|TAMS 0x00000000c6700000| PB 0x00000000c6700000| Complete 
| 104|0x00000000c6800000, 0x00000000c6900000, 0x00000000c6900000|100%| E|CS|TAMS 0x00000000c6800000| PB 0x00000000c6800000| Complete 
| 105|0x00000000c6900000, 0x00000000c6a00000, 0x00000000c6a00000|100%| E|CS|TAMS 0x00000000c6900000| PB 0x00000000c6900000| Complete 
| 106|0x00000000c6a00000, 0x00000000c6b00000, 0x00000000c6b00000|100%| E|CS|TAMS 0x00000000c6a00000| PB 0x00000000c6a00000| Complete 
| 107|0x00000000c6b00000, 0x00000000c6c00000, 0x00000000c6c00000|100%| E|CS|TAMS 0x00000000c6b00000| PB 0x00000000c6b00000| Complete 
| 108|0x00000000c6c00000, 0x00000000c6d00000, 0x00000000c6d00000|100%| E|CS|TAMS 0x00000000c6c00000| PB 0x00000000c6c00000| Complete 
|1019|0x00000000ffb00000, 0x00000000ffc00000, 0x00000000ffc00000|100%| O|Cm|TAMS 0x00000000ffb00000| PB 0x00000000ffb00000| Complete 
|1020|0x00000000ffc00000, 0x00000000ffd00000, 0x00000000ffd00000|100%| O|  |TAMS 0x00000000ffc00000| PB 0x00000000ffc00000| Untracked 
|1021|0x00000000ffd00000, 0x00000000ffe00000, 0x00000000ffe00000|100%| O|  |TAMS 0x00000000ffd00000| PB 0x00000000ffd00000| Untracked 
|1022|0x00000000ffe00000, 0x00000000fff00000, 0x00000000fff00000|100%| O|  |TAMS 0x00000000ffe00000| PB 0x00000000ffe00000| Untracked 
|1023|0x00000000fff00000, 0x0000000100000000, 0x0000000100000000|100%| O|  |TAMS 0x00000000fff00000| PB 0x00000000fff00000| Untracked 

Card table byte_map: [0x0000024ad2960000,0x0000024ad2b60000] _byte_map_base: 0x0000024ad2360000

Marking Bits: (CMBitMap*) 0x0000024abe44a120
 Bits: [0x0000024ad2b60000, 0x0000024ad3b60000)

Polling page: 0x0000024ac2cd0000

Metaspace:

Usage:
  Non-class:     50.77 MB used.
      Class:      8.31 MB used.
       Both:     59.08 MB used.

Virtual space:
  Non-class space:       64.00 MB reserved,      51.69 MB ( 81%) committed,  1 nodes.
      Class space:        1.00 GB reserved,       9.19 MB ( <1%) committed,  1 nodes.
             Both:        1.06 GB reserved,      60.88 MB (  6%) committed. 

Chunk freelists:
   Non-Class:  11.75 MB
       Class:  6.64 MB
        Both:  18.39 MB

MaxMetaspaceSize: unlimited
CompressedClassSpaceSize: 1.00 GB
Initial GC threshold: 21.00 MB
Current GC threshold: 95.12 MB
CDS: on
 - commit_granule_bytes: 65536.
 - commit_granule_words: 8192.
 - virtual_space_node_default_size: 8388608.
 - enlarge_chunks_in_place: 1.
 - use_allocation_guard: 0.


Internal statistics:

num_allocs_failed_limit: 33.
num_arena_births: 3316.
num_arena_deaths: 0.
num_vsnodes_births: 2.
num_vsnodes_deaths: 0.
num_space_committed: 974.
num_space_uncommitted: 0.
num_chunks_returned_to_freelist: 33.
num_chunks_taken_from_freelist: 6183.
num_chunk_merges: 30.
num_chunk_splits: 4063.
num_chunks_enlarged: 2508.
num_inconsistent_stats: 0.

CodeHeap 'non-profiled nmethods': size=120000Kb used=3801Kb max_used=3801Kb free=116198Kb
 bounds [0x0000024aca7c0000, 0x0000024acab80000, 0x0000024ad1cf0000]
CodeHeap 'profiled nmethods': size=120000Kb used=13853Kb max_used=13853Kb free=106146Kb
 bounds [0x0000024ac2cf0000, 0x0000024ac3a80000, 0x0000024aca220000]
CodeHeap 'non-nmethods': size=5760Kb used=2635Kb max_used=2666Kb free=3124Kb
 bounds [0x0000024aca220000, 0x0000024aca4d0000, 0x0000024aca7c0000]
CodeCache: size=245760Kb, used=20289Kb, max_used=20320Kb, free=225468Kb
 total_blobs=8377, nmethods=7475, adapters=806, full_count=0
Compilation: enabled, stopped_count=0, restarted_count=0

Compilation events (20 events):
Event: 40.760 Thread 0x0000024ad65bb660 nmethod 8602 0x0000024acab75090 code [0x0000024acab75220, 0x0000024acab75360]
Event: 40.760 Thread 0x0000024ad65bb660 8658       4       jdk.internal.reflect.ClassFileAssembler::emitByte (11 bytes)
Event: 40.761 Thread 0x0000024ad65bb660 nmethod 8658 0x0000024acab75490 code [0x0000024acab75640, 0x0000024acab757d0]
Event: 40.761 Thread 0x0000024ad65bb660 8621       4       org.objectweb.asm.ByteVector::putInt (74 bytes)
Event: 40.763 Thread 0x0000024ad65bb660 nmethod 8621 0x0000024acab75910 code [0x0000024acab75ac0, 0x0000024acab75cc0]
Event: 40.763 Thread 0x0000024ad65bb660 8615       4       org.objectweb.asm.MethodVisitor::<init> (79 bytes)
Event: 40.764 Thread 0x0000024ad65bb660 nmethod 8615 0x0000024acab75e10 code [0x0000024acab75fa0, 0x0000024acab76130]
Event: 40.764 Thread 0x0000024ad65bb660 8581       4       it.unimi.dsi.fastutil.HashCommon::mix (12 bytes)
Event: 40.765 Thread 0x0000024ad65bb660 nmethod 8581 0x0000024acab76210 code [0x0000024acab76380, 0x0000024acab763f8]
Event: 40.782 Thread 0x0000024ad65bb660 8663   !   4       java.net.URLClassLoader$1::run (81 bytes)
Event: 40.961 Thread 0x0000024ad65bd8e0 8666       3       java.lang.ClassLoader::getPlatformClassLoader (21 bytes)
Event: 40.962 Thread 0x0000024ad65bd8e0 nmethod 8666 0x0000024ac3a6fd10 code [0x0000024ac3a6fee0, 0x0000024ac3a70170]
Event: 40.977 Thread 0x0000024ad65bd8e0 8667       3       com.google.common.collect.MapMakerInternalMap$StrongKeyWeakValueEntry::getValue (10 bytes)
Event: 40.977 Thread 0x0000024ad65bd8e0 nmethod 8667 0x0000024ac3a70290 code [0x0000024ac3a70440, 0x0000024ac3a70618]
Event: 41.162 Thread 0x0000024ad65bd8e0 8668       3       java.util.Collections::singleton (9 bytes)
Event: 41.162 Thread 0x0000024ad65bd8e0 nmethod 8668 0x0000024ac3a70710 code [0x0000024ac3a708e0, 0x0000024ac3a70bf8]
Event: 41.162 Thread 0x0000024ad65bd8e0 8669       3       java.util.Collections$SingletonSet::<init> (10 bytes)
Event: 41.162 Thread 0x0000024ad65bd8e0 nmethod 8669 0x0000024ac3a70d10 code [0x0000024ac3a70ec0, 0x0000024ac3a71140]
Event: 41.201 Thread 0x0000024ad65bd8e0 8670       3       java.util.ComparableTimSort::reverseRange (32 bytes)
Event: 41.201 Thread 0x0000024ad65bd8e0 nmethod 8670 0x0000024ac3a71290 code [0x0000024ac3a71460, 0x0000024ac3a71950]

GC Heap History (20 events):
Event: 30.981 GC heap before
{Heap before GC invocations=13 (full 0):
 garbage-first heap   total 87040K, used 77755K [0x00000000c0000000, 0x0000000100000000)
  region size 1024K, 43 young (44032K), 5 survivors (5120K)
 Metaspace       used 49633K, committed 51328K, reserved 1114112K
  class space    used 7216K, committed 8064K, reserved 1048576K
}
Event: 30.988 GC heap after
{Heap after GC invocations=14 (full 0):
 garbage-first heap   total 87040K, used 42419K [0x00000000c0000000, 0x0000000100000000)
  region size 1024K, 6 young (6144K), 6 survivors (6144K)
 Metaspace       used 49633K, committed 51328K, reserved 1114112K
  class space    used 7216K, committed 8064K, reserved 1048576K
}
Event: 32.017 GC heap before
{Heap before GC invocations=14 (full 0):
 garbage-first heap   total 87040K, used 76211K [0x00000000c0000000, 0x0000000100000000)
  region size 1024K, 40 young (40960K), 6 survivors (6144K)
 Metaspace       used 50589K, committed 52352K, reserved 1114112K
  class space    used 7312K, committed 8192K, reserved 1048576K
}
Event: 32.023 GC heap after
{Heap after GC invocations=15 (full 0):
 garbage-first heap   total 88064K, used 46705K [0x00000000c0000000, 0x0000000100000000)
  region size 1024K, 5 young (5120K), 5 survivors (5120K)
 Metaspace       used 50589K, committed 52352K, reserved 1114112K
  class space    used 7312K, committed 8192K, reserved 1048576K
}
Event: 32.468 GC heap before
{Heap before GC invocations=15 (full 0):
 garbage-first heap   total 88064K, used 77425K [0x00000000c0000000, 0x0000000100000000)
  region size 1024K, 36 young (36864K), 5 survivors (5120K)
 Metaspace       used 50921K, committed 52608K, reserved 1114112K
  class space    used 7335K, committed 8192K, reserved 1048576K
}
Event: 32.472 GC heap after
{Heap after GC invocations=16 (full 0):
 garbage-first heap   total 88064K, used 47644K [0x00000000c0000000, 0x0000000100000000)
  region size 1024K, 4 young (4096K), 4 survivors (4096K)
 Metaspace       used 50921K, committed 52608K, reserved 1114112K
  class space    used 7335K, committed 8192K, reserved 1048576K
}
Event: 32.755 GC heap before
{Heap before GC invocations=17 (full 0):
 garbage-first heap   total 88064K, used 76316K [0x00000000c0000000, 0x0000000100000000)
  region size 1024K, 33 young (33792K), 4 survivors (4096K)
 Metaspace       used 50980K, committed 52736K, reserved 1114112K
  class space    used 7335K, committed 8192K, reserved 1048576K
}
Event: 32.759 GC heap after
{Heap after GC invocations=18 (full 0):
 garbage-first heap   total 88064K, used 48682K [0x00000000c0000000, 0x0000000100000000)
  region size 1024K, 3 young (3072K), 3 survivors (3072K)
 Metaspace       used 50980K, committed 52736K, reserved 1114112K
  class space    used 7335K, committed 8192K, reserved 1048576K
}
Event: 32.968 GC heap before
{Heap before GC invocations=18 (full 0):
 garbage-first heap   total 88064K, used 78378K [0x00000000c0000000, 0x0000000100000000)
  region size 1024K, 33 young (33792K), 3 survivors (3072K)
 Metaspace       used 50983K, committed 52736K, reserved 1114112K
  class space    used 7335K, committed 8192K, reserved 1048576K
}
Event: 32.972 GC heap after
{Heap after GC invocations=19 (full 0):
 garbage-first heap   total 88064K, used 49076K [0x00000000c0000000, 0x0000000100000000)
  region size 1024K, 3 young (3072K), 3 survivors (3072K)
 Metaspace       used 50983K, committed 52736K, reserved 1114112K
  class space    used 7335K, committed 8192K, reserved 1048576K
}
Event: 34.237 GC heap before
{Heap before GC invocations=19 (full 0):
 garbage-first heap   total 88064K, used 78772K [0x00000000c0000000, 0x0000000100000000)
  region size 1024K, 33 young (33792K), 3 survivors (3072K)
 Metaspace       used 54219K, committed 55936K, reserved 1114112K
  class space    used 7767K, committed 8640K, reserved 1048576K
}
Event: 34.246 GC heap after
{Heap after GC invocations=20 (full 0):
 garbage-first heap   total 88064K, used 48457K [0x00000000c0000000, 0x0000000100000000)
  region size 1024K, 2 young (2048K), 2 survivors (2048K)
 Metaspace       used 54219K, committed 55936K, reserved 1114112K
  class space    used 7767K, committed 8640K, reserved 1048576K
}
Event: 38.022 GC heap before
{Heap before GC invocations=21 (full 0):
 garbage-first heap   total 88064K, used 87369K [0x00000000c0000000, 0x0000000100000000)
  region size 1024K, 31 young (31744K), 2 survivors (2048K)
 Metaspace       used 55630K, committed 57408K, reserved 1114112K
  class space    used 7960K, committed 8832K, reserved 1048576K
}
Event: 38.028 GC heap after
{Heap after GC invocations=22 (full 0):
 garbage-first heap   total 96256K, used 63195K [0x00000000c0000000, 0x0000000100000000)
  region size 1024K, 5 young (5120K), 5 survivors (5120K)
 Metaspace       used 55630K, committed 57408K, reserved 1114112K
  class space    used 7960K, committed 8832K, reserved 1048576K
}
Event: 39.549 GC heap before
{Heap before GC invocations=22 (full 0):
 garbage-first heap   total 96256K, used 85723K [0x00000000c0000000, 0x0000000100000000)
  region size 1024K, 27 young (27648K), 5 survivors (5120K)
 Metaspace       used 55992K, committed 57792K, reserved 1114112K
  class space    used 7995K, committed 8896K, reserved 1048576K
}
Event: 39.555 GC heap after
{Heap after GC invocations=23 (full 0):
 garbage-first heap   total 98304K, used 68027K [0x00000000c0000000, 0x0000000100000000)
  region size 1024K, 4 young (4096K), 4 survivors (4096K)
 Metaspace       used 55992K, committed 57792K, reserved 1114112K
  class space    used 7995K, committed 8896K, reserved 1048576K
}
Event: 39.679 GC heap before
{Heap before GC invocations=23 (full 0):
 garbage-first heap   total 98304K, used 73147K [0x00000000c0000000, 0x0000000100000000)
  region size 1024K, 11 young (11264K), 4 survivors (4096K)
 Metaspace       used 56456K, committed 58240K, reserved 1114112K
  class space    used 8040K, committed 8960K, reserved 1048576K
}
Event: 39.682 GC heap after
{Heap after GC invocations=24 (full 0):
 garbage-first heap   total 98304K, used 67033K [0x00000000c0000000, 0x0000000100000000)
  region size 1024K, 2 young (2048K), 2 survivors (2048K)
 Metaspace       used 56456K, committed 58240K, reserved 1114112K
  class space    used 8040K, committed 8960K, reserved 1048576K
}
Event: 40.423 GC heap before
{Heap before GC invocations=25 (full 0):
 garbage-first heap   total 116736K, used 87513K [0x00000000c0000000, 0x0000000100000000)
  region size 1024K, 22 young (22528K), 2 survivors (2048K)
 Metaspace       used 58297K, committed 60160K, reserved 1114112K
  class space    used 8279K, committed 9216K, reserved 1048576K
}
Event: 40.426 GC heap after
{Heap after GC invocations=26 (full 0):
 garbage-first heap   total 116736K, used 68806K [0x00000000c0000000, 0x0000000100000000)
  region size 1024K, 2 young (2048K), 2 survivors (2048K)
 Metaspace       used 58297K, committed 60160K, reserved 1114112K
  class space    used 8279K, committed 9216K, reserved 1048576K
}

Dll operation events (20 events):
Event: 0.215 Attempting to load shared library C:\Users\LENOVO\.antigravity-ide\extensions\redhat.java-1.56.0-win32-x64\jre\21.0.12.1-win32-x86_64\bin\nio.dll
Event: 0.216 Loaded shared library C:\Users\LENOVO\.antigravity-ide\extensions\redhat.java-1.56.0-win32-x64\jre\21.0.12.1-win32-x86_64\bin\nio.dll
Event: 0.221 Attempting to load shared library C:\Users\LENOVO\.antigravity-ide\extensions\redhat.java-1.56.0-win32-x64\jre\21.0.12.1-win32-x86_64\bin\zip.dll
Event: 0.221 Loaded shared library C:\Users\LENOVO\.antigravity-ide\extensions\redhat.java-1.56.0-win32-x64\jre\21.0.12.1-win32-x86_64\bin\zip.dll
Event: 0.894 Attempting to load shared library C:\Users\LENOVO\.antigravity-ide\extensions\redhat.java-1.56.0-win32-x64\jre\21.0.12.1-win32-x86_64\bin\jimage.dll
Event: 0.894 Loaded shared library C:\Users\LENOVO\.antigravity-ide\extensions\redhat.java-1.56.0-win32-x64\jre\21.0.12.1-win32-x86_64\bin\jimage.dll
Event: 1.367 Attempting to load shared library C:\Users\LENOVO\.antigravity-ide\extensions\redhat.java-1.56.0-win32-x64\jre\21.0.12.1-win32-x86_64\bin\verify.dll
Event: 1.368 Loaded shared library C:\Users\LENOVO\.antigravity-ide\extensions\redhat.java-1.56.0-win32-x64\jre\21.0.12.1-win32-x86_64\bin\verify.dll
Event: 1.564 Attempting to load shared library C:\Users\LENOVO\.gradle\native\1def1411415f61bf3af743bc5b6707747c0891f09f0c88961ee8f79bc544acac\windows-amd64\native-platform.dll
Event: 1.566 Loaded shared library C:\Users\LENOVO\.gradle\native\1def1411415f61bf3af743bc5b6707747c0891f09f0c88961ee8f79bc544acac\windows-amd64\native-platform.dll
Event: 1.594 Attempting to load shared library C:\Users\LENOVO\.gradle\native\0.2.7\x86_64-windows-gnu\gradle-fileevents.dll
Event: 1.597 Loaded shared library C:\Users\LENOVO\.gradle\native\0.2.7\x86_64-windows-gnu\gradle-fileevents.dll
Event: 5.070 Attempting to load shared library C:\Users\LENOVO\.antigravity-ide\extensions\redhat.java-1.56.0-win32-x64\jre\21.0.12.1-win32-x86_64\bin\management.dll
Event: 5.070 Loaded shared library C:\Users\LENOVO\.antigravity-ide\extensions\redhat.java-1.56.0-win32-x64\jre\21.0.12.1-win32-x86_64\bin\management.dll
Event: 5.089 Attempting to load shared library C:\Users\LENOVO\.antigravity-ide\extensions\redhat.java-1.56.0-win32-x64\jre\21.0.12.1-win32-x86_64\bin\management_ext.dll
Event: 5.091 Loaded shared library C:\Users\LENOVO\.antigravity-ide\extensions\redhat.java-1.56.0-win32-x64\jre\21.0.12.1-win32-x86_64\bin\management_ext.dll
Event: 5.513 Attempting to load shared library C:\Users\LENOVO\.antigravity-ide\extensions\redhat.java-1.56.0-win32-x64\jre\21.0.12.1-win32-x86_64\bin\extnet.dll
Event: 5.513 Loaded shared library C:\Users\LENOVO\.antigravity-ide\extensions\redhat.java-1.56.0-win32-x64\jre\21.0.12.1-win32-x86_64\bin\extnet.dll
Event: 6.087 Attempting to load shared library C:\Users\LENOVO\.antigravity-ide\extensions\redhat.java-1.56.0-win32-x64\jre\21.0.12.1-win32-x86_64\bin\sunmscapi.dll
Event: 6.101 Loaded shared library C:\Users\LENOVO\.antigravity-ide\extensions\redhat.java-1.56.0-win32-x64\jre\21.0.12.1-win32-x86_64\bin\sunmscapi.dll

Deoptimization events (20 events):
Event: 40.475 Thread 0x0000024b1d7f3510 Uncommon trap: trap_request=0xffffffde fr.pc=0x0000024acaa79dd0 relative=0x0000000000006910
Event: 40.475 Thread 0x0000024b1d7f3510 Uncommon trap: reason=class_check action=maybe_recompile pc=0x0000024acaa79dd0 method=java.util.jar.JarFile.getManifestFromReference()Ljava/util/jar/Manifest; @ 152 c2
Event: 40.475 Thread 0x0000024b1d7f3510 DEOPT PACKING pc=0x0000024acaa79dd0 sp=0x0000008eab9f6290
Event: 40.476 Thread 0x0000024b1d7f3510 DEOPT UNPACKING pc=0x0000024aca274422 sp=0x0000008eab9f60e8 mode 2
Event: 40.503 Thread 0x0000024b1d7f3510 Uncommon trap: trap_request=0xffffff45 fr.pc=0x0000024aca8e8c10 relative=0x0000000000001d30
Event: 40.503 Thread 0x0000024b1d7f3510 Uncommon trap: reason=unstable_if action=reinterpret pc=0x0000024aca8e8c10 method=java.util.zip.InflaterInputStream.read([BII)I @ 94 c2
Event: 40.503 Thread 0x0000024b1d7f3510 DEOPT PACKING pc=0x0000024aca8e8c10 sp=0x0000008eab9f4780
Event: 40.503 Thread 0x0000024b1d7f3510 DEOPT UNPACKING pc=0x0000024aca274422 sp=0x0000008eab9f47e0 mode 2
Event: 40.545 Thread 0x0000024b1d7f3510 Uncommon trap: trap_request=0xffffff6e fr.pc=0x0000024aca7e429c relative=0x000000000000017c
Event: 40.545 Thread 0x0000024b1d7f3510 Uncommon trap: reason=loop_limit_check action=maybe_recompile pc=0x0000024aca7e429c method=java.lang.StringLatin1.lastIndexOf([BII)I @ 19 c2
Event: 40.545 Thread 0x0000024b1d7f3510 DEOPT PACKING pc=0x0000024aca7e429c sp=0x0000008eab9f6c70
Event: 40.545 Thread 0x0000024b1d7f3510 DEOPT UNPACKING pc=0x0000024aca274422 sp=0x0000008eab9f6bf0 mode 2
Event: 41.252 Thread 0x0000024b1d7f3510 Uncommon trap: trap_request=0xffffffde fr.pc=0x0000024acab061f4 relative=0x00000000000005b4
Event: 41.252 Thread 0x0000024b1d7f3510 Uncommon trap: reason=class_check action=maybe_recompile pc=0x0000024acab061f4 method=sun.security.provider.DigestBase.engineDigest([BII)I @ 97 c2
Event: 41.252 Thread 0x0000024b1d7f3510 DEOPT PACKING pc=0x0000024acab061f4 sp=0x0000008eab9f6610
Event: 41.253 Thread 0x0000024b1d7f3510 DEOPT UNPACKING pc=0x0000024aca274422 sp=0x0000008eab9f6570 mode 2
Event: 41.253 Thread 0x0000024b1d7f3510 Uncommon trap: trap_request=0xffffffde fr.pc=0x0000024acab061f4 relative=0x00000000000005b4
Event: 41.253 Thread 0x0000024b1d7f3510 Uncommon trap: reason=class_check action=maybe_recompile pc=0x0000024acab061f4 method=sun.security.provider.DigestBase.engineDigest([BII)I @ 97 c2
Event: 41.253 Thread 0x0000024b1d7f3510 DEOPT PACKING pc=0x0000024acab061f4 sp=0x0000008eab9f66a0
Event: 41.253 Thread 0x0000024b1d7f3510 DEOPT UNPACKING pc=0x0000024aca274422 sp=0x0000008eab9f6600 mode 2

Classes loaded (20 events):
Event: 40.419 Loading class java/util/Comparators$NullComparator
Event: 40.419 Loading class java/util/Comparators$NullComparator done
Event: 41.144 Loading class java/util/stream/ReduceOps$2
Event: 41.144 Loading class java/util/stream/ReduceOps$2 done
Event: 41.144 Loading class java/util/stream/ReduceOps$2ReducingSink
Event: 41.144 Loading class java/util/stream/ReduceOps$2ReducingSink done
Event: 41.148 Loading class java/lang/management/ClassLoadingMXBean
Event: 41.148 Loading class java/lang/management/ClassLoadingMXBean done
Event: 41.148 Loading class sun/management/ClassLoadingImpl
Event: 41.149 Loading class sun/management/ClassLoadingImpl done
Event: 41.210 Loading class java/lang/management/ThreadMXBean
Event: 41.210 Loading class java/lang/management/ThreadMXBean done
Event: 41.210 Loading class com/sun/management/internal/HotSpotThreadImpl
Event: 41.210 Loading class com/sun/management/ThreadMXBean
Event: 41.234 Loading class com/sun/management/ThreadMXBean done
Event: 41.234 Loading class sun/management/ThreadImpl
Event: 41.235 Loading class sun/management/ThreadImpl done
Event: 41.235 Loading class com/sun/management/internal/HotSpotThreadImpl done
Event: 41.265 Loading class java/util/concurrent/Executors$DefaultThreadFactory
Event: 41.265 Loading class java/util/concurrent/Executors$DefaultThreadFactory done

Classes unloaded (0 events):
No events

Classes redefined (0 events):
No events

Internal exceptions (20 events):
Event: 28.766 Thread 0x0000024b1d7f3510 Exception <a 'java/lang/NoSuchMethodError'{0x00000000c3439fa0}: 'java.lang.Object java.lang.invoke.DirectMethodHandle$Holder.invokeSpecial(java.lang.Object, java.lang.Object, java.lang.Object, long, java.lang.Object)'> (0x00000000c3439fa0) 
thrown [s\src\hotspot\share\interpreter\linkResolver.cpp, line 773]
Event: 28.767 Thread 0x0000024b1d7f3510 Exception <a 'java/lang/NoSuchMethodError'{0x00000000c343e6e8}: 'java.lang.Object java.lang.invoke.Invokers$Holder.linkToTargetMethod(java.lang.Object, long, java.lang.Object, java.lang.Object)'> (0x00000000c343e6e8) 
thrown [s\src\hotspot\share\interpreter\linkResolver.cpp, line 773]
Event: 28.777 Thread 0x0000024b1d7f3510 Exception <a 'java/lang/NoSuchMethodError'{0x00000000c34674a8}: 'void java.lang.invoke.DirectMethodHandle$Holder.invokeStatic(java.lang.Object, java.lang.Object, java.lang.Object, int, java.lang.Object)'> (0x00000000c34674a8) 
thrown [s\src\hotspot\share\interpreter\linkResolver.cpp, line 773]
Event: 31.123 Thread 0x0000024b1d7f3510 Exception <a 'java/lang/NoSuchMethodError'{0x00000000c5979680}: 'java.lang.Object java.lang.invoke.DirectMethodHandle$Holder.newInvokeSpecial(java.lang.Object, java.lang.Object, java.lang.Object, java.lang.Object, int, java.lang.Object)'> (0x00000000c5979680) 
thrown [s\src\hotspot\share\interpreter\linkResolver.cpp, line 773]
Event: 31.126 Thread 0x0000024b1d7f3510 Exception <a 'java/lang/NoSuchMethodError'{0x00000000c5982220}: 'java.lang.Object java.lang.invoke.Invokers$Holder.linkToTargetMethod(java.lang.Object, java.lang.Object, java.lang.Object, int, java.lang.Object, java.lang.Object)'> (0x00000000c5982220) 
thrown [s\src\hotspot\share\interpreter\linkResolver.cpp, line 773]
Event: 32.104 Thread 0x0000024b1d7f3510 Exception <a 'java/lang/NoSuchMethodError'{0x00000000c5c7d5b8}: 'java.lang.Object java.lang.invoke.DirectMethodHandle$Holder.invokeSpecialIFC(java.lang.Object, java.lang.Object, java.lang.Object)'> (0x00000000c5c7d5b8) 
thrown [s\src\hotspot\share\interpreter\linkResolver.cpp, line 773]
Event: 37.151 Thread 0x0000024b1d7f3510 Exception <a 'java/lang/ClassNotFoundException'{0x00000000c4762b60}: sun/misc/SharedSecrets> (0x00000000c4762b60) 
thrown [s\src\hotspot\share\classfile\systemDictionary.cpp, line 313]
Event: 37.186 Thread 0x0000024b1d7f3510 Exception <a 'java/lang/NoSuchMethodError'{0x00000000c479fdc0}: 'java.lang.Object java.lang.invoke.DirectMethodHandle$Holder.newInvokeSpecial(java.lang.Object, java.lang.Object, java.lang.Object, java.lang.Object, java.lang.Object, java.lang.Object, java.lang.Object, java.lang.Object, java.lang.Object, java.lang.Object, java.lang.Object, java.lang.Object, java.lang.Object, java.lang.Object, java.lang.Object, java.lang.Object, java.lang.Object, java.lang.Object)'> (0x00000000c479fdc0) 
thrown [s\src\hotspot
Event: 37.187 Thread 0x0000024b1d7f3510 Exception <a 'java/lang/NoSuchMethodError'{0x00000000c47a6938}: 'java.lang.Object java.lang.invoke.DirectMethodHandle$Holder.invokeSpecial(java.lang.Object, java.lang.Object, java.lang.Object, java.lang.Object, java.lang.Object, java.lang.Object, java.lang.Object, java.lang.Object, java.lang.Object, java.lang.Object, java.lang.Object, java.lang.Object, java.lang.Object, java.lang.Object, java.lang.Object, java.lang.Object, java.lang.Object, java.lang.Object, java.lang.Object)'> (0x00000000c47a6938) 
thrown
Event: 37.188 Thread 0x0000024b1d7f3510 Exception <a 'java/lang/NoSuchMethodError'{0x00000000c47ac310}: 'java.lang.Object java.lang.invoke.DelegatingMethodHandle$Holder.reinvoke_L(java.lang.Object, java.lang.Object, java.lang.Object, java.lang.Object, java.lang.Object, java.lang.Object, java.lang.Object, java.lang.Object, java.lang.Object, java.lang.Object, java.lang.Object, java.lang.Object, java.lang.Object, java.lang.Object, java.lang.Object, java.lang.Object, java.lang.Object, java.lang.Object)'> (0x00000000c47ac310) 
thrown [s\src\hotspot\s
Event: 37.306 Thread 0x0000024b1d7f3510 Exception <a 'java/lang/NoSuchMethodError'{0x00000000c3d4deb0}: 'void java.lang.invoke.DirectMethodHandle$Holder.invokeInterface(java.lang.Object, java.lang.Object, java.lang.Object, java.lang.Object)'> (0x00000000c3d4deb0) 
thrown [s\src\hotspot\share\interpreter\linkResolver.cpp, line 773]
Event: 37.798 Thread 0x0000024b1d7f3510 Implicit null exception at 0x0000024acaa9c0dd to 0x0000024acaa9c57c
Event: 37.798 Thread 0x0000024b1d7f3510 Implicit null exception at 0x0000024acaa9cd3f to 0x0000024acaa9d1dc
Event: 38.250 Thread 0x0000024b1de1ab10 Exception <a 'java/lang/NoSuchMethodError'{0x00000000c5a0f1b8}: 'void java.lang.invoke.DirectMethodHandle$Holder.invokeVirtual(java.lang.Object, java.lang.Object)'> (0x00000000c5a0f1b8) 
thrown [s\src\hotspot\share\interpreter\linkResolver.cpp, line 773]
Event: 39.417 Thread 0x0000024b1d7f3510 Exception <a 'java/lang/ClassNotFoundException'{0x00000000c4b5a688}: org/gradle/api/internal/plugins/DefaultObjectConfigurationActionBeanInfo> (0x00000000c4b5a688) 
thrown [s\src\hotspot\share\classfile\systemDictionary.cpp, line 313]
Event: 39.418 Thread 0x0000024b1d7f3510 Exception <a 'java/lang/ClassNotFoundException'{0x00000000c4b6e3b0}: org/gradle/api/internal/plugins/DefaultObjectConfigurationActionCustomizer> (0x00000000c4b6e3b0) 
thrown [s\src\hotspot\share\classfile\systemDictionary.cpp, line 313]
Event: 39.424 Thread 0x0000024b1d7f3510 Implicit null exception at 0x0000024aca91a7f2 to 0x0000024aca91aa70
Event: 39.425 Thread 0x0000024b1d7f3510 Exception <a 'java/lang/NoSuchMethodError'{0x00000000c4b7c0b8}: 'int java.lang.invoke.DirectMethodHandle$Holder.invokeSpecial(java.lang.Object, java.lang.Object, java.lang.Object, int)'> (0x00000000c4b7c0b8) 
thrown [s\src\hotspot\share\interpreter\linkResolver.cpp, line 773]
Event: 39.428 Thread 0x0000024b1d7f3510 Exception <a 'java/lang/NoSuchMethodError'{0x00000000c4b8d088}: 'java.lang.Object java.lang.invoke.DirectMethodHandle$Holder.invokeStatic(java.lang.Object, java.lang.Object, java.lang.Object, java.lang.Object, int)'> (0x00000000c4b8d088) 
thrown [s\src\hotspot\share\interpreter\linkResolver.cpp, line 773]
Event: 40.420 Thread 0x0000024b1d7f3510 Exception <a 'java/lang/NoSuchMethodError'{0x00000000c59ee6a8}: 'int java.lang.invoke.DirectMethodHandle$Holder.invokeSpecialIFC(java.lang.Object, java.lang.Object, java.lang.Object, java.lang.Object, java.lang.Object)'> (0x00000000c59ee6a8) 
thrown [s\src\hotspot\share\interpreter\linkResolver.cpp, line 773]

ZGC Phase Switch (0 events):
No events

VM Operations (20 events):
Event: 36.934 Executing non-safepoint VM operation: HandshakeAllThreads (Deoptimize)
Event: 36.934 Executing non-safepoint VM operation: HandshakeAllThreads (Deoptimize) done
Event: 37.938 Executing safepoint VM operation: Cleanup
Event: 37.938 Executing safepoint VM operation: Cleanup done
Event: 37.970 Executing non-safepoint VM operation: HandshakeAllThreads (Deoptimize)
Event: 37.970 Executing non-safepoint VM operation: HandshakeAllThreads (Deoptimize) done
Event: 38.022 Executing safepoint VM operation: G1CollectForAllocation (G1 Evacuation Pause)
Event: 38.028 Executing safepoint VM operation: G1CollectForAllocation (G1 Evacuation Pause) done
Event: 39.037 Executing safepoint VM operation: Cleanup
Event: 39.053 Executing safepoint VM operation: Cleanup done
Event: 39.549 Executing safepoint VM operation: G1CollectForAllocation (G1 Evacuation Pause)
Event: 39.555 Executing safepoint VM operation: G1CollectForAllocation (G1 Evacuation Pause) done
Event: 39.679 Executing safepoint VM operation: G1TryInitiateConcMark (G1 Humongous Allocation)
Event: 39.682 Executing safepoint VM operation: G1TryInitiateConcMark (G1 Humongous Allocation) done
Event: 39.742 Executing safepoint VM operation: G1PauseRemark
Event: 39.748 Executing safepoint VM operation: G1PauseRemark done
Event: 39.777 Executing safepoint VM operation: G1PauseCleanup
Event: 39.777 Executing safepoint VM operation: G1PauseCleanup done
Event: 40.422 Executing safepoint VM operation: G1CollectForAllocation (G1 Evacuation Pause)
Event: 40.426 Executing safepoint VM operation: G1CollectForAllocation (G1 Evacuation Pause) done

Memory protections (0 events):
No events

Nmethod flushes (20 events):
Event: 39.747 Thread 0x0000024ad658a110 flushing  nmethod 0x0000024ac38e4e90
Event: 39.747 Thread 0x0000024ad658a110 flushing  nmethod 0x0000024acab32090
Event: 39.747 Thread 0x0000024ad658a110 flushing  nmethod 0x0000024ac2ec1c90
Event: 39.747 Thread 0x0000024ad658a110 flushing  nmethod 0x0000024ac3326990
Event: 39.747 Thread 0x0000024ad658a110 flushing  nmethod 0x0000024ac33bc390
Event: 39.747 Thread 0x0000024ad658a110 flushing  nmethod 0x0000024ac3828f90
Event: 39.747 Thread 0x0000024ad658a110 flushing  nmethod 0x0000024ac395bd90
Event: 39.747 Thread 0x0000024ad658a110 flushing  nmethod 0x0000024ac2cf7710
Event: 39.747 Thread 0x0000024ad658a110 flushing  nmethod 0x0000024ac2db9010
Event: 39.747 Thread 0x0000024ad658a110 flushing  nmethod 0x0000024ac2e40c90
Event: 39.747 Thread 0x0000024ad658a110 flushing  nmethod 0x0000024ac2f3bf10
Event: 39.747 Thread 0x0000024ad658a110 flushing  nmethod 0x0000024ac314dd10
Event: 39.747 Thread 0x0000024ad658a110 flushing  nmethod 0x0000024ac38d9b10
Event: 39.747 Thread 0x0000024ad658a110 flushing  nmethod 0x0000024ac39e0110
Event: 39.747 Thread 0x0000024ad658a110 flushing  nmethod 0x0000024ac2e65f90
Event: 39.747 Thread 0x0000024ad658a110 flushing  nmethod 0x0000024ac34b5710
Event: 39.747 Thread 0x0000024ad658a110 flushing  nmethod 0x0000024ac3774e10
Event: 39.747 Thread 0x0000024ad658a110 flushing  nmethod 0x0000024ac37feb10
Event: 39.747 Thread 0x0000024ad658a110 flushing  nmethod 0x0000024ac3962e10
Event: 39.747 Thread 0x0000024ad658a110 flushing  nmethod 0x0000024ac39a0b10

Events (20 events):
Event: 32.116 Thread 0x0000024b1d7f3510 Thread added: 0x0000024b1d9fddc0
Event: 32.118 Thread 0x0000024b1d7f3510 Thread added: 0x0000024b1d9fca10
Event: 38.174 Thread 0x0000024b1d7f3510 Thread added: 0x0000024b1d9fafd0
Event: 38.174 Thread 0x0000024b1d7f3510 Thread added: 0x0000024b1de1cbe0
Event: 38.175 Thread 0x0000024b1d7f3510 Thread added: 0x0000024b1de1ab10
Event: 38.175 Thread 0x0000024b1d7f3510 Thread added: 0x0000024b1de1bec0
Event: 38.177 Thread 0x0000024b1d7f3510 Thread added: 0x0000024b1de19df0
Event: 38.178 Thread 0x0000024b1d7f3510 Thread added: 0x0000024b1de1d900
Event: 38.178 Thread 0x0000024b1d7f3510 Thread added: 0x0000024b1de1b1a0
Event: 39.082 Thread 0x0000024b1d7f3510 Thread added: 0x0000024b1de1b830
Event: 39.089 Thread 0x0000024b1d7f3510 Thread added: 0x0000024b1de1c550
Event: 39.096 Thread 0x0000024b1d7f3510 Thread added: 0x0000024b1de1d270
Event: 39.099 Thread 0x0000024b1d7f3510 Thread added: 0x0000024b1de1a480
Event: 39.130 Thread 0x0000024b1d7f3510 Thread added: 0x0000024b1de20060
Event: 39.131 Thread 0x0000024b1d7f3510 Thread added: 0x0000024b1de206f0
Event: 39.132 Thread 0x0000024b1d7f3510 Thread added: 0x0000024b1de1df90
Event: 39.133 Thread 0x0000024b1d7f3510 Thread added: 0x0000024b1de20d80
Event: 39.134 Thread 0x0000024b1d7f3510 Thread added: 0x0000024b1de1f340
Event: 39.135 Thread 0x0000024b1d7f3510 Thread added: 0x0000024b1de21410
Event: 39.136 Thread 0x0000024b1d7f3510 Thread added: 0x0000024b1de1e620


Dynamic libraries:
0x00007ff68b060000 - 0x00007ff68b06e000 	C:\Users\LENOVO\.antigravity-ide\extensions\redhat.java-1.56.0-win32-x64\jre\21.0.12.1-win32-x86_64\bin\java.exe
0x00007ffba7f40000 - 0x00007ffba81a7000 	C:\WINDOWS\SYSTEM32\ntdll.dll
0x00007ffba6070000 - 0x00007ffba613b000 	C:\WINDOWS\System32\KERNEL32.DLL
0x00007ffba5490000 - 0x00007ffba5892000 	C:\WINDOWS\System32\KERNELBASE.dll
0x00007ffba5140000 - 0x00007ffba528c000 	C:\WINDOWS\System32\ucrtbase.dll
0x00007ffb98210000 - 0x00007ffb98228000 	C:\Users\LENOVO\.antigravity-ide\extensions\redhat.java-1.56.0-win32-x64\jre\21.0.12.1-win32-x86_64\bin\jli.dll
0x00007ffba5e00000 - 0x00007ffba5fcf000 	C:\WINDOWS\System32\USER32.dll
0x00007ffba59e0000 - 0x00007ffba5a07000 	C:\WINDOWS\System32\win32u.dll
0x00007ffba5d80000 - 0x00007ffba5dab000 	C:\WINDOWS\System32\GDI32.dll
0x00007ffba52a0000 - 0x00007ffba53c9000 	C:\WINDOWS\System32\gdi32full.dll
0x00007ffba5930000 - 0x00007ffba59d3000 	C:\WINDOWS\System32\msvcp_win.dll
0x00007ffb97910000 - 0x00007ffb9792e000 	C:\Users\LENOVO\.antigravity-ide\extensions\redhat.java-1.56.0-win32-x64\jre\21.0.12.1-win32-x86_64\bin\VCRUNTIME140.dll
0x00007ffb8ec40000 - 0x00007ffb8eed0000 	C:\WINDOWS\WinSxS\amd64_microsoft.windows.common-controls_6595b64144ccf1df_6.0.26100.9278_none_3e0d1ba8e3303201\COMCTL32.dll
0x00007ffba6840000 - 0x00007ffba68e9000 	C:\WINDOWS\System32\msvcrt.dll
0x00007ffba5dc0000 - 0x00007ffba5df1000 	C:\WINDOWS\System32\IMM32.DLL
0x00007ffb98200000 - 0x00007ffb9820c000 	C:\Users\LENOVO\.antigravity-ide\extensions\redhat.java-1.56.0-win32-x64\jre\21.0.12.1-win32-x86_64\bin\vcruntime140_1.dll
0x00007ffb763b0000 - 0x00007ffb7643d000 	C:\Users\LENOVO\.antigravity-ide\extensions\redhat.java-1.56.0-win32-x64\jre\21.0.12.1-win32-x86_64\bin\msvcp140.dll
0x00007ffb366c0000 - 0x00007ffb37462000 	C:\Users\LENOVO\.antigravity-ide\extensions\redhat.java-1.56.0-win32-x64\jre\21.0.12.1-win32-x86_64\bin\server\jvm.dll
0x00007ffba66f0000 - 0x00007ffba67ac000 	C:\WINDOWS\System32\ADVAPI32.dll
0x00007ffba7e30000 - 0x00007ffba7ed9000 	C:\WINDOWS\System32\sechost.dll
0x00007ffba5c60000 - 0x00007ffba5d78000 	C:\WINDOWS\System32\RPCRT4.dll
0x00007ffba7090000 - 0x00007ffba7110000 	C:\WINDOWS\System32\WS2_32.dll
0x00007ffba4f90000 - 0x00007ffba4fee000 	C:\WINDOWS\SYSTEM32\POWRPROF.dll
0x00007ffb983b0000 - 0x00007ffb983e6000 	C:\WINDOWS\SYSTEM32\WINMM.dll
0x00007ffb93ff0000 - 0x00007ffb93ffb000 	C:\WINDOWS\SYSTEM32\VERSION.dll
0x00007ffba4f70000 - 0x00007ffba4f85000 	C:\WINDOWS\SYSTEM32\UMPDC.dll
0x00007ffba3dd0000 - 0x00007ffba3deb000 	C:\WINDOWS\SYSTEM32\kernel.appcore.dll
0x00007ffb97640000 - 0x00007ffb9764a000 	C:\Users\LENOVO\.antigravity-ide\extensions\redhat.java-1.56.0-win32-x64\jre\21.0.12.1-win32-x86_64\bin\jimage.dll
0x00007ffba2480000 - 0x00007ffba26cc000 	C:\WINDOWS\SYSTEM32\DBGHELP.DLL
0x00007ffba7950000 - 0x00007ffba7cd5000 	C:\WINDOWS\System32\combase.dll
0x00007ffba62c0000 - 0x00007ffba6399000 	C:\WINDOWS\System32\OLEAUT32.dll
0x00007ffb8c4f0000 - 0x00007ffb8c52b000 	C:\WINDOWS\SYSTEM32\dbgcore.DLL
0x00007ffba5a10000 - 0x00007ffba5abc000 	C:\WINDOWS\System32\bcryptPrimitives.dll
0x00007ffb87510000 - 0x00007ffb8751f000 	C:\Users\LENOVO\.antigravity-ide\extensions\redhat.java-1.56.0-win32-x64\jre\21.0.12.1-win32-x86_64\bin\instrument.dll
0x00007ffb77ba0000 - 0x00007ffb77bc0000 	C:\Users\LENOVO\.antigravity-ide\extensions\redhat.java-1.56.0-win32-x64\jre\21.0.12.1-win32-x86_64\bin\java.dll
0x00007ffba68f0000 - 0x00007ffba7088000 	C:\WINDOWS\System32\SHELL32.dll
0x00007ffba2b60000 - 0x00007ffba340e000 	C:\WINDOWS\SYSTEM32\windows.storage.dll
0x00007ffba7d30000 - 0x00007ffba7e2b000 	C:\WINDOWS\System32\SHCORE.dll
0x00007ffba67d0000 - 0x00007ffba6836000 	C:\WINDOWS\System32\shlwapi.dll
0x00007ffba5060000 - 0x00007ffba5089000 	C:\WINDOWS\SYSTEM32\profapi.dll
0x00007ffb77b80000 - 0x00007ffb77b98000 	C:\Users\LENOVO\.antigravity-ide\extensions\redhat.java-1.56.0-win32-x64\jre\21.0.12.1-win32-x86_64\bin\zip.dll
0x00007ffb97630000 - 0x00007ffb97640000 	C:\Users\LENOVO\.antigravity-ide\extensions\redhat.java-1.56.0-win32-x64\jre\21.0.12.1-win32-x86_64\bin\net.dll
0x00007ffb9d7d0000 - 0x00007ffb9d8fa000 	C:\WINDOWS\SYSTEM32\WINHTTP.dll
0x00007ffba4370000 - 0x00007ffba43dc000 	C:\WINDOWS\system32\mswsock.dll
0x00007ffb759a0000 - 0x00007ffb759b6000 	C:\Users\LENOVO\.antigravity-ide\extensions\redhat.java-1.56.0-win32-x64\jre\21.0.12.1-win32-x86_64\bin\nio.dll
0x00007ffb87520000 - 0x00007ffb87530000 	C:\Users\LENOVO\.antigravity-ide\extensions\redhat.java-1.56.0-win32-x64\jre\21.0.12.1-win32-x86_64\bin\verify.dll
0x00007ffb980f0000 - 0x00007ffb98117000 	C:\Users\LENOVO\.gradle\native\1def1411415f61bf3af743bc5b6707747c0891f09f0c88961ee8f79bc544acac\windows-amd64\native-platform.dll
0x00007ffb475f0000 - 0x00007ffb47668000 	C:\Users\LENOVO\.gradle\native\0.2.7\x86_64-windows-gnu\gradle-fileevents.dll
0x00007ffb97900000 - 0x00007ffb9790a000 	C:\Users\LENOVO\.antigravity-ide\extensions\redhat.java-1.56.0-win32-x64\jre\21.0.12.1-win32-x86_64\bin\management.dll
0x00007ffb974f0000 - 0x00007ffb974fc000 	C:\Users\LENOVO\.antigravity-ide\extensions\redhat.java-1.56.0-win32-x64\jre\21.0.12.1-win32-x86_64\bin\management_ext.dll
0x00007ffba5db0000 - 0x00007ffba5db8000 	C:\WINDOWS\System32\PSAPI.DLL
0x00007ffba3780000 - 0x00007ffba37b3000 	C:\WINDOWS\SYSTEM32\IPHLPAPI.DLL
0x00007ffba7120000 - 0x00007ffba712a000 	C:\WINDOWS\System32\NSI.dll
0x00007ffb96ee0000 - 0x00007ffb96ee9000 	C:\Users\LENOVO\.antigravity-ide\extensions\redhat.java-1.56.0-win32-x64\jre\21.0.12.1-win32-x86_64\bin\extnet.dll
0x00007ffba4790000 - 0x00007ffba47ab000 	C:\WINDOWS\SYSTEM32\CRYPTSP.dll
0x00007ffba3d30000 - 0x00007ffba3d69000 	C:\WINDOWS\system32\rsaenh.dll
0x00007ffba4420000 - 0x00007ffba4454000 	C:\WINDOWS\SYSTEM32\USERENV.dll
0x00007ffba5030000 - 0x00007ffba505a000 	C:\WINDOWS\SYSTEM32\bcrypt.dll
0x00007ffba45d0000 - 0x00007ffba45dc000 	C:\WINDOWS\SYSTEM32\CRYPTBASE.dll
0x00007ffb7e850000 - 0x00007ffb7e85e000 	C:\Users\LENOVO\.antigravity-ide\extensions\redhat.java-1.56.0-win32-x64\jre\21.0.12.1-win32-x86_64\bin\sunmscapi.dll
0x00007ffba5ad0000 - 0x00007ffba5c4e000 	C:\WINDOWS\System32\CRYPT32.dll
0x00007ffba4900000 - 0x00007ffba4930000 	C:\WINDOWS\SYSTEM32\ncrypt.dll
0x00007ffba48b0000 - 0x00007ffba48ef000 	C:\WINDOWS\SYSTEM32\NTASN1.dll
0x00007ffb66b40000 - 0x00007ffb66b48000 	C:\WINDOWS\system32\wshunix.dll

JVMTI agents:
C:\Users\LENOVO\.gradle\wrapper\dists\gradle-8.14-bin\38aieal9i53h9rfe7vjup95b9\gradle-8.14\lib\agents\gradle-instrumentation-agent-8.14.jar path:C:\Users\LENOVO\.antigravity-ide\extensions\redhat.java-1.56.0-win32-x64\jre\21.0.12.1-win32-x86_64\bin\instrument.dll, loaded, initialized, instrumentlib options:none

dbghelp: loaded successfully - version: 4.0.5 - missing functions: none
symbol engine: initialized successfully - sym options: 0x614 - pdb path: .;C:\Users\LENOVO\.antigravity-ide\extensions\redhat.java-1.56.0-win32-x64\jre\21.0.12.1-win32-x86_64\bin;C:\WINDOWS\SYSTEM32;C:\WINDOWS\WinSxS\amd64_microsoft.windows.common-controls_6595b64144ccf1df_6.0.26100.9278_none_3e0d1ba8e3303201;C:\Users\LENOVO\.antigravity-ide\extensions\redhat.java-1.56.0-win32-x64\jre\21.0.12.1-win32-x86_64\bin\server;C:\Users\LENOVO\.gradle\native\1def1411415f61bf3af743bc5b6707747c0891f09f0c88961ee8f79bc544acac\windows-amd64;C:\Users\LENOVO\.gradle\native\0.2.7\x86_64-windows-gnu

VM Arguments:
jvm_args: --add-opens=java.base/java.lang=ALL-UNNAMED --add-opens=java.base/java.lang.invoke=ALL-UNNAMED --add-opens=java.base/java.util=ALL-UNNAMED --add-opens=java.prefs/java.util.prefs=ALL-UNNAMED --add-exports=jdk.compiler/com.sun.tools.javac.api=ALL-UNNAMED --add-exports=jdk.compiler/com.sun.tools.javac.util=ALL-UNNAMED --add-opens=java.base/java.util=ALL-UNNAMED --add-opens=java.prefs/java.util.prefs=ALL-UNNAMED --add-opens=java.base/java.nio.charset=ALL-UNNAMED --add-opens=java.base/java.net=ALL-UNNAMED --add-opens=java.base/java.util.concurrent.atomic=ALL-UNNAMED --add-opens=java.xml/javax.xml.namespace=ALL-UNNAMED -Xmx1024m -Dfile.encoding=UTF-8 -Duser.country=US -Duser.language=en -Duser.variant -javaagent:C:\Users\LENOVO\.gradle\wrapper\dists\gradle-8.14-bin\38aieal9i53h9rfe7vjup95b9\gradle-8.14\lib\agents\gradle-instrumentation-agent-8.14.jar 
java_command: org.gradle.launcher.daemon.bootstrap.GradleDaemon 8.14
java_class_path (initial): C:\Users\LENOVO\.gradle\wrapper\dists\gradle-8.14-bin\38aieal9i53h9rfe7vjup95b9\gradle-8.14\lib\gradle-daemon-main-8.14.jar
Launcher Type: SUN_STANDARD

[Global flags]
     intx CICompilerCount                          = 4                                         {product} {ergonomic}
     uint ConcGCThreads                            = 2                                         {product} {ergonomic}
     uint G1ConcRefinementThreads                  = 8                                         {product} {ergonomic}
   size_t G1HeapRegionSize                         = 1048576                                   {product} {ergonomic}
    uintx GCDrainStackTargetSize                   = 64                                        {product} {ergonomic}
   size_t InitialHeapSize                          = 98566144                                  {product} {ergonomic}
   size_t MarkStackSize                            = 4194304                                   {product} {ergonomic}
   size_t MaxHeapSize                              = 1073741824                                {product} {command line}
   size_t MaxNewSize                               = 643825664                                 {product} {ergonomic}
   size_t MinHeapDeltaBytes                        = 1048576                                   {product} {ergonomic}
   size_t MinHeapSize                              = 8388608                                   {product} {ergonomic}
    uintx NonNMethodCodeHeapSize                   = 5839372                                {pd product} {ergonomic}
    uintx NonProfiledCodeHeapSize                  = 122909434                              {pd product} {ergonomic}
    uintx ProfiledCodeHeapSize                     = 122909434                              {pd product} {ergonomic}
    uintx ReservedCodeCacheSize                    = 251658240                              {pd product} {ergonomic}
     bool SegmentedCodeCache                       = true                                      {product} {ergonomic}
   size_t SoftMaxHeapSize                          = 1073741824                             {manageable} {ergonomic}
     bool UseCompressedOops                        = true                           {product lp64_product} {ergonomic}
     bool UseG1GC                                  = true                                      {product} {ergonomic}
     bool UseLargePagesIndividualAllocation        = false                                  {pd product} {ergonomic}

Logging:
Log output configuration:
 #0: stdout all=warning uptime,level,tags foldmultilines=false
 #1: stderr all=off uptime,level,tags foldmultilines=false

Release file:
JAVA_VERSION="21.0.12.1" 
MODULES="java.base java.compiler java.datatransfer java.xml java.prefs java.desktop java.instrument java.logging java.management java.security.sasl java.naming java.rmi java.management.rmi java.net.http java.scripting java.security.jgss java.transaction.xa java.sql java.sql.rowset java.xml.crypto java.se java.smartcardio jdk.accessibility jdk.internal.jvmstat jdk.attach jdk.charsets jdk.internal.opt jdk.zipfs jdk.compiler jdk.crypto.ec jdk.crypto.cryptoki jdk.crypto.mscapi jdk.dynalink jdk.internal.ed jdk.editpad jdk.hotspot.agent jdk.httpserver jdk.internal.le jdk.internal.vm.ci jdk.internal.vm.compiler jdk.internal.vm.compiler.management jdk.jartool jdk.javadoc jdk.jcmd jdk.management jdk.management.agent jdk.jconsole jdk.jdeps jdk.jdwp.agent jdk.jdi jdk.jfr jdk.jshell jdk.jsobject jdk.jstatd jdk.localedata jdk.management.jfr jdk.naming.dns jdk.naming.rmi jdk.net jdk.nio.mapmode jdk.random jdk.sctp jdk.security.auth jdk.security.jgss jdk.unsupported jdk.unsupported.desktop jdk.xml.dom" 

Environment Variables:
JAVA_HOME=C:\Program Files\Android\Android Studio\jbr
PATH=C:\WINDOWS\system32;C:\WINDOWS;C:\WINDOWS\System32\Wbem;C:\WINDOWS\System32\WindowsPowerShell\v1.0\;C:\WINDOWS\System32\OpenSSH\;C:\Program Files\Docker\Docker\resources\bin;C:\Program Files\nodejs\;C:\Program Files\Git\cmd;C:\Users\LENOVO\AppData\Local\Programs\Python\Python312\Scripts\;C:\Users\LENOVO\AppData\Local\Programs\Python\Python312\;C:\Users\LENOVO\AppData\Local\Programs\Python\Launcher\;C:\Users\LENOVO\AppData\Local\Programs\Python\Python314\Scripts\;C:\Users\LENOVO\AppData\Local\Programs\Python\Python314\;C:\Users\LENOVO\AppData\Local\Microsoft\WindowsApps;C:\Users\LENOVO\AppData\Local\Programs\Antigravity\bin;C:\Users\LENOVO\AppData\Roaming\npm;C:\ScrcpyLauncher by praveen;C:\Users\LENOVO\AppData\Local\PowerToys\DSCModules\;C:\Users\LENOVO\AppData\Local\Programs\Antigravity IDE\bin
USERNAME=LENOVO
OS=Windows_NT
PROCESSOR_IDENTIFIER=AMD64 Family 23 Model 160 Stepping 0, AuthenticAMD
TMP=C:\Users\LENOVO\AppData\Local\Temp
TEMP=C:\Users\LENOVO\AppData\Local\Temp




Periodic native trim disabled

---------------  S Y S T E M  ---------------

OS:
 Windows 11 , 64 bit Build 26100 (10.0.26100.9444)
OS uptime: 8 days 14:31 hours
Hyper-V role detected

CPU: total 8 (initial active 8) (8 cores per cpu, 2 threads per core) family 23 model 160 stepping 0 microcode 0x8a0000a, cx8, cmov, fxsr, ht, mmx, 3dnowpref, sse, sse2, sse3, ssse3, sse4a, sse4.1, sse4.2, popcnt, lzcnt, tsc, tscinvbit, avx, avx2, aes, clmul, bmi1, bmi2, adx, sha, fma, vzeroupper, clflush, clflushopt, hv, rdtscp, rdpid, f16c
Processor Information for the first 8 processors :
  Max Mhz: 2401, Current Mhz: 2401, Mhz Limit: 2401

Memory: 4k page, system-wide physical 5965M (182M free)
TotalPageFile size 24397M (AvailPageFile size 6M)
current process WorkingSet (physical memory assigned to process): 247M, peak: 248M
current process commit charge ("private bytes"): 355M, peak: 356M

vm_info: OpenJDK 64-Bit Server VM (21.0.12.1+1-LTS) for windows-amd64 JRE (21.0.12.1+1-LTS), built on 2026-08-18T00:00:00Z by "admin" with MS VC++ 17.12 (VS2022)

END.
