#
# There is insufficient memory for the Java Runtime Environment to continue.
# Native memory allocation (malloc) failed to allocate 1127856 bytes. Error detail: Chunk::new
# Possible reasons:
#   The system is out of physical RAM or swap space
#   This process is running with CompressedOops enabled, and the Java Heap may be blocking the growth of the native heap
# Possible solutions:
#   Reduce memory load on the system
#   Increase physical memory or swap space
#   Check if swap backing store is full
#   Decrease Java heap size (-Xmx/-Xms)
#   Decrease number of Java threads
#   Decrease Java thread stack sizes (-Xss)
#   Set larger code cache with -XX:ReservedCodeCacheSize=
#   JVM is running with Unscaled Compressed Oops mode in which the Java heap is
#     placed in the first 4GB address space. The Java Heap base address is the
#     maximum limit for the native heap growth. Please use -XX:HeapBaseMinAddress
#     to set the Java Heap base and to place the Java Heap above 4GB virtual address.
# This output file may be truncated or incomplete.
#
#  Out of Memory Error (arena.cpp:168), pid=14220, tid=6528
#
# JRE version: OpenJDK Runtime Environment Temurin-21.0.12.1+1 (21.0.12.1+1) (build 21.0.12.1+1-LTS)
# Java VM: OpenJDK 64-Bit Server VM Temurin-21.0.12.1+1 (21.0.12.1+1-LTS, mixed mode, sharing, tiered, compressed oops, compressed class ptrs, g1 gc, windows-amd64)
# No core dump will be written. Minidumps are not enabled by default on client versions of Windows
#

---------------  S U M M A R Y ------------

Command Line: --add-opens=java.base/java.lang=ALL-UNNAMED --add-opens=java.base/java.lang.invoke=ALL-UNNAMED --add-opens=java.base/java.util=ALL-UNNAMED --add-opens=java.prefs/java.util.prefs=ALL-UNNAMED --add-exports=jdk.compiler/com.sun.tools.javac.api=ALL-UNNAMED --add-exports=jdk.compiler/com.sun.tools.javac.util=ALL-UNNAMED --add-opens=java.base/java.util=ALL-UNNAMED --add-opens=java.prefs/java.util.prefs=ALL-UNNAMED --add-opens=java.base/java.nio.charset=ALL-UNNAMED --add-opens=java.base/java.net=ALL-UNNAMED --add-opens=java.base/java.util.concurrent.atomic=ALL-UNNAMED --add-opens=java.xml/javax.xml.namespace=ALL-UNNAMED -Xmx1024m -Dfile.encoding=UTF-8 -Duser.country=US -Duser.language=en -Duser.variant -javaagent:C:\Users\LENOVO\.gradle\wrapper\dists\gradle-8.14-bin\38aieal9i53h9rfe7vjup95b9\gradle-8.14\lib\agents\gradle-instrumentation-agent-8.14.jar org.gradle.launcher.daemon.bootstrap.GradleDaemon 8.14

Host: AMD Ryzen 3 7320U with Radeon Graphics         , 8 cores, 5G,  Windows 11 , 64 bit Build 26100 (10.0.26100.9444)
Time: Sun Sep 27 21:22:08 2026 Nepal Standard Time elapsed time: 22.594109 seconds (0d 0h 0m 22s)

---------------  T H R E A D  ---------------

Current thread (0x000001e7c9772710):  JavaThread "C2 CompilerThread0" daemon [_thread_in_native, id=6528, stack(0x0000003c6ab00000,0x0000003c6ac00000) (1024K)]


Current CompileTask:
C2:22594 4181       4       java.lang.String::split (148 bytes)

Stack: [0x0000003c6ab00000,0x0000003c6ac00000]
Native frames: (J=compiled Java code, j=interpreted, Vv=VM code, C=native code)
V  [jvm.dll+0x6d83e9]
V  [jvm.dll+0x8b5736]
V  [jvm.dll+0x8b7cee]
V  [jvm.dll+0x8b83d3]
V  [jvm.dll+0x284596]
V  [jvm.dll+0xc685d]
V  [jvm.dll+0xc6da1]
V  [jvm.dll+0x3bf151]
V  [jvm.dll+0x38b6d2]
V  [jvm.dll+0x38ab1a]
V  [jvm.dll+0x24c700]
V  [jvm.dll+0x24bce0]
V  [jvm.dll+0x1cb4ae]
V  [jvm.dll+0x25baad]
V  [jvm.dll+0x25a03a]
V  [jvm.dll+0x3f8aae]
V  [jvm.dll+0x8600cd]
V  [jvm.dll+0x6d6c1d]
C  [ucrtbase.dll+0x2cd30]
C  [KERNEL32.DLL+0x2cd87]
C  [ntdll.dll+0xacaec]


---------------  P R O C E S S  ---------------

Threads class SMR info:
_java_thread_list=0x000001e810ea43a0, length=29, elements={
0x000001e7b0f37a00, 0x000001e7c97685e0, 0x000001e7c9769d60, 0x000001e7c976e020,
0x000001e7c976ea80, 0x000001e7c976f4e0, 0x000001e7c976ff40, 0x000001e7c9772710,
0x000001e7c9776f80, 0x000001e7c99fd3b0, 0x000001e7c9a4f270, 0x000001e80fa74250,
0x000001e8102c5900, 0x000001e80f0cd7f0, 0x000001e8102ba9c0, 0x000001e8102b9980,
0x000001e81066f9c0, 0x000001e8104286f0, 0x000001e81042a7c0, 0x000001e81042ae50,
0x000001e81042a130, 0x000001e81042b4e0, 0x000001e810429410, 0x000001e810428d80,
0x000001e810428060, 0x000001e811d72770, 0x000001e811d70d30, 0x000001e811d72e00,
0x000001e811d71a50
}

Java Threads: ( => current thread )
  0x000001e7b0f37a00 JavaThread "main"                              [_thread_blocked, id=20716, stack(0x0000003c69d00000,0x0000003c69e00000) (1024K)]
  0x000001e7c97685e0 JavaThread "Reference Handler"          daemon [_thread_blocked, id=17060, stack(0x0000003c6a500000,0x0000003c6a600000) (1024K)]
  0x000001e7c9769d60 JavaThread "Finalizer"                  daemon [_thread_blocked, id=20516, stack(0x0000003c6a600000,0x0000003c6a700000) (1024K)]
  0x000001e7c976e020 JavaThread "Signal Dispatcher"          daemon [_thread_blocked, id=11140, stack(0x0000003c6a700000,0x0000003c6a800000) (1024K)]
  0x000001e7c976ea80 JavaThread "Attach Listener"            daemon [_thread_blocked, id=6884, stack(0x0000003c6a800000,0x0000003c6a900000) (1024K)]
  0x000001e7c976f4e0 JavaThread "Service Thread"             daemon [_thread_blocked, id=24676, stack(0x0000003c6a900000,0x0000003c6aa00000) (1024K)]
  0x000001e7c976ff40 JavaThread "Monitor Deflation Thread"   daemon [_thread_blocked, id=25276, stack(0x0000003c6aa00000,0x0000003c6ab00000) (1024K)]
=>0x000001e7c9772710 JavaThread "C2 CompilerThread0"         daemon [_thread_in_native, id=6528, stack(0x0000003c6ab00000,0x0000003c6ac00000) (1024K)]
  0x000001e7c9776f80 JavaThread "C1 CompilerThread0"         daemon [_thread_blocked, id=3568, stack(0x0000003c6ac00000,0x0000003c6ad00000) (1024K)]
  0x000001e7c99fd3b0 JavaThread "Common-Cleaner"             daemon [_thread_blocked, id=19440, stack(0x0000003c6ad00000,0x0000003c6ae00000) (1024K)]
  0x000001e7c9a4f270 JavaThread "Notification Thread"        daemon [_thread_blocked, id=26204, stack(0x0000003c6ae00000,0x0000003c6af00000) (1024K)]
  0x000001e80fa74250 JavaThread "Daemon health stats"               [_thread_blocked, id=12200, stack(0x0000003c6b300000,0x0000003c6b400000) (1024K)]
  0x000001e8102c5900 JavaThread "Incoming local TCP Connector on port 47561"        [_thread_in_native, id=6096, stack(0x0000003c6b400000,0x0000003c6b500000) (1024K)]
  0x000001e80f0cd7f0 JavaThread "Daemon periodic checks"            [_thread_blocked, id=6260, stack(0x0000003c6b500000,0x0000003c6b600000) (1024K)]
  0x000001e8102ba9c0 JavaThread "Daemon"                            [_thread_blocked, id=20264, stack(0x0000003c6b600000,0x0000003c6b700000) (1024K)]
  0x000001e8102b9980 JavaThread "Handler for socket connection from /127.0.0.1:47561 to /127.0.0.1:47562"        [_thread_in_native, id=25748, stack(0x0000003c6b700000,0x0000003c6b800000) (1024K)]
  0x000001e81066f9c0 JavaThread "Cancel handler"                    [_thread_blocked, id=21256, stack(0x0000003c6b800000,0x0000003c6b900000) (1024K)]
  0x000001e8104286f0 JavaThread "Daemon worker"                     [_thread_in_vm, id=14556, stack(0x0000003c6b900000,0x0000003c6ba00000) (1024K)]
  0x000001e81042a7c0 JavaThread "Asynchronous log dispatcher for DefaultDaemonConnection: socket connection from /127.0.0.1:47561 to /127.0.0.1:47562"        [_thread_blocked, id=16792, stack(0x0000003c6ba00000,0x0000003c6bb00000) (1024K)]
  0x000001e81042ae50 JavaThread "Stdin handler"                     [_thread_blocked, id=7220, stack(0x0000003c6bb00000,0x0000003c6bc00000) (1024K)]
  0x000001e81042a130 JavaThread "Daemon client event forwarder"        [_thread_blocked, id=9696, stack(0x0000003c6bc00000,0x0000003c6bd00000) (1024K)]
  0x000001e81042b4e0 JavaThread "Cache worker for journal cache (C:\Users\LENOVO\.gradle\caches\journal-1)"        [_thread_blocked, id=24616, stack(0x0000003c6bd00000,0x0000003c6be00000) (1024K)]
  0x000001e810429410 JavaThread "File lock request listener"        [_thread_in_native, id=26568, stack(0x0000003c6c100000,0x0000003c6c200000) (1024K)]
  0x000001e810428d80 JavaThread "Cache worker for file hash cache (C:\Users\LENOVO\.gradle\caches\8.14\fileHashes)"        [_thread_blocked, id=18424, stack(0x0000003c6c200000,0x0000003c6c300000) (1024K)]
  0x000001e810428060 JavaThread "File lock release action executor"        [_thread_blocked, id=8768, stack(0x0000003c6c300000,0x0000003c6c400000) (1024K)]
  0x000001e811d72770 JavaThread "Cache worker for file hash cache (C:\Users\LENOVO\Desktop\HeliBoard-main\.gradle\8.14\fileHashes)"        [_thread_blocked, id=24828, stack(0x0000003c6c500000,0x0000003c6c600000) (1024K)]
  0x000001e811d70d30 JavaThread "Cache worker for Build Output Cleanup Cache (C:\Users\LENOVO\Desktop\HeliBoard-main\.gradle\buildOutputCleanup)"        [_thread_blocked, id=17392, stack(0x0000003c6c600000,0x0000003c6c700000) (1024K)]
  0x000001e811d72e00 JavaThread "File watcher server"        daemon [_thread_in_native, id=9128, stack(0x0000003c6c700000,0x0000003c6c800000) (1024K)]
  0x000001e811d71a50 JavaThread "File watcher consumer"      daemon [_thread_blocked, id=14064, stack(0x0000003c6c800000,0x0000003c6c900000) (1024K)]
Total: 29

Other Threads:
  0x000001e7c9747600 VMThread "VM Thread"                           [id=25608, stack(0x0000003c6a400000,0x0000003c6a500000) (1024K)]
  0x000001e7b350ea40 WatcherThread "VM Periodic Task Thread"        [id=18736, stack(0x0000003c6a300000,0x0000003c6a400000) (1024K)]
  0x000001e7b3488f20 WorkerThread "GC Thread#0"                     [id=13796, stack(0x0000003c69e00000,0x0000003c69f00000) (1024K)]
  0x000001e7c9a70240 WorkerThread "GC Thread#1"                     [id=14876, stack(0x0000003c6af00000,0x0000003c6b000000) (1024K)]
  0x000001e80f0efbe0 WorkerThread "GC Thread#2"                     [id=17772, stack(0x0000003c6b000000,0x0000003c6b100000) (1024K)]
  0x000001e80f7cf8c0 WorkerThread "GC Thread#3"                     [id=20220, stack(0x0000003c6b100000,0x0000003c6b200000) (1024K)]
  0x000001e80f7cfc70 WorkerThread "GC Thread#4"                     [id=23880, stack(0x0000003c6b200000,0x0000003c6b300000) (1024K)]
  0x000001e8105af020 WorkerThread "GC Thread#5"                     [id=1428, stack(0x0000003c6be00000,0x0000003c6bf00000) (1024K)]
  0x000001e81050ea30 WorkerThread "GC Thread#6"                     [id=20576, stack(0x0000003c6bf00000,0x0000003c6c000000) (1024K)]
  0x000001e81050ede0 WorkerThread "GC Thread#7"                     [id=25104, stack(0x0000003c6c000000,0x0000003c6c100000) (1024K)]
  0x000001e7b3491e10 ConcurrentGCThread "G1 Main Marker"            [id=23376, stack(0x0000003c69f00000,0x0000003c6a000000) (1024K)]
  0x000001e7b34946b0 WorkerThread "G1 Conc#0"                       [id=10656, stack(0x0000003c6a000000,0x0000003c6a100000) (1024K)]
  0x000001e8117e6d90 WorkerThread "G1 Conc#1"                       [id=18712, stack(0x0000003c6c400000,0x0000003c6c500000) (1024K)]
  0x000001e7c96110a0 ConcurrentGCThread "G1 Refine#0"               [id=15272, stack(0x0000003c6a100000,0x0000003c6a200000) (1024K)]
  0x000001e7c9611b20 ConcurrentGCThread "G1 Service"                [id=24320, stack(0x0000003c6a200000,0x0000003c6a300000) (1024K)]
Total: 15

Threads with active compile tasks:
C2 CompilerThread0  22621 4181       4       java.lang.String::split (148 bytes)
Total: 1

VM state: not at safepoint (normal execution)

VM Mutex/Monitor currently owned by a thread: None

Heap address: 0x00000000c0000000, size: 1024 MB, Compressed Oops mode: 32-bit

CDS archive(s) mapped at: [0x000001e7ca000000-0x000001e7caba0000-0x000001e7caba0000), size 12189696, SharedBaseAddress: 0x000001e7ca000000, ArchiveRelocationMode: 1.
Compressed class space mapped at: 0x000001e7cb000000-0x000001e80b000000, reserved size: 1073741824
Narrow klass base: 0x000001e7ca000000, Narrow klass shift: 0, Narrow klass range: 0x100000000

GC Precious Log:
 CardTable entry size: 512
 Card Set container configuration: InlinePtr #cards 5 size 8 Array Of Cards #cards 12 size 40 Howl #buckets 4 coarsen threshold 1843 Howl Bitmap #cards 512 size 80 coarsen threshold 460 Card regions per heap region 1 cards per card region 2048
 CPUs: 8 total, 8 available
 Memory: 5965M
 Large Page Support: Disabled
 NUMA Support: Disabled
 Compressed Oops: Enabled (32-bit)
 Heap Region Size: 1M
 Heap Min Capacity: 8M
 Heap Initial Capacity: 94M
 Heap Max Capacity: 1G
 Pre-touch: Disabled
 Parallel Workers: 8
 Concurrent Workers: 2
 Concurrent Refinement Workers: 8
 Periodic GC: Disabled

Heap:
 garbage-first heap   total 86016K, used 66777K [0x00000000c0000000, 0x0000000100000000)
  region size 1024K, 47 young (48128K), 6 survivors (6144K)
 Metaspace       used 32517K, committed 33536K, reserved 1114112K
  class space    used 4627K, committed 5120K, reserved 1048576K

Heap Regions: E=young(eden), S=young(survivor), O=old, HS=humongous(starts), HC=humongous(continues), CS=collection set, F=free, TAMS=top-at-mark-start, PB=parsable bottom
|   0|0x00000000c0000000, 0x00000000c0100000, 0x00000000c0100000|100%|HS|  |TAMS 0x00000000c0000000| PB 0x00000000c0000000| Complete 
|   1|0x00000000c0100000, 0x00000000c0200000, 0x00000000c0200000|100%|HC|  |TAMS 0x00000000c0100000| PB 0x00000000c0100000| Complete 
|   2|0x00000000c0200000, 0x00000000c0300000, 0x00000000c0300000|100%|HC|  |TAMS 0x00000000c0200000| PB 0x00000000c0200000| Complete 
|   3|0x00000000c0300000, 0x00000000c0400000, 0x00000000c0400000|100%| O|  |TAMS 0x00000000c0300000| PB 0x00000000c0300000| Untracked 
|   4|0x00000000c0400000, 0x00000000c0500000, 0x00000000c0500000|100%| O|  |TAMS 0x00000000c0400000| PB 0x00000000c0400000| Untracked 
|   5|0x00000000c0500000, 0x00000000c0600000, 0x00000000c0600000|100%| O|  |TAMS 0x00000000c0500000| PB 0x00000000c0500000| Untracked 
|   6|0x00000000c0600000, 0x00000000c0700000, 0x00000000c0700000|100%|HS|  |TAMS 0x00000000c0600000| PB 0x00000000c0600000| Complete 
|   7|0x00000000c0700000, 0x00000000c0800000, 0x00000000c0800000|100%| O|  |TAMS 0x00000000c0700000| PB 0x00000000c0700000| Untracked 
|   8|0x00000000c0800000, 0x00000000c0900000, 0x00000000c0900000|100%| O|  |TAMS 0x00000000c0800000| PB 0x00000000c0800000| Untracked 
|   9|0x00000000c0900000, 0x00000000c0a00000, 0x00000000c0a00000|100%| O|  |TAMS 0x00000000c0900000| PB 0x00000000c0900000| Untracked 
|  10|0x00000000c0a00000, 0x00000000c0b00000, 0x00000000c0b00000|100%| O|  |TAMS 0x00000000c0a00000| PB 0x00000000c0a00000| Untracked 
|  11|0x00000000c0b00000, 0x00000000c0c00000, 0x00000000c0c00000|100%| O|  |TAMS 0x00000000c0b00000| PB 0x00000000c0b00000| Untracked 
|  12|0x00000000c0c00000, 0x00000000c0d00000, 0x00000000c0d00000|100%| O|Cm|TAMS 0x00000000c0c00000| PB 0x00000000c0c00000| Complete 
|  13|0x00000000c0d00000, 0x00000000c0e00000, 0x00000000c0e00000|100%| O|  |TAMS 0x00000000c0d00000| PB 0x00000000c0d00000| Untracked 
|  14|0x00000000c0e00000, 0x00000000c0f00000, 0x00000000c0f00000|100%| O|  |TAMS 0x00000000c0e00000| PB 0x00000000c0e00000| Untracked 
|  15|0x00000000c0f00000, 0x00000000c1000000, 0x00000000c1000000|100%| O|  |TAMS 0x00000000c0f00000| PB 0x00000000c0f00000| Untracked 
|  16|0x00000000c1000000, 0x00000000c1100000, 0x00000000c1100000|100%| O|  |TAMS 0x00000000c1000000| PB 0x00000000c1000000| Untracked 
|  17|0x00000000c1100000, 0x00000000c1200000, 0x00000000c1200000|100%| O|  |TAMS 0x00000000c1100000| PB 0x00000000c1100000| Untracked 
|  18|0x00000000c1200000, 0x00000000c1300000, 0x00000000c1300000|100%| O|  |TAMS 0x00000000c1200000| PB 0x00000000c1200000| Untracked 
|  19|0x00000000c1300000, 0x00000000c1400000, 0x00000000c1400000|100%| O|  |TAMS 0x00000000c1300000| PB 0x00000000c1300000| Untracked 
|  20|0x00000000c1400000, 0x00000000c14e71e0, 0x00000000c1500000| 90%| O|  |TAMS 0x00000000c1400000| PB 0x00000000c1400000| Untracked 
|  21|0x00000000c1500000, 0x00000000c1500000, 0x00000000c1600000|  0%| F|  |TAMS 0x00000000c1500000| PB 0x00000000c1500000| Untracked 
|  22|0x00000000c1600000, 0x00000000c1600000, 0x00000000c1700000|  0%| F|  |TAMS 0x00000000c1600000| PB 0x00000000c1600000| Untracked 
|  23|0x00000000c1700000, 0x00000000c1700000, 0x00000000c1800000|  0%| F|  |TAMS 0x00000000c1700000| PB 0x00000000c1700000| Untracked 
|  24|0x00000000c1800000, 0x00000000c1800000, 0x00000000c1900000|  0%| F|  |TAMS 0x00000000c1800000| PB 0x00000000c1800000| Untracked 
|  25|0x00000000c1900000, 0x00000000c1900000, 0x00000000c1a00000|  0%| F|  |TAMS 0x00000000c1900000| PB 0x00000000c1900000| Untracked 
|  26|0x00000000c1a00000, 0x00000000c1a00000, 0x00000000c1b00000|  0%| F|  |TAMS 0x00000000c1a00000| PB 0x00000000c1a00000| Untracked 
|  27|0x00000000c1b00000, 0x00000000c1b00000, 0x00000000c1c00000|  0%| F|  |TAMS 0x00000000c1b00000| PB 0x00000000c1b00000| Untracked 
|  28|0x00000000c1c00000, 0x00000000c1c4f480, 0x00000000c1d00000| 30%| S|CS|TAMS 0x00000000c1c00000| PB 0x00000000c1c00000| Complete 
|  29|0x00000000c1d00000, 0x00000000c1e00000, 0x00000000c1e00000|100%| S|CS|TAMS 0x00000000c1d00000| PB 0x00000000c1d00000| Complete 
|  30|0x00000000c1e00000, 0x00000000c1f00000, 0x00000000c1f00000|100%| S|CS|TAMS 0x00000000c1e00000| PB 0x00000000c1e00000| Complete 
|  31|0x00000000c1f00000, 0x00000000c2000000, 0x00000000c2000000|100%| S|CS|TAMS 0x00000000c1f00000| PB 0x00000000c1f00000| Complete 
|  32|0x00000000c2000000, 0x00000000c2100000, 0x00000000c2100000|100%| S|CS|TAMS 0x00000000c2000000| PB 0x00000000c2000000| Complete 
|  33|0x00000000c2100000, 0x00000000c2200000, 0x00000000c2200000|100%| S|CS|TAMS 0x00000000c2100000| PB 0x00000000c2100000| Complete 
|  34|0x00000000c2200000, 0x00000000c2200000, 0x00000000c2300000|  0%| F|  |TAMS 0x00000000c2200000| PB 0x00000000c2200000| Untracked 
|  35|0x00000000c2300000, 0x00000000c2300000, 0x00000000c2400000|  0%| F|  |TAMS 0x00000000c2300000| PB 0x00000000c2300000| Untracked 
|  36|0x00000000c2400000, 0x00000000c2400000, 0x00000000c2500000|  0%| F|  |TAMS 0x00000000c2400000| PB 0x00000000c2400000| Untracked 
|  37|0x00000000c2500000, 0x00000000c2500000, 0x00000000c2600000|  0%| F|  |TAMS 0x00000000c2500000| PB 0x00000000c2500000| Untracked 
|  38|0x00000000c2600000, 0x00000000c2600000, 0x00000000c2700000|  0%| F|  |TAMS 0x00000000c2600000| PB 0x00000000c2600000| Untracked 
|  39|0x00000000c2700000, 0x00000000c2700000, 0x00000000c2800000|  0%| F|  |TAMS 0x00000000c2700000| PB 0x00000000c2700000| Untracked 
|  40|0x00000000c2800000, 0x00000000c2800000, 0x00000000c2900000|  0%| F|  |TAMS 0x00000000c2800000| PB 0x00000000c2800000| Untracked 
|  41|0x00000000c2900000, 0x00000000c2900000, 0x00000000c2a00000|  0%| F|  |TAMS 0x00000000c2900000| PB 0x00000000c2900000| Untracked 
|  42|0x00000000c2a00000, 0x00000000c2a00000, 0x00000000c2b00000|  0%| F|  |TAMS 0x00000000c2a00000| PB 0x00000000c2a00000| Untracked 
|  43|0x00000000c2b00000, 0x00000000c2b80000, 0x00000000c2c00000| 50%| E|  |TAMS 0x00000000c2b00000| PB 0x00000000c2b00000| Complete 
|  44|0x00000000c2c00000, 0x00000000c2d00000, 0x00000000c2d00000|100%| E|CS|TAMS 0x00000000c2c00000| PB 0x00000000c2c00000| Complete 
|  45|0x00000000c2d00000, 0x00000000c2e00000, 0x00000000c2e00000|100%| E|CS|TAMS 0x00000000c2d00000| PB 0x00000000c2d00000| Complete 
|  46|0x00000000c2e00000, 0x00000000c2f00000, 0x00000000c2f00000|100%| E|CS|TAMS 0x00000000c2e00000| PB 0x00000000c2e00000| Complete 
|  47|0x00000000c2f00000, 0x00000000c3000000, 0x00000000c3000000|100%| E|CS|TAMS 0x00000000c2f00000| PB 0x00000000c2f00000| Complete 
|  48|0x00000000c3000000, 0x00000000c3100000, 0x00000000c3100000|100%| E|CS|TAMS 0x00000000c3000000| PB 0x00000000c3000000| Complete 
|  49|0x00000000c3100000, 0x00000000c3200000, 0x00000000c3200000|100%| E|CS|TAMS 0x00000000c3100000| PB 0x00000000c3100000| Complete 
|  50|0x00000000c3200000, 0x00000000c3300000, 0x00000000c3300000|100%| E|CS|TAMS 0x00000000c3200000| PB 0x00000000c3200000| Complete 
|  51|0x00000000c3300000, 0x00000000c3400000, 0x00000000c3400000|100%| E|CS|TAMS 0x00000000c3300000| PB 0x00000000c3300000| Complete 
|  52|0x00000000c3400000, 0x00000000c3500000, 0x00000000c3500000|100%| E|CS|TAMS 0x00000000c3400000| PB 0x00000000c3400000| Complete 
|  53|0x00000000c3500000, 0x00000000c3600000, 0x00000000c3600000|100%| E|CS|TAMS 0x00000000c3500000| PB 0x00000000c3500000| Complete 
|  54|0x00000000c3600000, 0x00000000c3700000, 0x00000000c3700000|100%| E|CS|TAMS 0x00000000c3600000| PB 0x00000000c3600000| Complete 
|  55|0x00000000c3700000, 0x00000000c3800000, 0x00000000c3800000|100%| E|CS|TAMS 0x00000000c3700000| PB 0x00000000c3700000| Complete 
|  56|0x00000000c3800000, 0x00000000c3900000, 0x00000000c3900000|100%| E|CS|TAMS 0x00000000c3800000| PB 0x00000000c3800000| Complete 
|  57|0x00000000c3900000, 0x00000000c3a00000, 0x00000000c3a00000|100%| E|CS|TAMS 0x00000000c3900000| PB 0x00000000c3900000| Complete 
|  58|0x00000000c3a00000, 0x00000000c3b00000, 0x00000000c3b00000|100%| E|CS|TAMS 0x00000000c3a00000| PB 0x00000000c3a00000| Complete 
|  59|0x00000000c3b00000, 0x00000000c3c00000, 0x00000000c3c00000|100%| E|CS|TAMS 0x00000000c3b00000| PB 0x00000000c3b00000| Complete 
|  60|0x00000000c3c00000, 0x00000000c3d00000, 0x00000000c3d00000|100%| E|CS|TAMS 0x00000000c3c00000| PB 0x00000000c3c00000| Complete 
|  61|0x00000000c3d00000, 0x00000000c3e00000, 0x00000000c3e00000|100%| E|CS|TAMS 0x00000000c3d00000| PB 0x00000000c3d00000| Complete 
|  62|0x00000000c3e00000, 0x00000000c3f00000, 0x00000000c3f00000|100%| E|CS|TAMS 0x00000000c3e00000| PB 0x00000000c3e00000| Complete 
|  63|0x00000000c3f00000, 0x00000000c4000000, 0x00000000c4000000|100%| E|CS|TAMS 0x00000000c3f00000| PB 0x00000000c3f00000| Complete 
|  64|0x00000000c4000000, 0x00000000c4100000, 0x00000000c4100000|100%| E|CS|TAMS 0x00000000c4000000| PB 0x00000000c4000000| Complete 
|  65|0x00000000c4100000, 0x00000000c4200000, 0x00000000c4200000|100%| E|CS|TAMS 0x00000000c4100000| PB 0x00000000c4100000| Complete 
|  66|0x00000000c4200000, 0x00000000c4300000, 0x00000000c4300000|100%| E|  |TAMS 0x00000000c4200000| PB 0x00000000c4200000| Complete 
|  67|0x00000000c4300000, 0x00000000c4400000, 0x00000000c4400000|100%| E|CS|TAMS 0x00000000c4300000| PB 0x00000000c4300000| Complete 
|  68|0x00000000c4400000, 0x00000000c4500000, 0x00000000c4500000|100%| E|CS|TAMS 0x00000000c4400000| PB 0x00000000c4400000| Complete 
|  69|0x00000000c4500000, 0x00000000c4600000, 0x00000000c4600000|100%| E|CS|TAMS 0x00000000c4500000| PB 0x00000000c4500000| Complete 
|  70|0x00000000c4600000, 0x00000000c4700000, 0x00000000c4700000|100%| E|CS|TAMS 0x00000000c4600000| PB 0x00000000c4600000| Complete 
|  71|0x00000000c4700000, 0x00000000c4800000, 0x00000000c4800000|100%| E|CS|TAMS 0x00000000c4700000| PB 0x00000000c4700000| Complete 
|  72|0x00000000c4800000, 0x00000000c4900000, 0x00000000c4900000|100%| E|CS|TAMS 0x00000000c4800000| PB 0x00000000c4800000| Complete 
|  73|0x00000000c4900000, 0x00000000c4a00000, 0x00000000c4a00000|100%| E|CS|TAMS 0x00000000c4900000| PB 0x00000000c4900000| Complete 
|  74|0x00000000c4a00000, 0x00000000c4b00000, 0x00000000c4b00000|100%| E|CS|TAMS 0x00000000c4a00000| PB 0x00000000c4a00000| Complete 
|  75|0x00000000c4b00000, 0x00000000c4c00000, 0x00000000c4c00000|100%| E|CS|TAMS 0x00000000c4b00000| PB 0x00000000c4b00000| Complete 
|  76|0x00000000c4c00000, 0x00000000c4d00000, 0x00000000c4d00000|100%| E|CS|TAMS 0x00000000c4c00000| PB 0x00000000c4c00000| Complete 
|  77|0x00000000c4d00000, 0x00000000c4e00000, 0x00000000c4e00000|100%| E|CS|TAMS 0x00000000c4d00000| PB 0x00000000c4d00000| Complete 
|  78|0x00000000c4e00000, 0x00000000c4f00000, 0x00000000c4f00000|100%| E|CS|TAMS 0x00000000c4e00000| PB 0x00000000c4e00000| Complete 
|  79|0x00000000c4f00000, 0x00000000c5000000, 0x00000000c5000000|100%| E|CS|TAMS 0x00000000c4f00000| PB 0x00000000c4f00000| Complete 
|  80|0x00000000c5000000, 0x00000000c5100000, 0x00000000c5100000|100%| E|CS|TAMS 0x00000000c5000000| PB 0x00000000c5000000| Complete 
|  81|0x00000000c5100000, 0x00000000c5200000, 0x00000000c5200000|100%| E|CS|TAMS 0x00000000c5100000| PB 0x00000000c5100000| Complete 
|  82|0x00000000c5200000, 0x00000000c5300000, 0x00000000c5300000|100%| E|CS|TAMS 0x00000000c5200000| PB 0x00000000c5200000| Complete 
|  93|0x00000000c5d00000, 0x00000000c5e00000, 0x00000000c5e00000|100%| E|CS|TAMS 0x00000000c5d00000| PB 0x00000000c5d00000| Complete 

Card table byte_map: [0x000001e7c5b80000,0x000001e7c5d80000] _byte_map_base: 0x000001e7c5580000

Marking Bits: (CMBitMap*) 0x000001e7b3489530
 Bits: [0x000001e7c5d80000, 0x000001e7c6d80000)

Polling page: 0x000001e7b1220000

Metaspace:

Usage:
  Non-class:     27.24 MB used.
      Class:      4.52 MB used.
       Both:     31.76 MB used.

Virtual space:
  Non-class space:       64.00 MB reserved,      27.75 MB ( 43%) committed,  1 nodes.
      Class space:        1.00 GB reserved,       5.00 MB ( <1%) committed,  1 nodes.
             Both:        1.06 GB reserved,      32.75 MB (  3%) committed. 

Chunk freelists:
   Non-Class:  3.64 MB
       Class:  10.98 MB
        Both:  14.62 MB

MaxMetaspaceSize: unlimited
CompressedClassSpaceSize: 1.00 GB
Initial GC threshold: 21.00 MB
Current GC threshold: 35.12 MB
CDS: on
 - commit_granule_bytes: 65536.
 - commit_granule_words: 8192.
 - virtual_space_node_default_size: 8388608.
 - enlarge_chunks_in_place: 1.
 - use_allocation_guard: 0.


Internal statistics:

num_allocs_failed_limit: 3.
num_arena_births: 1550.
num_arena_deaths: 0.
num_vsnodes_births: 2.
num_vsnodes_deaths: 0.
num_space_committed: 524.
num_space_uncommitted: 0.
num_chunks_returned_to_freelist: 3.
num_chunks_taken_from_freelist: 2858.
num_chunk_merges: 3.
num_chunk_splits: 1871.
num_chunks_enlarged: 1213.
num_inconsistent_stats: 0.

CodeHeap 'non-profiled nmethods': size=120000Kb used=2190Kb max_used=2190Kb free=117809Kb
 bounds [0x000001e7be120000, 0x000001e7be390000, 0x000001e7c5650000]
CodeHeap 'profiled nmethods': size=120000Kb used=8433Kb max_used=8433Kb free=111566Kb
 bounds [0x000001e7b6650000, 0x000001e7b6e90000, 0x000001e7bdb80000]
CodeHeap 'non-nmethods': size=5760Kb used=1809Kb max_used=1826Kb free=3950Kb
 bounds [0x000001e7bdb80000, 0x000001e7bddf0000, 0x000001e7be120000]
CodeCache: size=245760Kb, used=12432Kb, max_used=12449Kb, free=233325Kb
 total_blobs=4900, nmethods=4215, adapters=589, full_count=0
Compilation: enabled, stopped_count=0, restarted_count=0

Compilation events (20 events):
Event: 22.467 Thread 0x000001e7c9776f80 4209       3       org.codehaus.groovy.vmplugin.v9.Java9::lambda$doFindClasses$3 (47 bytes)
Event: 22.469 Thread 0x000001e7c9776f80 nmethod 4209 0x000001e7b6e7fa10 code [0x000001e7b6e7fcc0, 0x000001e7b6e80ab0]
Event: 22.498 Thread 0x000001e7c9776f80 4214       2       jdk.internal.loader.URLClassPath::getResource (74 bytes)
Event: 22.499 Thread 0x000001e7c9776f80 nmethod 4214 0x000001e7b6e80f10 code [0x000001e7b6e810e0, 0x000001e7b6e81308]
Event: 22.499 Thread 0x000001e7c9776f80 4215       3       java.lang.Exception::<init> (6 bytes)
Event: 22.500 Thread 0x000001e7c9776f80 nmethod 4215 0x000001e7b6e81410 code [0x000001e7b6e815e0, 0x000001e7b6e81a10]
Event: 22.500 Thread 0x000001e7c9776f80 4216       3       groovy.lang.MetaClassImpl::checkIfStdMethod (178 bytes)
Event: 22.501 Thread 0x000001e7c9776f80 nmethod 4216 0x000001e7b6e81b10 code [0x000001e7b6e81e20, 0x000001e7b6e83018]
Event: 22.502 Thread 0x000001e7c9776f80 4217       3       org.codehaus.groovy.runtime.metaclass.MetaMethodIndex::copyNonPrivateMethods (149 bytes)
Event: 22.502 Thread 0x000001e7c9776f80 nmethod 4217 0x000001e7b6e83510 code [0x000001e7b6e837a0, 0x000001e7b6e84458]
Event: 22.502 Thread 0x000001e7c9776f80 4218       3       groovy.lang.MetaClassImpl$1::methodNameAction (169 bytes)
Event: 22.503 Thread 0x000001e7c9776f80 nmethod 4218 0x000001e7b6e84890 code [0x000001e7b6e84b40, 0x000001e7b6e85b88]
Event: 22.531 Thread 0x000001e7c9776f80 4219       3       java.lang.reflect.Method::getGenericInfo (28 bytes)
Event: 22.532 Thread 0x000001e7c9776f80 nmethod 4219 0x000001e7b6e85f90 code [0x000001e7b6e86220, 0x000001e7b6e87020]
Event: 22.532 Thread 0x000001e7c9776f80 4220   !   3       com.sun.beans.TypeResolver::resolve (268 bytes)
Event: 22.534 Thread 0x000001e7c9776f80 nmethod 4220 0x000001e7b6e87510 code [0x000001e7b6e87980, 0x000001e7b6e89bb8]
Event: 22.549 Thread 0x000001e7c9776f80 4221       1       org.codehaus.groovy.util.ComplexKeyHashMap$Entry::getValue (5 bytes)
Event: 22.549 Thread 0x000001e7c9776f80 nmethod 4221 0x000001e7be343790 code [0x000001e7be343920, 0x000001e7be3439e8]
Event: 22.566 Thread 0x000001e7c9776f80 4222       3       java.lang.invoke.InvokerBytecodeGenerator::emitImplicitConversion (161 bytes)
Event: 22.567 Thread 0x000001e7c9776f80 nmethod 4222 0x000001e7b6e8a390 code [0x000001e7b6e8a6c0, 0x000001e7b6e8b488]

GC Heap History (12 events):
Event: 1.500 GC heap before
{Heap before GC invocations=0 (full 0):
 garbage-first heap   total 96256K, used 22528K [0x00000000c0000000, 0x0000000100000000)
  region size 1024K, 23 young (23552K), 0 survivors (0K)
 Metaspace       used 943K, committed 1088K, reserved 1114112K
  class space    used 73K, committed 128K, reserved 1048576K
}
Event: 1.635 GC heap after
{Heap after GC invocations=1 (full 0):
 garbage-first heap   total 96256K, used 1536K [0x00000000c0000000, 0x0000000100000000)
  region size 1024K, 2 young (2048K), 2 survivors (2048K)
 Metaspace       used 943K, committed 1088K, reserved 1114112K
  class space    used 73K, committed 128K, reserved 1048576K
}
Event: 4.653 GC heap before
{Heap before GC invocations=1 (full 0):
 garbage-first heap   total 96256K, used 39424K [0x00000000c0000000, 0x0000000100000000)
  region size 1024K, 37 young (37888K), 2 survivors (2048K)
 Metaspace       used 4400K, committed 4544K, reserved 1114112K
  class space    used 558K, committed 640K, reserved 1048576K
}
Event: 4.665 GC heap after
{Heap after GC invocations=2 (full 0):
 garbage-first heap   total 96256K, used 11038K [0x00000000c0000000, 0x0000000100000000)
  region size 1024K, 5 young (5120K), 5 survivors (5120K)
 Metaspace       used 4400K, committed 4544K, reserved 1114112K
  class space    used 558K, committed 640K, reserved 1048576K
}
Event: 5.746 GC heap before
{Heap before GC invocations=2 (full 0):
 garbage-first heap   total 96256K, used 55070K [0x00000000c0000000, 0x0000000100000000)
  region size 1024K, 47 young (48128K), 5 survivors (5120K)
 Metaspace       used 4613K, committed 4864K, reserved 1114112K
  class space    used 585K, committed 704K, reserved 1048576K
}
Event: 5.755 GC heap after
{Heap after GC invocations=3 (full 0):
 garbage-first heap   total 96256K, used 16463K [0x00000000c0000000, 0x0000000100000000)
  region size 1024K, 5 young (5120K), 5 survivors (5120K)
 Metaspace       used 4613K, committed 4864K, reserved 1114112K
  class space    used 585K, committed 704K, reserved 1048576K
}
Event: 12.084 GC heap before
{Heap before GC invocations=3 (full 0):
 garbage-first heap   total 96256K, used 68687K [0x00000000c0000000, 0x0000000100000000)
  region size 1024K, 56 young (57344K), 5 survivors (5120K)
 Metaspace       used 14788K, committed 15232K, reserved 1114112K
  class space    used 2063K, committed 2240K, reserved 1048576K
}
Event: 12.109 GC heap after
{Heap after GC invocations=4 (full 0):
 garbage-first heap   total 96256K, used 21303K [0x00000000c0000000, 0x0000000100000000)
  region size 1024K, 5 young (5120K), 5 survivors (5120K)
 Metaspace       used 14788K, committed 15232K, reserved 1114112K
  class space    used 2063K, committed 2240K, reserved 1048576K
}
Event: 17.877 GC heap before
{Heap before GC invocations=4 (full 0):
 garbage-first heap   total 96256K, used 66359K [0x00000000c0000000, 0x0000000100000000)
  region size 1024K, 50 young (51200K), 5 survivors (5120K)
 Metaspace       used 20833K, committed 21504K, reserved 1114112K
  class space    used 3066K, committed 3392K, reserved 1048576K
}
Event: 17.885 GC heap after
{Heap after GC invocations=5 (full 0):
 garbage-first heap   total 96256K, used 24692K [0x00000000c0000000, 0x0000000100000000)
  region size 1024K, 4 young (4096K), 4 survivors (4096K)
 Metaspace       used 20833K, committed 21504K, reserved 1114112K
  class space    used 3066K, committed 3392K, reserved 1048576K
}
Event: 20.564 GC heap before
{Heap before GC invocations=6 (full 0):
 garbage-first heap   total 86016K, used 71796K [0x00000000c0000000, 0x0000000100000000)
  region size 1024K, 50 young (51200K), 4 survivors (4096K)
 Metaspace       used 27418K, committed 28352K, reserved 1114112K
  class space    used 4087K, committed 4544K, reserved 1048576K
}
Event: 20.572 GC heap after
{Heap after GC invocations=7 (full 0):
 garbage-first heap   total 86016K, used 26841K [0x00000000c0000000, 0x0000000100000000)
  region size 1024K, 6 young (6144K), 6 survivors (6144K)
 Metaspace       used 27418K, committed 28352K, reserved 1114112K
  class space    used 4087K, committed 4544K, reserved 1048576K
}

Dll operation events (20 events):
Event: 0.535 Attempting to load shared library C:\Users\LENOVO\.antigravity-ide\extensions\redhat.java-1.56.0-win32-x64\jre\21.0.12.1-win32-x86_64\bin\nio.dll
Event: 0.541 Loaded shared library C:\Users\LENOVO\.antigravity-ide\extensions\redhat.java-1.56.0-win32-x64\jre\21.0.12.1-win32-x86_64\bin\nio.dll
Event: 0.546 Attempting to load shared library C:\Users\LENOVO\.antigravity-ide\extensions\redhat.java-1.56.0-win32-x64\jre\21.0.12.1-win32-x86_64\bin\zip.dll
Event: 0.546 Loaded shared library C:\Users\LENOVO\.antigravity-ide\extensions\redhat.java-1.56.0-win32-x64\jre\21.0.12.1-win32-x86_64\bin\zip.dll
Event: 1.410 Attempting to load shared library C:\Users\LENOVO\.antigravity-ide\extensions\redhat.java-1.56.0-win32-x64\jre\21.0.12.1-win32-x86_64\bin\jimage.dll
Event: 1.410 Loaded shared library C:\Users\LENOVO\.antigravity-ide\extensions\redhat.java-1.56.0-win32-x64\jre\21.0.12.1-win32-x86_64\bin\jimage.dll
Event: 2.429 Attempting to load shared library C:\Users\LENOVO\.antigravity-ide\extensions\redhat.java-1.56.0-win32-x64\jre\21.0.12.1-win32-x86_64\bin\verify.dll
Event: 2.430 Loaded shared library C:\Users\LENOVO\.antigravity-ide\extensions\redhat.java-1.56.0-win32-x64\jre\21.0.12.1-win32-x86_64\bin\verify.dll
Event: 2.805 Attempting to load shared library C:\Users\LENOVO\.gradle\native\1def1411415f61bf3af743bc5b6707747c0891f09f0c88961ee8f79bc544acac\windows-amd64\native-platform.dll
Event: 2.808 Loaded shared library C:\Users\LENOVO\.gradle\native\1def1411415f61bf3af743bc5b6707747c0891f09f0c88961ee8f79bc544acac\windows-amd64\native-platform.dll
Event: 2.846 Attempting to load shared library C:\Users\LENOVO\.gradle\native\0.2.7\x86_64-windows-gnu\gradle-fileevents.dll
Event: 2.861 Loaded shared library C:\Users\LENOVO\.gradle\native\0.2.7\x86_64-windows-gnu\gradle-fileevents.dll
Event: 6.453 Attempting to load shared library C:\Users\LENOVO\.antigravity-ide\extensions\redhat.java-1.56.0-win32-x64\jre\21.0.12.1-win32-x86_64\bin\management.dll
Event: 6.456 Loaded shared library C:\Users\LENOVO\.antigravity-ide\extensions\redhat.java-1.56.0-win32-x64\jre\21.0.12.1-win32-x86_64\bin\management.dll
Event: 6.462 Attempting to load shared library C:\Users\LENOVO\.antigravity-ide\extensions\redhat.java-1.56.0-win32-x64\jre\21.0.12.1-win32-x86_64\bin\management_ext.dll
Event: 6.466 Loaded shared library C:\Users\LENOVO\.antigravity-ide\extensions\redhat.java-1.56.0-win32-x64\jre\21.0.12.1-win32-x86_64\bin\management_ext.dll
Event: 7.747 Attempting to load shared library C:\Users\LENOVO\.antigravity-ide\extensions\redhat.java-1.56.0-win32-x64\jre\21.0.12.1-win32-x86_64\bin\extnet.dll
Event: 7.748 Loaded shared library C:\Users\LENOVO\.antigravity-ide\extensions\redhat.java-1.56.0-win32-x64\jre\21.0.12.1-win32-x86_64\bin\extnet.dll
Event: 8.679 Attempting to load shared library C:\Users\LENOVO\.antigravity-ide\extensions\redhat.java-1.56.0-win32-x64\jre\21.0.12.1-win32-x86_64\bin\sunmscapi.dll
Event: 8.700 Loaded shared library C:\Users\LENOVO\.antigravity-ide\extensions\redhat.java-1.56.0-win32-x64\jre\21.0.12.1-win32-x86_64\bin\sunmscapi.dll

Deoptimization events (20 events):
Event: 22.091 Thread 0x000001e8104286f0 Uncommon trap: trap_request=0xffffffc6 fr.pc=0x000001e7be319378 relative=0x0000000000000298
Event: 22.091 Thread 0x000001e8104286f0 Uncommon trap: reason=bimorphic_or_optimized_type_check action=maybe_recompile pc=0x000001e7be319378 method=java.util.stream.MatchOps$1MatchSink.accept(Ljava/lang/Object;)V @ 12 c2
Event: 22.091 Thread 0x000001e8104286f0 DEOPT PACKING pc=0x000001e7be319378 sp=0x0000003c6b9f86a0
Event: 22.091 Thread 0x000001e8104286f0 DEOPT UNPACKING pc=0x000001e7bdbd4422 sp=0x0000003c6b9f8648 mode 2
Event: 22.091 Thread 0x000001e8104286f0 Uncommon trap: trap_request=0xffffffc6 fr.pc=0x000001e7be319378 relative=0x0000000000000298
Event: 22.091 Thread 0x000001e8104286f0 Uncommon trap: reason=bimorphic_or_optimized_type_check action=maybe_recompile pc=0x000001e7be319378 method=java.util.stream.MatchOps$1MatchSink.accept(Ljava/lang/Object;)V @ 12 c2
Event: 22.091 Thread 0x000001e8104286f0 DEOPT PACKING pc=0x000001e7be319378 sp=0x0000003c6b9f86a0
Event: 22.091 Thread 0x000001e8104286f0 DEOPT UNPACKING pc=0x000001e7bdbd4422 sp=0x0000003c6b9f8648 mode 2
Event: 22.091 Thread 0x000001e8104286f0 Uncommon trap: trap_request=0xffffffc6 fr.pc=0x000001e7be319378 relative=0x0000000000000298
Event: 22.091 Thread 0x000001e8104286f0 Uncommon trap: reason=bimorphic_or_optimized_type_check action=maybe_recompile pc=0x000001e7be319378 method=java.util.stream.MatchOps$1MatchSink.accept(Ljava/lang/Object;)V @ 12 c2
Event: 22.091 Thread 0x000001e8104286f0 DEOPT PACKING pc=0x000001e7be319378 sp=0x0000003c6b9f86a0
Event: 22.091 Thread 0x000001e8104286f0 DEOPT UNPACKING pc=0x000001e7bdbd4422 sp=0x0000003c6b9f8648 mode 2
Event: 22.091 Thread 0x000001e8104286f0 Uncommon trap: trap_request=0xffffffc6 fr.pc=0x000001e7be319378 relative=0x0000000000000298
Event: 22.091 Thread 0x000001e8104286f0 Uncommon trap: reason=bimorphic_or_optimized_type_check action=maybe_recompile pc=0x000001e7be319378 method=java.util.stream.MatchOps$1MatchSink.accept(Ljava/lang/Object;)V @ 12 c2
Event: 22.091 Thread 0x000001e8104286f0 DEOPT PACKING pc=0x000001e7be319378 sp=0x0000003c6b9f86a0
Event: 22.091 Thread 0x000001e8104286f0 DEOPT UNPACKING pc=0x000001e7bdbd4422 sp=0x0000003c6b9f8648 mode 2
Event: 22.104 Thread 0x000001e8104286f0 Uncommon trap: trap_request=0xffffff6e fr.pc=0x000001e7be333488 relative=0x00000000000007c8
Event: 22.104 Thread 0x000001e8104286f0 Uncommon trap: reason=loop_limit_check action=maybe_recompile pc=0x000001e7be333488 method=java.util.regex.Pattern$Start.match(Ljava/util/regex/Matcher;ILjava/lang/CharSequence;)Z @ 34 c2
Event: 22.104 Thread 0x000001e8104286f0 DEOPT PACKING pc=0x000001e7be333488 sp=0x0000003c6b9f8a40
Event: 22.104 Thread 0x000001e8104286f0 DEOPT UNPACKING pc=0x000001e7bdbd4422 sp=0x0000003c6b9f8990 mode 2

Classes loaded (20 events):
Event: 22.112 Loading class jdk/internal/jrtfs/SystemImage$1
Event: 22.112 Loading class jdk/internal/jrtfs/SystemImage$1 done
Event: 22.114 Loading class jdk/internal/jimage/ImageReader$SharedImageReader$LocationVisitor
Event: 22.114 Loading class jdk/internal/jimage/ImageReader$SharedImageReader$LocationVisitor done
Event: 22.116 Loading class java/nio/ByteBufferAsIntBufferL
Event: 22.116 Loading class java/nio/ByteBufferAsIntBufferL done
Event: 22.118 Loading class jdk/internal/jrtfs/JrtFileAttributes
Event: 22.119 Loading class jdk/internal/jrtfs/JrtFileAttributes done
Event: 22.119 Loading class jdk/internal/jrtfs/JrtDirectoryStream
Event: 22.119 Loading class jdk/internal/jrtfs/JrtDirectoryStream done
Event: 22.120 Loading class jdk/internal/jrtfs/JrtDirectoryStream$1
Event: 22.120 Loading class jdk/internal/jrtfs/JrtDirectoryStream$1 done
Event: 22.121 Loading class java/util/function/BooleanSupplier
Event: 22.122 Loading class java/util/function/BooleanSupplier done
Event: 22.124 Loading class jdk/internal/jimage/ImageReader$Resource
Event: 22.124 Loading class jdk/internal/jimage/ImageReader$Resource done
Event: 22.486 Loading class java/util/WeakHashMap$KeyIterator
Event: 22.488 Loading class java/util/WeakHashMap$HashIterator
Event: 22.490 Loading class java/util/WeakHashMap$HashIterator done
Event: 22.490 Loading class java/util/WeakHashMap$KeyIterator done

Classes unloaded (0 events):
No events

Classes redefined (0 events):
No events

Internal exceptions (20 events):
Event: 20.698 Thread 0x000001e8104286f0 Implicit null exception at 0x000001e7be251434 to 0x000001e7be251950
Event: 20.698 Thread 0x000001e8104286f0 Implicit null exception at 0x000001e7be2ded98 to 0x000001e7be2df114
Event: 20.698 Thread 0x000001e8104286f0 Implicit null exception at 0x000001e7be2df9b0 to 0x000001e7be2e0274
Event: 20.699 Thread 0x000001e8104286f0 Exception <a 'java/lang/NoSuchMethodError'{0x00000000c52ed4a0}: 'java.lang.reflect.Method[] java.lang.Class.getDeclaredMethods(java.lang.Class)'> (0x00000000c52ed4a0) 
thrown [s\src\hotspot\share\interpreter\linkResolver.cpp, line 773]
Event: 20.751 Thread 0x000001e8104286f0 Exception <a 'java/lang/NoSuchMethodError'{0x00000000c514dd38}: 'java.lang.Object java.lang.invoke.DirectMethodHandle$Holder.invokeStaticInit(java.lang.Object, java.lang.Object, java.lang.Object)'> (0x00000000c514dd38) 
thrown [s\src\hotspot\share\interpreter\linkResolver.cpp, line 773]
Event: 20.853 Thread 0x000001e8104286f0 Exception <a 'java/lang/NoSuchMethodError'{0x00000000c5033f88}: 'void java.lang.invoke.DirectMethodHandle$Holder.invokeStaticInit(java.lang.Object, java.lang.Object, java.lang.Object)'> (0x00000000c5033f88) 
thrown [s\src\hotspot\share\interpreter\linkResolver.cpp, line 773]
Event: 20.863 Thread 0x000001e8104286f0 Exception <a 'java/lang/NoSuchMethodError'{0x00000000c5058120}: 'void java.lang.invoke.DirectMethodHandle$Holder.invokeStaticInit(java.lang.Object, java.lang.Object, java.lang.Object, java.lang.Object, java.lang.Object)'> (0x00000000c5058120) 
thrown [s\src\hotspot\share\interpreter\linkResolver.cpp, line 773]
Event: 20.880 Thread 0x000001e8104286f0 Exception <a 'java/lang/NoSuchMethodError'{0x00000000c50b0f50}: 'int java.lang.invoke.DirectMethodHandle$Holder.invokeStaticInit(java.lang.Object, java.lang.Object, java.lang.Object, java.lang.Object)'> (0x00000000c50b0f50) 
thrown [s\src\hotspot\share\interpreter\linkResolver.cpp, line 773]
Event: 21.690 Thread 0x000001e8104286f0 Exception <a 'java/lang/ClassNotFoundException'{0x00000000c47f5160}: groovy/lang/ExpandoMetaClassBeanInfo> (0x00000000c47f5160) 
thrown [s\src\hotspot\share\classfile\systemDictionary.cpp, line 313]
Event: 21.690 Thread 0x000001e8104286f0 Exception <a 'java/lang/ClassNotFoundException'{0x00000000c47fd9a8}: groovy/lang/MetaClassImplBeanInfo> (0x00000000c47fd9a8) 
thrown [s\src\hotspot\share\classfile\systemDictionary.cpp, line 313]
Event: 21.691 Thread 0x000001e8104286f0 Exception <a 'java/lang/ClassNotFoundException'{0x00000000c4602848}: java/lang/ObjectBeanInfo> (0x00000000c4602848) 
thrown [s\src\hotspot\share\classfile\systemDictionary.cpp, line 313]
Event: 21.692 Thread 0x000001e8104286f0 Exception <a 'java/lang/ClassNotFoundException'{0x00000000c4608458}: java/lang/ObjectCustomizer> (0x00000000c4608458) 
thrown [s\src\hotspot\share\classfile\systemDictionary.cpp, line 313]
Event: 21.701 Thread 0x000001e8104286f0 Exception <a 'java/lang/IncompatibleClassChangeError'{0x00000000c4618dc0}: Found class java.lang.Object, but interface was expected> (0x00000000c4618dc0) 
thrown [s\src\hotspot\share\interpreter\linkResolver.cpp, line 840]
Event: 21.709 Thread 0x000001e8104286f0 Exception <a 'java/lang/ClassNotFoundException'{0x00000000c46334d0}: groovy/lang/MetaClassImplCustomizer> (0x00000000c46334d0) 
thrown [s\src\hotspot\share\classfile\systemDictionary.cpp, line 313]
Event: 21.715 Thread 0x000001e8104286f0 Exception <a 'java/lang/ClassNotFoundException'{0x00000000c465d248}: groovy/lang/ExpandoMetaClassCustomizer> (0x00000000c465d248) 
thrown [s\src\hotspot\share\classfile\systemDictionary.cpp, line 313]
Event: 22.502 Thread 0x000001e8104286f0 Exception <a 'java/lang/ClassNotFoundException'{0x00000000c2c3d6f0}: org/gradle/internal/extensibility/DefaultExtraPropertiesExtensionBeanInfo> (0x00000000c2c3d6f0) 
thrown [s\src\hotspot\share\classfile\systemDictionary.cpp, line 313]
Event: 22.519 Thread 0x000001e8104286f0 Exception <a 'java/lang/ClassNotFoundException'{0x00000000c2c46098}: groovy/lang/GroovyObjectSupportBeanInfo> (0x00000000c2c46098) 
thrown [s\src\hotspot\share\classfile\systemDictionary.cpp, line 313]
Event: 22.531 Thread 0x000001e8104286f0 Exception <a 'java/lang/ClassNotFoundException'{0x00000000c2c4ea48}: groovy/lang/GroovyObjectSupportCustomizer> (0x00000000c2c4ea48) 
thrown [s\src\hotspot\share\classfile\systemDictionary.cpp, line 313]
Event: 22.541 Thread 0x000001e8104286f0 Exception <a 'java/lang/ClassNotFoundException'{0x00000000c2c69168}: org/gradle/internal/extensibility/DefaultExtraPropertiesExtensionCustomizer> (0x00000000c2c69168) 
thrown [s\src\hotspot\share\classfile\systemDictionary.cpp, line 313]
Event: 22.557 Thread 0x000001e8104286f0 Exception <a 'java/lang/IncompatibleClassChangeError'{0x00000000c2c8b7a8}: Found class java.lang.Object, but interface was expected> (0x00000000c2c8b7a8) 
thrown [s\src\hotspot\share\interpreter\linkResolver.cpp, line 840]

ZGC Phase Switch (0 events):
No events

VM Operations (20 events):
Event: 20.242 Executing safepoint VM operation: Cleanup
Event: 20.243 Executing safepoint VM operation: Cleanup done
Event: 20.564 Executing safepoint VM operation: G1CollectForAllocation (G1 Evacuation Pause)
Event: 20.572 Executing safepoint VM operation: G1CollectForAllocation (G1 Evacuation Pause) done
Event: 20.656 Executing non-safepoint VM operation: HandshakeAllThreads (Deoptimize)
Event: 20.656 Executing non-safepoint VM operation: HandshakeAllThreads (Deoptimize) done
Event: 21.286 Executing non-safepoint VM operation: HandshakeAllThreads (Deoptimize)
Event: 21.286 Executing non-safepoint VM operation: HandshakeAllThreads (Deoptimize) done
Event: 21.471 Executing non-safepoint VM operation: HandshakeAllThreads (Deoptimize)
Event: 21.471 Executing non-safepoint VM operation: HandshakeAllThreads (Deoptimize) done
Event: 21.928 Executing non-safepoint VM operation: HandshakeAllThreads (Deoptimize)
Event: 21.928 Executing non-safepoint VM operation: HandshakeAllThreads (Deoptimize) done
Event: 21.928 Executing safepoint VM operation: Cleanup
Event: 21.928 Executing safepoint VM operation: Cleanup done
Event: 21.930 Executing non-safepoint VM operation: HandshakeAllThreads (Deoptimize)
Event: 21.930 Executing non-safepoint VM operation: HandshakeAllThreads (Deoptimize) done
Event: 21.947 Executing non-safepoint VM operation: HandshakeAllThreads (Deoptimize)
Event: 21.947 Executing non-safepoint VM operation: HandshakeAllThreads (Deoptimize) done
Event: 22.118 Executing non-safepoint VM operation: HandshakeAllThreads (Deoptimize)
Event: 22.118 Executing non-safepoint VM operation: HandshakeAllThreads (Deoptimize) done

Memory protections (0 events):
No events

Nmethod flushes (0 events):
No events

Events (20 events):
Event: 0.510 Thread 0x000001e7b0f37a00 Thread added: 0x000001e7c99fd3b0
Event: 0.597 Thread 0x000001e7b0f37a00 Thread added: 0x000001e7c9a4f270
Event: 6.615 Thread 0x000001e7b0f37a00 Thread added: 0x000001e80fa74250
Event: 8.232 Thread 0x000001e7b0f37a00 Thread added: 0x000001e8102c5900
Event: 8.519 Thread 0x000001e7b0f37a00 Thread added: 0x000001e80f0cd7f0
Event: 8.759 Thread 0x000001e8102c5900 Thread added: 0x000001e8102ba9c0
Event: 8.964 Thread 0x000001e8102ba9c0 Thread added: 0x000001e8102b9980
Event: 9.710 Thread 0x000001e8102ba9c0 Thread added: 0x000001e81066f9c0
Event: 9.771 Thread 0x000001e8102ba9c0 Thread added: 0x000001e8104286f0
Event: 9.808 Thread 0x000001e8104286f0 Thread added: 0x000001e81042a7c0
Event: 9.818 Thread 0x000001e8104286f0 Thread added: 0x000001e81042ae50
Event: 9.824 Thread 0x000001e8104286f0 Thread added: 0x000001e81042a130
Event: 12.077 Thread 0x000001e8104286f0 Thread added: 0x000001e81042b4e0
Event: 12.145 Thread 0x000001e8104286f0 Thread added: 0x000001e810429410
Event: 12.951 Thread 0x000001e8104286f0 Thread added: 0x000001e810428d80
Event: 13.284 Thread 0x000001e810429410 Thread added: 0x000001e810428060
Event: 18.149 Thread 0x000001e8104286f0 Thread added: 0x000001e811d72770
Event: 18.304 Thread 0x000001e8104286f0 Thread added: 0x000001e811d70d30
Event: 19.149 Thread 0x000001e8104286f0 Thread added: 0x000001e811d72e00
Event: 19.178 Thread 0x000001e8104286f0 Thread added: 0x000001e811d71a50


Dynamic libraries:
0x00007ff601410000 - 0x00007ff60141e000 	C:\Users\LENOVO\.antigravity-ide\extensions\redhat.java-1.56.0-win32-x64\jre\21.0.12.1-win32-x86_64\bin\java.exe
0x00007ffba7f40000 - 0x00007ffba81a7000 	C:\WINDOWS\SYSTEM32\ntdll.dll
0x00007ffba6070000 - 0x00007ffba613b000 	C:\WINDOWS\System32\KERNEL32.DLL
0x00007ffba5490000 - 0x00007ffba5892000 	C:\WINDOWS\System32\KERNELBASE.dll
0x00007ffba5140000 - 0x00007ffba528c000 	C:\WINDOWS\System32\ucrtbase.dll
0x00007ffb2ff40000 - 0x00007ffb2ff58000 	C:\Users\LENOVO\.antigravity-ide\extensions\redhat.java-1.56.0-win32-x64\jre\21.0.12.1-win32-x86_64\bin\jli.dll
0x00007ffba5e00000 - 0x00007ffba5fcf000 	C:\WINDOWS\System32\USER32.dll
0x00007ffba59e0000 - 0x00007ffba5a07000 	C:\WINDOWS\System32\win32u.dll
0x00007ffba5d80000 - 0x00007ffba5dab000 	C:\WINDOWS\System32\GDI32.dll
0x00007ffba52a0000 - 0x00007ffba53c9000 	C:\WINDOWS\System32\gdi32full.dll
0x00007ffba5930000 - 0x00007ffba59d3000 	C:\WINDOWS\System32\msvcp_win.dll
0x00007ffb2ff60000 - 0x00007ffb2ff7e000 	C:\Users\LENOVO\.antigravity-ide\extensions\redhat.java-1.56.0-win32-x64\jre\21.0.12.1-win32-x86_64\bin\VCRUNTIME140.dll
0x00007ffb8ec40000 - 0x00007ffb8eed0000 	C:\WINDOWS\WinSxS\amd64_microsoft.windows.common-controls_6595b64144ccf1df_6.0.26100.9278_none_3e0d1ba8e3303201\COMCTL32.dll
0x00007ffba6840000 - 0x00007ffba68e9000 	C:\WINDOWS\System32\msvcrt.dll
0x00007ffba5dc0000 - 0x00007ffba5df1000 	C:\WINDOWS\System32\IMM32.DLL
0x00007ffb4dd30000 - 0x00007ffb4dd3c000 	C:\Users\LENOVO\.antigravity-ide\extensions\redhat.java-1.56.0-win32-x64\jre\21.0.12.1-win32-x86_64\bin\vcruntime140_1.dll
0x00007ffb18b20000 - 0x00007ffb18bad000 	C:\Users\LENOVO\.antigravity-ide\extensions\redhat.java-1.56.0-win32-x64\jre\21.0.12.1-win32-x86_64\bin\msvcp140.dll
0x00007ffaf47b0000 - 0x00007ffaf5552000 	C:\Users\LENOVO\.antigravity-ide\extensions\redhat.java-1.56.0-win32-x64\jre\21.0.12.1-win32-x86_64\bin\server\jvm.dll
0x00007ffba66f0000 - 0x00007ffba67ac000 	C:\WINDOWS\System32\ADVAPI32.dll
0x00007ffba7e30000 - 0x00007ffba7ed9000 	C:\WINDOWS\System32\sechost.dll
0x00007ffba5c60000 - 0x00007ffba5d78000 	C:\WINDOWS\System32\RPCRT4.dll
0x00007ffba7090000 - 0x00007ffba7110000 	C:\WINDOWS\System32\WS2_32.dll
0x00007ffba4f90000 - 0x00007ffba4fee000 	C:\WINDOWS\SYSTEM32\POWRPROF.dll
0x00007ffb983b0000 - 0x00007ffb983e6000 	C:\WINDOWS\SYSTEM32\WINMM.dll
0x00007ffb93ff0000 - 0x00007ffb93ffb000 	C:\WINDOWS\SYSTEM32\VERSION.dll
0x00007ffba4f70000 - 0x00007ffba4f85000 	C:\WINDOWS\SYSTEM32\UMPDC.dll
0x00007ffba3dd0000 - 0x00007ffba3deb000 	C:\WINDOWS\SYSTEM32\kernel.appcore.dll
0x00007ffb4d740000 - 0x00007ffb4d74a000 	C:\Users\LENOVO\.antigravity-ide\extensions\redhat.java-1.56.0-win32-x64\jre\21.0.12.1-win32-x86_64\bin\jimage.dll
0x00007ffba2480000 - 0x00007ffba26cc000 	C:\WINDOWS\SYSTEM32\DBGHELP.DLL
0x00007ffba7950000 - 0x00007ffba7cd5000 	C:\WINDOWS\System32\combase.dll
0x00007ffba62c0000 - 0x00007ffba6399000 	C:\WINDOWS\System32\OLEAUT32.dll
0x00007ffb8c4f0000 - 0x00007ffb8c52b000 	C:\WINDOWS\SYSTEM32\dbgcore.DLL
0x00007ffba5a10000 - 0x00007ffba5abc000 	C:\WINDOWS\System32\bcryptPrimitives.dll
0x00007ffb49c90000 - 0x00007ffb49c9f000 	C:\Users\LENOVO\.antigravity-ide\extensions\redhat.java-1.56.0-win32-x64\jre\21.0.12.1-win32-x86_64\bin\instrument.dll
0x00007ffb2ff20000 - 0x00007ffb2ff40000 	C:\Users\LENOVO\.antigravity-ide\extensions\redhat.java-1.56.0-win32-x64\jre\21.0.12.1-win32-x86_64\bin\java.dll
0x00007ffba68f0000 - 0x00007ffba7088000 	C:\WINDOWS\System32\SHELL32.dll
0x00007ffba2b60000 - 0x00007ffba340e000 	C:\WINDOWS\SYSTEM32\windows.storage.dll
0x00007ffba7d30000 - 0x00007ffba7e2b000 	C:\WINDOWS\System32\SHCORE.dll
0x00007ffba67d0000 - 0x00007ffba6836000 	C:\WINDOWS\System32\shlwapi.dll
0x00007ffba5060000 - 0x00007ffba5089000 	C:\WINDOWS\SYSTEM32\profapi.dll
0x00007ffb29820000 - 0x00007ffb29838000 	C:\Users\LENOVO\.antigravity-ide\extensions\redhat.java-1.56.0-win32-x64\jre\21.0.12.1-win32-x86_64\bin\zip.dll
0x00007ffb4bc60000 - 0x00007ffb4bc70000 	C:\Users\LENOVO\.antigravity-ide\extensions\redhat.java-1.56.0-win32-x64\jre\21.0.12.1-win32-x86_64\bin\net.dll
0x00007ffb9d7d0000 - 0x00007ffb9d8fa000 	C:\WINDOWS\SYSTEM32\WINHTTP.dll
0x00007ffba4370000 - 0x00007ffba43dc000 	C:\WINDOWS\system32\mswsock.dll
0x00007ffb297b0000 - 0x00007ffb297c6000 	C:\Users\LENOVO\.antigravity-ide\extensions\redhat.java-1.56.0-win32-x64\jre\21.0.12.1-win32-x86_64\bin\nio.dll
0x00007ffb66b60000 - 0x00007ffb66b70000 	C:\Users\LENOVO\.antigravity-ide\extensions\redhat.java-1.56.0-win32-x64\jre\21.0.12.1-win32-x86_64\bin\verify.dll
0x00007ffb4bb90000 - 0x00007ffb4bbb7000 	C:\Users\LENOVO\.gradle\native\1def1411415f61bf3af743bc5b6707747c0891f09f0c88961ee8f79bc544acac\windows-amd64\native-platform.dll
0x00007ffb06220000 - 0x00007ffb06298000 	C:\Users\LENOVO\.gradle\native\0.2.7\x86_64-windows-gnu\gradle-fileevents.dll
0x00007ffb9c400000 - 0x00007ffb9c40a000 	C:\Users\LENOVO\.antigravity-ide\extensions\redhat.java-1.56.0-win32-x64\jre\21.0.12.1-win32-x86_64\bin\management.dll
0x00007ffb4d460000 - 0x00007ffb4d46c000 	C:\Users\LENOVO\.antigravity-ide\extensions\redhat.java-1.56.0-win32-x64\jre\21.0.12.1-win32-x86_64\bin\management_ext.dll
0x00007ffba5db0000 - 0x00007ffba5db8000 	C:\WINDOWS\System32\PSAPI.DLL
0x00007ffba3780000 - 0x00007ffba37b3000 	C:\WINDOWS\SYSTEM32\IPHLPAPI.DLL
0x00007ffba7120000 - 0x00007ffba712a000 	C:\WINDOWS\System32\NSI.dll
0x00007ffb98370000 - 0x00007ffb98379000 	C:\Users\LENOVO\.antigravity-ide\extensions\redhat.java-1.56.0-win32-x64\jre\21.0.12.1-win32-x86_64\bin\extnet.dll
0x00007ffba4790000 - 0x00007ffba47ab000 	C:\WINDOWS\SYSTEM32\CRYPTSP.dll
0x00007ffba3d30000 - 0x00007ffba3d69000 	C:\WINDOWS\system32\rsaenh.dll
0x00007ffba4420000 - 0x00007ffba4454000 	C:\WINDOWS\SYSTEM32\USERENV.dll
0x00007ffba5030000 - 0x00007ffba505a000 	C:\WINDOWS\SYSTEM32\bcrypt.dll
0x00007ffba45d0000 - 0x00007ffba45dc000 	C:\WINDOWS\SYSTEM32\CRYPTBASE.dll
0x00007ffb98380000 - 0x00007ffb9838e000 	C:\Users\LENOVO\.antigravity-ide\extensions\redhat.java-1.56.0-win32-x64\jre\21.0.12.1-win32-x86_64\bin\sunmscapi.dll
0x00007ffba5ad0000 - 0x00007ffba5c4e000 	C:\WINDOWS\System32\CRYPT32.dll
0x00007ffba4900000 - 0x00007ffba4930000 	C:\WINDOWS\SYSTEM32\ncrypt.dll
0x00007ffba48b0000 - 0x00007ffba48ef000 	C:\WINDOWS\SYSTEM32\NTASN1.dll
0x00007ffb7b120000 - 0x00007ffb7b128000 	C:\WINDOWS\system32\wshunix.dll

JVMTI agents:
C:\Users\LENOVO\.gradle\wrapper\dists\gradle-8.14-bin\38aieal9i53h9rfe7vjup95b9\gradle-8.14\lib\agents\gradle-instrumentation-agent-8.14.jar path:C:\Users\LENOVO\.antigravity-ide\extensions\redhat.java-1.56.0-win32-x64\jre\21.0.12.1-win32-x86_64\bin\instrument.dll, loaded, initialized, instrumentlib options:none

dbghelp: loaded successfully - version: 4.0.5 - missing functions: none
symbol engine: initialized successfully - sym options: 0x614 - pdb path: .;C:\Users\LENOVO\.antigravity-ide\extensions\redhat.java-1.56.0-win32-x64\jre\21.0.12.1-win32-x86_64\bin;C:\WINDOWS\SYSTEM32;C:\WINDOWS\WinSxS\amd64_microsoft.windows.common-controls_6595b64144ccf1df_6.0.26100.9278_none_3e0d1ba8e3303201;C:\Users\LENOVO\.antigravity-ide\extensions\redhat.java-1.56.0-win32-x64\jre\21.0.12.1-win32-x86_64\bin\server;C:\Users\LENOVO\.gradle\native\1def1411415f61bf3af743bc5b6707747c0891f09f0c88961ee8f79bc544acac\windows-amd64;C:\Users\LENOVO\.gradle\native\0.2.7\x86_64-windows-gnu

VM Arguments:
jvm_args: --add-opens=java.base/java.lang=ALL-UNNAMED --add-opens=java.base/java.lang.invoke=ALL-UNNAMED --add-opens=java.base/java.util=ALL-UNNAMED --add-opens=java.prefs/java.util.prefs=ALL-UNNAMED --add-exports=jdk.compiler/com.sun.tools.javac.api=ALL-UNNAMED --add-exports=jdk.compiler/com.sun.tools.javac.util=ALL-UNNAMED --add-opens=java.base/java.util=ALL-UNNAMED --add-opens=java.prefs/java.util.prefs=ALL-UNNAMED --add-opens=java.base/java.nio.charset=ALL-UNNAMED --add-opens=java.base/java.net=ALL-UNNAMED --add-opens=java.base/java.util.concurrent.atomic=ALL-UNNAMED --add-opens=java.xml/javax.xml.namespace=ALL-UNNAMED -Xmx1024m -Dfile.encoding=UTF-8 -Duser.country=US -Duser.language=en -Duser.variant -javaagent:C:\Users\LENOVO\.gradle\wrapper\dists\gradle-8.14-bin\38aieal9i53h9rfe7vjup95b9\gradle-8.14\lib\agents\gradle-instrumentation-agent-8.14.jar 
java_command: org.gradle.launcher.daemon.bootstrap.GradleDaemon 8.14
java_class_path (initial): C:\Users\LENOVO\.gradle\wrapper\dists\gradle-8.14-bin\38aieal9i53h9rfe7vjup95b9\gradle-8.14\lib\gradle-daemon-main-8.14.jar
Launcher Type: SUN_STANDARD

[Global flags]
     intx CICompilerCount                          = 4                                         {product} {ergonomic}
     uint ConcGCThreads                            = 2                                         {product} {ergonomic}
     uint G1ConcRefinementThreads                  = 8                                         {product} {ergonomic}
   size_t G1HeapRegionSize                         = 1048576                                   {product} {ergonomic}
    uintx GCDrainStackTargetSize                   = 64                                        {product} {ergonomic}
   size_t InitialHeapSize                          = 98566144                                  {product} {ergonomic}
   size_t MarkStackSize                            = 4194304                                   {product} {ergonomic}
   size_t MaxHeapSize                              = 1073741824                                {product} {command line}
   size_t MaxNewSize                               = 643825664                                 {product} {ergonomic}
   size_t MinHeapDeltaBytes                        = 1048576                                   {product} {ergonomic}
   size_t MinHeapSize                              = 8388608                                   {product} {ergonomic}
    uintx NonNMethodCodeHeapSize                   = 5839372                                {pd product} {ergonomic}
    uintx NonProfiledCodeHeapSize                  = 122909434                              {pd product} {ergonomic}
    uintx ProfiledCodeHeapSize                     = 122909434                              {pd product} {ergonomic}
    uintx ReservedCodeCacheSize                    = 251658240                              {pd product} {ergonomic}
     bool SegmentedCodeCache                       = true                                      {product} {ergonomic}
   size_t SoftMaxHeapSize                          = 1073741824                             {manageable} {ergonomic}
     bool UseCompressedOops                        = true                           {product lp64_product} {ergonomic}
     bool UseG1GC                                  = true                                      {product} {ergonomic}
     bool UseLargePagesIndividualAllocation        = false                                  {pd product} {ergonomic}

Logging:
Log output configuration:
 #0: stdout all=warning uptime,level,tags foldmultilines=false
 #1: stderr all=off uptime,level,tags foldmultilines=false

Release file:
JAVA_VERSION="21.0.12.1" 
MODULES="java.base java.compiler java.datatransfer java.xml java.prefs java.desktop java.instrument java.logging java.management java.security.sasl java.naming java.rmi java.management.rmi java.net.http java.scripting java.security.jgss java.transaction.xa java.sql java.sql.rowset java.xml.crypto java.se java.smartcardio jdk.accessibility jdk.internal.jvmstat jdk.attach jdk.charsets jdk.internal.opt jdk.zipfs jdk.compiler jdk.crypto.ec jdk.crypto.cryptoki jdk.crypto.mscapi jdk.dynalink jdk.internal.ed jdk.editpad jdk.hotspot.agent jdk.httpserver jdk.internal.le jdk.internal.vm.ci jdk.internal.vm.compiler jdk.internal.vm.compiler.management jdk.jartool jdk.javadoc jdk.jcmd jdk.management jdk.management.agent jdk.jconsole jdk.jdeps jdk.jdwp.agent jdk.jdi jdk.jfr jdk.jshell jdk.jsobject jdk.jstatd jdk.localedata jdk.management.jfr jdk.naming.dns jdk.naming.rmi jdk.net jdk.nio.mapmode jdk.random jdk.sctp jdk.security.auth jdk.security.jgss jdk.unsupported jdk.unsupported.desktop jdk.xml.dom" 

Environment Variables:
JAVA_HOME=C:\Program Files\Android\Android Studio\jbr
PATH=C:\WINDOWS\system32;C:\WINDOWS;C:\WINDOWS\System32\Wbem;C:\WINDOWS\System32\WindowsPowerShell\v1.0\;C:\WINDOWS\System32\OpenSSH\;C:\Program Files\Docker\Docker\resources\bin;C:\Program Files\nodejs\;C:\Program Files\Git\cmd;C:\Users\LENOVO\AppData\Local\Programs\Python\Python312\Scripts\;C:\Users\LENOVO\AppData\Local\Programs\Python\Python312\;C:\Users\LENOVO\AppData\Local\Programs\Python\Launcher\;C:\Users\LENOVO\AppData\Local\Programs\Python\Python314\Scripts\;C:\Users\LENOVO\AppData\Local\Programs\Python\Python314\;C:\Users\LENOVO\AppData\Local\Microsoft\WindowsApps;C:\Users\LENOVO\AppData\Local\Programs\Antigravity\bin;C:\Users\LENOVO\AppData\Roaming\npm;C:\ScrcpyLauncher by praveen;C:\Users\LENOVO\AppData\Local\PowerToys\DSCModules\;C:\Users\LENOVO\AppData\Local\Programs\Antigravity IDE\bin
USERNAME=LENOVO
OS=Windows_NT
PROCESSOR_IDENTIFIER=AMD64 Family 23 Model 160 Stepping 0, AuthenticAMD
TMP=C:\Users\LENOVO\AppData\Local\Temp
TEMP=C:\Users\LENOVO\AppData\Local\Temp




Periodic native trim disabled

---------------  S Y S T E M  ---------------

OS:
 Windows 11 , 64 bit Build 26100 (10.0.26100.9444)
OS uptime: 3 days 1:38 hours
Hyper-V role detected

CPU: total 8 (initial active 8) (8 cores per cpu, 2 threads per core) family 23 model 160 stepping 0 microcode 0x8a0000a, cx8, cmov, fxsr, ht, mmx, 3dnowpref, sse, sse2, sse3, ssse3, sse4a, sse4.1, sse4.2, popcnt, lzcnt, tsc, tscinvbit, avx, avx2, aes, clmul, bmi1, bmi2, adx, sha, fma, vzeroupper, clflush, clflushopt, hv, rdtscp, rdpid, f16c
Processor Information for the first 8 processors :
  Max Mhz: 2401, Current Mhz: 2401, Mhz Limit: 2401

Memory: 4k page, system-wide physical 5965M (45M free)
TotalPageFile size 24397M (AvailPageFile size 7M)
current process WorkingSet (physical memory assigned to process): 173M, peak: 174M
current process commit charge ("private bytes"): 253M, peak: 254M

vm_info: OpenJDK 64-Bit Server VM (21.0.12.1+1-LTS) for windows-amd64 JRE (21.0.12.1+1-LTS), built on 2026-08-18T00:00:00Z by "admin" with MS VC++ 17.12 (VS2022)

END.
