#
# There is insufficient memory for the Java Runtime Environment to continue.
# Native memory allocation (malloc) failed to allocate 1351056 bytes. Error detail: Chunk::new
# Possible reasons:
#   The system is out of physical RAM or swap space
#   This process is running with CompressedOops enabled, and the Java Heap may be blocking the growth of the native heap
# Possible solutions:
#   Reduce memory load on the system
#   Increase physical memory or swap space
#   Check if swap backing store is full
#   Decrease Java heap size (-Xmx/-Xms)
#   Decrease number of Java threads
#   Decrease Java thread stack sizes (-Xss)
#   Set larger code cache with -XX:ReservedCodeCacheSize=
#   JVM is running with Unscaled Compressed Oops mode in which the Java heap is
#     placed in the first 4GB address space. The Java Heap base address is the
#     maximum limit for the native heap growth. Please use -XX:HeapBaseMinAddress
#     to set the Java Heap base and to place the Java Heap above 4GB virtual address.
# This output file may be truncated or incomplete.
#
#  Out of Memory Error (arena.cpp:168), pid=20280, tid=3588
#
# JRE version: OpenJDK Runtime Environment Temurin-21.0.12.1+1 (21.0.12.1+1) (build 21.0.12.1+1-LTS)
# Java VM: OpenJDK 64-Bit Server VM Temurin-21.0.12.1+1 (21.0.12.1+1-LTS, mixed mode, sharing, tiered, compressed oops, compressed class ptrs, g1 gc, windows-amd64)
# No core dump will be written. Minidumps are not enabled by default on client versions of Windows
#

---------------  S U M M A R Y ------------

Command Line: --add-opens=java.base/java.lang=ALL-UNNAMED --add-opens=java.base/java.lang.invoke=ALL-UNNAMED --add-opens=java.base/java.util=ALL-UNNAMED --add-opens=java.prefs/java.util.prefs=ALL-UNNAMED --add-exports=jdk.compiler/com.sun.tools.javac.api=ALL-UNNAMED --add-exports=jdk.compiler/com.sun.tools.javac.util=ALL-UNNAMED --add-opens=java.base/java.util=ALL-UNNAMED --add-opens=java.prefs/java.util.prefs=ALL-UNNAMED --add-opens=java.base/java.nio.charset=ALL-UNNAMED --add-opens=java.base/java.net=ALL-UNNAMED --add-opens=java.base/java.util.concurrent.atomic=ALL-UNNAMED --add-opens=java.xml/javax.xml.namespace=ALL-UNNAMED -Xmx1024m -Dfile.encoding=UTF-8 -Duser.country=US -Duser.language=en -Duser.variant -javaagent:C:\Users\LENOVO\.gradle\wrapper\dists\gradle-8.14-bin\38aieal9i53h9rfe7vjup95b9\gradle-8.14\lib\agents\gradle-instrumentation-agent-8.14.jar org.gradle.launcher.daemon.bootstrap.GradleDaemon 8.14

Host: AMD Ryzen 3 7320U with Radeon Graphics         , 8 cores, 5G,  Windows 11 , 64 bit Build 26100 (10.0.26100.9444)
Time: Fri Oct  2 21:11:55 2026 Nepal Standard Time elapsed time: 884.901864 seconds (0d 0h 14m 44s)

---------------  T H R E A D  ---------------

Current thread (0x000001c0cdb22d60):  JavaThread "C2 CompilerThread0" daemon [_thread_in_native, id=3588, stack(0x0000002baa300000,0x0000002baa400000) (1024K)]


Current CompileTask:
C2:884902 12544       4       org.gradle.internal.instantiation.generator.AbstractClassGenerator::inspectType (602 bytes)

Stack: [0x0000002baa300000,0x0000002baa400000]
Native frames: (J=compiled Java code, j=interpreted, Vv=VM code, C=native code)
V  [jvm.dll+0x6d83e9]
V  [jvm.dll+0x8b5736]
V  [jvm.dll+0x8b7cee]
V  [jvm.dll+0x8b83d3]
V  [jvm.dll+0x284596]
V  [jvm.dll+0xc685d]
V  [jvm.dll+0xc6da1]
V  [jvm.dll+0x2fb5ae]
V  [jvm.dll+0x5fee94]
V  [jvm.dll+0x255d67]
V  [jvm.dll+0x24e0f4]
V  [jvm.dll+0x24bbe6]
V  [jvm.dll+0x1cb4ae]
V  [jvm.dll+0x25baad]
V  [jvm.dll+0x25a03a]
V  [jvm.dll+0x3f8aae]
V  [jvm.dll+0x8600cd]
V  [jvm.dll+0x6d6c1d]
C  [ucrtbase.dll+0x2cd30]
C  [KERNEL32.DLL+0x2cd87]
C  [ntdll.dll+0xacaec]


---------------  P R O C E S S  ---------------

Threads class SMR info:
_java_thread_list=0x000001c117f6e440, length=79, elements={
0x000001c0b77f1fa0, 0x000001c0cdb19910, 0x000001c0cdb1aee0, 0x000001c0cdb1e670,
0x000001c0cdb1f0d0, 0x000001c0cdb20850, 0x000001c0cdb21fd0, 0x000001c0cdb22d60,
0x000001c0cdb24520, 0x000001c0cdd551c0, 0x000001c0cdd319e0, 0x000001c0cdc40f20,
0x000001c113a03750, 0x000001c113ac9ce0, 0x000001c113683f50, 0x000001c113cbf4f0,
0x000001c113c2a2c0, 0x000001c113c3c0e0, 0x000001c113c3d490, 0x000001c113c3e1b0,
0x000001c113c3e840, 0x000001c113c3b3c0, 0x000001c113c3ba50, 0x000001c113c3c770,
0x000001c1150fdb30, 0x000001c1150fe1c0, 0x000001c1150fc0f0, 0x000001c1150fce10,
0x000001c1150fe850, 0x000001c1150feee0, 0x000001c1150fd4a0, 0x000001c1150fba60,
0x000001c1150ff570, 0x000001c1150ffc00, 0x000001c1151029f0, 0x000001c115100920,
0x000001c115100fb0, 0x000001c114edd910, 0x000001c114edcbf0, 0x000001c114ee0070,
0x000001c114edf9e0, 0x000001c114edecc0, 0x000001c114edd280, 0x000001c114eddfa0,
0x000001c114ede630, 0x000001c114edf350, 0x000001c11538bc10, 0x000001c11538e370,
0x000001c11538aef0, 0x000001c11538d650, 0x000001c11538dce0, 0x000001c11538ea00,
0x000001c11538b580, 0x000001c11538f090, 0x000001c11538f720, 0x000001c11538fdb0,
0x000001c11538c930, 0x000001c115390440, 0x000001c11538cfc0, 0x000001c115390ad0,
0x000001c115391160, 0x000001c115392510, 0x000001c1153917f0, 0x000001c115391e80,
0x000001c117402fe0, 0x000001c1174022c0, 0x000001c117403670, 0x000001c117403d00,
0x000001c1174015a0, 0x000001c117404390, 0x000001c117401c30, 0x000001c117400f10,
0x000001c117402950, 0x000001c117404a20, 0x000001c117408530, 0x000001c117406af0,
0x000001c118de0b80, 0x000001c118de25c0, 0x000001c118de32e0
}

Java Threads: ( => current thread )
  0x000001c0b77f1fa0 JavaThread "main"                              [_thread_blocked, id=1984, stack(0x0000002ba9500000,0x0000002ba9600000) (1024K)]
  0x000001c0cdb19910 JavaThread "Reference Handler"          daemon [_thread_blocked, id=31060, stack(0x0000002ba9d00000,0x0000002ba9e00000) (1024K)]
  0x000001c0cdb1aee0 JavaThread "Finalizer"                  daemon [_thread_blocked, id=22328, stack(0x0000002ba9e00000,0x0000002ba9f00000) (1024K)]
  0x000001c0cdb1e670 JavaThread "Signal Dispatcher"          daemon [_thread_blocked, id=12028, stack(0x0000002ba9f00000,0x0000002baa000000) (1024K)]
  0x000001c0cdb1f0d0 JavaThread "Attach Listener"            daemon [_thread_blocked, id=32596, stack(0x0000002baa000000,0x0000002baa100000) (1024K)]
  0x000001c0cdb20850 JavaThread "Service Thread"             daemon [_thread_blocked, id=24692, stack(0x0000002baa100000,0x0000002baa200000) (1024K)]
  0x000001c0cdb21fd0 JavaThread "Monitor Deflation Thread"   daemon [_thread_blocked, id=18096, stack(0x0000002baa200000,0x0000002baa300000) (1024K)]
=>0x000001c0cdb22d60 JavaThread "C2 CompilerThread0"         daemon [_thread_in_native, id=3588, stack(0x0000002baa300000,0x0000002baa400000) (1024K)]
  0x000001c0cdb24520 JavaThread "C1 CompilerThread0"         daemon [_thread_blocked, id=29336, stack(0x0000002baa400000,0x0000002baa500000) (1024K)]
  0x000001c0cdd551c0 JavaThread "Common-Cleaner"             daemon [_thread_blocked, id=27072, stack(0x0000002baa500000,0x0000002baa600000) (1024K)]
  0x000001c0cdd319e0 JavaThread "Notification Thread"        daemon [_thread_blocked, id=22180, stack(0x0000002baa600000,0x0000002baa700000) (1024K)]
  0x000001c0cdc40f20 JavaThread "Daemon health stats"               [_thread_blocked, id=29876, stack(0x0000002baab00000,0x0000002baac00000) (1024K)]
  0x000001c113a03750 JavaThread "Incoming local TCP Connector on port 45481"        [_thread_in_native, id=26668, stack(0x0000002baac00000,0x0000002baad00000) (1024K)]
  0x000001c113ac9ce0 JavaThread "Daemon periodic checks"            [_thread_blocked, id=7888, stack(0x0000002baad00000,0x0000002baae00000) (1024K)]
  0x000001c113683f50 JavaThread "Daemon"                            [_thread_blocked, id=32116, stack(0x0000002baae00000,0x0000002baaf00000) (1024K)]
  0x000001c113cbf4f0 JavaThread "Handler for socket connection from /127.0.0.1:45481 to /127.0.0.1:45485"        [_thread_in_native, id=28992, stack(0x0000002baaf00000,0x0000002bab000000) (1024K)]
  0x000001c113c2a2c0 JavaThread "Cancel handler"                    [_thread_blocked, id=30576, stack(0x0000002bab000000,0x0000002bab100000) (1024K)]
  0x000001c113c3c0e0 JavaThread "Daemon worker"                     [_thread_in_vm, id=17988, stack(0x0000002bab100000,0x0000002bab200000) (1024K)]
  0x000001c113c3d490 JavaThread "Asynchronous log dispatcher for DefaultDaemonConnection: socket connection from /127.0.0.1:45481 to /127.0.0.1:45485"        [_thread_blocked, id=15064, stack(0x0000002bab200000,0x0000002bab300000) (1024K)]
  0x000001c113c3e1b0 JavaThread "Stdin handler"                     [_thread_blocked, id=28512, stack(0x0000002bab300000,0x0000002bab400000) (1024K)]
  0x000001c113c3e840 JavaThread "Daemon client event forwarder"        [_thread_blocked, id=17824, stack(0x0000002bab400000,0x0000002bab500000) (1024K)]
  0x000001c113c3b3c0 JavaThread "Cache worker for journal cache (C:\Users\LENOVO\.gradle\caches\journal-1)"        [_thread_blocked, id=12680, stack(0x0000002bab500000,0x0000002bab600000) (1024K)]
  0x000001c113c3ba50 JavaThread "File lock request listener"        [_thread_in_native, id=7300, stack(0x0000002bab600000,0x0000002bab700000) (1024K)]
  0x000001c113c3c770 JavaThread "Cache worker for file hash cache (C:\Users\LENOVO\.gradle\caches\8.14\fileHashes)"        [_thread_blocked, id=31176, stack(0x0000002babb00000,0x0000002babc00000) (1024K)]
  0x000001c1150fdb30 JavaThread "Cache worker for file hash cache (C:\Users\LENOVO\Desktop\HeliBoard-main\.gradle\8.14\fileHashes)"        [_thread_blocked, id=8772, stack(0x0000002babd00000,0x0000002babe00000) (1024K)]
  0x000001c1150fe1c0 JavaThread "Cache worker for Build Output Cleanup Cache (C:\Users\LENOVO\Desktop\HeliBoard-main\.gradle\buildOutputCleanup)"        [_thread_blocked, id=15340, stack(0x0000002babe00000,0x0000002babf00000) (1024K)]
  0x000001c1150fc0f0 JavaThread "File watcher server"        daemon [_thread_in_native, id=27320, stack(0x0000002babf00000,0x0000002bac000000) (1024K)]
  0x000001c1150fce10 JavaThread "File watcher consumer"      daemon [_thread_blocked, id=29224, stack(0x0000002bac000000,0x0000002bac100000) (1024K)]
  0x000001c1150fe850 JavaThread "jar transforms"                    [_thread_blocked, id=6848, stack(0x0000002ba9300000,0x0000002ba9400000) (1024K)]
  0x000001c1150feee0 JavaThread "jar transforms Thread 2"           [_thread_blocked, id=28348, stack(0x0000002ba9400000,0x0000002ba9500000) (1024K)]
  0x000001c1150fd4a0 JavaThread "Cache worker for checksums cache (C:\Users\LENOVO\Desktop\HeliBoard-main\.gradle\8.14\checksums)"        [_thread_blocked, id=8996, stack(0x0000002bac100000,0x0000002bac200000) (1024K)]
  0x000001c1150fba60 JavaThread "Cache worker for file content cache (C:\Users\LENOVO\.gradle\caches\8.14\fileContent)"        [_thread_blocked, id=3024, stack(0x0000002bac200000,0x0000002bac300000) (1024K)]
  0x000001c1150ff570 JavaThread "Cache worker for cache directory md-supplier (C:\Users\LENOVO\.gradle\caches\8.14\md-supplier)"        [_thread_blocked, id=12548, stack(0x0000002bac300000,0x0000002bac400000) (1024K)]
  0x000001c1150ffc00 JavaThread "Cache worker for cache directory md-rule (C:\Users\LENOVO\.gradle\caches\8.14\md-rule)"        [_thread_blocked, id=13720, stack(0x0000002bac400000,0x0000002bac500000) (1024K)]
  0x000001c1151029f0 JavaThread "Unconstrained build operations"        [_thread_blocked, id=340, stack(0x0000002bac700000,0x0000002bac800000) (1024K)]
  0x000001c115100920 JavaThread "Unconstrained build operations Thread 2"        [_thread_blocked, id=27656, stack(0x0000002bac800000,0x0000002bac900000) (1024K)]
  0x000001c115100fb0 JavaThread "Unconstrained build operations Thread 3"        [_thread_blocked, id=10888, stack(0x0000002bac900000,0x0000002baca00000) (1024K)]
  0x000001c114edd910 JavaThread "Unconstrained build operations Thread 4"        [_thread_blocked, id=21160, stack(0x0000002baca00000,0x0000002bacb00000) (1024K)]
  0x000001c114edcbf0 JavaThread "Unconstrained build operations Thread 5"        [_thread_blocked, id=26628, stack(0x0000002bacb00000,0x0000002bacc00000) (1024K)]
  0x000001c114ee0070 JavaThread "Unconstrained build operations Thread 6"        [_thread_blocked, id=28936, stack(0x0000002bacc00000,0x0000002bacd00000) (1024K)]
  0x000001c114edf9e0 JavaThread "Unconstrained build operations Thread 7"        [_thread_blocked, id=5988, stack(0x0000002bacd00000,0x0000002bace00000) (1024K)]
  0x000001c114edecc0 JavaThread "Unconstrained build operations Thread 8"        [_thread_blocked, id=20644, stack(0x0000002bace00000,0x0000002bacf00000) (1024K)]
  0x000001c114edd280 JavaThread "Unconstrained build operations Thread 9"        [_thread_blocked, id=21616, stack(0x0000002bacf00000,0x0000002bad000000) (1024K)]
  0x000001c114eddfa0 JavaThread "Unconstrained build operations Thread 10"        [_thread_blocked, id=32544, stack(0x0000002bad000000,0x0000002bad100000) (1024K)]
  0x000001c114ede630 JavaThread "Unconstrained build operations Thread 11"        [_thread_blocked, id=32344, stack(0x0000002bad100000,0x0000002bad200000) (1024K)]
  0x000001c114edf350 JavaThread "Unconstrained build operations Thread 12"        [_thread_blocked, id=5416, stack(0x0000002bad200000,0x0000002bad300000) (1024K)]
  0x000001c11538bc10 JavaThread "Unconstrained build operations Thread 13"        [_thread_blocked, id=28476, stack(0x0000002bad300000,0x0000002bad400000) (1024K)]
  0x000001c11538e370 JavaThread "Unconstrained build operations Thread 14"        [_thread_blocked, id=24384, stack(0x0000002bad400000,0x0000002bad500000) (1024K)]
  0x000001c11538aef0 JavaThread "Unconstrained build operations Thread 15"        [_thread_blocked, id=3432, stack(0x0000002bad500000,0x0000002bad600000) (1024K)]
  0x000001c11538d650 JavaThread "Unconstrained build operations Thread 16"        [_thread_blocked, id=7568, stack(0x0000002bad600000,0x0000002bad700000) (1024K)]
  0x000001c11538dce0 JavaThread "Unconstrained build operations Thread 17"        [_thread_blocked, id=18860, stack(0x0000002bad700000,0x0000002bad800000) (1024K)]
  0x000001c11538ea00 JavaThread "Unconstrained build operations Thread 18"        [_thread_blocked, id=25840, stack(0x0000002bad800000,0x0000002bad900000) (1024K)]
  0x000001c11538b580 JavaThread "Unconstrained build operations Thread 19"        [_thread_blocked, id=30872, stack(0x0000002bad900000,0x0000002bada00000) (1024K)]
  0x000001c11538f090 JavaThread "Unconstrained build operations Thread 20"        [_thread_blocked, id=16672, stack(0x0000002bada00000,0x0000002badb00000) (1024K)]
  0x000001c11538f720 JavaThread "Unconstrained build operations Thread 21"        [_thread_blocked, id=26132, stack(0x0000002badb00000,0x0000002badc00000) (1024K)]
  0x000001c11538fdb0 JavaThread "Unconstrained build operations Thread 22"        [_thread_blocked, id=21200, stack(0x0000002bac500000,0x0000002bac600000) (1024K)]
  0x000001c11538c930 JavaThread "Unconstrained build operations Thread 23"        [_thread_blocked, id=24172, stack(0x0000002bac600000,0x0000002bac700000) (1024K)]
  0x000001c115390440 JavaThread "Unconstrained build operations Thread 24"        [_thread_blocked, id=4420, stack(0x0000002badc00000,0x0000002badd00000) (1024K)]
  0x000001c11538cfc0 JavaThread "Unconstrained build operations Thread 25"        [_thread_blocked, id=25748, stack(0x0000002badd00000,0x0000002bade00000) (1024K)]
  0x000001c115390ad0 JavaThread "Unconstrained build operations Thread 26"        [_thread_blocked, id=18392, stack(0x0000002bade00000,0x0000002badf00000) (1024K)]
  0x000001c115391160 JavaThread "Unconstrained build operations Thread 27"        [_thread_blocked, id=19592, stack(0x0000002badf00000,0x0000002bae000000) (1024K)]
  0x000001c115392510 JavaThread "Unconstrained build operations Thread 28"        [_thread_blocked, id=28636, stack(0x0000002bae000000,0x0000002bae100000) (1024K)]
  0x000001c1153917f0 JavaThread "Unconstrained build operations Thread 29"        [_thread_blocked, id=30416, stack(0x0000002bae100000,0x0000002bae200000) (1024K)]
  0x000001c115391e80 JavaThread "Unconstrained build operations Thread 30"        [_thread_blocked, id=4840, stack(0x0000002bae200000,0x0000002bae300000) (1024K)]
  0x000001c117402fe0 JavaThread "Unconstrained build operations Thread 31"        [_thread_blocked, id=5512, stack(0x0000002bae300000,0x0000002bae400000) (1024K)]
  0x000001c1174022c0 JavaThread "Unconstrained build operations Thread 32"        [_thread_blocked, id=5760, stack(0x0000002bae400000,0x0000002bae500000) (1024K)]
  0x000001c117403670 JavaThread "Unconstrained build operations Thread 33"        [_thread_blocked, id=15640, stack(0x0000002bae500000,0x0000002bae600000) (1024K)]
  0x000001c117403d00 JavaThread "Unconstrained build operations Thread 34"        [_thread_blocked, id=3768, stack(0x0000002bae600000,0x0000002bae700000) (1024K)]
  0x000001c1174015a0 JavaThread "Unconstrained build operations Thread 35"        [_thread_blocked, id=21168, stack(0x0000002bae700000,0x0000002bae800000) (1024K)]
  0x000001c117404390 JavaThread "Unconstrained build operations Thread 36"        [_thread_blocked, id=6324, stack(0x0000002bae800000,0x0000002bae900000) (1024K)]
  0x000001c117401c30 JavaThread "Unconstrained build operations Thread 37"        [_thread_blocked, id=5588, stack(0x0000002bae900000,0x0000002baea00000) (1024K)]
  0x000001c117400f10 JavaThread "Unconstrained build operations Thread 38"        [_thread_blocked, id=29884, stack(0x0000002baea00000,0x0000002baeb00000) (1024K)]
  0x000001c117402950 JavaThread "Unconstrained build operations Thread 39"        [_thread_blocked, id=21952, stack(0x0000002baeb00000,0x0000002baec00000) (1024K)]
  0x000001c117404a20 JavaThread "Memory manager"                    [_thread_blocked, id=20708, stack(0x0000002baee00000,0x0000002baef00000) (1024K)]
  0x000001c117408530 JavaThread "build event listener"              [_thread_blocked, id=6584, stack(0x0000002baef00000,0x0000002baf000000) (1024K)]
  0x000001c117406af0 JavaThread "Problems report writer"            [_thread_blocked, id=32200, stack(0x0000002baec00000,0x0000002baed00000) (1024K)]
  0x000001c118de0b80 JavaThread "File lock release action executor Thread 2"        [_thread_blocked, id=24572, stack(0x0000002baba00000,0x0000002babb00000) (1024K)]
  0x000001c118de25c0 JavaThread "jar transforms Thread 3"           [_thread_blocked, id=29992, stack(0x0000002baed00000,0x0000002baee00000) (1024K)]
  0x000001c118de32e0 JavaThread "jar transforms Thread 4"           [_thread_blocked, id=12780, stack(0x0000002baf000000,0x0000002baf100000) (1024K)]
Total: 79

Other Threads:
  0x000001c0cdaf86b0 VMThread "VM Thread"                           [id=31484, stack(0x0000002ba9c00000,0x0000002ba9d00000) (1024K)]
  0x000001c0b78ae970 WatcherThread "VM Periodic Task Thread"        [id=29408, stack(0x0000002ba9b00000,0x0000002ba9c00000) (1024K)]
  0x000001c0b782c320 WorkerThread "GC Thread#0"                     [id=9272, stack(0x0000002ba9600000,0x0000002ba9700000) (1024K)]
  0x000001c0cde20ab0 WorkerThread "GC Thread#1"                     [id=11940, stack(0x0000002baa700000,0x0000002baa800000) (1024K)]
  0x000001c0cde8c910 WorkerThread "GC Thread#2"                     [id=31344, stack(0x0000002baa800000,0x0000002baa900000) (1024K)]
  0x000001c0cde8ccc0 WorkerThread "GC Thread#3"                     [id=1356, stack(0x0000002baa900000,0x0000002baaa00000) (1024K)]
  0x000001c0cdc098b0 WorkerThread "GC Thread#4"                     [id=31368, stack(0x0000002baaa00000,0x0000002baab00000) (1024K)]
  0x000001c113b60f60 WorkerThread "GC Thread#5"                     [id=22228, stack(0x0000002bab700000,0x0000002bab800000) (1024K)]
  0x000001c114ba0810 WorkerThread "GC Thread#6"                     [id=2592, stack(0x0000002bab800000,0x0000002bab900000) (1024K)]
  0x000001c114ba0bc0 WorkerThread "GC Thread#7"                     [id=28972, stack(0x0000002bab900000,0x0000002baba00000) (1024K)]
  0x000001c0b7831100 ConcurrentGCThread "G1 Main Marker"            [id=17128, stack(0x0000002ba9700000,0x0000002ba9800000) (1024K)]
  0x000001c0b7831e20 WorkerThread "G1 Conc#0"                       [id=21820, stack(0x0000002ba9800000,0x0000002ba9900000) (1024K)]
  0x000001c114e52b60 WorkerThread "G1 Conc#1"                       [id=22536, stack(0x0000002babc00000,0x0000002babd00000) (1024K)]
  0x000001c0cd9c10a0 ConcurrentGCThread "G1 Refine#0"               [id=11956, stack(0x0000002ba9900000,0x0000002ba9a00000) (1024K)]
  0x000001c0cd9c18d0 ConcurrentGCThread "G1 Service"                [id=13300, stack(0x0000002ba9a00000,0x0000002ba9b00000) (1024K)]
Total: 15

Threads with active compile tasks:
C2 CompilerThread0  885009 12544       4       org.gradle.internal.instantiation.generator.AbstractClassGenerator::inspectType (602 bytes)
Total: 1

VM state: not at safepoint (normal execution)

VM Mutex/Monitor currently owned by a thread: None

Heap address: 0x00000000c0000000, size: 1024 MB, Compressed Oops mode: 32-bit

CDS archive(s) mapped at: [0x000001c0ce000000-0x000001c0ceba0000-0x000001c0ceba0000), size 12189696, SharedBaseAddress: 0x000001c0ce000000, ArchiveRelocationMode: 1.
Compressed class space mapped at: 0x000001c0cf000000-0x000001c10f000000, reserved size: 1073741824
Narrow klass base: 0x000001c0ce000000, Narrow klass shift: 0, Narrow klass range: 0x100000000

GC Precious Log:
 CardTable entry size: 512
 Card Set container configuration: InlinePtr #cards 5 size 8 Array Of Cards #cards 12 size 40 Howl #buckets 4 coarsen threshold 1843 Howl Bitmap #cards 512 size 80 coarsen threshold 460 Card regions per heap region 1 cards per card region 2048
 CPUs: 8 total, 8 available
 Memory: 5965M
 Large Page Support: Disabled
 NUMA Support: Disabled
 Compressed Oops: Enabled (32-bit)
 Heap Region Size: 1M
 Heap Min Capacity: 8M
 Heap Initial Capacity: 94M
 Heap Max Capacity: 1G
 Pre-touch: Disabled
 Parallel Workers: 8
 Concurrent Workers: 2
 Concurrent Refinement Workers: 8
 Periodic GC: Disabled

Heap:
 garbage-first heap   total 145408K, used 116565K [0x00000000c0000000, 0x0000000100000000)
  region size 1024K, 31 young (31744K), 2 survivors (2048K)
 Metaspace       used 91463K, committed 93760K, reserved 1179648K
  class space    used 12870K, committed 14016K, reserved 1048576K

Heap Regions: E=young(eden), S=young(survivor), O=old, HS=humongous(starts), HC=humongous(continues), CS=collection set, F=free, TAMS=top-at-mark-start, PB=parsable bottom
|   0|0x00000000c0000000, 0x00000000c0100000, 0x00000000c0100000|100%|HS|  |TAMS 0x00000000c0000000| PB 0x00000000c0000000| Complete 
|   1|0x00000000c0100000, 0x00000000c0200000, 0x00000000c0200000|100%|HC|  |TAMS 0x00000000c0100000| PB 0x00000000c0100000| Complete 
|   2|0x00000000c0200000, 0x00000000c0300000, 0x00000000c0300000|100%|HC|  |TAMS 0x00000000c0200000| PB 0x00000000c0200000| Complete 
|   3|0x00000000c0300000, 0x00000000c0400000, 0x00000000c0400000|100%| O|  |TAMS 0x00000000c0300000| PB 0x00000000c0300000| Untracked 
|   4|0x00000000c0400000, 0x00000000c0500000, 0x00000000c0500000|100%| O|  |TAMS 0x00000000c0400000| PB 0x00000000c0400000| Untracked 
|   5|0x00000000c0500000, 0x00000000c0600000, 0x00000000c0600000|100%| O|  |TAMS 0x00000000c0500000| PB 0x00000000c0500000| Untracked 
|   6|0x00000000c0600000, 0x00000000c0700000, 0x00000000c0700000|100%|HS|  |TAMS 0x00000000c0600000| PB 0x00000000c0600000| Complete 
|   7|0x00000000c0700000, 0x00000000c0800000, 0x00000000c0800000|100%| O|  |TAMS 0x00000000c0700000| PB 0x00000000c0700000| Untracked 
|   8|0x00000000c0800000, 0x00000000c0900000, 0x00000000c0900000|100%| O|  |TAMS 0x00000000c0800000| PB 0x00000000c0800000| Untracked 
|   9|0x00000000c0900000, 0x00000000c0a00000, 0x00000000c0a00000|100%| O|  |TAMS 0x00000000c0900000| PB 0x00000000c0900000| Untracked 
|  10|0x00000000c0a00000, 0x00000000c0b00000, 0x00000000c0b00000|100%| O|  |TAMS 0x00000000c0a00000| PB 0x00000000c0a00000| Untracked 
|  11|0x00000000c0b00000, 0x00000000c0c00000, 0x00000000c0c00000|100%| O|  |TAMS 0x00000000c0b00000| PB 0x00000000c0b00000| Untracked 
|  12|0x00000000c0c00000, 0x00000000c0d00000, 0x00000000c0d00000|100%| O|  |TAMS 0x00000000c0c00000| PB 0x00000000c0c00000| Untracked 
|  13|0x00000000c0d00000, 0x00000000c0e00000, 0x00000000c0e00000|100%| O|  |TAMS 0x00000000c0d00000| PB 0x00000000c0d00000| Untracked 
|  14|0x00000000c0e00000, 0x00000000c0f00000, 0x00000000c0f00000|100%| O|  |TAMS 0x00000000c0e00000| PB 0x00000000c0e00000| Untracked 
|  15|0x00000000c0f00000, 0x00000000c1000000, 0x00000000c1000000|100%| O|  |TAMS 0x00000000c0f00000| PB 0x00000000c0f00000| Untracked 
|  16|0x00000000c1000000, 0x00000000c1100000, 0x00000000c1100000|100%| O|  |TAMS 0x00000000c1000000| PB 0x00000000c1000000| Untracked 
|  17|0x00000000c1100000, 0x00000000c1200000, 0x00000000c1200000|100%| O|  |TAMS 0x00000000c1100000| PB 0x00000000c1100000| Untracked 
|  18|0x00000000c1200000, 0x00000000c1300000, 0x00000000c1300000|100%| O|  |TAMS 0x00000000c1200000| PB 0x00000000c1200000| Untracked 
|  19|0x00000000c1300000, 0x00000000c1400000, 0x00000000c1400000|100%| O|  |TAMS 0x00000000c1300000| PB 0x00000000c1300000| Untracked 
|  20|0x00000000c1400000, 0x00000000c1500000, 0x00000000c1500000|100%| O|  |TAMS 0x00000000c1400000| PB 0x00000000c1400000| Untracked 
|  21|0x00000000c1500000, 0x00000000c1600000, 0x00000000c1600000|100%| O|  |TAMS 0x00000000c1500000| PB 0x00000000c1500000| Untracked 
|  22|0x00000000c1600000, 0x00000000c1700000, 0x00000000c1700000|100%| O|  |TAMS 0x00000000c1600000| PB 0x00000000c1600000| Untracked 
|  23|0x00000000c1700000, 0x00000000c1800000, 0x00000000c1800000|100%| O|  |TAMS 0x00000000c1700000| PB 0x00000000c1700000| Untracked 
|  24|0x00000000c1800000, 0x00000000c1900000, 0x00000000c1900000|100%| O|  |TAMS 0x00000000c1800000| PB 0x00000000c1800000| Untracked 
|  25|0x00000000c1900000, 0x00000000c1a00000, 0x00000000c1a00000|100%| O|  |TAMS 0x00000000c1900000| PB 0x00000000c1900000| Untracked 
|  26|0x00000000c1a00000, 0x00000000c1b00000, 0x00000000c1b00000|100%| O|  |TAMS 0x00000000c1a00000| PB 0x00000000c1a00000| Untracked 
|  27|0x00000000c1b00000, 0x00000000c1c00000, 0x00000000c1c00000|100%| O|  |TAMS 0x00000000c1b00000| PB 0x00000000c1b00000| Untracked 
|  28|0x00000000c1c00000, 0x00000000c1d00000, 0x00000000c1d00000|100%| O|  |TAMS 0x00000000c1c00000| PB 0x00000000c1c00000| Untracked 
|  29|0x00000000c1d00000, 0x00000000c1e00000, 0x00000000c1e00000|100%| O|  |TAMS 0x00000000c1d00000| PB 0x00000000c1d00000| Untracked 
|  30|0x00000000c1e00000, 0x00000000c1f00000, 0x00000000c1f00000|100%| O|  |TAMS 0x00000000c1e00000| PB 0x00000000c1e00000| Untracked 
|  31|0x00000000c1f00000, 0x00000000c2000000, 0x00000000c2000000|100%| O|  |TAMS 0x00000000c1f00000| PB 0x00000000c1f00000| Untracked 
|  32|0x00000000c2000000, 0x00000000c2100000, 0x00000000c2100000|100%| O|  |TAMS 0x00000000c2000000| PB 0x00000000c2000000| Untracked 
|  33|0x00000000c2100000, 0x00000000c2200000, 0x00000000c2200000|100%| O|  |TAMS 0x00000000c2100000| PB 0x00000000c2100000| Untracked 
|  34|0x00000000c2200000, 0x00000000c2300000, 0x00000000c2300000|100%| O|  |TAMS 0x00000000c2200000| PB 0x00000000c2200000| Untracked 
|  35|0x00000000c2300000, 0x00000000c2400000, 0x00000000c2400000|100%| O|  |TAMS 0x00000000c2300000| PB 0x00000000c2300000| Untracked 
|  36|0x00000000c2400000, 0x00000000c2500000, 0x00000000c2500000|100%| O|  |TAMS 0x00000000c2400000| PB 0x00000000c2400000| Untracked 
|  37|0x00000000c2500000, 0x00000000c2600000, 0x00000000c2600000|100%| O|  |TAMS 0x00000000c2500000| PB 0x00000000c2500000| Untracked 
|  38|0x00000000c2600000, 0x00000000c2700000, 0x00000000c2700000|100%| O|  |TAMS 0x00000000c2600000| PB 0x00000000c2600000| Untracked 
|  39|0x00000000c2700000, 0x00000000c2800000, 0x00000000c2800000|100%| O|  |TAMS 0x00000000c2700000| PB 0x00000000c2700000| Untracked 
|  40|0x00000000c2800000, 0x00000000c2900000, 0x00000000c2900000|100%|HS|  |TAMS 0x00000000c2800000| PB 0x00000000c2800000| Complete 
|  41|0x00000000c2900000, 0x00000000c2a00000, 0x00000000c2a00000|100%| O|  |TAMS 0x00000000c2900000| PB 0x00000000c2900000| Untracked 
|  42|0x00000000c2a00000, 0x00000000c2b00000, 0x00000000c2b00000|100%| O|  |TAMS 0x00000000c2a00000| PB 0x00000000c2a00000| Untracked 
|  43|0x00000000c2b00000, 0x00000000c2c00000, 0x00000000c2c00000|100%| O|  |TAMS 0x00000000c2b00000| PB 0x00000000c2b00000| Untracked 
|  44|0x00000000c2c00000, 0x00000000c2d00000, 0x00000000c2d00000|100%| O|  |TAMS 0x00000000c2c00000| PB 0x00000000c2c00000| Untracked 
|  45|0x00000000c2d00000, 0x00000000c2e00000, 0x00000000c2e00000|100%|HS|  |TAMS 0x00000000c2d00000| PB 0x00000000c2d00000| Complete 
|  46|0x00000000c2e00000, 0x00000000c2f00000, 0x00000000c2f00000|100%|HS|  |TAMS 0x00000000c2e00000| PB 0x00000000c2e00000| Complete 
|  47|0x00000000c2f00000, 0x00000000c3000000, 0x00000000c3000000|100%|HC|  |TAMS 0x00000000c2f00000| PB 0x00000000c2f00000| Complete 
|  48|0x00000000c3000000, 0x00000000c3100000, 0x00000000c3100000|100%|HS|  |TAMS 0x00000000c3000000| PB 0x00000000c3000000| Complete 
|  49|0x00000000c3100000, 0x00000000c3200000, 0x00000000c3200000|100%|HS|  |TAMS 0x00000000c3100000| PB 0x00000000c3100000| Complete 
|  50|0x00000000c3200000, 0x00000000c3300000, 0x00000000c3300000|100%|HS|  |TAMS 0x00000000c3200000| PB 0x00000000c3200000| Complete 
|  51|0x00000000c3300000, 0x00000000c3400000, 0x00000000c3400000|100%| O|  |TAMS 0x00000000c3300000| PB 0x00000000c3300000| Untracked 
|  52|0x00000000c3400000, 0x00000000c3500000, 0x00000000c3500000|100%|HS|  |TAMS 0x00000000c3400000| PB 0x00000000c3400000| Complete 
|  53|0x00000000c3500000, 0x00000000c3600000, 0x00000000c3600000|100%|HC|  |TAMS 0x00000000c3500000| PB 0x00000000c3500000| Complete 
|  54|0x00000000c3600000, 0x00000000c3700000, 0x00000000c3700000|100%| O|  |TAMS 0x00000000c3600000| PB 0x00000000c3600000| Untracked 
|  55|0x00000000c3700000, 0x00000000c3800000, 0x00000000c3800000|100%| O|  |TAMS 0x00000000c3700000| PB 0x00000000c3700000| Untracked 
|  56|0x00000000c3800000, 0x00000000c3900000, 0x00000000c3900000|100%| O|  |TAMS 0x00000000c3800000| PB 0x00000000c3800000| Untracked 
|  57|0x00000000c3900000, 0x00000000c3a00000, 0x00000000c3a00000|100%| O|  |TAMS 0x00000000c3900000| PB 0x00000000c3900000| Untracked 
|  58|0x00000000c3a00000, 0x00000000c3b00000, 0x00000000c3b00000|100%| O|Cm|TAMS 0x00000000c3a00000| PB 0x00000000c3a00000| Complete 
|  59|0x00000000c3b00000, 0x00000000c3c00000, 0x00000000c3c00000|100%| O|  |TAMS 0x00000000c3b00000| PB 0x00000000c3b00000| Untracked 
|  60|0x00000000c3c00000, 0x00000000c3d00000, 0x00000000c3d00000|100%| O|  |TAMS 0x00000000c3c00000| PB 0x00000000c3c00000| Untracked 
|  61|0x00000000c3d00000, 0x00000000c3e00000, 0x00000000c3e00000|100%| O|  |TAMS 0x00000000c3d00000| PB 0x00000000c3d00000| Untracked 
|  62|0x00000000c3e00000, 0x00000000c3f00000, 0x00000000c3f00000|100%|HS|  |TAMS 0x00000000c3e00000| PB 0x00000000c3e00000| Complete 
|  63|0x00000000c3f00000, 0x00000000c4000000, 0x00000000c4000000|100%| O|  |TAMS 0x00000000c3f00000| PB 0x00000000c3f00000| Untracked 
|  64|0x00000000c4000000, 0x00000000c4100000, 0x00000000c4100000|100%| O|  |TAMS 0x00000000c4000000| PB 0x00000000c4000000| Untracked 
|  65|0x00000000c4100000, 0x00000000c4200000, 0x00000000c4200000|100%| O|  |TAMS 0x00000000c4100000| PB 0x00000000c4100000| Untracked 
|  66|0x00000000c4200000, 0x00000000c4300000, 0x00000000c4300000|100%| O|  |TAMS 0x00000000c4200000| PB 0x00000000c4200000| Untracked 
|  67|0x00000000c4300000, 0x00000000c4400000, 0x00000000c4400000|100%| O|  |TAMS 0x00000000c4300000| PB 0x00000000c4300000| Untracked 
|  68|0x00000000c4400000, 0x00000000c4500000, 0x00000000c4500000|100%|HS|  |TAMS 0x00000000c4400000| PB 0x00000000c4400000| Complete 
|  69|0x00000000c4500000, 0x00000000c4600000, 0x00000000c4600000|100%| O|  |TAMS 0x00000000c4500000| PB 0x00000000c4500000| Untracked 
|  70|0x00000000c4600000, 0x00000000c4700000, 0x00000000c4700000|100%| O|  |TAMS 0x00000000c4600000| PB 0x00000000c4600000| Untracked 
|  71|0x00000000c4700000, 0x00000000c4800000, 0x00000000c4800000|100%| O|  |TAMS 0x00000000c4700000| PB 0x00000000c4700000| Untracked 
|  72|0x00000000c4800000, 0x00000000c4900000, 0x00000000c4900000|100%| O|  |TAMS 0x00000000c4800000| PB 0x00000000c4800000| Untracked 
|  73|0x00000000c4900000, 0x00000000c4a00000, 0x00000000c4a00000|100%| O|  |TAMS 0x00000000c4900000| PB 0x00000000c4900000| Untracked 
|  74|0x00000000c4a00000, 0x00000000c4b00000, 0x00000000c4b00000|100%| O|  |TAMS 0x00000000c4a00000| PB 0x00000000c4a00000| Untracked 
|  75|0x00000000c4b00000, 0x00000000c4c00000, 0x00000000c4c00000|100%| O|  |TAMS 0x00000000c4b00000| PB 0x00000000c4b00000| Untracked 
|  76|0x00000000c4c00000, 0x00000000c4d00000, 0x00000000c4d00000|100%| O|Cm|TAMS 0x00000000c4c00000| PB 0x00000000c4c00000| Complete 
|  77|0x00000000c4d00000, 0x00000000c4e00000, 0x00000000c4e00000|100%| O|  |TAMS 0x00000000c4d00000| PB 0x00000000c4d00000| Untracked 
|  78|0x00000000c4e00000, 0x00000000c4f00000, 0x00000000c4f00000|100%| O|  |TAMS 0x00000000c4e00000| PB 0x00000000c4e00000| Untracked 
|  79|0x00000000c4f00000, 0x00000000c5000000, 0x00000000c5000000|100%| O|  |TAMS 0x00000000c4f00000| PB 0x00000000c4f00000| Untracked 
|  80|0x00000000c5000000, 0x00000000c5100000, 0x00000000c5100000|100%| O|  |TAMS 0x00000000c5000000| PB 0x00000000c5000000| Untracked 
|  81|0x00000000c5100000, 0x00000000c51ede80, 0x00000000c5200000| 92%| O|  |TAMS 0x00000000c5100000| PB 0x00000000c5100000| Untracked 
|  82|0x00000000c5200000, 0x00000000c5200000, 0x00000000c5300000|  0%| F|  |TAMS 0x00000000c5200000| PB 0x00000000c5200000| Untracked 
|  83|0x00000000c5300000, 0x00000000c5300000, 0x00000000c5400000|  0%| F|  |TAMS 0x00000000c5300000| PB 0x00000000c5300000| Untracked 
|  84|0x00000000c5400000, 0x00000000c5400000, 0x00000000c5500000|  0%| F|  |TAMS 0x00000000c5400000| PB 0x00000000c5400000| Untracked 
|  85|0x00000000c5500000, 0x00000000c5500000, 0x00000000c5600000|  0%| F|  |TAMS 0x00000000c5500000| PB 0x00000000c5500000| Untracked 
|  86|0x00000000c5600000, 0x00000000c5600000, 0x00000000c5700000|  0%| F|  |TAMS 0x00000000c5600000| PB 0x00000000c5600000| Untracked 
|  87|0x00000000c5700000, 0x00000000c5700000, 0x00000000c5800000|  0%| F|  |TAMS 0x00000000c5700000| PB 0x00000000c5700000| Untracked 
|  88|0x00000000c5800000, 0x00000000c5800000, 0x00000000c5900000|  0%| F|  |TAMS 0x00000000c5800000| PB 0x00000000c5800000| Untracked 
|  89|0x00000000c5900000, 0x00000000c5900000, 0x00000000c5a00000|  0%| F|  |TAMS 0x00000000c5900000| PB 0x00000000c5900000| Untracked 
|  90|0x00000000c5a00000, 0x00000000c5a00000, 0x00000000c5b00000|  0%| F|  |TAMS 0x00000000c5a00000| PB 0x00000000c5a00000| Untracked 
|  91|0x00000000c5b00000, 0x00000000c5b00000, 0x00000000c5c00000|  0%| F|  |TAMS 0x00000000c5b00000| PB 0x00000000c5b00000| Untracked 
|  92|0x00000000c5c00000, 0x00000000c5c00000, 0x00000000c5d00000|  0%| F|  |TAMS 0x00000000c5c00000| PB 0x00000000c5c00000| Untracked 
|  93|0x00000000c5d00000, 0x00000000c5d00000, 0x00000000c5e00000|  0%| F|  |TAMS 0x00000000c5d00000| PB 0x00000000c5d00000| Untracked 
|  94|0x00000000c5e00000, 0x00000000c5e00000, 0x00000000c5f00000|  0%| F|  |TAMS 0x00000000c5e00000| PB 0x00000000c5e00000| Untracked 
|  95|0x00000000c5f00000, 0x00000000c5f00000, 0x00000000c6000000|  0%| F|  |TAMS 0x00000000c5f00000| PB 0x00000000c5f00000| Untracked 
|  96|0x00000000c6000000, 0x00000000c6000000, 0x00000000c6100000|  0%| F|  |TAMS 0x00000000c6000000| PB 0x00000000c6000000| Untracked 
|  97|0x00000000c6100000, 0x00000000c61e7888, 0x00000000c6200000| 90%| S|CS|TAMS 0x00000000c6100000| PB 0x00000000c6100000| Complete 
|  98|0x00000000c6200000, 0x00000000c6300000, 0x00000000c6300000|100%| S|CS|TAMS 0x00000000c6200000| PB 0x00000000c6200000| Complete 
|  99|0x00000000c6300000, 0x00000000c6300000, 0x00000000c6400000|  0%| F|  |TAMS 0x00000000c6300000| PB 0x00000000c6300000| Untracked 
| 100|0x00000000c6400000, 0x00000000c6400000, 0x00000000c6500000|  0%| F|  |TAMS 0x00000000c6400000| PB 0x00000000c6400000| Untracked 
| 101|0x00000000c6500000, 0x00000000c6500000, 0x00000000c6600000|  0%| F|  |TAMS 0x00000000c6500000| PB 0x00000000c6500000| Untracked 
| 102|0x00000000c6600000, 0x00000000c6600000, 0x00000000c6700000|  0%| F|  |TAMS 0x00000000c6600000| PB 0x00000000c6600000| Untracked 
| 103|0x00000000c6700000, 0x00000000c6700000, 0x00000000c6800000|  0%| F|  |TAMS 0x00000000c6700000| PB 0x00000000c6700000| Untracked 
| 104|0x00000000c6800000, 0x00000000c6800000, 0x00000000c6900000|  0%| F|  |TAMS 0x00000000c6800000| PB 0x00000000c6800000| Untracked 
| 105|0x00000000c6900000, 0x00000000c6900000, 0x00000000c6a00000|  0%| F|  |TAMS 0x00000000c6900000| PB 0x00000000c6900000| Untracked 
| 106|0x00000000c6a00000, 0x00000000c6a00000, 0x00000000c6b00000|  0%| F|  |TAMS 0x00000000c6a00000| PB 0x00000000c6a00000| Untracked 
| 107|0x00000000c6b00000, 0x00000000c6b00000, 0x00000000c6c00000|  0%| F|  |TAMS 0x00000000c6b00000| PB 0x00000000c6b00000| Untracked 
| 108|0x00000000c6c00000, 0x00000000c6c00000, 0x00000000c6d00000|  0%| F|  |TAMS 0x00000000c6c00000| PB 0x00000000c6c00000| Untracked 
| 109|0x00000000c6d00000, 0x00000000c6d00000, 0x00000000c6e00000|  0%| F|  |TAMS 0x00000000c6d00000| PB 0x00000000c6d00000| Untracked 
| 110|0x00000000c6e00000, 0x00000000c6e00000, 0x00000000c6f00000|  0%| F|  |TAMS 0x00000000c6e00000| PB 0x00000000c6e00000| Untracked 
| 111|0x00000000c6f00000, 0x00000000c6f03560, 0x00000000c7000000|  1%| E|  |TAMS 0x00000000c6f00000| PB 0x00000000c6f00000| Complete 
| 112|0x00000000c7000000, 0x00000000c7100000, 0x00000000c7100000|100%| E|CS|TAMS 0x00000000c7000000| PB 0x00000000c7000000| Complete 
| 113|0x00000000c7100000, 0x00000000c7200000, 0x00000000c7200000|100%| E|CS|TAMS 0x00000000c7100000| PB 0x00000000c7100000| Complete 
| 114|0x00000000c7200000, 0x00000000c7300000, 0x00000000c7300000|100%| E|CS|TAMS 0x00000000c7200000| PB 0x00000000c7200000| Complete 
| 115|0x00000000c7300000, 0x00000000c7400000, 0x00000000c7400000|100%| E|CS|TAMS 0x00000000c7300000| PB 0x00000000c7300000| Complete 
| 116|0x00000000c7400000, 0x00000000c7500000, 0x00000000c7500000|100%| E|CS|TAMS 0x00000000c7400000| PB 0x00000000c7400000| Complete 
| 117|0x00000000c7500000, 0x00000000c7600000, 0x00000000c7600000|100%| E|CS|TAMS 0x00000000c7500000| PB 0x00000000c7500000| Complete 
| 118|0x00000000c7600000, 0x00000000c7700000, 0x00000000c7700000|100%| E|CS|TAMS 0x00000000c7600000| PB 0x00000000c7600000| Complete 
| 119|0x00000000c7700000, 0x00000000c7800000, 0x00000000c7800000|100%| E|CS|TAMS 0x00000000c7700000| PB 0x00000000c7700000| Complete 
| 120|0x00000000c7800000, 0x00000000c7900000, 0x00000000c7900000|100%| E|CS|TAMS 0x00000000c7800000| PB 0x00000000c7800000| Complete 
| 121|0x00000000c7900000, 0x00000000c7a00000, 0x00000000c7a00000|100%| E|CS|TAMS 0x00000000c7900000| PB 0x00000000c7900000| Complete 
| 122|0x00000000c7a00000, 0x00000000c7b00000, 0x00000000c7b00000|100%| E|CS|TAMS 0x00000000c7a00000| PB 0x00000000c7a00000| Complete 
| 123|0x00000000c7b00000, 0x00000000c7c00000, 0x00000000c7c00000|100%| E|CS|TAMS 0x00000000c7b00000| PB 0x00000000c7b00000| Complete 
| 124|0x00000000c7c00000, 0x00000000c7d00000, 0x00000000c7d00000|100%| E|CS|TAMS 0x00000000c7c00000| PB 0x00000000c7c00000| Complete 
| 125|0x00000000c7d00000, 0x00000000c7e00000, 0x00000000c7e00000|100%| E|CS|TAMS 0x00000000c7d00000| PB 0x00000000c7d00000| Complete 
| 126|0x00000000c7e00000, 0x00000000c7f00000, 0x00000000c7f00000|100%| E|CS|TAMS 0x00000000c7e00000| PB 0x00000000c7e00000| Complete 
| 127|0x00000000c7f00000, 0x00000000c8000000, 0x00000000c8000000|100%| E|CS|TAMS 0x00000000c7f00000| PB 0x00000000c7f00000| Complete 
| 128|0x00000000c8000000, 0x00000000c8100000, 0x00000000c8100000|100%| E|CS|TAMS 0x00000000c8000000| PB 0x00000000c8000000| Complete 
| 129|0x00000000c8100000, 0x00000000c8200000, 0x00000000c8200000|100%| E|CS|TAMS 0x00000000c8100000| PB 0x00000000c8100000| Complete 
| 130|0x00000000c8200000, 0x00000000c8300000, 0x00000000c8300000|100%| E|CS|TAMS 0x00000000c8200000| PB 0x00000000c8200000| Complete 
| 131|0x00000000c8300000, 0x00000000c8400000, 0x00000000c8400000|100%| E|CS|TAMS 0x00000000c8300000| PB 0x00000000c8300000| Complete 
| 132|0x00000000c8400000, 0x00000000c8500000, 0x00000000c8500000|100%| E|CS|TAMS 0x00000000c8400000| PB 0x00000000c8400000| Complete 
| 133|0x00000000c8500000, 0x00000000c8600000, 0x00000000c8600000|100%| E|CS|TAMS 0x00000000c8500000| PB 0x00000000c8500000| Complete 
| 134|0x00000000c8600000, 0x00000000c8700000, 0x00000000c8700000|100%| E|CS|TAMS 0x00000000c8600000| PB 0x00000000c8600000| Complete 
| 135|0x00000000c8700000, 0x00000000c8800000, 0x00000000c8800000|100%| E|CS|TAMS 0x00000000c8700000| PB 0x00000000c8700000| Complete 
| 136|0x00000000c8800000, 0x00000000c8900000, 0x00000000c8900000|100%| E|CS|TAMS 0x00000000c8800000| PB 0x00000000c8800000| Complete 
| 137|0x00000000c8900000, 0x00000000c8a00000, 0x00000000c8a00000|100%| E|CS|TAMS 0x00000000c8900000| PB 0x00000000c8900000| Complete 
| 138|0x00000000c8a00000, 0x00000000c8b00000, 0x00000000c8b00000|100%| E|CS|TAMS 0x00000000c8a00000| PB 0x00000000c8a00000| Complete 
| 139|0x00000000c8b00000, 0x00000000c8c00000, 0x00000000c8c00000|100%| E|CS|TAMS 0x00000000c8b00000| PB 0x00000000c8b00000| Complete 
|1022|0x00000000ffe00000, 0x00000000fff00000, 0x00000000fff00000|100%| O|  |TAMS 0x00000000ffe00000| PB 0x00000000ffe00000| Untracked 
|1023|0x00000000fff00000, 0x0000000100000000, 0x0000000100000000|100%| O|  |TAMS 0x00000000fff00000| PB 0x00000000fff00000| Untracked 

Card table byte_map: [0x000001c0c9f20000,0x000001c0ca120000] _byte_map_base: 0x000001c0c9920000

Marking Bits: (CMBitMap*) 0x000001c0b782c840
 Bits: [0x000001c0ca120000, 0x000001c0cb120000)

Polling page: 0x000001c0b6fb0000

Metaspace:

Usage:
  Non-class:     76.75 MB used.
      Class:     12.57 MB used.
       Both:     89.32 MB used.

Virtual space:
  Non-class space:      128.00 MB reserved,      77.88 MB ( 61%) committed,  2 nodes.
      Class space:        1.00 GB reserved,      13.69 MB (  1%) committed,  1 nodes.
             Both:        1.12 GB reserved,      91.56 MB (  8%) committed. 

Chunk freelists:
   Non-Class:  2.08 MB
       Class:  2.30 MB
        Both:  4.38 MB

MaxMetaspaceSize: unlimited
CompressedClassSpaceSize: 1.00 GB
Initial GC threshold: 21.00 MB
Current GC threshold: 146.19 MB
CDS: on
 - commit_granule_bytes: 65536.
 - commit_granule_words: 8192.
 - virtual_space_node_default_size: 8388608.
 - enlarge_chunks_in_place: 1.
 - use_allocation_guard: 0.


Internal statistics:

num_allocs_failed_limit: 6.
num_arena_births: 4086.
num_arena_deaths: 0.
num_vsnodes_births: 3.
num_vsnodes_deaths: 0.
num_space_committed: 1465.
num_space_uncommitted: 0.
num_chunks_returned_to_freelist: 6.
num_chunks_taken_from_freelist: 8441.
num_chunk_merges: 6.
num_chunk_splits: 5472.
num_chunks_enlarged: 3357.
num_inconsistent_stats: 0.

CodeHeap 'non-profiled nmethods': size=120000Kb used=6540Kb max_used=6540Kb free=113459Kb
 bounds [0x000001c0c24c0000, 0x000001c0c2b30000, 0x000001c0c99f0000]
CodeHeap 'profiled nmethods': size=120000Kb used=19884Kb max_used=19884Kb free=100115Kb
 bounds [0x000001c0ba9f0000, 0x000001c0bbd60000, 0x000001c0c1f20000]
CodeHeap 'non-nmethods': size=5760Kb used=2749Kb max_used=2789Kb free=3010Kb
 bounds [0x000001c0c1f20000, 0x000001c0c21f0000, 0x000001c0c24c0000]
CodeCache: size=245760Kb, used=29173Kb, max_used=29213Kb, free=216584Kb
 total_blobs=11559, nmethods=10552, adapters=911, full_count=0
Compilation: enabled, stopped_count=0, restarted_count=0

Compilation events (20 events):
Event: 881.553 Thread 0x000001c0cdb24520 nmethod 12535 0x000001c0c2b18890 code [0x000001c0c2b18a20, 0x000001c0c2b18ae8]
Event: 881.694 Thread 0x000001c0cdb24520 12536       3       java.util.concurrent.ConcurrentHashMap$ValueIterator::<init> (12 bytes)
Event: 881.694 Thread 0x000001c0cdb24520 nmethod 12536 0x000001c0bbd5a790 code [0x000001c0bbd5a940, 0x000001c0bbd5aa78]
Event: 881.697 Thread 0x000001c0cdb22d60 12537       4       jdk.internal.jimage.ImageLocation::verify (218 bytes)
Event: 881.851 Thread 0x000001c0cdb22d60 nmethod 12537 0x000001c0c2b18b90 code [0x000001c0c2b18f00, 0x000001c0c2b1af10]
Event: 881.851 Thread 0x000001c0cdb22d60 12538       4       org.gradle.internal.instantiation.generator.AsmBackedClassGenerator$ClassBuilderImpl::access$2900 (4 bytes)
Event: 881.852 Thread 0x000001c0cdb22d60 nmethod 12538 0x000001c0c2b1cb10 code [0x000001c0c2b1cca0, 0x000001c0c2b1cd10]
Event: 881.893 Thread 0x000001c0cdb22d60 12539       4       org.gradle.internal.instantiation.generator.AbstractClassGenerator::isNameProperty (46 bytes)
Event: 881.937 Thread 0x000001c0cdb22d60 nmethod 12539 0x000001c0c2b1ce10 code [0x000001c0c2b1cfc0, 0x000001c0c2b1d278]
Event: 882.026 Thread 0x000001c0cdb24520 12540       1       org.gradle.api.internal.plugins.DefaultPotentialPluginWithId::getPluginId (5 bytes)
Event: 882.046 Thread 0x000001c0cdb24520 nmethod 12540 0x000001c0c2b1d510 code [0x000001c0c2b1d6a0, 0x000001c0c2b1d768]
Event: 883.483 Thread 0x000001c0cdb22d60 12541       4       org.gradle.internal.instantiation.generator.AbstractClassGenerator$ClassMetadata::property (42 bytes)
Event: 883.616 Thread 0x000001c0cdb22d60 nmethod 12541 0x000001c0c2b1d810 code [0x000001c0c2b1db60, 0x000001c0c2b1fb00]
Event: 884.125 Thread 0x000001c0cdb22d60 12542       4       org.gradle.internal.instantiation.generator.ParamsMatchingConstructorSelector::forParams (481 bytes)
Event: 884.161 Thread 0x000001c0cdb24520 12543       3       org.gradle.api.internal.artifacts.configurations.DefaultLegacyConfiguration_Decorated::setDescription (12 bytes)
Event: 884.163 Thread 0x000001c0cdb24520 nmethod 12543 0x000001c0bbd5ab10 code [0x000001c0bbd5acc0, 0x000001c0bbd5ae98]
Event: 884.256 Thread 0x000001c0cdb22d60 nmethod 12542 0x000001c0c2b20710 code [0x000001c0c2b209e0, 0x000001c0c2b21f08]
Event: 884.302 Thread 0x000001c0cdb22d60 12544       4       org.gradle.internal.instantiation.generator.AbstractClassGenerator::inspectType (602 bytes)
Event: 884.475 Thread 0x000001c0cdb24520 12546       2       org.gradle.api.Named$Namer::determineName (9 bytes)
Event: 884.476 Thread 0x000001c0cdb24520 nmethod 12546 0x000001c0bbd5af90 code [0x000001c0bbd5b140, 0x000001c0bbd5b2c8]

GC Heap History (20 events):
Event: 628.818 GC heap before
{Heap before GC invocations=36 (full 0):
 garbage-first heap   total 122880K, used 104829K [0x00000000c0000000, 0x0000000100000000)
  region size 1024K, 36 young (36864K), 4 survivors (4096K)
 Metaspace       used 68448K, committed 70400K, reserved 1114112K
  class space    used 9589K, committed 10560K, reserved 1048576K
}
Event: 628.836 GC heap after
{Heap after GC invocations=37 (full 0):
 garbage-first heap   total 122880K, used 74819K [0x00000000c0000000, 0x0000000100000000)
  region size 1024K, 3 young (3072K), 3 survivors (3072K)
 Metaspace       used 68448K, committed 70400K, reserved 1114112K
  class space    used 9589K, committed 10560K, reserved 1048576K
}
Event: 640.019 GC heap before
{Heap before GC invocations=37 (full 0):
 garbage-first heap   total 122880K, used 107587K [0x00000000c0000000, 0x0000000100000000)
  region size 1024K, 35 young (35840K), 3 survivors (3072K)
 Metaspace       used 72337K, committed 74368K, reserved 1114112K
  class space    used 10107K, committed 11072K, reserved 1048576K
}
Event: 640.056 GC heap after
{Heap after GC invocations=38 (full 0):
 garbage-first heap   total 122880K, used 76416K [0x00000000c0000000, 0x0000000100000000)
  region size 1024K, 4 young (4096K), 4 survivors (4096K)
 Metaspace       used 72337K, committed 74368K, reserved 1114112K
  class space    used 10107K, committed 11072K, reserved 1048576K
}
Event: 651.713 GC heap before
{Heap before GC invocations=39 (full 0):
 garbage-first heap   total 128000K, used 110208K [0x00000000c0000000, 0x0000000100000000)
  region size 1024K, 37 young (37888K), 4 survivors (4096K)
 Metaspace       used 74911K, committed 76928K, reserved 1179648K
  class space    used 10475K, committed 11456K, reserved 1048576K
}
Event: 651.770 GC heap after
{Heap after GC invocations=40 (full 0):
 garbage-first heap   total 128000K, used 77332K [0x00000000c0000000, 0x0000000100000000)
  region size 1024K, 3 young (3072K), 3 survivors (3072K)
 Metaspace       used 74911K, committed 76928K, reserved 1179648K
  class space    used 10475K, committed 11456K, reserved 1048576K
}
Event: 683.563 GC heap before
{Heap before GC invocations=40 (full 0):
 garbage-first heap   total 128000K, used 115220K [0x00000000c0000000, 0x0000000100000000)
  region size 1024K, 40 young (40960K), 3 survivors (3072K)
 Metaspace       used 76950K, committed 79040K, reserved 1179648K
  class space    used 10776K, committed 11840K, reserved 1048576K
}
Event: 683.752 GC heap after
{Heap after GC invocations=41 (full 0):
 garbage-first heap   total 128000K, used 80934K [0x00000000c0000000, 0x0000000100000000)
  region size 1024K, 5 young (5120K), 5 survivors (5120K)
 Metaspace       used 76950K, committed 79040K, reserved 1179648K
  class space    used 10776K, committed 11840K, reserved 1048576K
}
Event: 711.434 GC heap before
{Heap before GC invocations=41 (full 0):
 garbage-first heap   total 128000K, used 114726K [0x00000000c0000000, 0x0000000100000000)
  region size 1024K, 38 young (38912K), 5 survivors (5120K)
 Metaspace       used 78118K, committed 80192K, reserved 1179648K
  class space    used 10887K, committed 11904K, reserved 1048576K
}
Event: 711.507 GC heap after
{Heap after GC invocations=42 (full 0):
 garbage-first heap   total 128000K, used 82879K [0x00000000c0000000, 0x0000000100000000)
  region size 1024K, 2 young (2048K), 2 survivors (2048K)
 Metaspace       used 78118K, committed 80192K, reserved 1179648K
  class space    used 10887K, committed 11904K, reserved 1048576K
}
Event: 740.777 GC heap before
{Heap before GC invocations=43 (full 0):
 garbage-first heap   total 137216K, used 116671K [0x00000000c0000000, 0x0000000100000000)
  region size 1024K, 36 young (36864K), 2 survivors (2048K)
 Metaspace       used 80899K, committed 83008K, reserved 1179648K
  class space    used 11280K, committed 12352K, reserved 1048576K
}
Event: 740.894 GC heap after
{Heap after GC invocations=44 (full 0):
 garbage-first heap   total 137216K, used 83293K [0x00000000c0000000, 0x0000000100000000)
  region size 1024K, 4 young (4096K), 4 survivors (4096K)
 Metaspace       used 80899K, committed 83008K, reserved 1179648K
  class space    used 11280K, committed 12352K, reserved 1048576K
}
Event: 763.815 GC heap before
{Heap before GC invocations=44 (full 0):
 garbage-first heap   total 137216K, used 124253K [0x00000000c0000000, 0x0000000100000000)
  region size 1024K, 44 young (45056K), 4 survivors (4096K)
 Metaspace       used 84335K, committed 86464K, reserved 1179648K
  class space    used 11854K, committed 12928K, reserved 1048576K
}
Event: 763.854 GC heap after
{Heap after GC invocations=45 (full 0):
 garbage-first heap   total 137216K, used 83524K [0x00000000c0000000, 0x0000000100000000)
  region size 1024K, 3 young (3072K), 3 survivors (3072K)
 Metaspace       used 84335K, committed 86464K, reserved 1179648K
  class space    used 11854K, committed 12928K, reserved 1048576K
}
Event: 794.135 GC heap before
{Heap before GC invocations=45 (full 0):
 garbage-first heap   total 137216K, used 125508K [0x00000000c0000000, 0x0000000100000000)
  region size 1024K, 44 young (45056K), 3 survivors (3072K)
 Metaspace       used 87590K, committed 89792K, reserved 1179648K
  class space    used 12323K, committed 13376K, reserved 1048576K
}
Event: 794.454 GC heap after
{Heap after GC invocations=46 (full 0):
 garbage-first heap   total 137216K, used 85988K [0x00000000c0000000, 0x0000000100000000)
  region size 1024K, 6 young (6144K), 6 survivors (6144K)
 Metaspace       used 87590K, committed 89792K, reserved 1179648K
  class space    used 12323K, committed 13376K, reserved 1048576K
}
Event: 795.497 GC heap before
{Heap before GC invocations=46 (full 0):
 garbage-first heap   total 137216K, used 89060K [0x00000000c0000000, 0x0000000100000000)
  region size 1024K, 9 young (9216K), 6 survivors (6144K)
 Metaspace       used 87646K, committed 89792K, reserved 1179648K
  class space    used 12323K, committed 13376K, reserved 1048576K
}
Event: 795.526 GC heap after
{Heap after GC invocations=47 (full 0):
 garbage-first heap   total 137216K, used 86559K [0x00000000c0000000, 0x0000000100000000)
  region size 1024K, 1 young (1024K), 1 survivors (1024K)
 Metaspace       used 87646K, committed 89792K, reserved 1179648K
  class space    used 12323K, committed 13376K, reserved 1048576K
}
Event: 826.686 GC heap before
{Heap before GC invocations=48 (full 0):
 garbage-first heap   total 145408K, used 126495K [0x00000000c0000000, 0x0000000100000000)
  region size 1024K, 41 young (41984K), 1 survivors (1024K)
 Metaspace       used 89588K, committed 91840K, reserved 1179648K
  class space    used 12629K, committed 13760K, reserved 1048576K
}
Event: 826.886 GC heap after
{Heap after GC invocations=49 (full 0):
 garbage-first heap   total 145408K, used 87893K [0x00000000c0000000, 0x0000000100000000)
  region size 1024K, 2 young (2048K), 2 survivors (2048K)
 Metaspace       used 89588K, committed 91840K, reserved 1179648K
  class space    used 12629K, committed 13760K, reserved 1048576K
}

Dll operation events (20 events):
Event: 0.343 Attempting to load shared library C:\Users\LENOVO\.antigravity-ide\extensions\redhat.java-1.56.0-win32-x64\jre\21.0.12.1-win32-x86_64\bin\nio.dll
Event: 0.344 Loaded shared library C:\Users\LENOVO\.antigravity-ide\extensions\redhat.java-1.56.0-win32-x64\jre\21.0.12.1-win32-x86_64\bin\nio.dll
Event: 0.349 Attempting to load shared library C:\Users\LENOVO\.antigravity-ide\extensions\redhat.java-1.56.0-win32-x64\jre\21.0.12.1-win32-x86_64\bin\zip.dll
Event: 0.349 Loaded shared library C:\Users\LENOVO\.antigravity-ide\extensions\redhat.java-1.56.0-win32-x64\jre\21.0.12.1-win32-x86_64\bin\zip.dll
Event: 1.997 Attempting to load shared library C:\Users\LENOVO\.antigravity-ide\extensions\redhat.java-1.56.0-win32-x64\jre\21.0.12.1-win32-x86_64\bin\jimage.dll
Event: 1.997 Loaded shared library C:\Users\LENOVO\.antigravity-ide\extensions\redhat.java-1.56.0-win32-x64\jre\21.0.12.1-win32-x86_64\bin\jimage.dll
Event: 3.682 Attempting to load shared library C:\Users\LENOVO\.antigravity-ide\extensions\redhat.java-1.56.0-win32-x64\jre\21.0.12.1-win32-x86_64\bin\verify.dll
Event: 3.684 Loaded shared library C:\Users\LENOVO\.antigravity-ide\extensions\redhat.java-1.56.0-win32-x64\jre\21.0.12.1-win32-x86_64\bin\verify.dll
Event: 4.845 Attempting to load shared library C:\Users\LENOVO\.gradle\native\1def1411415f61bf3af743bc5b6707747c0891f09f0c88961ee8f79bc544acac\windows-amd64\native-platform.dll
Event: 4.862 Loaded shared library C:\Users\LENOVO\.gradle\native\1def1411415f61bf3af743bc5b6707747c0891f09f0c88961ee8f79bc544acac\windows-amd64\native-platform.dll
Event: 5.006 Attempting to load shared library C:\Users\LENOVO\.gradle\native\0.2.7\x86_64-windows-gnu\gradle-fileevents.dll
Event: 5.050 Loaded shared library C:\Users\LENOVO\.gradle\native\0.2.7\x86_64-windows-gnu\gradle-fileevents.dll
Event: 16.395 Attempting to load shared library C:\Users\LENOVO\.antigravity-ide\extensions\redhat.java-1.56.0-win32-x64\jre\21.0.12.1-win32-x86_64\bin\management.dll
Event: 16.396 Loaded shared library C:\Users\LENOVO\.antigravity-ide\extensions\redhat.java-1.56.0-win32-x64\jre\21.0.12.1-win32-x86_64\bin\management.dll
Event: 16.430 Attempting to load shared library C:\Users\LENOVO\.antigravity-ide\extensions\redhat.java-1.56.0-win32-x64\jre\21.0.12.1-win32-x86_64\bin\management_ext.dll
Event: 16.440 Loaded shared library C:\Users\LENOVO\.antigravity-ide\extensions\redhat.java-1.56.0-win32-x64\jre\21.0.12.1-win32-x86_64\bin\management_ext.dll
Event: 17.678 Attempting to load shared library C:\Users\LENOVO\.antigravity-ide\extensions\redhat.java-1.56.0-win32-x64\jre\21.0.12.1-win32-x86_64\bin\extnet.dll
Event: 17.684 Loaded shared library C:\Users\LENOVO\.antigravity-ide\extensions\redhat.java-1.56.0-win32-x64\jre\21.0.12.1-win32-x86_64\bin\extnet.dll
Event: 19.521 Attempting to load shared library C:\Users\LENOVO\.antigravity-ide\extensions\redhat.java-1.56.0-win32-x64\jre\21.0.12.1-win32-x86_64\bin\sunmscapi.dll
Event: 19.537 Loaded shared library C:\Users\LENOVO\.antigravity-ide\extensions\redhat.java-1.56.0-win32-x64\jre\21.0.12.1-win32-x86_64\bin\sunmscapi.dll

Deoptimization events (20 events):
Event: 881.562 Thread 0x000001c113c3c0e0 DEOPT PACKING pc=0x000001c0c297b580 sp=0x0000002bab1f7730
Event: 881.562 Thread 0x000001c113c3c0e0 DEOPT UNPACKING pc=0x000001c0c1f74422 sp=0x0000002bab1f7658 mode 2
Event: 881.562 Thread 0x000001c113c3c0e0 Uncommon trap: trap_request=0xffffffc6 fr.pc=0x000001c0c297b580 relative=0x00000000000001a0
Event: 881.562 Thread 0x000001c113c3c0e0 Uncommon trap: reason=bimorphic_or_optimized_type_check action=maybe_recompile pc=0x000001c0c297b580 method=org.gradle.api.Named$Namer.determineName(Lorg/gradle/api/Named;)Ljava/lang/String; @ 1 c2
Event: 881.562 Thread 0x000001c113c3c0e0 DEOPT PACKING pc=0x000001c0c297b580 sp=0x0000002bab1f7730
Event: 881.562 Thread 0x000001c113c3c0e0 DEOPT UNPACKING pc=0x000001c0c1f74422 sp=0x0000002bab1f7658 mode 2
Event: 881.562 Thread 0x000001c113c3c0e0 Uncommon trap: trap_request=0xffffffc6 fr.pc=0x000001c0c297b580 relative=0x00000000000001a0
Event: 881.562 Thread 0x000001c113c3c0e0 Uncommon trap: reason=bimorphic_or_optimized_type_check action=maybe_recompile pc=0x000001c0c297b580 method=org.gradle.api.Named$Namer.determineName(Lorg/gradle/api/Named;)Ljava/lang/String; @ 1 c2
Event: 881.562 Thread 0x000001c113c3c0e0 DEOPT PACKING pc=0x000001c0c297b580 sp=0x0000002bab1f78e0
Event: 881.562 Thread 0x000001c113c3c0e0 DEOPT UNPACKING pc=0x000001c0c1f74422 sp=0x0000002bab1f7808 mode 2
Event: 884.302 Thread 0x000001c113c3c0e0 DEOPT PACKING pc=0x000001c0bb919796 sp=0x0000002bab1f7b10
Event: 884.304 Thread 0x000001c113c3c0e0 DEOPT UNPACKING pc=0x000001c0c1f74bc2 sp=0x0000002bab1f70d0 mode 0
Event: 884.792 Thread 0x000001c113c3c0e0 Uncommon trap: trap_request=0xffffffde fr.pc=0x000001c0c259918c relative=0x00000000000002ac
Event: 884.792 Thread 0x000001c113c3c0e0 Uncommon trap: reason=class_check action=maybe_recompile pc=0x000001c0c259918c method=java.util.regex.Matcher.search(I)Z @ 121 c2
Event: 884.792 Thread 0x000001c113c3c0e0 DEOPT PACKING pc=0x000001c0c259918c sp=0x0000002bab1f81a0
Event: 884.792 Thread 0x000001c113c3c0e0 DEOPT UNPACKING pc=0x000001c0c1f74422 sp=0x0000002bab1f80c8 mode 2
Event: 884.844 Thread 0x000001c113c3c0e0 Uncommon trap: trap_request=0xffffffde fr.pc=0x000001c0c259918c relative=0x00000000000002ac
Event: 884.844 Thread 0x000001c113c3c0e0 Uncommon trap: reason=class_check action=maybe_recompile pc=0x000001c0c259918c method=java.util.regex.Matcher.search(I)Z @ 121 c2
Event: 884.844 Thread 0x000001c113c3c0e0 DEOPT PACKING pc=0x000001c0c259918c sp=0x0000002bab1f81a0
Event: 884.844 Thread 0x000001c113c3c0e0 DEOPT UNPACKING pc=0x000001c0c1f74422 sp=0x0000002bab1f80c8 mode 2

Classes loaded (20 events):
Event: 744.324 Loading class java/util/Currency
Event: 744.844 Loading class java/util/Currency done
Event: 744.920 Loading class java/util/concurrent/atomic/AtomicLongArray
Event: 744.932 Loading class java/util/concurrent/atomic/AtomicLongArray done
Event: 746.607 Loading class sun/reflect/generics/repository/FieldRepository
Event: 746.608 Loading class sun/reflect/generics/repository/FieldRepository done
Event: 747.050 Loading class jdk/internal/vm/annotation/ForceInline
Event: 747.054 Loading class jdk/internal/vm/annotation/ForceInline done
Event: 748.705 Loading class java/util/regex/Pattern$Caret
Event: 748.705 Loading class java/util/regex/Pattern$Caret done
Event: 780.646 Loading class java/net/Proxy
Event: 780.653 Loading class java/net/Proxy done
Event: 780.654 Loading class java/net/Proxy$Type
Event: 780.661 Loading class java/net/Proxy$Type done
Event: 784.985 Loading class java/io/FileReader
Event: 784.991 Loading class java/io/FileReader done
Event: 830.544 Loading class java/io/CharArrayWriter
Event: 830.554 Loading class java/io/CharArrayWriter done
Event: 873.186 Loading class sun/reflect/MagicAccessorImpl
Event: 873.205 Loading class sun/reflect/MagicAccessorImpl done

Classes unloaded (0 events):
No events

Classes redefined (0 events):
No events

Internal exceptions (20 events):
Event: 729.190 Thread 0x000001c113c3c0e0 Exception <a 'java/lang/NoSuchMethodError'{0x00000000c6e1cc18}: 'java.lang.Object java.lang.invoke.DirectMethodHandle$Holder.newInvokeSpecial(java.lang.Object, java.lang.Object, java.lang.Object, java.lang.Object, java.lang.Object, java.lang.Object, java.lang.Object, java.lang.Object, java.lang.Object, java.lang.Object, java.lang.Object, java.lang.Object, java.lang.Object, java.lang.Object)'> (0x00000000c6e1cc18) 
thrown [s\src\hotspot\share\interpreter\linkResolver.cpp, line 773]
Event: 747.070 Thread 0x000001c113c3c0e0 Exception <a 'java/lang/NoSuchMethodError'{0x00000000c7a1a668}: 'void java.lang.invoke.Invokers$Holder.invokeExact_MT(java.lang.Object, java.lang.Object, java.lang.Object, java.lang.Object)'> (0x00000000c7a1a668) 
thrown [s\src\hotspot\share\interpreter\linkResolver.cpp, line 773]
Event: 758.746 Thread 0x000001c113c3c0e0 Implicit null exception at 0x000001c0c2567f4b to 0x000001c0c2569774
Event: 779.624 Thread 0x000001c113c3c0e0 Exception <a 'java/lang/NoSuchMethodError'{0x00000000c6a48200}: 'java.lang.Object java.lang.invoke.Invokers$Holder.invokeExact_MT(java.lang.Object, java.lang.Object, java.lang.Object, int, java.lang.Object, java.lang.Object)'> (0x00000000c6a48200) 
thrown [s\src\hotspot\share\interpreter\linkResolver.cpp, line 773]
Event: 787.295 Thread 0x000001c113c3c0e0 Exception <a 'java/lang/NoSuchMethodError'{0x00000000c620e2c0}: 'void java.lang.invoke.DelegatingMethodHandle$Holder.reinvoke_L(java.lang.Object, java.lang.Object, int)'> (0x00000000c620e2c0) 
thrown [s\src\hotspot\share\interpreter\linkResolver.cpp, line 773]
Event: 787.320 Thread 0x000001c113c3c0e0 Exception <a 'java/lang/NoSuchMethodError'{0x00000000c6215938}: 'void java.lang.invoke.Invokers$Holder.invokeExact_MT(java.lang.Object, java.lang.Object, int, java.lang.Object)'> (0x00000000c6215938) 
thrown [s\src\hotspot\share\interpreter\linkResolver.cpp, line 773]
Event: 812.613 Thread 0x000001c113c3c0e0 Exception <a 'java/lang/ClassNotFoundException'{0x00000000c70566d8}: com/android/build/gradle/internal/api/ApkVariantOutputImpl_DecoratedBeanInfo> (0x00000000c70566d8) 
thrown [s\src\hotspot\share\classfile\systemDictionary.cpp, line 313]
Event: 812.623 Thread 0x000001c113c3c0e0 Exception <a 'java/lang/ClassNotFoundException'{0x00000000c7063060}: com/android/build/gradle/internal/api/ApkVariantOutputImplBeanInfo> (0x00000000c7063060) 
thrown [s\src\hotspot\share\classfile\systemDictionary.cpp, line 313]
Event: 812.631 Thread 0x000001c113c3c0e0 Exception <a 'java/lang/ClassNotFoundException'{0x00000000c706f9f8}: com/android/build/gradle/internal/api/BaseVariantOutputImplBeanInfo> (0x00000000c706f9f8) 
thrown [s\src\hotspot\share\classfile\systemDictionary.cpp, line 313]
Event: 812.636 Thread 0x000001c113c3c0e0 Exception <a 'java/lang/ClassNotFoundException'{0x00000000c707c5c8}: com/android/build/gradle/internal/api/BaseVariantOutputImplCustomizer> (0x00000000c707c5c8) 
thrown [s\src\hotspot\share\classfile\systemDictionary.cpp, line 313]
Event: 812.658 Thread 0x000001c113c3c0e0 Exception <a 'java/lang/ClassNotFoundException'{0x00000000c709c840}: com/android/build/gradle/internal/api/ApkVariantOutputImplCustomizer> (0x00000000c709c840) 
thrown [s\src\hotspot\share\classfile\systemDictionary.cpp, line 313]
Event: 812.706 Thread 0x000001c113c3c0e0 Exception <a 'java/lang/ClassNotFoundException'{0x00000000c70b86d0}: com/android/build/gradle/internal/api/ApkVariantOutputImpl_DecoratedCustomizer> (0x00000000c70b86d0) 
thrown [s\src\hotspot\share\classfile\systemDictionary.cpp, line 313]
Event: 820.530 Thread 0x000001c113c3c0e0 Exception <a 'java/lang/ClassNotFoundException'{0x00000000c68754f8}: com/android/build/gradle/internal/api/ReadOnlyBuildTypeBeanInfo> (0x00000000c68754f8) 
thrown [s\src\hotspot\share\classfile\systemDictionary.cpp, line 313]
Event: 820.550 Thread 0x000001c113c3c0e0 Exception <a 'java/lang/ClassNotFoundException'{0x00000000c68820d8}: com/android/build/gradle/internal/api/ReadOnlyBaseConfigBeanInfo> (0x00000000c68820d8) 
thrown [s\src\hotspot\share\classfile\systemDictionary.cpp, line 313]
Event: 820.569 Thread 0x000001c113c3c0e0 Exception <a 'java/lang/ClassNotFoundException'{0x00000000c688ea20}: com/android/build/gradle/internal/api/ReadOnlyBaseConfigCustomizer> (0x00000000c688ea20) 
thrown [s\src\hotspot\share\classfile\systemDictionary.cpp, line 313]
Event: 820.638 Thread 0x000001c113c3c0e0 Exception <a 'java/lang/ClassNotFoundException'{0x00000000c68ac720}: com/android/build/gradle/internal/api/ReadOnlyBuildTypeCustomizer> (0x00000000c68ac720) 
thrown [s\src\hotspot\share\classfile\systemDictionary.cpp, line 313]
Event: 868.187 Thread 0x000001c113c3c0e0 Exception <a 'java/lang/ClassNotFoundException'{0x00000000c7550cf8}: build_1l7sqfc8nshvyx4wlcdevmbdmBeanInfo> (0x00000000c7550cf8) 
thrown [s\src\hotspot\share\classfile\systemDictionary.cpp, line 313]
Event: 868.195 Thread 0x000001c113c3c0e0 Exception <a 'java/lang/ClassNotFoundException'{0x00000000c755ab40}: org/gradle/api/internal/project/ProjectScriptBeanInfo> (0x00000000c755ab40) 
thrown [s\src\hotspot\share\classfile\systemDictionary.cpp, line 313]
Event: 868.410 Thread 0x000001c113c3c0e0 Exception <a 'java/lang/ClassNotFoundException'{0x00000000c7564ad8}: org/gradle/api/internal/project/ProjectScriptCustomizer> (0x00000000c7564ad8) 
thrown [s\src\hotspot\share\classfile\systemDictionary.cpp, line 313]
Event: 868.686 Thread 0x000001c113c3c0e0 Exception <a 'java/lang/ClassNotFoundException'{0x00000000c757c410}: build_1l7sqfc8nshvyx4wlcdevmbdmCustomizer> (0x00000000c757c410) 
thrown [s\src\hotspot\share\classfile\systemDictionary.cpp, line 313]

ZGC Phase Switch (0 events):
No events

VM Operations (20 events):
Event: 861.553 Executing safepoint VM operation: Cleanup
Event: 861.621 Executing safepoint VM operation: Cleanup done
Event: 863.637 Executing safepoint VM operation: Cleanup
Event: 863.749 Executing safepoint VM operation: Cleanup done
Event: 865.767 Executing safepoint VM operation: Cleanup
Event: 865.767 Executing safepoint VM operation: Cleanup done
Event: 866.780 Executing safepoint VM operation: Cleanup
Event: 866.867 Executing safepoint VM operation: Cleanup done
Event: 867.875 Executing safepoint VM operation: Cleanup
Event: 867.889 Executing safepoint VM operation: Cleanup done
Event: 868.901 Executing safepoint VM operation: Cleanup
Event: 868.933 Executing safepoint VM operation: Cleanup done
Event: 869.947 Executing safepoint VM operation: Cleanup
Event: 870.701 Executing safepoint VM operation: Cleanup done
Event: 879.850 Executing safepoint VM operation: Cleanup
Event: 880.003 Executing safepoint VM operation: Cleanup done
Event: 882.028 Executing safepoint VM operation: Cleanup
Event: 882.046 Executing safepoint VM operation: Cleanup done
Event: 883.057 Executing safepoint VM operation: Cleanup
Event: 883.075 Executing safepoint VM operation: Cleanup done

Memory protections (0 events):
No events

Nmethod flushes (20 events):
Event: 795.741 Thread 0x000001c0cdaf86b0 flushing  nmethod 0x000001c0bb67eb10
Event: 795.741 Thread 0x000001c0cdaf86b0 flushing  nmethod 0x000001c0bb6ba010
Event: 795.741 Thread 0x000001c0cdaf86b0 flushing  nmethod 0x000001c0bb701010
Event: 795.741 Thread 0x000001c0cdaf86b0 flushing  nmethod 0x000001c0bb718310
Event: 795.741 Thread 0x000001c0cdaf86b0 flushing  nmethod 0x000001c0bb911d10
Event: 795.742 Thread 0x000001c0cdaf86b0 flushing  nmethod 0x000001c0c262a190
Event: 795.742 Thread 0x000001c0cdaf86b0 flushing  nmethod 0x000001c0c2a0eb10
Event: 795.742 Thread 0x000001c0cdaf86b0 flushing  nmethod 0x000001c0babe9210
Event: 795.742 Thread 0x000001c0cdaf86b0 flushing  nmethod 0x000001c0bae05510
Event: 795.742 Thread 0x000001c0cdaf86b0 flushing  nmethod 0x000001c0bae05f10
Event: 795.742 Thread 0x000001c0cdaf86b0 flushing  nmethod 0x000001c0baf64f10
Event: 795.742 Thread 0x000001c0cdaf86b0 flushing  nmethod 0x000001c0bb016a90
Event: 795.742 Thread 0x000001c0cdaf86b0 flushing  nmethod 0x000001c0bb129c90
Event: 795.742 Thread 0x000001c0cdaf86b0 flushing  nmethod 0x000001c0bb12b990
Event: 795.742 Thread 0x000001c0cdaf86b0 flushing  nmethod 0x000001c0bb28ab10
Event: 795.742 Thread 0x000001c0cdaf86b0 flushing  nmethod 0x000001c0bb29d390
Event: 795.742 Thread 0x000001c0cdaf86b0 flushing  nmethod 0x000001c0bb601b10
Event: 795.742 Thread 0x000001c0cdaf86b0 flushing  nmethod 0x000001c0bb68a690
Event: 795.743 Thread 0x000001c0cdaf86b0 flushing  nmethod 0x000001c0bb6c4c90
Event: 795.743 Thread 0x000001c0cdaf86b0 flushing  nmethod 0x000001c0bb6c6e90

Events (20 events):
Event: 570.820 Thread 0x000001c113c3c0e0 Thread added: 0x000001c115391160
Event: 570.820 Thread 0x000001c113c3c0e0 Thread added: 0x000001c115392510
Event: 579.296 Thread 0x000001c113c3c0e0 Thread added: 0x000001c1153917f0
Event: 579.324 Thread 0x000001c113c3c0e0 Thread added: 0x000001c115391e80
Event: 579.344 Thread 0x000001c113c3c0e0 Thread added: 0x000001c117402fe0
Event: 579.543 Thread 0x000001c113c3c0e0 Thread added: 0x000001c1174022c0
Event: 580.951 Thread 0x000001c113c3c0e0 Thread added: 0x000001c117403670
Event: 580.952 Thread 0x000001c113c3c0e0 Thread added: 0x000001c117403d00
Event: 580.952 Thread 0x000001c113c3c0e0 Thread added: 0x000001c1174015a0
Event: 580.953 Thread 0x000001c113c3c0e0 Thread added: 0x000001c117404390
Event: 580.954 Thread 0x000001c113c3c0e0 Thread added: 0x000001c117401c30
Event: 580.956 Thread 0x000001c113c3c0e0 Thread added: 0x000001c117400f10
Event: 580.962 Thread 0x000001c113c3c0e0 Thread added: 0x000001c117402950
Event: 610.457 Thread 0x000001c113c3c0e0 Thread added: 0x000001c117404a20
Event: 639.563 Thread 0x000001c113c3c0e0 Thread added: 0x000001c117408530
Event: 711.412 Thread 0x000001c113c3c0e0 Thread added: 0x000001c117406af0
Event: 759.416 Thread 0x000001c113c3ce00 Thread exited: 0x000001c113c3ce00
Event: 861.293 Thread 0x000001c113c3ba50 Thread added: 0x000001c118de0b80
Event: 863.468 Thread 0x000001c113c3c0e0 Thread added: 0x000001c118de25c0
Event: 865.749 Thread 0x000001c113c3c0e0 Thread added: 0x000001c118de32e0


Dynamic libraries:
0x00007ff68b060000 - 0x00007ff68b06e000 	C:\Users\LENOVO\.antigravity-ide\extensions\redhat.java-1.56.0-win32-x64\jre\21.0.12.1-win32-x86_64\bin\java.exe
0x00007ffba7f40000 - 0x00007ffba81a7000 	C:\WINDOWS\SYSTEM32\ntdll.dll
0x00007ffba6070000 - 0x00007ffba613b000 	C:\WINDOWS\System32\KERNEL32.DLL
0x00007ffba5490000 - 0x00007ffba5892000 	C:\WINDOWS\System32\KERNELBASE.dll
0x00007ffba5140000 - 0x00007ffba528c000 	C:\WINDOWS\System32\ucrtbase.dll
0x00007ffb98210000 - 0x00007ffb98228000 	C:\Users\LENOVO\.antigravity-ide\extensions\redhat.java-1.56.0-win32-x64\jre\21.0.12.1-win32-x86_64\bin\jli.dll
0x00007ffba5e00000 - 0x00007ffba5fcf000 	C:\WINDOWS\System32\USER32.dll
0x00007ffba59e0000 - 0x00007ffba5a07000 	C:\WINDOWS\System32\win32u.dll
0x00007ffba5d80000 - 0x00007ffba5dab000 	C:\WINDOWS\System32\GDI32.dll
0x00007ffba52a0000 - 0x00007ffba53c9000 	C:\WINDOWS\System32\gdi32full.dll
0x00007ffba5930000 - 0x00007ffba59d3000 	C:\WINDOWS\System32\msvcp_win.dll
0x00007ffb97910000 - 0x00007ffb9792e000 	C:\Users\LENOVO\.antigravity-ide\extensions\redhat.java-1.56.0-win32-x64\jre\21.0.12.1-win32-x86_64\bin\VCRUNTIME140.dll
0x00007ffb8ec40000 - 0x00007ffb8eed0000 	C:\WINDOWS\WinSxS\amd64_microsoft.windows.common-controls_6595b64144ccf1df_6.0.26100.9278_none_3e0d1ba8e3303201\COMCTL32.dll
0x00007ffba6840000 - 0x00007ffba68e9000 	C:\WINDOWS\System32\msvcrt.dll
0x00007ffba5dc0000 - 0x00007ffba5df1000 	C:\WINDOWS\System32\IMM32.DLL
0x00007ffb98200000 - 0x00007ffb9820c000 	C:\Users\LENOVO\.antigravity-ide\extensions\redhat.java-1.56.0-win32-x64\jre\21.0.12.1-win32-x86_64\bin\vcruntime140_1.dll
0x00007ffb763b0000 - 0x00007ffb7643d000 	C:\Users\LENOVO\.antigravity-ide\extensions\redhat.java-1.56.0-win32-x64\jre\21.0.12.1-win32-x86_64\bin\msvcp140.dll
0x00007ffb366c0000 - 0x00007ffb37462000 	C:\Users\LENOVO\.antigravity-ide\extensions\redhat.java-1.56.0-win32-x64\jre\21.0.12.1-win32-x86_64\bin\server\jvm.dll
0x00007ffba66f0000 - 0x00007ffba67ac000 	C:\WINDOWS\System32\ADVAPI32.dll
0x00007ffba7e30000 - 0x00007ffba7ed9000 	C:\WINDOWS\System32\sechost.dll
0x00007ffba5c60000 - 0x00007ffba5d78000 	C:\WINDOWS\System32\RPCRT4.dll
0x00007ffba7090000 - 0x00007ffba7110000 	C:\WINDOWS\System32\WS2_32.dll
0x00007ffba4f90000 - 0x00007ffba4fee000 	C:\WINDOWS\SYSTEM32\POWRPROF.dll
0x00007ffb983b0000 - 0x00007ffb983e6000 	C:\WINDOWS\SYSTEM32\WINMM.dll
0x00007ffb93ff0000 - 0x00007ffb93ffb000 	C:\WINDOWS\SYSTEM32\VERSION.dll
0x00007ffba4f70000 - 0x00007ffba4f85000 	C:\WINDOWS\SYSTEM32\UMPDC.dll
0x00007ffba3dd0000 - 0x00007ffba3deb000 	C:\WINDOWS\SYSTEM32\kernel.appcore.dll
0x00007ffb97640000 - 0x00007ffb9764a000 	C:\Users\LENOVO\.antigravity-ide\extensions\redhat.java-1.56.0-win32-x64\jre\21.0.12.1-win32-x86_64\bin\jimage.dll
0x00007ffba2480000 - 0x00007ffba26cc000 	C:\WINDOWS\SYSTEM32\DBGHELP.DLL
0x00007ffba7950000 - 0x00007ffba7cd5000 	C:\WINDOWS\System32\combase.dll
0x00007ffba62c0000 - 0x00007ffba6399000 	C:\WINDOWS\System32\OLEAUT32.dll
0x00007ffb8c4f0000 - 0x00007ffb8c52b000 	C:\WINDOWS\SYSTEM32\dbgcore.DLL
0x00007ffba5a10000 - 0x00007ffba5abc000 	C:\WINDOWS\System32\bcryptPrimitives.dll
0x00007ffb87510000 - 0x00007ffb8751f000 	C:\Users\LENOVO\.antigravity-ide\extensions\redhat.java-1.56.0-win32-x64\jre\21.0.12.1-win32-x86_64\bin\instrument.dll
0x00007ffb77ba0000 - 0x00007ffb77bc0000 	C:\Users\LENOVO\.antigravity-ide\extensions\redhat.java-1.56.0-win32-x64\jre\21.0.12.1-win32-x86_64\bin\java.dll
0x00007ffba68f0000 - 0x00007ffba7088000 	C:\WINDOWS\System32\SHELL32.dll
0x00007ffba2b60000 - 0x00007ffba340e000 	C:\WINDOWS\SYSTEM32\windows.storage.dll
0x00007ffba7d30000 - 0x00007ffba7e2b000 	C:\WINDOWS\System32\SHCORE.dll
0x00007ffba67d0000 - 0x00007ffba6836000 	C:\WINDOWS\System32\shlwapi.dll
0x00007ffba5060000 - 0x00007ffba5089000 	C:\WINDOWS\SYSTEM32\profapi.dll
0x00007ffb77b80000 - 0x00007ffb77b98000 	C:\Users\LENOVO\.antigravity-ide\extensions\redhat.java-1.56.0-win32-x64\jre\21.0.12.1-win32-x86_64\bin\zip.dll
0x00007ffb97630000 - 0x00007ffb97640000 	C:\Users\LENOVO\.antigravity-ide\extensions\redhat.java-1.56.0-win32-x64\jre\21.0.12.1-win32-x86_64\bin\net.dll
0x00007ffb9d7d0000 - 0x00007ffb9d8fa000 	C:\WINDOWS\SYSTEM32\WINHTTP.dll
0x00007ffba4370000 - 0x00007ffba43dc000 	C:\WINDOWS\system32\mswsock.dll
0x00007ffb759a0000 - 0x00007ffb759b6000 	C:\Users\LENOVO\.antigravity-ide\extensions\redhat.java-1.56.0-win32-x64\jre\21.0.12.1-win32-x86_64\bin\nio.dll
0x00007ffb87520000 - 0x00007ffb87530000 	C:\Users\LENOVO\.antigravity-ide\extensions\redhat.java-1.56.0-win32-x64\jre\21.0.12.1-win32-x86_64\bin\verify.dll
0x00007ffb75970000 - 0x00007ffb75997000 	C:\Users\LENOVO\.gradle\native\1def1411415f61bf3af743bc5b6707747c0891f09f0c88961ee8f79bc544acac\windows-amd64\native-platform.dll
0x00007ffb39e90000 - 0x00007ffb39f08000 	C:\Users\LENOVO\.gradle\native\0.2.7\x86_64-windows-gnu\gradle-fileevents.dll
0x00007ffb865b0000 - 0x00007ffb865ba000 	C:\Users\LENOVO\.antigravity-ide\extensions\redhat.java-1.56.0-win32-x64\jre\21.0.12.1-win32-x86_64\bin\management.dll
0x00007ffb7a950000 - 0x00007ffb7a95c000 	C:\Users\LENOVO\.antigravity-ide\extensions\redhat.java-1.56.0-win32-x64\jre\21.0.12.1-win32-x86_64\bin\management_ext.dll
0x00007ffba5db0000 - 0x00007ffba5db8000 	C:\WINDOWS\System32\PSAPI.DLL
0x00007ffba3780000 - 0x00007ffba37b3000 	C:\WINDOWS\SYSTEM32\IPHLPAPI.DLL
0x00007ffba7120000 - 0x00007ffba712a000 	C:\WINDOWS\System32\NSI.dll
0x00007ffb7a900000 - 0x00007ffb7a909000 	C:\Users\LENOVO\.antigravity-ide\extensions\redhat.java-1.56.0-win32-x64\jre\21.0.12.1-win32-x86_64\bin\extnet.dll
0x00007ffba4790000 - 0x00007ffba47ab000 	C:\WINDOWS\SYSTEM32\CRYPTSP.dll
0x00007ffba3d30000 - 0x00007ffba3d69000 	C:\WINDOWS\system32\rsaenh.dll
0x00007ffba4420000 - 0x00007ffba4454000 	C:\WINDOWS\SYSTEM32\USERENV.dll
0x00007ffba5030000 - 0x00007ffba505a000 	C:\WINDOWS\SYSTEM32\bcrypt.dll
0x00007ffba45d0000 - 0x00007ffba45dc000 	C:\WINDOWS\SYSTEM32\CRYPTBASE.dll
0x00007ffb47f00000 - 0x00007ffb47f0e000 	C:\Users\LENOVO\.antigravity-ide\extensions\redhat.java-1.56.0-win32-x64\jre\21.0.12.1-win32-x86_64\bin\sunmscapi.dll
0x00007ffba5ad0000 - 0x00007ffba5c4e000 	C:\WINDOWS\System32\CRYPT32.dll
0x00007ffba4900000 - 0x00007ffba4930000 	C:\WINDOWS\SYSTEM32\ncrypt.dll
0x00007ffba48b0000 - 0x00007ffba48ef000 	C:\WINDOWS\SYSTEM32\NTASN1.dll
0x00007ffb66b40000 - 0x00007ffb66b48000 	C:\WINDOWS\system32\wshunix.dll

JVMTI agents:
C:\Users\LENOVO\.gradle\wrapper\dists\gradle-8.14-bin\38aieal9i53h9rfe7vjup95b9\gradle-8.14\lib\agents\gradle-instrumentation-agent-8.14.jar path:C:\Users\LENOVO\.antigravity-ide\extensions\redhat.java-1.56.0-win32-x64\jre\21.0.12.1-win32-x86_64\bin\instrument.dll, loaded, initialized, instrumentlib options:none

dbghelp: loaded successfully - version: 4.0.5 - missing functions: none
symbol engine: initialized successfully - sym options: 0x614 - pdb path: .;C:\Users\LENOVO\.antigravity-ide\extensions\redhat.java-1.56.0-win32-x64\jre\21.0.12.1-win32-x86_64\bin;C:\WINDOWS\SYSTEM32;C:\WINDOWS\WinSxS\amd64_microsoft.windows.common-controls_6595b64144ccf1df_6.0.26100.9278_none_3e0d1ba8e3303201;C:\Users\LENOVO\.antigravity-ide\extensions\redhat.java-1.56.0-win32-x64\jre\21.0.12.1-win32-x86_64\bin\server;C:\Users\LENOVO\.gradle\native\1def1411415f61bf3af743bc5b6707747c0891f09f0c88961ee8f79bc544acac\windows-amd64;C:\Users\LENOVO\.gradle\native\0.2.7\x86_64-windows-gnu

VM Arguments:
jvm_args: --add-opens=java.base/java.lang=ALL-UNNAMED --add-opens=java.base/java.lang.invoke=ALL-UNNAMED --add-opens=java.base/java.util=ALL-UNNAMED --add-opens=java.prefs/java.util.prefs=ALL-UNNAMED --add-exports=jdk.compiler/com.sun.tools.javac.api=ALL-UNNAMED --add-exports=jdk.compiler/com.sun.tools.javac.util=ALL-UNNAMED --add-opens=java.base/java.util=ALL-UNNAMED --add-opens=java.prefs/java.util.prefs=ALL-UNNAMED --add-opens=java.base/java.nio.charset=ALL-UNNAMED --add-opens=java.base/java.net=ALL-UNNAMED --add-opens=java.base/java.util.concurrent.atomic=ALL-UNNAMED --add-opens=java.xml/javax.xml.namespace=ALL-UNNAMED -Xmx1024m -Dfile.encoding=UTF-8 -Duser.country=US -Duser.language=en -Duser.variant -javaagent:C:\Users\LENOVO\.gradle\wrapper\dists\gradle-8.14-bin\38aieal9i53h9rfe7vjup95b9\gradle-8.14\lib\agents\gradle-instrumentation-agent-8.14.jar 
java_command: org.gradle.launcher.daemon.bootstrap.GradleDaemon 8.14
java_class_path (initial): C:\Users\LENOVO\.gradle\wrapper\dists\gradle-8.14-bin\38aieal9i53h9rfe7vjup95b9\gradle-8.14\lib\gradle-daemon-main-8.14.jar
Launcher Type: SUN_STANDARD

[Global flags]
     intx CICompilerCount                          = 4                                         {product} {ergonomic}
     uint ConcGCThreads                            = 2                                         {product} {ergonomic}
     uint G1ConcRefinementThreads                  = 8                                         {product} {ergonomic}
   size_t G1HeapRegionSize                         = 1048576                                   {product} {ergonomic}
    uintx GCDrainStackTargetSize                   = 64                                        {product} {ergonomic}
   size_t InitialHeapSize                          = 98566144                                  {product} {ergonomic}
   size_t MarkStackSize                            = 4194304                                   {product} {ergonomic}
   size_t MaxHeapSize                              = 1073741824                                {product} {command line}
   size_t MaxNewSize                               = 643825664                                 {product} {ergonomic}
   size_t MinHeapDeltaBytes                        = 1048576                                   {product} {ergonomic}
   size_t MinHeapSize                              = 8388608                                   {product} {ergonomic}
    uintx NonNMethodCodeHeapSize                   = 5839372                                {pd product} {ergonomic}
    uintx NonProfiledCodeHeapSize                  = 122909434                              {pd product} {ergonomic}
    uintx ProfiledCodeHeapSize                     = 122909434                              {pd product} {ergonomic}
    uintx ReservedCodeCacheSize                    = 251658240                              {pd product} {ergonomic}
     bool SegmentedCodeCache                       = true                                      {product} {ergonomic}
   size_t SoftMaxHeapSize                          = 1073741824                             {manageable} {ergonomic}
     bool UseCompressedOops                        = true                           {product lp64_product} {ergonomic}
     bool UseG1GC                                  = true                                      {product} {ergonomic}
     bool UseLargePagesIndividualAllocation        = false                                  {pd product} {ergonomic}

Logging:
Log output configuration:
 #0: stdout all=warning uptime,level,tags foldmultilines=false
 #1: stderr all=off uptime,level,tags foldmultilines=false

Release file:
JAVA_VERSION="21.0.12.1" 
MODULES="java.base java.compiler java.datatransfer java.xml java.prefs java.desktop java.instrument java.logging java.management java.security.sasl java.naming java.rmi java.management.rmi java.net.http java.scripting java.security.jgss java.transaction.xa java.sql java.sql.rowset java.xml.crypto java.se java.smartcardio jdk.accessibility jdk.internal.jvmstat jdk.attach jdk.charsets jdk.internal.opt jdk.zipfs jdk.compiler jdk.crypto.ec jdk.crypto.cryptoki jdk.crypto.mscapi jdk.dynalink jdk.internal.ed jdk.editpad jdk.hotspot.agent jdk.httpserver jdk.internal.le jdk.internal.vm.ci jdk.internal.vm.compiler jdk.internal.vm.compiler.management jdk.jartool jdk.javadoc jdk.jcmd jdk.management jdk.management.agent jdk.jconsole jdk.jdeps jdk.jdwp.agent jdk.jdi jdk.jfr jdk.jshell jdk.jsobject jdk.jstatd jdk.localedata jdk.management.jfr jdk.naming.dns jdk.naming.rmi jdk.net jdk.nio.mapmode jdk.random jdk.sctp jdk.security.auth jdk.security.jgss jdk.unsupported jdk.unsupported.desktop jdk.xml.dom" 

Environment Variables:
JAVA_HOME=C:\Program Files\Android\Android Studio\jbr
PATH=C:\WINDOWS\system32;C:\WINDOWS;C:\WINDOWS\System32\Wbem;C:\WINDOWS\System32\WindowsPowerShell\v1.0\;C:\WINDOWS\System32\OpenSSH\;C:\Program Files\Docker\Docker\resources\bin;C:\Program Files\nodejs\;C:\Program Files\Git\cmd;C:\Users\LENOVO\AppData\Local\Programs\Python\Python312\Scripts\;C:\Users\LENOVO\AppData\Local\Programs\Python\Python312\;C:\Users\LENOVO\AppData\Local\Programs\Python\Launcher\;C:\Users\LENOVO\AppData\Local\Programs\Python\Python314\Scripts\;C:\Users\LENOVO\AppData\Local\Programs\Python\Python314\;C:\Users\LENOVO\AppData\Local\Microsoft\WindowsApps;C:\Users\LENOVO\AppData\Local\Programs\Antigravity\bin;C:\Users\LENOVO\AppData\Roaming\npm;C:\ScrcpyLauncher by praveen;C:\Users\LENOVO\AppData\Local\PowerToys\DSCModules\;C:\Users\LENOVO\AppData\Local\Programs\Antigravity IDE\bin
USERNAME=LENOVO
OS=Windows_NT
PROCESSOR_IDENTIFIER=AMD64 Family 23 Model 160 Stepping 0, AuthenticAMD
TMP=C:\Users\LENOVO\AppData\Local\Temp
TEMP=C:\Users\LENOVO\AppData\Local\Temp




Periodic native trim disabled

---------------  S Y S T E M  ---------------

OS:
 Windows 11 , 64 bit Build 26100 (10.0.26100.9444)
OS uptime: 8 days 1:28 hours
Hyper-V role detected

CPU: total 8 (initial active 8) (8 cores per cpu, 2 threads per core) family 23 model 160 stepping 0 microcode 0x8a0000a, cx8, cmov, fxsr, ht, mmx, 3dnowpref, sse, sse2, sse3, ssse3, sse4a, sse4.1, sse4.2, popcnt, lzcnt, tsc, tscinvbit, avx, avx2, aes, clmul, bmi1, bmi2, adx, sha, fma, vzeroupper, clflush, clflushopt, hv, rdtscp, rdpid, f16c
Processor Information for the first 8 processors :
  Max Mhz: 2401, Current Mhz: 2401, Mhz Limit: 2401

Memory: 4k page, system-wide physical 5965M (7M free)
TotalPageFile size 24397M (AvailPageFile size 0M)
current process WorkingSet (physical memory assigned to process): 59M, peak: 198M
current process commit charge ("private bytes"): 435M, peak: 443M

vm_info: OpenJDK 64-Bit Server VM (21.0.12.1+1-LTS) for windows-amd64 JRE (21.0.12.1+1-LTS), built on 2026-08-18T00:00:00Z by "admin" with MS VC++ 17.12 (VS2022)

END.
