#
# There is insufficient memory for the Java Runtime Environment to continue.
# Native memory allocation (malloc) failed to allocate 161408 bytes. Error detail: Chunk::new
# Possible reasons:
#   The system is out of physical RAM or swap space
#   This process is running with CompressedOops enabled, and the Java Heap may be blocking the growth of the native heap
# Possible solutions:
#   Reduce memory load on the system
#   Increase physical memory or swap space
#   Check if swap backing store is full
#   Decrease Java heap size (-Xmx/-Xms)
#   Decrease number of Java threads
#   Decrease Java thread stack sizes (-Xss)
#   Set larger code cache with -XX:ReservedCodeCacheSize=
#   JVM is running with Unscaled Compressed Oops mode in which the Java heap is
#     placed in the first 4GB address space. The Java Heap base address is the
#     maximum limit for the native heap growth. Please use -XX:HeapBaseMinAddress
#     to set the Java Heap base and to place the Java Heap above 4GB virtual address.
# This output file may be truncated or incomplete.
#
#  Out of Memory Error (arena.cpp:168), pid=24776, tid=9996
#
# JRE version: OpenJDK Runtime Environment Temurin-21.0.12.1+1 (21.0.12.1+1) (build 21.0.12.1+1-LTS)
# Java VM: OpenJDK 64-Bit Server VM Temurin-21.0.12.1+1 (21.0.12.1+1-LTS, mixed mode, sharing, tiered, compressed oops, compressed class ptrs, g1 gc, windows-amd64)
# No core dump will be written. Minidumps are not enabled by default on client versions of Windows
#

---------------  S U M M A R Y ------------

Command Line: --add-opens=java.base/java.lang=ALL-UNNAMED --add-opens=java.base/java.lang.invoke=ALL-UNNAMED --add-opens=java.base/java.util=ALL-UNNAMED --add-opens=java.prefs/java.util.prefs=ALL-UNNAMED --add-exports=jdk.compiler/com.sun.tools.javac.api=ALL-UNNAMED --add-exports=jdk.compiler/com.sun.tools.javac.util=ALL-UNNAMED --add-opens=java.base/java.util=ALL-UNNAMED --add-opens=java.prefs/java.util.prefs=ALL-UNNAMED --add-opens=java.base/java.nio.charset=ALL-UNNAMED --add-opens=java.base/java.net=ALL-UNNAMED --add-opens=java.base/java.util.concurrent.atomic=ALL-UNNAMED --add-opens=java.xml/javax.xml.namespace=ALL-UNNAMED -Xmx1024m -Dfile.encoding=UTF-8 -Duser.country=US -Duser.language=en -Duser.variant -javaagent:C:\Users\LENOVO\.gradle\wrapper\dists\gradle-8.14-bin\38aieal9i53h9rfe7vjup95b9\gradle-8.14\lib\agents\gradle-instrumentation-agent-8.14.jar org.gradle.launcher.daemon.bootstrap.GradleDaemon 8.14

Host: AMD Ryzen 3 7320U with Radeon Graphics         , 8 cores, 5G,  Windows 11 , 64 bit Build 26100 (10.0.26100.9444)
Time: Sun Sep 27 20:29:47 2026 Nepal Standard Time elapsed time: 70.850338 seconds (0d 0h 1m 10s)

---------------  T H R E A D  ---------------

Current thread (0x0000027f36d72d90):  JavaThread "C2 CompilerThread0" daemon [_thread_in_native, id=9996, stack(0x000000d02b600000,0x000000d02b700000) (1024K)]


Current CompileTask:
C2:70850 4490       4       jdk.internal.org.objectweb.asm.Frame::setInputFrameFromDescriptor (175 bytes)

Stack: [0x000000d02b600000,0x000000d02b700000]
Native frames: (J=compiled Java code, j=interpreted, Vv=VM code, C=native code)
V  [jvm.dll+0x6d83e9]
V  [jvm.dll+0x8b5736]
V  [jvm.dll+0x8b7cee]
V  [jvm.dll+0x8b83d3]
V  [jvm.dll+0x284596]
V  [jvm.dll+0xc685d]
V  [jvm.dll+0xc6da1]
V  [jvm.dll+0x3bf18b]
V  [jvm.dll+0x1e3b4e]
V  [jvm.dll+0x24c853]
V  [jvm.dll+0x24bce0]
V  [jvm.dll+0x1cb4ae]
V  [jvm.dll+0x25baad]
V  [jvm.dll+0x25a03a]
V  [jvm.dll+0x3f8aae]
V  [jvm.dll+0x8600cd]
V  [jvm.dll+0x6d6c1d]
C  [ucrtbase.dll+0x2cd30]
C  [KERNEL32.DLL+0x2cd87]
C  [ntdll.dll+0xacaec]


---------------  P R O C E S S  ---------------

Threads class SMR info:
_java_thread_list=0x0000027f7e49d720, length=33, elements={
0x0000027f1e6d78a0, 0x0000027f36d6b1d0, 0x0000027f36d6bc30, 0x0000027f36d700e0,
0x0000027f36d70b40, 0x0000027f36d715a0, 0x0000027f36d72000, 0x0000027f36d72d90,
0x0000027f36de4d50, 0x0000027f7c186bf0, 0x0000027f7c26d450, 0x0000027f7d3003f0,
0x0000027f7c0e1e10, 0x0000027f7d6b4230, 0x0000027f7d6e0d60, 0x0000027f7da7f020,
0x0000027f7d9f0af0, 0x0000027f7d9f1810, 0x0000027f7d9f1ea0, 0x0000027f7d9f1180,
0x0000027f7d9f2530, 0x0000027f7d9ef0b0, 0x0000027f7d9ef740, 0x0000027f7d9efdd0,
0x0000027f7d9f0460, 0x0000027f7d8ef870, 0x0000027f7d8eca80, 0x0000027f7d8ee4c0,
0x0000027f7d8ed7a0, 0x0000027f7d8ed110, 0x0000027f7d8f0590, 0x0000027f7d8f12b0,
0x0000027f7d8f0c20
}

Java Threads: ( => current thread )
  0x0000027f1e6d78a0 JavaThread "main"                              [_thread_blocked, id=25116, stack(0x000000d02a800000,0x000000d02a900000) (1024K)]
  0x0000027f36d6b1d0 JavaThread "Reference Handler"          daemon [_thread_blocked, id=18192, stack(0x000000d02b000000,0x000000d02b100000) (1024K)]
  0x0000027f36d6bc30 JavaThread "Finalizer"                  daemon [_thread_blocked, id=23216, stack(0x000000d02b100000,0x000000d02b200000) (1024K)]
  0x0000027f36d700e0 JavaThread "Signal Dispatcher"          daemon [_thread_blocked, id=24936, stack(0x000000d02b200000,0x000000d02b300000) (1024K)]
  0x0000027f36d70b40 JavaThread "Attach Listener"            daemon [_thread_blocked, id=344, stack(0x000000d02b300000,0x000000d02b400000) (1024K)]
  0x0000027f36d715a0 JavaThread "Service Thread"             daemon [_thread_blocked, id=19200, stack(0x000000d02b400000,0x000000d02b500000) (1024K)]
  0x0000027f36d72000 JavaThread "Monitor Deflation Thread"   daemon [_thread_blocked, id=8180, stack(0x000000d02b500000,0x000000d02b600000) (1024K)]
=>0x0000027f36d72d90 JavaThread "C2 CompilerThread0"         daemon [_thread_in_native, id=9996, stack(0x000000d02b600000,0x000000d02b700000) (1024K)]
  0x0000027f36de4d50 JavaThread "C1 CompilerThread0"         daemon [_thread_blocked, id=24676, stack(0x000000d02b700000,0x000000d02b800000) (1024K)]
  0x0000027f7c186bf0 JavaThread "Common-Cleaner"             daemon [_thread_blocked, id=14040, stack(0x000000d02b800000,0x000000d02b900000) (1024K)]
  0x0000027f7c26d450 JavaThread "Notification Thread"        daemon [_thread_blocked, id=19664, stack(0x000000d02b900000,0x000000d02ba00000) (1024K)]
  0x0000027f7d3003f0 JavaThread "Daemon health stats"               [_thread_blocked, id=23556, stack(0x000000d02be00000,0x000000d02bf00000) (1024K)]
  0x0000027f7c0e1e10 JavaThread "Incoming local TCP Connector on port 17812"        [_thread_in_native, id=6492, stack(0x000000d02bf00000,0x000000d02c000000) (1024K)]
  0x0000027f7d6b4230 JavaThread "Daemon periodic checks"            [_thread_blocked, id=4472, stack(0x000000d02c000000,0x000000d02c100000) (1024K)]
  0x0000027f7d6e0d60 JavaThread "Daemon"                            [_thread_blocked, id=20524, stack(0x000000d02c100000,0x000000d02c200000) (1024K)]
  0x0000027f7da7f020 JavaThread "Handler for socket connection from /127.0.0.1:17812 to /127.0.0.1:17813"        [_thread_in_native, id=14324, stack(0x000000d02c200000,0x000000d02c300000) (1024K)]
  0x0000027f7d9f0af0 JavaThread "Cancel handler"                    [_thread_blocked, id=6720, stack(0x000000d02c300000,0x000000d02c400000) (1024K)]
  0x0000027f7d9f1810 JavaThread "Daemon worker"                     [_thread_in_native, id=2740, stack(0x000000d02c400000,0x000000d02c500000) (1024K)]
  0x0000027f7d9f1ea0 JavaThread "Asynchronous log dispatcher for DefaultDaemonConnection: socket connection from /127.0.0.1:17812 to /127.0.0.1:17813"        [_thread_blocked, id=13692, stack(0x000000d02c500000,0x000000d02c600000) (1024K)]
  0x0000027f7d9f1180 JavaThread "Stdin handler"                     [_thread_blocked, id=24388, stack(0x000000d02c600000,0x000000d02c700000) (1024K)]
  0x0000027f7d9f2530 JavaThread "Daemon client event forwarder"        [_thread_blocked, id=25464, stack(0x000000d02c700000,0x000000d02c800000) (1024K)]
  0x0000027f7d9ef0b0 JavaThread "Cache worker for journal cache (C:\Users\LENOVO\.gradle\caches\journal-1)"        [_thread_blocked, id=25512, stack(0x000000d02c800000,0x000000d02c900000) (1024K)]
  0x0000027f7d9ef740 JavaThread "File lock request listener"        [_thread_in_native, id=24984, stack(0x000000d02c900000,0x000000d02ca00000) (1024K)]
  0x0000027f7d9efdd0 JavaThread "Cache worker for file hash cache (C:\Users\LENOVO\.gradle\caches\8.14\fileHashes)"        [_thread_blocked, id=9912, stack(0x000000d02cd00000,0x000000d02ce00000) (1024K)]
  0x0000027f7d9f0460 JavaThread "File lock release action executor"        [_thread_blocked, id=21660, stack(0x000000d02ce00000,0x000000d02cf00000) (1024K)]
  0x0000027f7d8ef870 JavaThread "Cache worker for file hash cache (C:\Users\LENOVO\Desktop\HeliBoard-main\.gradle\8.14\fileHashes)"        [_thread_blocked, id=22968, stack(0x000000d02d000000,0x000000d02d100000) (1024K)]
  0x0000027f7d8eca80 JavaThread "Cache worker for Build Output Cleanup Cache (C:\Users\LENOVO\Desktop\HeliBoard-main\.gradle\buildOutputCleanup)"        [_thread_blocked, id=19072, stack(0x000000d02d100000,0x000000d02d200000) (1024K)]
  0x0000027f7d8ee4c0 JavaThread "File watcher server"        daemon [_thread_in_native, id=7220, stack(0x000000d02d200000,0x000000d02d300000) (1024K)]
  0x0000027f7d8ed7a0 JavaThread "File watcher consumer"      daemon [_thread_blocked, id=23252, stack(0x000000d02d300000,0x000000d02d400000) (1024K)]
  0x0000027f7d8ed110 JavaThread "jar transforms"                    [_thread_blocked, id=9916, stack(0x000000d02d400000,0x000000d02d500000) (1024K)]
  0x0000027f7d8f0590 JavaThread "jar transforms Thread 2"           [_thread_blocked, id=5816, stack(0x000000d02d500000,0x000000d02d600000) (1024K)]
  0x0000027f7d8f12b0 JavaThread "Cache worker for checksums cache (C:\Users\LENOVO\Desktop\HeliBoard-main\.gradle\8.14\checksums)"        [_thread_blocked, id=22512, stack(0x000000d02d600000,0x000000d02d700000) (1024K)]
  0x0000027f7d8f0c20 JavaThread "Cache worker for file content cache (C:\Users\LENOVO\.gradle\caches\8.14\fileContent)"        [_thread_blocked, id=25500, stack(0x000000d02d700000,0x000000d02d800000) (1024K)]
Total: 33

Other Threads:
  0x0000027f36d4c140 VMThread "VM Thread"                           [id=6640, stack(0x000000d02af00000,0x000000d02b000000) (1024K)]
  0x0000027f36d3b330 WatcherThread "VM Periodic Task Thread"        [id=18052, stack(0x000000d02ae00000,0x000000d02af00000) (1024K)]
  0x0000027f20a88950 WorkerThread "GC Thread#0"                     [id=4460, stack(0x000000d02a900000,0x000000d02aa00000) (1024K)]
  0x0000027f7c477110 WorkerThread "GC Thread#1"                     [id=16348, stack(0x000000d02ba00000,0x000000d02bb00000) (1024K)]
  0x0000027f7c43d510 WorkerThread "GC Thread#2"                     [id=13840, stack(0x000000d02bb00000,0x000000d02bc00000) (1024K)]
  0x0000027f7ceae060 WorkerThread "GC Thread#3"                     [id=7036, stack(0x000000d02bc00000,0x000000d02bd00000) (1024K)]
  0x0000027f7cbfb810 WorkerThread "GC Thread#4"                     [id=6372, stack(0x000000d02bd00000,0x000000d02be00000) (1024K)]
  0x0000027f7d932e90 WorkerThread "GC Thread#5"                     [id=9840, stack(0x000000d02ca00000,0x000000d02cb00000) (1024K)]
  0x0000027f7d933240 WorkerThread "GC Thread#6"                     [id=16788, stack(0x000000d02cb00000,0x000000d02cc00000) (1024K)]
  0x0000027f7d3c92c0 WorkerThread "GC Thread#7"                     [id=9896, stack(0x000000d02cc00000,0x000000d02cd00000) (1024K)]
  0x0000027f20a91750 ConcurrentGCThread "G1 Main Marker"            [id=4044, stack(0x000000d02aa00000,0x000000d02ab00000) (1024K)]
  0x0000027f20a93080 WorkerThread "G1 Conc#0"                       [id=8196, stack(0x000000d02ab00000,0x000000d02ac00000) (1024K)]
  0x0000027f7e5a7b00 WorkerThread "G1 Conc#1"                       [id=1920, stack(0x000000d02cf00000,0x000000d02d000000) (1024K)]
  0x0000027f36c110a0 ConcurrentGCThread "G1 Refine#0"               [id=9760, stack(0x000000d02ac00000,0x000000d02ad00000) (1024K)]
  0x0000027f20b06840 ConcurrentGCThread "G1 Service"                [id=15872, stack(0x000000d02ad00000,0x000000d02ae00000) (1024K)]
Total: 15

Threads with active compile tasks:
C2 CompilerThread0  70897 4490       4       jdk.internal.org.objectweb.asm.Frame::setInputFrameFromDescriptor (175 bytes)
Total: 1

VM state: not at safepoint (normal execution)

VM Mutex/Monitor currently owned by a thread: None

Heap address: 0x00000000c0000000, size: 1024 MB, Compressed Oops mode: 32-bit

CDS archive(s) mapped at: [0x0000027f37000000-0x0000027f37ba0000-0x0000027f37ba0000), size 12189696, SharedBaseAddress: 0x0000027f37000000, ArchiveRelocationMode: 1.
Compressed class space mapped at: 0x0000027f38000000-0x0000027f78000000, reserved size: 1073741824
Narrow klass base: 0x0000027f37000000, Narrow klass shift: 0, Narrow klass range: 0x100000000

GC Precious Log:
 CardTable entry size: 512
 Card Set container configuration: InlinePtr #cards 5 size 8 Array Of Cards #cards 12 size 40 Howl #buckets 4 coarsen threshold 1843 Howl Bitmap #cards 512 size 80 coarsen threshold 460 Card regions per heap region 1 cards per card region 2048
 CPUs: 8 total, 8 available
 Memory: 5965M
 Large Page Support: Disabled
 NUMA Support: Disabled
 Compressed Oops: Enabled (32-bit)
 Heap Region Size: 1M
 Heap Min Capacity: 8M
 Heap Initial Capacity: 94M
 Heap Max Capacity: 1G
 Pre-touch: Disabled
 Parallel Workers: 8
 Concurrent Workers: 2
 Concurrent Refinement Workers: 8
 Periodic GC: Disabled

Heap:
 garbage-first heap   total 86016K, used 50123K [0x00000000c0000000, 0x0000000100000000)
  region size 1024K, 26 young (26624K), 7 survivors (7168K)
 Metaspace       used 34934K, committed 35968K, reserved 1114112K
  class space    used 5048K, committed 5568K, reserved 1048576K

Heap Regions: E=young(eden), S=young(survivor), O=old, HS=humongous(starts), HC=humongous(continues), CS=collection set, F=free, TAMS=top-at-mark-start, PB=parsable bottom
|   0|0x00000000c0000000, 0x00000000c0100000, 0x00000000c0100000|100%|HS|  |TAMS 0x00000000c0000000| PB 0x00000000c0000000| Complete 
|   1|0x00000000c0100000, 0x00000000c0200000, 0x00000000c0200000|100%|HC|  |TAMS 0x00000000c0100000| PB 0x00000000c0100000| Complete 
|   2|0x00000000c0200000, 0x00000000c0300000, 0x00000000c0300000|100%|HC|  |TAMS 0x00000000c0200000| PB 0x00000000c0200000| Complete 
|   3|0x00000000c0300000, 0x00000000c0400000, 0x00000000c0400000|100%| O|  |TAMS 0x00000000c0300000| PB 0x00000000c0300000| Untracked 
|   4|0x00000000c0400000, 0x00000000c0500000, 0x00000000c0500000|100%| O|  |TAMS 0x00000000c0400000| PB 0x00000000c0400000| Untracked 
|   5|0x00000000c0500000, 0x00000000c0600000, 0x00000000c0600000|100%| O|  |TAMS 0x00000000c0500000| PB 0x00000000c0500000| Untracked 
|   6|0x00000000c0600000, 0x00000000c0700000, 0x00000000c0700000|100%|HS|  |TAMS 0x00000000c0600000| PB 0x00000000c0600000| Complete 
|   7|0x00000000c0700000, 0x00000000c0800000, 0x00000000c0800000|100%| O|  |TAMS 0x00000000c0700000| PB 0x00000000c0700000| Untracked 
|   8|0x00000000c0800000, 0x00000000c0900000, 0x00000000c0900000|100%| O|  |TAMS 0x00000000c0800000| PB 0x00000000c0800000| Untracked 
|   9|0x00000000c0900000, 0x00000000c0a00000, 0x00000000c0a00000|100%| O|  |TAMS 0x00000000c0900000| PB 0x00000000c0900000| Untracked 
|  10|0x00000000c0a00000, 0x00000000c0b00000, 0x00000000c0b00000|100%| O|  |TAMS 0x00000000c0a00000| PB 0x00000000c0a00000| Untracked 
|  11|0x00000000c0b00000, 0x00000000c0c00000, 0x00000000c0c00000|100%| O|  |TAMS 0x00000000c0b00000| PB 0x00000000c0b00000| Untracked 
|  12|0x00000000c0c00000, 0x00000000c0c00000, 0x00000000c0d00000|  0%| F|  |TAMS 0x00000000c0c00000| PB 0x00000000c0c00000| Untracked 
|  13|0x00000000c0d00000, 0x00000000c0e00000, 0x00000000c0e00000|100%| O|  |TAMS 0x00000000c0d00000| PB 0x00000000c0d00000| Untracked 
|  14|0x00000000c0e00000, 0x00000000c0f00000, 0x00000000c0f00000|100%| O|  |TAMS 0x00000000c0e00000| PB 0x00000000c0e00000| Untracked 
|  15|0x00000000c0f00000, 0x00000000c1000000, 0x00000000c1000000|100%| O|  |TAMS 0x00000000c0f00000| PB 0x00000000c0f00000| Untracked 
|  16|0x00000000c1000000, 0x00000000c1100000, 0x00000000c1100000|100%| O|  |TAMS 0x00000000c1000000| PB 0x00000000c1000000| Untracked 
|  17|0x00000000c1100000, 0x00000000c1200000, 0x00000000c1200000|100%| O|  |TAMS 0x00000000c1100000| PB 0x00000000c1100000| Untracked 
|  18|0x00000000c1200000, 0x00000000c1300000, 0x00000000c1300000|100%| O|  |TAMS 0x00000000c1200000| PB 0x00000000c1200000| Untracked 
|  19|0x00000000c1300000, 0x00000000c1400000, 0x00000000c1400000|100%| O|  |TAMS 0x00000000c1300000| PB 0x00000000c1300000| Untracked 
|  20|0x00000000c1400000, 0x00000000c1500000, 0x00000000c1500000|100%| O|  |TAMS 0x00000000c1400000| PB 0x00000000c1400000| Untracked 
|  21|0x00000000c1500000, 0x00000000c1600000, 0x00000000c1600000|100%| O|  |TAMS 0x00000000c1500000| PB 0x00000000c1500000| Untracked 
|  22|0x00000000c1600000, 0x00000000c1700000, 0x00000000c1700000|100%| O|  |TAMS 0x00000000c1600000| PB 0x00000000c1600000| Untracked 
|  23|0x00000000c1700000, 0x00000000c1800000, 0x00000000c1800000|100%| O|  |TAMS 0x00000000c1700000| PB 0x00000000c1700000| Untracked 
|  24|0x00000000c1800000, 0x00000000c18f2de8, 0x00000000c1900000| 94%| O|  |TAMS 0x00000000c1800000| PB 0x00000000c1800000| Untracked 
|  25|0x00000000c1900000, 0x00000000c1900000, 0x00000000c1a00000|  0%| F|  |TAMS 0x00000000c1900000| PB 0x00000000c1900000| Untracked 
|  26|0x00000000c1a00000, 0x00000000c1a00000, 0x00000000c1b00000|  0%| F|  |TAMS 0x00000000c1a00000| PB 0x00000000c1a00000| Untracked 
|  27|0x00000000c1b00000, 0x00000000c1b00000, 0x00000000c1c00000|  0%| F|  |TAMS 0x00000000c1b00000| PB 0x00000000c1b00000| Untracked 
|  28|0x00000000c1c00000, 0x00000000c1c00000, 0x00000000c1d00000|  0%| F|  |TAMS 0x00000000c1c00000| PB 0x00000000c1c00000| Untracked 
|  29|0x00000000c1d00000, 0x00000000c1d00000, 0x00000000c1e00000|  0%| F|  |TAMS 0x00000000c1d00000| PB 0x00000000c1d00000| Untracked 
|  30|0x00000000c1e00000, 0x00000000c1e00000, 0x00000000c1f00000|  0%| F|  |TAMS 0x00000000c1e00000| PB 0x00000000c1e00000| Untracked 
|  31|0x00000000c1f00000, 0x00000000c1f00000, 0x00000000c2000000|  0%| F|  |TAMS 0x00000000c1f00000| PB 0x00000000c1f00000| Untracked 
|  32|0x00000000c2000000, 0x00000000c2000000, 0x00000000c2100000|  0%| F|  |TAMS 0x00000000c2000000| PB 0x00000000c2000000| Untracked 
|  33|0x00000000c2100000, 0x00000000c2100000, 0x00000000c2200000|  0%| F|  |TAMS 0x00000000c2100000| PB 0x00000000c2100000| Untracked 
|  34|0x00000000c2200000, 0x00000000c2300000, 0x00000000c2300000|100%| S|CS|TAMS 0x00000000c2200000| PB 0x00000000c2200000| Complete 
|  35|0x00000000c2300000, 0x00000000c2400000, 0x00000000c2400000|100%| S|CS|TAMS 0x00000000c2300000| PB 0x00000000c2300000| Complete 
|  36|0x00000000c2400000, 0x00000000c2500000, 0x00000000c2500000|100%| S|CS|TAMS 0x00000000c2400000| PB 0x00000000c2400000| Complete 
|  37|0x00000000c2500000, 0x00000000c2600000, 0x00000000c2600000|100%| S|CS|TAMS 0x00000000c2500000| PB 0x00000000c2500000| Complete 
|  38|0x00000000c2600000, 0x00000000c2700000, 0x00000000c2700000|100%| S|CS|TAMS 0x00000000c2600000| PB 0x00000000c2600000| Complete 
|  39|0x00000000c2700000, 0x00000000c2800000, 0x00000000c2800000|100%| S|CS|TAMS 0x00000000c2700000| PB 0x00000000c2700000| Complete 
|  40|0x00000000c2800000, 0x00000000c2900000, 0x00000000c2900000|100%| S|CS|TAMS 0x00000000c2800000| PB 0x00000000c2800000| Complete 
|  41|0x00000000c2900000, 0x00000000c2900000, 0x00000000c2a00000|  0%| F|  |TAMS 0x00000000c2900000| PB 0x00000000c2900000| Untracked 
|  42|0x00000000c2a00000, 0x00000000c2a00000, 0x00000000c2b00000|  0%| F|  |TAMS 0x00000000c2a00000| PB 0x00000000c2a00000| Untracked 
|  43|0x00000000c2b00000, 0x00000000c2b00000, 0x00000000c2c00000|  0%| F|  |TAMS 0x00000000c2b00000| PB 0x00000000c2b00000| Untracked 
|  44|0x00000000c2c00000, 0x00000000c2c00000, 0x00000000c2d00000|  0%| F|  |TAMS 0x00000000c2c00000| PB 0x00000000c2c00000| Untracked 
|  45|0x00000000c2d00000, 0x00000000c2d00000, 0x00000000c2e00000|  0%| F|  |TAMS 0x00000000c2d00000| PB 0x00000000c2d00000| Untracked 
|  46|0x00000000c2e00000, 0x00000000c2e00000, 0x00000000c2f00000|  0%| F|  |TAMS 0x00000000c2e00000| PB 0x00000000c2e00000| Untracked 
|  47|0x00000000c2f00000, 0x00000000c2f00000, 0x00000000c3000000|  0%| F|  |TAMS 0x00000000c2f00000| PB 0x00000000c2f00000| Untracked 
|  48|0x00000000c3000000, 0x00000000c3000000, 0x00000000c3100000|  0%| F|  |TAMS 0x00000000c3000000| PB 0x00000000c3000000| Untracked 
|  49|0x00000000c3100000, 0x00000000c3100000, 0x00000000c3200000|  0%| F|  |TAMS 0x00000000c3100000| PB 0x00000000c3100000| Untracked 
|  50|0x00000000c3200000, 0x00000000c3200000, 0x00000000c3300000|  0%| F|  |TAMS 0x00000000c3200000| PB 0x00000000c3200000| Untracked 
|  51|0x00000000c3300000, 0x00000000c3300000, 0x00000000c3400000|  0%| F|  |TAMS 0x00000000c3300000| PB 0x00000000c3300000| Untracked 
|  52|0x00000000c3400000, 0x00000000c3400000, 0x00000000c3500000|  0%| F|  |TAMS 0x00000000c3400000| PB 0x00000000c3400000| Untracked 
|  53|0x00000000c3500000, 0x00000000c3500000, 0x00000000c3600000|  0%| F|  |TAMS 0x00000000c3500000| PB 0x00000000c3500000| Untracked 
|  54|0x00000000c3600000, 0x00000000c3600000, 0x00000000c3700000|  0%| F|  |TAMS 0x00000000c3600000| PB 0x00000000c3600000| Untracked 
|  55|0x00000000c3700000, 0x00000000c3700000, 0x00000000c3800000|  0%| F|  |TAMS 0x00000000c3700000| PB 0x00000000c3700000| Untracked 
|  56|0x00000000c3800000, 0x00000000c3800000, 0x00000000c3900000|  0%| F|  |TAMS 0x00000000c3800000| PB 0x00000000c3800000| Untracked 
|  57|0x00000000c3900000, 0x00000000c3900000, 0x00000000c3a00000|  0%| F|  |TAMS 0x00000000c3900000| PB 0x00000000c3900000| Untracked 
|  58|0x00000000c3a00000, 0x00000000c3a00000, 0x00000000c3b00000|  0%| F|  |TAMS 0x00000000c3a00000| PB 0x00000000c3a00000| Untracked 
|  59|0x00000000c3b00000, 0x00000000c3b00000, 0x00000000c3c00000|  0%| F|  |TAMS 0x00000000c3b00000| PB 0x00000000c3b00000| Untracked 
|  60|0x00000000c3c00000, 0x00000000c3c00000, 0x00000000c3d00000|  0%| F|  |TAMS 0x00000000c3c00000| PB 0x00000000c3c00000| Untracked 
|  61|0x00000000c3d00000, 0x00000000c3d00000, 0x00000000c3e00000|  0%| F|  |TAMS 0x00000000c3d00000| PB 0x00000000c3d00000| Untracked 
|  62|0x00000000c3e00000, 0x00000000c3e00000, 0x00000000c3f00000|  0%| F|  |TAMS 0x00000000c3e00000| PB 0x00000000c3e00000| Untracked 
|  63|0x00000000c3f00000, 0x00000000c3f00000, 0x00000000c4000000|  0%| F|  |TAMS 0x00000000c3f00000| PB 0x00000000c3f00000| Untracked 
|  64|0x00000000c4000000, 0x00000000c4000000, 0x00000000c4100000|  0%| F|  |TAMS 0x00000000c4000000| PB 0x00000000c4000000| Untracked 
|  65|0x00000000c4100000, 0x00000000c41b8778, 0x00000000c4200000| 72%| E|  |TAMS 0x00000000c4100000| PB 0x00000000c4100000| Complete 
|  66|0x00000000c4200000, 0x00000000c4300000, 0x00000000c4300000|100%| E|CS|TAMS 0x00000000c4200000| PB 0x00000000c4200000| Complete 
|  67|0x00000000c4300000, 0x00000000c4400000, 0x00000000c4400000|100%| E|CS|TAMS 0x00000000c4300000| PB 0x00000000c4300000| Complete 
|  68|0x00000000c4400000, 0x00000000c4500000, 0x00000000c4500000|100%| E|CS|TAMS 0x00000000c4400000| PB 0x00000000c4400000| Complete 
|  69|0x00000000c4500000, 0x00000000c4600000, 0x00000000c4600000|100%| E|CS|TAMS 0x00000000c4500000| PB 0x00000000c4500000| Complete 
|  70|0x00000000c4600000, 0x00000000c4700000, 0x00000000c4700000|100%| E|CS|TAMS 0x00000000c4600000| PB 0x00000000c4600000| Complete 
|  71|0x00000000c4700000, 0x00000000c4800000, 0x00000000c4800000|100%| E|CS|TAMS 0x00000000c4700000| PB 0x00000000c4700000| Complete 
|  72|0x00000000c4800000, 0x00000000c4900000, 0x00000000c4900000|100%| E|CS|TAMS 0x00000000c4800000| PB 0x00000000c4800000| Complete 
|  73|0x00000000c4900000, 0x00000000c4a00000, 0x00000000c4a00000|100%| E|CS|TAMS 0x00000000c4900000| PB 0x00000000c4900000| Complete 
|  74|0x00000000c4a00000, 0x00000000c4b00000, 0x00000000c4b00000|100%| E|CS|TAMS 0x00000000c4a00000| PB 0x00000000c4a00000| Complete 
|  75|0x00000000c4b00000, 0x00000000c4c00000, 0x00000000c4c00000|100%| E|CS|TAMS 0x00000000c4b00000| PB 0x00000000c4b00000| Complete 
|  76|0x00000000c4c00000, 0x00000000c4d00000, 0x00000000c4d00000|100%| E|CS|TAMS 0x00000000c4c00000| PB 0x00000000c4c00000| Complete 
|  77|0x00000000c4d00000, 0x00000000c4e00000, 0x00000000c4e00000|100%| E|CS|TAMS 0x00000000c4d00000| PB 0x00000000c4d00000| Complete 
|  78|0x00000000c4e00000, 0x00000000c4f00000, 0x00000000c4f00000|100%| E|CS|TAMS 0x00000000c4e00000| PB 0x00000000c4e00000| Complete 
|  79|0x00000000c4f00000, 0x00000000c5000000, 0x00000000c5000000|100%| E|CS|TAMS 0x00000000c4f00000| PB 0x00000000c4f00000| Complete 
|  80|0x00000000c5000000, 0x00000000c5100000, 0x00000000c5100000|100%| E|CS|TAMS 0x00000000c5000000| PB 0x00000000c5000000| Complete 
|  81|0x00000000c5100000, 0x00000000c5200000, 0x00000000c5200000|100%| E|CS|TAMS 0x00000000c5100000| PB 0x00000000c5100000| Complete 
|  82|0x00000000c5200000, 0x00000000c5300000, 0x00000000c5300000|100%| E|CS|TAMS 0x00000000c5200000| PB 0x00000000c5200000| Complete 
|  93|0x00000000c5d00000, 0x00000000c5e00000, 0x00000000c5e00000|100%| E|CS|TAMS 0x00000000c5d00000| PB 0x00000000c5d00000| Complete 

Card table byte_map: [0x0000027f33180000,0x0000027f33380000] _byte_map_base: 0x0000027f32b80000

Marking Bits: (CMBitMap*) 0x0000027f20a88e70
 Bits: [0x0000027f33380000, 0x0000027f34380000)

Polling page: 0x0000027f1ea30000

Metaspace:

Usage:
  Non-class:     29.19 MB used.
      Class:      4.93 MB used.
       Both:     34.12 MB used.

Virtual space:
  Non-class space:       64.00 MB reserved,      29.69 MB ( 46%) committed,  1 nodes.
      Class space:        1.00 GB reserved,       5.44 MB ( <1%) committed,  1 nodes.
             Both:        1.06 GB reserved,      35.12 MB (  3%) committed. 

Chunk freelists:
   Non-Class:  1.81 MB
       Class:  10.54 MB
        Both:  12.35 MB

MaxMetaspaceSize: unlimited
CompressedClassSpaceSize: 1.00 GB
Initial GC threshold: 21.00 MB
Current GC threshold: 35.31 MB
CDS: on
 - commit_granule_bytes: 65536.
 - commit_granule_words: 8192.
 - virtual_space_node_default_size: 8388608.
 - enlarge_chunks_in_place: 1.
 - use_allocation_guard: 0.


Internal statistics:

num_allocs_failed_limit: 3.
num_arena_births: 1774.
num_arena_deaths: 0.
num_vsnodes_births: 2.
num_vsnodes_deaths: 0.
num_space_committed: 562.
num_space_uncommitted: 0.
num_chunks_returned_to_freelist: 3.
num_chunks_taken_from_freelist: 3286.
num_chunk_merges: 3.
num_chunk_splits: 2113.
num_chunks_enlarged: 1306.
num_inconsistent_stats: 0.

CodeHeap 'non-profiled nmethods': size=120000Kb used=2537Kb max_used=2537Kb free=117462Kb
 bounds [0x0000027f2b720000, 0x0000027f2b9a0000, 0x0000027f32c50000]
CodeHeap 'profiled nmethods': size=120000Kb used=8992Kb max_used=8992Kb free=111007Kb
 bounds [0x0000027f23c50000, 0x0000027f24520000, 0x0000027f2b180000]
CodeHeap 'non-nmethods': size=5760Kb used=1811Kb max_used=1852Kb free=3948Kb
 bounds [0x0000027f2b180000, 0x0000027f2b3f0000, 0x0000027f2b720000]
CodeCache: size=245760Kb, used=13340Kb, max_used=13381Kb, free=232417Kb
 total_blobs=5178, nmethods=4490, adapters=592, full_count=0
Compilation: enabled, stopped_count=0, restarted_count=0

Compilation events (20 events):
Event: 70.282 Thread 0x0000027f36de4d50 nmethod 4482 0x0000027f2450ee10 code [0x0000027f2450efa0, 0x0000027f2450f098]
Event: 70.282 Thread 0x0000027f36de4d50 4484       3       org.gradle.internal.remote.internal.inet.MultiChoiceAddress::hashCode (8 bytes)
Event: 70.282 Thread 0x0000027f36de4d50 nmethod 4484 0x0000027f2450f110 code [0x0000027f2450f2c0, 0x0000027f2450f470]
Event: 70.282 Thread 0x0000027f36de4d50 4485       3       java.util.UUID::hashCode (13 bytes)
Event: 70.283 Thread 0x0000027f36de4d50 nmethod 4485 0x0000027f2450f590 code [0x0000027f2450f740, 0x0000027f2450f888]
Event: 70.302 Thread 0x0000027f36d72d90 nmethod 4483 0x0000027f2b997190 code [0x0000027f2b9973e0, 0x0000027f2b9981a0]
Event: 70.303 Thread 0x0000027f36d72d90 4486       4       java.io.File::compareTo (9 bytes)
Event: 70.313 Thread 0x0000027f36d72d90 nmethod 4486 0x0000027f2b998810 code [0x0000027f2b9989c0, 0x0000027f2b998eb0]
Event: 70.313 Thread 0x0000027f36d72d90 4487       4       java.io.WinNTFileSystem::compare (12 bytes)
Event: 70.322 Thread 0x0000027f36d72d90 nmethod 4487 0x0000027f2b999310 code [0x0000027f2b9994e0, 0x0000027f2b9999e0]
Event: 70.749 Thread 0x0000027f36d72d90 4488       4       jdk.internal.org.objectweb.asm.Attribute::computeAttributesSize (62 bytes)
Event: 70.750 Thread 0x0000027f36d72d90 nmethod 4488 0x0000027f2b999e10 code [0x0000027f2b999fa0, 0x0000027f2b99a090]
Event: 70.751 Thread 0x0000027f36d72d90 4489       4       jdk.internal.org.objectweb.asm.AnnotationWriter::computeAnnotationsSize (66 bytes)
Event: 70.752 Thread 0x0000027f36d72d90 nmethod 4489 0x0000027f2b99a190 code [0x0000027f2b99a320, 0x0000027f2b99a440]
Event: 70.769 Thread 0x0000027f36d72d90 4490       4       jdk.internal.org.objectweb.asm.Frame::setInputFrameFromDescriptor (175 bytes)
Event: 70.839 Thread 0x0000027f36de4d50 4492       3       java.lang.reflect.ProxyGenerator$ProxyMethod::generateMethod (548 bytes)
Event: 70.843 Thread 0x0000027f36de4d50 nmethod 4492 0x0000027f2450f910 code [0x0000027f2450ff00, 0x0000027f245130b0]
Event: 70.843 Thread 0x0000027f36de4d50 4495       3       java.lang.reflect.ProxyGenerator$ProxyMethod::codeFieldInitialization (159 bytes)
Event: 70.844 Thread 0x0000027f36de4d50 nmethod 4495 0x0000027f24514010 code [0x0000027f245142c0, 0x0000027f24514db0]
Event: 70.844 Thread 0x0000027f36de4d50 4494       3       java.lang.reflect.ProxyGenerator::computeUniqueCatchList (163 bytes)

GC Heap History (14 events):
Event: 7.351 GC heap before
{Heap before GC invocations=0 (full 0):
 garbage-first heap   total 96256K, used 22528K [0x00000000c0000000, 0x0000000100000000)
  region size 1024K, 23 young (23552K), 0 survivors (0K)
 Metaspace       used 946K, committed 1088K, reserved 1114112K
  class space    used 73K, committed 128K, reserved 1048576K
}
Event: 7.507 GC heap after
{Heap after GC invocations=1 (full 0):
 garbage-first heap   total 96256K, used 1536K [0x00000000c0000000, 0x0000000100000000)
  region size 1024K, 2 young (2048K), 2 survivors (2048K)
 Metaspace       used 946K, committed 1088K, reserved 1114112K
  class space    used 73K, committed 128K, reserved 1048576K
}
Event: 15.385 GC heap before
{Heap before GC invocations=1 (full 0):
 garbage-first heap   total 96256K, used 39424K [0x00000000c0000000, 0x0000000100000000)
  region size 1024K, 37 young (37888K), 2 survivors (2048K)
 Metaspace       used 4398K, committed 4544K, reserved 1114112K
  class space    used 559K, committed 640K, reserved 1048576K
}
Event: 15.397 GC heap after
{Heap after GC invocations=2 (full 0):
 garbage-first heap   total 96256K, used 10755K [0x00000000c0000000, 0x0000000100000000)
  region size 1024K, 5 young (5120K), 5 survivors (5120K)
 Metaspace       used 4398K, committed 4544K, reserved 1114112K
  class space    used 559K, committed 640K, reserved 1048576K
}
Event: 19.318 GC heap before
{Heap before GC invocations=2 (full 0):
 garbage-first heap   total 96256K, used 55811K [0x00000000c0000000, 0x0000000100000000)
  region size 1024K, 47 young (48128K), 5 survivors (5120K)
 Metaspace       used 4618K, committed 4864K, reserved 1114112K
  class space    used 583K, committed 704K, reserved 1048576K
}
Event: 19.327 GC heap after
{Heap after GC invocations=3 (full 0):
 garbage-first heap   total 96256K, used 16097K [0x00000000c0000000, 0x0000000100000000)
  region size 1024K, 4 young (4096K), 4 survivors (4096K)
 Metaspace       used 4618K, committed 4864K, reserved 1114112K
  class space    used 583K, committed 704K, reserved 1048576K
}
Event: 37.673 GC heap before
{Heap before GC invocations=3 (full 0):
 garbage-first heap   total 96256K, used 69345K [0x00000000c0000000, 0x0000000100000000)
  region size 1024K, 56 young (57344K), 4 survivors (4096K)
 Metaspace       used 15053K, committed 15552K, reserved 1114112K
  class space    used 2094K, committed 2304K, reserved 1048576K
}
Event: 37.758 GC heap after
{Heap after GC invocations=4 (full 0):
 garbage-first heap   total 96256K, used 21467K [0x00000000c0000000, 0x0000000100000000)
  region size 1024K, 6 young (6144K), 6 survivors (6144K)
 Metaspace       used 15053K, committed 15552K, reserved 1114112K
  class space    used 2094K, committed 2304K, reserved 1048576K
}
Event: 51.936 GC heap before
{Heap before GC invocations=4 (full 0):
 garbage-first heap   total 96256K, used 65499K [0x00000000c0000000, 0x0000000100000000)
  region size 1024K, 50 young (51200K), 6 survivors (6144K)
 Metaspace       used 20855K, committed 21504K, reserved 1114112K
  class space    used 3068K, committed 3392K, reserved 1048576K
}
Event: 51.955 GC heap after
{Heap after GC invocations=5 (full 0):
 garbage-first heap   total 96256K, used 24688K [0x00000000c0000000, 0x0000000100000000)
  region size 1024K, 4 young (4096K), 4 survivors (4096K)
 Metaspace       used 20855K, committed 21504K, reserved 1114112K
  class space    used 3068K, committed 3392K, reserved 1048576K
}
Event: 60.396 GC heap before
{Heap before GC invocations=6 (full 0):
 garbage-first heap   total 86016K, used 71792K [0x00000000c0000000, 0x0000000100000000)
  region size 1024K, 50 young (51200K), 4 survivors (4096K)
 Metaspace       used 27112K, committed 28096K, reserved 1114112K
  class space    used 4053K, committed 4544K, reserved 1048576K
}
Event: 60.406 GC heap after
{Heap after GC invocations=7 (full 0):
 garbage-first heap   total 86016K, used 27015K [0x00000000c0000000, 0x0000000100000000)
  region size 1024K, 6 young (6144K), 6 survivors (6144K)
 Metaspace       used 27112K, committed 28096K, reserved 1114112K
  class space    used 4053K, committed 4544K, reserved 1048576K
}
Event: 65.958 GC heap before
{Heap before GC invocations=7 (full 0):
 garbage-first heap   total 86016K, used 70023K [0x00000000c0000000, 0x0000000100000000)
  region size 1024K, 49 young (50176K), 6 survivors (6144K)
 Metaspace       used 32657K, committed 33664K, reserved 1114112K
  class space    used 4655K, committed 5120K, reserved 1048576K
}
Event: 65.969 GC heap after
{Heap after GC invocations=8 (full 0):
 garbage-first heap   total 86016K, used 31691K [0x00000000c0000000, 0x0000000100000000)
  region size 1024K, 7 young (7168K), 7 survivors (7168K)
 Metaspace       used 32657K, committed 33664K, reserved 1114112K
  class space    used 4655K, committed 5120K, reserved 1048576K
}

Dll operation events (20 events):
Event: 2.340 Attempting to load shared library C:\Users\LENOVO\.antigravity-ide\extensions\redhat.java-1.56.0-win32-x64\jre\21.0.12.1-win32-x86_64\bin\nio.dll
Event: 2.342 Loaded shared library C:\Users\LENOVO\.antigravity-ide\extensions\redhat.java-1.56.0-win32-x64\jre\21.0.12.1-win32-x86_64\bin\nio.dll
Event: 2.470 Attempting to load shared library C:\Users\LENOVO\.antigravity-ide\extensions\redhat.java-1.56.0-win32-x64\jre\21.0.12.1-win32-x86_64\bin\zip.dll
Event: 2.470 Loaded shared library C:\Users\LENOVO\.antigravity-ide\extensions\redhat.java-1.56.0-win32-x64\jre\21.0.12.1-win32-x86_64\bin\zip.dll
Event: 7.003 Attempting to load shared library C:\Users\LENOVO\.antigravity-ide\extensions\redhat.java-1.56.0-win32-x64\jre\21.0.12.1-win32-x86_64\bin\jimage.dll
Event: 7.004 Loaded shared library C:\Users\LENOVO\.antigravity-ide\extensions\redhat.java-1.56.0-win32-x64\jre\21.0.12.1-win32-x86_64\bin\jimage.dll
Event: 9.598 Attempting to load shared library C:\Users\LENOVO\.antigravity-ide\extensions\redhat.java-1.56.0-win32-x64\jre\21.0.12.1-win32-x86_64\bin\verify.dll
Event: 9.603 Loaded shared library C:\Users\LENOVO\.antigravity-ide\extensions\redhat.java-1.56.0-win32-x64\jre\21.0.12.1-win32-x86_64\bin\verify.dll
Event: 10.508 Attempting to load shared library C:\Users\LENOVO\.gradle\native\1def1411415f61bf3af743bc5b6707747c0891f09f0c88961ee8f79bc544acac\windows-amd64\native-platform.dll
Event: 10.552 Loaded shared library C:\Users\LENOVO\.gradle\native\1def1411415f61bf3af743bc5b6707747c0891f09f0c88961ee8f79bc544acac\windows-amd64\native-platform.dll
Event: 10.639 Attempting to load shared library C:\Users\LENOVO\.gradle\native\0.2.7\x86_64-windows-gnu\gradle-fileevents.dll
Event: 10.652 Loaded shared library C:\Users\LENOVO\.gradle\native\0.2.7\x86_64-windows-gnu\gradle-fileevents.dll
Event: 21.940 Attempting to load shared library C:\Users\LENOVO\.antigravity-ide\extensions\redhat.java-1.56.0-win32-x64\jre\21.0.12.1-win32-x86_64\bin\management.dll
Event: 21.949 Loaded shared library C:\Users\LENOVO\.antigravity-ide\extensions\redhat.java-1.56.0-win32-x64\jre\21.0.12.1-win32-x86_64\bin\management.dll
Event: 21.958 Attempting to load shared library C:\Users\LENOVO\.antigravity-ide\extensions\redhat.java-1.56.0-win32-x64\jre\21.0.12.1-win32-x86_64\bin\management_ext.dll
Event: 21.981 Loaded shared library C:\Users\LENOVO\.antigravity-ide\extensions\redhat.java-1.56.0-win32-x64\jre\21.0.12.1-win32-x86_64\bin\management_ext.dll
Event: 25.525 Attempting to load shared library C:\Users\LENOVO\.antigravity-ide\extensions\redhat.java-1.56.0-win32-x64\jre\21.0.12.1-win32-x86_64\bin\extnet.dll
Event: 25.527 Loaded shared library C:\Users\LENOVO\.antigravity-ide\extensions\redhat.java-1.56.0-win32-x64\jre\21.0.12.1-win32-x86_64\bin\extnet.dll
Event: 29.794 Attempting to load shared library C:\Users\LENOVO\.antigravity-ide\extensions\redhat.java-1.56.0-win32-x64\jre\21.0.12.1-win32-x86_64\bin\sunmscapi.dll
Event: 29.867 Loaded shared library C:\Users\LENOVO\.antigravity-ide\extensions\redhat.java-1.56.0-win32-x64\jre\21.0.12.1-win32-x86_64\bin\sunmscapi.dll

Deoptimization events (20 events):
Event: 68.522 Thread 0x0000027f7d9f1810 Uncommon trap: trap_request=0xffffffc6 fr.pc=0x0000027f2b947c40 relative=0x0000000000000880
Event: 68.522 Thread 0x0000027f7d9f1810 Uncommon trap: reason=bimorphic_or_optimized_type_check action=maybe_recompile pc=0x0000027f2b947c40 method=java.util.regex.Pattern$Start.match(Ljava/util/regex/Matcher;ILjava/lang/CharSequence;)Z @ 44 c2
Event: 68.522 Thread 0x0000027f7d9f1810 DEOPT PACKING pc=0x0000027f2b947c40 sp=0x000000d02c4f85a0
Event: 68.522 Thread 0x0000027f7d9f1810 DEOPT UNPACKING pc=0x0000027f2b1d4422 sp=0x000000d02c4f8478 mode 2
Event: 68.529 Thread 0x0000027f7d9f1810 Uncommon trap: trap_request=0xffffffc6 fr.pc=0x0000027f2b947c40 relative=0x0000000000000880
Event: 68.529 Thread 0x0000027f7d9f1810 Uncommon trap: reason=bimorphic_or_optimized_type_check action=maybe_recompile pc=0x0000027f2b947c40 method=java.util.regex.Pattern$Start.match(Ljava/util/regex/Matcher;ILjava/lang/CharSequence;)Z @ 44 c2
Event: 68.529 Thread 0x0000027f7d9f1810 DEOPT PACKING pc=0x0000027f2b947c40 sp=0x000000d02c4f85a0
Event: 68.529 Thread 0x0000027f7d9f1810 DEOPT UNPACKING pc=0x0000027f2b1d4422 sp=0x000000d02c4f8478 mode 2
Event: 68.552 Thread 0x0000027f7d9f1810 Uncommon trap: trap_request=0xffffffde fr.pc=0x0000027f2b920c78 relative=0x0000000000001cd8
Event: 68.552 Thread 0x0000027f7d9f1810 Uncommon trap: reason=class_check action=maybe_recompile pc=0x0000027f2b920c78 method=jdk.internal.loader.URLClassPath.getLoader(I)Ljdk/internal/loader/URLClassPath$Loader; @ 190 c2
Event: 68.552 Thread 0x0000027f7d9f1810 DEOPT PACKING pc=0x0000027f2b920c78 sp=0x000000d02c4f7fe0
Event: 68.552 Thread 0x0000027f7d9f1810 DEOPT UNPACKING pc=0x0000027f2b1d4422 sp=0x000000d02c4f7fd0 mode 2
Event: 68.552 Thread 0x0000027f7d9f1810 Uncommon trap: trap_request=0xffffffde fr.pc=0x0000027f2b961144 relative=0x0000000000004224
Event: 68.552 Thread 0x0000027f7d9f1810 Uncommon trap: reason=class_check action=maybe_recompile pc=0x0000027f2b961144 method=jdk.internal.loader.URLClassPath.getResource(Ljava/lang/String;Z)Ljdk/internal/loader/Resource; @ 53 c2
Event: 68.552 Thread 0x0000027f7d9f1810 DEOPT PACKING pc=0x0000027f2b961144 sp=0x000000d02c4f80a0
Event: 68.552 Thread 0x0000027f7d9f1810 DEOPT UNPACKING pc=0x0000027f2b1d4422 sp=0x000000d02c4f7ec0 mode 2
Event: 69.524 Thread 0x0000027f7d9f1810 Uncommon trap: trap_request=0xffffffcc fr.pc=0x0000027f2b8e0de4 relative=0x00000000000020e4
Event: 69.524 Thread 0x0000027f7d9f1810 Uncommon trap: reason=intrinsic_or_type_checked_inlining action=make_not_entrant pc=0x0000027f2b8e0de4 method=java.util.ArrayList$SubList.toArray([Ljava/lang/Object;)[Ljava/lang/Object; @ 58 c2
Event: 69.524 Thread 0x0000027f7d9f1810 DEOPT PACKING pc=0x0000027f2b8e0de4 sp=0x000000d02c4f89b0
Event: 69.524 Thread 0x0000027f7d9f1810 DEOPT UNPACKING pc=0x0000027f2b1d4422 sp=0x000000d02c4f88e8 mode 2

Classes loaded (20 events):
Event: 65.812 Loading class java/util/WeakHashMap$HashIterator done
Event: 65.812 Loading class java/util/WeakHashMap$KeyIterator done
Event: 65.926 Loading class sun/nio/fs/WindowsPath$1
Event: 65.926 Loading class sun/nio/fs/WindowsPath$1 done
Event: 65.931 Loading class sun/nio/fs/WindowsException
Event: 65.931 Loading class sun/nio/fs/WindowsException done
Event: 65.995 Loading class java/io/StringReader
Event: 65.996 Loading class java/io/StringReader done
Event: 66.033 Loading class java/math/MutableBigInteger
Event: 66.035 Loading class java/math/MutableBigInteger done
Event: 66.739 Loading class java/nio/charset/CharacterCodingException
Event: 66.740 Loading class java/nio/charset/CharacterCodingException done
Event: 67.026 Loading class java/util/stream/Streams$RangeIntSpliterator
Event: 67.027 Loading class java/util/stream/Streams$RangeIntSpliterator done
Event: 68.140 Loading class jdk/internal/loader/URLClassPath$FileLoader
Event: 68.142 Loading class jdk/internal/loader/URLClassPath$FileLoader done
Event: 68.144 Loading class jdk/internal/loader/URLClassPath$FileLoader$1
Event: 68.144 Loading class jdk/internal/loader/URLClassPath$FileLoader$1 done
Event: 68.302 Loading class java/lang/ProcessBuilder
Event: 68.303 Loading class java/lang/ProcessBuilder done

Classes unloaded (0 events):
No events

Classes redefined (0 events):
No events

Internal exceptions (20 events):
Event: 68.057 Thread 0x0000027f7d9f1810 Exception <a 'java/lang/NoSuchMethodError'{0x00000000c4b8d490}: 'void java.lang.invoke.DelegatingMethodHandle$Holder.reinvoke_L(java.lang.Object, java.lang.Object, java.lang.Object, java.lang.Object, java.lang.Object, java.lang.Object, java.lang.Object)'> (0x00000000c4b8d490) 
thrown [s\src\hotspot\share\interpreter\linkResolver.cpp, line 773]
Event: 68.301 Thread 0x0000027f7d9f1810 Exception <a 'java/lang/NoSuchMethodError'{0x00000000c4925980}: 'java.lang.Object java.lang.invoke.DirectMethodHandle$Holder.invokeStaticInit(java.lang.Object, java.lang.Object, java.lang.Object, java.lang.Object, java.lang.Object, java.lang.Object, java.lang.Object)'> (0x00000000c4925980) 
thrown [s\src\hotspot\share\interpreter\linkResolver.cpp, line 773]
Event: 68.313 Thread 0x0000027f7d9f1810 Exception <a 'java/lang/NoSuchMethodError'{0x00000000c494a760}: 'java.lang.Object java.lang.invoke.DirectMethodHandle$Holder.invokeSpecial(java.lang.Object, java.lang.Object, java.lang.Object, int, java.lang.Object, java.lang.Object)'> (0x00000000c494a760) 
thrown [s\src\hotspot\share\interpreter\linkResolver.cpp, line 773]
Event: 68.464 Thread 0x0000027f7d9f1810 Exception <a 'java/lang/ClassNotFoundException'{0x00000000c47d5e28}: groovy/lang/BindingBeanInfo> (0x00000000c47d5e28) 
thrown [s\src\hotspot\share\classfile\systemDictionary.cpp, line 313]
Event: 68.465 Thread 0x0000027f7d9f1810 Exception <a 'java/lang/ClassNotFoundException'{0x00000000c47df718}: groovy/lang/BindingCustomizer> (0x00000000c47df718) 
thrown [s\src\hotspot\share\classfile\systemDictionary.cpp, line 313]
Event: 68.496 Thread 0x0000027f7d9f1810 Exception <a 'java/lang/ClassNotFoundException'{0x00000000c45396d0}: settings_2v0czdtyfdcqizzekjsolzsi6BeanInfo> (0x00000000c45396d0) 
thrown [s\src\hotspot\share\classfile\systemDictionary.cpp, line 313]
Event: 68.499 Thread 0x0000027f7d9f1810 Exception <a 'java/lang/ClassNotFoundException'{0x00000000c4543458}: org/gradle/initialization/SettingsScriptBeanInfo> (0x00000000c4543458) 
thrown [s\src\hotspot\share\classfile\systemDictionary.cpp, line 313]
Event: 68.500 Thread 0x0000027f7d9f1810 Exception <a 'java/lang/ClassNotFoundException'{0x00000000c454d400}: org/gradle/plugin/use/internal/PluginsAwareScriptBeanInfo> (0x00000000c454d400) 
thrown [s\src\hotspot\share\classfile\systemDictionary.cpp, line 313]
Event: 68.501 Thread 0x0000027f7d9f1810 Exception <a 'java/lang/ClassNotFoundException'{0x00000000c45571d0}: org/gradle/groovy/scripts/DefaultScriptBeanInfo> (0x00000000c45571d0) 
thrown [s\src\hotspot\share\classfile\systemDictionary.cpp, line 313]
Event: 68.502 Thread 0x0000027f7d9f1810 Exception <a 'java/lang/ClassNotFoundException'{0x00000000c4560e58}: org/gradle/groovy/scripts/BasicScriptBeanInfo> (0x00000000c4560e58) 
thrown [s\src\hotspot\share\classfile\systemDictionary.cpp, line 313]
Event: 68.502 Thread 0x0000027f7d9f1810 Exception <a 'java/lang/ClassNotFoundException'{0x00000000c456aa80}: org/gradle/groovy/scripts/ScriptBeanInfo> (0x00000000c456aa80) 
thrown [s\src\hotspot\share\classfile\systemDictionary.cpp, line 313]
Event: 68.503 Thread 0x0000027f7d9f1810 Exception <a 'java/lang/ClassNotFoundException'{0x00000000c4574380}: groovy/lang/ScriptBeanInfo> (0x00000000c4574380) 
thrown [s\src\hotspot\share\classfile\systemDictionary.cpp, line 313]
Event: 68.504 Thread 0x0000027f7d9f1810 Exception <a 'java/lang/ClassNotFoundException'{0x00000000c457dc70}: groovy/lang/ScriptCustomizer> (0x00000000c457dc70) 
thrown [s\src\hotspot\share\classfile\systemDictionary.cpp, line 313]
Event: 68.506 Thread 0x0000027f7d9f1810 Exception <a 'java/lang/ClassNotFoundException'{0x00000000c45901b8}: org/gradle/groovy/scripts/ScriptCustomizer> (0x00000000c45901b8) 
thrown [s\src\hotspot\share\classfile\systemDictionary.cpp, line 313]
Event: 68.514 Thread 0x0000027f7d9f1810 Exception <a 'java/lang/ClassNotFoundException'{0x00000000c45a0bd8}: org/gradle/groovy/scripts/BasicScriptCustomizer> (0x00000000c45a0bd8) 
thrown [s\src\hotspot\share\classfile\systemDictionary.cpp, line 313]
Event: 68.518 Thread 0x0000027f7d9f1810 Exception <a 'java/lang/ClassNotFoundException'{0x00000000c45b7cf0}: org/gradle/groovy/scripts/DefaultScriptCustomizer> (0x00000000c45b7cf0) 
thrown [s\src\hotspot\share\classfile\systemDictionary.cpp, line 313]
Event: 68.537 Thread 0x0000027f7d9f1810 Exception <a 'java/lang/ClassNotFoundException'{0x00000000c45fc980}: org/gradle/plugin/use/internal/PluginsAwareScriptCustomizer> (0x00000000c45fc980) 
thrown [s\src\hotspot\share\classfile\systemDictionary.cpp, line 313]
Event: 68.551 Thread 0x0000027f7d9f1810 Exception <a 'java/lang/ClassNotFoundException'{0x00000000c440eab0}: org/gradle/initialization/SettingsScriptCustomizer> (0x00000000c440eab0) 
thrown [s\src\hotspot\share\classfile\systemDictionary.cpp, line 313]
Event: 68.554 Thread 0x0000027f7d9f1810 Exception <a 'java/lang/ClassNotFoundException'{0x00000000c441cf78}: settings_2v0czdtyfdcqizzekjsolzsi6Customizer> (0x00000000c441cf78) 
thrown [s\src\hotspot\share\classfile\systemDictionary.cpp, line 313]
Event: 69.532 Thread 0x0000027f7d9f1810 Exception <a 'java/lang/NoSuchMethodError'{0x00000000c43622b0}: 'java.lang.Object java.lang.invoke.DirectMethodHandle$Holder.invokeSpecialIFC(java.lang.Object, java.lang.Object, java.lang.Object, java.lang.Object)'> (0x00000000c43622b0) 
thrown [s\src\hotspot\share\interpreter\linkResolver.cpp, line 773]

ZGC Phase Switch (0 events):
No events

VM Operations (20 events):
Event: 64.751 Executing non-safepoint VM operation: HandshakeAllThreads (Deoptimize)
Event: 64.751 Executing non-safepoint VM operation: HandshakeAllThreads (Deoptimize) done
Event: 64.988 Executing non-safepoint VM operation: HandshakeAllThreads (Deoptimize)
Event: 64.988 Executing non-safepoint VM operation: HandshakeAllThreads (Deoptimize) done
Event: 65.958 Executing safepoint VM operation: G1CollectForAllocation (G1 Evacuation Pause)
Event: 65.969 Executing safepoint VM operation: G1CollectForAllocation (G1 Evacuation Pause) done
Event: 66.114 Executing non-safepoint VM operation: HandshakeAllThreads (Deoptimize)
Event: 66.114 Executing non-safepoint VM operation: HandshakeAllThreads (Deoptimize) done
Event: 66.405 Executing non-safepoint VM operation: HandshakeAllThreads (Deoptimize)
Event: 66.493 Executing non-safepoint VM operation: HandshakeAllThreads (Deoptimize) done
Event: 66.723 Executing non-safepoint VM operation: HandshakeAllThreads (Deoptimize)
Event: 66.723 Executing non-safepoint VM operation: HandshakeAllThreads (Deoptimize) done
Event: 67.723 Executing safepoint VM operation: Cleanup
Event: 67.723 Executing safepoint VM operation: Cleanup done
Event: 68.725 Executing safepoint VM operation: Cleanup
Event: 68.741 Executing safepoint VM operation: Cleanup done
Event: 69.747 Executing safepoint VM operation: Cleanup
Event: 69.747 Executing safepoint VM operation: Cleanup done
Event: 70.760 Executing safepoint VM operation: Cleanup
Event: 70.760 Executing safepoint VM operation: Cleanup done

Memory protections (0 events):
No events

Nmethod flushes (0 events):
No events

Events (20 events):
Event: 29.934 Thread 0x0000027f1e6d78a0 Thread added: 0x0000027f7d6b4230
Event: 30.688 Thread 0x0000027f7c0e1e10 Thread added: 0x0000027f7d6e0d60
Event: 30.937 Thread 0x0000027f7d6e0d60 Thread added: 0x0000027f7da7f020
Event: 31.435 Thread 0x0000027f7d6e0d60 Thread added: 0x0000027f7d9f0af0
Event: 32.153 Thread 0x0000027f7d6e0d60 Thread added: 0x0000027f7d9f1810
Event: 32.664 Thread 0x0000027f7d9f1810 Thread added: 0x0000027f7d9f1ea0
Event: 32.710 Thread 0x0000027f7d9f1810 Thread added: 0x0000027f7d9f1180
Event: 32.732 Thread 0x0000027f7d9f1810 Thread added: 0x0000027f7d9f2530
Event: 37.319 Thread 0x0000027f7d9f1810 Thread added: 0x0000027f7d9ef0b0
Event: 37.365 Thread 0x0000027f7d9f1810 Thread added: 0x0000027f7d9ef740
Event: 38.035 Thread 0x0000027f7d9f1810 Thread added: 0x0000027f7d9efdd0
Event: 38.156 Thread 0x0000027f7d9ef740 Thread added: 0x0000027f7d9f0460
Event: 53.245 Thread 0x0000027f7d9f1810 Thread added: 0x0000027f7d8ef870
Event: 53.334 Thread 0x0000027f7d9f1810 Thread added: 0x0000027f7d8eca80
Event: 55.989 Thread 0x0000027f7d9f1810 Thread added: 0x0000027f7d8ee4c0
Event: 56.043 Thread 0x0000027f7d9f1810 Thread added: 0x0000027f7d8ed7a0
Event: 67.104 Thread 0x0000027f7d9f1810 Thread added: 0x0000027f7d8ed110
Event: 67.587 Thread 0x0000027f7d9f1810 Thread added: 0x0000027f7d8f0590
Event: 69.109 Thread 0x0000027f7d9f1810 Thread added: 0x0000027f7d8f12b0
Event: 69.622 Thread 0x0000027f7d9f1810 Thread added: 0x0000027f7d8f0c20


Dynamic libraries:
0x00007ff601410000 - 0x00007ff60141e000 	C:\Users\LENOVO\.antigravity-ide\extensions\redhat.java-1.56.0-win32-x64\jre\21.0.12.1-win32-x86_64\bin\java.exe
0x00007ffba7f40000 - 0x00007ffba81a7000 	C:\WINDOWS\SYSTEM32\ntdll.dll
0x00007ffba6070000 - 0x00007ffba613b000 	C:\WINDOWS\System32\KERNEL32.DLL
0x00007ffba5490000 - 0x00007ffba5892000 	C:\WINDOWS\System32\KERNELBASE.dll
0x00007ffba5140000 - 0x00007ffba528c000 	C:\WINDOWS\System32\ucrtbase.dll
0x00007ffb2ff40000 - 0x00007ffb2ff58000 	C:\Users\LENOVO\.antigravity-ide\extensions\redhat.java-1.56.0-win32-x64\jre\21.0.12.1-win32-x86_64\bin\jli.dll
0x00007ffba5e00000 - 0x00007ffba5fcf000 	C:\WINDOWS\System32\USER32.dll
0x00007ffba59e0000 - 0x00007ffba5a07000 	C:\WINDOWS\System32\win32u.dll
0x00007ffba5d80000 - 0x00007ffba5dab000 	C:\WINDOWS\System32\GDI32.dll
0x00007ffb2ff60000 - 0x00007ffb2ff7e000 	C:\Users\LENOVO\.antigravity-ide\extensions\redhat.java-1.56.0-win32-x64\jre\21.0.12.1-win32-x86_64\bin\VCRUNTIME140.dll
0x00007ffba52a0000 - 0x00007ffba53c9000 	C:\WINDOWS\System32\gdi32full.dll
0x00007ffb8ec40000 - 0x00007ffb8eed0000 	C:\WINDOWS\WinSxS\amd64_microsoft.windows.common-controls_6595b64144ccf1df_6.0.26100.9278_none_3e0d1ba8e3303201\COMCTL32.dll
0x00007ffba6840000 - 0x00007ffba68e9000 	C:\WINDOWS\System32\msvcrt.dll
0x00007ffba5930000 - 0x00007ffba59d3000 	C:\WINDOWS\System32\msvcp_win.dll
0x00007ffba5dc0000 - 0x00007ffba5df1000 	C:\WINDOWS\System32\IMM32.DLL
0x00007ffb4dd30000 - 0x00007ffb4dd3c000 	C:\Users\LENOVO\.antigravity-ide\extensions\redhat.java-1.56.0-win32-x64\jre\21.0.12.1-win32-x86_64\bin\vcruntime140_1.dll
0x00007ffb18b20000 - 0x00007ffb18bad000 	C:\Users\LENOVO\.antigravity-ide\extensions\redhat.java-1.56.0-win32-x64\jre\21.0.12.1-win32-x86_64\bin\msvcp140.dll
0x00007ffaf47b0000 - 0x00007ffaf5552000 	C:\Users\LENOVO\.antigravity-ide\extensions\redhat.java-1.56.0-win32-x64\jre\21.0.12.1-win32-x86_64\bin\server\jvm.dll
0x00007ffba66f0000 - 0x00007ffba67ac000 	C:\WINDOWS\System32\ADVAPI32.dll
0x00007ffba7e30000 - 0x00007ffba7ed9000 	C:\WINDOWS\System32\sechost.dll
0x00007ffba5c60000 - 0x00007ffba5d78000 	C:\WINDOWS\System32\RPCRT4.dll
0x00007ffba4f90000 - 0x00007ffba4fee000 	C:\WINDOWS\SYSTEM32\POWRPROF.dll
0x00007ffba7090000 - 0x00007ffba7110000 	C:\WINDOWS\System32\WS2_32.dll
0x00007ffb983b0000 - 0x00007ffb983e6000 	C:\WINDOWS\SYSTEM32\WINMM.dll
0x00007ffb93ff0000 - 0x00007ffb93ffb000 	C:\WINDOWS\SYSTEM32\VERSION.dll
0x00007ffba4f70000 - 0x00007ffba4f85000 	C:\WINDOWS\SYSTEM32\UMPDC.dll
0x00007ffba3dd0000 - 0x00007ffba3deb000 	C:\WINDOWS\SYSTEM32\kernel.appcore.dll
0x00007ffb4d740000 - 0x00007ffb4d74a000 	C:\Users\LENOVO\.antigravity-ide\extensions\redhat.java-1.56.0-win32-x64\jre\21.0.12.1-win32-x86_64\bin\jimage.dll
0x00007ffba2480000 - 0x00007ffba26cc000 	C:\WINDOWS\SYSTEM32\DBGHELP.DLL
0x00007ffba7950000 - 0x00007ffba7cd5000 	C:\WINDOWS\System32\combase.dll
0x00007ffba62c0000 - 0x00007ffba6399000 	C:\WINDOWS\System32\OLEAUT32.dll
0x00007ffb8c4f0000 - 0x00007ffb8c52b000 	C:\WINDOWS\SYSTEM32\dbgcore.DLL
0x00007ffba5a10000 - 0x00007ffba5abc000 	C:\WINDOWS\System32\bcryptPrimitives.dll
0x00007ffb49c90000 - 0x00007ffb49c9f000 	C:\Users\LENOVO\.antigravity-ide\extensions\redhat.java-1.56.0-win32-x64\jre\21.0.12.1-win32-x86_64\bin\instrument.dll
0x00007ffb2ff20000 - 0x00007ffb2ff40000 	C:\Users\LENOVO\.antigravity-ide\extensions\redhat.java-1.56.0-win32-x64\jre\21.0.12.1-win32-x86_64\bin\java.dll
0x00007ffba68f0000 - 0x00007ffba7088000 	C:\WINDOWS\System32\SHELL32.dll
0x00007ffba2b60000 - 0x00007ffba340e000 	C:\WINDOWS\SYSTEM32\windows.storage.dll
0x00007ffba7d30000 - 0x00007ffba7e2b000 	C:\WINDOWS\System32\SHCORE.dll
0x00007ffba67d0000 - 0x00007ffba6836000 	C:\WINDOWS\System32\shlwapi.dll
0x00007ffba5060000 - 0x00007ffba5089000 	C:\WINDOWS\SYSTEM32\profapi.dll
0x00007ffb29820000 - 0x00007ffb29838000 	C:\Users\LENOVO\.antigravity-ide\extensions\redhat.java-1.56.0-win32-x64\jre\21.0.12.1-win32-x86_64\bin\zip.dll
0x00007ffb4bc60000 - 0x00007ffb4bc70000 	C:\Users\LENOVO\.antigravity-ide\extensions\redhat.java-1.56.0-win32-x64\jre\21.0.12.1-win32-x86_64\bin\net.dll
0x00007ffb9d7d0000 - 0x00007ffb9d8fa000 	C:\WINDOWS\SYSTEM32\WINHTTP.dll
0x00007ffba4370000 - 0x00007ffba43dc000 	C:\WINDOWS\system32\mswsock.dll
0x00007ffb297b0000 - 0x00007ffb297c6000 	C:\Users\LENOVO\.antigravity-ide\extensions\redhat.java-1.56.0-win32-x64\jre\21.0.12.1-win32-x86_64\bin\nio.dll
0x00007ffb66b60000 - 0x00007ffb66b70000 	C:\Users\LENOVO\.antigravity-ide\extensions\redhat.java-1.56.0-win32-x64\jre\21.0.12.1-win32-x86_64\bin\verify.dll
0x00007ffb4bb90000 - 0x00007ffb4bbb7000 	C:\Users\LENOVO\.gradle\native\1def1411415f61bf3af743bc5b6707747c0891f09f0c88961ee8f79bc544acac\windows-amd64\native-platform.dll
0x00007ffb06220000 - 0x00007ffb06298000 	C:\Users\LENOVO\.gradle\native\0.2.7\x86_64-windows-gnu\gradle-fileevents.dll
0x00007ffb9c400000 - 0x00007ffb9c40a000 	C:\Users\LENOVO\.antigravity-ide\extensions\redhat.java-1.56.0-win32-x64\jre\21.0.12.1-win32-x86_64\bin\management.dll
0x00007ffb4d460000 - 0x00007ffb4d46c000 	C:\Users\LENOVO\.antigravity-ide\extensions\redhat.java-1.56.0-win32-x64\jre\21.0.12.1-win32-x86_64\bin\management_ext.dll
0x00007ffba5db0000 - 0x00007ffba5db8000 	C:\WINDOWS\System32\PSAPI.DLL
0x00007ffba3780000 - 0x00007ffba37b3000 	C:\WINDOWS\SYSTEM32\IPHLPAPI.DLL
0x00007ffba7120000 - 0x00007ffba712a000 	C:\WINDOWS\System32\NSI.dll
0x00007ffb98370000 - 0x00007ffb98379000 	C:\Users\LENOVO\.antigravity-ide\extensions\redhat.java-1.56.0-win32-x64\jre\21.0.12.1-win32-x86_64\bin\extnet.dll
0x00007ffba4790000 - 0x00007ffba47ab000 	C:\WINDOWS\SYSTEM32\CRYPTSP.dll
0x00007ffba3d30000 - 0x00007ffba3d69000 	C:\WINDOWS\system32\rsaenh.dll
0x00007ffba4420000 - 0x00007ffba4454000 	C:\WINDOWS\SYSTEM32\USERENV.dll
0x00007ffba5030000 - 0x00007ffba505a000 	C:\WINDOWS\SYSTEM32\bcrypt.dll
0x00007ffba45d0000 - 0x00007ffba45dc000 	C:\WINDOWS\SYSTEM32\CRYPTBASE.dll
0x00007ffb98380000 - 0x00007ffb9838e000 	C:\Users\LENOVO\.antigravity-ide\extensions\redhat.java-1.56.0-win32-x64\jre\21.0.12.1-win32-x86_64\bin\sunmscapi.dll
0x00007ffba5ad0000 - 0x00007ffba5c4e000 	C:\WINDOWS\System32\CRYPT32.dll
0x00007ffba4900000 - 0x00007ffba4930000 	C:\WINDOWS\SYSTEM32\ncrypt.dll
0x00007ffba48b0000 - 0x00007ffba48ef000 	C:\WINDOWS\SYSTEM32\NTASN1.dll
0x00007ffb7b120000 - 0x00007ffb7b128000 	C:\WINDOWS\system32\wshunix.dll

JVMTI agents:
C:\Users\LENOVO\.gradle\wrapper\dists\gradle-8.14-bin\38aieal9i53h9rfe7vjup95b9\gradle-8.14\lib\agents\gradle-instrumentation-agent-8.14.jar path:C:\Users\LENOVO\.antigravity-ide\extensions\redhat.java-1.56.0-win32-x64\jre\21.0.12.1-win32-x86_64\bin\instrument.dll, loaded, initialized, instrumentlib options:none

dbghelp: loaded successfully - version: 4.0.5 - missing functions: none
symbol engine: initialized successfully - sym options: 0x614 - pdb path: .;C:\Users\LENOVO\.antigravity-ide\extensions\redhat.java-1.56.0-win32-x64\jre\21.0.12.1-win32-x86_64\bin;C:\WINDOWS\SYSTEM32;C:\WINDOWS\WinSxS\amd64_microsoft.windows.common-controls_6595b64144ccf1df_6.0.26100.9278_none_3e0d1ba8e3303201;C:\Users\LENOVO\.antigravity-ide\extensions\redhat.java-1.56.0-win32-x64\jre\21.0.12.1-win32-x86_64\bin\server;C:\Users\LENOVO\.gradle\native\1def1411415f61bf3af743bc5b6707747c0891f09f0c88961ee8f79bc544acac\windows-amd64;C:\Users\LENOVO\.gradle\native\0.2.7\x86_64-windows-gnu

VM Arguments:
jvm_args: --add-opens=java.base/java.lang=ALL-UNNAMED --add-opens=java.base/java.lang.invoke=ALL-UNNAMED --add-opens=java.base/java.util=ALL-UNNAMED --add-opens=java.prefs/java.util.prefs=ALL-UNNAMED --add-exports=jdk.compiler/com.sun.tools.javac.api=ALL-UNNAMED --add-exports=jdk.compiler/com.sun.tools.javac.util=ALL-UNNAMED --add-opens=java.base/java.util=ALL-UNNAMED --add-opens=java.prefs/java.util.prefs=ALL-UNNAMED --add-opens=java.base/java.nio.charset=ALL-UNNAMED --add-opens=java.base/java.net=ALL-UNNAMED --add-opens=java.base/java.util.concurrent.atomic=ALL-UNNAMED --add-opens=java.xml/javax.xml.namespace=ALL-UNNAMED -Xmx1024m -Dfile.encoding=UTF-8 -Duser.country=US -Duser.language=en -Duser.variant -javaagent:C:\Users\LENOVO\.gradle\wrapper\dists\gradle-8.14-bin\38aieal9i53h9rfe7vjup95b9\gradle-8.14\lib\agents\gradle-instrumentation-agent-8.14.jar 
java_command: org.gradle.launcher.daemon.bootstrap.GradleDaemon 8.14
java_class_path (initial): C:\Users\LENOVO\.gradle\wrapper\dists\gradle-8.14-bin\38aieal9i53h9rfe7vjup95b9\gradle-8.14\lib\gradle-daemon-main-8.14.jar
Launcher Type: SUN_STANDARD

[Global flags]
     intx CICompilerCount                          = 4                                         {product} {ergonomic}
     uint ConcGCThreads                            = 2                                         {product} {ergonomic}
     uint G1ConcRefinementThreads                  = 8                                         {product} {ergonomic}
   size_t G1HeapRegionSize                         = 1048576                                   {product} {ergonomic}
    uintx GCDrainStackTargetSize                   = 64                                        {product} {ergonomic}
   size_t InitialHeapSize                          = 98566144                                  {product} {ergonomic}
   size_t MarkStackSize                            = 4194304                                   {product} {ergonomic}
   size_t MaxHeapSize                              = 1073741824                                {product} {command line}
   size_t MaxNewSize                               = 643825664                                 {product} {ergonomic}
   size_t MinHeapDeltaBytes                        = 1048576                                   {product} {ergonomic}
   size_t MinHeapSize                              = 8388608                                   {product} {ergonomic}
    uintx NonNMethodCodeHeapSize                   = 5839372                                {pd product} {ergonomic}
    uintx NonProfiledCodeHeapSize                  = 122909434                              {pd product} {ergonomic}
    uintx ProfiledCodeHeapSize                     = 122909434                              {pd product} {ergonomic}
    uintx ReservedCodeCacheSize                    = 251658240                              {pd product} {ergonomic}
     bool SegmentedCodeCache                       = true                                      {product} {ergonomic}
   size_t SoftMaxHeapSize                          = 1073741824                             {manageable} {ergonomic}
     bool UseCompressedOops                        = true                           {product lp64_product} {ergonomic}
     bool UseG1GC                                  = true                                      {product} {ergonomic}
     bool UseLargePagesIndividualAllocation        = false                                  {pd product} {ergonomic}

Logging:
Log output configuration:
 #0: stdout all=warning uptime,level,tags foldmultilines=false
 #1: stderr all=off uptime,level,tags foldmultilines=false

Release file:
JAVA_VERSION="21.0.12.1" 
MODULES="java.base java.compiler java.datatransfer java.xml java.prefs java.desktop java.instrument java.logging java.management java.security.sasl java.naming java.rmi java.management.rmi java.net.http java.scripting java.security.jgss java.transaction.xa java.sql java.sql.rowset java.xml.crypto java.se java.smartcardio jdk.accessibility jdk.internal.jvmstat jdk.attach jdk.charsets jdk.internal.opt jdk.zipfs jdk.compiler jdk.crypto.ec jdk.crypto.cryptoki jdk.crypto.mscapi jdk.dynalink jdk.internal.ed jdk.editpad jdk.hotspot.agent jdk.httpserver jdk.internal.le jdk.internal.vm.ci jdk.internal.vm.compiler jdk.internal.vm.compiler.management jdk.jartool jdk.javadoc jdk.jcmd jdk.management jdk.management.agent jdk.jconsole jdk.jdeps jdk.jdwp.agent jdk.jdi jdk.jfr jdk.jshell jdk.jsobject jdk.jstatd jdk.localedata jdk.management.jfr jdk.naming.dns jdk.naming.rmi jdk.net jdk.nio.mapmode jdk.random jdk.sctp jdk.security.auth jdk.security.jgss jdk.unsupported jdk.unsupported.desktop jdk.xml.dom" 

Environment Variables:
JAVA_HOME=C:\Program Files\Android\Android Studio\jbr
PATH=C:\WINDOWS\system32;C:\WINDOWS;C:\WINDOWS\System32\Wbem;C:\WINDOWS\System32\WindowsPowerShell\v1.0\;C:\WINDOWS\System32\OpenSSH\;C:\Program Files\Docker\Docker\resources\bin;C:\Program Files\nodejs\;C:\Program Files\Git\cmd;C:\Users\LENOVO\AppData\Local\Programs\Python\Python312\Scripts\;C:\Users\LENOVO\AppData\Local\Programs\Python\Python312\;C:\Users\LENOVO\AppData\Local\Programs\Python\Launcher\;C:\Users\LENOVO\AppData\Local\Programs\Python\Python314\Scripts\;C:\Users\LENOVO\AppData\Local\Programs\Python\Python314\;C:\Users\LENOVO\AppData\Local\Microsoft\WindowsApps;C:\Users\LENOVO\AppData\Local\Programs\Antigravity\bin;C:\Users\LENOVO\AppData\Roaming\npm;C:\ScrcpyLauncher by praveen;C:\Users\LENOVO\AppData\Local\PowerToys\DSCModules\;C:\Users\LENOVO\AppData\Local\Programs\Antigravity IDE\bin
USERNAME=LENOVO
OS=Windows_NT
PROCESSOR_IDENTIFIER=AMD64 Family 23 Model 160 Stepping 0, AuthenticAMD
TMP=C:\Users\LENOVO\AppData\Local\Temp
TEMP=C:\Users\LENOVO\AppData\Local\Temp




Periodic native trim disabled

---------------  S Y S T E M  ---------------

OS:
 Windows 11 , 64 bit Build 26100 (10.0.26100.9444)
OS uptime: 3 days 0:45 hours
Hyper-V role detected

CPU: total 8 (initial active 8) (8 cores per cpu, 2 threads per core) family 23 model 160 stepping 0 microcode 0x8a0000a, cx8, cmov, fxsr, ht, mmx, 3dnowpref, sse, sse2, sse3, ssse3, sse4a, sse4.1, sse4.2, popcnt, lzcnt, tsc, tscinvbit, avx, avx2, aes, clmul, bmi1, bmi2, adx, sha, fma, vzeroupper, clflush, clflushopt, hv, rdtscp, rdpid, f16c
Processor Information for the first 8 processors :
  Max Mhz: 2401, Current Mhz: 2401, Mhz Limit: 2401

Memory: 4k page, system-wide physical 5965M (61M free)
TotalPageFile size 24397M (AvailPageFile size 119M)
current process WorkingSet (physical memory assigned to process): 45M, peak: 162M
current process commit charge ("private bytes"): 251M, peak: 266M

vm_info: OpenJDK 64-Bit Server VM (21.0.12.1+1-LTS) for windows-amd64 JRE (21.0.12.1+1-LTS), built on 2026-08-18T00:00:00Z by "admin" with MS VC++ 17.12 (VS2022)

END.
