#
# There is insufficient memory for the Java Runtime Environment to continue.
# Native memory allocation (malloc) failed to allocate 1142080 bytes. Error detail: Chunk::new
# Possible reasons:
#   The system is out of physical RAM or swap space
#   This process is running with CompressedOops enabled, and the Java Heap may be blocking the growth of the native heap
# Possible solutions:
#   Reduce memory load on the system
#   Increase physical memory or swap space
#   Check if swap backing store is full
#   Decrease Java heap size (-Xmx/-Xms)
#   Decrease number of Java threads
#   Decrease Java thread stack sizes (-Xss)
#   Set larger code cache with -XX:ReservedCodeCacheSize=
#   JVM is running with Unscaled Compressed Oops mode in which the Java heap is
#     placed in the first 4GB address space. The Java Heap base address is the
#     maximum limit for the native heap growth. Please use -XX:HeapBaseMinAddress
#     to set the Java Heap base and to place the Java Heap above 4GB virtual address.
# This output file may be truncated or incomplete.
#
#  Out of Memory Error (arena.cpp:168), pid=32200, tid=32668
#
# JRE version: OpenJDK Runtime Environment Temurin-21.0.12.1+1 (21.0.12.1+1) (build 21.0.12.1+1-LTS)
# Java VM: OpenJDK 64-Bit Server VM Temurin-21.0.12.1+1 (21.0.12.1+1-LTS, mixed mode, sharing, tiered, compressed oops, compressed class ptrs, g1 gc, windows-amd64)
# No core dump will be written. Minidumps are not enabled by default on client versions of Windows
#

---------------  S U M M A R Y ------------

Command Line: --add-opens=java.base/java.lang=ALL-UNNAMED --add-opens=java.base/java.lang.invoke=ALL-UNNAMED --add-opens=java.base/java.util=ALL-UNNAMED --add-opens=java.prefs/java.util.prefs=ALL-UNNAMED --add-exports=jdk.compiler/com.sun.tools.javac.api=ALL-UNNAMED --add-exports=jdk.compiler/com.sun.tools.javac.util=ALL-UNNAMED --add-opens=java.base/java.util=ALL-UNNAMED --add-opens=java.prefs/java.util.prefs=ALL-UNNAMED --add-opens=java.base/java.nio.charset=ALL-UNNAMED --add-opens=java.base/java.net=ALL-UNNAMED --add-opens=java.base/java.util.concurrent.atomic=ALL-UNNAMED --add-opens=java.xml/javax.xml.namespace=ALL-UNNAMED -Xmx1024m -Dfile.encoding=UTF-8 -Duser.country=US -Duser.language=en -Duser.variant -javaagent:C:\Users\LENOVO\.gradle\wrapper\dists\gradle-8.14-bin\38aieal9i53h9rfe7vjup95b9\gradle-8.14\lib\agents\gradle-instrumentation-agent-8.14.jar org.gradle.launcher.daemon.bootstrap.GradleDaemon 8.14

Host: AMD Ryzen 3 7320U with Radeon Graphics         , 8 cores, 5G,  Windows 11 , 64 bit Build 26100 (10.0.26100.9444)
Time: Mon Sep 28 13:33:07 2026 Nepal Standard Time elapsed time: 72.500466 seconds (0d 0h 1m 12s)

---------------  T H R E A D  ---------------

Current thread (0x0000020d7ebe0610):  JavaThread "C2 CompilerThread0" daemon [_thread_in_native, id=32668, stack(0x0000006d5f600000,0x0000006d5f700000) (1024K)]


Current CompileTask:
C2:72500 11148       4       org.gradle.internal.reflect.ClassInspector::inspectClass (179 bytes)

Stack: [0x0000006d5f600000,0x0000006d5f700000]
Native frames: (J=compiled Java code, j=interpreted, Vv=VM code, C=native code)
V  [jvm.dll+0x6d83e9]
V  [jvm.dll+0x8b5736]
V  [jvm.dll+0x8b7cee]
V  [jvm.dll+0x8b83d3]
V  [jvm.dll+0x284596]
V  [jvm.dll+0xc685d]
V  [jvm.dll+0xc6da1]
V  [jvm.dll+0x3bf18b]
V  [jvm.dll+0x1e4149]
V  [jvm.dll+0x24c853]
V  [jvm.dll+0x24bce0]
V  [jvm.dll+0x1cb4ae]
V  [jvm.dll+0x25baad]
V  [jvm.dll+0x25a03a]
V  [jvm.dll+0x3f8aae]
V  [jvm.dll+0x8600cd]
V  [jvm.dll+0x6d6c1d]
C  [ucrtbase.dll+0x2cd30]
C  [KERNEL32.DLL+0x2cd87]
C  [ntdll.dll+0xacaec]


---------------  P R O C E S S  ---------------

Threads class SMR info:
_java_thread_list=0x0000020d488565a0, length=78, elements={
0x0000020d686074e0, 0x0000020d7ebd8a50, 0x0000020d7ebdc1e0, 0x0000020d7ebdd960,
0x0000020d7ebde3c0, 0x0000020d7ebdee20, 0x0000020d7ebdf880, 0x0000020d7ebe0610,
0x0000020d7ebe3810, 0x0000020d7ee7c490, 0x0000020d7ee7b650, 0x0000020d47d05d10,
0x0000020d47dbde00, 0x0000020d47e45270, 0x0000020d7eefd930, 0x0000020d47e56ad0,
0x0000020d7ee69270, 0x0000020d47304b60, 0x0000020d473065a0, 0x0000020d473051f0,
0x0000020d47306c30, 0x0000020d47305880, 0x0000020d473037b0, 0x0000020d47305f10,
0x0000020d47303e40, 0x0000020d492d5620, 0x0000020d492d4f90, 0x0000020d492d21a0,
0x0000020d492d3be0, 0x0000020d492d2ec0, 0x0000020d492d3550, 0x0000020d492d4270,
0x0000020d4877b7c0, 0x0000020d4877c4e0, 0x0000020d4877b130, 0x0000020d4994d4f0,
0x0000020d4994e210, 0x0000020d499502e0, 0x0000020d4994e8a0, 0x0000020d4994ef30,
0x0000020d4994fc50, 0x0000020d4994db80, 0x0000020d4994ce60, 0x0000020d49952a40,
0x0000020d49950970, 0x0000020d499530d0, 0x0000020d49953df0, 0x0000020d49951d20,
0x0000020d49953760, 0x0000020d49954480, 0x0000020d49951000, 0x0000020d49951690,
0x0000020d499523b0, 0x0000020d48ceca30, 0x0000020d48cef820, 0x0000020d48cee470,
0x0000020d48cf4050, 0x0000020d48cf3330, 0x0000020d48cf0bd0, 0x0000020d48cf1260,
0x0000020d48cf2ca0, 0x0000020d48cf39c0, 0x0000020d48cf18f0, 0x0000020d48cf1f80,
0x0000020d48cf2610, 0x0000020d4ac050c0, 0x0000020d4ac04a30, 0x0000020d4ac05750,
0x0000020d4ac043a0, 0x0000020d4ac03d10, 0x0000020d4ac02960, 0x0000020d4ac03680,
0x0000020d4ac022d0, 0x0000020d4ac05de0, 0x0000020d4ac06b00, 0x0000020d4ac07190,
0x0000020d4ccfa050, 0x0000020d4a165a80
}

Java Threads: ( => current thread )
  0x0000020d686074e0 JavaThread "main"                              [_thread_blocked, id=12400, stack(0x0000006d5e800000,0x0000006d5e900000) (1024K)]
  0x0000020d7ebd8a50 JavaThread "Reference Handler"          daemon [_thread_blocked, id=17436, stack(0x0000006d5f000000,0x0000006d5f100000) (1024K)]
  0x0000020d7ebdc1e0 JavaThread "Finalizer"                  daemon [_thread_blocked, id=18484, stack(0x0000006d5f100000,0x0000006d5f200000) (1024K)]
  0x0000020d7ebdd960 JavaThread "Signal Dispatcher"          daemon [_thread_blocked, id=32124, stack(0x0000006d5f200000,0x0000006d5f300000) (1024K)]
  0x0000020d7ebde3c0 JavaThread "Attach Listener"            daemon [_thread_blocked, id=21360, stack(0x0000006d5f300000,0x0000006d5f400000) (1024K)]
  0x0000020d7ebdee20 JavaThread "Service Thread"             daemon [_thread_blocked, id=2176, stack(0x0000006d5f400000,0x0000006d5f500000) (1024K)]
  0x0000020d7ebdf880 JavaThread "Monitor Deflation Thread"   daemon [_thread_blocked, id=20284, stack(0x0000006d5f500000,0x0000006d5f600000) (1024K)]
=>0x0000020d7ebe0610 JavaThread "C2 CompilerThread0"         daemon [_thread_in_native, id=32668, stack(0x0000006d5f600000,0x0000006d5f700000) (1024K)]
  0x0000020d7ebe3810 JavaThread "C1 CompilerThread0"         daemon [_thread_blocked, id=23364, stack(0x0000006d5f700000,0x0000006d5f800000) (1024K)]
  0x0000020d7ee7c490 JavaThread "Common-Cleaner"             daemon [_thread_blocked, id=32108, stack(0x0000006d5f800000,0x0000006d5f900000) (1024K)]
  0x0000020d7ee7b650 JavaThread "Notification Thread"        daemon [_thread_blocked, id=19396, stack(0x0000006d5f900000,0x0000006d5fa00000) (1024K)]
  0x0000020d47d05d10 JavaThread "Daemon health stats"               [_thread_blocked, id=25428, stack(0x0000006d5fe00000,0x0000006d5ff00000) (1024K)]
  0x0000020d47dbde00 JavaThread "Incoming local TCP Connector on port 34321"        [_thread_in_native, id=28768, stack(0x0000006d5ff00000,0x0000006d60000000) (1024K)]
  0x0000020d47e45270 JavaThread "Daemon periodic checks"            [_thread_blocked, id=20712, stack(0x0000006d60000000,0x0000006d60100000) (1024K)]
  0x0000020d7eefd930 JavaThread "Daemon"                            [_thread_blocked, id=16828, stack(0x0000006d60100000,0x0000006d60200000) (1024K)]
  0x0000020d47e56ad0 JavaThread "Handler for socket connection from /127.0.0.1:34321 to /127.0.0.1:34322"        [_thread_in_native, id=11524, stack(0x0000006d60200000,0x0000006d60300000) (1024K)]
  0x0000020d7ee69270 JavaThread "Cancel handler"                    [_thread_blocked, id=17884, stack(0x0000006d60300000,0x0000006d60400000) (1024K)]
  0x0000020d47304b60 JavaThread "Daemon worker"                     [_thread_in_native, id=25516, stack(0x0000006d60400000,0x0000006d60500000) (1024K)]
  0x0000020d473065a0 JavaThread "Asynchronous log dispatcher for DefaultDaemonConnection: socket connection from /127.0.0.1:34321 to /127.0.0.1:34322"        [_thread_blocked, id=27716, stack(0x0000006d60500000,0x0000006d60600000) (1024K)]
  0x0000020d473051f0 JavaThread "Stdin handler"                     [_thread_blocked, id=15392, stack(0x0000006d60600000,0x0000006d60700000) (1024K)]
  0x0000020d47306c30 JavaThread "Daemon client event forwarder"        [_thread_blocked, id=22268, stack(0x0000006d60700000,0x0000006d60800000) (1024K)]
  0x0000020d47305880 JavaThread "Cache worker for journal cache (C:\Users\LENOVO\.gradle\caches\journal-1)"        [_thread_blocked, id=28728, stack(0x0000006d60b00000,0x0000006d60c00000) (1024K)]
  0x0000020d473037b0 JavaThread "File lock request listener"        [_thread_in_native, id=7128, stack(0x0000006d60c00000,0x0000006d60d00000) (1024K)]
  0x0000020d47305f10 JavaThread "File lock release action executor"        [_thread_blocked, id=32100, stack(0x0000006d60d00000,0x0000006d60e00000) (1024K)]
  0x0000020d47303e40 JavaThread "Cache worker for file hash cache (C:\Users\LENOVO\.gradle\caches\8.14\fileHashes)"        [_thread_blocked, id=3772, stack(0x0000006d60e00000,0x0000006d60f00000) (1024K)]
  0x0000020d492d5620 JavaThread "Cache worker for file hash cache (C:\Users\LENOVO\Desktop\HeliBoard-main\.gradle\8.14\fileHashes)"        [_thread_blocked, id=14224, stack(0x0000006d61000000,0x0000006d61100000) (1024K)]
  0x0000020d492d4f90 JavaThread "Cache worker for Build Output Cleanup Cache (C:\Users\LENOVO\Desktop\HeliBoard-main\.gradle\buildOutputCleanup)"        [_thread_blocked, id=24244, stack(0x0000006d61100000,0x0000006d61200000) (1024K)]
  0x0000020d492d21a0 JavaThread "File watcher server"        daemon [_thread_in_native, id=28504, stack(0x0000006d61200000,0x0000006d61300000) (1024K)]
  0x0000020d492d3be0 JavaThread "File watcher consumer"      daemon [_thread_blocked, id=11572, stack(0x0000006d61300000,0x0000006d61400000) (1024K)]
  0x0000020d492d2ec0 JavaThread "jar transforms"                    [_thread_blocked, id=26812, stack(0x0000006d61400000,0x0000006d61500000) (1024K)]
  0x0000020d492d3550 JavaThread "jar transforms Thread 2"           [_thread_blocked, id=32028, stack(0x0000006d61500000,0x0000006d61600000) (1024K)]
  0x0000020d492d4270 JavaThread "Cache worker for checksums cache (C:\Users\LENOVO\Desktop\HeliBoard-main\.gradle\8.14\checksums)"        [_thread_blocked, id=31268, stack(0x0000006d61600000,0x0000006d61700000) (1024K)]
  0x0000020d4877b7c0 JavaThread "Cache worker for file content cache (C:\Users\LENOVO\.gradle\caches\8.14\fileContent)"        [_thread_blocked, id=4752, stack(0x0000006d61700000,0x0000006d61800000) (1024K)]
  0x0000020d4877c4e0 JavaThread "Cache worker for cache directory md-supplier (C:\Users\LENOVO\.gradle\caches\8.14\md-supplier)"        [_thread_blocked, id=32300, stack(0x0000006d61800000,0x0000006d61900000) (1024K)]
  0x0000020d4877b130 JavaThread "Cache worker for cache directory md-rule (C:\Users\LENOVO\.gradle\caches\8.14\md-rule)"        [_thread_blocked, id=28848, stack(0x0000006d61900000,0x0000006d61a00000) (1024K)]
  0x0000020d4994d4f0 JavaThread "Unconstrained build operations"        [_thread_blocked, id=22184, stack(0x0000006d61b00000,0x0000006d61c00000) (1024K)]
  0x0000020d4994e210 JavaThread "Unconstrained build operations Thread 2"        [_thread_blocked, id=15856, stack(0x0000006d61c00000,0x0000006d61d00000) (1024K)]
  0x0000020d499502e0 JavaThread "Unconstrained build operations Thread 3"        [_thread_blocked, id=22020, stack(0x0000006d61d00000,0x0000006d61e00000) (1024K)]
  0x0000020d4994e8a0 JavaThread "Unconstrained build operations Thread 4"        [_thread_blocked, id=6364, stack(0x0000006d61e00000,0x0000006d61f00000) (1024K)]
  0x0000020d4994ef30 JavaThread "Unconstrained build operations Thread 5"        [_thread_blocked, id=14444, stack(0x0000006d61f00000,0x0000006d62000000) (1024K)]
  0x0000020d4994fc50 JavaThread "Unconstrained build operations Thread 6"        [_thread_blocked, id=32272, stack(0x0000006d62000000,0x0000006d62100000) (1024K)]
  0x0000020d4994db80 JavaThread "Unconstrained build operations Thread 7"        [_thread_blocked, id=11752, stack(0x0000006d62100000,0x0000006d62200000) (1024K)]
  0x0000020d4994ce60 JavaThread "Unconstrained build operations Thread 8"        [_thread_blocked, id=22512, stack(0x0000006d61a00000,0x0000006d61b00000) (1024K)]
  0x0000020d49952a40 JavaThread "Unconstrained build operations Thread 9"        [_thread_blocked, id=32312, stack(0x0000006d62200000,0x0000006d62300000) (1024K)]
  0x0000020d49950970 JavaThread "Unconstrained build operations Thread 10"        [_thread_blocked, id=28180, stack(0x0000006d62300000,0x0000006d62400000) (1024K)]
  0x0000020d499530d0 JavaThread "Unconstrained build operations Thread 11"        [_thread_blocked, id=12928, stack(0x0000006d62400000,0x0000006d62500000) (1024K)]
  0x0000020d49953df0 JavaThread "Unconstrained build operations Thread 12"        [_thread_blocked, id=32464, stack(0x0000006d62500000,0x0000006d62600000) (1024K)]
  0x0000020d49951d20 JavaThread "Unconstrained build operations Thread 13"        [_thread_blocked, id=32644, stack(0x0000006d62600000,0x0000006d62700000) (1024K)]
  0x0000020d49953760 JavaThread "Unconstrained build operations Thread 14"        [_thread_blocked, id=22680, stack(0x0000006d62700000,0x0000006d62800000) (1024K)]
  0x0000020d49954480 JavaThread "Unconstrained build operations Thread 15"        [_thread_blocked, id=6324, stack(0x0000006d62800000,0x0000006d62900000) (1024K)]
  0x0000020d49951000 JavaThread "Unconstrained build operations Thread 16"        [_thread_blocked, id=26940, stack(0x0000006d62900000,0x0000006d62a00000) (1024K)]
  0x0000020d49951690 JavaThread "Unconstrained build operations Thread 17"        [_thread_blocked, id=4008, stack(0x0000006d62a00000,0x0000006d62b00000) (1024K)]
  0x0000020d499523b0 JavaThread "Unconstrained build operations Thread 18"        [_thread_blocked, id=30544, stack(0x0000006d62b00000,0x0000006d62c00000) (1024K)]
  0x0000020d48ceca30 JavaThread "Unconstrained build operations Thread 19"        [_thread_blocked, id=9840, stack(0x0000006d62c00000,0x0000006d62d00000) (1024K)]
  0x0000020d48cef820 JavaThread "Unconstrained build operations Thread 20"        [_thread_blocked, id=2432, stack(0x0000006d62d00000,0x0000006d62e00000) (1024K)]
  0x0000020d48cee470 JavaThread "Unconstrained build operations Thread 21"        [_thread_blocked, id=20292, stack(0x0000006d62e00000,0x0000006d62f00000) (1024K)]
  0x0000020d48cf4050 JavaThread "Unconstrained build operations Thread 22"        [_thread_blocked, id=32520, stack(0x0000006d62f00000,0x0000006d63000000) (1024K)]
  0x0000020d48cf3330 JavaThread "Unconstrained build operations Thread 23"        [_thread_blocked, id=32404, stack(0x0000006d63000000,0x0000006d63100000) (1024K)]
  0x0000020d48cf0bd0 JavaThread "Unconstrained build operations Thread 24"        [_thread_blocked, id=20824, stack(0x0000006d63100000,0x0000006d63200000) (1024K)]
  0x0000020d48cf1260 JavaThread "Unconstrained build operations Thread 25"        [_thread_blocked, id=7716, stack(0x0000006d63200000,0x0000006d63300000) (1024K)]
  0x0000020d48cf2ca0 JavaThread "Unconstrained build operations Thread 26"        [_thread_blocked, id=6876, stack(0x0000006d63300000,0x0000006d63400000) (1024K)]
  0x0000020d48cf39c0 JavaThread "Unconstrained build operations Thread 27"        [_thread_blocked, id=32740, stack(0x0000006d63400000,0x0000006d63500000) (1024K)]
  0x0000020d48cf18f0 JavaThread "Unconstrained build operations Thread 28"        [_thread_blocked, id=11304, stack(0x0000006d63500000,0x0000006d63600000) (1024K)]
  0x0000020d48cf1f80 JavaThread "Unconstrained build operations Thread 29"        [_thread_blocked, id=28376, stack(0x0000006d63600000,0x0000006d63700000) (1024K)]
  0x0000020d48cf2610 JavaThread "Unconstrained build operations Thread 30"        [_thread_blocked, id=31856, stack(0x0000006d63700000,0x0000006d63800000) (1024K)]
  0x0000020d4ac050c0 JavaThread "Unconstrained build operations Thread 31"        [_thread_blocked, id=18424, stack(0x0000006d63800000,0x0000006d63900000) (1024K)]
  0x0000020d4ac04a30 JavaThread "Unconstrained build operations Thread 32"        [_thread_blocked, id=20940, stack(0x0000006d63900000,0x0000006d63a00000) (1024K)]
  0x0000020d4ac05750 JavaThread "Unconstrained build operations Thread 33"        [_thread_blocked, id=8284, stack(0x0000006d63a00000,0x0000006d63b00000) (1024K)]
  0x0000020d4ac043a0 JavaThread "Unconstrained build operations Thread 34"        [_thread_blocked, id=19024, stack(0x0000006d63b00000,0x0000006d63c00000) (1024K)]
  0x0000020d4ac03d10 JavaThread "Unconstrained build operations Thread 35"        [_thread_blocked, id=15192, stack(0x0000006d63c00000,0x0000006d63d00000) (1024K)]
  0x0000020d4ac02960 JavaThread "Unconstrained build operations Thread 36"        [_thread_blocked, id=32092, stack(0x0000006d63d00000,0x0000006d63e00000) (1024K)]
  0x0000020d4ac03680 JavaThread "Unconstrained build operations Thread 37"        [_thread_blocked, id=23388, stack(0x0000006d63e00000,0x0000006d63f00000) (1024K)]
  0x0000020d4ac022d0 JavaThread "Unconstrained build operations Thread 38"        [_thread_blocked, id=27292, stack(0x0000006d63f00000,0x0000006d64000000) (1024K)]
  0x0000020d4ac05de0 JavaThread "Unconstrained build operations Thread 39"        [_thread_blocked, id=23288, stack(0x0000006d64000000,0x0000006d64100000) (1024K)]
  0x0000020d4ac06b00 JavaThread "Memory manager"                    [_thread_blocked, id=6200, stack(0x0000006d64100000,0x0000006d64200000) (1024K)]
  0x0000020d4ac07190 JavaThread "build event listener"              [_thread_blocked, id=2384, stack(0x0000006d64200000,0x0000006d64300000) (1024K)]
  0x0000020d4ccfa050 JavaThread "Problems report writer"            [_thread_blocked, id=4632, stack(0x0000006d5e600000,0x0000006d5e700000) (1024K)]
  0x0000020d4a165a80 JavaThread "C2 CompilerThread1"         daemon [_thread_blocked, id=17208, stack(0x0000006d5e700000,0x0000006d5e800000) (1024K)]
Total: 78

Other Threads:
  0x0000020d7ebbc170 VMThread "VM Thread"                           [id=29012, stack(0x0000006d5ef00000,0x0000006d5f000000) (1024K)]
  0x0000020d7eba8410 WatcherThread "VM Periodic Task Thread"        [id=4476, stack(0x0000006d5ee00000,0x0000006d5ef00000) (1024K)]
  0x0000020d688785e0 WorkerThread "GC Thread#0"                     [id=16584, stack(0x0000006d5e900000,0x0000006d5ea00000) (1024K)]
  0x0000020d7f05fbb0 WorkerThread "GC Thread#1"                     [id=26060, stack(0x0000006d5fa00000,0x0000006d5fb00000) (1024K)]
  0x0000020d7f043ea0 WorkerThread "GC Thread#2"                     [id=23344, stack(0x0000006d5fb00000,0x0000006d5fc00000) (1024K)]
  0x0000020d4732a390 WorkerThread "GC Thread#3"                     [id=23572, stack(0x0000006d5fc00000,0x0000006d5fd00000) (1024K)]
  0x0000020d473b26e0 WorkerThread "GC Thread#4"                     [id=29000, stack(0x0000006d5fd00000,0x0000006d5fe00000) (1024K)]
  0x0000020d482cc660 WorkerThread "GC Thread#5"                     [id=16404, stack(0x0000006d60800000,0x0000006d60900000) (1024K)]
  0x0000020d482cca10 WorkerThread "GC Thread#6"                     [id=32212, stack(0x0000006d60900000,0x0000006d60a00000) (1024K)]
  0x0000020d481056d0 WorkerThread "GC Thread#7"                     [id=9796, stack(0x0000006d60a00000,0x0000006d60b00000) (1024K)]
  0x0000020d688813e0 ConcurrentGCThread "G1 Main Marker"            [id=25912, stack(0x0000006d5ea00000,0x0000006d5eb00000) (1024K)]
  0x0000020d68882d10 WorkerThread "G1 Conc#0"                       [id=31968, stack(0x0000006d5eb00000,0x0000006d5ec00000) (1024K)]
  0x0000020d49aef6c0 WorkerThread "G1 Conc#1"                       [id=31796, stack(0x0000006d60f00000,0x0000006d61000000) (1024K)]
  0x0000020d7ea810a0 ConcurrentGCThread "G1 Refine#0"               [id=32652, stack(0x0000006d5ec00000,0x0000006d5ed00000) (1024K)]
  0x0000020d688f5b50 ConcurrentGCThread "G1 Service"                [id=18428, stack(0x0000006d5ed00000,0x0000006d5ee00000) (1024K)]
Total: 15

Threads with active compile tasks:
C2 CompilerThread0  72553 11148       4       org.gradle.internal.reflect.ClassInspector::inspectClass (179 bytes)
Total: 1

VM state: not at safepoint (normal execution)

VM Mutex/Monitor currently owned by a thread: None

Heap address: 0x00000000c0000000, size: 1024 MB, Compressed Oops mode: 32-bit

CDS archive(s) mapped at: [0x0000020d02000000-0x0000020d02ba0000-0x0000020d02ba0000), size 12189696, SharedBaseAddress: 0x0000020d02000000, ArchiveRelocationMode: 1.
Compressed class space mapped at: 0x0000020d03000000-0x0000020d43000000, reserved size: 1073741824
Narrow klass base: 0x0000020d02000000, Narrow klass shift: 0, Narrow klass range: 0x100000000

GC Precious Log:
 CardTable entry size: 512
 Card Set container configuration: InlinePtr #cards 5 size 8 Array Of Cards #cards 12 size 40 Howl #buckets 4 coarsen threshold 1843 Howl Bitmap #cards 512 size 80 coarsen threshold 460 Card regions per heap region 1 cards per card region 2048
 CPUs: 8 total, 8 available
 Memory: 5965M
 Large Page Support: Disabled
 NUMA Support: Disabled
 Compressed Oops: Enabled (32-bit)
 Heap Region Size: 1M
 Heap Min Capacity: 8M
 Heap Initial Capacity: 94M
 Heap Max Capacity: 1G
 Pre-touch: Disabled
 Parallel Workers: 8
 Concurrent Workers: 2
 Concurrent Refinement Workers: 8
 Periodic GC: Disabled

Heap:
 garbage-first heap   total 142336K, used 86753K [0x00000000c0000000, 0x0000000100000000)
  region size 1024K, 5 young (5120K), 4 survivors (4096K)
 Metaspace       used 86738K, committed 88896K, reserved 1179648K
  class space    used 12283K, committed 13376K, reserved 1048576K

Heap Regions: E=young(eden), S=young(survivor), O=old, HS=humongous(starts), HC=humongous(continues), CS=collection set, F=free, TAMS=top-at-mark-start, PB=parsable bottom
|   0|0x00000000c0000000, 0x00000000c0100000, 0x00000000c0100000|100%|HS|  |TAMS 0x00000000c0000000| PB 0x00000000c0000000| Complete 
|   1|0x00000000c0100000, 0x00000000c0200000, 0x00000000c0200000|100%|HC|  |TAMS 0x00000000c0100000| PB 0x00000000c0100000| Complete 
|   2|0x00000000c0200000, 0x00000000c0300000, 0x00000000c0300000|100%|HC|  |TAMS 0x00000000c0200000| PB 0x00000000c0200000| Complete 
|   3|0x00000000c0300000, 0x00000000c0400000, 0x00000000c0400000|100%| O|  |TAMS 0x00000000c0300000| PB 0x00000000c0300000| Untracked 
|   4|0x00000000c0400000, 0x00000000c0500000, 0x00000000c0500000|100%| O|  |TAMS 0x00000000c0400000| PB 0x00000000c0400000| Untracked 
|   5|0x00000000c0500000, 0x00000000c0600000, 0x00000000c0600000|100%| O|  |TAMS 0x00000000c0500000| PB 0x00000000c0500000| Untracked 
|   6|0x00000000c0600000, 0x00000000c0700000, 0x00000000c0700000|100%|HS|  |TAMS 0x00000000c0600000| PB 0x00000000c0600000| Complete 
|   7|0x00000000c0700000, 0x00000000c0800000, 0x00000000c0800000|100%| O|  |TAMS 0x00000000c0700000| PB 0x00000000c0700000| Untracked 
|   8|0x00000000c0800000, 0x00000000c0900000, 0x00000000c0900000|100%| O|  |TAMS 0x00000000c0800000| PB 0x00000000c0800000| Untracked 
|   9|0x00000000c0900000, 0x00000000c0a00000, 0x00000000c0a00000|100%| O|  |TAMS 0x00000000c0900000| PB 0x00000000c0900000| Untracked 
|  10|0x00000000c0a00000, 0x00000000c0b00000, 0x00000000c0b00000|100%| O|  |TAMS 0x00000000c0a00000| PB 0x00000000c0a00000| Untracked 
|  11|0x00000000c0b00000, 0x00000000c0c00000, 0x00000000c0c00000|100%| O|  |TAMS 0x00000000c0b00000| PB 0x00000000c0b00000| Untracked 
|  12|0x00000000c0c00000, 0x00000000c0d00000, 0x00000000c0d00000|100%| O|  |TAMS 0x00000000c0c00000| PB 0x00000000c0c00000| Untracked 
|  13|0x00000000c0d00000, 0x00000000c0e00000, 0x00000000c0e00000|100%| O|  |TAMS 0x00000000c0d00000| PB 0x00000000c0d00000| Untracked 
|  14|0x00000000c0e00000, 0x00000000c0f00000, 0x00000000c0f00000|100%| O|  |TAMS 0x00000000c0e00000| PB 0x00000000c0e00000| Untracked 
|  15|0x00000000c0f00000, 0x00000000c1000000, 0x00000000c1000000|100%| O|  |TAMS 0x00000000c0f00000| PB 0x00000000c0f00000| Untracked 
|  16|0x00000000c1000000, 0x00000000c1100000, 0x00000000c1100000|100%| O|  |TAMS 0x00000000c1000000| PB 0x00000000c1000000| Untracked 
|  17|0x00000000c1100000, 0x00000000c1200000, 0x00000000c1200000|100%| O|  |TAMS 0x00000000c1100000| PB 0x00000000c1100000| Untracked 
|  18|0x00000000c1200000, 0x00000000c1300000, 0x00000000c1300000|100%| O|  |TAMS 0x00000000c1200000| PB 0x00000000c1200000| Untracked 
|  19|0x00000000c1300000, 0x00000000c1400000, 0x00000000c1400000|100%| O|  |TAMS 0x00000000c1300000| PB 0x00000000c1300000| Untracked 
|  20|0x00000000c1400000, 0x00000000c1500000, 0x00000000c1500000|100%| O|  |TAMS 0x00000000c1400000| PB 0x00000000c1400000| Untracked 
|  21|0x00000000c1500000, 0x00000000c1600000, 0x00000000c1600000|100%| O|  |TAMS 0x00000000c1500000| PB 0x00000000c1500000| Untracked 
|  22|0x00000000c1600000, 0x00000000c1700000, 0x00000000c1700000|100%| O|  |TAMS 0x00000000c1600000| PB 0x00000000c1600000| Untracked 
|  23|0x00000000c1700000, 0x00000000c1800000, 0x00000000c1800000|100%| O|  |TAMS 0x00000000c1700000| PB 0x00000000c1700000| Untracked 
|  24|0x00000000c1800000, 0x00000000c1900000, 0x00000000c1900000|100%| O|  |TAMS 0x00000000c1800000| PB 0x00000000c1800000| Untracked 
|  25|0x00000000c1900000, 0x00000000c1a00000, 0x00000000c1a00000|100%| O|  |TAMS 0x00000000c1900000| PB 0x00000000c1900000| Untracked 
|  26|0x00000000c1a00000, 0x00000000c1b00000, 0x00000000c1b00000|100%| O|  |TAMS 0x00000000c1a00000| PB 0x00000000c1a00000| Untracked 
|  27|0x00000000c1b00000, 0x00000000c1c00000, 0x00000000c1c00000|100%| O|  |TAMS 0x00000000c1b00000| PB 0x00000000c1b00000| Untracked 
|  28|0x00000000c1c00000, 0x00000000c1d00000, 0x00000000c1d00000|100%| O|  |TAMS 0x00000000c1c00000| PB 0x00000000c1c00000| Untracked 
|  29|0x00000000c1d00000, 0x00000000c1e00000, 0x00000000c1e00000|100%| O|  |TAMS 0x00000000c1d00000| PB 0x00000000c1d00000| Untracked 
|  30|0x00000000c1e00000, 0x00000000c1f00000, 0x00000000c1f00000|100%| O|  |TAMS 0x00000000c1e00000| PB 0x00000000c1e00000| Untracked 
|  31|0x00000000c1f00000, 0x00000000c2000000, 0x00000000c2000000|100%| O|  |TAMS 0x00000000c1f00000| PB 0x00000000c1f00000| Untracked 
|  32|0x00000000c2000000, 0x00000000c2100000, 0x00000000c2100000|100%| O|  |TAMS 0x00000000c2000000| PB 0x00000000c2000000| Untracked 
|  33|0x00000000c2100000, 0x00000000c2200000, 0x00000000c2200000|100%| O|  |TAMS 0x00000000c2100000| PB 0x00000000c2100000| Untracked 
|  34|0x00000000c2200000, 0x00000000c2300000, 0x00000000c2300000|100%| O|  |TAMS 0x00000000c2200000| PB 0x00000000c2200000| Untracked 
|  35|0x00000000c2300000, 0x00000000c2400000, 0x00000000c2400000|100%| O|  |TAMS 0x00000000c2300000| PB 0x00000000c2300000| Untracked 
|  36|0x00000000c2400000, 0x00000000c2500000, 0x00000000c2500000|100%| O|  |TAMS 0x00000000c2400000| PB 0x00000000c2400000| Untracked 
|  37|0x00000000c2500000, 0x00000000c2600000, 0x00000000c2600000|100%| O|  |TAMS 0x00000000c2500000| PB 0x00000000c2500000| Untracked 
|  38|0x00000000c2600000, 0x00000000c2700000, 0x00000000c2700000|100%| O|  |TAMS 0x00000000c2600000| PB 0x00000000c2600000| Untracked 
|  39|0x00000000c2700000, 0x00000000c2800000, 0x00000000c2800000|100%| O|  |TAMS 0x00000000c2700000| PB 0x00000000c2700000| Untracked 
|  40|0x00000000c2800000, 0x00000000c2900000, 0x00000000c2900000|100%| O|  |TAMS 0x00000000c2800000| PB 0x00000000c2800000| Untracked 
|  41|0x00000000c2900000, 0x00000000c2a00000, 0x00000000c2a00000|100%| O|  |TAMS 0x00000000c2900000| PB 0x00000000c2900000| Untracked 
|  42|0x00000000c2a00000, 0x00000000c2b00000, 0x00000000c2b00000|100%| O|  |TAMS 0x00000000c2a00000| PB 0x00000000c2a00000| Untracked 
|  43|0x00000000c2b00000, 0x00000000c2b00000, 0x00000000c2c00000|  0%| F|  |TAMS 0x00000000c2b00000| PB 0x00000000c2b00000| Untracked 
|  44|0x00000000c2c00000, 0x00000000c2d00000, 0x00000000c2d00000|100%| O|  |TAMS 0x00000000c2c00000| PB 0x00000000c2c00000| Untracked 
|  45|0x00000000c2d00000, 0x00000000c2e00000, 0x00000000c2e00000|100%| O|  |TAMS 0x00000000c2d00000| PB 0x00000000c2d00000| Untracked 
|  46|0x00000000c2e00000, 0x00000000c2f00000, 0x00000000c2f00000|100%|HS|  |TAMS 0x00000000c2e00000| PB 0x00000000c2e00000| Complete 
|  47|0x00000000c2f00000, 0x00000000c3000000, 0x00000000c3000000|100%|HS|  |TAMS 0x00000000c2f00000| PB 0x00000000c2f00000| Complete 
|  48|0x00000000c3000000, 0x00000000c3100000, 0x00000000c3100000|100%|HC|  |TAMS 0x00000000c3000000| PB 0x00000000c3000000| Complete 
|  49|0x00000000c3100000, 0x00000000c3200000, 0x00000000c3200000|100%|HS|  |TAMS 0x00000000c3100000| PB 0x00000000c3100000| Complete 
|  50|0x00000000c3200000, 0x00000000c3300000, 0x00000000c3300000|100%|HS|  |TAMS 0x00000000c3200000| PB 0x00000000c3200000| Complete 
|  51|0x00000000c3300000, 0x00000000c3400000, 0x00000000c3400000|100%|HS|  |TAMS 0x00000000c3300000| PB 0x00000000c3300000| Complete 
|  52|0x00000000c3400000, 0x00000000c3500000, 0x00000000c3500000|100%|HS|  |TAMS 0x00000000c3400000| PB 0x00000000c3400000| Complete 
|  53|0x00000000c3500000, 0x00000000c3600000, 0x00000000c3600000|100%|HS|  |TAMS 0x00000000c3500000| PB 0x00000000c3500000| Complete 
|  54|0x00000000c3600000, 0x00000000c3700000, 0x00000000c3700000|100%|HC|  |TAMS 0x00000000c3600000| PB 0x00000000c3600000| Complete 
|  55|0x00000000c3700000, 0x00000000c3800000, 0x00000000c3800000|100%| O|  |TAMS 0x00000000c3700000| PB 0x00000000c3700000| Untracked 
|  56|0x00000000c3800000, 0x00000000c3900000, 0x00000000c3900000|100%| O|  |TAMS 0x00000000c3800000| PB 0x00000000c3800000| Untracked 
|  57|0x00000000c3900000, 0x00000000c3a00000, 0x00000000c3a00000|100%| O|  |TAMS 0x00000000c3900000| PB 0x00000000c3900000| Untracked 
|  58|0x00000000c3a00000, 0x00000000c3b00000, 0x00000000c3b00000|100%| O|  |TAMS 0x00000000c3a00000| PB 0x00000000c3a00000| Untracked 
|  59|0x00000000c3b00000, 0x00000000c3c00000, 0x00000000c3c00000|100%| O|  |TAMS 0x00000000c3b00000| PB 0x00000000c3b00000| Untracked 
|  60|0x00000000c3c00000, 0x00000000c3d00000, 0x00000000c3d00000|100%| O|  |TAMS 0x00000000c3c00000| PB 0x00000000c3c00000| Untracked 
|  61|0x00000000c3d00000, 0x00000000c3e00000, 0x00000000c3e00000|100%|HS|  |TAMS 0x00000000c3d00000| PB 0x00000000c3d00000| Complete 
|  62|0x00000000c3e00000, 0x00000000c3f00000, 0x00000000c3f00000|100%| O|  |TAMS 0x00000000c3e00000| PB 0x00000000c3e00000| Untracked 
|  63|0x00000000c3f00000, 0x00000000c4000000, 0x00000000c4000000|100%| O|  |TAMS 0x00000000c3f00000| PB 0x00000000c3f00000| Untracked 
|  64|0x00000000c4000000, 0x00000000c4100000, 0x00000000c4100000|100%| O|  |TAMS 0x00000000c4000000| PB 0x00000000c4000000| Untracked 
|  65|0x00000000c4100000, 0x00000000c4200000, 0x00000000c4200000|100%| O|  |TAMS 0x00000000c4100000| PB 0x00000000c4100000| Untracked 
|  66|0x00000000c4200000, 0x00000000c4300000, 0x00000000c4300000|100%| O|  |TAMS 0x00000000c4200000| PB 0x00000000c4200000| Untracked 
|  67|0x00000000c4300000, 0x00000000c4400000, 0x00000000c4400000|100%|HS|  |TAMS 0x00000000c4300000| PB 0x00000000c4300000| Complete 
|  68|0x00000000c4400000, 0x00000000c4500000, 0x00000000c4500000|100%| O|  |TAMS 0x00000000c4400000| PB 0x00000000c4400000| Untracked 
|  69|0x00000000c4500000, 0x00000000c4600000, 0x00000000c4600000|100%| O|  |TAMS 0x00000000c4500000| PB 0x00000000c4500000| Untracked 
|  70|0x00000000c4600000, 0x00000000c4600000, 0x00000000c4700000|  0%| F|  |TAMS 0x00000000c4600000| PB 0x00000000c4600000| Untracked 
|  71|0x00000000c4700000, 0x00000000c4800000, 0x00000000c4800000|100%| O|  |TAMS 0x00000000c4700000| PB 0x00000000c4700000| Untracked 
|  72|0x00000000c4800000, 0x00000000c4800000, 0x00000000c4900000|  0%| F|  |TAMS 0x00000000c4800000| PB 0x00000000c4800000| Untracked 
|  73|0x00000000c4900000, 0x00000000c4a00000, 0x00000000c4a00000|100%| O|  |TAMS 0x00000000c4900000| PB 0x00000000c4900000| Untracked 
|  74|0x00000000c4a00000, 0x00000000c4b00000, 0x00000000c4b00000|100%| O|  |TAMS 0x00000000c4a00000| PB 0x00000000c4a00000| Untracked 
|  75|0x00000000c4b00000, 0x00000000c4c00000, 0x00000000c4c00000|100%| O|  |TAMS 0x00000000c4b00000| PB 0x00000000c4b00000| Untracked 
|  76|0x00000000c4c00000, 0x00000000c4d00000, 0x00000000c4d00000|100%| O|  |TAMS 0x00000000c4c00000| PB 0x00000000c4c00000| Untracked 
|  77|0x00000000c4d00000, 0x00000000c4e00000, 0x00000000c4e00000|100%| O|  |TAMS 0x00000000c4d00000| PB 0x00000000c4d00000| Untracked 
|  78|0x00000000c4e00000, 0x00000000c4f00000, 0x00000000c4f00000|100%| O|  |TAMS 0x00000000c4e00000| PB 0x00000000c4e00000| Untracked 
|  79|0x00000000c4f00000, 0x00000000c4fd47d8, 0x00000000c5000000| 83%| O|  |TAMS 0x00000000c4f00000| PB 0x00000000c4f00000| Untracked 
|  80|0x00000000c5000000, 0x00000000c5000000, 0x00000000c5100000|  0%| F|  |TAMS 0x00000000c5000000| PB 0x00000000c5000000| Untracked 
|  81|0x00000000c5100000, 0x00000000c5100000, 0x00000000c5200000|  0%| F|  |TAMS 0x00000000c5100000| PB 0x00000000c5100000| Untracked 
|  82|0x00000000c5200000, 0x00000000c5200000, 0x00000000c5300000|  0%| F|  |TAMS 0x00000000c5200000| PB 0x00000000c5200000| Untracked 
|  83|0x00000000c5300000, 0x00000000c53e3fb8, 0x00000000c5400000| 89%| S|CS|TAMS 0x00000000c5300000| PB 0x00000000c5300000| Complete 
|  84|0x00000000c5400000, 0x00000000c5500000, 0x00000000c5500000|100%| S|CS|TAMS 0x00000000c5400000| PB 0x00000000c5400000| Complete 
|  85|0x00000000c5500000, 0x00000000c5600000, 0x00000000c5600000|100%| S|CS|TAMS 0x00000000c5500000| PB 0x00000000c5500000| Complete 
|  86|0x00000000c5600000, 0x00000000c5700000, 0x00000000c5700000|100%| S|CS|TAMS 0x00000000c5600000| PB 0x00000000c5600000| Complete 
|  87|0x00000000c5700000, 0x00000000c5700000, 0x00000000c5800000|  0%| F|  |TAMS 0x00000000c5700000| PB 0x00000000c5700000| Untracked 
|  88|0x00000000c5800000, 0x00000000c5800000, 0x00000000c5900000|  0%| F|  |TAMS 0x00000000c5800000| PB 0x00000000c5800000| Untracked 
|  89|0x00000000c5900000, 0x00000000c5900000, 0x00000000c5a00000|  0%| F|  |TAMS 0x00000000c5900000| PB 0x00000000c5900000| Untracked 
|  90|0x00000000c5a00000, 0x00000000c5a00000, 0x00000000c5b00000|  0%| F|  |TAMS 0x00000000c5a00000| PB 0x00000000c5a00000| Untracked 
|  91|0x00000000c5b00000, 0x00000000c5b00000, 0x00000000c5c00000|  0%| F|  |TAMS 0x00000000c5b00000| PB 0x00000000c5b00000| Untracked 
|  92|0x00000000c5c00000, 0x00000000c5c00000, 0x00000000c5d00000|  0%| F|  |TAMS 0x00000000c5c00000| PB 0x00000000c5c00000| Untracked 
|  93|0x00000000c5d00000, 0x00000000c5d00000, 0x00000000c5e00000|  0%| F|  |TAMS 0x00000000c5d00000| PB 0x00000000c5d00000| Untracked 
|  94|0x00000000c5e00000, 0x00000000c5e00000, 0x00000000c5f00000|  0%| F|  |TAMS 0x00000000c5e00000| PB 0x00000000c5e00000| Untracked 
|  95|0x00000000c5f00000, 0x00000000c5f00000, 0x00000000c6000000|  0%| F|  |TAMS 0x00000000c5f00000| PB 0x00000000c5f00000| Untracked 
|  96|0x00000000c6000000, 0x00000000c6000000, 0x00000000c6100000|  0%| F|  |TAMS 0x00000000c6000000| PB 0x00000000c6000000| Untracked 
|  97|0x00000000c6100000, 0x00000000c6100000, 0x00000000c6200000|  0%| F|  |TAMS 0x00000000c6100000| PB 0x00000000c6100000| Untracked 
|  98|0x00000000c6200000, 0x00000000c6200000, 0x00000000c6300000|  0%| F|  |TAMS 0x00000000c6200000| PB 0x00000000c6200000| Untracked 
|  99|0x00000000c6300000, 0x00000000c6300000, 0x00000000c6400000|  0%| F|  |TAMS 0x00000000c6300000| PB 0x00000000c6300000| Untracked 
| 100|0x00000000c6400000, 0x00000000c6400000, 0x00000000c6500000|  0%| F|  |TAMS 0x00000000c6400000| PB 0x00000000c6400000| Untracked 
| 101|0x00000000c6500000, 0x00000000c6500000, 0x00000000c6600000|  0%| F|  |TAMS 0x00000000c6500000| PB 0x00000000c6500000| Untracked 
| 102|0x00000000c6600000, 0x00000000c6600000, 0x00000000c6700000|  0%| F|  |TAMS 0x00000000c6600000| PB 0x00000000c6600000| Untracked 
| 103|0x00000000c6700000, 0x00000000c6700000, 0x00000000c6800000|  0%| F|  |TAMS 0x00000000c6700000| PB 0x00000000c6700000| Untracked 
| 104|0x00000000c6800000, 0x00000000c6800000, 0x00000000c6900000|  0%| F|  |TAMS 0x00000000c6800000| PB 0x00000000c6800000| Untracked 
| 105|0x00000000c6900000, 0x00000000c6900000, 0x00000000c6a00000|  0%| F|  |TAMS 0x00000000c6900000| PB 0x00000000c6900000| Untracked 
| 106|0x00000000c6a00000, 0x00000000c6a00000, 0x00000000c6b00000|  0%| F|  |TAMS 0x00000000c6a00000| PB 0x00000000c6a00000| Untracked 
| 107|0x00000000c6b00000, 0x00000000c6b00000, 0x00000000c6c00000|  0%| F|  |TAMS 0x00000000c6b00000| PB 0x00000000c6b00000| Untracked 
| 108|0x00000000c6c00000, 0x00000000c6c00000, 0x00000000c6d00000|  0%| F|  |TAMS 0x00000000c6c00000| PB 0x00000000c6c00000| Untracked 
| 109|0x00000000c6d00000, 0x00000000c6d00000, 0x00000000c6e00000|  0%| F|  |TAMS 0x00000000c6d00000| PB 0x00000000c6d00000| Untracked 
| 110|0x00000000c6e00000, 0x00000000c6e00000, 0x00000000c6f00000|  0%| F|  |TAMS 0x00000000c6e00000| PB 0x00000000c6e00000| Untracked 
| 111|0x00000000c6f00000, 0x00000000c6f00000, 0x00000000c7000000|  0%| F|  |TAMS 0x00000000c6f00000| PB 0x00000000c6f00000| Untracked 
| 112|0x00000000c7000000, 0x00000000c7000000, 0x00000000c7100000|  0%| F|  |TAMS 0x00000000c7000000| PB 0x00000000c7000000| Untracked 
| 113|0x00000000c7100000, 0x00000000c7100000, 0x00000000c7200000|  0%| F|  |TAMS 0x00000000c7100000| PB 0x00000000c7100000| Untracked 
| 114|0x00000000c7200000, 0x00000000c7200000, 0x00000000c7300000|  0%| F|  |TAMS 0x00000000c7200000| PB 0x00000000c7200000| Untracked 
| 115|0x00000000c7300000, 0x00000000c7300000, 0x00000000c7400000|  0%| F|  |TAMS 0x00000000c7300000| PB 0x00000000c7300000| Untracked 
| 116|0x00000000c7400000, 0x00000000c7400000, 0x00000000c7500000|  0%| F|  |TAMS 0x00000000c7400000| PB 0x00000000c7400000| Untracked 
| 117|0x00000000c7500000, 0x00000000c7500000, 0x00000000c7600000|  0%| F|  |TAMS 0x00000000c7500000| PB 0x00000000c7500000| Untracked 
| 118|0x00000000c7600000, 0x00000000c7600000, 0x00000000c7700000|  0%| F|  |TAMS 0x00000000c7600000| PB 0x00000000c7600000| Untracked 
| 119|0x00000000c7700000, 0x00000000c7700000, 0x00000000c7800000|  0%| F|  |TAMS 0x00000000c7700000| PB 0x00000000c7700000| Untracked 
| 120|0x00000000c7800000, 0x00000000c7800000, 0x00000000c7900000|  0%| F|  |TAMS 0x00000000c7800000| PB 0x00000000c7800000| Untracked 
| 121|0x00000000c7900000, 0x00000000c7900000, 0x00000000c7a00000|  0%| F|  |TAMS 0x00000000c7900000| PB 0x00000000c7900000| Untracked 
| 122|0x00000000c7a00000, 0x00000000c7a00000, 0x00000000c7b00000|  0%| F|  |TAMS 0x00000000c7a00000| PB 0x00000000c7a00000| Untracked 
| 123|0x00000000c7b00000, 0x00000000c7b00000, 0x00000000c7c00000|  0%| F|  |TAMS 0x00000000c7b00000| PB 0x00000000c7b00000| Untracked 
| 124|0x00000000c7c00000, 0x00000000c7c00000, 0x00000000c7d00000|  0%| F|  |TAMS 0x00000000c7c00000| PB 0x00000000c7c00000| Untracked 
| 125|0x00000000c7d00000, 0x00000000c7d00000, 0x00000000c7e00000|  0%| F|  |TAMS 0x00000000c7d00000| PB 0x00000000c7d00000| Untracked 
| 126|0x00000000c7e00000, 0x00000000c7e00000, 0x00000000c7f00000|  0%| F|  |TAMS 0x00000000c7e00000| PB 0x00000000c7e00000| Untracked 
| 127|0x00000000c7f00000, 0x00000000c7f00000, 0x00000000c8000000|  0%| F|  |TAMS 0x00000000c7f00000| PB 0x00000000c7f00000| Untracked 
| 128|0x00000000c8000000, 0x00000000c8000000, 0x00000000c8100000|  0%| F|  |TAMS 0x00000000c8000000| PB 0x00000000c8000000| Untracked 
| 129|0x00000000c8100000, 0x00000000c8100000, 0x00000000c8200000|  0%| F|  |TAMS 0x00000000c8100000| PB 0x00000000c8100000| Untracked 
| 130|0x00000000c8200000, 0x00000000c8200000, 0x00000000c8300000|  0%| F|  |TAMS 0x00000000c8200000| PB 0x00000000c8200000| Untracked 
| 131|0x00000000c8300000, 0x00000000c8300000, 0x00000000c8400000|  0%| F|  |TAMS 0x00000000c8300000| PB 0x00000000c8300000| Untracked 
| 132|0x00000000c8400000, 0x00000000c8400000, 0x00000000c8500000|  0%| F|  |TAMS 0x00000000c8400000| PB 0x00000000c8400000| Untracked 
| 133|0x00000000c8500000, 0x00000000c8500000, 0x00000000c8600000|  0%| F|  |TAMS 0x00000000c8500000| PB 0x00000000c8500000| Untracked 
|1019|0x00000000ffb00000, 0x00000000ffc00000, 0x00000000ffc00000|100%| O|  |TAMS 0x00000000ffb00000| PB 0x00000000ffb00000| Untracked 
|1020|0x00000000ffc00000, 0x00000000ffd00000, 0x00000000ffd00000|100%| E|  |TAMS 0x00000000ffc00000| PB 0x00000000ffc00000| Complete 
|1021|0x00000000ffd00000, 0x00000000ffe00000, 0x00000000ffe00000|100%| O|  |TAMS 0x00000000ffd00000| PB 0x00000000ffd00000| Untracked 
|1022|0x00000000ffe00000, 0x00000000fff00000, 0x00000000fff00000|100%| O|  |TAMS 0x00000000ffe00000| PB 0x00000000ffe00000| Untracked 
|1023|0x00000000fff00000, 0x0000000100000000, 0x0000000100000000|100%| O|  |TAMS 0x00000000fff00000| PB 0x00000000fff00000| Untracked 

Card table byte_map: [0x0000020d7cfa0000,0x0000020d7d1a0000] _byte_map_base: 0x0000020d7c9a0000

Marking Bits: (CMBitMap*) 0x0000020d68878b00
 Bits: [0x0000020d7d1a0000, 0x0000020d7e1a0000)

Polling page: 0x0000020d68910000

Metaspace:

Usage:
  Non-class:     72.72 MB used.
      Class:     12.00 MB used.
       Both:     84.71 MB used.

Virtual space:
  Non-class space:      128.00 MB reserved,      73.75 MB ( 58%) committed,  2 nodes.
      Class space:        1.00 GB reserved,      13.06 MB (  1%) committed,  1 nodes.
             Both:        1.12 GB reserved,      86.81 MB (  8%) committed. 

Chunk freelists:
   Non-Class:  5.88 MB
       Class:  2.89 MB
        Both:  8.77 MB

MaxMetaspaceSize: unlimited
CompressedClassSpaceSize: 1.00 GB
Initial GC threshold: 21.00 MB
Current GC threshold: 134.00 MB
CDS: on
 - commit_granule_bytes: 65536.
 - commit_granule_words: 8192.
 - virtual_space_node_default_size: 8388608.
 - enlarge_chunks_in_place: 1.
 - use_allocation_guard: 0.


Internal statistics:

num_allocs_failed_limit: 12.
num_arena_births: 3962.
num_arena_deaths: 0.
num_vsnodes_births: 3.
num_vsnodes_deaths: 0.
num_space_committed: 1389.
num_space_uncommitted: 0.
num_chunks_returned_to_freelist: 12.
num_chunks_taken_from_freelist: 7995.
num_chunk_merges: 6.
num_chunk_splits: 5260.
num_chunks_enlarged: 3307.
num_inconsistent_stats: 0.

CodeHeap 'non-profiled nmethods': size=120000Kb used=5100Kb max_used=5100Kb free=114899Kb
 bounds [0x0000020d74e10000, 0x0000020d75310000, 0x0000020d7c340000]
CodeHeap 'profiled nmethods': size=120000Kb used=17399Kb max_used=17399Kb free=102600Kb
 bounds [0x0000020d6d340000, 0x0000020d6e440000, 0x0000020d74870000]
CodeHeap 'non-nmethods': size=5760Kb used=2711Kb max_used=2739Kb free=3049Kb
 bounds [0x0000020d74870000, 0x0000020d74b30000, 0x0000020d74e10000]
CodeCache: size=245760Kb, used=25210Kb, max_used=25238Kb, free=220548Kb
 total_blobs=10505, nmethods=9536, adapters=873, full_count=0
Compilation: enabled, stopped_count=0, restarted_count=0

Compilation events (20 events):
Event: 72.222 Thread 0x0000020d7ebe3810 11154   !   3       java.nio.charset.CharsetDecoder::decode (275 bytes)
Event: 72.224 Thread 0x0000020d7ebe3810 nmethod 11154 0x0000020d6e438b10 code [0x0000020d6e438e40, 0x0000020d6e43a258]
Event: 72.226 Thread 0x0000020d4a165a80 11150       4       org.objectweb.asm.Type::hashCode (68 bytes)
Event: 72.229 Thread 0x0000020d4a165a80 nmethod 11150 0x0000020d75308010 code [0x0000020d753081c0, 0x0000020d753083c0]
Event: 72.229 Thread 0x0000020d4a165a80 11147       4       java.lang.invoke.LambdaFormEditor::getInCache (165 bytes)
Event: 72.241 Thread 0x0000020d4a165a80 nmethod 11147 0x0000020d75308610 code [0x0000020d753087c0, 0x0000020d75308c80]
Event: 72.241 Thread 0x0000020d4a165a80 11153       4       java.lang.invoke.LambdaFormEditor$TransformKey::inRange (36 bytes)
Event: 72.241 Thread 0x0000020d4a165a80 nmethod 11153 0x0000020d75308e90 code [0x0000020d75309000, 0x0000020d75309070]
Event: 72.241 Thread 0x0000020d4a165a80 11152       4       java.util.ImmutableCollections$Set12$1::hasNext (13 bytes)
Event: 72.242 Thread 0x0000020d4a165a80 nmethod 11152 0x0000020d75309190 code [0x0000020d75309320, 0x0000020d753093b8]
Event: 72.297 Thread 0x0000020d7ebe3810 11155       1       com.google.gson.reflect.TypeToken::hashCode (5 bytes)
Event: 72.298 Thread 0x0000020d7ebe3810 nmethod 11155 0x0000020d75309490 code [0x0000020d75309620, 0x0000020d753096e8]
Event: 72.300 Thread 0x0000020d7ebe3810 11156       1       com.google.gson.reflect.TypeToken::getType (5 bytes)
Event: 72.301 Thread 0x0000020d7ebe3810 nmethod 11156 0x0000020d75309790 code [0x0000020d75309920, 0x0000020d753099e8]
Event: 72.301 Thread 0x0000020d7ebe3810 11157       3       java.lang.invoke.MethodHandles$Lookup::getDirectFieldNoSecurityManager (12 bytes)
Event: 72.302 Thread 0x0000020d7ebe3810 nmethod 11157 0x0000020d6e43a890 code [0x0000020d6e43aa40, 0x0000020d6e43ab80]
Event: 72.447 Thread 0x0000020d4a165a80 11158       4       org.objectweb.asm.MethodWriter::visitLabel (332 bytes)
Event: 72.447 Thread 0x0000020d7ebe3810 11159       3       org.gradle.internal.instantiation.generator.AsmBackedClassGenerator$ClassBuilderImpl::generateToStringSupport (17 bytes)
Event: 72.448 Thread 0x0000020d7ebe3810 nmethod 11159 0x0000020d6e43ac10 code [0x0000020d6e43ae20, 0x0000020d6e43b4a8]
Event: 72.448 Thread 0x0000020d7ebe3810 11160       3       org.gradle.internal.instantiation.generator.AsmBackedClassGenerator$ClassBuilderImpl$$Lambda/0x0000020d031e5a28::<init> (10 bytes)

GC Heap History (20 events):
Event: 52.404 GC heap after
{Heap after GC invocations=26 (full 0):
 garbage-first heap   total 116736K, used 70060K [0x00000000c0000000, 0x0000000100000000)
  region size 1024K, 2 young (2048K), 2 survivors (2048K)
 Metaspace       used 58012K, committed 59776K, reserved 1114112K
  class space    used 8275K, committed 9152K, reserved 1048576K
}
Event: 53.344 GC heap before
{Heap before GC invocations=26 (full 0):
 garbage-first heap   total 116736K, used 95660K [0x00000000c0000000, 0x0000000100000000)
  region size 1024K, 28 young (28672K), 2 survivors (2048K)
 Metaspace       used 60834K, committed 62656K, reserved 1114112K
  class space    used 8582K, committed 9472K, reserved 1048576K
}
Event: 53.349 GC heap after
{Heap after GC invocations=27 (full 0):
 garbage-first heap   total 116736K, used 70044K [0x00000000c0000000, 0x0000000100000000)
  region size 1024K, 3 young (3072K), 3 survivors (3072K)
 Metaspace       used 60834K, committed 62656K, reserved 1114112K
  class space    used 8582K, committed 9472K, reserved 1048576K
}
Event: 55.003 GC heap before
{Heap before GC invocations=27 (full 0):
 garbage-first heap   total 116736K, used 97692K [0x00000000c0000000, 0x0000000100000000)
  region size 1024K, 31 young (31744K), 3 survivors (3072K)
 Metaspace       used 64357K, committed 66304K, reserved 1114112K
  class space    used 9092K, committed 10048K, reserved 1048576K
}
Event: 55.009 GC heap after
{Heap after GC invocations=28 (full 0):
 garbage-first heap   total 116736K, used 71844K [0x00000000c0000000, 0x0000000100000000)
  region size 1024K, 4 young (4096K), 4 survivors (4096K)
 Metaspace       used 64357K, committed 66304K, reserved 1114112K
  class space    used 9092K, committed 10048K, reserved 1048576K
}
Event: 55.938 GC heap before
{Heap before GC invocations=29 (full 0):
 garbage-first heap   total 130048K, used 106660K [0x00000000c0000000, 0x0000000100000000)
  region size 1024K, 33 young (33792K), 4 survivors (4096K)
 Metaspace       used 65762K, committed 67776K, reserved 1114112K
  class space    used 9296K, committed 10304K, reserved 1048576K
}
Event: 55.944 GC heap after
{Heap after GC invocations=30 (full 0):
 garbage-first heap   total 130048K, used 76624K [0x00000000c0000000, 0x0000000100000000)
  region size 1024K, 5 young (5120K), 5 survivors (5120K)
 Metaspace       used 65762K, committed 67776K, reserved 1114112K
  class space    used 9296K, committed 10304K, reserved 1048576K
}
Event: 57.322 GC heap before
{Heap before GC invocations=30 (full 0):
 garbage-first heap   total 130048K, used 112464K [0x00000000c0000000, 0x0000000100000000)
  region size 1024K, 40 young (40960K), 5 survivors (5120K)
 Metaspace       used 68469K, committed 70528K, reserved 1114112K
  class space    used 9625K, committed 10624K, reserved 1048576K
}
Event: 57.329 GC heap after
{Heap after GC invocations=31 (full 0):
 garbage-first heap   total 130048K, used 78190K [0x00000000c0000000, 0x0000000100000000)
  region size 1024K, 3 young (3072K), 3 survivors (3072K)
 Metaspace       used 68469K, committed 70528K, reserved 1114112K
  class space    used 9625K, committed 10624K, reserved 1048576K
}
Event: 59.073 GC heap before
{Heap before GC invocations=31 (full 0):
 garbage-first heap   total 130048K, used 114030K [0x00000000c0000000, 0x0000000100000000)
  region size 1024K, 38 young (38912K), 3 survivors (3072K)
 Metaspace       used 72642K, committed 74624K, reserved 1114112K
  class space    used 10211K, committed 11200K, reserved 1048576K
}
Event: 59.079 GC heap after
{Heap after GC invocations=32 (full 0):
 garbage-first heap   total 130048K, used 79516K [0x00000000c0000000, 0x0000000100000000)
  region size 1024K, 4 young (4096K), 4 survivors (4096K)
 Metaspace       used 72642K, committed 74624K, reserved 1114112K
  class space    used 10211K, committed 11200K, reserved 1048576K
}
Event: 60.532 GC heap before
{Heap before GC invocations=33 (full 0):
 garbage-first heap   total 133120K, used 116380K [0x00000000c0000000, 0x0000000100000000)
  region size 1024K, 40 young (40960K), 4 survivors (4096K)
 Metaspace       used 75375K, committed 77440K, reserved 1179648K
  class space    used 10593K, committed 11584K, reserved 1048576K
}
Event: 60.539 GC heap after
{Heap after GC invocations=34 (full 0):
 garbage-first heap   total 133120K, used 80950K [0x00000000c0000000, 0x0000000100000000)
  region size 1024K, 3 young (3072K), 3 survivors (3072K)
 Metaspace       used 75375K, committed 77440K, reserved 1179648K
  class space    used 10593K, committed 11584K, reserved 1048576K
}
Event: 64.809 GC heap before
{Heap before GC invocations=34 (full 0):
 garbage-first heap   total 133120K, used 120886K [0x00000000c0000000, 0x0000000100000000)
  region size 1024K, 42 young (43008K), 3 survivors (3072K)
 Metaspace       used 76691K, committed 78720K, reserved 1179648K
  class space    used 10794K, committed 11840K, reserved 1048576K
}
Event: 64.817 GC heap after
{Heap after GC invocations=35 (full 0):
 garbage-first heap   total 133120K, used 82722K [0x00000000c0000000, 0x0000000100000000)
  region size 1024K, 6 young (6144K), 6 survivors (6144K)
 Metaspace       used 76691K, committed 78720K, reserved 1179648K
  class space    used 10794K, committed 11840K, reserved 1048576K
}
Event: 66.868 GC heap before
{Heap before GC invocations=35 (full 0):
 garbage-first heap   total 133120K, used 120610K [0x00000000c0000000, 0x0000000100000000)
  region size 1024K, 43 young (44032K), 6 survivors (6144K)
 Metaspace       used 79959K, committed 82048K, reserved 1179648K
  class space    used 11187K, committed 12224K, reserved 1048576K
}
Event: 66.877 GC heap after
{Heap after GC invocations=36 (full 0):
 garbage-first heap   total 133120K, used 84702K [0x00000000c0000000, 0x0000000100000000)
  region size 1024K, 3 young (3072K), 3 survivors (3072K)
 Metaspace       used 79959K, committed 82048K, reserved 1179648K
  class space    used 11187K, committed 12224K, reserved 1048576K
}
Event: 68.711 GC heap before
{Heap before GC invocations=37 (full 0):
 garbage-first heap   total 142336K, used 122590K [0x00000000c0000000, 0x0000000100000000)
  region size 1024K, 39 young (39936K), 3 survivors (3072K)
 Metaspace       used 82893K, committed 85056K, reserved 1179648K
  class space    used 11639K, committed 12736K, reserved 1048576K
}
Event: 68.716 GC heap after
{Heap after GC invocations=38 (full 0):
 garbage-first heap   total 142336K, used 85428K [0x00000000c0000000, 0x0000000100000000)
  region size 1024K, 4 young (4096K), 4 survivors (4096K)
 Metaspace       used 82893K, committed 85056K, reserved 1179648K
  class space    used 11639K, committed 12736K, reserved 1048576K
}
Event: 72.448 GC heap before
{Heap before GC invocations=38 (full 0):
 garbage-first heap   total 142336K, used 130484K [0x00000000c0000000, 0x0000000100000000)
  region size 1024K, 48 young (49152K), 4 survivors (4096K)
 Metaspace       used 86671K, committed 88832K, reserved 1179648K
  class space    used 12275K, committed 13376K, reserved 1048576K
}

Dll operation events (20 events):
Event: 0.169 Attempting to load shared library C:\Users\LENOVO\.antigravity-ide\extensions\redhat.java-1.56.0-win32-x64\jre\21.0.12.1-win32-x86_64\bin\nio.dll
Event: 0.169 Loaded shared library C:\Users\LENOVO\.antigravity-ide\extensions\redhat.java-1.56.0-win32-x64\jre\21.0.12.1-win32-x86_64\bin\nio.dll
Event: 0.173 Attempting to load shared library C:\Users\LENOVO\.antigravity-ide\extensions\redhat.java-1.56.0-win32-x64\jre\21.0.12.1-win32-x86_64\bin\zip.dll
Event: 0.173 Loaded shared library C:\Users\LENOVO\.antigravity-ide\extensions\redhat.java-1.56.0-win32-x64\jre\21.0.12.1-win32-x86_64\bin\zip.dll
Event: 0.653 Attempting to load shared library C:\Users\LENOVO\.antigravity-ide\extensions\redhat.java-1.56.0-win32-x64\jre\21.0.12.1-win32-x86_64\bin\jimage.dll
Event: 0.653 Loaded shared library C:\Users\LENOVO\.antigravity-ide\extensions\redhat.java-1.56.0-win32-x64\jre\21.0.12.1-win32-x86_64\bin\jimage.dll
Event: 0.902 Attempting to load shared library C:\Users\LENOVO\.antigravity-ide\extensions\redhat.java-1.56.0-win32-x64\jre\21.0.12.1-win32-x86_64\bin\verify.dll
Event: 0.903 Loaded shared library C:\Users\LENOVO\.antigravity-ide\extensions\redhat.java-1.56.0-win32-x64\jre\21.0.12.1-win32-x86_64\bin\verify.dll
Event: 1.093 Attempting to load shared library C:\Users\LENOVO\.gradle\native\1def1411415f61bf3af743bc5b6707747c0891f09f0c88961ee8f79bc544acac\windows-amd64\native-platform.dll
Event: 1.094 Loaded shared library C:\Users\LENOVO\.gradle\native\1def1411415f61bf3af743bc5b6707747c0891f09f0c88961ee8f79bc544acac\windows-amd64\native-platform.dll
Event: 1.121 Attempting to load shared library C:\Users\LENOVO\.gradle\native\0.2.7\x86_64-windows-gnu\gradle-fileevents.dll
Event: 1.123 Loaded shared library C:\Users\LENOVO\.gradle\native\0.2.7\x86_64-windows-gnu\gradle-fileevents.dll
Event: 4.029 Attempting to load shared library C:\Users\LENOVO\.antigravity-ide\extensions\redhat.java-1.56.0-win32-x64\jre\21.0.12.1-win32-x86_64\bin\management.dll
Event: 4.029 Loaded shared library C:\Users\LENOVO\.antigravity-ide\extensions\redhat.java-1.56.0-win32-x64\jre\21.0.12.1-win32-x86_64\bin\management.dll
Event: 4.039 Attempting to load shared library C:\Users\LENOVO\.antigravity-ide\extensions\redhat.java-1.56.0-win32-x64\jre\21.0.12.1-win32-x86_64\bin\management_ext.dll
Event: 4.040 Loaded shared library C:\Users\LENOVO\.antigravity-ide\extensions\redhat.java-1.56.0-win32-x64\jre\21.0.12.1-win32-x86_64\bin\management_ext.dll
Event: 5.053 Attempting to load shared library C:\Users\LENOVO\.antigravity-ide\extensions\redhat.java-1.56.0-win32-x64\jre\21.0.12.1-win32-x86_64\bin\extnet.dll
Event: 5.057 Loaded shared library C:\Users\LENOVO\.antigravity-ide\extensions\redhat.java-1.56.0-win32-x64\jre\21.0.12.1-win32-x86_64\bin\extnet.dll
Event: 6.939 Attempting to load shared library C:\Users\LENOVO\.antigravity-ide\extensions\redhat.java-1.56.0-win32-x64\jre\21.0.12.1-win32-x86_64\bin\sunmscapi.dll
Event: 6.961 Loaded shared library C:\Users\LENOVO\.antigravity-ide\extensions\redhat.java-1.56.0-win32-x64\jre\21.0.12.1-win32-x86_64\bin\sunmscapi.dll

Deoptimization events (20 events):
Event: 71.694 Thread 0x0000020d47304b60 DEOPT PACKING pc=0x0000020d75301214 sp=0x0000006d604f7e50
Event: 71.694 Thread 0x0000020d47304b60 DEOPT UNPACKING pc=0x0000020d748c4422 sp=0x0000006d604f7de0 mode 2
Event: 71.706 Thread 0x0000020d47304b60 DEOPT PACKING pc=0x0000020d6e0390b0 sp=0x0000006d604f7b10
Event: 71.706 Thread 0x0000020d47304b60 DEOPT UNPACKING pc=0x0000020d748c4bc2 sp=0x0000006d604f7030 mode 0
Event: 71.922 Thread 0x0000020d47304b60 Uncommon trap: trap_request=0xffffffde fr.pc=0x0000020d750bcc3c relative=0x00000000000006dc
Event: 71.922 Thread 0x0000020d47304b60 Uncommon trap: reason=class_check action=maybe_recompile pc=0x0000020d750bcc3c method=org.gradle.internal.snapshot.impl.AbstractValueProcessor.processValue(Ljava/lang/Object;Lorg/gradle/internal/snapshot/impl/AbstractValueProcessor$ValueVisitor;)Ljava/lan
Event: 71.922 Thread 0x0000020d47304b60 DEOPT PACKING pc=0x0000020d750bcc3c sp=0x0000006d604f8140
Event: 71.922 Thread 0x0000020d47304b60 DEOPT UNPACKING pc=0x0000020d748c4422 sp=0x0000006d604f80b8 mode 2
Event: 71.922 Thread 0x0000020d47304b60 Uncommon trap: trap_request=0xffffffde fr.pc=0x0000020d750bcc3c relative=0x00000000000006dc
Event: 71.922 Thread 0x0000020d47304b60 Uncommon trap: reason=class_check action=maybe_recompile pc=0x0000020d750bcc3c method=org.gradle.internal.snapshot.impl.AbstractValueProcessor.processValue(Ljava/lang/Object;Lorg/gradle/internal/snapshot/impl/AbstractValueProcessor$ValueVisitor;)Ljava/lan
Event: 71.922 Thread 0x0000020d47304b60 DEOPT PACKING pc=0x0000020d750bcc3c sp=0x0000006d604f8140
Event: 71.922 Thread 0x0000020d47304b60 DEOPT UNPACKING pc=0x0000020d748c4422 sp=0x0000006d604f80b8 mode 2
Event: 72.287 Thread 0x0000020d47304b60 Uncommon trap: trap_request=0xffffff45 fr.pc=0x0000020d74f4880c relative=0x000000000000006c
Event: 72.287 Thread 0x0000020d47304b60 Uncommon trap: reason=unstable_if action=reinterpret pc=0x0000020d74f4880c method=java.util.Objects.equals(Ljava/lang/Object;Ljava/lang/Object;)Z @ 6 c2
Event: 72.287 Thread 0x0000020d47304b60 DEOPT PACKING pc=0x0000020d74f4880c sp=0x0000006d604f7e30
Event: 72.287 Thread 0x0000020d47304b60 DEOPT UNPACKING pc=0x0000020d748c4422 sp=0x0000006d604f7dd0 mode 2
Event: 72.301 Thread 0x0000020d47304b60 Uncommon trap: trap_request=0xffffff45 fr.pc=0x0000020d752d6c90 relative=0x0000000000000370
Event: 72.301 Thread 0x0000020d47304b60 Uncommon trap: reason=unstable_if action=reinterpret pc=0x0000020d752d6c90 method=com.google.gson.stream.JsonReader.doPeek()I @ 528 c2
Event: 72.301 Thread 0x0000020d47304b60 DEOPT PACKING pc=0x0000020d752d6c90 sp=0x0000006d604f8340
Event: 72.301 Thread 0x0000020d47304b60 DEOPT UNPACKING pc=0x0000020d748c4422 sp=0x0000006d604f82c0 mode 2

Classes loaded (20 events):
Event: 65.500 Loading class java/io/CharArrayReader
Event: 65.502 Loading class java/io/CharArrayReader done
Event: 67.546 Loading class java/util/concurrent/atomic/AtomicIntegerArray
Event: 67.547 Loading class java/util/concurrent/atomic/AtomicIntegerArray done
Event: 67.552 Loading class java/util/Currency
Event: 67.554 Loading class java/util/Currency done
Event: 67.568 Loading class java/util/concurrent/atomic/AtomicLongArray
Event: 67.568 Loading class java/util/concurrent/atomic/AtomicLongArray done
Event: 67.659 Loading class sun/reflect/generics/repository/FieldRepository
Event: 67.661 Loading class sun/reflect/generics/repository/FieldRepository done
Event: 67.715 Loading class jdk/internal/vm/annotation/ForceInline
Event: 67.715 Loading class jdk/internal/vm/annotation/ForceInline done
Event: 67.912 Loading class java/util/regex/Pattern$Caret
Event: 67.913 Loading class java/util/regex/Pattern$Caret done
Event: 72.001 Loading class java/net/Proxy
Event: 72.001 Loading class java/net/Proxy done
Event: 72.001 Loading class java/net/Proxy$Type
Event: 72.001 Loading class java/net/Proxy$Type done
Event: 72.287 Loading class java/io/FileReader
Event: 72.287 Loading class java/io/FileReader done

Classes unloaded (0 events):
No events

Classes redefined (0 events):
No events

Internal exceptions (20 events):
Event: 60.510 Thread 0x0000020d47304b60 Exception <a 'java/lang/ClassNotFoundException'{0x00000000c592ff20}: groovy/lang/ClosureCustomizer> (0x00000000c592ff20) 
thrown [s\src\hotspot\share\classfile\systemDictionary.cpp, line 313]
Event: 60.515 Thread 0x0000020d47304b60 Exception <a 'java/lang/ClassNotFoundException'{0x00000000c59661a8}: groovy/lang/Closure$1Customizer> (0x00000000c59661a8) 
thrown [s\src\hotspot\share\classfile\systemDictionary.cpp, line 313]
Event: 60.527 Thread 0x0000020d47304b60 Exception <a 'java/lang/ClassNotFoundException'{0x00000000c59d5b08}: org/jetbrains/kotlin/gradle/targets/js/npm/DefaultNpmDependencyExtensionBeanInfo> (0x00000000c59d5b08) 
thrown [s\src\hotspot\share\classfile\systemDictionary.cpp, line 313]
Event: 60.528 Thread 0x0000020d47304b60 Exception <a 'java/lang/ClassNotFoundException'{0x00000000c59e0df8}: org/jetbrains/kotlin/gradle/targets/js/npm/DefaultNpmDependencyExtensionCustomizer> (0x00000000c59e0df8) 
thrown [s\src\hotspot\share\classfile\systemDictionary.cpp, line 313]
Event: 60.555 Thread 0x0000020d47304b60 Exception <a 'java/lang/ClassNotFoundException'{0x00000000c7c71fb8}: org/jetbrains/kotlin/gradle/targets/js/npm/NpmDependencyExtensionKt$defaultNpmDependencyDelegate$1BeanInfo> (0x00000000c7c71fb8) 
thrown [s\src\hotspot\share\classfile\systemDictionary.cpp, line 313]
Event: 60.557 Thread 0x0000020d47304b60 Exception <a 'java/lang/ClassNotFoundException'{0x00000000c7c7d2f0}: org/jetbrains/kotlin/gradle/targets/js/npm/NpmDependencyExtensionDelegateBeanInfo> (0x00000000c7c7d2f0) 
thrown [s\src\hotspot\share\classfile\systemDictionary.cpp, line 313]
Event: 60.558 Thread 0x0000020d47304b60 Exception <a 'java/lang/ClassNotFoundException'{0x00000000c7c892a8}: org/jetbrains/kotlin/gradle/targets/js/npm/NpmDependencyExtensionDelegateCustomizer> (0x00000000c7c892a8) 
thrown [s\src\hotspot\share\classfile\systemDictionary.cpp, line 313]
Event: 60.563 Thread 0x0000020d47304b60 Exception <a 'java/lang/ClassNotFoundException'{0x00000000c7cb80f8}: org/jetbrains/kotlin/gradle/targets/js/npm/NpmDependencyExtensionKt$defaultNpmDependencyDelegate$1Customizer> (0x00000000c7cb80f8) 
thrown [s\src\hotspot\share\classfile\systemDictionary.cpp, line 313]
Event: 60.569 Thread 0x0000020d47304b60 Exception <a 'java/lang/ClassNotFoundException'{0x00000000c7cf8b40}: org/jetbrains/kotlin/gradle/targets/js/npm/DefaultDevNpmDependencyExtensionBeanInfo> (0x00000000c7cf8b40) 
thrown [s\src\hotspot\share\classfile\systemDictionary.cpp, line 313]
Event: 60.571 Thread 0x0000020d47304b60 Exception <a 'java/lang/ClassNotFoundException'{0x00000000c7b04110}: org/jetbrains/kotlin/gradle/targets/js/npm/DefaultDevNpmDependencyExtensionCustomizer> (0x00000000c7b04110) 
thrown [s\src\hotspot\share\classfile\systemDictionary.cpp, line 313]
Event: 60.582 Thread 0x0000020d47304b60 Exception <a 'java/lang/ClassNotFoundException'{0x00000000c7b4dc38}: org/jetbrains/kotlin/gradle/targets/js/npm/DefaultPeerNpmDependencyExtensionBeanInfo> (0x00000000c7b4dc38) 
thrown [s\src\hotspot\share\classfile\systemDictionary.cpp, line 313]
Event: 60.584 Thread 0x0000020d47304b60 Exception <a 'java/lang/ClassNotFoundException'{0x00000000c7b58f80}: org/jetbrains/kotlin/gradle/targets/js/npm/DefaultPeerNpmDependencyExtensionCustomizer> (0x00000000c7b58f80) 
thrown [s\src\hotspot\share\classfile\systemDictionary.cpp, line 313]
Event: 60.596 Thread 0x0000020d47304b60 Exception <a 'java/lang/ClassNotFoundException'{0x00000000c7bb01c0}: org/jetbrains/kotlin/gradle/targets/js/npm/DefaultPeerNpmDependencyExtension$delegate$1BeanInfo> (0x00000000c7bb01c0) 
thrown [s\src\hotspot\share\classfile\systemDictionary.cpp, line 313]
Event: 60.597 Thread 0x0000020d47304b60 Exception <a 'java/lang/ClassNotFoundException'{0x00000000c7bbb780}: org/jetbrains/kotlin/gradle/targets/js/npm/DefaultPeerNpmDependencyExtension$delegate$1Customizer> (0x00000000c7bbb780) 
thrown [s\src\hotspot\share\classfile\systemDictionary.cpp, line 313]
Event: 60.670 Thread 0x0000020d47304b60 Exception <a 'java/lang/NoSuchMethodError'{0x00000000c7960bf8}: 'java.lang.Object java.lang.invoke.DirectMethodHandle$Holder.invokeStaticInit(java.lang.Object, int)'> (0x00000000c7960bf8) 
thrown [s\src\hotspot\share\interpreter\linkResolver.cpp, line 773]
Event: 60.674 Thread 0x0000020d47304b60 Exception <a 'java/lang/NoSuchMethodError'{0x00000000c796d8b0}: 'java.lang.Object java.lang.invoke.DirectMethodHandle$Holder.invokeStatic(java.lang.Object, int, java.lang.Object)'> (0x00000000c796d8b0) 
thrown [s\src\hotspot\share\interpreter\linkResolver.cpp, line 773]
Event: 60.674 Thread 0x0000020d47304b60 Exception <a 'java/lang/NoSuchMethodError'{0x00000000c7971e78}: 'java.lang.Object java.lang.invoke.DirectMethodHandle$Holder.invokeStaticInit(java.lang.Object, int, java.lang.Object)'> (0x00000000c7971e78) 
thrown [s\src\hotspot\share\interpreter\linkResolver.cpp, line 773]
Event: 66.746 Thread 0x0000020d47304b60 Exception <a 'java/lang/NoSuchMethodError'{0x00000000c5cc9b18}: 'java.lang.Object java.lang.invoke.DirectMethodHandle$Holder.newInvokeSpecial(java.lang.Object, java.lang.Object, java.lang.Object, java.lang.Object, java.lang.Object, java.lang.Object, java.lang.Object, java.lang.Object, java.lang.Object, java.lang.Object, java.lang.Object, java.lang.Object, java.lang.Object, java.lang.Object)'> (0x00000000c5cc9b18) 
thrown [s\src\hotspot\share\interpreter\linkResolver.cpp, line 773]
Event: 67.717 Thread 0x0000020d47304b60 Exception <a 'java/lang/NoSuchMethodError'{0x00000000c743a088}: 'void java.lang.invoke.Invokers$Holder.invokeExact_MT(java.lang.Object, java.lang.Object, java.lang.Object, java.lang.Object)'> (0x00000000c743a088) 
thrown [s\src\hotspot\share\interpreter\linkResolver.cpp, line 773]
Event: 71.765 Thread 0x0000020d47304b60 Exception <a 'java/lang/NoSuchMethodError'{0x00000000c5d44278}: 'java.lang.Object java.lang.invoke.Invokers$Holder.invokeExact_MT(java.lang.Object, java.lang.Object, java.lang.Object, int, java.lang.Object, java.lang.Object)'> (0x00000000c5d44278) 
thrown [s\src\hotspot\share\interpreter\linkResolver.cpp, line 773]

ZGC Phase Switch (0 events):
No events

VM Operations (20 events):
Event: 66.877 Executing safepoint VM operation: G1CollectForAllocation (G1 Evacuation Pause) done
Event: 66.985 Executing safepoint VM operation: G1PauseRemark
Event: 66.995 Executing safepoint VM operation: G1PauseRemark done
Event: 67.045 Executing safepoint VM operation: G1PauseCleanup
Event: 67.045 Executing safepoint VM operation: G1PauseCleanup done
Event: 68.056 Executing safepoint VM operation: Cleanup
Event: 68.056 Executing safepoint VM operation: Cleanup done
Event: 68.711 Executing safepoint VM operation: G1CollectForAllocation (G1 Evacuation Pause)
Event: 68.716 Executing safepoint VM operation: G1CollectForAllocation (G1 Evacuation Pause) done
Event: 69.724 Executing safepoint VM operation: Cleanup
Event: 69.724 Executing safepoint VM operation: Cleanup done
Event: 70.728 Executing safepoint VM operation: Cleanup
Event: 70.728 Executing safepoint VM operation: Cleanup done
Event: 71.730 Executing safepoint VM operation: Cleanup
Event: 71.730 Executing safepoint VM operation: Cleanup done
Event: 72.282 Executing non-safepoint VM operation: HandshakeAllThreads (Deoptimize)
Event: 72.282 Executing non-safepoint VM operation: HandshakeAllThreads (Deoptimize) done
Event: 72.295 Executing non-safepoint VM operation: HandshakeAllThreads (Deoptimize)
Event: 72.296 Executing non-safepoint VM operation: HandshakeAllThreads (Deoptimize) done
Event: 72.448 Executing safepoint VM operation: G1CollectForAllocation (G1 Evacuation Pause)

Memory protections (0 events):
No events

Nmethod flushes (20 events):
Event: 66.993 Thread 0x0000020d7ebbc170 flushing  nmethod 0x0000020d7519bd90
Event: 66.993 Thread 0x0000020d7ebbc170 flushing  nmethod 0x0000020d6d423290
Event: 66.993 Thread 0x0000020d7ebbc170 flushing  nmethod 0x0000020d6d49c710
Event: 66.993 Thread 0x0000020d7ebbc170 flushing osr nmethod 0x0000020d6d83fa90
Event: 66.993 Thread 0x0000020d7ebbc170 flushing  nmethod 0x0000020d6d91a210
Event: 66.993 Thread 0x0000020d7ebbc170 flushing  nmethod 0x0000020d6d9ac410
Event: 66.993 Thread 0x0000020d7ebbc170 flushing  nmethod 0x0000020d6d9ad190
Event: 66.993 Thread 0x0000020d7ebbc170 flushing  nmethod 0x0000020d6d9cd290
Event: 66.993 Thread 0x0000020d7ebbc170 flushing  nmethod 0x0000020d6d9cda10
Event: 66.993 Thread 0x0000020d7ebbc170 flushing  nmethod 0x0000020d6daaa510
Event: 66.993 Thread 0x0000020d7ebbc170 flushing  nmethod 0x0000020d6db53010
Event: 66.993 Thread 0x0000020d7ebbc170 flushing  nmethod 0x0000020d6dde0890
Event: 66.993 Thread 0x0000020d7ebbc170 flushing  nmethod 0x0000020d6dde1990
Event: 66.993 Thread 0x0000020d7ebbc170 flushing  nmethod 0x0000020d6d4df910
Event: 66.993 Thread 0x0000020d7ebbc170 flushing  nmethod 0x0000020d6d63a710
Event: 66.993 Thread 0x0000020d7ebbc170 flushing  nmethod 0x0000020d6d712510
Event: 66.993 Thread 0x0000020d7ebbc170 flushing  nmethod 0x0000020d6dd88590
Event: 66.993 Thread 0x0000020d7ebbc170 flushing  nmethod 0x0000020d6df5ac10
Event: 66.993 Thread 0x0000020d7ebbc170 flushing  nmethod 0x0000020d6df5b190
Event: 66.993 Thread 0x0000020d7ebbc170 flushing  nmethod 0x0000020d6e1a4f90

Events (20 events):
Event: 50.374 Thread 0x0000020d47304b60 Thread added: 0x0000020d48cf0bd0
Event: 50.375 Thread 0x0000020d47304b60 Thread added: 0x0000020d48cf1260
Event: 50.379 Thread 0x0000020d47304b60 Thread added: 0x0000020d48cf2ca0
Event: 50.381 Thread 0x0000020d47304b60 Thread added: 0x0000020d48cf39c0
Event: 50.381 Thread 0x0000020d47304b60 Thread added: 0x0000020d48cf18f0
Event: 50.490 Thread 0x0000020d47304b60 Thread added: 0x0000020d48cf1f80
Event: 50.494 Thread 0x0000020d47304b60 Thread added: 0x0000020d48cf2610
Event: 50.515 Thread 0x0000020d47304b60 Thread added: 0x0000020d4ac050c0
Event: 50.553 Thread 0x0000020d47304b60 Thread added: 0x0000020d4ac04a30
Event: 50.660 Thread 0x0000020d47304b60 Thread added: 0x0000020d4ac05750
Event: 50.661 Thread 0x0000020d47304b60 Thread added: 0x0000020d4ac043a0
Event: 50.664 Thread 0x0000020d47304b60 Thread added: 0x0000020d4ac03d10
Event: 50.665 Thread 0x0000020d47304b60 Thread added: 0x0000020d4ac02960
Event: 50.668 Thread 0x0000020d47304b60 Thread added: 0x0000020d4ac03680
Event: 50.670 Thread 0x0000020d47304b60 Thread added: 0x0000020d4ac022d0
Event: 50.693 Thread 0x0000020d47304b60 Thread added: 0x0000020d4ac05de0
Event: 54.284 Thread 0x0000020d47304b60 Thread added: 0x0000020d4ac06b00
Event: 58.681 Thread 0x0000020d47304b60 Thread added: 0x0000020d4ac07190
Event: 65.581 Thread 0x0000020d47304b60 Thread added: 0x0000020d4ccfa050
Event: 72.224 Thread 0x0000020d7ebe3810 Thread added: 0x0000020d4a165a80


Dynamic libraries:
0x00007ff69d5b0000 - 0x00007ff69d5be000 	C:\Users\LENOVO\.antigravity-ide\extensions\redhat.java-1.56.0-win32-x64\jre\21.0.12.1-win32-x86_64\bin\java.exe
0x00007ffba7f40000 - 0x00007ffba81a7000 	C:\WINDOWS\SYSTEM32\ntdll.dll
0x00007ffba6070000 - 0x00007ffba613b000 	C:\WINDOWS\System32\KERNEL32.DLL
0x00007ffba5490000 - 0x00007ffba5892000 	C:\WINDOWS\System32\KERNELBASE.dll
0x00007ffba5140000 - 0x00007ffba528c000 	C:\WINDOWS\System32\ucrtbase.dll
0x00007ffb86800000 - 0x00007ffb86818000 	C:\Users\LENOVO\.antigravity-ide\extensions\redhat.java-1.56.0-win32-x64\jre\21.0.12.1-win32-x86_64\bin\jli.dll
0x00007ffba5e00000 - 0x00007ffba5fcf000 	C:\WINDOWS\System32\USER32.dll
0x00007ffba59e0000 - 0x00007ffba5a07000 	C:\WINDOWS\System32\win32u.dll
0x00007ffba5d80000 - 0x00007ffba5dab000 	C:\WINDOWS\System32\GDI32.dll
0x00007ffba52a0000 - 0x00007ffba53c9000 	C:\WINDOWS\System32\gdi32full.dll
0x00007ffba5930000 - 0x00007ffba59d3000 	C:\WINDOWS\System32\msvcp_win.dll
0x00007ffb8b2d0000 - 0x00007ffb8b2ee000 	C:\Users\LENOVO\.antigravity-ide\extensions\redhat.java-1.56.0-win32-x64\jre\21.0.12.1-win32-x86_64\bin\VCRUNTIME140.dll
0x00007ffb8ec40000 - 0x00007ffb8eed0000 	C:\WINDOWS\WinSxS\amd64_microsoft.windows.common-controls_6595b64144ccf1df_6.0.26100.9278_none_3e0d1ba8e3303201\COMCTL32.dll
0x00007ffba6840000 - 0x00007ffba68e9000 	C:\WINDOWS\System32\msvcrt.dll
0x00007ffba5dc0000 - 0x00007ffba5df1000 	C:\WINDOWS\System32\IMM32.DLL
0x00007ffb933d0000 - 0x00007ffb933dc000 	C:\Users\LENOVO\.antigravity-ide\extensions\redhat.java-1.56.0-win32-x64\jre\21.0.12.1-win32-x86_64\bin\vcruntime140_1.dll
0x00007ffb4a830000 - 0x00007ffb4a8bd000 	C:\Users\LENOVO\.antigravity-ide\extensions\redhat.java-1.56.0-win32-x64\jre\21.0.12.1-win32-x86_64\bin\msvcp140.dll
0x00007ffac5e60000 - 0x00007ffac6c02000 	C:\Users\LENOVO\.antigravity-ide\extensions\redhat.java-1.56.0-win32-x64\jre\21.0.12.1-win32-x86_64\bin\server\jvm.dll
0x00007ffba66f0000 - 0x00007ffba67ac000 	C:\WINDOWS\System32\ADVAPI32.dll
0x00007ffba7e30000 - 0x00007ffba7ed9000 	C:\WINDOWS\System32\sechost.dll
0x00007ffba5c60000 - 0x00007ffba5d78000 	C:\WINDOWS\System32\RPCRT4.dll
0x00007ffba7090000 - 0x00007ffba7110000 	C:\WINDOWS\System32\WS2_32.dll
0x00007ffba4f90000 - 0x00007ffba4fee000 	C:\WINDOWS\SYSTEM32\POWRPROF.dll
0x00007ffb983b0000 - 0x00007ffb983e6000 	C:\WINDOWS\SYSTEM32\WINMM.dll
0x00007ffb93ff0000 - 0x00007ffb93ffb000 	C:\WINDOWS\SYSTEM32\VERSION.dll
0x00007ffba4f70000 - 0x00007ffba4f85000 	C:\WINDOWS\SYSTEM32\UMPDC.dll
0x00007ffba3dd0000 - 0x00007ffba3deb000 	C:\WINDOWS\SYSTEM32\kernel.appcore.dll
0x00007ffb8aef0000 - 0x00007ffb8aefa000 	C:\Users\LENOVO\.antigravity-ide\extensions\redhat.java-1.56.0-win32-x64\jre\21.0.12.1-win32-x86_64\bin\jimage.dll
0x00007ffba2480000 - 0x00007ffba26cc000 	C:\WINDOWS\SYSTEM32\DBGHELP.DLL
0x00007ffba7950000 - 0x00007ffba7cd5000 	C:\WINDOWS\System32\combase.dll
0x00007ffba62c0000 - 0x00007ffba6399000 	C:\WINDOWS\System32\OLEAUT32.dll
0x00007ffb8c4f0000 - 0x00007ffb8c52b000 	C:\WINDOWS\SYSTEM32\dbgcore.DLL
0x00007ffba5a10000 - 0x00007ffba5abc000 	C:\WINDOWS\System32\bcryptPrimitives.dll
0x00007ffb833e0000 - 0x00007ffb833ef000 	C:\Users\LENOVO\.antigravity-ide\extensions\redhat.java-1.56.0-win32-x64\jre\21.0.12.1-win32-x86_64\bin\instrument.dll
0x00007ffb85ab0000 - 0x00007ffb85ad0000 	C:\Users\LENOVO\.antigravity-ide\extensions\redhat.java-1.56.0-win32-x64\jre\21.0.12.1-win32-x86_64\bin\java.dll
0x00007ffba68f0000 - 0x00007ffba7088000 	C:\WINDOWS\System32\SHELL32.dll
0x00007ffba2b60000 - 0x00007ffba340e000 	C:\WINDOWS\SYSTEM32\windows.storage.dll
0x00007ffba7d30000 - 0x00007ffba7e2b000 	C:\WINDOWS\System32\SHCORE.dll
0x00007ffba67d0000 - 0x00007ffba6836000 	C:\WINDOWS\System32\shlwapi.dll
0x00007ffba5060000 - 0x00007ffba5089000 	C:\WINDOWS\SYSTEM32\profapi.dll
0x00007ffb72140000 - 0x00007ffb72158000 	C:\Users\LENOVO\.antigravity-ide\extensions\redhat.java-1.56.0-win32-x64\jre\21.0.12.1-win32-x86_64\bin\zip.dll
0x00007ffb833f0000 - 0x00007ffb83400000 	C:\Users\LENOVO\.antigravity-ide\extensions\redhat.java-1.56.0-win32-x64\jre\21.0.12.1-win32-x86_64\bin\net.dll
0x00007ffb9d7d0000 - 0x00007ffb9d8fa000 	C:\WINDOWS\SYSTEM32\WINHTTP.dll
0x00007ffba4370000 - 0x00007ffba43dc000 	C:\WINDOWS\system32\mswsock.dll
0x00007ffb721a0000 - 0x00007ffb721b6000 	C:\Users\LENOVO\.antigravity-ide\extensions\redhat.java-1.56.0-win32-x64\jre\21.0.12.1-win32-x86_64\bin\nio.dll
0x00007ffb72520000 - 0x00007ffb72530000 	C:\Users\LENOVO\.antigravity-ide\extensions\redhat.java-1.56.0-win32-x64\jre\21.0.12.1-win32-x86_64\bin\verify.dll
0x00007ffb4bb90000 - 0x00007ffb4bbb7000 	C:\Users\LENOVO\.gradle\native\1def1411415f61bf3af743bc5b6707747c0891f09f0c88961ee8f79bc544acac\windows-amd64\native-platform.dll
0x00007ffb4a110000 - 0x00007ffb4a188000 	C:\Users\LENOVO\.gradle\native\0.2.7\x86_64-windows-gnu\gradle-fileevents.dll
0x00007ffb72160000 - 0x00007ffb7216a000 	C:\Users\LENOVO\.antigravity-ide\extensions\redhat.java-1.56.0-win32-x64\jre\21.0.12.1-win32-x86_64\bin\management.dll
0x00007ffb6c490000 - 0x00007ffb6c49c000 	C:\Users\LENOVO\.antigravity-ide\extensions\redhat.java-1.56.0-win32-x64\jre\21.0.12.1-win32-x86_64\bin\management_ext.dll
0x00007ffba5db0000 - 0x00007ffba5db8000 	C:\WINDOWS\System32\PSAPI.DLL
0x00007ffba3780000 - 0x00007ffba37b3000 	C:\WINDOWS\SYSTEM32\IPHLPAPI.DLL
0x00007ffba7120000 - 0x00007ffba712a000 	C:\WINDOWS\System32\NSI.dll
0x00007ffb66b60000 - 0x00007ffb66b69000 	C:\Users\LENOVO\.antigravity-ide\extensions\redhat.java-1.56.0-win32-x64\jre\21.0.12.1-win32-x86_64\bin\extnet.dll
0x00007ffba4790000 - 0x00007ffba47ab000 	C:\WINDOWS\SYSTEM32\CRYPTSP.dll
0x00007ffba3d30000 - 0x00007ffba3d69000 	C:\WINDOWS\system32\rsaenh.dll
0x00007ffba4420000 - 0x00007ffba4454000 	C:\WINDOWS\SYSTEM32\USERENV.dll
0x00007ffba5030000 - 0x00007ffba505a000 	C:\WINDOWS\SYSTEM32\bcrypt.dll
0x00007ffba45d0000 - 0x00007ffba45dc000 	C:\WINDOWS\SYSTEM32\CRYPTBASE.dll
0x00007ffb4ab20000 - 0x00007ffb4ab2e000 	C:\Users\LENOVO\.antigravity-ide\extensions\redhat.java-1.56.0-win32-x64\jre\21.0.12.1-win32-x86_64\bin\sunmscapi.dll
0x00007ffba5ad0000 - 0x00007ffba5c4e000 	C:\WINDOWS\System32\CRYPT32.dll
0x00007ffba4900000 - 0x00007ffba4930000 	C:\WINDOWS\SYSTEM32\ncrypt.dll
0x00007ffba48b0000 - 0x00007ffba48ef000 	C:\WINDOWS\SYSTEM32\NTASN1.dll
0x00007ffb7b120000 - 0x00007ffb7b128000 	C:\WINDOWS\system32\wshunix.dll

JVMTI agents:
C:\Users\LENOVO\.gradle\wrapper\dists\gradle-8.14-bin\38aieal9i53h9rfe7vjup95b9\gradle-8.14\lib\agents\gradle-instrumentation-agent-8.14.jar path:C:\Users\LENOVO\.antigravity-ide\extensions\redhat.java-1.56.0-win32-x64\jre\21.0.12.1-win32-x86_64\bin\instrument.dll, loaded, initialized, instrumentlib options:none

dbghelp: loaded successfully - version: 4.0.5 - missing functions: none
symbol engine: initialized successfully - sym options: 0x614 - pdb path: .;C:\Users\LENOVO\.antigravity-ide\extensions\redhat.java-1.56.0-win32-x64\jre\21.0.12.1-win32-x86_64\bin;C:\WINDOWS\SYSTEM32;C:\WINDOWS\WinSxS\amd64_microsoft.windows.common-controls_6595b64144ccf1df_6.0.26100.9278_none_3e0d1ba8e3303201;C:\Users\LENOVO\.antigravity-ide\extensions\redhat.java-1.56.0-win32-x64\jre\21.0.12.1-win32-x86_64\bin\server;C:\Users\LENOVO\.gradle\native\1def1411415f61bf3af743bc5b6707747c0891f09f0c88961ee8f79bc544acac\windows-amd64;C:\Users\LENOVO\.gradle\native\0.2.7\x86_64-windows-gnu

VM Arguments:
jvm_args: --add-opens=java.base/java.lang=ALL-UNNAMED --add-opens=java.base/java.lang.invoke=ALL-UNNAMED --add-opens=java.base/java.util=ALL-UNNAMED --add-opens=java.prefs/java.util.prefs=ALL-UNNAMED --add-exports=jdk.compiler/com.sun.tools.javac.api=ALL-UNNAMED --add-exports=jdk.compiler/com.sun.tools.javac.util=ALL-UNNAMED --add-opens=java.base/java.util=ALL-UNNAMED --add-opens=java.prefs/java.util.prefs=ALL-UNNAMED --add-opens=java.base/java.nio.charset=ALL-UNNAMED --add-opens=java.base/java.net=ALL-UNNAMED --add-opens=java.base/java.util.concurrent.atomic=ALL-UNNAMED --add-opens=java.xml/javax.xml.namespace=ALL-UNNAMED -Xmx1024m -Dfile.encoding=UTF-8 -Duser.country=US -Duser.language=en -Duser.variant -javaagent:C:\Users\LENOVO\.gradle\wrapper\dists\gradle-8.14-bin\38aieal9i53h9rfe7vjup95b9\gradle-8.14\lib\agents\gradle-instrumentation-agent-8.14.jar 
java_command: org.gradle.launcher.daemon.bootstrap.GradleDaemon 8.14
java_class_path (initial): C:\Users\LENOVO\.gradle\wrapper\dists\gradle-8.14-bin\38aieal9i53h9rfe7vjup95b9\gradle-8.14\lib\gradle-daemon-main-8.14.jar
Launcher Type: SUN_STANDARD

[Global flags]
     intx CICompilerCount                          = 4                                         {product} {ergonomic}
     uint ConcGCThreads                            = 2                                         {product} {ergonomic}
     uint G1ConcRefinementThreads                  = 8                                         {product} {ergonomic}
   size_t G1HeapRegionSize                         = 1048576                                   {product} {ergonomic}
    uintx GCDrainStackTargetSize                   = 64                                        {product} {ergonomic}
   size_t InitialHeapSize                          = 98566144                                  {product} {ergonomic}
   size_t MarkStackSize                            = 4194304                                   {product} {ergonomic}
   size_t MaxHeapSize                              = 1073741824                                {product} {command line}
   size_t MaxNewSize                               = 643825664                                 {product} {ergonomic}
   size_t MinHeapDeltaBytes                        = 1048576                                   {product} {ergonomic}
   size_t MinHeapSize                              = 8388608                                   {product} {ergonomic}
    uintx NonNMethodCodeHeapSize                   = 5839372                                {pd product} {ergonomic}
    uintx NonProfiledCodeHeapSize                  = 122909434                              {pd product} {ergonomic}
    uintx ProfiledCodeHeapSize                     = 122909434                              {pd product} {ergonomic}
    uintx ReservedCodeCacheSize                    = 251658240                              {pd product} {ergonomic}
     bool SegmentedCodeCache                       = true                                      {product} {ergonomic}
   size_t SoftMaxHeapSize                          = 1073741824                             {manageable} {ergonomic}
     bool UseCompressedOops                        = true                           {product lp64_product} {ergonomic}
     bool UseG1GC                                  = true                                      {product} {ergonomic}
     bool UseLargePagesIndividualAllocation        = false                                  {pd product} {ergonomic}

Logging:
Log output configuration:
 #0: stdout all=warning uptime,level,tags foldmultilines=false
 #1: stderr all=off uptime,level,tags foldmultilines=false

Release file:
JAVA_VERSION="21.0.12.1" 
MODULES="java.base java.compiler java.datatransfer java.xml java.prefs java.desktop java.instrument java.logging java.management java.security.sasl java.naming java.rmi java.management.rmi java.net.http java.scripting java.security.jgss java.transaction.xa java.sql java.sql.rowset java.xml.crypto java.se java.smartcardio jdk.accessibility jdk.internal.jvmstat jdk.attach jdk.charsets jdk.internal.opt jdk.zipfs jdk.compiler jdk.crypto.ec jdk.crypto.cryptoki jdk.crypto.mscapi jdk.dynalink jdk.internal.ed jdk.editpad jdk.hotspot.agent jdk.httpserver jdk.internal.le jdk.internal.vm.ci jdk.internal.vm.compiler jdk.internal.vm.compiler.management jdk.jartool jdk.javadoc jdk.jcmd jdk.management jdk.management.agent jdk.jconsole jdk.jdeps jdk.jdwp.agent jdk.jdi jdk.jfr jdk.jshell jdk.jsobject jdk.jstatd jdk.localedata jdk.management.jfr jdk.naming.dns jdk.naming.rmi jdk.net jdk.nio.mapmode jdk.random jdk.sctp jdk.security.auth jdk.security.jgss jdk.unsupported jdk.unsupported.desktop jdk.xml.dom" 

Environment Variables:
JAVA_HOME=C:\Program Files\Android\Android Studio\jbr
PATH=C:\WINDOWS\system32;C:\WINDOWS;C:\WINDOWS\System32\Wbem;C:\WINDOWS\System32\WindowsPowerShell\v1.0\;C:\WINDOWS\System32\OpenSSH\;C:\Program Files\Docker\Docker\resources\bin;C:\Program Files\nodejs\;C:\Program Files\Git\cmd;C:\Users\LENOVO\AppData\Local\Programs\Python\Python312\Scripts\;C:\Users\LENOVO\AppData\Local\Programs\Python\Python312\;C:\Users\LENOVO\AppData\Local\Programs\Python\Launcher\;C:\Users\LENOVO\AppData\Local\Programs\Python\Python314\Scripts\;C:\Users\LENOVO\AppData\Local\Programs\Python\Python314\;C:\Users\LENOVO\AppData\Local\Microsoft\WindowsApps;C:\Users\LENOVO\AppData\Local\Programs\Antigravity\bin;C:\Users\LENOVO\AppData\Roaming\npm;C:\ScrcpyLauncher by praveen;C:\Users\LENOVO\AppData\Local\PowerToys\DSCModules\;C:\Users\LENOVO\AppData\Local\Programs\Antigravity IDE\bin
USERNAME=LENOVO
OS=Windows_NT
PROCESSOR_IDENTIFIER=AMD64 Family 23 Model 160 Stepping 0, AuthenticAMD
TMP=C:\Users\LENOVO\AppData\Local\Temp
TEMP=C:\Users\LENOVO\AppData\Local\Temp




Periodic native trim disabled

---------------  S Y S T E M  ---------------

OS:
 Windows 11 , 64 bit Build 26100 (10.0.26100.9444)
OS uptime: 3 days 17:49 hours
Hyper-V role detected

CPU: total 8 (initial active 8) (8 cores per cpu, 2 threads per core) family 23 model 160 stepping 0 microcode 0x8a0000a, cx8, cmov, fxsr, ht, mmx, 3dnowpref, sse, sse2, sse3, ssse3, sse4a, sse4.1, sse4.2, popcnt, lzcnt, tsc, tscinvbit, avx, avx2, aes, clmul, bmi1, bmi2, adx, sha, fma, vzeroupper, clflush, clflushopt, hv, rdtscp, rdpid, f16c
Processor Information for the first 8 processors :
  Max Mhz: 2401, Current Mhz: 2401, Mhz Limit: 2401

Memory: 4k page, system-wide physical 5965M (545M free)
TotalPageFile size 24397M (AvailPageFile size 190M)
current process WorkingSet (physical memory assigned to process): 305M, peak: 318M
current process commit charge ("private bytes"): 425M, peak: 426M

vm_info: OpenJDK 64-Bit Server VM (21.0.12.1+1-LTS) for windows-amd64 JRE (21.0.12.1+1-LTS), built on 2026-08-18T00:00:00Z by "admin" with MS VC++ 17.12 (VS2022)

END.
