#
# There is insufficient memory for the Java Runtime Environment to continue.
# Native memory allocation (malloc) failed to allocate 842000 bytes. Error detail: Chunk::new
# Possible reasons:
#   The system is out of physical RAM or swap space
#   This process is running with CompressedOops enabled, and the Java Heap may be blocking the growth of the native heap
# Possible solutions:
#   Reduce memory load on the system
#   Increase physical memory or swap space
#   Check if swap backing store is full
#   Decrease Java heap size (-Xmx/-Xms)
#   Decrease number of Java threads
#   Decrease Java thread stack sizes (-Xss)
#   Set larger code cache with -XX:ReservedCodeCacheSize=
#   JVM is running with Unscaled Compressed Oops mode in which the Java heap is
#     placed in the first 4GB address space. The Java Heap base address is the
#     maximum limit for the native heap growth. Please use -XX:HeapBaseMinAddress
#     to set the Java Heap base and to place the Java Heap above 4GB virtual address.
# This output file may be truncated or incomplete.
#
#  Out of Memory Error (arena.cpp:168), pid=23976, tid=18568
#
# JRE version: OpenJDK Runtime Environment Temurin-21.0.12.1+1 (21.0.12.1+1) (build 21.0.12.1+1-LTS)
# Java VM: OpenJDK 64-Bit Server VM Temurin-21.0.12.1+1 (21.0.12.1+1-LTS, mixed mode, sharing, tiered, compressed oops, compressed class ptrs, g1 gc, windows-amd64)
# No core dump will be written. Minidumps are not enabled by default on client versions of Windows
#

---------------  S U M M A R Y ------------

Command Line: --add-opens=java.base/java.lang=ALL-UNNAMED --add-opens=java.base/java.lang.invoke=ALL-UNNAMED --add-opens=java.base/java.util=ALL-UNNAMED --add-opens=java.prefs/java.util.prefs=ALL-UNNAMED --add-exports=jdk.compiler/com.sun.tools.javac.api=ALL-UNNAMED --add-exports=jdk.compiler/com.sun.tools.javac.util=ALL-UNNAMED --add-opens=java.base/java.util=ALL-UNNAMED --add-opens=java.prefs/java.util.prefs=ALL-UNNAMED --add-opens=java.base/java.nio.charset=ALL-UNNAMED --add-opens=java.base/java.net=ALL-UNNAMED --add-opens=java.base/java.util.concurrent.atomic=ALL-UNNAMED --add-opens=java.xml/javax.xml.namespace=ALL-UNNAMED -Xmx1024m -Dfile.encoding=UTF-8 -Duser.country=US -Duser.language=en -Duser.variant -javaagent:C:\Users\LENOVO\.gradle\wrapper\dists\gradle-8.14-bin\38aieal9i53h9rfe7vjup95b9\gradle-8.14\lib\agents\gradle-instrumentation-agent-8.14.jar org.gradle.launcher.daemon.bootstrap.GradleDaemon 8.14

Host: AMD Ryzen 3 7320U with Radeon Graphics         , 8 cores, 5G,  Windows 11 , 64 bit Build 26100 (10.0.26100.9444)
Time: Mon Sep 28 13:22:16 2026 Nepal Standard Time elapsed time: 170.232552 seconds (0d 0h 2m 50s)

---------------  T H R E A D  ---------------

Current thread (0x00000197f700d180):  JavaThread "C2 CompilerThread0" daemon [_thread_in_native, id=18568, stack(0x0000005d3c300000,0x0000005d3c400000) (1024K)]


Current CompileTask:
C2:170232 13098       4       org.gradle.internal.reflect.annotations.impl.DefaultTypeAnnotationMetadataStore$PropertyAnnotationMetadataBuilder::resolveAnnotations (125 bytes)

Stack: [0x0000005d3c300000,0x0000005d3c400000]
Native frames: (J=compiled Java code, j=interpreted, Vv=VM code, C=native code)
V  [jvm.dll+0x6d83e9]
V  [jvm.dll+0x8b5736]
V  [jvm.dll+0x8b7cee]
V  [jvm.dll+0x8b83d3]
V  [jvm.dll+0x284596]
V  [jvm.dll+0xc685d]
V  [jvm.dll+0xc6da1]
V  [jvm.dll+0x3bf18b]
V  [jvm.dll+0x1e3f42]
V  [jvm.dll+0x24c853]
V  [jvm.dll+0x24bce0]
V  [jvm.dll+0x1cb4ae]
V  [jvm.dll+0x25baad]
V  [jvm.dll+0x25a03a]
V  [jvm.dll+0x3f8aae]
V  [jvm.dll+0x8600cd]
V  [jvm.dll+0x6d6c1d]
C  [ucrtbase.dll+0x2cd30]
C  [KERNEL32.DLL+0x2cd87]
C  [ntdll.dll+0xacaec]


---------------  P R O C E S S  ---------------

Threads class SMR info:
_java_thread_list=0x00000197d18b2230, length=79, elements={
0x00000197ed949780, 0x00000197f6ffab70, 0x00000197f6ffc140, 0x00000197f6ffeb90,
0x00000197f6fff850, 0x00000197f7000740, 0x00000197f700a080, 0x00000197f700d180,
0x00000197f7012470, 0x00000197f726ece0, 0x00000197f724daa0, 0x00000197fceb72f0,
0x00000197fcea2fe0, 0x00000197fcea91b0, 0x00000197fc209f70, 0x00000197f7085e30,
0x00000197f753e3e0, 0x00000197f76cf180, 0x00000197f76ce460, 0x00000197f76cd740,
0x00000197f76ceaf0, 0x00000197f76cf810, 0x00000197f76cfea0, 0x00000197f76cddd0,
0x00000197f76cca20, 0x00000197fd947650, 0x00000197fd949720, 0x00000197fd946fc0,
0x00000197fd947ce0, 0x00000197fd949090, 0x00000197fd948370, 0x00000197fd948a00,
0x00000197fd946930, 0x00000197fed5bc80, 0x00000197fed5dd50, 0x00000197fed5c9a0,
0x00000197fed5b5f0, 0x00000197fed5c310, 0x00000197fed604b0, 0x00000197fed5f100,
0x00000197fed62580, 0x00000197fed5fe20, 0x00000197fed62c10, 0x00000197fed60b40,
0x00000197fed5f790, 0x00000197fed611d0, 0x00000197fed61ef0, 0x00000197fed61860,
0x00000197fe9e0670, 0x00000197fe9df950, 0x00000197fe9dec30, 0x00000197fe9df2c0,
0x00000197fe9dffe0, 0x00000197fe9e0d00, 0x00000197fe9de5a0, 0x00000197fe9e2dd0,
0x00000197fe9e3460, 0x00000197fe9e4810, 0x00000197fe9e3af0, 0x00000197fe9e1390,
0x00000197fe9e4ea0, 0x00000197fe9e4180, 0x00000197fe9e20b0, 0x00000197fe9e5530,
0x00000197fe9e5bc0, 0x00000197fe9e2740, 0x00000197d04da4c0, 0x00000197d04d9110,
0x00000197d04d97a0, 0x00000197d04d83f0, 0x00000197d04d9e30, 0x00000197d04d8a80,
0x00000197d04dab50, 0x00000197d04d76d0, 0x00000197d04db1e0, 0x00000197d04d7d60,
0x00000197d04decf0, 0x00000197fd6ee190, 0x00000197fd6ef540
}

Java Threads: ( => current thread )
  0x00000197ed949780 JavaThread "main"                              [_thread_blocked, id=31304, stack(0x0000005d3b500000,0x0000005d3b600000) (1024K)]
  0x00000197f6ffab70 JavaThread "Reference Handler"          daemon [_thread_blocked, id=18544, stack(0x0000005d3bd00000,0x0000005d3be00000) (1024K)]
  0x00000197f6ffc140 JavaThread "Finalizer"                  daemon [_thread_blocked, id=29660, stack(0x0000005d3be00000,0x0000005d3bf00000) (1024K)]
  0x00000197f6ffeb90 JavaThread "Signal Dispatcher"          daemon [_thread_blocked, id=19472, stack(0x0000005d3bf00000,0x0000005d3c000000) (1024K)]
  0x00000197f6fff850 JavaThread "Attach Listener"            daemon [_thread_blocked, id=30352, stack(0x0000005d3c000000,0x0000005d3c100000) (1024K)]
  0x00000197f7000740 JavaThread "Service Thread"             daemon [_thread_blocked, id=20788, stack(0x0000005d3c100000,0x0000005d3c200000) (1024K)]
  0x00000197f700a080 JavaThread "Monitor Deflation Thread"   daemon [_thread_blocked, id=29364, stack(0x0000005d3c200000,0x0000005d3c300000) (1024K)]
=>0x00000197f700d180 JavaThread "C2 CompilerThread0"         daemon [_thread_in_native, id=18568, stack(0x0000005d3c300000,0x0000005d3c400000) (1024K)]
  0x00000197f7012470 JavaThread "C1 CompilerThread0"         daemon [_thread_blocked, id=29840, stack(0x0000005d3c400000,0x0000005d3c500000) (1024K)]
  0x00000197f726ece0 JavaThread "Common-Cleaner"             daemon [_thread_blocked, id=25324, stack(0x0000005d3c500000,0x0000005d3c600000) (1024K)]
  0x00000197f724daa0 JavaThread "Notification Thread"        daemon [_thread_blocked, id=26864, stack(0x0000005d3c600000,0x0000005d3c700000) (1024K)]
  0x00000197fceb72f0 JavaThread "Daemon health stats"               [_thread_blocked, id=10540, stack(0x0000005d3c700000,0x0000005d3c800000) (1024K)]
  0x00000197fcea2fe0 JavaThread "Incoming local TCP Connector on port 14503"        [_thread_in_native, id=2384, stack(0x0000005d3cc00000,0x0000005d3cd00000) (1024K)]
  0x00000197fcea91b0 JavaThread "Daemon periodic checks"            [_thread_blocked, id=5668, stack(0x0000005d3cd00000,0x0000005d3ce00000) (1024K)]
  0x00000197fc209f70 JavaThread "Daemon"                            [_thread_blocked, id=14136, stack(0x0000005d3ce00000,0x0000005d3cf00000) (1024K)]
  0x00000197f7085e30 JavaThread "Handler for socket connection from /127.0.0.1:14503 to /127.0.0.1:14505"        [_thread_in_native, id=12400, stack(0x0000005d3cf00000,0x0000005d3d000000) (1024K)]
  0x00000197f753e3e0 JavaThread "Cancel handler"                    [_thread_blocked, id=22900, stack(0x0000005d3d000000,0x0000005d3d100000) (1024K)]
  0x00000197f76cf180 JavaThread "Daemon worker"                     [_thread_in_vm, id=21832, stack(0x0000005d3d100000,0x0000005d3d200000) (1024K)]
  0x00000197f76ce460 JavaThread "Asynchronous log dispatcher for DefaultDaemonConnection: socket connection from /127.0.0.1:14503 to /127.0.0.1:14505"        [_thread_blocked, id=30892, stack(0x0000005d3d200000,0x0000005d3d300000) (1024K)]
  0x00000197f76cd740 JavaThread "Stdin handler"                     [_thread_blocked, id=21192, stack(0x0000005d3d300000,0x0000005d3d400000) (1024K)]
  0x00000197f76ceaf0 JavaThread "Daemon client event forwarder"        [_thread_blocked, id=30836, stack(0x0000005d3d400000,0x0000005d3d500000) (1024K)]
  0x00000197f76cf810 JavaThread "Cache worker for journal cache (C:\Users\LENOVO\.gradle\caches\journal-1)"        [_thread_blocked, id=4476, stack(0x0000005d3d800000,0x0000005d3d900000) (1024K)]
  0x00000197f76cfea0 JavaThread "File lock request listener"        [_thread_in_native, id=18684, stack(0x0000005d3d900000,0x0000005d3da00000) (1024K)]
  0x00000197f76cddd0 JavaThread "File lock release action executor"        [_thread_blocked, id=16076, stack(0x0000005d3da00000,0x0000005d3db00000) (1024K)]
  0x00000197f76cca20 JavaThread "Cache worker for file hash cache (C:\Users\LENOVO\.gradle\caches\8.14\fileHashes)"        [_thread_blocked, id=14284, stack(0x0000005d3db00000,0x0000005d3dc00000) (1024K)]
  0x00000197fd947650 JavaThread "Cache worker for file hash cache (C:\Users\LENOVO\Desktop\HeliBoard-main\.gradle\8.14\fileHashes)"        [_thread_blocked, id=14268, stack(0x0000005d3dd00000,0x0000005d3de00000) (1024K)]
  0x00000197fd949720 JavaThread "Cache worker for Build Output Cleanup Cache (C:\Users\LENOVO\Desktop\HeliBoard-main\.gradle\buildOutputCleanup)"        [_thread_blocked, id=8388, stack(0x0000005d3de00000,0x0000005d3df00000) (1024K)]
  0x00000197fd946fc0 JavaThread "File watcher server"        daemon [_thread_in_native, id=25936, stack(0x0000005d3df00000,0x0000005d3e000000) (1024K)]
  0x00000197fd947ce0 JavaThread "File watcher consumer"      daemon [_thread_blocked, id=26220, stack(0x0000005d3e000000,0x0000005d3e100000) (1024K)]
  0x00000197fd949090 JavaThread "jar transforms"                    [_thread_blocked, id=28368, stack(0x0000005d3e100000,0x0000005d3e200000) (1024K)]
  0x00000197fd948370 JavaThread "jar transforms Thread 2"           [_thread_blocked, id=18572, stack(0x0000005d3e200000,0x0000005d3e300000) (1024K)]
  0x00000197fd948a00 JavaThread "Cache worker for checksums cache (C:\Users\LENOVO\Desktop\HeliBoard-main\.gradle\8.14\checksums)"        [_thread_blocked, id=16500, stack(0x0000005d3e300000,0x0000005d3e400000) (1024K)]
  0x00000197fd946930 JavaThread "Cache worker for file content cache (C:\Users\LENOVO\.gradle\caches\8.14\fileContent)"        [_thread_blocked, id=15096, stack(0x0000005d3e400000,0x0000005d3e500000) (1024K)]
  0x00000197fed5bc80 JavaThread "Cache worker for cache directory md-supplier (C:\Users\LENOVO\.gradle\caches\8.14\md-supplier)"        [_thread_blocked, id=26680, stack(0x0000005d3e500000,0x0000005d3e600000) (1024K)]
  0x00000197fed5dd50 JavaThread "Cache worker for cache directory md-rule (C:\Users\LENOVO\.gradle\caches\8.14\md-rule)"        [_thread_blocked, id=25652, stack(0x0000005d3e600000,0x0000005d3e700000) (1024K)]
  0x00000197fed5c9a0 JavaThread "Unconstrained build operations"        [_thread_blocked, id=11432, stack(0x0000005d3b200000,0x0000005d3b300000) (1024K)]
  0x00000197fed5b5f0 JavaThread "Unconstrained build operations Thread 2"        [_thread_blocked, id=31284, stack(0x0000005d3e700000,0x0000005d3e800000) (1024K)]
  0x00000197fed5c310 JavaThread "Unconstrained build operations Thread 3"        [_thread_blocked, id=26140, stack(0x0000005d3e800000,0x0000005d3e900000) (1024K)]
  0x00000197fed604b0 JavaThread "Unconstrained build operations Thread 4"        [_thread_blocked, id=18768, stack(0x0000005d3e900000,0x0000005d3ea00000) (1024K)]
  0x00000197fed5f100 JavaThread "Unconstrained build operations Thread 5"        [_thread_blocked, id=516, stack(0x0000005d3ea00000,0x0000005d3eb00000) (1024K)]
  0x00000197fed62580 JavaThread "Unconstrained build operations Thread 6"        [_thread_blocked, id=28376, stack(0x0000005d3eb00000,0x0000005d3ec00000) (1024K)]
  0x00000197fed5fe20 JavaThread "Unconstrained build operations Thread 7"        [_thread_blocked, id=29480, stack(0x0000005d3ec00000,0x0000005d3ed00000) (1024K)]
  0x00000197fed62c10 JavaThread "Unconstrained build operations Thread 8"        [_thread_blocked, id=10224, stack(0x0000005d3ed00000,0x0000005d3ee00000) (1024K)]
  0x00000197fed60b40 JavaThread "Unconstrained build operations Thread 9"        [_thread_blocked, id=25468, stack(0x0000005d3ee00000,0x0000005d3ef00000) (1024K)]
  0x00000197fed5f790 JavaThread "Unconstrained build operations Thread 10"        [_thread_blocked, id=10664, stack(0x0000005d3ef00000,0x0000005d3f000000) (1024K)]
  0x00000197fed611d0 JavaThread "Unconstrained build operations Thread 11"        [_thread_blocked, id=11556, stack(0x0000005d3f000000,0x0000005d3f100000) (1024K)]
  0x00000197fed61ef0 JavaThread "Unconstrained build operations Thread 12"        [_thread_blocked, id=20460, stack(0x0000005d3f100000,0x0000005d3f200000) (1024K)]
  0x00000197fed61860 JavaThread "Unconstrained build operations Thread 13"        [_thread_blocked, id=30396, stack(0x0000005d3f200000,0x0000005d3f300000) (1024K)]
  0x00000197fe9e0670 JavaThread "Unconstrained build operations Thread 14"        [_thread_blocked, id=10616, stack(0x0000005d3f300000,0x0000005d3f400000) (1024K)]
  0x00000197fe9df950 JavaThread "Unconstrained build operations Thread 15"        [_thread_blocked, id=26484, stack(0x0000005d3f400000,0x0000005d3f500000) (1024K)]
  0x00000197fe9dec30 JavaThread "Unconstrained build operations Thread 16"        [_thread_blocked, id=31352, stack(0x0000005d3f500000,0x0000005d3f600000) (1024K)]
  0x00000197fe9df2c0 JavaThread "Unconstrained build operations Thread 17"        [_thread_blocked, id=24580, stack(0x0000005d3f600000,0x0000005d3f700000) (1024K)]
  0x00000197fe9dffe0 JavaThread "Unconstrained build operations Thread 18"        [_thread_blocked, id=21500, stack(0x0000005d3f700000,0x0000005d3f800000) (1024K)]
  0x00000197fe9e0d00 JavaThread "Unconstrained build operations Thread 19"        [_thread_blocked, id=16496, stack(0x0000005d3f800000,0x0000005d3f900000) (1024K)]
  0x00000197fe9de5a0 JavaThread "Unconstrained build operations Thread 20"        [_thread_blocked, id=22268, stack(0x0000005d3f900000,0x0000005d3fa00000) (1024K)]
  0x00000197fe9e2dd0 JavaThread "Unconstrained build operations Thread 21"        [_thread_blocked, id=21908, stack(0x0000005d3fa00000,0x0000005d3fb00000) (1024K)]
  0x00000197fe9e3460 JavaThread "Unconstrained build operations Thread 22"        [_thread_blocked, id=3140, stack(0x0000005d3fb00000,0x0000005d3fc00000) (1024K)]
  0x00000197fe9e4810 JavaThread "Unconstrained build operations Thread 23"        [_thread_blocked, id=24320, stack(0x0000005d3fc00000,0x0000005d3fd00000) (1024K)]
  0x00000197fe9e3af0 JavaThread "Unconstrained build operations Thread 24"        [_thread_blocked, id=10512, stack(0x0000005d3fd00000,0x0000005d3fe00000) (1024K)]
  0x00000197fe9e1390 JavaThread "Unconstrained build operations Thread 25"        [_thread_blocked, id=18760, stack(0x0000005d3fe00000,0x0000005d3ff00000) (1024K)]
  0x00000197fe9e4ea0 JavaThread "Unconstrained build operations Thread 26"        [_thread_blocked, id=26180, stack(0x0000005d3ff00000,0x0000005d40000000) (1024K)]
  0x00000197fe9e4180 JavaThread "Unconstrained build operations Thread 27"        [_thread_blocked, id=25764, stack(0x0000005d40000000,0x0000005d40100000) (1024K)]
  0x00000197fe9e20b0 JavaThread "Unconstrained build operations Thread 28"        [_thread_blocked, id=26048, stack(0x0000005d40100000,0x0000005d40200000) (1024K)]
  0x00000197fe9e5530 JavaThread "Unconstrained build operations Thread 29"        [_thread_blocked, id=30256, stack(0x0000005d40200000,0x0000005d40300000) (1024K)]
  0x00000197fe9e5bc0 JavaThread "Unconstrained build operations Thread 30"        [_thread_blocked, id=28760, stack(0x0000005d40300000,0x0000005d40400000) (1024K)]
  0x00000197fe9e2740 JavaThread "Unconstrained build operations Thread 31"        [_thread_blocked, id=1348, stack(0x0000005d40400000,0x0000005d40500000) (1024K)]
  0x00000197d04da4c0 JavaThread "Unconstrained build operations Thread 32"        [_thread_blocked, id=4752, stack(0x0000005d40500000,0x0000005d40600000) (1024K)]
  0x00000197d04d9110 JavaThread "Unconstrained build operations Thread 33"        [_thread_blocked, id=13364, stack(0x0000005d40600000,0x0000005d40700000) (1024K)]
  0x00000197d04d97a0 JavaThread "Unconstrained build operations Thread 34"        [_thread_blocked, id=12396, stack(0x0000005d40700000,0x0000005d40800000) (1024K)]
  0x00000197d04d83f0 JavaThread "Unconstrained build operations Thread 35"        [_thread_blocked, id=6736, stack(0x0000005d40800000,0x0000005d40900000) (1024K)]
  0x00000197d04d9e30 JavaThread "Unconstrained build operations Thread 36"        [_thread_blocked, id=27764, stack(0x0000005d40900000,0x0000005d40a00000) (1024K)]
  0x00000197d04d8a80 JavaThread "Unconstrained build operations Thread 37"        [_thread_blocked, id=31148, stack(0x0000005d40a00000,0x0000005d40b00000) (1024K)]
  0x00000197d04dab50 JavaThread "Unconstrained build operations Thread 38"        [_thread_blocked, id=2132, stack(0x0000005d40b00000,0x0000005d40c00000) (1024K)]
  0x00000197d04d76d0 JavaThread "Unconstrained build operations Thread 39"        [_thread_blocked, id=25628, stack(0x0000005d40c00000,0x0000005d40d00000) (1024K)]
  0x00000197d04db1e0 JavaThread "Memory manager"                    [_thread_blocked, id=23572, stack(0x0000005d3b300000,0x0000005d3b400000) (1024K)]
  0x00000197d04d7d60 JavaThread "build event listener"              [_thread_blocked, id=13676, stack(0x0000005d3b400000,0x0000005d3b500000) (1024K)]
  0x00000197d04decf0 JavaThread "Problems report writer"            [_thread_blocked, id=28476, stack(0x0000005d40d00000,0x0000005d40e00000) (1024K)]
  0x00000197fd6ee190 JavaThread "jar transforms Thread 3"           [_thread_blocked, id=10344, stack(0x0000005d40e00000,0x0000005d40f00000) (1024K)]
  0x00000197fd6ef540 JavaThread "jar transforms Thread 4"           [_thread_blocked, id=28500, stack(0x0000005d40f00000,0x0000005d41000000) (1024K)]
Total: 79

Other Threads:
  0x00000197f6fdc000 VMThread "VM Thread"                           [id=15828, stack(0x0000005d3bc00000,0x0000005d3bd00000) (1024K)]
  0x00000197f6fc9690 WatcherThread "VM Periodic Task Thread"        [id=26112, stack(0x0000005d3bb00000,0x0000005d3bc00000) (1024K)]
  0x00000197efcfd500 WorkerThread "GC Thread#0"                     [id=31736, stack(0x0000005d3b600000,0x0000005d3b700000) (1024K)]
  0x00000197f73c17d0 WorkerThread "GC Thread#1"                     [id=17452, stack(0x0000005d3c800000,0x0000005d3c900000) (1024K)]
  0x00000197f73dbc20 WorkerThread "GC Thread#2"                     [id=14420, stack(0x0000005d3c900000,0x0000005d3ca00000) (1024K)]
  0x00000197fc107d80 WorkerThread "GC Thread#3"                     [id=13656, stack(0x0000005d3ca00000,0x0000005d3cb00000) (1024K)]
  0x00000197fc108130 WorkerThread "GC Thread#4"                     [id=10508, stack(0x0000005d3cb00000,0x0000005d3cc00000) (1024K)]
  0x00000197f73f3470 WorkerThread "GC Thread#5"                     [id=11272, stack(0x0000005d3d500000,0x0000005d3d600000) (1024K)]
  0x00000197f77bf490 WorkerThread "GC Thread#6"                     [id=21672, stack(0x0000005d3d600000,0x0000005d3d700000) (1024K)]
  0x00000197f77bf840 WorkerThread "GC Thread#7"                     [id=28388, stack(0x0000005d3d700000,0x0000005d3d800000) (1024K)]
  0x00000197eda0e1d0 ConcurrentGCThread "G1 Main Marker"            [id=24284, stack(0x0000005d3b700000,0x0000005d3b800000) (1024K)]
  0x00000197efd04c40 WorkerThread "G1 Conc#0"                       [id=7328, stack(0x0000005d3b800000,0x0000005d3b900000) (1024K)]
  0x00000197fe5956a0 WorkerThread "G1 Conc#1"                       [id=25588, stack(0x0000005d3dc00000,0x0000005d3dd00000) (1024K)]
  0x00000197f6ea10a0 ConcurrentGCThread "G1 Refine#0"               [id=25192, stack(0x0000005d3b900000,0x0000005d3ba00000) (1024K)]
  0x00000197f6ea18d0 ConcurrentGCThread "G1 Service"                [id=3080, stack(0x0000005d3ba00000,0x0000005d3bb00000) (1024K)]
Total: 15

Threads with active compile tasks:
C2 CompilerThread0  170297 13098       4       org.gradle.internal.reflect.annotations.impl.DefaultTypeAnnotationMetadataStore$PropertyAnnotationMetadataBuilder::resolveAnnotations (125 bytes)
Total: 1

VM state: not at safepoint (normal execution)

VM Mutex/Monitor currently owned by a thread: None

Heap address: 0x00000000c0000000, size: 1024 MB, Compressed Oops mode: 32-bit

CDS archive(s) mapped at: [0x000001978f000000-0x000001978fba0000-0x000001978fba0000), size 12189696, SharedBaseAddress: 0x000001978f000000, ArchiveRelocationMode: 1.
Compressed class space mapped at: 0x0000019790000000-0x00000197d0000000, reserved size: 1073741824
Narrow klass base: 0x000001978f000000, Narrow klass shift: 0, Narrow klass range: 0x100000000

GC Precious Log:
 CardTable entry size: 512
 Card Set container configuration: InlinePtr #cards 5 size 8 Array Of Cards #cards 12 size 40 Howl #buckets 4 coarsen threshold 1843 Howl Bitmap #cards 512 size 80 coarsen threshold 460 Card regions per heap region 1 cards per card region 2048
 CPUs: 8 total, 8 available
 Memory: 5965M
 Large Page Support: Disabled
 NUMA Support: Disabled
 Compressed Oops: Enabled (32-bit)
 Heap Region Size: 1M
 Heap Min Capacity: 8M
 Heap Initial Capacity: 94M
 Heap Max Capacity: 1G
 Pre-touch: Disabled
 Parallel Workers: 8
 Concurrent Workers: 2
 Concurrent Refinement Workers: 8
 Periodic GC: Disabled

Heap:
 garbage-first heap   total 171008K, used 118449K [0x00000000c0000000, 0x0000000100000000)
  region size 1024K, 21 young (21504K), 4 survivors (4096K)
 Metaspace       used 98557K, committed 100864K, reserved 1179648K
  class space    used 13912K, committed 15040K, reserved 1048576K

Heap Regions: E=young(eden), S=young(survivor), O=old, HS=humongous(starts), HC=humongous(continues), CS=collection set, F=free, TAMS=top-at-mark-start, PB=parsable bottom
|   0|0x00000000c0000000, 0x00000000c0100000, 0x00000000c0100000|100%|HS|  |TAMS 0x00000000c0000000| PB 0x00000000c0000000| Complete 
|   1|0x00000000c0100000, 0x00000000c0200000, 0x00000000c0200000|100%|HC|  |TAMS 0x00000000c0100000| PB 0x00000000c0100000| Complete 
|   2|0x00000000c0200000, 0x00000000c0300000, 0x00000000c0300000|100%|HC|  |TAMS 0x00000000c0200000| PB 0x00000000c0200000| Complete 
|   3|0x00000000c0300000, 0x00000000c0400000, 0x00000000c0400000|100%| O|  |TAMS 0x00000000c0300000| PB 0x00000000c0300000| Untracked 
|   4|0x00000000c0400000, 0x00000000c0500000, 0x00000000c0500000|100%| O|  |TAMS 0x00000000c0400000| PB 0x00000000c0400000| Untracked 
|   5|0x00000000c0500000, 0x00000000c0600000, 0x00000000c0600000|100%| O|  |TAMS 0x00000000c0500000| PB 0x00000000c0500000| Untracked 
|   6|0x00000000c0600000, 0x00000000c0700000, 0x00000000c0700000|100%|HS|  |TAMS 0x00000000c0600000| PB 0x00000000c0600000| Complete 
|   7|0x00000000c0700000, 0x00000000c0800000, 0x00000000c0800000|100%| O|  |TAMS 0x00000000c0700000| PB 0x00000000c0700000| Untracked 
|   8|0x00000000c0800000, 0x00000000c0900000, 0x00000000c0900000|100%| O|  |TAMS 0x00000000c0800000| PB 0x00000000c0800000| Untracked 
|   9|0x00000000c0900000, 0x00000000c0a00000, 0x00000000c0a00000|100%| O|  |TAMS 0x00000000c0900000| PB 0x00000000c0900000| Untracked 
|  10|0x00000000c0a00000, 0x00000000c0b00000, 0x00000000c0b00000|100%| O|  |TAMS 0x00000000c0a00000| PB 0x00000000c0a00000| Untracked 
|  11|0x00000000c0b00000, 0x00000000c0c00000, 0x00000000c0c00000|100%| O|  |TAMS 0x00000000c0b00000| PB 0x00000000c0b00000| Untracked 
|  12|0x00000000c0c00000, 0x00000000c0d00000, 0x00000000c0d00000|100%| O|  |TAMS 0x00000000c0c00000| PB 0x00000000c0c00000| Untracked 
|  13|0x00000000c0d00000, 0x00000000c0e00000, 0x00000000c0e00000|100%| O|  |TAMS 0x00000000c0d00000| PB 0x00000000c0d00000| Untracked 
|  14|0x00000000c0e00000, 0x00000000c0f00000, 0x00000000c0f00000|100%| O|  |TAMS 0x00000000c0e00000| PB 0x00000000c0e00000| Untracked 
|  15|0x00000000c0f00000, 0x00000000c1000000, 0x00000000c1000000|100%| O|  |TAMS 0x00000000c0f00000| PB 0x00000000c0f00000| Untracked 
|  16|0x00000000c1000000, 0x00000000c1100000, 0x00000000c1100000|100%| O|  |TAMS 0x00000000c1000000| PB 0x00000000c1000000| Untracked 
|  17|0x00000000c1100000, 0x00000000c1200000, 0x00000000c1200000|100%| O|  |TAMS 0x00000000c1100000| PB 0x00000000c1100000| Untracked 
|  18|0x00000000c1200000, 0x00000000c1300000, 0x00000000c1300000|100%| O|  |TAMS 0x00000000c1200000| PB 0x00000000c1200000| Untracked 
|  19|0x00000000c1300000, 0x00000000c1400000, 0x00000000c1400000|100%| O|  |TAMS 0x00000000c1300000| PB 0x00000000c1300000| Untracked 
|  20|0x00000000c1400000, 0x00000000c1500000, 0x00000000c1500000|100%| O|  |TAMS 0x00000000c1400000| PB 0x00000000c1400000| Untracked 
|  21|0x00000000c1500000, 0x00000000c1600000, 0x00000000c1600000|100%| O|  |TAMS 0x00000000c1500000| PB 0x00000000c1500000| Untracked 
|  22|0x00000000c1600000, 0x00000000c1700000, 0x00000000c1700000|100%| O|  |TAMS 0x00000000c1600000| PB 0x00000000c1600000| Untracked 
|  23|0x00000000c1700000, 0x00000000c1800000, 0x00000000c1800000|100%| O|  |TAMS 0x00000000c1700000| PB 0x00000000c1700000| Untracked 
|  24|0x00000000c1800000, 0x00000000c1900000, 0x00000000c1900000|100%| O|  |TAMS 0x00000000c1800000| PB 0x00000000c1800000| Untracked 
|  25|0x00000000c1900000, 0x00000000c1a00000, 0x00000000c1a00000|100%| O|  |TAMS 0x00000000c1900000| PB 0x00000000c1900000| Untracked 
|  26|0x00000000c1a00000, 0x00000000c1b00000, 0x00000000c1b00000|100%| O|  |TAMS 0x00000000c1a00000| PB 0x00000000c1a00000| Untracked 
|  27|0x00000000c1b00000, 0x00000000c1c00000, 0x00000000c1c00000|100%| O|  |TAMS 0x00000000c1b00000| PB 0x00000000c1b00000| Untracked 
|  28|0x00000000c1c00000, 0x00000000c1d00000, 0x00000000c1d00000|100%| O|  |TAMS 0x00000000c1c00000| PB 0x00000000c1c00000| Untracked 
|  29|0x00000000c1d00000, 0x00000000c1e00000, 0x00000000c1e00000|100%| O|Cm|TAMS 0x00000000c1d00000| PB 0x00000000c1d00000| Complete 
|  30|0x00000000c1e00000, 0x00000000c1f00000, 0x00000000c1f00000|100%| O|  |TAMS 0x00000000c1e00000| PB 0x00000000c1e00000| Untracked 
|  31|0x00000000c1f00000, 0x00000000c2000000, 0x00000000c2000000|100%| O|  |TAMS 0x00000000c1f00000| PB 0x00000000c1f00000| Untracked 
|  32|0x00000000c2000000, 0x00000000c2100000, 0x00000000c2100000|100%| O|  |TAMS 0x00000000c2000000| PB 0x00000000c2000000| Untracked 
|  33|0x00000000c2100000, 0x00000000c2200000, 0x00000000c2200000|100%| O|  |TAMS 0x00000000c2100000| PB 0x00000000c2100000| Untracked 
|  34|0x00000000c2200000, 0x00000000c2300000, 0x00000000c2300000|100%| O|  |TAMS 0x00000000c2200000| PB 0x00000000c2200000| Untracked 
|  35|0x00000000c2300000, 0x00000000c2400000, 0x00000000c2400000|100%| O|  |TAMS 0x00000000c2300000| PB 0x00000000c2300000| Untracked 
|  36|0x00000000c2400000, 0x00000000c2500000, 0x00000000c2500000|100%| O|  |TAMS 0x00000000c2400000| PB 0x00000000c2400000| Untracked 
|  37|0x00000000c2500000, 0x00000000c2600000, 0x00000000c2600000|100%| O|  |TAMS 0x00000000c2500000| PB 0x00000000c2500000| Untracked 
|  38|0x00000000c2600000, 0x00000000c2700000, 0x00000000c2700000|100%| O|  |TAMS 0x00000000c2600000| PB 0x00000000c2600000| Untracked 
|  39|0x00000000c2700000, 0x00000000c2800000, 0x00000000c2800000|100%| O|  |TAMS 0x00000000c2700000| PB 0x00000000c2700000| Untracked 
|  40|0x00000000c2800000, 0x00000000c2900000, 0x00000000c2900000|100%| O|Cm|TAMS 0x00000000c2800000| PB 0x00000000c2800000| Complete 
|  41|0x00000000c2900000, 0x00000000c2a00000, 0x00000000c2a00000|100%| O|  |TAMS 0x00000000c2900000| PB 0x00000000c2900000| Untracked 
|  42|0x00000000c2a00000, 0x00000000c2b00000, 0x00000000c2b00000|100%| O|  |TAMS 0x00000000c2a00000| PB 0x00000000c2a00000| Untracked 
|  43|0x00000000c2b00000, 0x00000000c2c00000, 0x00000000c2c00000|100%| O|  |TAMS 0x00000000c2b00000| PB 0x00000000c2b00000| Untracked 
|  44|0x00000000c2c00000, 0x00000000c2d00000, 0x00000000c2d00000|100%|HS|  |TAMS 0x00000000c2c00000| PB 0x00000000c2c00000| Complete 
|  45|0x00000000c2d00000, 0x00000000c2e00000, 0x00000000c2e00000|100%|HS|  |TAMS 0x00000000c2d00000| PB 0x00000000c2d00000| Complete 
|  46|0x00000000c2e00000, 0x00000000c2f00000, 0x00000000c2f00000|100%|HC|  |TAMS 0x00000000c2e00000| PB 0x00000000c2e00000| Complete 
|  47|0x00000000c2f00000, 0x00000000c3000000, 0x00000000c3000000|100%|HS|  |TAMS 0x00000000c2f00000| PB 0x00000000c2f00000| Complete 
|  48|0x00000000c3000000, 0x00000000c3100000, 0x00000000c3100000|100%|HS|  |TAMS 0x00000000c3000000| PB 0x00000000c3000000| Complete 
|  49|0x00000000c3100000, 0x00000000c3200000, 0x00000000c3200000|100%|HS|  |TAMS 0x00000000c3100000| PB 0x00000000c3100000| Complete 
|  50|0x00000000c3200000, 0x00000000c3300000, 0x00000000c3300000|100%|HS|  |TAMS 0x00000000c3200000| PB 0x00000000c3200000| Complete 
|  51|0x00000000c3300000, 0x00000000c3400000, 0x00000000c3400000|100%| O|  |TAMS 0x00000000c3300000| PB 0x00000000c3300000| Untracked 
|  52|0x00000000c3400000, 0x00000000c3500000, 0x00000000c3500000|100%| O|  |TAMS 0x00000000c3400000| PB 0x00000000c3400000| Untracked 
|  53|0x00000000c3500000, 0x00000000c3600000, 0x00000000c3600000|100%| O|  |TAMS 0x00000000c3500000| PB 0x00000000c3500000| Untracked 
|  54|0x00000000c3600000, 0x00000000c3700000, 0x00000000c3700000|100%|HS|  |TAMS 0x00000000c3600000| PB 0x00000000c3600000| Complete 
|  55|0x00000000c3700000, 0x00000000c3800000, 0x00000000c3800000|100%|HC|  |TAMS 0x00000000c3700000| PB 0x00000000c3700000| Complete 
|  56|0x00000000c3800000, 0x00000000c3900000, 0x00000000c3900000|100%| O|  |TAMS 0x00000000c3800000| PB 0x00000000c3800000| Untracked 
|  57|0x00000000c3900000, 0x00000000c3a00000, 0x00000000c3a00000|100%| O|  |TAMS 0x00000000c3900000| PB 0x00000000c3900000| Untracked 
|  58|0x00000000c3a00000, 0x00000000c3b00000, 0x00000000c3b00000|100%| O|  |TAMS 0x00000000c3a00000| PB 0x00000000c3a00000| Untracked 
|  59|0x00000000c3b00000, 0x00000000c3c00000, 0x00000000c3c00000|100%| O|  |TAMS 0x00000000c3b00000| PB 0x00000000c3b00000| Untracked 
|  60|0x00000000c3c00000, 0x00000000c3d00000, 0x00000000c3d00000|100%|HS|  |TAMS 0x00000000c3c00000| PB 0x00000000c3c00000| Complete 
|  61|0x00000000c3d00000, 0x00000000c3e00000, 0x00000000c3e00000|100%| O|  |TAMS 0x00000000c3d00000| PB 0x00000000c3d00000| Untracked 
|  62|0x00000000c3e00000, 0x00000000c3f00000, 0x00000000c3f00000|100%| O|  |TAMS 0x00000000c3e00000| PB 0x00000000c3e00000| Untracked 
|  63|0x00000000c3f00000, 0x00000000c4000000, 0x00000000c4000000|100%| O|  |TAMS 0x00000000c3f00000| PB 0x00000000c3f00000| Untracked 
|  64|0x00000000c4000000, 0x00000000c4100000, 0x00000000c4100000|100%| O|  |TAMS 0x00000000c4000000| PB 0x00000000c4000000| Untracked 
|  65|0x00000000c4100000, 0x00000000c4200000, 0x00000000c4200000|100%| O|  |TAMS 0x00000000c4100000| PB 0x00000000c4100000| Untracked 
|  66|0x00000000c4200000, 0x00000000c4300000, 0x00000000c4300000|100%|HS|  |TAMS 0x00000000c4200000| PB 0x00000000c4200000| Complete 
|  67|0x00000000c4300000, 0x00000000c4400000, 0x00000000c4400000|100%| O|  |TAMS 0x00000000c4300000| PB 0x00000000c4300000| Untracked 
|  68|0x00000000c4400000, 0x00000000c4500000, 0x00000000c4500000|100%| O|  |TAMS 0x00000000c4400000| PB 0x00000000c4400000| Untracked 
|  69|0x00000000c4500000, 0x00000000c4600000, 0x00000000c4600000|100%| O|  |TAMS 0x00000000c4500000| PB 0x00000000c4500000| Untracked 
|  70|0x00000000c4600000, 0x00000000c4700000, 0x00000000c4700000|100%| O|  |TAMS 0x00000000c4600000| PB 0x00000000c4600000| Untracked 
|  71|0x00000000c4700000, 0x00000000c4800000, 0x00000000c4800000|100%| O|  |TAMS 0x00000000c4700000| PB 0x00000000c4700000| Untracked 
|  72|0x00000000c4800000, 0x00000000c4900000, 0x00000000c4900000|100%| O|  |TAMS 0x00000000c4800000| PB 0x00000000c4800000| Untracked 
|  73|0x00000000c4900000, 0x00000000c4a00000, 0x00000000c4a00000|100%| O|  |TAMS 0x00000000c4900000| PB 0x00000000c4900000| Untracked 
|  74|0x00000000c4a00000, 0x00000000c4b00000, 0x00000000c4b00000|100%| O|  |TAMS 0x00000000c4a00000| PB 0x00000000c4a00000| Untracked 
|  75|0x00000000c4b00000, 0x00000000c4c00000, 0x00000000c4c00000|100%| O|  |TAMS 0x00000000c4b00000| PB 0x00000000c4b00000| Untracked 
|  76|0x00000000c4c00000, 0x00000000c4d00000, 0x00000000c4d00000|100%| O|  |TAMS 0x00000000c4c00000| PB 0x00000000c4c00000| Untracked 
|  77|0x00000000c4d00000, 0x00000000c4e00000, 0x00000000c4e00000|100%| O|  |TAMS 0x00000000c4d00000| PB 0x00000000c4d00000| Untracked 
|  78|0x00000000c4e00000, 0x00000000c4f00000, 0x00000000c4f00000|100%|HS|  |TAMS 0x00000000c4e00000| PB 0x00000000c4e00000| Complete 
|  79|0x00000000c4f00000, 0x00000000c5000000, 0x00000000c5000000|100%| O|  |TAMS 0x00000000c4f00000| PB 0x00000000c4f00000| Untracked 
|  80|0x00000000c5000000, 0x00000000c5100000, 0x00000000c5100000|100%| O|  |TAMS 0x00000000c5000000| PB 0x00000000c5000000| Untracked 
|  81|0x00000000c5100000, 0x00000000c5200000, 0x00000000c5200000|100%| O|  |TAMS 0x00000000c5100000| PB 0x00000000c5100000| Untracked 
|  82|0x00000000c5200000, 0x00000000c5300000, 0x00000000c5300000|100%| O|  |TAMS 0x00000000c5200000| PB 0x00000000c5200000| Untracked 
|  83|0x00000000c5300000, 0x00000000c5400000, 0x00000000c5400000|100%| O|  |TAMS 0x00000000c5300000| PB 0x00000000c5300000| Untracked 
|  84|0x00000000c5400000, 0x00000000c5400000, 0x00000000c5500000|  0%| F|  |TAMS 0x00000000c5400000| PB 0x00000000c5400000| Untracked 
|  85|0x00000000c5500000, 0x00000000c5500000, 0x00000000c5600000|  0%| F|  |TAMS 0x00000000c5500000| PB 0x00000000c5500000| Untracked 
|  86|0x00000000c5600000, 0x00000000c5600000, 0x00000000c5700000|  0%| F|  |TAMS 0x00000000c5600000| PB 0x00000000c5600000| Untracked 
|  87|0x00000000c5700000, 0x00000000c5700000, 0x00000000c5800000|  0%| F|  |TAMS 0x00000000c5700000| PB 0x00000000c5700000| Untracked 
|  88|0x00000000c5800000, 0x00000000c5800000, 0x00000000c5900000|  0%| F|  |TAMS 0x00000000c5800000| PB 0x00000000c5800000| Untracked 
|  89|0x00000000c5900000, 0x00000000c5900000, 0x00000000c5a00000|  0%| F|  |TAMS 0x00000000c5900000| PB 0x00000000c5900000| Untracked 
|  90|0x00000000c5a00000, 0x00000000c5b00000, 0x00000000c5b00000|100%| O|  |TAMS 0x00000000c5a00000| PB 0x00000000c5a00000| Untracked 
|  91|0x00000000c5b00000, 0x00000000c5c00000, 0x00000000c5c00000|100%| O|  |TAMS 0x00000000c5b00000| PB 0x00000000c5b00000| Untracked 
|  92|0x00000000c5c00000, 0x00000000c5d00000, 0x00000000c5d00000|100%| O|  |TAMS 0x00000000c5c00000| PB 0x00000000c5c00000| Untracked 
|  93|0x00000000c5d00000, 0x00000000c5e00000, 0x00000000c5e00000|100%| O|  |TAMS 0x00000000c5d00000| PB 0x00000000c5d00000| Untracked 
|  94|0x00000000c5e00000, 0x00000000c5ecc600, 0x00000000c5f00000| 79%| S|CS|TAMS 0x00000000c5e00000| PB 0x00000000c5e00000| Complete 
|  95|0x00000000c5f00000, 0x00000000c6000000, 0x00000000c6000000|100%| S|CS|TAMS 0x00000000c5f00000| PB 0x00000000c5f00000| Complete 
|  96|0x00000000c6000000, 0x00000000c6100000, 0x00000000c6100000|100%| S|CS|TAMS 0x00000000c6000000| PB 0x00000000c6000000| Complete 
|  97|0x00000000c6100000, 0x00000000c6200000, 0x00000000c6200000|100%| S|CS|TAMS 0x00000000c6100000| PB 0x00000000c6100000| Complete 
|  98|0x00000000c6200000, 0x00000000c6200000, 0x00000000c6300000|  0%| F|  |TAMS 0x00000000c6200000| PB 0x00000000c6200000| Untracked 
|  99|0x00000000c6300000, 0x00000000c6300000, 0x00000000c6400000|  0%| F|  |TAMS 0x00000000c6300000| PB 0x00000000c6300000| Untracked 
| 100|0x00000000c6400000, 0x00000000c6400000, 0x00000000c6500000|  0%| F|  |TAMS 0x00000000c6400000| PB 0x00000000c6400000| Untracked 
| 101|0x00000000c6500000, 0x00000000c6500000, 0x00000000c6600000|  0%| F|  |TAMS 0x00000000c6500000| PB 0x00000000c6500000| Untracked 
| 102|0x00000000c6600000, 0x00000000c6600000, 0x00000000c6700000|  0%| F|  |TAMS 0x00000000c6600000| PB 0x00000000c6600000| Untracked 
| 103|0x00000000c6700000, 0x00000000c6700000, 0x00000000c6800000|  0%| F|  |TAMS 0x00000000c6700000| PB 0x00000000c6700000| Untracked 
| 104|0x00000000c6800000, 0x00000000c6800000, 0x00000000c6900000|  0%| F|  |TAMS 0x00000000c6800000| PB 0x00000000c6800000| Untracked 
| 105|0x00000000c6900000, 0x00000000c6900000, 0x00000000c6a00000|  0%| F|  |TAMS 0x00000000c6900000| PB 0x00000000c6900000| Untracked 
| 106|0x00000000c6a00000, 0x00000000c6a00000, 0x00000000c6b00000|  0%| F|  |TAMS 0x00000000c6a00000| PB 0x00000000c6a00000| Untracked 
| 107|0x00000000c6b00000, 0x00000000c6b00000, 0x00000000c6c00000|  0%| F|  |TAMS 0x00000000c6b00000| PB 0x00000000c6b00000| Untracked 
| 108|0x00000000c6c00000, 0x00000000c6c00000, 0x00000000c6d00000|  0%| F|  |TAMS 0x00000000c6c00000| PB 0x00000000c6c00000| Untracked 
| 109|0x00000000c6d00000, 0x00000000c6d00000, 0x00000000c6e00000|  0%| F|  |TAMS 0x00000000c6d00000| PB 0x00000000c6d00000| Untracked 
| 110|0x00000000c6e00000, 0x00000000c6e00000, 0x00000000c6f00000|  0%| F|  |TAMS 0x00000000c6e00000| PB 0x00000000c6e00000| Untracked 
| 111|0x00000000c6f00000, 0x00000000c6f00000, 0x00000000c7000000|  0%| F|  |TAMS 0x00000000c6f00000| PB 0x00000000c6f00000| Untracked 
| 112|0x00000000c7000000, 0x00000000c7000000, 0x00000000c7100000|  0%| F|  |TAMS 0x00000000c7000000| PB 0x00000000c7000000| Untracked 
| 113|0x00000000c7100000, 0x00000000c7100000, 0x00000000c7200000|  0%| F|  |TAMS 0x00000000c7100000| PB 0x00000000c7100000| Untracked 
| 114|0x00000000c7200000, 0x00000000c7200000, 0x00000000c7300000|  0%| F|  |TAMS 0x00000000c7200000| PB 0x00000000c7200000| Untracked 
| 115|0x00000000c7300000, 0x00000000c7300000, 0x00000000c7400000|  0%| F|  |TAMS 0x00000000c7300000| PB 0x00000000c7300000| Untracked 
| 116|0x00000000c7400000, 0x00000000c7400000, 0x00000000c7500000|  0%| F|  |TAMS 0x00000000c7400000| PB 0x00000000c7400000| Untracked 
| 117|0x00000000c7500000, 0x00000000c7500000, 0x00000000c7600000|  0%| F|  |TAMS 0x00000000c7500000| PB 0x00000000c7500000| Untracked 
| 118|0x00000000c7600000, 0x00000000c7600000, 0x00000000c7700000|  0%| F|  |TAMS 0x00000000c7600000| PB 0x00000000c7600000| Untracked 
| 119|0x00000000c7700000, 0x00000000c7700000, 0x00000000c7800000|  0%| F|  |TAMS 0x00000000c7700000| PB 0x00000000c7700000| Untracked 
| 120|0x00000000c7800000, 0x00000000c7800000, 0x00000000c7900000|  0%| F|  |TAMS 0x00000000c7800000| PB 0x00000000c7800000| Untracked 
| 121|0x00000000c7900000, 0x00000000c7900000, 0x00000000c7a00000|  0%| F|  |TAMS 0x00000000c7900000| PB 0x00000000c7900000| Untracked 
| 122|0x00000000c7a00000, 0x00000000c7a00000, 0x00000000c7b00000|  0%| F|  |TAMS 0x00000000c7a00000| PB 0x00000000c7a00000| Untracked 
| 123|0x00000000c7b00000, 0x00000000c7b00000, 0x00000000c7c00000|  0%| F|  |TAMS 0x00000000c7b00000| PB 0x00000000c7b00000| Untracked 
| 124|0x00000000c7c00000, 0x00000000c7c00000, 0x00000000c7d00000|  0%| F|  |TAMS 0x00000000c7c00000| PB 0x00000000c7c00000| Untracked 
| 125|0x00000000c7d00000, 0x00000000c7d00000, 0x00000000c7e00000|  0%| F|  |TAMS 0x00000000c7d00000| PB 0x00000000c7d00000| Untracked 
| 126|0x00000000c7e00000, 0x00000000c7e00000, 0x00000000c7f00000|  0%| F|  |TAMS 0x00000000c7e00000| PB 0x00000000c7e00000| Untracked 
| 127|0x00000000c7f00000, 0x00000000c7f00000, 0x00000000c8000000|  0%| F|  |TAMS 0x00000000c7f00000| PB 0x00000000c7f00000| Untracked 
| 128|0x00000000c8000000, 0x00000000c8000000, 0x00000000c8100000|  0%| F|  |TAMS 0x00000000c8000000| PB 0x00000000c8000000| Untracked 
| 129|0x00000000c8100000, 0x00000000c8100000, 0x00000000c8200000|  0%| F|  |TAMS 0x00000000c8100000| PB 0x00000000c8100000| Untracked 
| 130|0x00000000c8200000, 0x00000000c8200000, 0x00000000c8300000|  0%| F|  |TAMS 0x00000000c8200000| PB 0x00000000c8200000| Untracked 
| 131|0x00000000c8300000, 0x00000000c8300000, 0x00000000c8400000|  0%| F|  |TAMS 0x00000000c8300000| PB 0x00000000c8300000| Untracked 
| 132|0x00000000c8400000, 0x00000000c8400000, 0x00000000c8500000|  0%| F|  |TAMS 0x00000000c8400000| PB 0x00000000c8400000| Untracked 
| 133|0x00000000c8500000, 0x00000000c8500000, 0x00000000c8600000|  0%| F|  |TAMS 0x00000000c8500000| PB 0x00000000c8500000| Untracked 
| 134|0x00000000c8600000, 0x00000000c8600000, 0x00000000c8700000|  0%| F|  |TAMS 0x00000000c8600000| PB 0x00000000c8600000| Untracked 
| 135|0x00000000c8700000, 0x00000000c8700000, 0x00000000c8800000|  0%| F|  |TAMS 0x00000000c8700000| PB 0x00000000c8700000| Untracked 
| 136|0x00000000c8800000, 0x00000000c8800000, 0x00000000c8900000|  0%| F|  |TAMS 0x00000000c8800000| PB 0x00000000c8800000| Untracked 
| 137|0x00000000c8900000, 0x00000000c8900000, 0x00000000c8a00000|  0%| F|  |TAMS 0x00000000c8900000| PB 0x00000000c8900000| Untracked 
| 138|0x00000000c8a00000, 0x00000000c8a00000, 0x00000000c8b00000|  0%| F|  |TAMS 0x00000000c8a00000| PB 0x00000000c8a00000| Untracked 
| 139|0x00000000c8b00000, 0x00000000c8b00000, 0x00000000c8c00000|  0%| F|  |TAMS 0x00000000c8b00000| PB 0x00000000c8b00000| Untracked 
| 140|0x00000000c8c00000, 0x00000000c8c00000, 0x00000000c8d00000|  0%| F|  |TAMS 0x00000000c8c00000| PB 0x00000000c8c00000| Untracked 
| 141|0x00000000c8d00000, 0x00000000c8d00000, 0x00000000c8e00000|  0%| F|  |TAMS 0x00000000c8d00000| PB 0x00000000c8d00000| Untracked 
| 142|0x00000000c8e00000, 0x00000000c8f00000, 0x00000000c8f00000|100%| E|  |TAMS 0x00000000c8e00000| PB 0x00000000c8e00000| Complete 
| 143|0x00000000c8f00000, 0x00000000c9000000, 0x00000000c9000000|100%| E|CS|TAMS 0x00000000c8f00000| PB 0x00000000c8f00000| Complete 
| 144|0x00000000c9000000, 0x00000000c9100000, 0x00000000c9100000|100%| E|CS|TAMS 0x00000000c9000000| PB 0x00000000c9000000| Complete 
| 145|0x00000000c9100000, 0x00000000c9200000, 0x00000000c9200000|100%| E|CS|TAMS 0x00000000c9100000| PB 0x00000000c9100000| Complete 
| 146|0x00000000c9200000, 0x00000000c9300000, 0x00000000c9300000|100%| E|CS|TAMS 0x00000000c9200000| PB 0x00000000c9200000| Complete 
| 147|0x00000000c9300000, 0x00000000c9400000, 0x00000000c9400000|100%| E|CS|TAMS 0x00000000c9300000| PB 0x00000000c9300000| Complete 
| 148|0x00000000c9400000, 0x00000000c9500000, 0x00000000c9500000|100%| E|CS|TAMS 0x00000000c9400000| PB 0x00000000c9400000| Complete 
| 149|0x00000000c9500000, 0x00000000c9600000, 0x00000000c9600000|100%| E|CS|TAMS 0x00000000c9500000| PB 0x00000000c9500000| Complete 
| 150|0x00000000c9600000, 0x00000000c9700000, 0x00000000c9700000|100%| E|CS|TAMS 0x00000000c9600000| PB 0x00000000c9600000| Complete 
| 151|0x00000000c9700000, 0x00000000c9800000, 0x00000000c9800000|100%| E|CS|TAMS 0x00000000c9700000| PB 0x00000000c9700000| Complete 
| 152|0x00000000c9800000, 0x00000000c9900000, 0x00000000c9900000|100%| E|CS|TAMS 0x00000000c9800000| PB 0x00000000c9800000| Complete 
| 153|0x00000000c9900000, 0x00000000c9a00000, 0x00000000c9a00000|100%| E|CS|TAMS 0x00000000c9900000| PB 0x00000000c9900000| Complete 
| 154|0x00000000c9a00000, 0x00000000c9b00000, 0x00000000c9b00000|100%| E|CS|TAMS 0x00000000c9a00000| PB 0x00000000c9a00000| Complete 
| 155|0x00000000c9b00000, 0x00000000c9c00000, 0x00000000c9c00000|100%| E|CS|TAMS 0x00000000c9b00000| PB 0x00000000c9b00000| Complete 
| 156|0x00000000c9c00000, 0x00000000c9d00000, 0x00000000c9d00000|100%| E|CS|TAMS 0x00000000c9c00000| PB 0x00000000c9c00000| Complete 
|1014|0x00000000ff600000, 0x00000000ff6e0040, 0x00000000ff700000| 87%| O|  |TAMS 0x00000000ff600000| PB 0x00000000ff600000| Untracked 
|1015|0x00000000ff700000, 0x00000000ff800000, 0x00000000ff800000|100%| O|  |TAMS 0x00000000ff700000| PB 0x00000000ff700000| Untracked 
|1016|0x00000000ff800000, 0x00000000ff900000, 0x00000000ff900000|100%| O|  |TAMS 0x00000000ff800000| PB 0x00000000ff800000| Untracked 
|1017|0x00000000ff900000, 0x00000000ffa00000, 0x00000000ffa00000|100%| O|  |TAMS 0x00000000ff900000| PB 0x00000000ff900000| Untracked 
|1018|0x00000000ffa00000, 0x00000000ffb00000, 0x00000000ffb00000|100%| E|CS|TAMS 0x00000000ffa00000| PB 0x00000000ffa00000| Complete 
|1019|0x00000000ffb00000, 0x00000000ffc00000, 0x00000000ffc00000|100%| O|Cm|TAMS 0x00000000ffb00000| PB 0x00000000ffb00000| Complete 
|1020|0x00000000ffc00000, 0x00000000ffd00000, 0x00000000ffd00000|100%| O|  |TAMS 0x00000000ffc00000| PB 0x00000000ffc00000| Untracked 
|1021|0x00000000ffd00000, 0x00000000ffe00000, 0x00000000ffe00000|100%| E|CS|TAMS 0x00000000ffd00000| PB 0x00000000ffd00000| Complete 
|1022|0x00000000ffe00000, 0x00000000fff00000, 0x00000000fff00000|100%| O|  |TAMS 0x00000000ffe00000| PB 0x00000000ffe00000| Untracked 
|1023|0x00000000fff00000, 0x0000000100000000, 0x0000000100000000|100%| O|  |TAMS 0x00000000fff00000| PB 0x00000000fff00000| Untracked 

Card table byte_map: [0x00000197f33f0000,0x00000197f35f0000] _byte_map_base: 0x00000197f2df0000

Marking Bits: (CMBitMap*) 0x00000197efcfda20
 Bits: [0x00000197f35f0000, 0x00000197f45f0000)

Polling page: 0x00000197ef480000

Metaspace:

Usage:
  Non-class:     82.66 MB used.
      Class:     13.59 MB used.
       Both:     96.25 MB used.

Virtual space:
  Non-class space:      128.00 MB reserved,      83.81 MB ( 65%) committed,  2 nodes.
      Class space:        1.00 GB reserved,      14.69 MB (  1%) committed,  1 nodes.
             Both:        1.12 GB reserved,      98.50 MB (  9%) committed. 

Chunk freelists:
   Non-Class:  12.16 MB
       Class:  1.25 MB
        Both:  13.41 MB

MaxMetaspaceSize: unlimited
CompressedClassSpaceSize: 1.00 GB
Initial GC threshold: 21.00 MB
Current GC threshold: 162.75 MB
CDS: on
 - commit_granule_bytes: 65536.
 - commit_granule_words: 8192.
 - virtual_space_node_default_size: 8388608.
 - enlarge_chunks_in_place: 1.
 - use_allocation_guard: 0.


Internal statistics:

num_allocs_failed_limit: 6.
num_arena_births: 4222.
num_arena_deaths: 2.
num_vsnodes_births: 3.
num_vsnodes_deaths: 0.
num_space_committed: 1576.
num_space_uncommitted: 0.
num_chunks_returned_to_freelist: 9.
num_chunks_taken_from_freelist: 8937.
num_chunk_merges: 6.
num_chunk_splits: 5798.
num_chunks_enlarged: 3572.
num_inconsistent_stats: 0.

CodeHeap 'non-profiled nmethods': size=120000Kb used=7336Kb max_used=7336Kb free=112663Kb
 bounds [0x0000019787ad0000, 0x0000019788200000, 0x000001978f000000]
CodeHeap 'profiled nmethods': size=120000Kb used=21153Kb max_used=21563Kb free=98846Kb
 bounds [0x0000019780000000, 0x0000019781510000, 0x0000019787530000]
CodeHeap 'non-nmethods': size=5760Kb used=2776Kb max_used=2822Kb free=2983Kb
 bounds [0x0000019787530000, 0x0000019787800000, 0x0000019787ad0000]
CodeCache: size=245760Kb, used=31265Kb, max_used=31721Kb, free=214492Kb
 total_blobs=12134, nmethods=11107, adapters=930, full_count=0
Compilation: enabled, stopped_count=0, restarted_count=0

Compilation events (20 events):
Event: 169.899 Thread 0x00000197f7012470 13121       1       com.android.build.api.variant.impl.DirectoryEntries::getDirectoryEntries (5 bytes)
Event: 169.899 Thread 0x00000197f7012470 nmethod 13121 0x00000197881fa090 code [0x00000197881fa220, 0x00000197881fa2e8]
Event: 169.900 Thread 0x00000197f7012470 13122       3       com.android.build.api.artifact.Artifact::name (14 bytes)
Event: 169.900 Thread 0x00000197f7012470 nmethod 13122 0x000001978043ac90 code [0x000001978043ae60, 0x000001978043b018]
Event: 169.924 Thread 0x00000197f7012470 13124       3       org.gradle.api.internal.provider.AbstractCollectingSupplier::calculateValue (102 bytes)
Event: 169.927 Thread 0x00000197f7012470 nmethod 13124 0x0000019780708010 code [0x0000019780708460, 0x000001978070a5b0]
Event: 169.927 Thread 0x00000197f7012470 13123       3       org.gradle.api.internal.provider.AbstractCollectingSupplier::calculateValue (6 bytes)
Event: 169.928 Thread 0x00000197f7012470 nmethod 13123 0x0000019781150410 code [0x00000197811505e0, 0x00000197811509c8]
Event: 170.028 Thread 0x00000197f7012470 13126   !   3       jdk.proxy4.$Proxy97::annotationType (29 bytes)
Event: 170.029 Thread 0x00000197f7012470 nmethod 13126 0x000001978049fd90 code [0x000001978049ff60, 0x00000197804a0360]
Event: 170.033 Thread 0x00000197f7012470 13127       3       java.lang.invoke.MethodHandles::dropArgumentChecks (92 bytes)
Event: 170.036 Thread 0x00000197f7012470 nmethod 13127 0x000001978079f690 code [0x000001978079faa0, 0x00000197807a1ac8]
Event: 170.036 Thread 0x00000197f7012470 13128       3       org.gradle.api.internal.AbstractTask::getTaskActions (24 bytes)
Event: 170.036 Thread 0x00000197f7012470 nmethod 13128 0x0000019780932d90 code [0x0000019780932f40, 0x0000019780933178]
Event: 170.036 Thread 0x00000197f7012470 13129       3       org.gradle.api.internal.AbstractTask::wrap (44 bytes)
Event: 170.037 Thread 0x00000197f7012470 nmethod 13129 0x0000019780700590 code [0x00000197807007a0, 0x0000019780700f90]
Event: 170.037 Thread 0x00000197f7012470 13130       3       java.io.WinNTFileSystem::normalize (143 bytes)
Event: 170.038 Thread 0x00000197f7012470 nmethod 13130 0x0000019780295510 code [0x00000197802957a0, 0x0000019780296200]
Event: 170.039 Thread 0x00000197f7012470 13131       3       org.gradle.api.internal.provider.DefaultSetProperty::<init> (18 bytes)
Event: 170.040 Thread 0x00000197f7012470 nmethod 13131 0x00000197806acb10 code [0x00000197806accc0, 0x00000197806ace70]

GC Heap History (20 events):
Event: 72.548 GC heap before
{Heap before GC invocations=31 (full 0):
 garbage-first heap   total 130048K, used 115230K [0x00000000c0000000, 0x0000000100000000)
  region size 1024K, 40 young (40960K), 3 survivors (3072K)
 Metaspace       used 73345K, committed 75392K, reserved 1114112K
  class space    used 10276K, committed 11264K, reserved 1048576K
}
Event: 72.554 GC heap after
{Heap after GC invocations=32 (full 0):
 garbage-first heap   total 130048K, used 78856K [0x00000000c0000000, 0x0000000100000000)
  region size 1024K, 4 young (4096K), 4 survivors (4096K)
 Metaspace       used 73345K, committed 75392K, reserved 1114112K
  class space    used 10276K, committed 11264K, reserved 1048576K
}
Event: 75.162 GC heap before
{Heap before GC invocations=33 (full 0):
 garbage-first heap   total 133120K, used 117768K [0x00000000c0000000, 0x0000000100000000)
  region size 1024K, 42 young (43008K), 4 survivors (4096K)
 Metaspace       used 76097K, committed 78144K, reserved 1179648K
  class space    used 10681K, committed 11712K, reserved 1048576K
}
Event: 75.170 GC heap after
{Heap after GC invocations=34 (full 0):
 garbage-first heap   total 133120K, used 80706K [0x00000000c0000000, 0x0000000100000000)
  region size 1024K, 4 young (4096K), 4 survivors (4096K)
 Metaspace       used 76097K, committed 78144K, reserved 1179648K
  class space    used 10681K, committed 11712K, reserved 1048576K
}
Event: 78.816 GC heap before
{Heap before GC invocations=34 (full 0):
 garbage-first heap   total 133120K, used 119618K [0x00000000c0000000, 0x0000000100000000)
  region size 1024K, 43 young (44032K), 4 survivors (4096K)
 Metaspace       used 77466K, committed 79616K, reserved 1179648K
  class space    used 10835K, committed 11904K, reserved 1048576K
}
Event: 78.829 GC heap after
{Heap after GC invocations=35 (full 0):
 garbage-first heap   total 133120K, used 82188K [0x00000000c0000000, 0x0000000100000000)
  region size 1024K, 5 young (5120K), 5 survivors (5120K)
 Metaspace       used 77466K, committed 79616K, reserved 1179648K
  class space    used 10835K, committed 11904K, reserved 1048576K
}
Event: 85.717 GC heap before
{Heap before GC invocations=35 (full 0):
 garbage-first heap   total 133120K, used 122124K [0x00000000c0000000, 0x0000000100000000)
  region size 1024K, 44 young (45056K), 5 survivors (5120K)
 Metaspace       used 80972K, committed 83072K, reserved 1179648K
  class space    used 11302K, committed 12352K, reserved 1048576K
}
Event: 85.732 GC heap after
{Heap after GC invocations=36 (full 0):
 garbage-first heap   total 133120K, used 84522K [0x00000000c0000000, 0x0000000100000000)
  region size 1024K, 5 young (5120K), 5 survivors (5120K)
 Metaspace       used 80972K, committed 83072K, reserved 1179648K
  class space    used 11302K, committed 12352K, reserved 1048576K
}
Event: 101.458 GC heap before
{Heap before GC invocations=37 (full 0):
 garbage-first heap   total 142336K, used 124458K [0x00000000c0000000, 0x0000000100000000)
  region size 1024K, 43 young (44032K), 5 survivors (5120K)
 Metaspace       used 84219K, committed 86336K, reserved 1179648K
  class space    used 11868K, committed 12928K, reserved 1048576K
}
Event: 101.484 GC heap after
{Heap after GC invocations=38 (full 0):
 garbage-first heap   total 142336K, used 85624K [0x00000000c0000000, 0x0000000100000000)
  region size 1024K, 4 young (4096K), 4 survivors (4096K)
 Metaspace       used 84219K, committed 86336K, reserved 1179648K
  class space    used 11868K, committed 12928K, reserved 1048576K
}
Event: 118.191 GC heap before
{Heap before GC invocations=38 (full 0):
 garbage-first heap   total 142336K, used 130680K [0x00000000c0000000, 0x0000000100000000)
  region size 1024K, 48 young (49152K), 4 survivors (4096K)
 Metaspace       used 87370K, committed 89536K, reserved 1179648K
  class space    used 12305K, committed 13376K, reserved 1048576K
}
Event: 118.211 GC heap after
{Heap after GC invocations=39 (full 0):
 garbage-first heap   total 142336K, used 87159K [0x00000000c0000000, 0x0000000100000000)
  region size 1024K, 6 young (6144K), 6 survivors (6144K)
 Metaspace       used 87370K, committed 89536K, reserved 1179648K
  class space    used 12305K, committed 13376K, reserved 1048576K
}
Event: 127.074 GC heap before
{Heap before GC invocations=39 (full 0):
 garbage-first heap   total 142336K, used 132215K [0x00000000c0000000, 0x0000000100000000)
  region size 1024K, 50 young (51200K), 6 survivors (6144K)
 Metaspace       used 90002K, committed 92224K, reserved 1179648K
  class space    used 12663K, committed 13760K, reserved 1048576K
}
Event: 127.092 GC heap after
{Heap after GC invocations=40 (full 0):
 garbage-first heap   total 142336K, used 89807K [0x00000000c0000000, 0x0000000100000000)
  region size 1024K, 6 young (6144K), 6 survivors (6144K)
 Metaspace       used 90002K, committed 92224K, reserved 1179648K
  class space    used 12663K, committed 13760K, reserved 1048576K
}
Event: 143.959 GC heap before
{Heap before GC invocations=41 (full 0):
 garbage-first heap   total 150528K, used 133839K [0x00000000c0000000, 0x0000000100000000)
  region size 1024K, 49 young (50176K), 6 survivors (6144K)
 Metaspace       used 93035K, committed 95360K, reserved 1179648K
  class space    used 13137K, committed 14272K, reserved 1048576K
}
Event: 143.988 GC heap after
{Heap after GC invocations=42 (full 0):
 garbage-first heap   total 150528K, used 93065K [0x00000000c0000000, 0x0000000100000000)
  region size 1024K, 6 young (6144K), 6 survivors (6144K)
 Metaspace       used 93035K, committed 95360K, reserved 1179648K
  class space    used 13137K, committed 14272K, reserved 1048576K
}
Event: 150.956 GC heap before
{Heap before GC invocations=42 (full 0):
 garbage-first heap   total 150528K, used 141193K [0x00000000c0000000, 0x0000000100000000)
  region size 1024K, 52 young (53248K), 6 survivors (6144K)
 Metaspace       used 95371K, committed 97664K, reserved 1179648K
  class space    used 13487K, committed 14592K, reserved 1048576K
}
Event: 150.975 GC heap after
{Heap after GC invocations=43 (full 0):
 garbage-first heap   total 154624K, used 97678K [0x00000000c0000000, 0x0000000100000000)
  region size 1024K, 7 young (7168K), 7 survivors (7168K)
 Metaspace       used 95371K, committed 97664K, reserved 1179648K
  class space    used 13487K, committed 14592K, reserved 1048576K
}
Event: 165.001 GC heap before
{Heap before GC invocations=43 (full 0):
 garbage-first heap   total 154624K, used 143758K [0x00000000c0000000, 0x0000000100000000)
  region size 1024K, 52 young (53248K), 7 survivors (7168K)
 Metaspace       used 97625K, committed 99968K, reserved 1179648K
  class space    used 13798K, committed 14976K, reserved 1048576K
}
Event: 165.042 GC heap after
{Heap after GC invocations=44 (full 0):
 garbage-first heap   total 155648K, used 102065K [0x00000000c0000000, 0x0000000100000000)
  region size 1024K, 4 young (4096K), 4 survivors (4096K)
 Metaspace       used 97625K, committed 99968K, reserved 1179648K
  class space    used 13798K, committed 14976K, reserved 1048576K
}

Dll operation events (20 events):
Event: 0.195 Attempting to load shared library C:\Users\LENOVO\.antigravity-ide\extensions\redhat.java-1.56.0-win32-x64\jre\21.0.12.1-win32-x86_64\bin\nio.dll
Event: 0.196 Loaded shared library C:\Users\LENOVO\.antigravity-ide\extensions\redhat.java-1.56.0-win32-x64\jre\21.0.12.1-win32-x86_64\bin\nio.dll
Event: 0.201 Attempting to load shared library C:\Users\LENOVO\.antigravity-ide\extensions\redhat.java-1.56.0-win32-x64\jre\21.0.12.1-win32-x86_64\bin\zip.dll
Event: 0.201 Loaded shared library C:\Users\LENOVO\.antigravity-ide\extensions\redhat.java-1.56.0-win32-x64\jre\21.0.12.1-win32-x86_64\bin\zip.dll
Event: 0.806 Attempting to load shared library C:\Users\LENOVO\.antigravity-ide\extensions\redhat.java-1.56.0-win32-x64\jre\21.0.12.1-win32-x86_64\bin\jimage.dll
Event: 0.806 Loaded shared library C:\Users\LENOVO\.antigravity-ide\extensions\redhat.java-1.56.0-win32-x64\jre\21.0.12.1-win32-x86_64\bin\jimage.dll
Event: 1.172 Attempting to load shared library C:\Users\LENOVO\.antigravity-ide\extensions\redhat.java-1.56.0-win32-x64\jre\21.0.12.1-win32-x86_64\bin\verify.dll
Event: 1.172 Loaded shared library C:\Users\LENOVO\.antigravity-ide\extensions\redhat.java-1.56.0-win32-x64\jre\21.0.12.1-win32-x86_64\bin\verify.dll
Event: 1.384 Attempting to load shared library C:\Users\LENOVO\.gradle\native\1def1411415f61bf3af743bc5b6707747c0891f09f0c88961ee8f79bc544acac\windows-amd64\native-platform.dll
Event: 1.385 Loaded shared library C:\Users\LENOVO\.gradle\native\1def1411415f61bf3af743bc5b6707747c0891f09f0c88961ee8f79bc544acac\windows-amd64\native-platform.dll
Event: 1.406 Attempting to load shared library C:\Users\LENOVO\.gradle\native\0.2.7\x86_64-windows-gnu\gradle-fileevents.dll
Event: 1.407 Loaded shared library C:\Users\LENOVO\.gradle\native\0.2.7\x86_64-windows-gnu\gradle-fileevents.dll
Event: 4.316 Attempting to load shared library C:\Users\LENOVO\.antigravity-ide\extensions\redhat.java-1.56.0-win32-x64\jre\21.0.12.1-win32-x86_64\bin\management.dll
Event: 4.319 Loaded shared library C:\Users\LENOVO\.antigravity-ide\extensions\redhat.java-1.56.0-win32-x64\jre\21.0.12.1-win32-x86_64\bin\management.dll
Event: 4.326 Attempting to load shared library C:\Users\LENOVO\.antigravity-ide\extensions\redhat.java-1.56.0-win32-x64\jre\21.0.12.1-win32-x86_64\bin\management_ext.dll
Event: 4.330 Loaded shared library C:\Users\LENOVO\.antigravity-ide\extensions\redhat.java-1.56.0-win32-x64\jre\21.0.12.1-win32-x86_64\bin\management_ext.dll
Event: 4.779 Attempting to load shared library C:\Users\LENOVO\.antigravity-ide\extensions\redhat.java-1.56.0-win32-x64\jre\21.0.12.1-win32-x86_64\bin\extnet.dll
Event: 4.783 Loaded shared library C:\Users\LENOVO\.antigravity-ide\extensions\redhat.java-1.56.0-win32-x64\jre\21.0.12.1-win32-x86_64\bin\extnet.dll
Event: 5.443 Attempting to load shared library C:\Users\LENOVO\.antigravity-ide\extensions\redhat.java-1.56.0-win32-x64\jre\21.0.12.1-win32-x86_64\bin\sunmscapi.dll
Event: 5.451 Loaded shared library C:\Users\LENOVO\.antigravity-ide\extensions\redhat.java-1.56.0-win32-x64\jre\21.0.12.1-win32-x86_64\bin\sunmscapi.dll

Deoptimization events (20 events):
Event: 167.168 Thread 0x00000197f76cf180 Uncommon trap: trap_request=0xffffff45 fr.pc=0x000001978809b33c relative=0x00000000000001fc
Event: 167.168 Thread 0x00000197f76cf180 Uncommon trap: reason=unstable_if action=reinterpret pc=0x000001978809b33c method=org.gradle.internal.instantiation.generator.AbstractClassGenerator.isNameProperty(Lorg/gradle/internal/instantiation/generator/AbstractClassGenerator$PropertyMetadata;)Z @ 2
Event: 167.168 Thread 0x00000197f76cf180 DEOPT PACKING pc=0x000001978809b33c sp=0x0000005d3d1f9fc0
Event: 167.168 Thread 0x00000197f76cf180 DEOPT UNPACKING pc=0x0000019787584422 sp=0x0000005d3d1f9f50 mode 2
Event: 168.777 Thread 0x00000197f76cf180 Uncommon trap: trap_request=0xfffffff4 fr.pc=0x00000197881eeb88 relative=0x0000000000000b08
Event: 168.777 Thread 0x00000197f76cf180 Uncommon trap: reason=null_check action=make_not_entrant pc=0x00000197881eeb88 method=org.gradle.internal.instantiation.generator.AbstractClassGenerator.isIneligibleForConventionMapping(Lorg/gradle/internal/instantiation/generator/AbstractClassGenerator$P
Event: 168.777 Thread 0x00000197f76cf180 DEOPT PACKING pc=0x00000197881eeb88 sp=0x0000005d3d1fa2e0
Event: 168.777 Thread 0x00000197f76cf180 DEOPT UNPACKING pc=0x0000019787584422 sp=0x0000005d3d1fa1f8 mode 2
Event: 169.437 Thread 0x00000197f76cf180 Uncommon trap: trap_request=0xffffff45 fr.pc=0x0000019787d52508 relative=0x0000000000000128
Event: 169.506 Thread 0x00000197f76cf180 Uncommon trap: reason=unstable_if action=reinterpret pc=0x0000019787d52508 method=java.io.WinNTFileSystem.normalize(Ljava/lang/String;)Ljava/lang/String; @ 74 c2
Event: 169.508 Thread 0x00000197f76cf180 DEOPT PACKING pc=0x0000019787d52508 sp=0x0000005d3d1fa890
Event: 169.508 Thread 0x00000197f76cf180 DEOPT UNPACKING pc=0x0000019787584422 sp=0x0000005d3d1fa7b0 mode 2
Event: 169.508 Thread 0x00000197f76cf180 Uncommon trap: trap_request=0xffffff45 fr.pc=0x0000019787e63228 relative=0x0000000000001448
Event: 169.508 Thread 0x00000197f76cf180 Uncommon trap: reason=unstable_if action=reinterpret pc=0x0000019787e63228 method=java.io.WinNTFileSystem.normalize(Ljava/lang/String;II)Ljava/lang/String; @ 100 c2
Event: 169.508 Thread 0x00000197f76cf180 DEOPT PACKING pc=0x0000019787e63228 sp=0x0000005d3d1fa730
Event: 169.508 Thread 0x00000197f76cf180 DEOPT UNPACKING pc=0x0000019787584422 sp=0x0000005d3d1fa718 mode 2
Event: 169.900 Thread 0x00000197f76cf180 Uncommon trap: trap_request=0xffffff45 fr.pc=0x0000019787d5e640 relative=0x00000000000000e0
Event: 169.900 Thread 0x00000197f76cf180 Uncommon trap: reason=unstable_if action=reinterpret pc=0x0000019787d5e640 method=java.io.WinNTFileSystem.normalize(Ljava/lang/String;)Ljava/lang/String; @ 74 c2
Event: 169.900 Thread 0x00000197f76cf180 DEOPT PACKING pc=0x0000019787d5e640 sp=0x0000005d3d1fa820
Event: 169.900 Thread 0x00000197f76cf180 DEOPT UNPACKING pc=0x0000019787584422 sp=0x0000005d3d1fa7a8 mode 2

Classes loaded (20 events):
Event: 147.798 Loading class java/lang/StringBeanInfo
Event: 147.798 Loading class java/lang/StringBeanInfo done
Event: 147.798 Loading class java/lang/StringCustomizer
Event: 147.798 Loading class java/lang/StringCustomizer done
Event: 147.804 Loading class java/lang/StringCustomizer
Event: 147.804 Loading class java/lang/StringCustomizer done
Event: 147.978 Loading class java/lang/EnumBeanInfo
Event: 147.979 Loading class java/lang/EnumBeanInfo done
Event: 147.981 Loading class java/lang/EnumBeanInfo
Event: 147.981 Loading class java/lang/EnumBeanInfo done
Event: 147.981 Loading class java/lang/EnumCustomizer
Event: 147.981 Loading class java/lang/EnumCustomizer done
Event: 147.985 Loading class java/lang/EnumCustomizer
Event: 147.985 Loading class java/lang/EnumCustomizer done
Event: 148.347 Loading class java/lang/AbstractMethodError
Event: 148.347 Loading class java/lang/AbstractMethodError done
Event: 148.411 Loading class java/util/TreeMap$KeySpliterator
Event: 148.412 Loading class java/util/TreeMap$KeySpliterator done
Event: 169.097 Loading class java/io/NotSerializableException
Event: 169.097 Loading class java/io/NotSerializableException done

Classes unloaded (1 events):
Event: 53.906 Thread 0x00000197f6fdc000 Unloading class 0x000001979089a400 'java/lang/invoke/LambdaForm$DMH+0x000001979089a400'

Classes redefined (0 events):
No events

Internal exceptions (20 events):
Event: 147.874 Thread 0x00000197f76cf180 Exception <a 'java/lang/ClassNotFoundException'{0x00000000c7bd0a78}: org/gradle/api/internal/artifacts/dsl/dependencies/DefaultDependencyHandler_DecoratedBeanInfo> (0x00000000c7bd0a78) 
thrown [s\src\hotspot\share\classfile\systemDictionary.cpp, line 313]
Event: 147.886 Thread 0x00000197f76cf180 Exception <a 'java/lang/ClassNotFoundException'{0x00000000c7be6c10}: org/gradle/api/internal/artifacts/dsl/dependencies/DefaultDependencyHandlerBeanInfo> (0x00000000c7be6c10) 
thrown [s\src\hotspot\share\classfile\systemDictionary.cpp, line 313]
Event: 147.905 Thread 0x00000197f76cf180 Exception <a 'java/lang/ClassNotFoundException'{0x00000000c7bfcd68}: org/gradle/api/internal/artifacts/dsl/dependencies/DefaultDependencyHandlerCustomizer> (0x00000000c7bfcd68) 
thrown [s\src\hotspot\share\classfile\systemDictionary.cpp, line 313]
Event: 147.925 Thread 0x00000197f76cf180 Exception <a 'java/lang/ClassNotFoundException'{0x00000000c7a565b0}: org/gradle/api/internal/artifacts/dsl/dependencies/DefaultDependencyHandler_DecoratedCustomizer> (0x00000000c7a565b0) 
thrown [s\src\hotspot\share\classfile\systemDictionary.cpp, line 313]
Event: 147.977 Thread 0x00000197f76cf180 Exception <a 'java/lang/ClassNotFoundException'{0x00000000c7aade30}: org/gradle/api/JavaVersionBeanInfo> (0x00000000c7aade30) 
thrown [s\src\hotspot\share\classfile\systemDictionary.cpp, line 313]
Event: 147.981 Thread 0x00000197f76cf180 Exception <a 'java/lang/ClassNotFoundException'{0x00000000c7ab5420}: java/lang/EnumBeanInfo> (0x00000000c7ab5420) 
thrown [s\src\hotspot\share\classfile\systemDictionary.cpp, line 313]
Event: 147.986 Thread 0x00000197f76cf180 Exception <a 'java/lang/ClassNotFoundException'{0x00000000c7abca98}: java/lang/EnumCustomizer> (0x00000000c7abca98) 
thrown [s\src\hotspot\share\classfile\systemDictionary.cpp, line 313]
Event: 147.997 Thread 0x00000197f76cf180 Exception <a 'java/lang/ClassNotFoundException'{0x00000000c7ad7950}: org/gradle/api/JavaVersionCustomizer> (0x00000000c7ad7950) 
thrown [s\src\hotspot\share\classfile\systemDictionary.cpp, line 313]
Event: 148.032 Thread 0x00000197f76cf180 Exception <a 'java/lang/ClassNotFoundException'{0x00000000c7926f80}: org/gradle/api/plugins/internal/DefaultJavaPluginExtension_DecoratedBeanInfo> (0x00000000c7926f80) 
thrown [s\src\hotspot\share\classfile\systemDictionary.cpp, line 313]
Event: 148.042 Thread 0x00000197f76cf180 Exception <a 'java/lang/ClassNotFoundException'{0x00000000c793c960}: org/gradle/api/plugins/internal/DefaultJavaPluginExtensionBeanInfo> (0x00000000c793c960) 
thrown [s\src\hotspot\share\classfile\systemDictionary.cpp, line 313]
Event: 148.053 Thread 0x00000197f76cf180 Exception <a 'java/lang/ClassNotFoundException'{0x00000000c7952340}: org/gradle/api/plugins/internal/DefaultJavaPluginExtensionCustomizer> (0x00000000c7952340) 
thrown [s\src\hotspot\share\classfile\systemDictionary.cpp, line 313]
Event: 148.085 Thread 0x00000197f76cf180 Exception <a 'java/lang/ClassNotFoundException'{0x00000000c7989aa8}: org/gradle/api/plugins/internal/DefaultJavaPluginExtension_DecoratedCustomizer> (0x00000000c7989aa8) 
thrown [s\src\hotspot\share\classfile\systemDictionary.cpp, line 313]
Event: 149.849 Thread 0x00000197f76cf180 Implicit null exception at 0x0000019787d1a7f9 to 0x0000019787d1a824
Event: 153.585 Thread 0x00000197f76cf180 Implicit null exception at 0x0000019788164817 to 0x000001978816b8c0
Event: 159.630 Thread 0x00000197f76cf180 Implicit null exception at 0x00000197881c35be to 0x00000197881c3700
Event: 159.714 Thread 0x00000197f76cf180 Implicit null exception at 0x00000197881c991f to 0x00000197881c9f68
Event: 159.892 Thread 0x00000197f76cf180 Implicit null exception at 0x00000197881cd5a2 to 0x00000197881cd900
Event: 160.125 Thread 0x00000197f76cf180 Implicit null exception at 0x00000197881cdfc7 to 0x00000197881ce16b
Event: 162.317 Thread 0x00000197f76cf180 Implicit null exception at 0x00000197881dfde3 to 0x00000197881e0240
Event: 168.777 Thread 0x00000197f76cf180 Implicit null exception at 0x00000197881ee365 to 0x00000197881eeb7c

ZGC Phase Switch (0 events):
No events

VM Operations (20 events):
Event: 163.383 Executing safepoint VM operation: Cleanup
Event: 163.459 Executing safepoint VM operation: Cleanup done
Event: 164.470 Executing safepoint VM operation: Cleanup
Event: 164.471 Executing safepoint VM operation: Cleanup done
Event: 165.001 Executing safepoint VM operation: G1CollectForAllocation (G1 Evacuation Pause)
Event: 165.042 Executing safepoint VM operation: G1CollectForAllocation (G1 Evacuation Pause) done
Event: 165.223 Executing safepoint VM operation: G1PauseRemark
Event: 165.275 Executing safepoint VM operation: G1PauseRemark done
Event: 165.325 Executing safepoint VM operation: G1PauseCleanup
Event: 165.343 Executing safepoint VM operation: G1PauseCleanup done
Event: 166.351 Executing safepoint VM operation: Cleanup
Event: 166.367 Executing safepoint VM operation: Cleanup done
Event: 167.377 Executing safepoint VM operation: Cleanup
Event: 167.377 Executing safepoint VM operation: Cleanup done
Event: 168.385 Executing safepoint VM operation: Cleanup
Event: 168.385 Executing safepoint VM operation: Cleanup done
Event: 169.180 Executing non-safepoint VM operation: HandshakeAllThreads (Deoptimize)
Event: 169.180 Executing non-safepoint VM operation: HandshakeAllThreads (Deoptimize) done
Event: 170.190 Executing safepoint VM operation: Cleanup
Event: 170.205 Executing safepoint VM operation: Cleanup done

Memory protections (0 events):
No events

Nmethod flushes (20 events):
Event: 165.270 Thread 0x00000197f6fdc000 flushing  nmethod 0x000001978033d290
Event: 165.270 Thread 0x00000197f6fdc000 flushing  nmethod 0x0000019780344390
Event: 165.270 Thread 0x00000197f6fdc000 flushing  nmethod 0x000001978040b510
Event: 165.270 Thread 0x00000197f6fdc000 flushing  nmethod 0x000001978043ac90
Event: 165.270 Thread 0x00000197f6fdc000 flushing  nmethod 0x00000197805c6810
Event: 165.270 Thread 0x00000197f6fdc000 flushing  nmethod 0x00000197805c9710
Event: 165.270 Thread 0x00000197f6fdc000 flushing  nmethod 0x00000197805c9c90
Event: 165.270 Thread 0x00000197f6fdc000 flushing  nmethod 0x0000019787ff6c10
Event: 165.270 Thread 0x00000197f6fdc000 flushing  nmethod 0x0000019787ff7590
Event: 165.270 Thread 0x00000197f6fdc000 flushing  nmethod 0x00000197806ed110
Event: 165.270 Thread 0x00000197f6fdc000 flushing  nmethod 0x0000019780780910
Event: 165.270 Thread 0x00000197f6fdc000 flushing  nmethod 0x000001978079f390
Event: 165.270 Thread 0x00000197f6fdc000 flushing  nmethod 0x000001978079f790
Event: 165.270 Thread 0x00000197f6fdc000 flushing  nmethod 0x000001978079ff10
Event: 165.270 Thread 0x00000197f6fdc000 flushing  nmethod 0x0000019780992990
Event: 165.270 Thread 0x00000197f6fdc000 flushing  nmethod 0x0000019780ba3410
Event: 165.270 Thread 0x00000197f6fdc000 flushing  nmethod 0x0000019780ba7190
Event: 165.270 Thread 0x00000197f6fdc000 flushing  nmethod 0x0000019780c13a90
Event: 165.270 Thread 0x00000197f6fdc000 flushing  nmethod 0x0000019780c14390
Event: 165.271 Thread 0x00000197f6fdc000 flushing  nmethod 0x0000019780c51490

Events (20 events):
Event: 51.969 Thread 0x00000197f76cf180 Thread added: 0x00000197fe9e1390
Event: 51.970 Thread 0x00000197f76cf180 Thread added: 0x00000197fe9e4ea0
Event: 51.970 Thread 0x00000197f76cf180 Thread added: 0x00000197fe9e4180
Event: 51.976 Thread 0x00000197f76cf180 Thread added: 0x00000197fe9e20b0
Event: 52.399 Thread 0x00000197f76cf180 Thread added: 0x00000197fe9e5530
Event: 52.404 Thread 0x00000197f76cf180 Thread added: 0x00000197fe9e5bc0
Event: 52.411 Thread 0x00000197f76cf180 Thread added: 0x00000197fe9e2740
Event: 52.413 Thread 0x00000197f76cf180 Thread added: 0x00000197d04da4c0
Event: 52.566 Thread 0x00000197f76cf180 Thread added: 0x00000197d04d9110
Event: 52.571 Thread 0x00000197f76cf180 Thread added: 0x00000197d04d97a0
Event: 52.572 Thread 0x00000197f76cf180 Thread added: 0x00000197d04d83f0
Event: 52.581 Thread 0x00000197f76cf180 Thread added: 0x00000197d04d9e30
Event: 52.582 Thread 0x00000197f76cf180 Thread added: 0x00000197d04d8a80
Event: 52.601 Thread 0x00000197f76cf180 Thread added: 0x00000197d04dab50
Event: 52.602 Thread 0x00000197f76cf180 Thread added: 0x00000197d04d76d0
Event: 60.780 Thread 0x00000197f76cf180 Thread added: 0x00000197d04db1e0
Event: 71.237 Thread 0x00000197f76cf180 Thread added: 0x00000197d04d7d60
Event: 79.066 Thread 0x00000197f76cf180 Thread added: 0x00000197d04decf0
Event: 130.386 Thread 0x00000197f76cf180 Thread added: 0x00000197fd6ee190
Event: 130.450 Thread 0x00000197f76cf180 Thread added: 0x00000197fd6ef540


Dynamic libraries:
0x00007ff69d5b0000 - 0x00007ff69d5be000 	C:\Users\LENOVO\.antigravity-ide\extensions\redhat.java-1.56.0-win32-x64\jre\21.0.12.1-win32-x86_64\bin\java.exe
0x00007ffba7f40000 - 0x00007ffba81a7000 	C:\WINDOWS\SYSTEM32\ntdll.dll
0x00007ffba6070000 - 0x00007ffba613b000 	C:\WINDOWS\System32\KERNEL32.DLL
0x00007ffba5490000 - 0x00007ffba5892000 	C:\WINDOWS\System32\KERNELBASE.dll
0x00007ffba5140000 - 0x00007ffba528c000 	C:\WINDOWS\System32\ucrtbase.dll
0x00007ffb86800000 - 0x00007ffb86818000 	C:\Users\LENOVO\.antigravity-ide\extensions\redhat.java-1.56.0-win32-x64\jre\21.0.12.1-win32-x86_64\bin\jli.dll
0x00007ffb8b2d0000 - 0x00007ffb8b2ee000 	C:\Users\LENOVO\.antigravity-ide\extensions\redhat.java-1.56.0-win32-x64\jre\21.0.12.1-win32-x86_64\bin\VCRUNTIME140.dll
0x00007ffba5e00000 - 0x00007ffba5fcf000 	C:\WINDOWS\System32\USER32.dll
0x00007ffb8ec40000 - 0x00007ffb8eed0000 	C:\WINDOWS\WinSxS\amd64_microsoft.windows.common-controls_6595b64144ccf1df_6.0.26100.9278_none_3e0d1ba8e3303201\COMCTL32.dll
0x00007ffba59e0000 - 0x00007ffba5a07000 	C:\WINDOWS\System32\win32u.dll
0x00007ffba6840000 - 0x00007ffba68e9000 	C:\WINDOWS\System32\msvcrt.dll
0x00007ffba5d80000 - 0x00007ffba5dab000 	C:\WINDOWS\System32\GDI32.dll
0x00007ffba52a0000 - 0x00007ffba53c9000 	C:\WINDOWS\System32\gdi32full.dll
0x00007ffba5930000 - 0x00007ffba59d3000 	C:\WINDOWS\System32\msvcp_win.dll
0x00007ffba5dc0000 - 0x00007ffba5df1000 	C:\WINDOWS\System32\IMM32.DLL
0x00007ffb933d0000 - 0x00007ffb933dc000 	C:\Users\LENOVO\.antigravity-ide\extensions\redhat.java-1.56.0-win32-x64\jre\21.0.12.1-win32-x86_64\bin\vcruntime140_1.dll
0x00007ffb4a830000 - 0x00007ffb4a8bd000 	C:\Users\LENOVO\.antigravity-ide\extensions\redhat.java-1.56.0-win32-x64\jre\21.0.12.1-win32-x86_64\bin\msvcp140.dll
0x00007ffac5e60000 - 0x00007ffac6c02000 	C:\Users\LENOVO\.antigravity-ide\extensions\redhat.java-1.56.0-win32-x64\jre\21.0.12.1-win32-x86_64\bin\server\jvm.dll
0x00007ffba66f0000 - 0x00007ffba67ac000 	C:\WINDOWS\System32\ADVAPI32.dll
0x00007ffba7e30000 - 0x00007ffba7ed9000 	C:\WINDOWS\System32\sechost.dll
0x00007ffba5c60000 - 0x00007ffba5d78000 	C:\WINDOWS\System32\RPCRT4.dll
0x00007ffba7090000 - 0x00007ffba7110000 	C:\WINDOWS\System32\WS2_32.dll
0x00007ffb983b0000 - 0x00007ffb983e6000 	C:\WINDOWS\SYSTEM32\WINMM.dll
0x00007ffb93ff0000 - 0x00007ffb93ffb000 	C:\WINDOWS\SYSTEM32\VERSION.dll
0x00007ffba4f90000 - 0x00007ffba4fee000 	C:\WINDOWS\SYSTEM32\POWRPROF.dll
0x00007ffba4f70000 - 0x00007ffba4f85000 	C:\WINDOWS\SYSTEM32\UMPDC.dll
0x00007ffba3dd0000 - 0x00007ffba3deb000 	C:\WINDOWS\SYSTEM32\kernel.appcore.dll
0x00007ffb8aef0000 - 0x00007ffb8aefa000 	C:\Users\LENOVO\.antigravity-ide\extensions\redhat.java-1.56.0-win32-x64\jre\21.0.12.1-win32-x86_64\bin\jimage.dll
0x00007ffba2480000 - 0x00007ffba26cc000 	C:\WINDOWS\SYSTEM32\DBGHELP.DLL
0x00007ffba7950000 - 0x00007ffba7cd5000 	C:\WINDOWS\System32\combase.dll
0x00007ffba62c0000 - 0x00007ffba6399000 	C:\WINDOWS\System32\OLEAUT32.dll
0x00007ffb8c4f0000 - 0x00007ffb8c52b000 	C:\WINDOWS\SYSTEM32\dbgcore.DLL
0x00007ffba5a10000 - 0x00007ffba5abc000 	C:\WINDOWS\System32\bcryptPrimitives.dll
0x00007ffb833e0000 - 0x00007ffb833ef000 	C:\Users\LENOVO\.antigravity-ide\extensions\redhat.java-1.56.0-win32-x64\jre\21.0.12.1-win32-x86_64\bin\instrument.dll
0x00007ffb85ab0000 - 0x00007ffb85ad0000 	C:\Users\LENOVO\.antigravity-ide\extensions\redhat.java-1.56.0-win32-x64\jre\21.0.12.1-win32-x86_64\bin\java.dll
0x00007ffba68f0000 - 0x00007ffba7088000 	C:\WINDOWS\System32\SHELL32.dll
0x00007ffba2b60000 - 0x00007ffba340e000 	C:\WINDOWS\SYSTEM32\windows.storage.dll
0x00007ffba7d30000 - 0x00007ffba7e2b000 	C:\WINDOWS\System32\SHCORE.dll
0x00007ffba67d0000 - 0x00007ffba6836000 	C:\WINDOWS\System32\shlwapi.dll
0x00007ffba5060000 - 0x00007ffba5089000 	C:\WINDOWS\SYSTEM32\profapi.dll
0x00007ffb72140000 - 0x00007ffb72158000 	C:\Users\LENOVO\.antigravity-ide\extensions\redhat.java-1.56.0-win32-x64\jre\21.0.12.1-win32-x86_64\bin\zip.dll
0x00007ffb833f0000 - 0x00007ffb83400000 	C:\Users\LENOVO\.antigravity-ide\extensions\redhat.java-1.56.0-win32-x64\jre\21.0.12.1-win32-x86_64\bin\net.dll
0x00007ffb9d7d0000 - 0x00007ffb9d8fa000 	C:\WINDOWS\SYSTEM32\WINHTTP.dll
0x00007ffba4370000 - 0x00007ffba43dc000 	C:\WINDOWS\system32\mswsock.dll
0x00007ffb721a0000 - 0x00007ffb721b6000 	C:\Users\LENOVO\.antigravity-ide\extensions\redhat.java-1.56.0-win32-x64\jre\21.0.12.1-win32-x86_64\bin\nio.dll
0x00007ffb72520000 - 0x00007ffb72530000 	C:\Users\LENOVO\.antigravity-ide\extensions\redhat.java-1.56.0-win32-x64\jre\21.0.12.1-win32-x86_64\bin\verify.dll
0x00007ffb4bb90000 - 0x00007ffb4bbb7000 	C:\Users\LENOVO\.gradle\native\1def1411415f61bf3af743bc5b6707747c0891f09f0c88961ee8f79bc544acac\windows-amd64\native-platform.dll
0x00007ffb4a110000 - 0x00007ffb4a188000 	C:\Users\LENOVO\.gradle\native\0.2.7\x86_64-windows-gnu\gradle-fileevents.dll
0x00007ffb72160000 - 0x00007ffb7216a000 	C:\Users\LENOVO\.antigravity-ide\extensions\redhat.java-1.56.0-win32-x64\jre\21.0.12.1-win32-x86_64\bin\management.dll
0x00007ffb6c490000 - 0x00007ffb6c49c000 	C:\Users\LENOVO\.antigravity-ide\extensions\redhat.java-1.56.0-win32-x64\jre\21.0.12.1-win32-x86_64\bin\management_ext.dll
0x00007ffba5db0000 - 0x00007ffba5db8000 	C:\WINDOWS\System32\PSAPI.DLL
0x00007ffba3780000 - 0x00007ffba37b3000 	C:\WINDOWS\SYSTEM32\IPHLPAPI.DLL
0x00007ffba7120000 - 0x00007ffba712a000 	C:\WINDOWS\System32\NSI.dll
0x00007ffb66b60000 - 0x00007ffb66b69000 	C:\Users\LENOVO\.antigravity-ide\extensions\redhat.java-1.56.0-win32-x64\jre\21.0.12.1-win32-x86_64\bin\extnet.dll
0x00007ffba4790000 - 0x00007ffba47ab000 	C:\WINDOWS\SYSTEM32\CRYPTSP.dll
0x00007ffba3d30000 - 0x00007ffba3d69000 	C:\WINDOWS\system32\rsaenh.dll
0x00007ffba4420000 - 0x00007ffba4454000 	C:\WINDOWS\SYSTEM32\USERENV.dll
0x00007ffba5030000 - 0x00007ffba505a000 	C:\WINDOWS\SYSTEM32\bcrypt.dll
0x00007ffba45d0000 - 0x00007ffba45dc000 	C:\WINDOWS\SYSTEM32\CRYPTBASE.dll
0x00007ffb4ab20000 - 0x00007ffb4ab2e000 	C:\Users\LENOVO\.antigravity-ide\extensions\redhat.java-1.56.0-win32-x64\jre\21.0.12.1-win32-x86_64\bin\sunmscapi.dll
0x00007ffba5ad0000 - 0x00007ffba5c4e000 	C:\WINDOWS\System32\CRYPT32.dll
0x00007ffba4900000 - 0x00007ffba4930000 	C:\WINDOWS\SYSTEM32\ncrypt.dll
0x00007ffba48b0000 - 0x00007ffba48ef000 	C:\WINDOWS\SYSTEM32\NTASN1.dll
0x00007ffb7b120000 - 0x00007ffb7b128000 	C:\WINDOWS\system32\wshunix.dll

JVMTI agents:
C:\Users\LENOVO\.gradle\wrapper\dists\gradle-8.14-bin\38aieal9i53h9rfe7vjup95b9\gradle-8.14\lib\agents\gradle-instrumentation-agent-8.14.jar path:C:\Users\LENOVO\.antigravity-ide\extensions\redhat.java-1.56.0-win32-x64\jre\21.0.12.1-win32-x86_64\bin\instrument.dll, loaded, initialized, instrumentlib options:none

dbghelp: loaded successfully - version: 4.0.5 - missing functions: none
symbol engine: initialized successfully - sym options: 0x614 - pdb path: .;C:\Users\LENOVO\.antigravity-ide\extensions\redhat.java-1.56.0-win32-x64\jre\21.0.12.1-win32-x86_64\bin;C:\WINDOWS\SYSTEM32;C:\WINDOWS\WinSxS\amd64_microsoft.windows.common-controls_6595b64144ccf1df_6.0.26100.9278_none_3e0d1ba8e3303201;C:\Users\LENOVO\.antigravity-ide\extensions\redhat.java-1.56.0-win32-x64\jre\21.0.12.1-win32-x86_64\bin\server;C:\Users\LENOVO\.gradle\native\1def1411415f61bf3af743bc5b6707747c0891f09f0c88961ee8f79bc544acac\windows-amd64;C:\Users\LENOVO\.gradle\native\0.2.7\x86_64-windows-gnu

VM Arguments:
jvm_args: --add-opens=java.base/java.lang=ALL-UNNAMED --add-opens=java.base/java.lang.invoke=ALL-UNNAMED --add-opens=java.base/java.util=ALL-UNNAMED --add-opens=java.prefs/java.util.prefs=ALL-UNNAMED --add-exports=jdk.compiler/com.sun.tools.javac.api=ALL-UNNAMED --add-exports=jdk.compiler/com.sun.tools.javac.util=ALL-UNNAMED --add-opens=java.base/java.util=ALL-UNNAMED --add-opens=java.prefs/java.util.prefs=ALL-UNNAMED --add-opens=java.base/java.nio.charset=ALL-UNNAMED --add-opens=java.base/java.net=ALL-UNNAMED --add-opens=java.base/java.util.concurrent.atomic=ALL-UNNAMED --add-opens=java.xml/javax.xml.namespace=ALL-UNNAMED -Xmx1024m -Dfile.encoding=UTF-8 -Duser.country=US -Duser.language=en -Duser.variant -javaagent:C:\Users\LENOVO\.gradle\wrapper\dists\gradle-8.14-bin\38aieal9i53h9rfe7vjup95b9\gradle-8.14\lib\agents\gradle-instrumentation-agent-8.14.jar 
java_command: org.gradle.launcher.daemon.bootstrap.GradleDaemon 8.14
java_class_path (initial): C:\Users\LENOVO\.gradle\wrapper\dists\gradle-8.14-bin\38aieal9i53h9rfe7vjup95b9\gradle-8.14\lib\gradle-daemon-main-8.14.jar
Launcher Type: SUN_STANDARD

[Global flags]
     intx CICompilerCount                          = 4                                         {product} {ergonomic}
     uint ConcGCThreads                            = 2                                         {product} {ergonomic}
     uint G1ConcRefinementThreads                  = 8                                         {product} {ergonomic}
   size_t G1HeapRegionSize                         = 1048576                                   {product} {ergonomic}
    uintx GCDrainStackTargetSize                   = 64                                        {product} {ergonomic}
   size_t InitialHeapSize                          = 98566144                                  {product} {ergonomic}
   size_t MarkStackSize                            = 4194304                                   {product} {ergonomic}
   size_t MaxHeapSize                              = 1073741824                                {product} {command line}
   size_t MaxNewSize                               = 643825664                                 {product} {ergonomic}
   size_t MinHeapDeltaBytes                        = 1048576                                   {product} {ergonomic}
   size_t MinHeapSize                              = 8388608                                   {product} {ergonomic}
    uintx NonNMethodCodeHeapSize                   = 5839372                                {pd product} {ergonomic}
    uintx NonProfiledCodeHeapSize                  = 122909434                              {pd product} {ergonomic}
    uintx ProfiledCodeHeapSize                     = 122909434                              {pd product} {ergonomic}
    uintx ReservedCodeCacheSize                    = 251658240                              {pd product} {ergonomic}
     bool SegmentedCodeCache                       = true                                      {product} {ergonomic}
   size_t SoftMaxHeapSize                          = 1073741824                             {manageable} {ergonomic}
     bool UseCompressedOops                        = true                           {product lp64_product} {ergonomic}
     bool UseG1GC                                  = true                                      {product} {ergonomic}
     bool UseLargePagesIndividualAllocation        = false                                  {pd product} {ergonomic}

Logging:
Log output configuration:
 #0: stdout all=warning uptime,level,tags foldmultilines=false
 #1: stderr all=off uptime,level,tags foldmultilines=false

Release file:
JAVA_VERSION="21.0.12.1" 
MODULES="java.base java.compiler java.datatransfer java.xml java.prefs java.desktop java.instrument java.logging java.management java.security.sasl java.naming java.rmi java.management.rmi java.net.http java.scripting java.security.jgss java.transaction.xa java.sql java.sql.rowset java.xml.crypto java.se java.smartcardio jdk.accessibility jdk.internal.jvmstat jdk.attach jdk.charsets jdk.internal.opt jdk.zipfs jdk.compiler jdk.crypto.ec jdk.crypto.cryptoki jdk.crypto.mscapi jdk.dynalink jdk.internal.ed jdk.editpad jdk.hotspot.agent jdk.httpserver jdk.internal.le jdk.internal.vm.ci jdk.internal.vm.compiler jdk.internal.vm.compiler.management jdk.jartool jdk.javadoc jdk.jcmd jdk.management jdk.management.agent jdk.jconsole jdk.jdeps jdk.jdwp.agent jdk.jdi jdk.jfr jdk.jshell jdk.jsobject jdk.jstatd jdk.localedata jdk.management.jfr jdk.naming.dns jdk.naming.rmi jdk.net jdk.nio.mapmode jdk.random jdk.sctp jdk.security.auth jdk.security.jgss jdk.unsupported jdk.unsupported.desktop jdk.xml.dom" 

Environment Variables:
JAVA_HOME=C:\Program Files\Android\Android Studio\jbr
PATH=C:\WINDOWS\system32;C:\WINDOWS;C:\WINDOWS\System32\Wbem;C:\WINDOWS\System32\WindowsPowerShell\v1.0\;C:\WINDOWS\System32\OpenSSH\;C:\Program Files\Docker\Docker\resources\bin;C:\Program Files\nodejs\;C:\Program Files\Git\cmd;C:\Users\LENOVO\AppData\Local\Programs\Python\Python312\Scripts\;C:\Users\LENOVO\AppData\Local\Programs\Python\Python312\;C:\Users\LENOVO\AppData\Local\Programs\Python\Launcher\;C:\Users\LENOVO\AppData\Local\Programs\Python\Python314\Scripts\;C:\Users\LENOVO\AppData\Local\Programs\Python\Python314\;C:\Users\LENOVO\AppData\Local\Microsoft\WindowsApps;C:\Users\LENOVO\AppData\Local\Programs\Antigravity\bin;C:\Users\LENOVO\AppData\Roaming\npm;C:\ScrcpyLauncher by praveen;C:\Users\LENOVO\AppData\Local\PowerToys\DSCModules\;C:\Users\LENOVO\AppData\Local\Programs\Antigravity IDE\bin
USERNAME=LENOVO
OS=Windows_NT
PROCESSOR_IDENTIFIER=AMD64 Family 23 Model 160 Stepping 0, AuthenticAMD
TMP=C:\Users\LENOVO\AppData\Local\Temp
TEMP=C:\Users\LENOVO\AppData\Local\Temp




Periodic native trim disabled

---------------  S Y S T E M  ---------------

OS:
 Windows 11 , 64 bit Build 26100 (10.0.26100.9444)
OS uptime: 3 days 17:38 hours
Hyper-V role detected

CPU: total 8 (initial active 8) (8 cores per cpu, 2 threads per core) family 23 model 160 stepping 0 microcode 0x8a0000a, cx8, cmov, fxsr, ht, mmx, 3dnowpref, sse, sse2, sse3, ssse3, sse4a, sse4.1, sse4.2, popcnt, lzcnt, tsc, tscinvbit, avx, avx2, aes, clmul, bmi1, bmi2, adx, sha, fma, vzeroupper, clflush, clflushopt, hv, rdtscp, rdpid, f16c
Processor Information for the first 8 processors :
  Max Mhz: 2401, Current Mhz: 2401, Mhz Limit: 2401

Memory: 4k page, system-wide physical 5965M (92M free)
TotalPageFile size 24397M (AvailPageFile size 4M)
current process WorkingSet (physical memory assigned to process): 267M, peak: 305M
current process commit charge ("private bytes"): 478M, peak: 480M

vm_info: OpenJDK 64-Bit Server VM (21.0.12.1+1-LTS) for windows-amd64 JRE (21.0.12.1+1-LTS), built on 2026-08-18T00:00:00Z by "admin" with MS VC++ 17.12 (VS2022)

END.
