#
# There is insufficient memory for the Java Runtime Environment to continue.
# Native memory allocation (malloc) failed to allocate 1118256 bytes. Error detail: Chunk::new
# Possible reasons:
#   The system is out of physical RAM or swap space
#   This process is running with CompressedOops enabled, and the Java Heap may be blocking the growth of the native heap
# Possible solutions:
#   Reduce memory load on the system
#   Increase physical memory or swap space
#   Check if swap backing store is full
#   Decrease Java heap size (-Xmx/-Xms)
#   Decrease number of Java threads
#   Decrease Java thread stack sizes (-Xss)
#   Set larger code cache with -XX:ReservedCodeCacheSize=
#   JVM is running with Unscaled Compressed Oops mode in which the Java heap is
#     placed in the first 4GB address space. The Java Heap base address is the
#     maximum limit for the native heap growth. Please use -XX:HeapBaseMinAddress
#     to set the Java Heap base and to place the Java Heap above 4GB virtual address.
# This output file may be truncated or incomplete.
#
#  Out of Memory Error (arena.cpp:168), pid=15496, tid=13916
#
# JRE version: OpenJDK Runtime Environment Temurin-21.0.12.1+1 (21.0.12.1+1) (build 21.0.12.1+1-LTS)
# Java VM: OpenJDK 64-Bit Server VM Temurin-21.0.12.1+1 (21.0.12.1+1-LTS, mixed mode, sharing, tiered, compressed oops, compressed class ptrs, g1 gc, windows-amd64)
# No core dump will be written. Minidumps are not enabled by default on client versions of Windows
#

---------------  S U M M A R Y ------------

Command Line: --add-opens=java.base/java.lang=ALL-UNNAMED --add-opens=java.base/java.lang.invoke=ALL-UNNAMED --add-opens=java.base/java.util=ALL-UNNAMED --add-opens=java.prefs/java.util.prefs=ALL-UNNAMED --add-exports=jdk.compiler/com.sun.tools.javac.api=ALL-UNNAMED --add-exports=jdk.compiler/com.sun.tools.javac.util=ALL-UNNAMED --add-opens=java.base/java.util=ALL-UNNAMED --add-opens=java.prefs/java.util.prefs=ALL-UNNAMED --add-opens=java.base/java.nio.charset=ALL-UNNAMED --add-opens=java.base/java.net=ALL-UNNAMED --add-opens=java.base/java.util.concurrent.atomic=ALL-UNNAMED --add-opens=java.xml/javax.xml.namespace=ALL-UNNAMED -Xmx1024m -Dfile.encoding=UTF-8 -Duser.country=US -Duser.language=en -Duser.variant -javaagent:C:\Users\LENOVO\.gradle\wrapper\dists\gradle-8.14-bin\38aieal9i53h9rfe7vjup95b9\gradle-8.14\lib\agents\gradle-instrumentation-agent-8.14.jar org.gradle.launcher.daemon.bootstrap.GradleDaemon 8.14

Host: AMD Ryzen 3 7320U with Radeon Graphics         , 8 cores, 5G,  Windows 11 , 64 bit Build 26100 (10.0.26100.9444)
Time: Mon Sep 28 13:22:16 2026 Nepal Standard Time elapsed time: 87.314887 seconds (0d 0h 1m 27s)

---------------  T H R E A D  ---------------

Current thread (0x00000253b3154590):  JavaThread "C2 CompilerThread0" daemon [_thread_in_native, id=13916, stack(0x000000f2c7400000,0x000000f2c7500000) (1024K)]


Current CompileTask:
C2:87314 11829   !   4       org.gradle.internal.service.DefaultServiceRegistry$ManagedObjectServiceProvider::getInstance (47 bytes)

Stack: [0x000000f2c7400000,0x000000f2c7500000]
Native frames: (J=compiled Java code, j=interpreted, Vv=VM code, C=native code)
V  [jvm.dll+0x6d83e9]
V  [jvm.dll+0x8b5736]
V  [jvm.dll+0x8b7cee]
V  [jvm.dll+0x8b83d3]
V  [jvm.dll+0x284596]
V  [jvm.dll+0xc685d]
V  [jvm.dll+0xc6da1]
V  [jvm.dll+0x3bf151]
V  [jvm.dll+0x1e4149]
V  [jvm.dll+0x24c853]
V  [jvm.dll+0x24bce0]
V  [jvm.dll+0x1cb4ae]
V  [jvm.dll+0x25baad]
V  [jvm.dll+0x25a03a]
V  [jvm.dll+0x3f8aae]
V  [jvm.dll+0x8600cd]
V  [jvm.dll+0x6d6c1d]
C  [ucrtbase.dll+0x2cd30]
C  [KERNEL32.DLL+0x2cd87]
C  [ntdll.dll+0xacaec]


---------------  P R O C E S S  ---------------

Threads class SMR info:
_java_thread_list=0x00000253fe4ecdd0, length=79, elements={
0x000002539ce10140, 0x00000253b314c9d0, 0x00000253b3150160, 0x00000253b31518e0,
0x00000253b3152340, 0x00000253b3152da0, 0x00000253b3153800, 0x00000253b3154590,
0x00000253b31721d0, 0x00000253b334a0e0, 0x00000253b33e1700, 0x00000253f9bcc4e0,
0x00000253b3229f20, 0x00000253f9a77f70, 0x00000253f9af7b60, 0x00000253f9ee7010,
0x00000253f9c140a0, 0x00000253f9c12cf0, 0x00000253f9c13380, 0x00000253f9c13a10,
0x00000253f9c14730, 0x00000253f9c15450, 0x00000253f9c12660, 0x00000253f9c14dc0,
0x00000253f9c11fd0, 0x00000253fad12410, 0x00000253fad13130, 0x00000253fad137c0,
0x00000253fad11d80, 0x00000253fad13e50, 0x00000253fad11060, 0x00000253fad116f0,
0x00000253fad15890, 0x00000253fad16c40, 0x00000253fad15200, 0x00000253fad172d0,
0x00000253fad165b0, 0x00000253fad17ff0, 0x00000253fc043290, 0x00000253fc043920,
0x00000253fc043fb0, 0x00000253fc041ee0, 0x00000253fc044640, 0x00000253fc041850,
0x00000253fc042570, 0x00000253fc044cd0, 0x00000253fc046080, 0x00000253fc0459f0,
0x00000253fc042c00, 0x00000253fc0487e0, 0x00000253fc045360, 0x00000253fc046710,
0x00000253fc048e70, 0x00000253fc047430, 0x00000253fc046da0, 0x00000253fc047ac0,
0x00000253fc52fde0, 0x00000253fc531190, 0x00000253fc52ea30, 0x00000253fc531820,
0x00000253fc52f750, 0x00000253fc531eb0, 0x00000253fc532540, 0x00000253fc52f0c0,
0x00000253fc532bd0, 0x00000253fc533260, 0x00000253fc5338f0, 0x00000253fc530470,
0x00000253fc533f80, 0x00000253fc530b00, 0x00000253fc534610, 0x00000253fc536050,
0x00000253fc534ca0, 0x00000253fc535330, 0x00000253fc5359c0, 0x00000253fd979d80,
0x00000253fd97b130, 0x00000253fe46e430, 0x00000253fe46eac0
}

Java Threads: ( => current thread )
  0x000002539ce10140 JavaThread "main"                              [_thread_blocked, id=9268, stack(0x000000f2c6600000,0x000000f2c6700000) (1024K)]
  0x00000253b314c9d0 JavaThread "Reference Handler"          daemon [_thread_blocked, id=14976, stack(0x000000f2c6e00000,0x000000f2c6f00000) (1024K)]
  0x00000253b3150160 JavaThread "Finalizer"                  daemon [_thread_blocked, id=10940, stack(0x000000f2c6f00000,0x000000f2c7000000) (1024K)]
  0x00000253b31518e0 JavaThread "Signal Dispatcher"          daemon [_thread_blocked, id=12548, stack(0x000000f2c7000000,0x000000f2c7100000) (1024K)]
  0x00000253b3152340 JavaThread "Attach Listener"            daemon [_thread_blocked, id=11940, stack(0x000000f2c7100000,0x000000f2c7200000) (1024K)]
  0x00000253b3152da0 JavaThread "Service Thread"             daemon [_thread_blocked, id=15984, stack(0x000000f2c7200000,0x000000f2c7300000) (1024K)]
  0x00000253b3153800 JavaThread "Monitor Deflation Thread"   daemon [_thread_blocked, id=29876, stack(0x000000f2c7300000,0x000000f2c7400000) (1024K)]
=>0x00000253b3154590 JavaThread "C2 CompilerThread0"         daemon [_thread_in_native, id=13916, stack(0x000000f2c7400000,0x000000f2c7500000) (1024K)]
  0x00000253b31721d0 JavaThread "C1 CompilerThread0"         daemon [_thread_in_native, id=18428, stack(0x000000f2c7500000,0x000000f2c7600000) (1024K)]
  0x00000253b334a0e0 JavaThread "Common-Cleaner"             daemon [_thread_blocked, id=27444, stack(0x000000f2c7600000,0x000000f2c7700000) (1024K)]
  0x00000253b33e1700 JavaThread "Notification Thread"        daemon [_thread_blocked, id=25876, stack(0x000000f2c7700000,0x000000f2c7800000) (1024K)]
  0x00000253f9bcc4e0 JavaThread "Daemon health stats"               [_thread_blocked, id=11672, stack(0x000000f2c7c00000,0x000000f2c7d00000) (1024K)]
  0x00000253b3229f20 JavaThread "Incoming local TCP Connector on port 27028"        [_thread_in_native, id=28904, stack(0x000000f2c7d00000,0x000000f2c7e00000) (1024K)]
  0x00000253f9a77f70 JavaThread "Daemon periodic checks"            [_thread_blocked, id=11136, stack(0x000000f2c7e00000,0x000000f2c7f00000) (1024K)]
  0x00000253f9af7b60 JavaThread "Daemon"                            [_thread_blocked, id=11448, stack(0x000000f2c7f00000,0x000000f2c8000000) (1024K)]
  0x00000253f9ee7010 JavaThread "Handler for socket connection from /127.0.0.1:27028 to /127.0.0.1:27029"        [_thread_in_native, id=1728, stack(0x000000f2c8000000,0x000000f2c8100000) (1024K)]
  0x00000253f9c140a0 JavaThread "Cancel handler"                    [_thread_blocked, id=21904, stack(0x000000f2c8100000,0x000000f2c8200000) (1024K)]
  0x00000253f9c12cf0 JavaThread "Daemon worker"                     [_thread_blocked, id=5928, stack(0x000000f2c8200000,0x000000f2c8300000) (1024K)]
  0x00000253f9c13380 JavaThread "Asynchronous log dispatcher for DefaultDaemonConnection: socket connection from /127.0.0.1:27028 to /127.0.0.1:27029"        [_thread_blocked, id=10660, stack(0x000000f2c8300000,0x000000f2c8400000) (1024K)]
  0x00000253f9c13a10 JavaThread "Stdin handler"                     [_thread_blocked, id=19260, stack(0x000000f2c8400000,0x000000f2c8500000) (1024K)]
  0x00000253f9c14730 JavaThread "Daemon client event forwarder"        [_thread_blocked, id=26208, stack(0x000000f2c8500000,0x000000f2c8600000) (1024K)]
  0x00000253f9c15450 JavaThread "Cache worker for journal cache (C:\Users\LENOVO\.gradle\caches\journal-1)"        [_thread_blocked, id=11000, stack(0x000000f2c8600000,0x000000f2c8700000) (1024K)]
  0x00000253f9c12660 JavaThread "File lock request listener"        [_thread_in_native, id=10828, stack(0x000000f2c8700000,0x000000f2c8800000) (1024K)]
  0x00000253f9c14dc0 JavaThread "File lock release action executor"        [_thread_blocked, id=2320, stack(0x000000f2c8b00000,0x000000f2c8c00000) (1024K)]
  0x00000253f9c11fd0 JavaThread "Cache worker for file hash cache (C:\Users\LENOVO\.gradle\caches\8.14\fileHashes)"        [_thread_blocked, id=26344, stack(0x000000f2c8c00000,0x000000f2c8d00000) (1024K)]
  0x00000253fad12410 JavaThread "Cache worker for file hash cache (C:\Users\LENOVO\Desktop\HeliBoard-main\.gradle\8.14\fileHashes)"        [_thread_blocked, id=27292, stack(0x000000f2c8e00000,0x000000f2c8f00000) (1024K)]
  0x00000253fad13130 JavaThread "Cache worker for Build Output Cleanup Cache (C:\Users\LENOVO\Desktop\HeliBoard-main\.gradle\buildOutputCleanup)"        [_thread_blocked, id=21524, stack(0x000000f2c8f00000,0x000000f2c9000000) (1024K)]
  0x00000253fad137c0 JavaThread "File watcher server"        daemon [_thread_in_native, id=8448, stack(0x000000f2c9000000,0x000000f2c9100000) (1024K)]
  0x00000253fad11d80 JavaThread "File watcher consumer"      daemon [_thread_blocked, id=3564, stack(0x000000f2c9100000,0x000000f2c9200000) (1024K)]
  0x00000253fad13e50 JavaThread "jar transforms"                    [_thread_blocked, id=18932, stack(0x000000f2c9200000,0x000000f2c9300000) (1024K)]
  0x00000253fad11060 JavaThread "jar transforms Thread 2"           [_thread_blocked, id=10756, stack(0x000000f2c9300000,0x000000f2c9400000) (1024K)]
  0x00000253fad116f0 JavaThread "Cache worker for checksums cache (C:\Users\LENOVO\Desktop\HeliBoard-main\.gradle\8.14\checksums)"        [_thread_blocked, id=28868, stack(0x000000f2c9400000,0x000000f2c9500000) (1024K)]
  0x00000253fad15890 JavaThread "Cache worker for file content cache (C:\Users\LENOVO\.gradle\caches\8.14\fileContent)"        [_thread_blocked, id=24256, stack(0x000000f2c9500000,0x000000f2c9600000) (1024K)]
  0x00000253fad16c40 JavaThread "Cache worker for cache directory md-supplier (C:\Users\LENOVO\.gradle\caches\8.14\md-supplier)"        [_thread_blocked, id=26088, stack(0x000000f2c9600000,0x000000f2c9700000) (1024K)]
  0x00000253fad15200 JavaThread "Cache worker for cache directory md-rule (C:\Users\LENOVO\.gradle\caches\8.14\md-rule)"        [_thread_blocked, id=29708, stack(0x000000f2c9700000,0x000000f2c9800000) (1024K)]
  0x00000253fad172d0 JavaThread "Unconstrained build operations"        [_thread_blocked, id=3180, stack(0x000000f2c9800000,0x000000f2c9900000) (1024K)]
  0x00000253fad165b0 JavaThread "Unconstrained build operations Thread 2"        [_thread_blocked, id=24244, stack(0x000000f2c9900000,0x000000f2c9a00000) (1024K)]
  0x00000253fad17ff0 JavaThread "Unconstrained build operations Thread 3"        [_thread_blocked, id=29984, stack(0x000000f2c9a00000,0x000000f2c9b00000) (1024K)]
  0x00000253fc043290 JavaThread "Unconstrained build operations Thread 4"        [_thread_blocked, id=8040, stack(0x000000f2c9b00000,0x000000f2c9c00000) (1024K)]
  0x00000253fc043920 JavaThread "Unconstrained build operations Thread 5"        [_thread_blocked, id=21460, stack(0x000000f2c9c00000,0x000000f2c9d00000) (1024K)]
  0x00000253fc043fb0 JavaThread "Unconstrained build operations Thread 6"        [_thread_blocked, id=22512, stack(0x000000f2c9d00000,0x000000f2c9e00000) (1024K)]
  0x00000253fc041ee0 JavaThread "Unconstrained build operations Thread 7"        [_thread_blocked, id=18864, stack(0x000000f2c9e00000,0x000000f2c9f00000) (1024K)]
  0x00000253fc044640 JavaThread "Unconstrained build operations Thread 8"        [_thread_blocked, id=14212, stack(0x000000f2c9f00000,0x000000f2ca000000) (1024K)]
  0x00000253fc041850 JavaThread "Unconstrained build operations Thread 9"        [_thread_blocked, id=24872, stack(0x000000f2ca000000,0x000000f2ca100000) (1024K)]
  0x00000253fc042570 JavaThread "Unconstrained build operations Thread 10"        [_thread_blocked, id=23848, stack(0x000000f2ca100000,0x000000f2ca200000) (1024K)]
  0x00000253fc044cd0 JavaThread "Unconstrained build operations Thread 11"        [_thread_blocked, id=17104, stack(0x000000f2ca200000,0x000000f2ca300000) (1024K)]
  0x00000253fc046080 JavaThread "Unconstrained build operations Thread 12"        [_thread_blocked, id=8624, stack(0x000000f2ca300000,0x000000f2ca400000) (1024K)]
  0x00000253fc0459f0 JavaThread "Unconstrained build operations Thread 13"        [_thread_blocked, id=10264, stack(0x000000f2ca400000,0x000000f2ca500000) (1024K)]
  0x00000253fc042c00 JavaThread "Unconstrained build operations Thread 14"        [_thread_blocked, id=19764, stack(0x000000f2ca500000,0x000000f2ca600000) (1024K)]
  0x00000253fc0487e0 JavaThread "Unconstrained build operations Thread 15"        [_thread_blocked, id=24996, stack(0x000000f2ca600000,0x000000f2ca700000) (1024K)]
  0x00000253fc045360 JavaThread "Unconstrained build operations Thread 16"        [_thread_blocked, id=14852, stack(0x000000f2ca700000,0x000000f2ca800000) (1024K)]
  0x00000253fc046710 JavaThread "Unconstrained build operations Thread 17"        [_thread_blocked, id=16204, stack(0x000000f2ca800000,0x000000f2ca900000) (1024K)]
  0x00000253fc048e70 JavaThread "Unconstrained build operations Thread 18"        [_thread_blocked, id=8304, stack(0x000000f2ca900000,0x000000f2caa00000) (1024K)]
  0x00000253fc047430 JavaThread "Unconstrained build operations Thread 19"        [_thread_blocked, id=10724, stack(0x000000f2caa00000,0x000000f2cab00000) (1024K)]
  0x00000253fc046da0 JavaThread "Unconstrained build operations Thread 20"        [_thread_blocked, id=16848, stack(0x000000f2cab00000,0x000000f2cac00000) (1024K)]
  0x00000253fc047ac0 JavaThread "Unconstrained build operations Thread 21"        [_thread_blocked, id=27364, stack(0x000000f2cac00000,0x000000f2cad00000) (1024K)]
  0x00000253fc52fde0 JavaThread "Unconstrained build operations Thread 22"        [_thread_blocked, id=10808, stack(0x000000f2cad00000,0x000000f2cae00000) (1024K)]
  0x00000253fc531190 JavaThread "Unconstrained build operations Thread 23"        [_thread_blocked, id=12112, stack(0x000000f2cae00000,0x000000f2caf00000) (1024K)]
  0x00000253fc52ea30 JavaThread "Unconstrained build operations Thread 24"        [_thread_blocked, id=29512, stack(0x000000f2caf00000,0x000000f2cb000000) (1024K)]
  0x00000253fc531820 JavaThread "Unconstrained build operations Thread 25"        [_thread_blocked, id=8072, stack(0x000000f2cb000000,0x000000f2cb100000) (1024K)]
  0x00000253fc52f750 JavaThread "Unconstrained build operations Thread 26"        [_thread_blocked, id=31616, stack(0x000000f2cb100000,0x000000f2cb200000) (1024K)]
  0x00000253fc531eb0 JavaThread "Unconstrained build operations Thread 27"        [_thread_blocked, id=23360, stack(0x000000f2cb200000,0x000000f2cb300000) (1024K)]
  0x00000253fc532540 JavaThread "Unconstrained build operations Thread 28"        [_thread_blocked, id=2888, stack(0x000000f2cb300000,0x000000f2cb400000) (1024K)]
  0x00000253fc52f0c0 JavaThread "Unconstrained build operations Thread 29"        [_thread_blocked, id=13684, stack(0x000000f2cb400000,0x000000f2cb500000) (1024K)]
  0x00000253fc532bd0 JavaThread "Unconstrained build operations Thread 30"        [_thread_blocked, id=27920, stack(0x000000f2cb500000,0x000000f2cb600000) (1024K)]
  0x00000253fc533260 JavaThread "Unconstrained build operations Thread 31"        [_thread_blocked, id=23532, stack(0x000000f2cb600000,0x000000f2cb700000) (1024K)]
  0x00000253fc5338f0 JavaThread "Unconstrained build operations Thread 32"        [_thread_blocked, id=13636, stack(0x000000f2cb700000,0x000000f2cb800000) (1024K)]
  0x00000253fc530470 JavaThread "Unconstrained build operations Thread 33"        [_thread_blocked, id=23820, stack(0x000000f2cb800000,0x000000f2cb900000) (1024K)]
  0x00000253fc533f80 JavaThread "Unconstrained build operations Thread 34"        [_thread_blocked, id=11752, stack(0x000000f2cb900000,0x000000f2cba00000) (1024K)]
  0x00000253fc530b00 JavaThread "Unconstrained build operations Thread 35"        [_thread_blocked, id=9048, stack(0x000000f2cba00000,0x000000f2cbb00000) (1024K)]
  0x00000253fc534610 JavaThread "Unconstrained build operations Thread 36"        [_thread_blocked, id=7688, stack(0x000000f2cbb00000,0x000000f2cbc00000) (1024K)]
  0x00000253fc536050 JavaThread "Unconstrained build operations Thread 37"        [_thread_blocked, id=16112, stack(0x000000f2cbc00000,0x000000f2cbd00000) (1024K)]
  0x00000253fc534ca0 JavaThread "Unconstrained build operations Thread 38"        [_thread_blocked, id=25640, stack(0x000000f2cbd00000,0x000000f2cbe00000) (1024K)]
  0x00000253fc535330 JavaThread "Unconstrained build operations Thread 39"        [_thread_blocked, id=21416, stack(0x000000f2cbe00000,0x000000f2cbf00000) (1024K)]
  0x00000253fc5359c0 JavaThread "Memory manager"                    [_thread_blocked, id=24172, stack(0x000000f2cbf00000,0x000000f2cc000000) (1024K)]
  0x00000253fd979d80 JavaThread "build event listener"              [_thread_blocked, id=18740, stack(0x000000f2cc000000,0x000000f2cc100000) (1024K)]
  0x00000253fd97b130 JavaThread "Problems report writer"            [_thread_blocked, id=29256, stack(0x000000f2c6400000,0x000000f2c6500000) (1024K)]
  0x00000253fe46e430 JavaThread "jar transforms Thread 3"           [_thread_blocked, id=31868, stack(0x000000f2c6500000,0x000000f2c6600000) (1024K)]
  0x00000253fe46eac0 JavaThread "jar transforms Thread 4"           [_thread_blocked, id=31888, stack(0x000000f2cc100000,0x000000f2cc200000) (1024K)]
Total: 79

Other Threads:
  0x00000253b312f0e0 VMThread "VM Thread"                           [id=26936, stack(0x000000f2c6d00000,0x000000f2c6e00000) (1024K)]
  0x00000253b311c9e0 WatcherThread "VM Periodic Task Thread"        [id=29752, stack(0x000000f2c6c00000,0x000000f2c6d00000) (1024K)]
  0x000002539ce487b0 WorkerThread "GC Thread#0"                     [id=1132, stack(0x000000f2c6700000,0x000000f2c6800000) (1024K)]
  0x00000253b349cbe0 WorkerThread "GC Thread#1"                     [id=22448, stack(0x000000f2c7800000,0x000000f2c7900000) (1024K)]
  0x00000253b363f980 WorkerThread "GC Thread#2"                     [id=15676, stack(0x000000f2c7900000,0x000000f2c7a00000) (1024K)]
  0x00000253f913cff0 WorkerThread "GC Thread#3"                     [id=15988, stack(0x000000f2c7a00000,0x000000f2c7b00000) (1024K)]
  0x00000253f913d3a0 WorkerThread "GC Thread#4"                     [id=30296, stack(0x000000f2c7b00000,0x000000f2c7c00000) (1024K)]
  0x00000253fa396390 WorkerThread "GC Thread#5"                     [id=27528, stack(0x000000f2c8800000,0x000000f2c8900000) (1024K)]
  0x00000253f9e27280 WorkerThread "GC Thread#6"                     [id=6884, stack(0x000000f2c8900000,0x000000f2c8a00000) (1024K)]
  0x00000253fa4786a0 WorkerThread "GC Thread#7"                     [id=23240, stack(0x000000f2c8a00000,0x000000f2c8b00000) (1024K)]
  0x000002539ce516a0 ConcurrentGCThread "G1 Main Marker"            [id=28624, stack(0x000000f2c6800000,0x000000f2c6900000) (1024K)]
  0x000002539ce530c0 WorkerThread "G1 Conc#0"                       [id=7648, stack(0x000000f2c6900000,0x000000f2c6a00000) (1024K)]
  0x00000253fb0577c0 WorkerThread "G1 Conc#1"                       [id=24836, stack(0x000000f2c8d00000,0x000000f2c8e00000) (1024K)]
  0x000002539cece290 ConcurrentGCThread "G1 Refine#0"               [id=30560, stack(0x000000f2c6a00000,0x000000f2c6b00000) (1024K)]
  0x000002539cecebb0 ConcurrentGCThread "G1 Service"                [id=28716, stack(0x000000f2c6b00000,0x000000f2c6c00000) (1024K)]
Total: 15

Threads with active compile tasks:
C2 CompilerThread0  87350 11829   !   4       org.gradle.internal.service.DefaultServiceRegistry$ManagedObjectServiceProvider::getInstance (47 bytes)
Total: 1

VM state: not at safepoint (normal execution)

VM Mutex/Monitor currently owned by a thread: None

Heap address: 0x00000000c0000000, size: 1024 MB, Compressed Oops mode: 32-bit

CDS archive(s) mapped at: [0x00000253b4000000-0x00000253b4ba0000-0x00000253b4ba0000), size 12189696, SharedBaseAddress: 0x00000253b4000000, ArchiveRelocationMode: 1.
Compressed class space mapped at: 0x00000253b5000000-0x00000253f5000000, reserved size: 1073741824
Narrow klass base: 0x00000253b4000000, Narrow klass shift: 0, Narrow klass range: 0x100000000

GC Precious Log:
 CardTable entry size: 512
 Card Set container configuration: InlinePtr #cards 5 size 8 Array Of Cards #cards 12 size 40 Howl #buckets 4 coarsen threshold 1843 Howl Bitmap #cards 512 size 80 coarsen threshold 460 Card regions per heap region 1 cards per card region 2048
 CPUs: 8 total, 8 available
 Memory: 5965M
 Large Page Support: Disabled
 NUMA Support: Disabled
 Compressed Oops: Enabled (32-bit)
 Heap Region Size: 1M
 Heap Min Capacity: 8M
 Heap Initial Capacity: 94M
 Heap Max Capacity: 1G
 Pre-touch: Disabled
 Parallel Workers: 8
 Concurrent Workers: 2
 Concurrent Refinement Workers: 8
 Periodic GC: Disabled

Heap:
 garbage-first heap   total 148480K, used 91669K [0x00000000c0000000, 0x0000000100000000)
  region size 1024K, 7 young (7168K), 5 survivors (5120K)
 Metaspace       used 92359K, committed 94656K, reserved 1179648K
  class space    used 13041K, committed 14208K, reserved 1048576K

Heap Regions: E=young(eden), S=young(survivor), O=old, HS=humongous(starts), HC=humongous(continues), CS=collection set, F=free, TAMS=top-at-mark-start, PB=parsable bottom
|   0|0x00000000c0000000, 0x00000000c0100000, 0x00000000c0100000|100%|HS|  |TAMS 0x00000000c0000000| PB 0x00000000c0000000| Complete 
|   1|0x00000000c0100000, 0x00000000c0200000, 0x00000000c0200000|100%|HC|  |TAMS 0x00000000c0100000| PB 0x00000000c0100000| Complete 
|   2|0x00000000c0200000, 0x00000000c0300000, 0x00000000c0300000|100%|HC|  |TAMS 0x00000000c0200000| PB 0x00000000c0200000| Complete 
|   3|0x00000000c0300000, 0x00000000c0400000, 0x00000000c0400000|100%| O|  |TAMS 0x00000000c0300000| PB 0x00000000c0300000| Untracked 
|   4|0x00000000c0400000, 0x00000000c0500000, 0x00000000c0500000|100%| O|  |TAMS 0x00000000c0400000| PB 0x00000000c0400000| Untracked 
|   5|0x00000000c0500000, 0x00000000c0600000, 0x00000000c0600000|100%| O|  |TAMS 0x00000000c0500000| PB 0x00000000c0500000| Untracked 
|   6|0x00000000c0600000, 0x00000000c0700000, 0x00000000c0700000|100%|HS|  |TAMS 0x00000000c0600000| PB 0x00000000c0600000| Complete 
|   7|0x00000000c0700000, 0x00000000c0800000, 0x00000000c0800000|100%| O|  |TAMS 0x00000000c0700000| PB 0x00000000c0700000| Untracked 
|   8|0x00000000c0800000, 0x00000000c0900000, 0x00000000c0900000|100%| O|  |TAMS 0x00000000c0800000| PB 0x00000000c0800000| Untracked 
|   9|0x00000000c0900000, 0x00000000c0a00000, 0x00000000c0a00000|100%| O|  |TAMS 0x00000000c0900000| PB 0x00000000c0900000| Untracked 
|  10|0x00000000c0a00000, 0x00000000c0b00000, 0x00000000c0b00000|100%| O|  |TAMS 0x00000000c0a00000| PB 0x00000000c0a00000| Untracked 
|  11|0x00000000c0b00000, 0x00000000c0c00000, 0x00000000c0c00000|100%| O|  |TAMS 0x00000000c0b00000| PB 0x00000000c0b00000| Untracked 
|  12|0x00000000c0c00000, 0x00000000c0d00000, 0x00000000c0d00000|100%| O|  |TAMS 0x00000000c0c00000| PB 0x00000000c0c00000| Untracked 
|  13|0x00000000c0d00000, 0x00000000c0e00000, 0x00000000c0e00000|100%| O|  |TAMS 0x00000000c0d00000| PB 0x00000000c0d00000| Untracked 
|  14|0x00000000c0e00000, 0x00000000c0f00000, 0x00000000c0f00000|100%| O|  |TAMS 0x00000000c0e00000| PB 0x00000000c0e00000| Untracked 
|  15|0x00000000c0f00000, 0x00000000c1000000, 0x00000000c1000000|100%| O|  |TAMS 0x00000000c0f00000| PB 0x00000000c0f00000| Untracked 
|  16|0x00000000c1000000, 0x00000000c1100000, 0x00000000c1100000|100%| O|  |TAMS 0x00000000c1000000| PB 0x00000000c1000000| Untracked 
|  17|0x00000000c1100000, 0x00000000c1200000, 0x00000000c1200000|100%| O|  |TAMS 0x00000000c1100000| PB 0x00000000c1100000| Untracked 
|  18|0x00000000c1200000, 0x00000000c1300000, 0x00000000c1300000|100%| O|  |TAMS 0x00000000c1200000| PB 0x00000000c1200000| Untracked 
|  19|0x00000000c1300000, 0x00000000c1400000, 0x00000000c1400000|100%| O|  |TAMS 0x00000000c1300000| PB 0x00000000c1300000| Untracked 
|  20|0x00000000c1400000, 0x00000000c1500000, 0x00000000c1500000|100%| O|  |TAMS 0x00000000c1400000| PB 0x00000000c1400000| Untracked 
|  21|0x00000000c1500000, 0x00000000c1600000, 0x00000000c1600000|100%| O|  |TAMS 0x00000000c1500000| PB 0x00000000c1500000| Untracked 
|  22|0x00000000c1600000, 0x00000000c1700000, 0x00000000c1700000|100%| O|  |TAMS 0x00000000c1600000| PB 0x00000000c1600000| Untracked 
|  23|0x00000000c1700000, 0x00000000c1800000, 0x00000000c1800000|100%| O|  |TAMS 0x00000000c1700000| PB 0x00000000c1700000| Untracked 
|  24|0x00000000c1800000, 0x00000000c1900000, 0x00000000c1900000|100%| O|  |TAMS 0x00000000c1800000| PB 0x00000000c1800000| Untracked 
|  25|0x00000000c1900000, 0x00000000c1a00000, 0x00000000c1a00000|100%| O|  |TAMS 0x00000000c1900000| PB 0x00000000c1900000| Untracked 
|  26|0x00000000c1a00000, 0x00000000c1b00000, 0x00000000c1b00000|100%| O|  |TAMS 0x00000000c1a00000| PB 0x00000000c1a00000| Untracked 
|  27|0x00000000c1b00000, 0x00000000c1c00000, 0x00000000c1c00000|100%| O|  |TAMS 0x00000000c1b00000| PB 0x00000000c1b00000| Untracked 
|  28|0x00000000c1c00000, 0x00000000c1d00000, 0x00000000c1d00000|100%| O|  |TAMS 0x00000000c1c00000| PB 0x00000000c1c00000| Untracked 
|  29|0x00000000c1d00000, 0x00000000c1e00000, 0x00000000c1e00000|100%| O|  |TAMS 0x00000000c1d00000| PB 0x00000000c1d00000| Untracked 
|  30|0x00000000c1e00000, 0x00000000c1f00000, 0x00000000c1f00000|100%| O|  |TAMS 0x00000000c1e00000| PB 0x00000000c1e00000| Untracked 
|  31|0x00000000c1f00000, 0x00000000c2000000, 0x00000000c2000000|100%| O|  |TAMS 0x00000000c1f00000| PB 0x00000000c1f00000| Untracked 
|  32|0x00000000c2000000, 0x00000000c2100000, 0x00000000c2100000|100%| O|  |TAMS 0x00000000c2000000| PB 0x00000000c2000000| Untracked 
|  33|0x00000000c2100000, 0x00000000c2200000, 0x00000000c2200000|100%| O|  |TAMS 0x00000000c2100000| PB 0x00000000c2100000| Untracked 
|  34|0x00000000c2200000, 0x00000000c2300000, 0x00000000c2300000|100%| O|  |TAMS 0x00000000c2200000| PB 0x00000000c2200000| Untracked 
|  35|0x00000000c2300000, 0x00000000c2400000, 0x00000000c2400000|100%| O|  |TAMS 0x00000000c2300000| PB 0x00000000c2300000| Untracked 
|  36|0x00000000c2400000, 0x00000000c2500000, 0x00000000c2500000|100%| O|  |TAMS 0x00000000c2400000| PB 0x00000000c2400000| Untracked 
|  37|0x00000000c2500000, 0x00000000c2600000, 0x00000000c2600000|100%|HS|  |TAMS 0x00000000c2500000| PB 0x00000000c2500000| Complete 
|  38|0x00000000c2600000, 0x00000000c2700000, 0x00000000c2700000|100%| O|  |TAMS 0x00000000c2600000| PB 0x00000000c2600000| Untracked 
|  39|0x00000000c2700000, 0x00000000c2800000, 0x00000000c2800000|100%| O|  |TAMS 0x00000000c2700000| PB 0x00000000c2700000| Untracked 
|  40|0x00000000c2800000, 0x00000000c2900000, 0x00000000c2900000|100%| O|  |TAMS 0x00000000c2800000| PB 0x00000000c2800000| Untracked 
|  41|0x00000000c2900000, 0x00000000c2a00000, 0x00000000c2a00000|100%| O|  |TAMS 0x00000000c2900000| PB 0x00000000c2900000| Untracked 
|  42|0x00000000c2a00000, 0x00000000c2b00000, 0x00000000c2b00000|100%| O|  |TAMS 0x00000000c2a00000| PB 0x00000000c2a00000| Untracked 
|  43|0x00000000c2b00000, 0x00000000c2c00000, 0x00000000c2c00000|100%| O|  |TAMS 0x00000000c2b00000| PB 0x00000000c2b00000| Untracked 
|  44|0x00000000c2c00000, 0x00000000c2d00000, 0x00000000c2d00000|100%| O|  |TAMS 0x00000000c2c00000| PB 0x00000000c2c00000| Untracked 
|  45|0x00000000c2d00000, 0x00000000c2e00000, 0x00000000c2e00000|100%|HS|  |TAMS 0x00000000c2d00000| PB 0x00000000c2d00000| Complete 
|  46|0x00000000c2e00000, 0x00000000c2f00000, 0x00000000c2f00000|100%|HS|  |TAMS 0x00000000c2e00000| PB 0x00000000c2e00000| Complete 
|  47|0x00000000c2f00000, 0x00000000c3000000, 0x00000000c3000000|100%|HC|  |TAMS 0x00000000c2f00000| PB 0x00000000c2f00000| Complete 
|  48|0x00000000c3000000, 0x00000000c3100000, 0x00000000c3100000|100%|HS|  |TAMS 0x00000000c3000000| PB 0x00000000c3000000| Complete 
|  49|0x00000000c3100000, 0x00000000c3200000, 0x00000000c3200000|100%|HS|  |TAMS 0x00000000c3100000| PB 0x00000000c3100000| Complete 
|  50|0x00000000c3200000, 0x00000000c3300000, 0x00000000c3300000|100%|HS|  |TAMS 0x00000000c3200000| PB 0x00000000c3200000| Complete 
|  51|0x00000000c3300000, 0x00000000c3400000, 0x00000000c3400000|100%|HS|  |TAMS 0x00000000c3300000| PB 0x00000000c3300000| Complete 
|  52|0x00000000c3400000, 0x00000000c3500000, 0x00000000c3500000|100%| O|  |TAMS 0x00000000c3400000| PB 0x00000000c3400000| Untracked 
|  53|0x00000000c3500000, 0x00000000c3600000, 0x00000000c3600000|100%| O|  |TAMS 0x00000000c3500000| PB 0x00000000c3500000| Untracked 
|  54|0x00000000c3600000, 0x00000000c3700000, 0x00000000c3700000|100%| O|  |TAMS 0x00000000c3600000| PB 0x00000000c3600000| Untracked 
|  55|0x00000000c3700000, 0x00000000c3800000, 0x00000000c3800000|100%|HS|  |TAMS 0x00000000c3700000| PB 0x00000000c3700000| Complete 
|  56|0x00000000c3800000, 0x00000000c3900000, 0x00000000c3900000|100%|HC|  |TAMS 0x00000000c3800000| PB 0x00000000c3800000| Complete 
|  57|0x00000000c3900000, 0x00000000c3a00000, 0x00000000c3a00000|100%| O|  |TAMS 0x00000000c3900000| PB 0x00000000c3900000| Untracked 
|  58|0x00000000c3a00000, 0x00000000c3b00000, 0x00000000c3b00000|100%| O|Cm|TAMS 0x00000000c3a00000| PB 0x00000000c3a00000| Complete 
|  59|0x00000000c3b00000, 0x00000000c3c00000, 0x00000000c3c00000|100%| O|  |TAMS 0x00000000c3b00000| PB 0x00000000c3b00000| Untracked 
|  60|0x00000000c3c00000, 0x00000000c3d00000, 0x00000000c3d00000|100%| O|  |TAMS 0x00000000c3c00000| PB 0x00000000c3c00000| Untracked 
|  61|0x00000000c3d00000, 0x00000000c3e00000, 0x00000000c3e00000|100%| O|  |TAMS 0x00000000c3d00000| PB 0x00000000c3d00000| Untracked 
|  62|0x00000000c3e00000, 0x00000000c3f00000, 0x00000000c3f00000|100%| O|  |TAMS 0x00000000c3e00000| PB 0x00000000c3e00000| Untracked 
|  63|0x00000000c3f00000, 0x00000000c4000000, 0x00000000c4000000|100%| O|  |TAMS 0x00000000c3f00000| PB 0x00000000c3f00000| Untracked 
|  64|0x00000000c4000000, 0x00000000c4100000, 0x00000000c4100000|100%|HS|  |TAMS 0x00000000c4000000| PB 0x00000000c4000000| Complete 
|  65|0x00000000c4100000, 0x00000000c4200000, 0x00000000c4200000|100%| O|  |TAMS 0x00000000c4100000| PB 0x00000000c4100000| Untracked 
|  66|0x00000000c4200000, 0x00000000c4300000, 0x00000000c4300000|100%| O|  |TAMS 0x00000000c4200000| PB 0x00000000c4200000| Untracked 
|  67|0x00000000c4300000, 0x00000000c4400000, 0x00000000c4400000|100%| O|  |TAMS 0x00000000c4300000| PB 0x00000000c4300000| Untracked 
|  68|0x00000000c4400000, 0x00000000c4500000, 0x00000000c4500000|100%| O|  |TAMS 0x00000000c4400000| PB 0x00000000c4400000| Untracked 
|  69|0x00000000c4500000, 0x00000000c4600000, 0x00000000c4600000|100%| O|  |TAMS 0x00000000c4500000| PB 0x00000000c4500000| Untracked 
|  70|0x00000000c4600000, 0x00000000c4700000, 0x00000000c4700000|100%| O|  |TAMS 0x00000000c4600000| PB 0x00000000c4600000| Untracked 
|  71|0x00000000c4700000, 0x00000000c4800000, 0x00000000c4800000|100%| O|Cm|TAMS 0x00000000c4700000| PB 0x00000000c4700000| Complete 
|  72|0x00000000c4800000, 0x00000000c4900000, 0x00000000c4900000|100%| O|  |TAMS 0x00000000c4800000| PB 0x00000000c4800000| Untracked 
|  73|0x00000000c4900000, 0x00000000c4a00000, 0x00000000c4a00000|100%| O|  |TAMS 0x00000000c4900000| PB 0x00000000c4900000| Untracked 
|  74|0x00000000c4a00000, 0x00000000c4b00000, 0x00000000c4b00000|100%| O|  |TAMS 0x00000000c4a00000| PB 0x00000000c4a00000| Untracked 
|  75|0x00000000c4b00000, 0x00000000c4c00000, 0x00000000c4c00000|100%| O|  |TAMS 0x00000000c4b00000| PB 0x00000000c4b00000| Untracked 
|  76|0x00000000c4c00000, 0x00000000c4d00000, 0x00000000c4d00000|100%| O|  |TAMS 0x00000000c4c00000| PB 0x00000000c4c00000| Untracked 
|  77|0x00000000c4d00000, 0x00000000c4e00000, 0x00000000c4e00000|100%| O|  |TAMS 0x00000000c4d00000| PB 0x00000000c4d00000| Untracked 
|  78|0x00000000c4e00000, 0x00000000c4f00000, 0x00000000c4f00000|100%| O|  |TAMS 0x00000000c4e00000| PB 0x00000000c4e00000| Untracked 
|  79|0x00000000c4f00000, 0x00000000c5000000, 0x00000000c5000000|100%| O|  |TAMS 0x00000000c4f00000| PB 0x00000000c4f00000| Untracked 
|  80|0x00000000c5000000, 0x00000000c50b2cd0, 0x00000000c5100000| 69%| O|  |TAMS 0x00000000c5000000| PB 0x00000000c5000000| Untracked 
|  81|0x00000000c5100000, 0x00000000c5100000, 0x00000000c5200000|  0%| F|  |TAMS 0x00000000c5100000| PB 0x00000000c5100000| Untracked 
|  82|0x00000000c5200000, 0x00000000c5200000, 0x00000000c5300000|  0%| F|  |TAMS 0x00000000c5200000| PB 0x00000000c5200000| Untracked 
|  83|0x00000000c5300000, 0x00000000c5300000, 0x00000000c5400000|  0%| F|  |TAMS 0x00000000c5300000| PB 0x00000000c5300000| Untracked 
|  84|0x00000000c5400000, 0x00000000c5400000, 0x00000000c5500000|  0%| F|  |TAMS 0x00000000c5400000| PB 0x00000000c5400000| Untracked 
|  85|0x00000000c5500000, 0x00000000c5500000, 0x00000000c5600000|  0%| F|  |TAMS 0x00000000c5500000| PB 0x00000000c5500000| Untracked 
|  86|0x00000000c5600000, 0x00000000c5600000, 0x00000000c5700000|  0%| F|  |TAMS 0x00000000c5600000| PB 0x00000000c5600000| Untracked 
|  87|0x00000000c5700000, 0x00000000c5700000, 0x00000000c5800000|  0%| F|  |TAMS 0x00000000c5700000| PB 0x00000000c5700000| Untracked 
|  88|0x00000000c5800000, 0x00000000c5800000, 0x00000000c5900000|  0%| F|  |TAMS 0x00000000c5800000| PB 0x00000000c5800000| Untracked 
|  89|0x00000000c5900000, 0x00000000c5900000, 0x00000000c5a00000|  0%| F|  |TAMS 0x00000000c5900000| PB 0x00000000c5900000| Untracked 
|  90|0x00000000c5a00000, 0x00000000c5a00000, 0x00000000c5b00000|  0%| F|  |TAMS 0x00000000c5a00000| PB 0x00000000c5a00000| Untracked 
|  91|0x00000000c5b00000, 0x00000000c5b00000, 0x00000000c5c00000|  0%| F|  |TAMS 0x00000000c5b00000| PB 0x00000000c5b00000| Untracked 
|  92|0x00000000c5c00000, 0x00000000c5c00000, 0x00000000c5d00000|  0%| F|  |TAMS 0x00000000c5c00000| PB 0x00000000c5c00000| Untracked 
|  93|0x00000000c5d00000, 0x00000000c5d00000, 0x00000000c5e00000|  0%| F|  |TAMS 0x00000000c5d00000| PB 0x00000000c5d00000| Untracked 
|  94|0x00000000c5e00000, 0x00000000c5e00000, 0x00000000c5f00000|  0%| F|  |TAMS 0x00000000c5e00000| PB 0x00000000c5e00000| Untracked 
|  95|0x00000000c5f00000, 0x00000000c5f00000, 0x00000000c6000000|  0%| F|  |TAMS 0x00000000c5f00000| PB 0x00000000c5f00000| Untracked 
|  96|0x00000000c6000000, 0x00000000c6000000, 0x00000000c6100000|  0%| F|  |TAMS 0x00000000c6000000| PB 0x00000000c6000000| Untracked 
|  97|0x00000000c6100000, 0x00000000c61d2780, 0x00000000c6200000| 82%| S|CS|TAMS 0x00000000c6100000| PB 0x00000000c6100000| Complete 
|  98|0x00000000c6200000, 0x00000000c6300000, 0x00000000c6300000|100%| S|CS|TAMS 0x00000000c6200000| PB 0x00000000c6200000| Complete 
|  99|0x00000000c6300000, 0x00000000c6400000, 0x00000000c6400000|100%| S|CS|TAMS 0x00000000c6300000| PB 0x00000000c6300000| Complete 
| 100|0x00000000c6400000, 0x00000000c6500000, 0x00000000c6500000|100%| S|CS|TAMS 0x00000000c6400000| PB 0x00000000c6400000| Complete 
| 101|0x00000000c6500000, 0x00000000c6600000, 0x00000000c6600000|100%| S|CS|TAMS 0x00000000c6500000| PB 0x00000000c6500000| Complete 
| 102|0x00000000c6600000, 0x00000000c6600000, 0x00000000c6700000|  0%| F|  |TAMS 0x00000000c6600000| PB 0x00000000c6600000| Untracked 
| 103|0x00000000c6700000, 0x00000000c6700000, 0x00000000c6800000|  0%| F|  |TAMS 0x00000000c6700000| PB 0x00000000c6700000| Untracked 
| 104|0x00000000c6800000, 0x00000000c6800000, 0x00000000c6900000|  0%| F|  |TAMS 0x00000000c6800000| PB 0x00000000c6800000| Untracked 
| 105|0x00000000c6900000, 0x00000000c6900000, 0x00000000c6a00000|  0%| F|  |TAMS 0x00000000c6900000| PB 0x00000000c6900000| Untracked 
| 106|0x00000000c6a00000, 0x00000000c6a00000, 0x00000000c6b00000|  0%| F|  |TAMS 0x00000000c6a00000| PB 0x00000000c6a00000| Untracked 
| 107|0x00000000c6b00000, 0x00000000c6b00000, 0x00000000c6c00000|  0%| F|  |TAMS 0x00000000c6b00000| PB 0x00000000c6b00000| Untracked 
| 108|0x00000000c6c00000, 0x00000000c6c00000, 0x00000000c6d00000|  0%| F|  |TAMS 0x00000000c6c00000| PB 0x00000000c6c00000| Untracked 
| 109|0x00000000c6d00000, 0x00000000c6d00000, 0x00000000c6e00000|  0%| F|  |TAMS 0x00000000c6d00000| PB 0x00000000c6d00000| Untracked 
| 110|0x00000000c6e00000, 0x00000000c6e00000, 0x00000000c6f00000|  0%| F|  |TAMS 0x00000000c6e00000| PB 0x00000000c6e00000| Untracked 
| 111|0x00000000c6f00000, 0x00000000c6f00000, 0x00000000c7000000|  0%| F|  |TAMS 0x00000000c6f00000| PB 0x00000000c6f00000| Untracked 
| 112|0x00000000c7000000, 0x00000000c7000000, 0x00000000c7100000|  0%| F|  |TAMS 0x00000000c7000000| PB 0x00000000c7000000| Untracked 
| 113|0x00000000c7100000, 0x00000000c7100000, 0x00000000c7200000|  0%| F|  |TAMS 0x00000000c7100000| PB 0x00000000c7100000| Untracked 
| 114|0x00000000c7200000, 0x00000000c7200000, 0x00000000c7300000|  0%| F|  |TAMS 0x00000000c7200000| PB 0x00000000c7200000| Untracked 
| 115|0x00000000c7300000, 0x00000000c7300000, 0x00000000c7400000|  0%| F|  |TAMS 0x00000000c7300000| PB 0x00000000c7300000| Untracked 
| 116|0x00000000c7400000, 0x00000000c7400000, 0x00000000c7500000|  0%| F|  |TAMS 0x00000000c7400000| PB 0x00000000c7400000| Untracked 
| 117|0x00000000c7500000, 0x00000000c7500000, 0x00000000c7600000|  0%| F|  |TAMS 0x00000000c7500000| PB 0x00000000c7500000| Untracked 
| 118|0x00000000c7600000, 0x00000000c7600000, 0x00000000c7700000|  0%| F|  |TAMS 0x00000000c7600000| PB 0x00000000c7600000| Untracked 
| 119|0x00000000c7700000, 0x00000000c7700000, 0x00000000c7800000|  0%| F|  |TAMS 0x00000000c7700000| PB 0x00000000c7700000| Untracked 
| 120|0x00000000c7800000, 0x00000000c7800000, 0x00000000c7900000|  0%| F|  |TAMS 0x00000000c7800000| PB 0x00000000c7800000| Untracked 
| 121|0x00000000c7900000, 0x00000000c7900000, 0x00000000c7a00000|  0%| F|  |TAMS 0x00000000c7900000| PB 0x00000000c7900000| Untracked 
| 122|0x00000000c7a00000, 0x00000000c7a00000, 0x00000000c7b00000|  0%| F|  |TAMS 0x00000000c7a00000| PB 0x00000000c7a00000| Untracked 
| 123|0x00000000c7b00000, 0x00000000c7b00000, 0x00000000c7c00000|  0%| F|  |TAMS 0x00000000c7b00000| PB 0x00000000c7b00000| Untracked 
| 124|0x00000000c7c00000, 0x00000000c7c00000, 0x00000000c7d00000|  0%| F|  |TAMS 0x00000000c7c00000| PB 0x00000000c7c00000| Untracked 
| 125|0x00000000c7d00000, 0x00000000c7d00000, 0x00000000c7e00000|  0%| F|  |TAMS 0x00000000c7d00000| PB 0x00000000c7d00000| Untracked 
| 126|0x00000000c7e00000, 0x00000000c7e00000, 0x00000000c7f00000|  0%| F|  |TAMS 0x00000000c7e00000| PB 0x00000000c7e00000| Untracked 
| 127|0x00000000c7f00000, 0x00000000c7f00000, 0x00000000c8000000|  0%| F|  |TAMS 0x00000000c7f00000| PB 0x00000000c7f00000| Untracked 
| 128|0x00000000c8000000, 0x00000000c8000000, 0x00000000c8100000|  0%| F|  |TAMS 0x00000000c8000000| PB 0x00000000c8000000| Untracked 
| 129|0x00000000c8100000, 0x00000000c8100000, 0x00000000c8200000|  0%| F|  |TAMS 0x00000000c8100000| PB 0x00000000c8100000| Untracked 
| 130|0x00000000c8200000, 0x00000000c8200000, 0x00000000c8300000|  0%| F|  |TAMS 0x00000000c8200000| PB 0x00000000c8200000| Untracked 
| 131|0x00000000c8300000, 0x00000000c8300000, 0x00000000c8400000|  0%| F|  |TAMS 0x00000000c8300000| PB 0x00000000c8300000| Untracked 
| 132|0x00000000c8400000, 0x00000000c8400000, 0x00000000c8500000|  0%| F|  |TAMS 0x00000000c8400000| PB 0x00000000c8400000| Untracked 
| 133|0x00000000c8500000, 0x00000000c8500000, 0x00000000c8600000|  0%| F|  |TAMS 0x00000000c8500000| PB 0x00000000c8500000| Untracked 
| 134|0x00000000c8600000, 0x00000000c8600000, 0x00000000c8700000|  0%| F|  |TAMS 0x00000000c8600000| PB 0x00000000c8600000| Untracked 
| 135|0x00000000c8700000, 0x00000000c8700000, 0x00000000c8800000|  0%| F|  |TAMS 0x00000000c8700000| PB 0x00000000c8700000| Untracked 
| 136|0x00000000c8800000, 0x00000000c8800000, 0x00000000c8900000|  0%| F|  |TAMS 0x00000000c8800000| PB 0x00000000c8800000| Untracked 
| 137|0x00000000c8900000, 0x00000000c8900000, 0x00000000c8a00000|  0%| F|  |TAMS 0x00000000c8900000| PB 0x00000000c8900000| Untracked 
| 138|0x00000000c8a00000, 0x00000000c8a00000, 0x00000000c8b00000|  0%| F|  |TAMS 0x00000000c8a00000| PB 0x00000000c8a00000| Untracked 
| 139|0x00000000c8b00000, 0x00000000c8b00000, 0x00000000c8c00000|  0%| F|  |TAMS 0x00000000c8b00000| PB 0x00000000c8b00000| Untracked 
|1019|0x00000000ffb00000, 0x00000000ffc00000, 0x00000000ffc00000|100%| O|  |TAMS 0x00000000ffb00000| PB 0x00000000ffb00000| Untracked 
|1020|0x00000000ffc00000, 0x00000000ffd00000, 0x00000000ffd00000|100%| O|  |TAMS 0x00000000ffc00000| PB 0x00000000ffc00000| Untracked 
|1021|0x00000000ffd00000, 0x00000000ffe00000, 0x00000000ffe00000|100%| E|  |TAMS 0x00000000ffd00000| PB 0x00000000ffd00000| Complete 
|1022|0x00000000ffe00000, 0x00000000fff00000, 0x00000000fff00000|100%| O|  |TAMS 0x00000000ffe00000| PB 0x00000000ffe00000| Untracked 
|1023|0x00000000fff00000, 0x0000000100000000, 0x0000000100000000|100%| E|CS|TAMS 0x00000000fff00000| PB 0x00000000fff00000| Complete 

Card table byte_map: [0x00000253af540000,0x00000253af740000] _byte_map_base: 0x00000253aef40000

Marking Bits: (CMBitMap*) 0x000002539ce48dc0
 Bits: [0x00000253af740000, 0x00000253b0740000)

Polling page: 0x000002539ac60000

Metaspace:

Usage:
  Non-class:     77.47 MB used.
      Class:     12.74 MB used.
       Both:     90.21 MB used.

Virtual space:
  Non-class space:      128.00 MB reserved,      78.56 MB ( 61%) committed,  2 nodes.
      Class space:        1.00 GB reserved,      13.88 MB (  1%) committed,  1 nodes.
             Both:        1.12 GB reserved,      92.44 MB (  8%) committed. 

Chunk freelists:
   Non-Class:  1.25 MB
       Class:  2.12 MB
        Both:  3.37 MB

MaxMetaspaceSize: unlimited
CompressedClassSpaceSize: 1.00 GB
Initial GC threshold: 21.00 MB
Current GC threshold: 149.94 MB
CDS: on
 - commit_granule_bytes: 65536.
 - commit_granule_words: 8192.
 - virtual_space_node_default_size: 8388608.
 - enlarge_chunks_in_place: 1.
 - use_allocation_guard: 0.


Internal statistics:

num_allocs_failed_limit: 8.
num_arena_births: 4144.
num_arena_deaths: 0.
num_vsnodes_births: 3.
num_vsnodes_deaths: 0.
num_space_committed: 1479.
num_space_uncommitted: 0.
num_chunks_returned_to_freelist: 8.
num_chunks_taken_from_freelist: 8562.
num_chunk_merges: 8.
num_chunk_splits: 5570.
num_chunks_enlarged: 3425.
num_inconsistent_stats: 0.

CodeHeap 'non-profiled nmethods': size=120000Kb used=5852Kb max_used=5852Kb free=114148Kb
 bounds [0x00000253a7ae0000, 0x00000253a80a0000, 0x00000253af010000]
CodeHeap 'profiled nmethods': size=120000Kb used=19464Kb max_used=19464Kb free=100535Kb
 bounds [0x00000253a0010000, 0x00000253a1320000, 0x00000253a7540000]
CodeHeap 'non-nmethods': size=5760Kb used=2752Kb max_used=2785Kb free=3007Kb
 bounds [0x00000253a7540000, 0x00000253a7800000, 0x00000253a7ae0000]
CodeCache: size=245760Kb, used=28068Kb, max_used=28101Kb, free=217690Kb
 total_blobs=11196, nmethods=10187, adapters=913, full_count=0
Compilation: enabled, stopped_count=0, restarted_count=0

Compilation events (20 events):
Event: 87.257 Thread 0x00000253b31721d0 11955       3       org.gradle.internal.problems.failure.CompositeStackTraceClassifier::classify (51 bytes)
Event: 87.257 Thread 0x00000253b31721d0 nmethod 11955 0x00000253a1303f10 code [0x00000253a1304120, 0x00000253a1304768]
Event: 87.257 Thread 0x00000253b31721d0 11953       3       java.lang.Module::getLayer (43 bytes)
Event: 87.258 Thread 0x00000253b31721d0 nmethod 11953 0x00000253a1304910 code [0x00000253a1304ae0, 0x00000253a1304e78]
Event: 87.258 Thread 0x00000253b31721d0 11956       3       org.gradle.internal.problems.failure.InternalStackTraceClassifier::classify (18 bytes)
Event: 87.258 Thread 0x00000253b31721d0 nmethod 11956 0x00000253a1304f90 code [0x00000253a1305140, 0x00000253a1305318]
Event: 87.258 Thread 0x00000253b31721d0 11954       3       org.gradle.internal.featurelifecycle.StackTraceSanitizer::isSystemStackFrame (60 bytes)
Event: 87.258 Thread 0x00000253b31721d0 nmethod 11954 0x00000253a1305410 code [0x00000253a1305640, 0x00000253a1305c50]
Event: 87.261 Thread 0x00000253b31721d0 11957       3       java.lang.StackTraceElement::hashCode (83 bytes)
Event: 87.261 Thread 0x00000253b31721d0 nmethod 11957 0x00000253a1305e90 code [0x00000253a13060c0, 0x00000253a1306628]
Event: 87.299 Thread 0x00000253b31721d0 11959       3       org.codehaus.groovy.runtime.metaclass.MetaMethodIndex::getHeader (38 bytes)
Event: 87.299 Thread 0x00000253b31721d0 nmethod 11959 0x00000253a1306890 code [0x00000253a1306a80, 0x00000253a13070a8]
Event: 87.299 Thread 0x00000253b31721d0 11960       3       org.codehaus.groovy.reflection.CachedField::isStatic (8 bytes)
Event: 87.300 Thread 0x00000253b31721d0 nmethod 11960 0x00000253a1307310 code [0x00000253a13074c0, 0x00000253a1307700]
Event: 87.305 Thread 0x00000253b31721d0 11961       1       org.codehaus.groovy.runtime.metaclass.MetaClassRegistryImpl::getMetaClassCreationHandler (5 bytes)
Event: 87.305 Thread 0x00000253b31721d0 nmethod 11961 0x00000253a8096a10 code [0x00000253a8096ba0, 0x00000253a8096c68]
Event: 87.305 Thread 0x00000253b31721d0 11962       3       org.codehaus.groovy.reflection.stdclasses.CachedSAMClass$$Lambda/0x00000253b54a9e70::run (8 bytes)
Event: 87.306 Thread 0x00000253b31721d0 nmethod 11962 0x00000253a1307810 code [0x00000253a13079c0, 0x00000253a1307b00]
Event: 87.306 Thread 0x00000253b31721d0 11964       1       org.codehaus.groovy.runtime.metaclass.NewStaticMetaMethod::getModifiers (3 bytes)
Event: 87.307 Thread 0x00000253b31721d0 nmethod 11964 0x00000253a8096d10 code [0x00000253a8096ea0, 0x00000253a8096f68]

GC Heap History (20 events):
Event: 56.659 GC heap before
{Heap before GC invocations=29 (full 0):
 garbage-first heap   total 126976K, used 108261K [0x00000000c0000000, 0x0000000100000000)
  region size 1024K, 37 young (37888K), 5 survivors (5120K)
 Metaspace       used 66099K, committed 68096K, reserved 1114112K
  class space    used 9321K, committed 10304K, reserved 1048576K
}
Event: 56.666 GC heap after
{Heap after GC invocations=30 (full 0):
 garbage-first heap   total 126976K, used 73420K [0x00000000c0000000, 0x0000000100000000)
  region size 1024K, 5 young (5120K), 5 survivors (5120K)
 Metaspace       used 66099K, committed 68096K, reserved 1114112K
  class space    used 9321K, committed 10304K, reserved 1048576K
}
Event: 58.378 GC heap before
{Heap before GC invocations=30 (full 0):
 garbage-first heap   total 126976K, used 111308K [0x00000000c0000000, 0x0000000100000000)
  region size 1024K, 42 young (43008K), 5 survivors (5120K)
 Metaspace       used 69029K, committed 71040K, reserved 1114112K
  class space    used 9705K, committed 10752K, reserved 1048576K
}
Event: 58.387 GC heap after
{Heap after GC invocations=31 (full 0):
 garbage-first heap   total 126976K, used 75242K [0x00000000c0000000, 0x0000000100000000)
  region size 1024K, 3 young (3072K), 3 survivors (3072K)
 Metaspace       used 69029K, committed 71040K, reserved 1114112K
  class space    used 9705K, committed 10752K, reserved 1048576K
}
Event: 60.579 GC heap before
{Heap before GC invocations=31 (full 0):
 garbage-first heap   total 126976K, used 113130K [0x00000000c0000000, 0x0000000100000000)
  region size 1024K, 40 young (40960K), 3 survivors (3072K)
 Metaspace       used 73299K, committed 75328K, reserved 1114112K
  class space    used 10290K, committed 11264K, reserved 1048576K
}
Event: 60.584 GC heap after
{Heap after GC invocations=32 (full 0):
 garbage-first heap   total 126976K, used 76611K [0x00000000c0000000, 0x0000000100000000)
  region size 1024K, 4 young (4096K), 4 survivors (4096K)
 Metaspace       used 73299K, committed 75328K, reserved 1114112K
  class space    used 10290K, committed 11264K, reserved 1048576K
}
Event: 63.681 GC heap before
{Heap before GC invocations=33 (full 0):
 garbage-first heap   total 130048K, used 114499K [0x00000000c0000000, 0x0000000100000000)
  region size 1024K, 41 young (41984K), 4 survivors (4096K)
 Metaspace       used 75998K, committed 78080K, reserved 1179648K
  class space    used 10694K, committed 11712K, reserved 1048576K
}
Event: 63.688 GC heap after
{Heap after GC invocations=34 (full 0):
 garbage-first heap   total 130048K, used 78264K [0x00000000c0000000, 0x0000000100000000)
  region size 1024K, 4 young (4096K), 4 survivors (4096K)
 Metaspace       used 75998K, committed 78080K, reserved 1179648K
  class space    used 10694K, committed 11712K, reserved 1048576K
}
Event: 70.269 GC heap before
{Heap before GC invocations=34 (full 0):
 garbage-first heap   total 130048K, used 117176K [0x00000000c0000000, 0x0000000100000000)
  region size 1024K, 43 young (44032K), 4 survivors (4096K)
 Metaspace       used 77146K, committed 79296K, reserved 1179648K
  class space    used 10827K, committed 11904K, reserved 1048576K
}
Event: 70.281 GC heap after
{Heap after GC invocations=35 (full 0):
 garbage-first heap   total 130048K, used 80470K [0x00000000c0000000, 0x0000000100000000)
  region size 1024K, 6 young (6144K), 6 survivors (6144K)
 Metaspace       used 77146K, committed 79296K, reserved 1179648K
  class space    used 10827K, committed 11904K, reserved 1048576K
}
Event: 73.500 GC heap before
{Heap before GC invocations=35 (full 0):
 garbage-first heap   total 130048K, used 119382K [0x00000000c0000000, 0x0000000100000000)
  region size 1024K, 44 young (45056K), 6 survivors (6144K)
 Metaspace       used 80761K, committed 82880K, reserved 1179648K
  class space    used 11293K, committed 12352K, reserved 1048576K
}
Event: 73.519 GC heap after
{Heap after GC invocations=36 (full 0):
 garbage-first heap   total 130048K, used 82624K [0x00000000c0000000, 0x0000000100000000)
  region size 1024K, 5 young (5120K), 5 survivors (5120K)
 Metaspace       used 80761K, committed 82880K, reserved 1179648K
  class space    used 11293K, committed 12352K, reserved 1048576K
}
Event: 75.991 GC heap before
{Heap before GC invocations=37 (full 0):
 garbage-first heap   total 138240K, used 120512K [0x00000000c0000000, 0x0000000100000000)
  region size 1024K, 42 young (43008K), 5 survivors (5120K)
 Metaspace       used 83984K, committed 86144K, reserved 1179648K
  class space    used 11837K, committed 12928K, reserved 1048576K
}
Event: 75.997 GC heap after
{Heap after GC invocations=38 (full 0):
 garbage-first heap   total 138240K, used 83515K [0x00000000c0000000, 0x0000000100000000)
  region size 1024K, 4 young (4096K), 4 survivors (4096K)
 Metaspace       used 83984K, committed 86144K, reserved 1179648K
  class space    used 11837K, committed 12928K, reserved 1048576K
}
Event: 78.652 GC heap before
{Heap before GC invocations=38 (full 0):
 garbage-first heap   total 138240K, used 126523K [0x00000000c0000000, 0x0000000100000000)
  region size 1024K, 46 young (47104K), 4 survivors (4096K)
 Metaspace       used 87329K, committed 89536K, reserved 1179648K
  class space    used 12326K, committed 13440K, reserved 1048576K
}
Event: 78.662 GC heap after
{Heap after GC invocations=39 (full 0):
 garbage-first heap   total 138240K, used 85888K [0x00000000c0000000, 0x0000000100000000)
  region size 1024K, 6 young (6144K), 6 survivors (6144K)
 Metaspace       used 87329K, committed 89536K, reserved 1179648K
  class space    used 12326K, committed 13440K, reserved 1048576K
}
Event: 80.851 GC heap before
{Heap before GC invocations=39 (full 0):
 garbage-first heap   total 138240K, used 127872K [0x00000000c0000000, 0x0000000100000000)
  region size 1024K, 47 young (48128K), 6 survivors (6144K)
 Metaspace       used 89616K, committed 91904K, reserved 1179648K
  class space    used 12632K, committed 13760K, reserved 1048576K
}
Event: 80.861 GC heap after
{Heap after GC invocations=40 (full 0):
 garbage-first heap   total 138240K, used 87999K [0x00000000c0000000, 0x0000000100000000)
  region size 1024K, 5 young (5120K), 5 survivors (5120K)
 Metaspace       used 89616K, committed 91904K, reserved 1179648K
  class space    used 12632K, committed 13760K, reserved 1048576K
}
Event: 87.262 GC heap before
{Heap before GC invocations=41 (full 0):
 garbage-first heap   total 148480K, used 128959K [0x00000000c0000000, 0x0000000100000000)
  region size 1024K, 45 young (46080K), 5 survivors (5120K)
 Metaspace       used 92305K, committed 94656K, reserved 1179648K
  class space    used 13035K, committed 14208K, reserved 1048576K
}
Event: 87.274 GC heap after
{Heap after GC invocations=42 (full 0):
 garbage-first heap   total 148480K, used 90645K [0x00000000c0000000, 0x0000000100000000)
  region size 1024K, 5 young (5120K), 5 survivors (5120K)
 Metaspace       used 92305K, committed 94656K, reserved 1179648K
  class space    used 13035K, committed 14208K, reserved 1048576K
}

Dll operation events (20 events):
Event: 0.396 Attempting to load shared library C:\Users\LENOVO\.antigravity-ide\extensions\redhat.java-1.56.0-win32-x64\jre\21.0.12.1-win32-x86_64\bin\nio.dll
Event: 0.398 Loaded shared library C:\Users\LENOVO\.antigravity-ide\extensions\redhat.java-1.56.0-win32-x64\jre\21.0.12.1-win32-x86_64\bin\nio.dll
Event: 0.414 Attempting to load shared library C:\Users\LENOVO\.antigravity-ide\extensions\redhat.java-1.56.0-win32-x64\jre\21.0.12.1-win32-x86_64\bin\zip.dll
Event: 0.414 Loaded shared library C:\Users\LENOVO\.antigravity-ide\extensions\redhat.java-1.56.0-win32-x64\jre\21.0.12.1-win32-x86_64\bin\zip.dll
Event: 1.155 Attempting to load shared library C:\Users\LENOVO\.antigravity-ide\extensions\redhat.java-1.56.0-win32-x64\jre\21.0.12.1-win32-x86_64\bin\jimage.dll
Event: 1.155 Loaded shared library C:\Users\LENOVO\.antigravity-ide\extensions\redhat.java-1.56.0-win32-x64\jre\21.0.12.1-win32-x86_64\bin\jimage.dll
Event: 1.743 Attempting to load shared library C:\Users\LENOVO\.antigravity-ide\extensions\redhat.java-1.56.0-win32-x64\jre\21.0.12.1-win32-x86_64\bin\verify.dll
Event: 1.744 Loaded shared library C:\Users\LENOVO\.antigravity-ide\extensions\redhat.java-1.56.0-win32-x64\jre\21.0.12.1-win32-x86_64\bin\verify.dll
Event: 2.028 Attempting to load shared library C:\Users\LENOVO\.gradle\native\1def1411415f61bf3af743bc5b6707747c0891f09f0c88961ee8f79bc544acac\windows-amd64\native-platform.dll
Event: 2.029 Loaded shared library C:\Users\LENOVO\.gradle\native\1def1411415f61bf3af743bc5b6707747c0891f09f0c88961ee8f79bc544acac\windows-amd64\native-platform.dll
Event: 2.072 Attempting to load shared library C:\Users\LENOVO\.gradle\native\0.2.7\x86_64-windows-gnu\gradle-fileevents.dll
Event: 2.073 Loaded shared library C:\Users\LENOVO\.gradle\native\0.2.7\x86_64-windows-gnu\gradle-fileevents.dll
Event: 7.204 Attempting to load shared library C:\Users\LENOVO\.antigravity-ide\extensions\redhat.java-1.56.0-win32-x64\jre\21.0.12.1-win32-x86_64\bin\management.dll
Event: 7.205 Loaded shared library C:\Users\LENOVO\.antigravity-ide\extensions\redhat.java-1.56.0-win32-x64\jre\21.0.12.1-win32-x86_64\bin\management.dll
Event: 7.220 Attempting to load shared library C:\Users\LENOVO\.antigravity-ide\extensions\redhat.java-1.56.0-win32-x64\jre\21.0.12.1-win32-x86_64\bin\management_ext.dll
Event: 7.220 Loaded shared library C:\Users\LENOVO\.antigravity-ide\extensions\redhat.java-1.56.0-win32-x64\jre\21.0.12.1-win32-x86_64\bin\management_ext.dll
Event: 8.527 Attempting to load shared library C:\Users\LENOVO\.antigravity-ide\extensions\redhat.java-1.56.0-win32-x64\jre\21.0.12.1-win32-x86_64\bin\extnet.dll
Event: 8.531 Loaded shared library C:\Users\LENOVO\.antigravity-ide\extensions\redhat.java-1.56.0-win32-x64\jre\21.0.12.1-win32-x86_64\bin\extnet.dll
Event: 9.668 Attempting to load shared library C:\Users\LENOVO\.antigravity-ide\extensions\redhat.java-1.56.0-win32-x64\jre\21.0.12.1-win32-x86_64\bin\sunmscapi.dll
Event: 9.716 Loaded shared library C:\Users\LENOVO\.antigravity-ide\extensions\redhat.java-1.56.0-win32-x64\jre\21.0.12.1-win32-x86_64\bin\sunmscapi.dll

Deoptimization events (20 events):
Event: 86.415 Thread 0x00000253f9c12cf0 Uncommon trap: trap_request=0xffffffc6 fr.pc=0x00000253a7ff152c relative=0x00000000000000ec
Event: 86.415 Thread 0x00000253f9c12cf0 Uncommon trap: reason=bimorphic_or_optimized_type_check action=maybe_recompile pc=0x00000253a7ff152c method=com.google.common.collect.Sets$1.isEmpty()Z @ 16 c2
Event: 86.415 Thread 0x00000253f9c12cf0 DEOPT PACKING pc=0x00000253a7ff152c sp=0x000000f2c82f8350
Event: 86.415 Thread 0x00000253f9c12cf0 DEOPT UNPACKING pc=0x00000253a7594422 sp=0x000000f2c82f82e8 mode 2
Event: 86.415 Thread 0x00000253f9c12cf0 Uncommon trap: trap_request=0xffffffc6 fr.pc=0x00000253a7d4b39c relative=0x0000000000000a7c
Event: 86.415 Thread 0x00000253f9c12cf0 Uncommon trap: reason=bimorphic_or_optimized_type_check action=maybe_recompile pc=0x00000253a7d4b39c method=com.google.common.collect.Sets$1$1.computeNext()Ljava/lang/Object; @ 26 c2
Event: 86.415 Thread 0x00000253f9c12cf0 DEOPT PACKING pc=0x00000253a7d4b39c sp=0x000000f2c82f8290
Event: 86.415 Thread 0x00000253f9c12cf0 DEOPT UNPACKING pc=0x00000253a7594422 sp=0x000000f2c82f8198 mode 2
Event: 86.415 Thread 0x00000253f9c12cf0 Uncommon trap: trap_request=0xffffffc6 fr.pc=0x00000253a7d4b39c relative=0x0000000000000a7c
Event: 86.415 Thread 0x00000253f9c12cf0 Uncommon trap: reason=bimorphic_or_optimized_type_check action=maybe_recompile pc=0x00000253a7d4b39c method=com.google.common.collect.Sets$1$1.computeNext()Ljava/lang/Object; @ 26 c2
Event: 86.415 Thread 0x00000253f9c12cf0 DEOPT PACKING pc=0x00000253a7d4b39c sp=0x000000f2c82f8290
Event: 86.415 Thread 0x00000253f9c12cf0 DEOPT UNPACKING pc=0x00000253a7594422 sp=0x000000f2c82f8198 mode 2
Event: 86.418 Thread 0x00000253f9c12cf0 Uncommon trap: trap_request=0xffffffc6 fr.pc=0x00000253a7ff152c relative=0x00000000000000ec
Event: 86.418 Thread 0x00000253f9c12cf0 Uncommon trap: reason=bimorphic_or_optimized_type_check action=maybe_recompile pc=0x00000253a7ff152c method=com.google.common.collect.Sets$1.isEmpty()Z @ 16 c2
Event: 86.418 Thread 0x00000253f9c12cf0 DEOPT PACKING pc=0x00000253a7ff152c sp=0x000000f2c82f8350
Event: 86.418 Thread 0x00000253f9c12cf0 DEOPT UNPACKING pc=0x00000253a7594422 sp=0x000000f2c82f82e8 mode 2
Event: 87.211 Thread 0x00000253f9c12cf0 Uncommon trap: trap_request=0xffffff45 fr.pc=0x00000253a7bd8944 relative=0x00000000000000a4
Event: 87.211 Thread 0x00000253f9c12cf0 Uncommon trap: reason=unstable_if action=reinterpret pc=0x00000253a7bd8944 method=java.lang.ref.ReferenceQueue.poll()Ljava/lang/ref/Reference; @ 4 c2
Event: 87.211 Thread 0x00000253f9c12cf0 DEOPT PACKING pc=0x00000253a7bd8944 sp=0x000000f2c82f8440
Event: 87.211 Thread 0x00000253f9c12cf0 DEOPT UNPACKING pc=0x00000253a7594422 sp=0x000000f2c82f8328 mode 2

Classes loaded (20 events):
Event: 78.065 Loading class java/net/Proxy$Type
Event: 78.066 Loading class java/net/Proxy$Type done
Event: 78.178 Loading class java/io/FileReader
Event: 78.178 Loading class java/io/FileReader done
Event: 80.967 Loading class java/io/CharArrayWriter
Event: 80.968 Loading class java/io/CharArrayWriter done
Event: 86.053 Loading class sun/reflect/MagicAccessorImpl
Event: 86.053 Loading class sun/reflect/MagicAccessorImpl done
Event: 86.642 Loading class java/lang/Character$UnicodeBlock
Event: 86.648 Loading class java/lang/Character$Subset
Event: 86.648 Loading class java/lang/Character$Subset done
Event: 86.648 Loading class java/lang/Character$UnicodeBlock done
Event: 87.213 Loading class sun/reflect/generics/tree/BooleanSignature
Event: 87.213 Loading class sun/reflect/generics/tree/BooleanSignature done
Event: 87.242 Loading class org/xml/sax/Locator
Event: 87.242 Loading class org/xml/sax/Locator done
Event: 87.242 Loading class org/xml/sax/SAXParseException
Event: 87.242 Loading class org/xml/sax/SAXParseException done
Event: 87.248 Loading class org/xml/sax/Attributes
Event: 87.248 Loading class org/xml/sax/Attributes done

Classes unloaded (0 events):
No events

Classes redefined (0 events):
No events

Internal exceptions (20 events):
Event: 78.259 Thread 0x00000253f9c12cf0 Exception <a 'java/lang/NoSuchMethodError'{0x00000000c6111980}: 'void java.lang.invoke.Invokers$Holder.invokeExact_MT(java.lang.Object, java.lang.Object, int, java.lang.Object)'> (0x00000000c6111980) 
thrown [s\src\hotspot\share\interpreter\linkResolver.cpp, line 773]
Event: 79.466 Thread 0x00000253f9c12cf0 Implicit null exception at 0x00000253a804e65e to 0x00000253a804e6e1
Event: 80.240 Thread 0x00000253f9c12cf0 Exception <a 'java/lang/ClassNotFoundException'{0x00000000c682f430}: com/android/build/gradle/internal/api/ApkVariantOutputImpl_DecoratedBeanInfo> (0x00000000c682f430) 
thrown [s\src\hotspot\share\classfile\systemDictionary.cpp, line 313]
Event: 80.243 Thread 0x00000253f9c12cf0 Exception <a 'java/lang/ClassNotFoundException'{0x00000000c683bdb8}: com/android/build/gradle/internal/api/ApkVariantOutputImplBeanInfo> (0x00000000c683bdb8) 
thrown [s\src\hotspot\share\classfile\systemDictionary.cpp, line 313]
Event: 80.245 Thread 0x00000253f9c12cf0 Exception <a 'java/lang/ClassNotFoundException'{0x00000000c6848750}: com/android/build/gradle/internal/api/BaseVariantOutputImplBeanInfo> (0x00000000c6848750) 
thrown [s\src\hotspot\share\classfile\systemDictionary.cpp, line 313]
Event: 80.246 Thread 0x00000253f9c12cf0 Exception <a 'java/lang/ClassNotFoundException'{0x00000000c68550c0}: com/android/build/gradle/internal/api/BaseVariantOutputImplCustomizer> (0x00000000c68550c0) 
thrown [s\src\hotspot\share\classfile\systemDictionary.cpp, line 313]
Event: 80.255 Thread 0x00000253f9c12cf0 Exception <a 'java/lang/ClassNotFoundException'{0x00000000c6875338}: com/android/build/gradle/internal/api/ApkVariantOutputImplCustomizer> (0x00000000c6875338) 
thrown [s\src\hotspot\share\classfile\systemDictionary.cpp, line 313]
Event: 80.260 Thread 0x00000253f9c12cf0 Exception <a 'java/lang/ClassNotFoundException'{0x00000000c68911b0}: com/android/build/gradle/internal/api/ApkVariantOutputImpl_DecoratedCustomizer> (0x00000000c68911b0) 
thrown [s\src\hotspot\share\classfile\systemDictionary.cpp, line 313]
Event: 80.540 Thread 0x00000253f9c12cf0 Exception <a 'java/lang/ClassNotFoundException'{0x00000000c61fe540}: com/android/build/gradle/internal/api/ReadOnlyBuildTypeBeanInfo> (0x00000000c61fe540) 
thrown [s\src\hotspot\share\classfile\systemDictionary.cpp, line 313]
Event: 80.542 Thread 0x00000253f9c12cf0 Exception <a 'java/lang/ClassNotFoundException'{0x00000000c600b0d0}: com/android/build/gradle/internal/api/ReadOnlyBaseConfigBeanInfo> (0x00000000c600b0d0) 
thrown [s\src\hotspot\share\classfile\systemDictionary.cpp, line 313]
Event: 80.543 Thread 0x00000253f9c12cf0 Exception <a 'java/lang/ClassNotFoundException'{0x00000000c6017a18}: com/android/build/gradle/internal/api/ReadOnlyBaseConfigCustomizer> (0x00000000c6017a18) 
thrown [s\src\hotspot\share\classfile\systemDictionary.cpp, line 313]
Event: 80.546 Thread 0x00000253f9c12cf0 Exception <a 'java/lang/ClassNotFoundException'{0x00000000c6035430}: com/android/build/gradle/internal/api/ReadOnlyBuildTypeCustomizer> (0x00000000c6035430) 
thrown [s\src\hotspot\share\classfile\systemDictionary.cpp, line 313]
Event: 85.924 Thread 0x00000253f9c12cf0 Exception <a 'java/lang/ClassNotFoundException'{0x00000000c791f3c8}: build_1l7sqfc8nshvyx4wlcdevmbdmBeanInfo> (0x00000000c791f3c8) 
thrown [s\src\hotspot\share\classfile\systemDictionary.cpp, line 313]
Event: 85.926 Thread 0x00000253f9c12cf0 Exception <a 'java/lang/ClassNotFoundException'{0x00000000c7929210}: org/gradle/api/internal/project/ProjectScriptBeanInfo> (0x00000000c7929210) 
thrown [s\src\hotspot\share\classfile\systemDictionary.cpp, line 313]
Event: 85.943 Thread 0x00000253f9c12cf0 Exception <a 'java/lang/ClassNotFoundException'{0x00000000c79331a8}: org/gradle/api/internal/project/ProjectScriptCustomizer> (0x00000000c79331a8) 
thrown [s\src\hotspot\share\classfile\systemDictionary.cpp, line 313]
Event: 85.953 Thread 0x00000253f9c12cf0 Exception <a 'java/lang/ClassNotFoundException'{0x00000000c794aae0}: build_1l7sqfc8nshvyx4wlcdevmbdmCustomizer> (0x00000000c794aae0) 
thrown [s\src\hotspot\share\classfile\systemDictionary.cpp, line 313]
Event: 87.202 Thread 0x00000253f9c12cf0 Exception <a 'java/lang/ClassNotFoundException'{0x00000000c6775e90}: org/gradle/api/internal/project/DefaultProject_DecoratedBeanInfo> (0x00000000c6775e90) 
thrown [s\src\hotspot\share\classfile\systemDictionary.cpp, line 313]
Event: 87.204 Thread 0x00000253f9c12cf0 Exception <a 'java/lang/ClassNotFoundException'{0x00000000c67873a8}: org/gradle/api/internal/project/DefaultProjectBeanInfo> (0x00000000c67873a8) 
thrown [s\src\hotspot\share\classfile\systemDictionary.cpp, line 313]
Event: 87.209 Thread 0x00000253f9c12cf0 Exception <a 'java/lang/ClassNotFoundException'{0x00000000c67987e8}: org/gradle/api/internal/project/DefaultProjectCustomizer> (0x00000000c67987e8) 
thrown [s\src\hotspot\share\classfile\systemDictionary.cpp, line 313]
Event: 87.229 Thread 0x00000253f9c12cf0 Exception <a 'java/lang/ClassNotFoundException'{0x00000000c66581a8}: org/gradle/api/internal/project/DefaultProject_DecoratedCustomizer> (0x00000000c66581a8) 
thrown [s\src\hotspot\share\classfile\systemDictionary.cpp, line 313]

ZGC Phase Switch (0 events):
No events

VM Operations (20 events):
Event: 79.671 Executing safepoint VM operation: Cleanup
Event: 79.688 Executing safepoint VM operation: Cleanup done
Event: 80.703 Executing safepoint VM operation: Cleanup
Event: 80.704 Executing safepoint VM operation: Cleanup done
Event: 80.850 Executing safepoint VM operation: G1CollectForAllocation (G1 Evacuation Pause)
Event: 80.862 Executing safepoint VM operation: G1CollectForAllocation (G1 Evacuation Pause) done
Event: 81.050 Executing safepoint VM operation: G1PauseRemark
Event: 81.061 Executing safepoint VM operation: G1PauseRemark done
Event: 81.111 Executing safepoint VM operation: G1PauseCleanup
Event: 81.113 Executing safepoint VM operation: G1PauseCleanup done
Event: 81.522 Executing non-safepoint VM operation: HandshakeAllThreads (Deoptimize)
Event: 81.522 Executing non-safepoint VM operation: HandshakeAllThreads (Deoptimize) done
Event: 82.524 Executing safepoint VM operation: Cleanup
Event: 82.524 Executing safepoint VM operation: Cleanup done
Event: 83.534 Executing safepoint VM operation: Cleanup
Event: 83.534 Executing safepoint VM operation: Cleanup done
Event: 86.562 Executing safepoint VM operation: Cleanup
Event: 86.565 Executing safepoint VM operation: Cleanup done
Event: 87.262 Executing safepoint VM operation: G1CollectForAllocation (G1 Evacuation Pause)
Event: 87.274 Executing safepoint VM operation: G1CollectForAllocation (G1 Evacuation Pause) done

Memory protections (0 events):
No events

Nmethod flushes (20 events):
Event: 81.057 Thread 0x00000253b312f0e0 flushing  nmethod 0x00000253a0086810
Event: 81.057 Thread 0x00000253b312f0e0 flushing  nmethod 0x00000253a01aa790
Event: 81.057 Thread 0x00000253b312f0e0 flushing  nmethod 0x00000253a0518c10
Event: 81.057 Thread 0x00000253b312f0e0 flushing  nmethod 0x00000253a06e9e10
Event: 81.057 Thread 0x00000253b312f0e0 flushing  nmethod 0x00000253a06ec690
Event: 81.057 Thread 0x00000253b312f0e0 flushing  nmethod 0x00000253a06ef610
Event: 81.057 Thread 0x00000253b312f0e0 flushing  nmethod 0x00000253a06eff90
Event: 81.057 Thread 0x00000253b312f0e0 flushing  nmethod 0x00000253a0799590
Event: 81.057 Thread 0x00000253b312f0e0 flushing  nmethod 0x00000253a0854210
Event: 81.057 Thread 0x00000253b312f0e0 flushing  nmethod 0x00000253a08e9f10
Event: 81.057 Thread 0x00000253b312f0e0 flushing  nmethod 0x00000253a09ecc10
Event: 81.057 Thread 0x00000253b312f0e0 flushing  nmethod 0x00000253a0a30c90
Event: 81.057 Thread 0x00000253b312f0e0 flushing  nmethod 0x00000253a0ab0210
Event: 81.057 Thread 0x00000253b312f0e0 flushing  nmethod 0x00000253a0af9690
Event: 81.057 Thread 0x00000253b312f0e0 flushing  nmethod 0x00000253a0af9f90
Event: 81.057 Thread 0x00000253b312f0e0 flushing  nmethod 0x00000253a0afda90
Event: 81.057 Thread 0x00000253b312f0e0 flushing  nmethod 0x00000253a0b41f90
Event: 81.057 Thread 0x00000253b312f0e0 flushing  nmethod 0x00000253a0b83890
Event: 81.057 Thread 0x00000253b312f0e0 flushing  nmethod 0x00000253a0bc3090
Event: 81.057 Thread 0x00000253b312f0e0 flushing  nmethod 0x00000253a0beb690

Events (20 events):
Event: 48.834 Thread 0x00000253f9c12cf0 Thread added: 0x00000253fc531820
Event: 48.835 Thread 0x00000253f9c12cf0 Thread added: 0x00000253fc52f750
Event: 48.836 Thread 0x00000253f9c12cf0 Thread added: 0x00000253fc531eb0
Event: 48.840 Thread 0x00000253f9c12cf0 Thread added: 0x00000253fc532540
Event: 49.281 Thread 0x00000253f9c12cf0 Thread added: 0x00000253fc52f0c0
Event: 49.296 Thread 0x00000253f9c12cf0 Thread added: 0x00000253fc532bd0
Event: 49.310 Thread 0x00000253f9c12cf0 Thread added: 0x00000253fc533260
Event: 49.312 Thread 0x00000253f9c12cf0 Thread added: 0x00000253fc5338f0
Event: 49.387 Thread 0x00000253f9c12cf0 Thread added: 0x00000253fc530470
Event: 49.388 Thread 0x00000253f9c12cf0 Thread added: 0x00000253fc533f80
Event: 49.390 Thread 0x00000253f9c12cf0 Thread added: 0x00000253fc530b00
Event: 49.392 Thread 0x00000253f9c12cf0 Thread added: 0x00000253fc534610
Event: 49.393 Thread 0x00000253f9c12cf0 Thread added: 0x00000253fc536050
Event: 49.394 Thread 0x00000253f9c12cf0 Thread added: 0x00000253fc534ca0
Event: 49.397 Thread 0x00000253f9c12cf0 Thread added: 0x00000253fc535330
Event: 54.410 Thread 0x00000253f9c12cf0 Thread added: 0x00000253fc5359c0
Event: 59.643 Thread 0x00000253f9c12cf0 Thread added: 0x00000253fd979d80
Event: 70.481 Thread 0x00000253f9c12cf0 Thread added: 0x00000253fd97b130
Event: 85.596 Thread 0x00000253f9c12cf0 Thread added: 0x00000253fe46e430
Event: 85.842 Thread 0x00000253f9c12cf0 Thread added: 0x00000253fe46eac0


Dynamic libraries:
0x00007ff69d5b0000 - 0x00007ff69d5be000 	C:\Users\LENOVO\.antigravity-ide\extensions\redhat.java-1.56.0-win32-x64\jre\21.0.12.1-win32-x86_64\bin\java.exe
0x00007ffba7f40000 - 0x00007ffba81a7000 	C:\WINDOWS\SYSTEM32\ntdll.dll
0x00007ffba6070000 - 0x00007ffba613b000 	C:\WINDOWS\System32\KERNEL32.DLL
0x00007ffba5490000 - 0x00007ffba5892000 	C:\WINDOWS\System32\KERNELBASE.dll
0x00007ffba5140000 - 0x00007ffba528c000 	C:\WINDOWS\System32\ucrtbase.dll
0x00007ffb86800000 - 0x00007ffb86818000 	C:\Users\LENOVO\.antigravity-ide\extensions\redhat.java-1.56.0-win32-x64\jre\21.0.12.1-win32-x86_64\bin\jli.dll
0x00007ffba5e00000 - 0x00007ffba5fcf000 	C:\WINDOWS\System32\USER32.dll
0x00007ffba59e0000 - 0x00007ffba5a07000 	C:\WINDOWS\System32\win32u.dll
0x00007ffba5d80000 - 0x00007ffba5dab000 	C:\WINDOWS\System32\GDI32.dll
0x00007ffba52a0000 - 0x00007ffba53c9000 	C:\WINDOWS\System32\gdi32full.dll
0x00007ffba5930000 - 0x00007ffba59d3000 	C:\WINDOWS\System32\msvcp_win.dll
0x00007ffb8b2d0000 - 0x00007ffb8b2ee000 	C:\Users\LENOVO\.antigravity-ide\extensions\redhat.java-1.56.0-win32-x64\jre\21.0.12.1-win32-x86_64\bin\VCRUNTIME140.dll
0x00007ffb8ec40000 - 0x00007ffb8eed0000 	C:\WINDOWS\WinSxS\amd64_microsoft.windows.common-controls_6595b64144ccf1df_6.0.26100.9278_none_3e0d1ba8e3303201\COMCTL32.dll
0x00007ffba6840000 - 0x00007ffba68e9000 	C:\WINDOWS\System32\msvcrt.dll
0x00007ffba5dc0000 - 0x00007ffba5df1000 	C:\WINDOWS\System32\IMM32.DLL
0x00007ffb933d0000 - 0x00007ffb933dc000 	C:\Users\LENOVO\.antigravity-ide\extensions\redhat.java-1.56.0-win32-x64\jre\21.0.12.1-win32-x86_64\bin\vcruntime140_1.dll
0x00007ffb4a830000 - 0x00007ffb4a8bd000 	C:\Users\LENOVO\.antigravity-ide\extensions\redhat.java-1.56.0-win32-x64\jre\21.0.12.1-win32-x86_64\bin\msvcp140.dll
0x00007ffac5e60000 - 0x00007ffac6c02000 	C:\Users\LENOVO\.antigravity-ide\extensions\redhat.java-1.56.0-win32-x64\jre\21.0.12.1-win32-x86_64\bin\server\jvm.dll
0x00007ffba66f0000 - 0x00007ffba67ac000 	C:\WINDOWS\System32\ADVAPI32.dll
0x00007ffba7e30000 - 0x00007ffba7ed9000 	C:\WINDOWS\System32\sechost.dll
0x00007ffba5c60000 - 0x00007ffba5d78000 	C:\WINDOWS\System32\RPCRT4.dll
0x00007ffba7090000 - 0x00007ffba7110000 	C:\WINDOWS\System32\WS2_32.dll
0x00007ffba4f90000 - 0x00007ffba4fee000 	C:\WINDOWS\SYSTEM32\POWRPROF.dll
0x00007ffb93ff0000 - 0x00007ffb93ffb000 	C:\WINDOWS\SYSTEM32\VERSION.dll
0x00007ffb983b0000 - 0x00007ffb983e6000 	C:\WINDOWS\SYSTEM32\WINMM.dll
0x00007ffba4f70000 - 0x00007ffba4f85000 	C:\WINDOWS\SYSTEM32\UMPDC.dll
0x00007ffba3dd0000 - 0x00007ffba3deb000 	C:\WINDOWS\SYSTEM32\kernel.appcore.dll
0x00007ffb8aef0000 - 0x00007ffb8aefa000 	C:\Users\LENOVO\.antigravity-ide\extensions\redhat.java-1.56.0-win32-x64\jre\21.0.12.1-win32-x86_64\bin\jimage.dll
0x00007ffba2480000 - 0x00007ffba26cc000 	C:\WINDOWS\SYSTEM32\DBGHELP.DLL
0x00007ffba7950000 - 0x00007ffba7cd5000 	C:\WINDOWS\System32\combase.dll
0x00007ffba62c0000 - 0x00007ffba6399000 	C:\WINDOWS\System32\OLEAUT32.dll
0x00007ffb8c4f0000 - 0x00007ffb8c52b000 	C:\WINDOWS\SYSTEM32\dbgcore.DLL
0x00007ffba5a10000 - 0x00007ffba5abc000 	C:\WINDOWS\System32\bcryptPrimitives.dll
0x00007ffb833e0000 - 0x00007ffb833ef000 	C:\Users\LENOVO\.antigravity-ide\extensions\redhat.java-1.56.0-win32-x64\jre\21.0.12.1-win32-x86_64\bin\instrument.dll
0x00007ffb85ab0000 - 0x00007ffb85ad0000 	C:\Users\LENOVO\.antigravity-ide\extensions\redhat.java-1.56.0-win32-x64\jre\21.0.12.1-win32-x86_64\bin\java.dll
0x00007ffba68f0000 - 0x00007ffba7088000 	C:\WINDOWS\System32\SHELL32.dll
0x00007ffba2b60000 - 0x00007ffba340e000 	C:\WINDOWS\SYSTEM32\windows.storage.dll
0x00007ffba7d30000 - 0x00007ffba7e2b000 	C:\WINDOWS\System32\SHCORE.dll
0x00007ffba67d0000 - 0x00007ffba6836000 	C:\WINDOWS\System32\shlwapi.dll
0x00007ffba5060000 - 0x00007ffba5089000 	C:\WINDOWS\SYSTEM32\profapi.dll
0x00007ffb72140000 - 0x00007ffb72158000 	C:\Users\LENOVO\.antigravity-ide\extensions\redhat.java-1.56.0-win32-x64\jre\21.0.12.1-win32-x86_64\bin\zip.dll
0x00007ffb833f0000 - 0x00007ffb83400000 	C:\Users\LENOVO\.antigravity-ide\extensions\redhat.java-1.56.0-win32-x64\jre\21.0.12.1-win32-x86_64\bin\net.dll
0x00007ffb9d7d0000 - 0x00007ffb9d8fa000 	C:\WINDOWS\SYSTEM32\WINHTTP.dll
0x00007ffba4370000 - 0x00007ffba43dc000 	C:\WINDOWS\system32\mswsock.dll
0x00007ffb721a0000 - 0x00007ffb721b6000 	C:\Users\LENOVO\.antigravity-ide\extensions\redhat.java-1.56.0-win32-x64\jre\21.0.12.1-win32-x86_64\bin\nio.dll
0x00007ffb72520000 - 0x00007ffb72530000 	C:\Users\LENOVO\.antigravity-ide\extensions\redhat.java-1.56.0-win32-x64\jre\21.0.12.1-win32-x86_64\bin\verify.dll
0x00007ffb4bb90000 - 0x00007ffb4bbb7000 	C:\Users\LENOVO\.gradle\native\1def1411415f61bf3af743bc5b6707747c0891f09f0c88961ee8f79bc544acac\windows-amd64\native-platform.dll
0x00007ffb4a110000 - 0x00007ffb4a188000 	C:\Users\LENOVO\.gradle\native\0.2.7\x86_64-windows-gnu\gradle-fileevents.dll
0x00007ffb72160000 - 0x00007ffb7216a000 	C:\Users\LENOVO\.antigravity-ide\extensions\redhat.java-1.56.0-win32-x64\jre\21.0.12.1-win32-x86_64\bin\management.dll
0x00007ffb6c490000 - 0x00007ffb6c49c000 	C:\Users\LENOVO\.antigravity-ide\extensions\redhat.java-1.56.0-win32-x64\jre\21.0.12.1-win32-x86_64\bin\management_ext.dll
0x00007ffba5db0000 - 0x00007ffba5db8000 	C:\WINDOWS\System32\PSAPI.DLL
0x00007ffba3780000 - 0x00007ffba37b3000 	C:\WINDOWS\SYSTEM32\IPHLPAPI.DLL
0x00007ffba7120000 - 0x00007ffba712a000 	C:\WINDOWS\System32\NSI.dll
0x00007ffb66b60000 - 0x00007ffb66b69000 	C:\Users\LENOVO\.antigravity-ide\extensions\redhat.java-1.56.0-win32-x64\jre\21.0.12.1-win32-x86_64\bin\extnet.dll
0x00007ffba4790000 - 0x00007ffba47ab000 	C:\WINDOWS\SYSTEM32\CRYPTSP.dll
0x00007ffba3d30000 - 0x00007ffba3d69000 	C:\WINDOWS\system32\rsaenh.dll
0x00007ffba4420000 - 0x00007ffba4454000 	C:\WINDOWS\SYSTEM32\USERENV.dll
0x00007ffba5030000 - 0x00007ffba505a000 	C:\WINDOWS\SYSTEM32\bcrypt.dll
0x00007ffba45d0000 - 0x00007ffba45dc000 	C:\WINDOWS\SYSTEM32\CRYPTBASE.dll
0x00007ffb4ab20000 - 0x00007ffb4ab2e000 	C:\Users\LENOVO\.antigravity-ide\extensions\redhat.java-1.56.0-win32-x64\jre\21.0.12.1-win32-x86_64\bin\sunmscapi.dll
0x00007ffba5ad0000 - 0x00007ffba5c4e000 	C:\WINDOWS\System32\CRYPT32.dll
0x00007ffba4900000 - 0x00007ffba4930000 	C:\WINDOWS\SYSTEM32\ncrypt.dll
0x00007ffba48b0000 - 0x00007ffba48ef000 	C:\WINDOWS\SYSTEM32\NTASN1.dll
0x00007ffb7b120000 - 0x00007ffb7b128000 	C:\WINDOWS\system32\wshunix.dll

JVMTI agents:
C:\Users\LENOVO\.gradle\wrapper\dists\gradle-8.14-bin\38aieal9i53h9rfe7vjup95b9\gradle-8.14\lib\agents\gradle-instrumentation-agent-8.14.jar path:C:\Users\LENOVO\.antigravity-ide\extensions\redhat.java-1.56.0-win32-x64\jre\21.0.12.1-win32-x86_64\bin\instrument.dll, loaded, initialized, instrumentlib options:none

dbghelp: loaded successfully - version: 4.0.5 - missing functions: none
symbol engine: initialized successfully - sym options: 0x614 - pdb path: .;C:\Users\LENOVO\.antigravity-ide\extensions\redhat.java-1.56.0-win32-x64\jre\21.0.12.1-win32-x86_64\bin;C:\WINDOWS\SYSTEM32;C:\WINDOWS\WinSxS\amd64_microsoft.windows.common-controls_6595b64144ccf1df_6.0.26100.9278_none_3e0d1ba8e3303201;C:\Users\LENOVO\.antigravity-ide\extensions\redhat.java-1.56.0-win32-x64\jre\21.0.12.1-win32-x86_64\bin\server;C:\Users\LENOVO\.gradle\native\1def1411415f61bf3af743bc5b6707747c0891f09f0c88961ee8f79bc544acac\windows-amd64;C:\Users\LENOVO\.gradle\native\0.2.7\x86_64-windows-gnu

VM Arguments:
jvm_args: --add-opens=java.base/java.lang=ALL-UNNAMED --add-opens=java.base/java.lang.invoke=ALL-UNNAMED --add-opens=java.base/java.util=ALL-UNNAMED --add-opens=java.prefs/java.util.prefs=ALL-UNNAMED --add-exports=jdk.compiler/com.sun.tools.javac.api=ALL-UNNAMED --add-exports=jdk.compiler/com.sun.tools.javac.util=ALL-UNNAMED --add-opens=java.base/java.util=ALL-UNNAMED --add-opens=java.prefs/java.util.prefs=ALL-UNNAMED --add-opens=java.base/java.nio.charset=ALL-UNNAMED --add-opens=java.base/java.net=ALL-UNNAMED --add-opens=java.base/java.util.concurrent.atomic=ALL-UNNAMED --add-opens=java.xml/javax.xml.namespace=ALL-UNNAMED -Xmx1024m -Dfile.encoding=UTF-8 -Duser.country=US -Duser.language=en -Duser.variant -javaagent:C:\Users\LENOVO\.gradle\wrapper\dists\gradle-8.14-bin\38aieal9i53h9rfe7vjup95b9\gradle-8.14\lib\agents\gradle-instrumentation-agent-8.14.jar 
java_command: org.gradle.launcher.daemon.bootstrap.GradleDaemon 8.14
java_class_path (initial): C:\Users\LENOVO\.gradle\wrapper\dists\gradle-8.14-bin\38aieal9i53h9rfe7vjup95b9\gradle-8.14\lib\gradle-daemon-main-8.14.jar
Launcher Type: SUN_STANDARD

[Global flags]
     intx CICompilerCount                          = 4                                         {product} {ergonomic}
     uint ConcGCThreads                            = 2                                         {product} {ergonomic}
     uint G1ConcRefinementThreads                  = 8                                         {product} {ergonomic}
   size_t G1HeapRegionSize                         = 1048576                                   {product} {ergonomic}
    uintx GCDrainStackTargetSize                   = 64                                        {product} {ergonomic}
   size_t InitialHeapSize                          = 98566144                                  {product} {ergonomic}
   size_t MarkStackSize                            = 4194304                                   {product} {ergonomic}
   size_t MaxHeapSize                              = 1073741824                                {product} {command line}
   size_t MaxNewSize                               = 643825664                                 {product} {ergonomic}
   size_t MinHeapDeltaBytes                        = 1048576                                   {product} {ergonomic}
   size_t MinHeapSize                              = 8388608                                   {product} {ergonomic}
    uintx NonNMethodCodeHeapSize                   = 5839372                                {pd product} {ergonomic}
    uintx NonProfiledCodeHeapSize                  = 122909434                              {pd product} {ergonomic}
    uintx ProfiledCodeHeapSize                     = 122909434                              {pd product} {ergonomic}
    uintx ReservedCodeCacheSize                    = 251658240                              {pd product} {ergonomic}
     bool SegmentedCodeCache                       = true                                      {product} {ergonomic}
   size_t SoftMaxHeapSize                          = 1073741824                             {manageable} {ergonomic}
     bool UseCompressedOops                        = true                           {product lp64_product} {ergonomic}
     bool UseG1GC                                  = true                                      {product} {ergonomic}
     bool UseLargePagesIndividualAllocation        = false                                  {pd product} {ergonomic}

Logging:
Log output configuration:
 #0: stdout all=warning uptime,level,tags foldmultilines=false
 #1: stderr all=off uptime,level,tags foldmultilines=false

Release file:
JAVA_VERSION="21.0.12.1" 
MODULES="java.base java.compiler java.datatransfer java.xml java.prefs java.desktop java.instrument java.logging java.management java.security.sasl java.naming java.rmi java.management.rmi java.net.http java.scripting java.security.jgss java.transaction.xa java.sql java.sql.rowset java.xml.crypto java.se java.smartcardio jdk.accessibility jdk.internal.jvmstat jdk.attach jdk.charsets jdk.internal.opt jdk.zipfs jdk.compiler jdk.crypto.ec jdk.crypto.cryptoki jdk.crypto.mscapi jdk.dynalink jdk.internal.ed jdk.editpad jdk.hotspot.agent jdk.httpserver jdk.internal.le jdk.internal.vm.ci jdk.internal.vm.compiler jdk.internal.vm.compiler.management jdk.jartool jdk.javadoc jdk.jcmd jdk.management jdk.management.agent jdk.jconsole jdk.jdeps jdk.jdwp.agent jdk.jdi jdk.jfr jdk.jshell jdk.jsobject jdk.jstatd jdk.localedata jdk.management.jfr jdk.naming.dns jdk.naming.rmi jdk.net jdk.nio.mapmode jdk.random jdk.sctp jdk.security.auth jdk.security.jgss jdk.unsupported jdk.unsupported.desktop jdk.xml.dom" 

Environment Variables:
JAVA_HOME=C:\Program Files\Android\Android Studio\jbr
PATH=C:\WINDOWS\system32;C:\WINDOWS;C:\WINDOWS\System32\Wbem;C:\WINDOWS\System32\WindowsPowerShell\v1.0\;C:\WINDOWS\System32\OpenSSH\;C:\Program Files\Docker\Docker\resources\bin;C:\Program Files\nodejs\;C:\Program Files\Git\cmd;C:\Users\LENOVO\AppData\Local\Programs\Python\Python312\Scripts\;C:\Users\LENOVO\AppData\Local\Programs\Python\Python312\;C:\Users\LENOVO\AppData\Local\Programs\Python\Launcher\;C:\Users\LENOVO\AppData\Local\Programs\Python\Python314\Scripts\;C:\Users\LENOVO\AppData\Local\Programs\Python\Python314\;C:\Users\LENOVO\AppData\Local\Microsoft\WindowsApps;C:\Users\LENOVO\AppData\Local\Programs\Antigravity\bin;C:\Users\LENOVO\AppData\Roaming\npm;C:\ScrcpyLauncher by praveen;C:\Users\LENOVO\AppData\Local\PowerToys\DSCModules\;C:\Users\LENOVO\AppData\Local\Programs\Antigravity IDE\bin
USERNAME=LENOVO
OS=Windows_NT
PROCESSOR_IDENTIFIER=AMD64 Family 23 Model 160 Stepping 0, AuthenticAMD
TMP=C:\Users\LENOVO\AppData\Local\Temp
TEMP=C:\Users\LENOVO\AppData\Local\Temp




Periodic native trim disabled

---------------  S Y S T E M  ---------------

OS:
 Windows 11 , 64 bit Build 26100 (10.0.26100.9444)
OS uptime: 3 days 17:38 hours
Hyper-V role detected

CPU: total 8 (initial active 8) (8 cores per cpu, 2 threads per core) family 23 model 160 stepping 0 microcode 0x8a0000a, cx8, cmov, fxsr, ht, mmx, 3dnowpref, sse, sse2, sse3, ssse3, sse4a, sse4.1, sse4.2, popcnt, lzcnt, tsc, tscinvbit, avx, avx2, aes, clmul, bmi1, bmi2, adx, sha, fma, vzeroupper, clflush, clflushopt, hv, rdtscp, rdpid, f16c
Processor Information for the first 8 processors :
  Max Mhz: 2401, Current Mhz: 2401, Mhz Limit: 2401

Memory: 4k page, system-wide physical 5965M (92M free)
TotalPageFile size 24397M (AvailPageFile size 4M)
current process WorkingSet (physical memory assigned to process): 299M, peak: 304M
current process commit charge ("private bytes"): 443M, peak: 445M

vm_info: OpenJDK 64-Bit Server VM (21.0.12.1+1-LTS) for windows-amd64 JRE (21.0.12.1+1-LTS), built on 2026-08-18T00:00:00Z by "admin" with MS VC++ 17.12 (VS2022)

END.
