#
# There is insufficient memory for the Java Runtime Environment to continue.
# Native memory allocation (malloc) failed to allocate 1327216 bytes. Error detail: Chunk::new
# Possible reasons:
#   The system is out of physical RAM or swap space
#   This process is running with CompressedOops enabled, and the Java Heap may be blocking the growth of the native heap
# Possible solutions:
#   Reduce memory load on the system
#   Increase physical memory or swap space
#   Check if swap backing store is full
#   Decrease Java heap size (-Xmx/-Xms)
#   Decrease number of Java threads
#   Decrease Java thread stack sizes (-Xss)
#   Set larger code cache with -XX:ReservedCodeCacheSize=
#   JVM is running with Unscaled Compressed Oops mode in which the Java heap is
#     placed in the first 4GB address space. The Java Heap base address is the
#     maximum limit for the native heap growth. Please use -XX:HeapBaseMinAddress
#     to set the Java Heap base and to place the Java Heap above 4GB virtual address.
# This output file may be truncated or incomplete.
#
#  Out of Memory Error (arena.cpp:168), pid=20080, tid=26320
#
# JRE version: OpenJDK Runtime Environment Temurin-21.0.12.1+1 (21.0.12.1+1) (build 21.0.12.1+1-LTS)
# Java VM: OpenJDK 64-Bit Server VM Temurin-21.0.12.1+1 (21.0.12.1+1-LTS, mixed mode, sharing, tiered, compressed oops, compressed class ptrs, g1 gc, windows-amd64)
# No core dump will be written. Minidumps are not enabled by default on client versions of Windows
#

---------------  S U M M A R Y ------------

Command Line: --add-opens=java.base/java.lang=ALL-UNNAMED --add-opens=java.base/java.lang.invoke=ALL-UNNAMED --add-opens=java.base/java.util=ALL-UNNAMED --add-opens=java.prefs/java.util.prefs=ALL-UNNAMED --add-exports=jdk.compiler/com.sun.tools.javac.api=ALL-UNNAMED --add-exports=jdk.compiler/com.sun.tools.javac.util=ALL-UNNAMED --add-opens=java.base/java.util=ALL-UNNAMED --add-opens=java.prefs/java.util.prefs=ALL-UNNAMED --add-opens=java.base/java.nio.charset=ALL-UNNAMED --add-opens=java.base/java.net=ALL-UNNAMED --add-opens=java.base/java.util.concurrent.atomic=ALL-UNNAMED --add-opens=java.xml/javax.xml.namespace=ALL-UNNAMED -Xmx1024m -Dfile.encoding=UTF-8 -Duser.country=US -Duser.language=en -Duser.variant -javaagent:C:\Users\LENOVO\.gradle\wrapper\dists\gradle-8.14-bin\38aieal9i53h9rfe7vjup95b9\gradle-8.14\lib\agents\gradle-instrumentation-agent-8.14.jar org.gradle.launcher.daemon.bootstrap.GradleDaemon 8.14

Host: AMD Ryzen 3 7320U with Radeon Graphics         , 8 cores, 5G,  Windows 11 , 64 bit Build 26100 (10.0.26100.9444)
Time: Mon Sep 28 12:39:46 2026 Nepal Standard Time elapsed time: 116.312927 seconds (0d 0h 1m 56s)

---------------  T H R E A D  ---------------

Current thread (0x000001c35ca90ec0):  JavaThread "C2 CompilerThread0" daemon [_thread_in_native, id=26320, stack(0x00000032df200000,0x00000032df300000) (1024K)]


Current CompileTask:
C2:116312 9698       4       org.gradle.internal.instantiation.generator.AbstractClassGenerator::inspectType (602 bytes)

Stack: [0x00000032df200000,0x00000032df300000]
Native frames: (J=compiled Java code, j=interpreted, Vv=VM code, C=native code)
V  [jvm.dll+0x6d83e9]
V  [jvm.dll+0x8b5736]
V  [jvm.dll+0x8b7cee]
V  [jvm.dll+0x8b83d3]
V  [jvm.dll+0x284596]
V  [jvm.dll+0xc685d]
V  [jvm.dll+0xc6da1]
V  [jvm.dll+0x2fb5ae]
V  [jvm.dll+0x5fee94]
V  [jvm.dll+0x255d67]
V  [jvm.dll+0x25612d]
V  [jvm.dll+0x24e6a0]
V  [jvm.dll+0x24bbe6]
V  [jvm.dll+0x1cb4ae]
V  [jvm.dll+0x25baad]
V  [jvm.dll+0x25a03a]
V  [jvm.dll+0x3f8aae]
V  [jvm.dll+0x8600cd]
V  [jvm.dll+0x6d6c1d]
C  [ucrtbase.dll+0x2cd30]
C  [KERNEL32.DLL+0x2cd87]
C  [ntdll.dll+0xacaec]


---------------  P R O C E S S  ---------------

Threads class SMR info:
_java_thread_list=0x000001c36372a500, length=75, elements={
0x000001c346762180, 0x000001c35ca89300, 0x000001c35ca8aa80, 0x000001c35ca8e210,
0x000001c35ca8ec70, 0x000001c35ca8f6d0, 0x000001c35ca90130, 0x000001c35ca90ec0,
0x000001c35caf7cf0, 0x000001c35cd730f0, 0x000001c35cd01a50, 0x000001c3619e6280,
0x000001c3611572b0, 0x000001c361aa58e0, 0x000001c35ccb57b0, 0x000001c35ccb5e20,
0x000001c3610e54c0, 0x000001c3610e4e30, 0x000001c3610e61e0, 0x000001c3610e5b50,
0x000001c3619806c0, 0x000001c36197f9a0, 0x000001c361980d50, 0x000001c361980030,
0x000001c3619813e0, 0x000001c361982790, 0x000001c36197f310, 0x000001c361982e20,
0x000001c3619862a0, 0x000001c361984860, 0x000001c361984ef0, 0x000001c361985c10,
0x000001c361986930, 0x000001c364786f50, 0x000001c364787c70, 0x000001c3647896b0,
0x000001c364786230, 0x000001c364789d40, 0x000001c36478aa60, 0x000001c36478a3d0,
0x000001c36478b780, 0x000001c36478b0f0, 0x000001c36478be10, 0x000001c36478cb30,
0x000001c36478c4a0, 0x000001c3644ee010, 0x000001c3644eed30, 0x000001c3644ebf40,
0x000001c3644ee6a0, 0x000001c3644ec5d0, 0x000001c3644ed980, 0x000001c3644ed2f0,
0x000001c3644f00e0, 0x000001c3644ecc60, 0x000001c3644f0770, 0x000001c3644f0e00,
0x000001c3644f3560, 0x000001c3644f2840, 0x000001c364d46f80, 0x000001c364d46260,
0x000001c364d44eb0, 0x000001c364d45bd0, 0x000001c364d44820, 0x000001c364d45540,
0x000001c364d468f0, 0x000001c364d47610, 0x000001c364d44190, 0x000001c364d4b120,
0x000001c364d49050, 0x000001c364d49d70, 0x000001c364d48330, 0x000001c364d4aa90,
0x000001c364d489c0, 0x000001c364d47ca0, 0x000001c364d4b7b0
}

Java Threads: ( => current thread )
  0x000001c346762180 JavaThread "main"                              [_thread_blocked, id=9124, stack(0x00000032de400000,0x00000032de500000) (1024K)]
  0x000001c35ca89300 JavaThread "Reference Handler"          daemon [_thread_blocked, id=13064, stack(0x00000032dec00000,0x00000032ded00000) (1024K)]
  0x000001c35ca8aa80 JavaThread "Finalizer"                  daemon [_thread_blocked, id=852, stack(0x00000032ded00000,0x00000032dee00000) (1024K)]
  0x000001c35ca8e210 JavaThread "Signal Dispatcher"          daemon [_thread_blocked, id=6196, stack(0x00000032dee00000,0x00000032def00000) (1024K)]
  0x000001c35ca8ec70 JavaThread "Attach Listener"            daemon [_thread_blocked, id=26536, stack(0x00000032def00000,0x00000032df000000) (1024K)]
  0x000001c35ca8f6d0 JavaThread "Service Thread"             daemon [_thread_blocked, id=24660, stack(0x00000032df000000,0x00000032df100000) (1024K)]
  0x000001c35ca90130 JavaThread "Monitor Deflation Thread"   daemon [_thread_blocked, id=14308, stack(0x00000032df100000,0x00000032df200000) (1024K)]
=>0x000001c35ca90ec0 JavaThread "C2 CompilerThread0"         daemon [_thread_in_native, id=26320, stack(0x00000032df200000,0x00000032df300000) (1024K)]
  0x000001c35caf7cf0 JavaThread "C1 CompilerThread0"         daemon [_thread_in_native, id=15004, stack(0x00000032df300000,0x00000032df400000) (1024K)]
  0x000001c35cd730f0 JavaThread "Common-Cleaner"             daemon [_thread_blocked, id=12584, stack(0x00000032df400000,0x00000032df500000) (1024K)]
  0x000001c35cd01a50 JavaThread "Notification Thread"        daemon [_thread_blocked, id=31152, stack(0x00000032df500000,0x00000032df600000) (1024K)]
  0x000001c3619e6280 JavaThread "Daemon health stats"               [_thread_blocked, id=5920, stack(0x00000032dfa00000,0x00000032dfb00000) (1024K)]
  0x000001c3611572b0 JavaThread "Incoming local TCP Connector on port 5663"        [_thread_in_native, id=11964, stack(0x00000032dfb00000,0x00000032dfc00000) (1024K)]
  0x000001c361aa58e0 JavaThread "Daemon periodic checks"            [_thread_blocked, id=18636, stack(0x00000032dfc00000,0x00000032dfd00000) (1024K)]
  0x000001c35ccb57b0 JavaThread "Daemon"                            [_thread_blocked, id=18408, stack(0x00000032dfd00000,0x00000032dfe00000) (1024K)]
  0x000001c35ccb5e20 JavaThread "Handler for socket connection from /127.0.0.1:5663 to /127.0.0.1:5664"        [_thread_in_native, id=12004, stack(0x00000032dfe00000,0x00000032dff00000) (1024K)]
  0x000001c3610e54c0 JavaThread "Cancel handler"                    [_thread_blocked, id=29448, stack(0x00000032dff00000,0x00000032e0000000) (1024K)]
  0x000001c3610e4e30 JavaThread "Daemon worker"                     [_thread_in_vm, id=14468, stack(0x00000032e0000000,0x00000032e0100000) (1024K)]
  0x000001c3610e61e0 JavaThread "Asynchronous log dispatcher for DefaultDaemonConnection: socket connection from /127.0.0.1:5663 to /127.0.0.1:5664"        [_thread_blocked, id=1340, stack(0x00000032e0100000,0x00000032e0200000) (1024K)]
  0x000001c3610e5b50 JavaThread "Stdin handler"                     [_thread_blocked, id=19540, stack(0x00000032e0200000,0x00000032e0300000) (1024K)]
  0x000001c3619806c0 JavaThread "Daemon client event forwarder"        [_thread_blocked, id=30292, stack(0x00000032e0300000,0x00000032e0400000) (1024K)]
  0x000001c36197f9a0 JavaThread "Cache worker for journal cache (C:\Users\LENOVO\.gradle\caches\journal-1)"        [_thread_blocked, id=16232, stack(0x00000032e0700000,0x00000032e0800000) (1024K)]
  0x000001c361980d50 JavaThread "File lock request listener"        [_thread_in_native, id=8204, stack(0x00000032e0800000,0x00000032e0900000) (1024K)]
  0x000001c361980030 JavaThread "File lock release action executor"        [_thread_blocked, id=26644, stack(0x00000032e0900000,0x00000032e0a00000) (1024K)]
  0x000001c3619813e0 JavaThread "Cache worker for file hash cache (C:\Users\LENOVO\.gradle\caches\8.14\fileHashes)"        [_thread_blocked, id=22668, stack(0x00000032e0a00000,0x00000032e0b00000) (1024K)]
  0x000001c361982790 JavaThread "Cache worker for file hash cache (C:\Users\LENOVO\Desktop\HeliBoard-main\.gradle\8.14\fileHashes)"        [_thread_blocked, id=9928, stack(0x00000032e0c00000,0x00000032e0d00000) (1024K)]
  0x000001c36197f310 JavaThread "Cache worker for Build Output Cleanup Cache (C:\Users\LENOVO\Desktop\HeliBoard-main\.gradle\buildOutputCleanup)"        [_thread_blocked, id=19696, stack(0x00000032e0d00000,0x00000032e0e00000) (1024K)]
  0x000001c361982e20 JavaThread "File watcher server"        daemon [_thread_in_native, id=31556, stack(0x00000032e0e00000,0x00000032e0f00000) (1024K)]
  0x000001c3619862a0 JavaThread "File watcher consumer"      daemon [_thread_blocked, id=29688, stack(0x00000032e0f00000,0x00000032e1000000) (1024K)]
  0x000001c361984860 JavaThread "jar transforms"                    [_thread_blocked, id=7816, stack(0x00000032e1000000,0x00000032e1100000) (1024K)]
  0x000001c361984ef0 JavaThread "jar transforms Thread 2"           [_thread_blocked, id=24224, stack(0x00000032e1100000,0x00000032e1200000) (1024K)]
  0x000001c361985c10 JavaThread "Cache worker for checksums cache (C:\Users\LENOVO\Desktop\HeliBoard-main\.gradle\8.14\checksums)"        [_thread_blocked, id=13968, stack(0x00000032e1200000,0x00000032e1300000) (1024K)]
  0x000001c361986930 JavaThread "Cache worker for file content cache (C:\Users\LENOVO\.gradle\caches\8.14\fileContent)"        [_thread_blocked, id=24040, stack(0x00000032e1300000,0x00000032e1400000) (1024K)]
  0x000001c364786f50 JavaThread "Cache worker for cache directory md-supplier (C:\Users\LENOVO\.gradle\caches\8.14\md-supplier)"        [_thread_blocked, id=25592, stack(0x00000032e1400000,0x00000032e1500000) (1024K)]
  0x000001c364787c70 JavaThread "Cache worker for cache directory md-rule (C:\Users\LENOVO\.gradle\caches\8.14\md-rule)"        [_thread_blocked, id=6672, stack(0x00000032e1500000,0x00000032e1600000) (1024K)]
  0x000001c3647896b0 JavaThread "Unconstrained build operations"        [_thread_blocked, id=29244, stack(0x00000032de200000,0x00000032de300000) (1024K)]
  0x000001c364786230 JavaThread "Unconstrained build operations Thread 2"        [_thread_blocked, id=25512, stack(0x00000032de300000,0x00000032de400000) (1024K)]
  0x000001c364789d40 JavaThread "Unconstrained build operations Thread 3"        [_thread_blocked, id=29476, stack(0x00000032e1600000,0x00000032e1700000) (1024K)]
  0x000001c36478aa60 JavaThread "Unconstrained build operations Thread 4"        [_thread_blocked, id=28852, stack(0x00000032e1700000,0x00000032e1800000) (1024K)]
  0x000001c36478a3d0 JavaThread "Unconstrained build operations Thread 5"        [_thread_blocked, id=21836, stack(0x00000032e1800000,0x00000032e1900000) (1024K)]
  0x000001c36478b780 JavaThread "Unconstrained build operations Thread 6"        [_thread_blocked, id=10104, stack(0x00000032e1900000,0x00000032e1a00000) (1024K)]
  0x000001c36478b0f0 JavaThread "Unconstrained build operations Thread 7"        [_thread_blocked, id=22964, stack(0x00000032e1a00000,0x00000032e1b00000) (1024K)]
  0x000001c36478be10 JavaThread "Unconstrained build operations Thread 8"        [_thread_blocked, id=23136, stack(0x00000032e1b00000,0x00000032e1c00000) (1024K)]
  0x000001c36478cb30 JavaThread "Unconstrained build operations Thread 9"        [_thread_blocked, id=4472, stack(0x00000032e1c00000,0x00000032e1d00000) (1024K)]
  0x000001c36478c4a0 JavaThread "Unconstrained build operations Thread 10"        [_thread_blocked, id=12460, stack(0x00000032e1d00000,0x00000032e1e00000) (1024K)]
  0x000001c3644ee010 JavaThread "Unconstrained build operations Thread 11"        [_thread_blocked, id=3632, stack(0x00000032e1e00000,0x00000032e1f00000) (1024K)]
  0x000001c3644eed30 JavaThread "Unconstrained build operations Thread 12"        [_thread_blocked, id=26812, stack(0x00000032e1f00000,0x00000032e2000000) (1024K)]
  0x000001c3644ebf40 JavaThread "Unconstrained build operations Thread 13"        [_thread_blocked, id=11812, stack(0x00000032e2000000,0x00000032e2100000) (1024K)]
  0x000001c3644ee6a0 JavaThread "Unconstrained build operations Thread 14"        [_thread_blocked, id=27876, stack(0x00000032e2100000,0x00000032e2200000) (1024K)]
  0x000001c3644ec5d0 JavaThread "Unconstrained build operations Thread 15"        [_thread_blocked, id=13240, stack(0x00000032e2200000,0x00000032e2300000) (1024K)]
  0x000001c3644ed980 JavaThread "Unconstrained build operations Thread 16"        [_thread_blocked, id=10016, stack(0x00000032e2300000,0x00000032e2400000) (1024K)]
  0x000001c3644ed2f0 JavaThread "Unconstrained build operations Thread 17"        [_thread_blocked, id=16436, stack(0x00000032e2400000,0x00000032e2500000) (1024K)]
  0x000001c3644f00e0 JavaThread "Unconstrained build operations Thread 18"        [_thread_blocked, id=25996, stack(0x00000032e2500000,0x00000032e2600000) (1024K)]
  0x000001c3644ecc60 JavaThread "Unconstrained build operations Thread 19"        [_thread_blocked, id=10596, stack(0x00000032e2600000,0x00000032e2700000) (1024K)]
  0x000001c3644f0770 JavaThread "Unconstrained build operations Thread 20"        [_thread_blocked, id=28292, stack(0x00000032e2700000,0x00000032e2800000) (1024K)]
  0x000001c3644f0e00 JavaThread "Unconstrained build operations Thread 21"        [_thread_blocked, id=10696, stack(0x00000032e2800000,0x00000032e2900000) (1024K)]
  0x000001c3644f3560 JavaThread "Unconstrained build operations Thread 22"        [_thread_blocked, id=11728, stack(0x00000032e2900000,0x00000032e2a00000) (1024K)]
  0x000001c3644f2840 JavaThread "Unconstrained build operations Thread 23"        [_thread_blocked, id=5968, stack(0x00000032e2a00000,0x00000032e2b00000) (1024K)]
  0x000001c364d46f80 JavaThread "Unconstrained build operations Thread 24"        [_thread_blocked, id=7868, stack(0x00000032e2b00000,0x00000032e2c00000) (1024K)]
  0x000001c364d46260 JavaThread "Unconstrained build operations Thread 25"        [_thread_blocked, id=26988, stack(0x00000032e2c00000,0x00000032e2d00000) (1024K)]
  0x000001c364d44eb0 JavaThread "Unconstrained build operations Thread 26"        [_thread_blocked, id=27212, stack(0x00000032e2d00000,0x00000032e2e00000) (1024K)]
  0x000001c364d45bd0 JavaThread "Unconstrained build operations Thread 27"        [_thread_blocked, id=26140, stack(0x00000032e2e00000,0x00000032e2f00000) (1024K)]
  0x000001c364d44820 JavaThread "Unconstrained build operations Thread 28"        [_thread_blocked, id=13908, stack(0x00000032e2f00000,0x00000032e3000000) (1024K)]
  0x000001c364d45540 JavaThread "Unconstrained build operations Thread 29"        [_thread_blocked, id=23208, stack(0x00000032e3000000,0x00000032e3100000) (1024K)]
  0x000001c364d468f0 JavaThread "Unconstrained build operations Thread 30"        [_thread_blocked, id=1068, stack(0x00000032e3100000,0x00000032e3200000) (1024K)]
  0x000001c364d47610 JavaThread "Unconstrained build operations Thread 31"        [_thread_blocked, id=16336, stack(0x00000032e3200000,0x00000032e3300000) (1024K)]
  0x000001c364d44190 JavaThread "Unconstrained build operations Thread 32"        [_thread_blocked, id=17316, stack(0x00000032e3300000,0x00000032e3400000) (1024K)]
  0x000001c364d4b120 JavaThread "Unconstrained build operations Thread 33"        [_thread_blocked, id=24024, stack(0x00000032e3400000,0x00000032e3500000) (1024K)]
  0x000001c364d49050 JavaThread "Unconstrained build operations Thread 34"        [_thread_blocked, id=13188, stack(0x00000032e3500000,0x00000032e3600000) (1024K)]
  0x000001c364d49d70 JavaThread "Unconstrained build operations Thread 35"        [_thread_blocked, id=30296, stack(0x00000032e3600000,0x00000032e3700000) (1024K)]
  0x000001c364d48330 JavaThread "Unconstrained build operations Thread 36"        [_thread_blocked, id=23480, stack(0x00000032e3700000,0x00000032e3800000) (1024K)]
  0x000001c364d4aa90 JavaThread "Unconstrained build operations Thread 37"        [_thread_blocked, id=26796, stack(0x00000032e3800000,0x00000032e3900000) (1024K)]
  0x000001c364d489c0 JavaThread "Unconstrained build operations Thread 38"        [_thread_blocked, id=21824, stack(0x00000032e3900000,0x00000032e3a00000) (1024K)]
  0x000001c364d47ca0 JavaThread "Unconstrained build operations Thread 39"        [_thread_blocked, id=26452, stack(0x00000032e3a00000,0x00000032e3b00000) (1024K)]
  0x000001c364d4b7b0 JavaThread "Memory manager"                    [_thread_blocked, id=6992, stack(0x00000032e3b00000,0x00000032e3c00000) (1024K)]
Total: 75

Other Threads:
  0x000001c35ca68540 VMThread "VM Thread"                           [id=26460, stack(0x00000032deb00000,0x00000032dec00000) (1024K)]
  0x000001c35ca57e50 WatcherThread "VM Periodic Task Thread"        [id=27796, stack(0x00000032dea00000,0x00000032deb00000) (1024K)]
  0x000001c34679a6f0 WorkerThread "GC Thread#0"                     [id=8276, stack(0x00000032de500000,0x00000032de600000) (1024K)]
  0x000001c36100a0b0 WorkerThread "GC Thread#1"                     [id=31540, stack(0x00000032df600000,0x00000032df700000) (1024K)]
  0x000001c36101c550 WorkerThread "GC Thread#2"                     [id=31304, stack(0x00000032df700000,0x00000032df800000) (1024K)]
  0x000001c36185b400 WorkerThread "GC Thread#3"                     [id=30904, stack(0x00000032df800000,0x00000032df900000) (1024K)]
  0x000001c361751e20 WorkerThread "GC Thread#4"                     [id=19880, stack(0x00000032df900000,0x00000032dfa00000) (1024K)]
  0x000001c36248afc0 WorkerThread "GC Thread#5"                     [id=29000, stack(0x00000032e0400000,0x00000032e0500000) (1024K)]
  0x000001c3624899a0 WorkerThread "GC Thread#6"                     [id=25516, stack(0x00000032e0500000,0x00000032e0600000) (1024K)]
  0x000001c36248b370 WorkerThread "GC Thread#7"                     [id=19548, stack(0x00000032e0600000,0x00000032e0700000) (1024K)]
  0x000001c3467a16d0 ConcurrentGCThread "G1 Main Marker"            [id=25616, stack(0x00000032de600000,0x00000032de700000) (1024K)]
  0x000001c34448d210 WorkerThread "G1 Conc#0"                       [id=24124, stack(0x00000032de700000,0x00000032de800000) (1024K)]
  0x000001c3647fec90 WorkerThread "G1 Conc#1"                       [id=17280, stack(0x00000032e0b00000,0x00000032e0c00000) (1024K)]
  0x000001c34681e600 ConcurrentGCThread "G1 Refine#0"               [id=8468, stack(0x00000032de800000,0x00000032de900000) (1024K)]
  0x000001c35c927220 ConcurrentGCThread "G1 Service"                [id=3084, stack(0x00000032de900000,0x00000032dea00000) (1024K)]
Total: 15

Threads with active compile tasks:
C2 CompilerThread0  116370 9698       4       org.gradle.internal.instantiation.generator.AbstractClassGenerator::inspectType (602 bytes)
Total: 1

VM state: not at safepoint (normal execution)

VM Mutex/Monitor currently owned by a thread: None

Heap address: 0x00000000c0000000, size: 1024 MB, Compressed Oops mode: 32-bit

CDS archive(s) mapped at: [0x000001c300000000-0x000001c300ba0000-0x000001c300ba0000), size 12189696, SharedBaseAddress: 0x000001c300000000, ArchiveRelocationMode: 1.
Compressed class space mapped at: 0x000001c301000000-0x000001c341000000, reserved size: 1073741824
Narrow klass base: 0x000001c300000000, Narrow klass shift: 0, Narrow klass range: 0x100000000

GC Precious Log:
 CardTable entry size: 512
 Card Set container configuration: InlinePtr #cards 5 size 8 Array Of Cards #cards 12 size 40 Howl #buckets 4 coarsen threshold 1843 Howl Bitmap #cards 512 size 80 coarsen threshold 460 Card regions per heap region 1 cards per card region 2048
 CPUs: 8 total, 8 available
 Memory: 5965M
 Large Page Support: Disabled
 NUMA Support: Disabled
 Compressed Oops: Enabled (32-bit)
 Heap Region Size: 1M
 Heap Min Capacity: 8M
 Heap Initial Capacity: 94M
 Heap Max Capacity: 1G
 Pre-touch: Disabled
 Parallel Workers: 8
 Concurrent Workers: 2
 Concurrent Refinement Workers: 8
 Periodic GC: Disabled

Heap:
 garbage-first heap   total 128000K, used 82091K [0x00000000c0000000, 0x0000000100000000)
  region size 1024K, 10 young (10240K), 3 survivors (3072K)
 Metaspace       used 69670K, committed 71680K, reserved 1114112K
  class space    used 9759K, committed 10752K, reserved 1048576K

Heap Regions: E=young(eden), S=young(survivor), O=old, HS=humongous(starts), HC=humongous(continues), CS=collection set, F=free, TAMS=top-at-mark-start, PB=parsable bottom
|   0|0x00000000c0000000, 0x00000000c0100000, 0x00000000c0100000|100%|HS|  |TAMS 0x00000000c0000000| PB 0x00000000c0000000| Complete 
|   1|0x00000000c0100000, 0x00000000c0200000, 0x00000000c0200000|100%|HC|  |TAMS 0x00000000c0100000| PB 0x00000000c0100000| Complete 
|   2|0x00000000c0200000, 0x00000000c0300000, 0x00000000c0300000|100%|HC|  |TAMS 0x00000000c0200000| PB 0x00000000c0200000| Complete 
|   3|0x00000000c0300000, 0x00000000c0400000, 0x00000000c0400000|100%| O|  |TAMS 0x00000000c0300000| PB 0x00000000c0300000| Untracked 
|   4|0x00000000c0400000, 0x00000000c0500000, 0x00000000c0500000|100%| O|  |TAMS 0x00000000c0400000| PB 0x00000000c0400000| Untracked 
|   5|0x00000000c0500000, 0x00000000c0600000, 0x00000000c0600000|100%| O|  |TAMS 0x00000000c0500000| PB 0x00000000c0500000| Untracked 
|   6|0x00000000c0600000, 0x00000000c0700000, 0x00000000c0700000|100%|HS|  |TAMS 0x00000000c0600000| PB 0x00000000c0600000| Complete 
|   7|0x00000000c0700000, 0x00000000c0800000, 0x00000000c0800000|100%| O|  |TAMS 0x00000000c0700000| PB 0x00000000c0700000| Untracked 
|   8|0x00000000c0800000, 0x00000000c0900000, 0x00000000c0900000|100%| O|  |TAMS 0x00000000c0800000| PB 0x00000000c0800000| Untracked 
|   9|0x00000000c0900000, 0x00000000c0a00000, 0x00000000c0a00000|100%| O|  |TAMS 0x00000000c0900000| PB 0x00000000c0900000| Untracked 
|  10|0x00000000c0a00000, 0x00000000c0b00000, 0x00000000c0b00000|100%| O|  |TAMS 0x00000000c0a00000| PB 0x00000000c0a00000| Untracked 
|  11|0x00000000c0b00000, 0x00000000c0c00000, 0x00000000c0c00000|100%| O|  |TAMS 0x00000000c0b00000| PB 0x00000000c0b00000| Untracked 
|  12|0x00000000c0c00000, 0x00000000c0d00000, 0x00000000c0d00000|100%| O|  |TAMS 0x00000000c0c00000| PB 0x00000000c0c00000| Untracked 
|  13|0x00000000c0d00000, 0x00000000c0e00000, 0x00000000c0e00000|100%| O|  |TAMS 0x00000000c0d00000| PB 0x00000000c0d00000| Untracked 
|  14|0x00000000c0e00000, 0x00000000c0f00000, 0x00000000c0f00000|100%| O|  |TAMS 0x00000000c0e00000| PB 0x00000000c0e00000| Untracked 
|  15|0x00000000c0f00000, 0x00000000c1000000, 0x00000000c1000000|100%| O|  |TAMS 0x00000000c0f00000| PB 0x00000000c0f00000| Untracked 
|  16|0x00000000c1000000, 0x00000000c1100000, 0x00000000c1100000|100%| O|  |TAMS 0x00000000c1000000| PB 0x00000000c1000000| Untracked 
|  17|0x00000000c1100000, 0x00000000c1200000, 0x00000000c1200000|100%| O|  |TAMS 0x00000000c1100000| PB 0x00000000c1100000| Untracked 
|  18|0x00000000c1200000, 0x00000000c1300000, 0x00000000c1300000|100%| O|  |TAMS 0x00000000c1200000| PB 0x00000000c1200000| Untracked 
|  19|0x00000000c1300000, 0x00000000c1400000, 0x00000000c1400000|100%| O|  |TAMS 0x00000000c1300000| PB 0x00000000c1300000| Untracked 
|  20|0x00000000c1400000, 0x00000000c14e5ef0, 0x00000000c1500000| 89%| O|  |TAMS 0x00000000c1400000| PB 0x00000000c1400000| Untracked 
|  21|0x00000000c1500000, 0x00000000c1600000, 0x00000000c1600000|100%| O|  |TAMS 0x00000000c1500000| PB 0x00000000c1500000| Untracked 
|  22|0x00000000c1600000, 0x00000000c1700000, 0x00000000c1700000|100%| O|  |TAMS 0x00000000c1600000| PB 0x00000000c1600000| Untracked 
|  23|0x00000000c1700000, 0x00000000c1800000, 0x00000000c1800000|100%| O|  |TAMS 0x00000000c1700000| PB 0x00000000c1700000| Untracked 
|  24|0x00000000c1800000, 0x00000000c1900000, 0x00000000c1900000|100%| O|  |TAMS 0x00000000c1800000| PB 0x00000000c1800000| Untracked 
|  25|0x00000000c1900000, 0x00000000c1a00000, 0x00000000c1a00000|100%| O|  |TAMS 0x00000000c1900000| PB 0x00000000c1900000| Untracked 
|  26|0x00000000c1a00000, 0x00000000c1b00000, 0x00000000c1b00000|100%| O|  |TAMS 0x00000000c1a00000| PB 0x00000000c1a00000| Untracked 
|  27|0x00000000c1b00000, 0x00000000c1c00000, 0x00000000c1c00000|100%| O|  |TAMS 0x00000000c1b00000| PB 0x00000000c1b00000| Untracked 
|  28|0x00000000c1c00000, 0x00000000c1d00000, 0x00000000c1d00000|100%| O|  |TAMS 0x00000000c1c00000| PB 0x00000000c1c00000| Untracked 
|  29|0x00000000c1d00000, 0x00000000c1e00000, 0x00000000c1e00000|100%| O|  |TAMS 0x00000000c1d00000| PB 0x00000000c1d00000| Untracked 
|  30|0x00000000c1e00000, 0x00000000c1f00000, 0x00000000c1f00000|100%| O|  |TAMS 0x00000000c1e00000| PB 0x00000000c1e00000| Untracked 
|  31|0x00000000c1f00000, 0x00000000c2000000, 0x00000000c2000000|100%| O|  |TAMS 0x00000000c1f00000| PB 0x00000000c1f00000| Untracked 
|  32|0x00000000c2000000, 0x00000000c2100000, 0x00000000c2100000|100%| O|  |TAMS 0x00000000c2000000| PB 0x00000000c2000000| Untracked 
|  33|0x00000000c2100000, 0x00000000c2200000, 0x00000000c2200000|100%| O|  |TAMS 0x00000000c2100000| PB 0x00000000c2100000| Untracked 
|  34|0x00000000c2200000, 0x00000000c2200000, 0x00000000c2300000|  0%| F|  |TAMS 0x00000000c2200000| PB 0x00000000c2200000| Untracked 
|  35|0x00000000c2300000, 0x00000000c2300000, 0x00000000c2400000|  0%| F|  |TAMS 0x00000000c2300000| PB 0x00000000c2300000| Untracked 
|  36|0x00000000c2400000, 0x00000000c2500000, 0x00000000c2500000|100%| O|  |TAMS 0x00000000c2400000| PB 0x00000000c2400000| Untracked 
|  37|0x00000000c2500000, 0x00000000c2600000, 0x00000000c2600000|100%| O|  |TAMS 0x00000000c2500000| PB 0x00000000c2500000| Untracked 
|  38|0x00000000c2600000, 0x00000000c2700000, 0x00000000c2700000|100%| O|  |TAMS 0x00000000c2600000| PB 0x00000000c2600000| Untracked 
|  39|0x00000000c2700000, 0x00000000c2800000, 0x00000000c2800000|100%| O|  |TAMS 0x00000000c2700000| PB 0x00000000c2700000| Untracked 
|  40|0x00000000c2800000, 0x00000000c2900000, 0x00000000c2900000|100%| O|  |TAMS 0x00000000c2800000| PB 0x00000000c2800000| Untracked 
|  41|0x00000000c2900000, 0x00000000c2a00000, 0x00000000c2a00000|100%| O|  |TAMS 0x00000000c2900000| PB 0x00000000c2900000| Untracked 
|  42|0x00000000c2a00000, 0x00000000c2b00000, 0x00000000c2b00000|100%| O|  |TAMS 0x00000000c2a00000| PB 0x00000000c2a00000| Untracked 
|  43|0x00000000c2b00000, 0x00000000c2c00000, 0x00000000c2c00000|100%| O|  |TAMS 0x00000000c2b00000| PB 0x00000000c2b00000| Untracked 
|  44|0x00000000c2c00000, 0x00000000c2d00000, 0x00000000c2d00000|100%|HS|  |TAMS 0x00000000c2c00000| PB 0x00000000c2c00000| Complete 
|  45|0x00000000c2d00000, 0x00000000c2e00000, 0x00000000c2e00000|100%| O|  |TAMS 0x00000000c2d00000| PB 0x00000000c2d00000| Untracked 
|  46|0x00000000c2e00000, 0x00000000c2f00000, 0x00000000c2f00000|100%| O|  |TAMS 0x00000000c2e00000| PB 0x00000000c2e00000| Untracked 
|  47|0x00000000c2f00000, 0x00000000c3000000, 0x00000000c3000000|100%|HS|  |TAMS 0x00000000c2f00000| PB 0x00000000c2f00000| Complete 
|  48|0x00000000c3000000, 0x00000000c3100000, 0x00000000c3100000|100%|HC|  |TAMS 0x00000000c3000000| PB 0x00000000c3000000| Complete 
|  49|0x00000000c3100000, 0x00000000c3200000, 0x00000000c3200000|100%|HS|  |TAMS 0x00000000c3100000| PB 0x00000000c3100000| Complete 
|  50|0x00000000c3200000, 0x00000000c3300000, 0x00000000c3300000|100%|HS|  |TAMS 0x00000000c3200000| PB 0x00000000c3200000| Complete 
|  51|0x00000000c3300000, 0x00000000c3400000, 0x00000000c3400000|100%|HS|  |TAMS 0x00000000c3300000| PB 0x00000000c3300000| Complete 
|  52|0x00000000c3400000, 0x00000000c3500000, 0x00000000c3500000|100%|HS|  |TAMS 0x00000000c3400000| PB 0x00000000c3400000| Complete 
|  53|0x00000000c3500000, 0x00000000c3600000, 0x00000000c3600000|100%| O|  |TAMS 0x00000000c3500000| PB 0x00000000c3500000| Untracked 
|  54|0x00000000c3600000, 0x00000000c3700000, 0x00000000c3700000|100%| O|  |TAMS 0x00000000c3600000| PB 0x00000000c3600000| Untracked 
|  55|0x00000000c3700000, 0x00000000c3800000, 0x00000000c3800000|100%|HS|  |TAMS 0x00000000c3700000| PB 0x00000000c3700000| Complete 
|  56|0x00000000c3800000, 0x00000000c3900000, 0x00000000c3900000|100%|HC|  |TAMS 0x00000000c3800000| PB 0x00000000c3800000| Complete 
|  57|0x00000000c3900000, 0x00000000c3a00000, 0x00000000c3a00000|100%| O|  |TAMS 0x00000000c3900000| PB 0x00000000c3900000| Untracked 
|  58|0x00000000c3a00000, 0x00000000c3b00000, 0x00000000c3b00000|100%| O|  |TAMS 0x00000000c3a00000| PB 0x00000000c3a00000| Untracked 
|  59|0x00000000c3b00000, 0x00000000c3c00000, 0x00000000c3c00000|100%| O|  |TAMS 0x00000000c3b00000| PB 0x00000000c3b00000| Untracked 
|  60|0x00000000c3c00000, 0x00000000c3c00000, 0x00000000c3d00000|  0%| F|  |TAMS 0x00000000c3c00000| PB 0x00000000c3c00000| Untracked 
|  61|0x00000000c3d00000, 0x00000000c3e00000, 0x00000000c3e00000|100%|HS|  |TAMS 0x00000000c3d00000| PB 0x00000000c3d00000| Complete 
|  62|0x00000000c3e00000, 0x00000000c3f00000, 0x00000000c3f00000|100%| O|  |TAMS 0x00000000c3e00000| PB 0x00000000c3e00000| Untracked 
|  63|0x00000000c3f00000, 0x00000000c4000000, 0x00000000c4000000|100%| O|  |TAMS 0x00000000c3f00000| PB 0x00000000c3f00000| Untracked 
|  64|0x00000000c4000000, 0x00000000c4100000, 0x00000000c4100000|100%| O|  |TAMS 0x00000000c4000000| PB 0x00000000c4000000| Untracked 
|  65|0x00000000c4100000, 0x00000000c4200000, 0x00000000c4200000|100%| O|  |TAMS 0x00000000c4100000| PB 0x00000000c4100000| Untracked 
|  66|0x00000000c4200000, 0x00000000c4300000, 0x00000000c4300000|100%|HS|  |TAMS 0x00000000c4200000| PB 0x00000000c4200000| Complete 
|  67|0x00000000c4300000, 0x00000000c4400000, 0x00000000c4400000|100%| O|  |TAMS 0x00000000c4300000| PB 0x00000000c4300000| Untracked 
|  68|0x00000000c4400000, 0x00000000c4500000, 0x00000000c4500000|100%| O|  |TAMS 0x00000000c4400000| PB 0x00000000c4400000| Untracked 
|  69|0x00000000c4500000, 0x00000000c4600000, 0x00000000c4600000|100%| O|  |TAMS 0x00000000c4500000| PB 0x00000000c4500000| Untracked 
|  70|0x00000000c4600000, 0x00000000c4610310, 0x00000000c4700000|  6%| O|  |TAMS 0x00000000c4600000| PB 0x00000000c4600000| Untracked 
|  71|0x00000000c4700000, 0x00000000c4700000, 0x00000000c4800000|  0%| F|  |TAMS 0x00000000c4700000| PB 0x00000000c4700000| Untracked 
|  72|0x00000000c4800000, 0x00000000c4800000, 0x00000000c4900000|  0%| F|  |TAMS 0x00000000c4800000| PB 0x00000000c4800000| Untracked 
|  73|0x00000000c4900000, 0x00000000c4900000, 0x00000000c4a00000|  0%| F|  |TAMS 0x00000000c4900000| PB 0x00000000c4900000| Untracked 
|  74|0x00000000c4a00000, 0x00000000c4a00000, 0x00000000c4b00000|  0%| F|  |TAMS 0x00000000c4a00000| PB 0x00000000c4a00000| Untracked 
|  75|0x00000000c4b00000, 0x00000000c4b00000, 0x00000000c4c00000|  0%| F|  |TAMS 0x00000000c4b00000| PB 0x00000000c4b00000| Untracked 
|  76|0x00000000c4c00000, 0x00000000c4c34d70, 0x00000000c4d00000| 20%| S|CS|TAMS 0x00000000c4c00000| PB 0x00000000c4c00000| Complete 
|  77|0x00000000c4d00000, 0x00000000c4d00000, 0x00000000c4e00000|  0%| F|  |TAMS 0x00000000c4d00000| PB 0x00000000c4d00000| Untracked 
|  78|0x00000000c4e00000, 0x00000000c4e00000, 0x00000000c4f00000|  0%| F|  |TAMS 0x00000000c4e00000| PB 0x00000000c4e00000| Untracked 
|  79|0x00000000c4f00000, 0x00000000c4f00000, 0x00000000c5000000|  0%| F|  |TAMS 0x00000000c4f00000| PB 0x00000000c4f00000| Untracked 
|  80|0x00000000c5000000, 0x00000000c5000000, 0x00000000c5100000|  0%| F|  |TAMS 0x00000000c5000000| PB 0x00000000c5000000| Untracked 
|  81|0x00000000c5100000, 0x00000000c5100000, 0x00000000c5200000|  0%| F|  |TAMS 0x00000000c5100000| PB 0x00000000c5100000| Untracked 
|  82|0x00000000c5200000, 0x00000000c5300000, 0x00000000c5300000|100%| S|CS|TAMS 0x00000000c5200000| PB 0x00000000c5200000| Complete 
|  83|0x00000000c5300000, 0x00000000c5400000, 0x00000000c5400000|100%| S|CS|TAMS 0x00000000c5300000| PB 0x00000000c5300000| Complete 
|  84|0x00000000c5400000, 0x00000000c5400000, 0x00000000c5500000|  0%| F|  |TAMS 0x00000000c5400000| PB 0x00000000c5400000| Untracked 
|  85|0x00000000c5500000, 0x00000000c5500000, 0x00000000c5600000|  0%| F|  |TAMS 0x00000000c5500000| PB 0x00000000c5500000| Untracked 
|  86|0x00000000c5600000, 0x00000000c5600000, 0x00000000c5700000|  0%| F|  |TAMS 0x00000000c5600000| PB 0x00000000c5600000| Untracked 
|  87|0x00000000c5700000, 0x00000000c5700000, 0x00000000c5800000|  0%| F|  |TAMS 0x00000000c5700000| PB 0x00000000c5700000| Untracked 
|  88|0x00000000c5800000, 0x00000000c5800000, 0x00000000c5900000|  0%| F|  |TAMS 0x00000000c5800000| PB 0x00000000c5800000| Untracked 
|  89|0x00000000c5900000, 0x00000000c5900000, 0x00000000c5a00000|  0%| F|  |TAMS 0x00000000c5900000| PB 0x00000000c5900000| Untracked 
|  90|0x00000000c5a00000, 0x00000000c5a00000, 0x00000000c5b00000|  0%| F|  |TAMS 0x00000000c5a00000| PB 0x00000000c5a00000| Untracked 
|  91|0x00000000c5b00000, 0x00000000c5b00000, 0x00000000c5c00000|  0%| F|  |TAMS 0x00000000c5b00000| PB 0x00000000c5b00000| Untracked 
|  92|0x00000000c5c00000, 0x00000000c5c00000, 0x00000000c5d00000|  0%| F|  |TAMS 0x00000000c5c00000| PB 0x00000000c5c00000| Untracked 
|  93|0x00000000c5d00000, 0x00000000c5d00000, 0x00000000c5e00000|  0%| F|  |TAMS 0x00000000c5d00000| PB 0x00000000c5d00000| Untracked 
|  94|0x00000000c5e00000, 0x00000000c5e00000, 0x00000000c5f00000|  0%| F|  |TAMS 0x00000000c5e00000| PB 0x00000000c5e00000| Untracked 
|  95|0x00000000c5f00000, 0x00000000c5f00000, 0x00000000c6000000|  0%| F|  |TAMS 0x00000000c5f00000| PB 0x00000000c5f00000| Untracked 
|  96|0x00000000c6000000, 0x00000000c6000000, 0x00000000c6100000|  0%| F|  |TAMS 0x00000000c6000000| PB 0x00000000c6000000| Untracked 
|  97|0x00000000c6100000, 0x00000000c6100000, 0x00000000c6200000|  0%| F|  |TAMS 0x00000000c6100000| PB 0x00000000c6100000| Untracked 
|  98|0x00000000c6200000, 0x00000000c6200000, 0x00000000c6300000|  0%| F|  |TAMS 0x00000000c6200000| PB 0x00000000c6200000| Untracked 
|  99|0x00000000c6300000, 0x00000000c6300000, 0x00000000c6400000|  0%| F|  |TAMS 0x00000000c6300000| PB 0x00000000c6300000| Untracked 
| 100|0x00000000c6400000, 0x00000000c6400000, 0x00000000c6500000|  0%| F|  |TAMS 0x00000000c6400000| PB 0x00000000c6400000| Untracked 
| 101|0x00000000c6500000, 0x00000000c6500000, 0x00000000c6600000|  0%| F|  |TAMS 0x00000000c6500000| PB 0x00000000c6500000| Untracked 
| 102|0x00000000c6600000, 0x00000000c6600000, 0x00000000c6700000|  0%| F|  |TAMS 0x00000000c6600000| PB 0x00000000c6600000| Untracked 
| 103|0x00000000c6700000, 0x00000000c6700000, 0x00000000c6800000|  0%| F|  |TAMS 0x00000000c6700000| PB 0x00000000c6700000| Untracked 
| 104|0x00000000c6800000, 0x00000000c6800000, 0x00000000c6900000|  0%| F|  |TAMS 0x00000000c6800000| PB 0x00000000c6800000| Untracked 
| 105|0x00000000c6900000, 0x00000000c6900000, 0x00000000c6a00000|  0%| F|  |TAMS 0x00000000c6900000| PB 0x00000000c6900000| Untracked 
| 106|0x00000000c6a00000, 0x00000000c6a00000, 0x00000000c6b00000|  0%| F|  |TAMS 0x00000000c6a00000| PB 0x00000000c6a00000| Untracked 
| 107|0x00000000c6b00000, 0x00000000c6b00000, 0x00000000c6c00000|  0%| F|  |TAMS 0x00000000c6b00000| PB 0x00000000c6b00000| Untracked 
| 108|0x00000000c6c00000, 0x00000000c6c00000, 0x00000000c6d00000|  0%| F|  |TAMS 0x00000000c6c00000| PB 0x00000000c6c00000| Untracked 
| 109|0x00000000c6d00000, 0x00000000c6d00000, 0x00000000c6e00000|  0%| F|  |TAMS 0x00000000c6d00000| PB 0x00000000c6d00000| Untracked 
| 110|0x00000000c6e00000, 0x00000000c6e00000, 0x00000000c6f00000|  0%| F|  |TAMS 0x00000000c6e00000| PB 0x00000000c6e00000| Untracked 
| 111|0x00000000c6f00000, 0x00000000c6f00000, 0x00000000c7000000|  0%| F|  |TAMS 0x00000000c6f00000| PB 0x00000000c6f00000| Untracked 
| 112|0x00000000c7000000, 0x00000000c7000000, 0x00000000c7100000|  0%| F|  |TAMS 0x00000000c7000000| PB 0x00000000c7000000| Untracked 
| 113|0x00000000c7100000, 0x00000000c7200000, 0x00000000c7200000|100%| E|  |TAMS 0x00000000c7100000| PB 0x00000000c7100000| Complete 
| 114|0x00000000c7200000, 0x00000000c7300000, 0x00000000c7300000|100%| E|CS|TAMS 0x00000000c7200000| PB 0x00000000c7200000| Complete 
| 115|0x00000000c7300000, 0x00000000c7400000, 0x00000000c7400000|100%| E|CS|TAMS 0x00000000c7300000| PB 0x00000000c7300000| Complete 
| 116|0x00000000c7400000, 0x00000000c7500000, 0x00000000c7500000|100%| E|CS|TAMS 0x00000000c7400000| PB 0x00000000c7400000| Complete 
| 117|0x00000000c7500000, 0x00000000c7600000, 0x00000000c7600000|100%| E|CS|TAMS 0x00000000c7500000| PB 0x00000000c7500000| Complete 
| 118|0x00000000c7600000, 0x00000000c7700000, 0x00000000c7700000|100%| E|CS|TAMS 0x00000000c7600000| PB 0x00000000c7600000| Complete 
| 119|0x00000000c7700000, 0x00000000c7800000, 0x00000000c7800000|100%| E|CS|TAMS 0x00000000c7700000| PB 0x00000000c7700000| Complete 
|1019|0x00000000ffb00000, 0x00000000ffc00000, 0x00000000ffc00000|100%| O|  |TAMS 0x00000000ffb00000| PB 0x00000000ffb00000| Untracked 
|1020|0x00000000ffc00000, 0x00000000ffd00000, 0x00000000ffd00000|100%| O|  |TAMS 0x00000000ffc00000| PB 0x00000000ffc00000| Untracked 
|1021|0x00000000ffd00000, 0x00000000ffe00000, 0x00000000ffe00000|100%| O|  |TAMS 0x00000000ffd00000| PB 0x00000000ffd00000| Untracked 
|1022|0x00000000ffe00000, 0x00000000fff00000, 0x00000000fff00000|100%| O|  |TAMS 0x00000000ffe00000| PB 0x00000000ffe00000| Untracked 
|1023|0x00000000fff00000, 0x0000000100000000, 0x0000000100000000|100%| O|  |TAMS 0x00000000fff00000| PB 0x00000000fff00000| Untracked 

Card table byte_map: [0x000001c358e90000,0x000001c359090000] _byte_map_base: 0x000001c358890000

Marking Bits: (CMBitMap*) 0x000001c34679ae00
 Bits: [0x000001c359090000, 0x000001c35a090000)

Polling page: 0x000001c344730000

Metaspace:

Usage:
  Non-class:     58.52 MB used.
      Class:      9.53 MB used.
       Both:     68.05 MB used.

Virtual space:
  Non-class space:       64.00 MB reserved,      59.56 MB ( 93%) committed,  1 nodes.
      Class space:        1.00 GB reserved,      10.50 MB (  1%) committed,  1 nodes.
             Both:        1.06 GB reserved,      70.06 MB (  6%) committed. 

Chunk freelists:
   Non-Class:  4.25 MB
       Class:  5.53 MB
        Both:  9.78 MB

MaxMetaspaceSize: unlimited
CompressedClassSpaceSize: 1.00 GB
Initial GC threshold: 21.00 MB
Current GC threshold: 107.81 MB
CDS: on
 - commit_granule_bytes: 65536.
 - commit_granule_words: 8192.
 - virtual_space_node_default_size: 8388608.
 - enlarge_chunks_in_place: 1.
 - use_allocation_guard: 0.


Internal statistics:

num_allocs_failed_limit: 12.
num_arena_births: 3584.
num_arena_deaths: 0.
num_vsnodes_births: 2.
num_vsnodes_deaths: 0.
num_space_committed: 1121.
num_space_uncommitted: 0.
num_chunks_returned_to_freelist: 12.
num_chunks_taken_from_freelist: 6844.
num_chunk_merges: 12.
num_chunk_splits: 4470.
num_chunks_enlarged: 2783.
num_inconsistent_stats: 0.

CodeHeap 'non-profiled nmethods': size=120000Kb used=4718Kb max_used=4718Kb free=115281Kb
 bounds [0x000001c351430000, 0x000001c3518d0000, 0x000001c358960000]
CodeHeap 'profiled nmethods': size=120000Kb used=15097Kb max_used=15097Kb free=104902Kb
 bounds [0x000001c349960000, 0x000001c34a830000, 0x000001c350e90000]
CodeHeap 'non-nmethods': size=5760Kb used=2660Kb max_used=2693Kb free=3099Kb
 bounds [0x000001c350e90000, 0x000001c351140000, 0x000001c351430000]
CodeCache: size=245760Kb, used=22475Kb, max_used=22508Kb, free=223282Kb
 total_blobs=9199, nmethods=8273, adapters=830, full_count=0
Compilation: enabled, stopped_count=0, restarted_count=0

Compilation events (20 events):
Event: 116.090 Thread 0x000001c35caf7cf0 9710       3       org.objectweb.asm.MethodWriter::visitLabel (332 bytes)
Event: 116.091 Thread 0x000001c35caf7cf0 nmethod 9710 0x000001c34a816890 code [0x000001c34a816b20, 0x000001c34a817830]
Event: 116.091 Thread 0x000001c35caf7cf0 9711       3       org.gradle.internal.instantiation.generator.AbstractClassGenerator$GeneratedClassImpl$GeneratedConstructorImpl::<init> (27 bytes)
Event: 116.091 Thread 0x000001c35caf7cf0 nmethod 9711 0x000001c34a817b10 code [0x000001c34a817ce0, 0x000001c34a818240]
Event: 116.091 Thread 0x000001c35caf7cf0 9712       3       org.gradle.internal.instantiation.generator.AsmBackedClassGenerator::createUsingConstructor (13 bytes)
Event: 116.092 Thread 0x000001c35caf7cf0 nmethod 9712 0x000001c34a818410 code [0x000001c34a8185c0, 0x000001c34a818938]
Event: 116.100 Thread 0x000001c35caf7cf0 9713       3       org.gradle.api.internal.provider.DefaultValueSourceProviderFactory$LazilyObtainedValue::obtainedValue (21 bytes)
Event: 116.100 Thread 0x000001c35caf7cf0 nmethod 9713 0x000001c34a818a90 code [0x000001c34a818c40, 0x000001c34a818fe0]
Event: 116.100 Thread 0x000001c35caf7cf0 9714   !   3       jdk.proxy1.$Proxy78::valueObtained (38 bytes)
Event: 116.101 Thread 0x000001c35caf7cf0 nmethod 9714 0x000001c34a819110 code [0x000001c34a819300, 0x000001c34a8199a8]
Event: 116.146 Thread 0x000001c35caf7cf0 9715       3       java.lang.Class::getDeclaredAnnotations (11 bytes)
Event: 116.146 Thread 0x000001c35caf7cf0 nmethod 9715 0x000001c34a819c90 code [0x000001c34a819e80, 0x000001c34a81a2c8]
Event: 116.168 Thread 0x000001c35caf7cf0 9717       3       jdk.internal.reflect.MethodHandleFieldAccessorImpl::isStatic (16 bytes)
Event: 116.168 Thread 0x000001c35caf7cf0 nmethod 9717 0x000001c34a45fe90 code [0x000001c34a460020, 0x000001c34a460188]
Event: 116.184 Thread 0x000001c35caf7cf0 9718       3       java.lang.reflect.Constructor::getTypeParameters (19 bytes)
Event: 116.186 Thread 0x000001c35caf7cf0 nmethod 9718 0x000001c34a81a410 code [0x000001c34a81a6e0, 0x000001c34a81b8e0]
Event: 116.195 Thread 0x000001c35caf7cf0 9719       3       sun.nio.cs.StreamDecoder::implRead (232 bytes)
Event: 116.196 Thread 0x000001c35caf7cf0 nmethod 9719 0x000001c34a81be90 code [0x000001c34a81c140, 0x000001c34a81ce78]
Event: 116.212 Thread 0x000001c35caf7cf0 9720       3       jdk.internal.reflect.ClassFileAssembler::emitConstantPoolClass (23 bytes)
Event: 116.212 Thread 0x000001c35caf7cf0 nmethod 9720 0x000001c34a81d310 code [0x000001c34a81d520, 0x000001c34a81d990]

GC Heap History (20 events):
Event: 68.686 GC heap before
{Heap before GC invocations=18 (full 0):
 garbage-first heap   total 88064K, used 77059K [0x00000000c0000000, 0x0000000100000000)
  region size 1024K, 33 young (33792K), 4 survivors (4096K)
 Metaspace       used 51136K, committed 52800K, reserved 1114112K
  class space    used 7341K, committed 8192K, reserved 1048576K
}
Event: 68.691 GC heap after
{Heap after GC invocations=19 (full 0):
 garbage-first heap   total 88064K, used 48756K [0x00000000c0000000, 0x0000000100000000)
  region size 1024K, 3 young (3072K), 3 survivors (3072K)
 Metaspace       used 51136K, committed 52800K, reserved 1114112K
  class space    used 7341K, committed 8192K, reserved 1048576K
}
Event: 72.634 GC heap before
{Heap before GC invocations=19 (full 0):
 garbage-first heap   total 88064K, used 78452K [0x00000000c0000000, 0x0000000100000000)
  region size 1024K, 33 young (33792K), 3 survivors (3072K)
 Metaspace       used 54684K, committed 56448K, reserved 1114112K
  class space    used 7820K, committed 8704K, reserved 1048576K
}
Event: 72.640 GC heap after
{Heap after GC invocations=20 (full 0):
 garbage-first heap   total 88064K, used 48199K [0x00000000c0000000, 0x0000000100000000)
  region size 1024K, 2 young (2048K), 2 survivors (2048K)
 Metaspace       used 54684K, committed 56448K, reserved 1114112K
  class space    used 7820K, committed 8704K, reserved 1048576K
}
Event: 78.046 GC heap before
{Heap before GC invocations=21 (full 0):
 garbage-first heap   total 88064K, used 86087K [0x00000000c0000000, 0x0000000100000000)
  region size 1024K, 31 young (31744K), 2 survivors (2048K)
 Metaspace       used 55751K, committed 57536K, reserved 1114112K
  class space    used 7964K, committed 8832K, reserved 1048576K
}
Event: 78.055 GC heap after
{Heap after GC invocations=22 (full 0):
 garbage-first heap   total 97280K, used 64244K [0x00000000c0000000, 0x0000000100000000)
  region size 1024K, 4 young (4096K), 4 survivors (4096K)
 Metaspace       used 55751K, committed 57536K, reserved 1114112K
  class space    used 7964K, committed 8832K, reserved 1048576K
}
Event: 100.967 GC heap before
{Heap before GC invocations=22 (full 0):
 garbage-first heap   total 97280K, used 85748K [0x00000000c0000000, 0x0000000100000000)
  region size 1024K, 25 young (25600K), 4 survivors (4096K)
 Metaspace       used 56004K, committed 57792K, reserved 1114112K
  class space    used 7992K, committed 8896K, reserved 1048576K
}
Event: 100.989 GC heap after
{Heap after GC invocations=23 (full 0):
 garbage-first heap   total 97280K, used 67302K [0x00000000c0000000, 0x0000000100000000)
  region size 1024K, 4 young (4096K), 4 survivors (4096K)
 Metaspace       used 56004K, committed 57792K, reserved 1114112K
  class space    used 7992K, committed 8896K, reserved 1048576K
}
Event: 101.487 GC heap before
{Heap before GC invocations=23 (full 0):
 garbage-first heap   total 97280K, used 72422K [0x00000000c0000000, 0x0000000100000000)
  region size 1024K, 11 young (11264K), 4 survivors (4096K)
 Metaspace       used 56489K, committed 58304K, reserved 1114112K
  class space    used 8039K, committed 8960K, reserved 1048576K
}
Event: 101.515 GC heap after
{Heap after GC invocations=24 (full 0):
 garbage-first heap   total 97280K, used 68480K [0x00000000c0000000, 0x0000000100000000)
  region size 1024K, 2 young (2048K), 2 survivors (2048K)
 Metaspace       used 56489K, committed 58304K, reserved 1114112K
  class space    used 8039K, committed 8960K, reserved 1048576K
}
Event: 104.214 GC heap before
{Heap before GC invocations=25 (full 0):
 garbage-first heap   total 117760K, used 86912K [0x00000000c0000000, 0x0000000100000000)
  region size 1024K, 20 young (20480K), 2 survivors (2048K)
 Metaspace       used 58087K, committed 59968K, reserved 1114112K
  class space    used 8252K, committed 9152K, reserved 1048576K
}
Event: 104.228 GC heap after
{Heap after GC invocations=26 (full 0):
 garbage-first heap   total 117760K, used 70182K [0x00000000c0000000, 0x0000000100000000)
  region size 1024K, 2 young (2048K), 2 survivors (2048K)
 Metaspace       used 58087K, committed 59968K, reserved 1114112K
  class space    used 8252K, committed 9152K, reserved 1048576K
}
Event: 108.309 GC heap before
{Heap before GC invocations=26 (full 0):
 garbage-first heap   total 117760K, used 103974K [0x00000000c0000000, 0x0000000100000000)
  region size 1024K, 36 young (36864K), 2 survivors (2048K)
 Metaspace       used 61721K, committed 63552K, reserved 1114112K
  class space    used 8685K, committed 9600K, reserved 1048576K
}
Event: 108.314 GC heap after
{Heap after GC invocations=27 (full 0):
 garbage-first heap   total 117760K, used 70550K [0x00000000c0000000, 0x0000000100000000)
  region size 1024K, 3 young (3072K), 3 survivors (3072K)
 Metaspace       used 61721K, committed 63552K, reserved 1114112K
  class space    used 8685K, committed 9600K, reserved 1048576K
}
Event: 110.206 GC heap before
{Heap before GC invocations=27 (full 0):
 garbage-first heap   total 117760K, used 88982K [0x00000000c0000000, 0x0000000100000000)
  region size 1024K, 22 young (22528K), 3 survivors (3072K)
 Metaspace       used 64272K, committed 66240K, reserved 1114112K
  class space    used 9048K, committed 9984K, reserved 1048576K
}
Event: 110.212 GC heap after
{Heap after GC invocations=28 (full 0):
 garbage-first heap   total 117760K, used 72769K [0x00000000c0000000, 0x0000000100000000)
  region size 1024K, 5 young (5120K), 5 survivors (5120K)
 Metaspace       used 64272K, committed 66240K, reserved 1114112K
  class space    used 9048K, committed 9984K, reserved 1048576K
}
Event: 112.250 GC heap before
{Heap before GC invocations=29 (full 0):
 garbage-first heap   total 128000K, used 111681K [0x00000000c0000000, 0x0000000100000000)
  region size 1024K, 38 young (38912K), 5 survivors (5120K)
 Metaspace       used 66094K, committed 68032K, reserved 1114112K
  class space    used 9311K, committed 10240K, reserved 1048576K
}
Event: 112.261 GC heap after
{Heap after GC invocations=30 (full 0):
 garbage-first heap   total 128000K, used 75720K [0x00000000c0000000, 0x0000000100000000)
  region size 1024K, 5 young (5120K), 5 survivors (5120K)
 Metaspace       used 66094K, committed 68032K, reserved 1114112K
  class space    used 9311K, committed 10240K, reserved 1048576K
}
Event: 115.754 GC heap before
{Heap before GC invocations=30 (full 0):
 garbage-first heap   total 128000K, used 112584K [0x00000000c0000000, 0x0000000100000000)
  region size 1024K, 41 young (41984K), 5 survivors (5120K)
 Metaspace       used 68954K, committed 70976K, reserved 1114112K
  class space    used 9676K, committed 10688K, reserved 1048576K
}
Event: 115.765 GC heap after
{Heap after GC invocations=31 (full 0):
 garbage-first heap   total 128000K, used 75947K [0x00000000c0000000, 0x0000000100000000)
  region size 1024K, 3 young (3072K), 3 survivors (3072K)
 Metaspace       used 68954K, committed 70976K, reserved 1114112K
  class space    used 9676K, committed 10688K, reserved 1048576K
}

Dll operation events (20 events):
Event: 0.250 Attempting to load shared library C:\Users\LENOVO\.antigravity-ide\extensions\redhat.java-1.56.0-win32-x64\jre\21.0.12.1-win32-x86_64\bin\nio.dll
Event: 0.251 Loaded shared library C:\Users\LENOVO\.antigravity-ide\extensions\redhat.java-1.56.0-win32-x64\jre\21.0.12.1-win32-x86_64\bin\nio.dll
Event: 0.260 Attempting to load shared library C:\Users\LENOVO\.antigravity-ide\extensions\redhat.java-1.56.0-win32-x64\jre\21.0.12.1-win32-x86_64\bin\zip.dll
Event: 0.260 Loaded shared library C:\Users\LENOVO\.antigravity-ide\extensions\redhat.java-1.56.0-win32-x64\jre\21.0.12.1-win32-x86_64\bin\zip.dll
Event: 0.889 Attempting to load shared library C:\Users\LENOVO\.antigravity-ide\extensions\redhat.java-1.56.0-win32-x64\jre\21.0.12.1-win32-x86_64\bin\jimage.dll
Event: 0.889 Loaded shared library C:\Users\LENOVO\.antigravity-ide\extensions\redhat.java-1.56.0-win32-x64\jre\21.0.12.1-win32-x86_64\bin\jimage.dll
Event: 1.450 Attempting to load shared library C:\Users\LENOVO\.antigravity-ide\extensions\redhat.java-1.56.0-win32-x64\jre\21.0.12.1-win32-x86_64\bin\verify.dll
Event: 1.452 Loaded shared library C:\Users\LENOVO\.antigravity-ide\extensions\redhat.java-1.56.0-win32-x64\jre\21.0.12.1-win32-x86_64\bin\verify.dll
Event: 1.694 Attempting to load shared library C:\Users\LENOVO\.gradle\native\1def1411415f61bf3af743bc5b6707747c0891f09f0c88961ee8f79bc544acac\windows-amd64\native-platform.dll
Event: 1.697 Loaded shared library C:\Users\LENOVO\.gradle\native\1def1411415f61bf3af743bc5b6707747c0891f09f0c88961ee8f79bc544acac\windows-amd64\native-platform.dll
Event: 1.728 Attempting to load shared library C:\Users\LENOVO\.gradle\native\0.2.7\x86_64-windows-gnu\gradle-fileevents.dll
Event: 1.732 Loaded shared library C:\Users\LENOVO\.gradle\native\0.2.7\x86_64-windows-gnu\gradle-fileevents.dll
Event: 6.329 Attempting to load shared library C:\Users\LENOVO\.antigravity-ide\extensions\redhat.java-1.56.0-win32-x64\jre\21.0.12.1-win32-x86_64\bin\management.dll
Event: 6.331 Loaded shared library C:\Users\LENOVO\.antigravity-ide\extensions\redhat.java-1.56.0-win32-x64\jre\21.0.12.1-win32-x86_64\bin\management.dll
Event: 6.355 Attempting to load shared library C:\Users\LENOVO\.antigravity-ide\extensions\redhat.java-1.56.0-win32-x64\jre\21.0.12.1-win32-x86_64\bin\management_ext.dll
Event: 6.370 Loaded shared library C:\Users\LENOVO\.antigravity-ide\extensions\redhat.java-1.56.0-win32-x64\jre\21.0.12.1-win32-x86_64\bin\management_ext.dll
Event: 8.194 Attempting to load shared library C:\Users\LENOVO\.antigravity-ide\extensions\redhat.java-1.56.0-win32-x64\jre\21.0.12.1-win32-x86_64\bin\extnet.dll
Event: 8.196 Loaded shared library C:\Users\LENOVO\.antigravity-ide\extensions\redhat.java-1.56.0-win32-x64\jre\21.0.12.1-win32-x86_64\bin\extnet.dll
Event: 12.149 Attempting to load shared library C:\Users\LENOVO\.antigravity-ide\extensions\redhat.java-1.56.0-win32-x64\jre\21.0.12.1-win32-x86_64\bin\sunmscapi.dll
Event: 12.431 Loaded shared library C:\Users\LENOVO\.antigravity-ide\extensions\redhat.java-1.56.0-win32-x64\jre\21.0.12.1-win32-x86_64\bin\sunmscapi.dll

Deoptimization events (20 events):
Event: 113.563 Thread 0x000001c3610e4e30 DEOPT PACKING pc=0x000001c349a87de1 sp=0x00000032e00f24f0
Event: 113.563 Thread 0x000001c3610e4e30 DEOPT UNPACKING pc=0x000001c350ee4bc2 sp=0x00000032e00f1a00 mode 0
Event: 114.189 Thread 0x000001c3610e4e30 Uncommon trap: trap_request=0xffffff45 fr.pc=0x000001c3516d93d0 relative=0x0000000000000350
Event: 114.189 Thread 0x000001c3610e4e30 Uncommon trap: reason=unstable_if action=reinterpret pc=0x000001c3516d93d0 method=org.gradle.internal.reflect.PropertyAccessorType.of(Ljava/lang/reflect/Method;)Lorg/gradle/internal/reflect/PropertyAccessorType; @ 56 c2
Event: 114.189 Thread 0x000001c3610e4e30 DEOPT PACKING pc=0x000001c3516d93d0 sp=0x00000032e00f6840
Event: 114.190 Thread 0x000001c3610e4e30 DEOPT UNPACKING pc=0x000001c350ee4422 sp=0x00000032e00f6800 mode 2
Event: 114.385 Thread 0x000001c3610e4e30 Uncommon trap: trap_request=0xffffff45 fr.pc=0x000001c35182ee6c relative=0x000000000000014c
Event: 114.385 Thread 0x000001c3610e4e30 Uncommon trap: reason=unstable_if action=reinterpret pc=0x000001c35182ee6c method=org.objectweb.asm.ByteVector.putByteArray([BII)Lorg/objectweb/asm/ByteVector; @ 20 c2
Event: 114.385 Thread 0x000001c3610e4e30 DEOPT PACKING pc=0x000001c35182ee6c sp=0x00000032e00f5b80
Event: 114.385 Thread 0x000001c3610e4e30 DEOPT UNPACKING pc=0x000001c350ee4422 sp=0x00000032e00f5b50 mode 2
Event: 114.385 Thread 0x000001c3610e4e30 Uncommon trap: trap_request=0xffffff45 fr.pc=0x000001c35185674c relative=0x0000000000000a4c
Event: 114.385 Thread 0x000001c3610e4e30 Uncommon trap: reason=unstable_if action=reinterpret pc=0x000001c35185674c method=org.objectweb.asm.Label.resolve([BLorg/objectweb/asm/ByteVector;I)Z @ 81 c2
Event: 114.385 Thread 0x000001c3610e4e30 DEOPT PACKING pc=0x000001c35185674c sp=0x00000032e00f5ba0
Event: 114.385 Thread 0x000001c3610e4e30 DEOPT UNPACKING pc=0x000001c350ee4422 sp=0x00000032e00f5ac8 mode 2
Event: 114.386 Thread 0x000001c3610e4e30 Uncommon trap: trap_request=0xffffff45 fr.pc=0x000001c3514b5760 relative=0x0000000000000240
Event: 114.386 Thread 0x000001c3610e4e30 Uncommon trap: reason=unstable_if action=reinterpret pc=0x000001c3514b5760 method=org.objectweb.asm.Label.resolve([BLorg/objectweb/asm/ByteVector;I)Z @ 81 c2
Event: 114.386 Thread 0x000001c3610e4e30 DEOPT PACKING pc=0x000001c3514b5760 sp=0x00000032e00f5b30
Event: 114.386 Thread 0x000001c3610e4e30 DEOPT UNPACKING pc=0x000001c350ee4422 sp=0x00000032e00f5ac0 mode 2
Event: 115.865 Thread 0x000001c3610e4e30 DEOPT PACKING pc=0x000001c349a4e0d6 sp=0x00000032e00f77e0
Event: 115.865 Thread 0x000001c3610e4e30 DEOPT UNPACKING pc=0x000001c350ee4bc2 sp=0x00000032e00f6da0 mode 0

Classes loaded (20 events):
Event: 110.145 Loading class sun/security/util/ManifestEntryVerifier$SunProviderHolder
Event: 110.145 Loading class sun/security/util/ManifestEntryVerifier$SunProviderHolder done
Event: 110.296 Loading class sun/security/util/MemoryCache$QueueCacheEntry
Event: 110.296 Loading class sun/security/util/MemoryCache$QueueCacheEntry done
Event: 110.552 Loading class java/security/KeyStore$ProtectionParameter
Event: 110.552 Loading class java/security/KeyStore$ProtectionParameter done
Event: 111.238 Loading class sun/misc/Unsafe
Event: 111.239 Loading class sun/misc/Unsafe done
Event: 111.530 Loading class sun/reflect/annotation/AnnotationInvocationHandler$1
Event: 111.535 Loading class sun/reflect/annotation/AnnotationInvocationHandler$1 done
Event: 111.630 Loading class java/lang/foreign/ValueLayout
Event: 111.631 Loading class java/lang/foreign/MemoryLayout
Event: 111.635 Loading class java/lang/foreign/MemoryLayout done
Event: 111.635 Loading class java/lang/foreign/ValueLayout done
Event: 113.130 Loading class java/security/KeyStore
Event: 113.132 Loading class java/security/KeyStore done
Event: 114.075 Loading class javax/xml/stream/XMLStreamException
Event: 114.076 Loading class javax/xml/stream/XMLStreamException done
Event: 115.812 Loading class java/net/SocketTimeoutException
Event: 115.813 Loading class java/net/SocketTimeoutException done

Classes unloaded (0 events):
No events

Classes redefined (0 events):
No events

Internal exceptions (20 events):
Event: 63.402 Thread 0x000001c3610e4e30 Exception <a 'java/lang/NoSuchMethodError'{0x00000000c5d77bb8}: 'java.lang.Object java.lang.invoke.Invokers$Holder.linkToTargetMethod(java.lang.Object, java.lang.Object, java.lang.Object, int, java.lang.Object, java.lang.Object)'> (0x00000000c5d77bb8) 
thrown [s\src\hotspot\share\interpreter\linkResolver.cpp, line 773]
Event: 66.455 Thread 0x000001c3610e4e30 Exception <a 'java/lang/NoSuchMethodError'{0x00000000c33e30e0}: 'java.lang.Object java.lang.invoke.DirectMethodHandle$Holder.invokeSpecialIFC(java.lang.Object, java.lang.Object, java.lang.Object)'> (0x00000000c33e30e0) 
thrown [s\src\hotspot\share\interpreter\linkResolver.cpp, line 773]
Event: 76.281 Thread 0x000001c3610e4e30 Exception <a 'java/lang/ClassNotFoundException'{0x00000000c43f2200}: sun/misc/SharedSecrets> (0x00000000c43f2200) 
thrown [s\src\hotspot\share\classfile\systemDictionary.cpp, line 313]
Event: 76.344 Thread 0x000001c3610e4e30 Exception <a 'java/lang/NoSuchMethodError'{0x00000000c422f1d0}: 'java.lang.Object java.lang.invoke.DirectMethodHandle$Holder.newInvokeSpecial(java.lang.Object, java.lang.Object, java.lang.Object, java.lang.Object, java.lang.Object, java.lang.Object, java.lang.Object, java.lang.Object, java.lang.Object, java.lang.Object, java.lang.Object, java.lang.Object, java.lang.Object, java.lang.Object, java.lang.Object, java.lang.Object, java.lang.Object, java.lang.Object)'> (0x00000000c422f1d0) 
thrown [s\src\hotspot
Event: 76.349 Thread 0x000001c3610e4e30 Exception <a 'java/lang/NoSuchMethodError'{0x00000000c4235cd8}: 'java.lang.Object java.lang.invoke.DirectMethodHandle$Holder.invokeSpecial(java.lang.Object, java.lang.Object, java.lang.Object, java.lang.Object, java.lang.Object, java.lang.Object, java.lang.Object, java.lang.Object, java.lang.Object, java.lang.Object, java.lang.Object, java.lang.Object, java.lang.Object, java.lang.Object, java.lang.Object, java.lang.Object, java.lang.Object, java.lang.Object, java.lang.Object)'> (0x00000000c4235cd8) 
thrown
Event: 76.351 Thread 0x000001c3610e4e30 Exception <a 'java/lang/NoSuchMethodError'{0x00000000c423b640}: 'java.lang.Object java.lang.invoke.DelegatingMethodHandle$Holder.reinvoke_L(java.lang.Object, java.lang.Object, java.lang.Object, java.lang.Object, java.lang.Object, java.lang.Object, java.lang.Object, java.lang.Object, java.lang.Object, java.lang.Object, java.lang.Object, java.lang.Object, java.lang.Object, java.lang.Object, java.lang.Object, java.lang.Object, java.lang.Object, java.lang.Object)'> (0x00000000c423b640) 
thrown [s\src\hotspot\s
Event: 76.449 Thread 0x000001c3610e4e30 Exception <a 'java/lang/NoSuchMethodError'{0x00000000c42d9038}: 'void java.lang.invoke.DirectMethodHandle$Holder.invokeInterface(java.lang.Object, java.lang.Object, java.lang.Object, java.lang.Object)'> (0x00000000c42d9038) 
thrown [s\src\hotspot\share\interpreter\linkResolver.cpp, line 773]
Event: 77.245 Thread 0x000001c3610e4e30 Implicit null exception at 0x000001c35172505d to 0x000001c3517254f0
Event: 77.245 Thread 0x000001c3610e4e30 Implicit null exception at 0x000001c351725cbf to 0x000001c35172615c
Event: 77.834 Thread 0x000001c3610e4e30 Exception <a 'java/lang/NoSuchMethodError'{0x00000000c3aa4100}: 'void java.lang.invoke.DirectMethodHandle$Holder.invokeVirtual(java.lang.Object, java.lang.Object)'> (0x00000000c3aa4100) 
thrown [s\src\hotspot\share\interpreter\linkResolver.cpp, line 773]
Event: 99.856 Thread 0x000001c3610e4e30 Exception <a 'java/lang/ClassNotFoundException'{0x00000000c445a910}: org/gradle/api/internal/plugins/DefaultObjectConfigurationActionBeanInfo> (0x00000000c445a910) 
thrown [s\src\hotspot\share\classfile\systemDictionary.cpp, line 313]
Event: 99.864 Thread 0x000001c3610e4e30 Exception <a 'java/lang/ClassNotFoundException'{0x00000000c446e3c0}: org/gradle/api/internal/plugins/DefaultObjectConfigurationActionCustomizer> (0x00000000c446e3c0) 
thrown [s\src\hotspot\share\classfile\systemDictionary.cpp, line 313]
Event: 99.899 Thread 0x000001c3610e4e30 Implicit null exception at 0x000001c3515a48e5 to 0x000001c3515a4b70
Event: 99.915 Thread 0x000001c3610e4e30 Exception <a 'java/lang/NoSuchMethodError'{0x00000000c447c0c8}: 'int java.lang.invoke.DirectMethodHandle$Holder.invokeSpecial(java.lang.Object, java.lang.Object, java.lang.Object, int)'> (0x00000000c447c0c8) 
thrown [s\src\hotspot\share\interpreter\linkResolver.cpp, line 773]
Event: 99.944 Thread 0x000001c3610e4e30 Exception <a 'java/lang/NoSuchMethodError'{0x00000000c448d028}: 'java.lang.Object java.lang.invoke.DirectMethodHandle$Holder.invokeStatic(java.lang.Object, java.lang.Object, java.lang.Object, java.lang.Object, int)'> (0x00000000c448d028) 
thrown [s\src\hotspot\share\interpreter\linkResolver.cpp, line 773]
Event: 104.508 Thread 0x000001c3610e4e30 Exception <a 'java/lang/NoSuchMethodError'{0x00000000c6b0cfe8}: 'int java.lang.invoke.DirectMethodHandle$Holder.invokeSpecialIFC(java.lang.Object, java.lang.Object, java.lang.Object, java.lang.Object, java.lang.Object)'> (0x00000000c6b0cfe8) 
thrown [s\src\hotspot\share\interpreter\linkResolver.cpp, line 773]
Event: 108.890 Thread 0x000001c3610e4e30 Exception <a 'java/lang/NoSuchMethodError'{0x00000000c6a34678}: 'java.lang.Object java.lang.invoke.DirectMethodHandle$Holder.newInvokeSpecial(java.lang.Object, java.lang.Object, java.lang.Object, java.lang.Object, java.lang.Object, java.lang.Object, java.lang.Object, java.lang.Object, java.lang.Object, java.lang.Object, java.lang.Object, java.lang.Object, java.lang.Object, java.lang.Object, java.lang.Object, java.lang.Object)'> (0x00000000c6a34678) 
thrown [s\src\hotspot\share\interpreter\linkResolver.cpp,
Event: 108.896 Thread 0x000001c3610e4e30 Exception <a 'java/lang/NoSuchMethodError'{0x00000000c6a3b2f0}: 'java.lang.Object java.lang.invoke.DirectMethodHandle$Holder.invokeSpecial(java.lang.Object, java.lang.Object, java.lang.Object, java.lang.Object, java.lang.Object, java.lang.Object, java.lang.Object, java.lang.Object, java.lang.Object, java.lang.Object, java.lang.Object, java.lang.Object, java.lang.Object, java.lang.Object, java.lang.Object, java.lang.Object, java.lang.Object)'> (0x00000000c6a3b2f0) 
thrown [s\src\hotspot\share\interpreter\li
Event: 108.897 Thread 0x000001c3610e4e30 Exception <a 'java/lang/NoSuchMethodError'{0x00000000c6a41180}: 'java.lang.Object java.lang.invoke.DelegatingMethodHandle$Holder.reinvoke_L(java.lang.Object, java.lang.Object, java.lang.Object, java.lang.Object, java.lang.Object, java.lang.Object, java.lang.Object, java.lang.Object, java.lang.Object, java.lang.Object, java.lang.Object, java.lang.Object, java.lang.Object, java.lang.Object, java.lang.Object, java.lang.Object)'> (0x00000000c6a41180) 
thrown [s\src\hotspot\share\interpreter\linkResolver.cpp, l
Event: 114.385 Thread 0x000001c3610e4e30 Implicit null exception at 0x000001c35182ed75 to 0x000001c35182ee50

ZGC Phase Switch (0 events):
No events

VM Operations (20 events):
Event: 110.206 Executing safepoint VM operation: G1TryInitiateConcMark (G1 Humongous Allocation)
Event: 110.212 Executing safepoint VM operation: G1TryInitiateConcMark (G1 Humongous Allocation) done
Event: 110.312 Executing safepoint VM operation: G1PauseRemark
Event: 110.323 Executing safepoint VM operation: G1PauseRemark done
Event: 110.347 Executing safepoint VM operation: G1PauseCleanup
Event: 110.363 Executing safepoint VM operation: G1PauseCleanup done
Event: 111.374 Executing safepoint VM operation: Cleanup
Event: 111.374 Executing safepoint VM operation: Cleanup done
Event: 112.250 Executing safepoint VM operation: G1CollectForAllocation (G1 Evacuation Pause)
Event: 112.261 Executing safepoint VM operation: G1CollectForAllocation (G1 Evacuation Pause) done
Event: 113.262 Executing safepoint VM operation: Cleanup
Event: 113.277 Executing safepoint VM operation: Cleanup done
Event: 114.284 Executing safepoint VM operation: Cleanup
Event: 114.301 Executing safepoint VM operation: Cleanup done
Event: 115.316 Executing safepoint VM operation: Cleanup
Event: 115.333 Executing safepoint VM operation: Cleanup done
Event: 115.754 Executing safepoint VM operation: G1CollectForAllocation (G1 Evacuation Pause)
Event: 115.765 Executing safepoint VM operation: G1CollectForAllocation (G1 Evacuation Pause) done
Event: 115.828 Executing non-safepoint VM operation: HandshakeAllThreads (Deoptimize)
Event: 115.828 Executing non-safepoint VM operation: HandshakeAllThreads (Deoptimize) done

Memory protections (0 events):
No events

Nmethod flushes (20 events):
Event: 110.319 Thread 0x000001c35ca68540 flushing  nmethod 0x000001c34a32a710
Event: 110.319 Thread 0x000001c35ca68540 flushing  nmethod 0x000001c34a3a9f90
Event: 110.319 Thread 0x000001c35ca68540 flushing  nmethod 0x000001c34a3abe90
Event: 110.319 Thread 0x000001c35ca68540 flushing  nmethod 0x000001c34a430d90
Event: 110.319 Thread 0x000001c35ca68540 flushing  nmethod 0x000001c34a434310
Event: 110.319 Thread 0x000001c35ca68540 flushing  nmethod 0x000001c34a4e2210
Event: 110.319 Thread 0x000001c35ca68540 flushing  nmethod 0x000001c34a4e4d90
Event: 110.319 Thread 0x000001c35ca68540 flushing  nmethod 0x000001c34a693210
Event: 110.319 Thread 0x000001c35ca68540 flushing  nmethod 0x000001c3515f2610
Event: 110.319 Thread 0x000001c35ca68540 flushing  nmethod 0x000001c3515f5790
Event: 110.319 Thread 0x000001c35ca68540 flushing  nmethod 0x000001c3515f7310
Event: 110.319 Thread 0x000001c35ca68540 flushing  nmethod 0x000001c3517c8390
Event: 110.319 Thread 0x000001c35ca68540 flushing  nmethod 0x000001c3517c8790
Event: 110.319 Thread 0x000001c35ca68540 flushing  nmethod 0x000001c349a2b410
Event: 110.319 Thread 0x000001c35ca68540 flushing  nmethod 0x000001c349e14a10
Event: 110.319 Thread 0x000001c35ca68540 flushing  nmethod 0x000001c349ebbf10
Event: 110.319 Thread 0x000001c35ca68540 flushing  nmethod 0x000001c349ebcc10
Event: 110.319 Thread 0x000001c35ca68540 flushing  nmethod 0x000001c34a040810
Event: 110.319 Thread 0x000001c35ca68540 flushing  nmethod 0x000001c34a524c10
Event: 110.319 Thread 0x000001c35ca68540 flushing  nmethod 0x000001c34a525e10

Events (20 events):
Event: 66.474 Thread 0x000001c3610e4e30 Thread added: 0x000001c3644f0e00
Event: 77.825 Thread 0x000001c3610e4e30 Thread added: 0x000001c3644f3560
Event: 77.826 Thread 0x000001c3610e4e30 Thread added: 0x000001c3644f2840
Event: 77.827 Thread 0x000001c3610e4e30 Thread added: 0x000001c364d46f80
Event: 77.827 Thread 0x000001c3610e4e30 Thread added: 0x000001c364d46260
Event: 77.828 Thread 0x000001c3610e4e30 Thread added: 0x000001c364d44eb0
Event: 77.829 Thread 0x000001c3610e4e30 Thread added: 0x000001c364d45bd0
Event: 77.829 Thread 0x000001c3610e4e30 Thread added: 0x000001c364d44820
Event: 78.860 Thread 0x000001c3610e4e30 Thread added: 0x000001c364d45540
Event: 78.882 Thread 0x000001c3610e4e30 Thread added: 0x000001c364d468f0
Event: 78.946 Thread 0x000001c3610e4e30 Thread added: 0x000001c364d47610
Event: 78.959 Thread 0x000001c3610e4e30 Thread added: 0x000001c364d44190
Event: 95.883 Thread 0x000001c3610e4e30 Thread added: 0x000001c364d4b120
Event: 95.886 Thread 0x000001c3610e4e30 Thread added: 0x000001c364d49050
Event: 95.887 Thread 0x000001c3610e4e30 Thread added: 0x000001c364d49d70
Event: 95.893 Thread 0x000001c3610e4e30 Thread added: 0x000001c364d48330
Event: 95.898 Thread 0x000001c3610e4e30 Thread added: 0x000001c364d4aa90
Event: 95.900 Thread 0x000001c3610e4e30 Thread added: 0x000001c364d489c0
Event: 95.904 Thread 0x000001c3610e4e30 Thread added: 0x000001c364d47ca0
Event: 109.163 Thread 0x000001c3610e4e30 Thread added: 0x000001c364d4b7b0


Dynamic libraries:
0x00007ff69d5b0000 - 0x00007ff69d5be000 	C:\Users\LENOVO\.antigravity-ide\extensions\redhat.java-1.56.0-win32-x64\jre\21.0.12.1-win32-x86_64\bin\java.exe
0x00007ffba7f40000 - 0x00007ffba81a7000 	C:\WINDOWS\SYSTEM32\ntdll.dll
0x00007ffba6070000 - 0x00007ffba613b000 	C:\WINDOWS\System32\KERNEL32.DLL
0x00007ffba5490000 - 0x00007ffba5892000 	C:\WINDOWS\System32\KERNELBASE.dll
0x00007ffba5140000 - 0x00007ffba528c000 	C:\WINDOWS\System32\ucrtbase.dll
0x00007ffb86800000 - 0x00007ffb86818000 	C:\Users\LENOVO\.antigravity-ide\extensions\redhat.java-1.56.0-win32-x64\jre\21.0.12.1-win32-x86_64\bin\jli.dll
0x00007ffba5e00000 - 0x00007ffba5fcf000 	C:\WINDOWS\System32\USER32.dll
0x00007ffba59e0000 - 0x00007ffba5a07000 	C:\WINDOWS\System32\win32u.dll
0x00007ffba5d80000 - 0x00007ffba5dab000 	C:\WINDOWS\System32\GDI32.dll
0x00007ffba52a0000 - 0x00007ffba53c9000 	C:\WINDOWS\System32\gdi32full.dll
0x00007ffba5930000 - 0x00007ffba59d3000 	C:\WINDOWS\System32\msvcp_win.dll
0x00007ffb8b2d0000 - 0x00007ffb8b2ee000 	C:\Users\LENOVO\.antigravity-ide\extensions\redhat.java-1.56.0-win32-x64\jre\21.0.12.1-win32-x86_64\bin\VCRUNTIME140.dll
0x00007ffb8ec40000 - 0x00007ffb8eed0000 	C:\WINDOWS\WinSxS\amd64_microsoft.windows.common-controls_6595b64144ccf1df_6.0.26100.9278_none_3e0d1ba8e3303201\COMCTL32.dll
0x00007ffba6840000 - 0x00007ffba68e9000 	C:\WINDOWS\System32\msvcrt.dll
0x00007ffba5dc0000 - 0x00007ffba5df1000 	C:\WINDOWS\System32\IMM32.DLL
0x00007ffb933d0000 - 0x00007ffb933dc000 	C:\Users\LENOVO\.antigravity-ide\extensions\redhat.java-1.56.0-win32-x64\jre\21.0.12.1-win32-x86_64\bin\vcruntime140_1.dll
0x00007ffb4a830000 - 0x00007ffb4a8bd000 	C:\Users\LENOVO\.antigravity-ide\extensions\redhat.java-1.56.0-win32-x64\jre\21.0.12.1-win32-x86_64\bin\msvcp140.dll
0x00007ffac5e60000 - 0x00007ffac6c02000 	C:\Users\LENOVO\.antigravity-ide\extensions\redhat.java-1.56.0-win32-x64\jre\21.0.12.1-win32-x86_64\bin\server\jvm.dll
0x00007ffba66f0000 - 0x00007ffba67ac000 	C:\WINDOWS\System32\ADVAPI32.dll
0x00007ffba7e30000 - 0x00007ffba7ed9000 	C:\WINDOWS\System32\sechost.dll
0x00007ffba5c60000 - 0x00007ffba5d78000 	C:\WINDOWS\System32\RPCRT4.dll
0x00007ffba7090000 - 0x00007ffba7110000 	C:\WINDOWS\System32\WS2_32.dll
0x00007ffba4f90000 - 0x00007ffba4fee000 	C:\WINDOWS\SYSTEM32\POWRPROF.dll
0x00007ffb983b0000 - 0x00007ffb983e6000 	C:\WINDOWS\SYSTEM32\WINMM.dll
0x00007ffb93ff0000 - 0x00007ffb93ffb000 	C:\WINDOWS\SYSTEM32\VERSION.dll
0x00007ffba4f70000 - 0x00007ffba4f85000 	C:\WINDOWS\SYSTEM32\UMPDC.dll
0x00007ffba3dd0000 - 0x00007ffba3deb000 	C:\WINDOWS\SYSTEM32\kernel.appcore.dll
0x00007ffb8aef0000 - 0x00007ffb8aefa000 	C:\Users\LENOVO\.antigravity-ide\extensions\redhat.java-1.56.0-win32-x64\jre\21.0.12.1-win32-x86_64\bin\jimage.dll
0x00007ffba2480000 - 0x00007ffba26cc000 	C:\WINDOWS\SYSTEM32\DBGHELP.DLL
0x00007ffba7950000 - 0x00007ffba7cd5000 	C:\WINDOWS\System32\combase.dll
0x00007ffba62c0000 - 0x00007ffba6399000 	C:\WINDOWS\System32\OLEAUT32.dll
0x00007ffb8c4f0000 - 0x00007ffb8c52b000 	C:\WINDOWS\SYSTEM32\dbgcore.DLL
0x00007ffba5a10000 - 0x00007ffba5abc000 	C:\WINDOWS\System32\bcryptPrimitives.dll
0x00007ffb833e0000 - 0x00007ffb833ef000 	C:\Users\LENOVO\.antigravity-ide\extensions\redhat.java-1.56.0-win32-x64\jre\21.0.12.1-win32-x86_64\bin\instrument.dll
0x00007ffb85ab0000 - 0x00007ffb85ad0000 	C:\Users\LENOVO\.antigravity-ide\extensions\redhat.java-1.56.0-win32-x64\jre\21.0.12.1-win32-x86_64\bin\java.dll
0x00007ffba68f0000 - 0x00007ffba7088000 	C:\WINDOWS\System32\SHELL32.dll
0x00007ffba2b60000 - 0x00007ffba340e000 	C:\WINDOWS\SYSTEM32\windows.storage.dll
0x00007ffba7d30000 - 0x00007ffba7e2b000 	C:\WINDOWS\System32\SHCORE.dll
0x00007ffba67d0000 - 0x00007ffba6836000 	C:\WINDOWS\System32\shlwapi.dll
0x00007ffba5060000 - 0x00007ffba5089000 	C:\WINDOWS\SYSTEM32\profapi.dll
0x00007ffb72140000 - 0x00007ffb72158000 	C:\Users\LENOVO\.antigravity-ide\extensions\redhat.java-1.56.0-win32-x64\jre\21.0.12.1-win32-x86_64\bin\zip.dll
0x00007ffb833f0000 - 0x00007ffb83400000 	C:\Users\LENOVO\.antigravity-ide\extensions\redhat.java-1.56.0-win32-x64\jre\21.0.12.1-win32-x86_64\bin\net.dll
0x00007ffb9d7d0000 - 0x00007ffb9d8fa000 	C:\WINDOWS\SYSTEM32\WINHTTP.dll
0x00007ffba4370000 - 0x00007ffba43dc000 	C:\WINDOWS\system32\mswsock.dll
0x00007ffb721a0000 - 0x00007ffb721b6000 	C:\Users\LENOVO\.antigravity-ide\extensions\redhat.java-1.56.0-win32-x64\jre\21.0.12.1-win32-x86_64\bin\nio.dll
0x00007ffb72520000 - 0x00007ffb72530000 	C:\Users\LENOVO\.antigravity-ide\extensions\redhat.java-1.56.0-win32-x64\jre\21.0.12.1-win32-x86_64\bin\verify.dll
0x00007ffb4bb90000 - 0x00007ffb4bbb7000 	C:\Users\LENOVO\.gradle\native\1def1411415f61bf3af743bc5b6707747c0891f09f0c88961ee8f79bc544acac\windows-amd64\native-platform.dll
0x00007ffb4a110000 - 0x00007ffb4a188000 	C:\Users\LENOVO\.gradle\native\0.2.7\x86_64-windows-gnu\gradle-fileevents.dll
0x00007ffb72160000 - 0x00007ffb7216a000 	C:\Users\LENOVO\.antigravity-ide\extensions\redhat.java-1.56.0-win32-x64\jre\21.0.12.1-win32-x86_64\bin\management.dll
0x00007ffb6c490000 - 0x00007ffb6c49c000 	C:\Users\LENOVO\.antigravity-ide\extensions\redhat.java-1.56.0-win32-x64\jre\21.0.12.1-win32-x86_64\bin\management_ext.dll
0x00007ffba5db0000 - 0x00007ffba5db8000 	C:\WINDOWS\System32\PSAPI.DLL
0x00007ffba3780000 - 0x00007ffba37b3000 	C:\WINDOWS\SYSTEM32\IPHLPAPI.DLL
0x00007ffba7120000 - 0x00007ffba712a000 	C:\WINDOWS\System32\NSI.dll
0x00007ffb66b60000 - 0x00007ffb66b69000 	C:\Users\LENOVO\.antigravity-ide\extensions\redhat.java-1.56.0-win32-x64\jre\21.0.12.1-win32-x86_64\bin\extnet.dll
0x00007ffba4790000 - 0x00007ffba47ab000 	C:\WINDOWS\SYSTEM32\CRYPTSP.dll
0x00007ffba3d30000 - 0x00007ffba3d69000 	C:\WINDOWS\system32\rsaenh.dll
0x00007ffba4420000 - 0x00007ffba4454000 	C:\WINDOWS\SYSTEM32\USERENV.dll
0x00007ffba5030000 - 0x00007ffba505a000 	C:\WINDOWS\SYSTEM32\bcrypt.dll
0x00007ffba45d0000 - 0x00007ffba45dc000 	C:\WINDOWS\SYSTEM32\CRYPTBASE.dll
0x00007ffb4ab20000 - 0x00007ffb4ab2e000 	C:\Users\LENOVO\.antigravity-ide\extensions\redhat.java-1.56.0-win32-x64\jre\21.0.12.1-win32-x86_64\bin\sunmscapi.dll
0x00007ffba5ad0000 - 0x00007ffba5c4e000 	C:\WINDOWS\System32\CRYPT32.dll
0x00007ffba4900000 - 0x00007ffba4930000 	C:\WINDOWS\SYSTEM32\ncrypt.dll
0x00007ffba48b0000 - 0x00007ffba48ef000 	C:\WINDOWS\SYSTEM32\NTASN1.dll
0x00007ffb7b120000 - 0x00007ffb7b128000 	C:\WINDOWS\system32\wshunix.dll

JVMTI agents:
C:\Users\LENOVO\.gradle\wrapper\dists\gradle-8.14-bin\38aieal9i53h9rfe7vjup95b9\gradle-8.14\lib\agents\gradle-instrumentation-agent-8.14.jar path:C:\Users\LENOVO\.antigravity-ide\extensions\redhat.java-1.56.0-win32-x64\jre\21.0.12.1-win32-x86_64\bin\instrument.dll, loaded, initialized, instrumentlib options:none

dbghelp: loaded successfully - version: 4.0.5 - missing functions: none
symbol engine: initialized successfully - sym options: 0x614 - pdb path: .;C:\Users\LENOVO\.antigravity-ide\extensions\redhat.java-1.56.0-win32-x64\jre\21.0.12.1-win32-x86_64\bin;C:\WINDOWS\SYSTEM32;C:\WINDOWS\WinSxS\amd64_microsoft.windows.common-controls_6595b64144ccf1df_6.0.26100.9278_none_3e0d1ba8e3303201;C:\Users\LENOVO\.antigravity-ide\extensions\redhat.java-1.56.0-win32-x64\jre\21.0.12.1-win32-x86_64\bin\server;C:\Users\LENOVO\.gradle\native\1def1411415f61bf3af743bc5b6707747c0891f09f0c88961ee8f79bc544acac\windows-amd64;C:\Users\LENOVO\.gradle\native\0.2.7\x86_64-windows-gnu

VM Arguments:
jvm_args: --add-opens=java.base/java.lang=ALL-UNNAMED --add-opens=java.base/java.lang.invoke=ALL-UNNAMED --add-opens=java.base/java.util=ALL-UNNAMED --add-opens=java.prefs/java.util.prefs=ALL-UNNAMED --add-exports=jdk.compiler/com.sun.tools.javac.api=ALL-UNNAMED --add-exports=jdk.compiler/com.sun.tools.javac.util=ALL-UNNAMED --add-opens=java.base/java.util=ALL-UNNAMED --add-opens=java.prefs/java.util.prefs=ALL-UNNAMED --add-opens=java.base/java.nio.charset=ALL-UNNAMED --add-opens=java.base/java.net=ALL-UNNAMED --add-opens=java.base/java.util.concurrent.atomic=ALL-UNNAMED --add-opens=java.xml/javax.xml.namespace=ALL-UNNAMED -Xmx1024m -Dfile.encoding=UTF-8 -Duser.country=US -Duser.language=en -Duser.variant -javaagent:C:\Users\LENOVO\.gradle\wrapper\dists\gradle-8.14-bin\38aieal9i53h9rfe7vjup95b9\gradle-8.14\lib\agents\gradle-instrumentation-agent-8.14.jar 
java_command: org.gradle.launcher.daemon.bootstrap.GradleDaemon 8.14
java_class_path (initial): C:\Users\LENOVO\.gradle\wrapper\dists\gradle-8.14-bin\38aieal9i53h9rfe7vjup95b9\gradle-8.14\lib\gradle-daemon-main-8.14.jar
Launcher Type: SUN_STANDARD

[Global flags]
     intx CICompilerCount                          = 4                                         {product} {ergonomic}
     uint ConcGCThreads                            = 2                                         {product} {ergonomic}
     uint G1ConcRefinementThreads                  = 8                                         {product} {ergonomic}
   size_t G1HeapRegionSize                         = 1048576                                   {product} {ergonomic}
    uintx GCDrainStackTargetSize                   = 64                                        {product} {ergonomic}
   size_t InitialHeapSize                          = 98566144                                  {product} {ergonomic}
   size_t MarkStackSize                            = 4194304                                   {product} {ergonomic}
   size_t MaxHeapSize                              = 1073741824                                {product} {command line}
   size_t MaxNewSize                               = 643825664                                 {product} {ergonomic}
   size_t MinHeapDeltaBytes                        = 1048576                                   {product} {ergonomic}
   size_t MinHeapSize                              = 8388608                                   {product} {ergonomic}
    uintx NonNMethodCodeHeapSize                   = 5839372                                {pd product} {ergonomic}
    uintx NonProfiledCodeHeapSize                  = 122909434                              {pd product} {ergonomic}
    uintx ProfiledCodeHeapSize                     = 122909434                              {pd product} {ergonomic}
    uintx ReservedCodeCacheSize                    = 251658240                              {pd product} {ergonomic}
     bool SegmentedCodeCache                       = true                                      {product} {ergonomic}
   size_t SoftMaxHeapSize                          = 1073741824                             {manageable} {ergonomic}
     bool UseCompressedOops                        = true                           {product lp64_product} {ergonomic}
     bool UseG1GC                                  = true                                      {product} {ergonomic}
     bool UseLargePagesIndividualAllocation        = false                                  {pd product} {ergonomic}

Logging:
Log output configuration:
 #0: stdout all=warning uptime,level,tags foldmultilines=false
 #1: stderr all=off uptime,level,tags foldmultilines=false

Release file:
JAVA_VERSION="21.0.12.1" 
MODULES="java.base java.compiler java.datatransfer java.xml java.prefs java.desktop java.instrument java.logging java.management java.security.sasl java.naming java.rmi java.management.rmi java.net.http java.scripting java.security.jgss java.transaction.xa java.sql java.sql.rowset java.xml.crypto java.se java.smartcardio jdk.accessibility jdk.internal.jvmstat jdk.attach jdk.charsets jdk.internal.opt jdk.zipfs jdk.compiler jdk.crypto.ec jdk.crypto.cryptoki jdk.crypto.mscapi jdk.dynalink jdk.internal.ed jdk.editpad jdk.hotspot.agent jdk.httpserver jdk.internal.le jdk.internal.vm.ci jdk.internal.vm.compiler jdk.internal.vm.compiler.management jdk.jartool jdk.javadoc jdk.jcmd jdk.management jdk.management.agent jdk.jconsole jdk.jdeps jdk.jdwp.agent jdk.jdi jdk.jfr jdk.jshell jdk.jsobject jdk.jstatd jdk.localedata jdk.management.jfr jdk.naming.dns jdk.naming.rmi jdk.net jdk.nio.mapmode jdk.random jdk.sctp jdk.security.auth jdk.security.jgss jdk.unsupported jdk.unsupported.desktop jdk.xml.dom" 

Environment Variables:
JAVA_HOME=C:\Program Files\Android\Android Studio\jbr
PATH=C:\WINDOWS\system32;C:\WINDOWS;C:\WINDOWS\System32\Wbem;C:\WINDOWS\System32\WindowsPowerShell\v1.0\;C:\WINDOWS\System32\OpenSSH\;C:\Program Files\Docker\Docker\resources\bin;C:\Program Files\nodejs\;C:\Program Files\Git\cmd;C:\Users\LENOVO\AppData\Local\Programs\Python\Python312\Scripts\;C:\Users\LENOVO\AppData\Local\Programs\Python\Python312\;C:\Users\LENOVO\AppData\Local\Programs\Python\Launcher\;C:\Users\LENOVO\AppData\Local\Programs\Python\Python314\Scripts\;C:\Users\LENOVO\AppData\Local\Programs\Python\Python314\;C:\Users\LENOVO\AppData\Local\Microsoft\WindowsApps;C:\Users\LENOVO\AppData\Local\Programs\Antigravity\bin;C:\Users\LENOVO\AppData\Roaming\npm;C:\ScrcpyLauncher by praveen;C:\Users\LENOVO\AppData\Local\PowerToys\DSCModules\;C:\Users\LENOVO\AppData\Local\Programs\Antigravity IDE\bin
USERNAME=LENOVO
OS=Windows_NT
PROCESSOR_IDENTIFIER=AMD64 Family 23 Model 160 Stepping 0, AuthenticAMD
TMP=C:\Users\LENOVO\AppData\Local\Temp
TEMP=C:\Users\LENOVO\AppData\Local\Temp




Periodic native trim disabled

---------------  S Y S T E M  ---------------

OS:
 Windows 11 , 64 bit Build 26100 (10.0.26100.9444)
OS uptime: 3 days 16:55 hours
Hyper-V role detected

CPU: total 8 (initial active 8) (8 cores per cpu, 2 threads per core) family 23 model 160 stepping 0 microcode 0x8a0000a, cx8, cmov, fxsr, ht, mmx, 3dnowpref, sse, sse2, sse3, ssse3, sse4a, sse4.1, sse4.2, popcnt, lzcnt, tsc, tscinvbit, avx, avx2, aes, clmul, bmi1, bmi2, adx, sha, fma, vzeroupper, clflush, clflushopt, hv, rdtscp, rdpid, f16c
Processor Information for the first 8 processors :
  Max Mhz: 2401, Current Mhz: 2401, Mhz Limit: 2401

Memory: 4k page, system-wide physical 5965M (32M free)
TotalPageFile size 24397M (AvailPageFile size 2M)
current process WorkingSet (physical memory assigned to process): 240M, peak: 248M
current process commit charge ("private bytes"): 380M, peak: 381M

vm_info: OpenJDK 64-Bit Server VM (21.0.12.1+1-LTS) for windows-amd64 JRE (21.0.12.1+1-LTS), built on 2026-08-18T00:00:00Z by "admin" with MS VC++ 17.12 (VS2022)

END.
