#
# There is insufficient memory for the Java Runtime Environment to continue.
# Native memory allocation (malloc) failed to allocate 440896 bytes. Error detail: Chunk::new
# Possible reasons:
#   The system is out of physical RAM or swap space
#   This process is running with CompressedOops enabled, and the Java Heap may be blocking the growth of the native heap
# Possible solutions:
#   Reduce memory load on the system
#   Increase physical memory or swap space
#   Check if swap backing store is full
#   Decrease Java heap size (-Xmx/-Xms)
#   Decrease number of Java threads
#   Decrease Java thread stack sizes (-Xss)
#   Set larger code cache with -XX:ReservedCodeCacheSize=
#   JVM is running with Unscaled Compressed Oops mode in which the Java heap is
#     placed in the first 4GB address space. The Java Heap base address is the
#     maximum limit for the native heap growth. Please use -XX:HeapBaseMinAddress
#     to set the Java Heap base and to place the Java Heap above 4GB virtual address.
# This output file may be truncated or incomplete.
#
#  Out of Memory Error (arena.cpp:168), pid=28708, tid=29876
#
# JRE version: OpenJDK Runtime Environment Temurin-21.0.12.1+1 (21.0.12.1+1) (build 21.0.12.1+1-LTS)
# Java VM: OpenJDK 64-Bit Server VM Temurin-21.0.12.1+1 (21.0.12.1+1-LTS, mixed mode, sharing, tiered, compressed oops, compressed class ptrs, g1 gc, windows-amd64)
# No core dump will be written. Minidumps are not enabled by default on client versions of Windows
#

---------------  S U M M A R Y ------------

Command Line: --add-opens=java.base/java.lang=ALL-UNNAMED --add-opens=java.base/java.lang.invoke=ALL-UNNAMED --add-opens=java.base/java.util=ALL-UNNAMED --add-opens=java.prefs/java.util.prefs=ALL-UNNAMED --add-exports=jdk.compiler/com.sun.tools.javac.api=ALL-UNNAMED --add-exports=jdk.compiler/com.sun.tools.javac.util=ALL-UNNAMED --add-opens=java.base/java.util=ALL-UNNAMED --add-opens=java.prefs/java.util.prefs=ALL-UNNAMED --add-opens=java.base/java.nio.charset=ALL-UNNAMED --add-opens=java.base/java.net=ALL-UNNAMED --add-opens=java.base/java.util.concurrent.atomic=ALL-UNNAMED --add-opens=java.xml/javax.xml.namespace=ALL-UNNAMED -Xmx1024m -Dfile.encoding=UTF-8 -Duser.country=US -Duser.language=en -Duser.variant -javaagent:C:\Users\LENOVO\.gradle\wrapper\dists\gradle-8.14-bin\38aieal9i53h9rfe7vjup95b9\gradle-8.14\lib\agents\gradle-instrumentation-agent-8.14.jar org.gradle.launcher.daemon.bootstrap.GradleDaemon 8.14

Host: AMD Ryzen 3 7320U with Radeon Graphics         , 8 cores, 5G,  Windows 11 , 64 bit Build 26100 (10.0.26100.9444)
Time: Mon Sep 28 13:31:32 2026 Nepal Standard Time elapsed time: 37.269029 seconds (0d 0h 0m 37s)

---------------  T H R E A D  ---------------

Current thread (0x000002869c660bc0):  JavaThread "C2 CompilerThread0" daemon [_thread_in_native, id=29876, stack(0x000000e387d00000,0x000000e387e00000) (1024K)]


Current CompileTask:
C2:37269 8168       4       org.gradle.cache.internal.btree.BTreePersistentIndexedCache$IndexBlock::find (140 bytes)

Stack: [0x000000e387d00000,0x000000e387e00000]
Native frames: (J=compiled Java code, j=interpreted, Vv=VM code, C=native code)
V  [jvm.dll+0x6d83e9]
V  [jvm.dll+0x8b5736]
V  [jvm.dll+0x8b7cee]
V  [jvm.dll+0x8b83d3]
V  [jvm.dll+0x284596]
V  [jvm.dll+0xc685d]
V  [jvm.dll+0xc6da1]
V  [jvm.dll+0x3bf18b]
V  [jvm.dll+0x38b6d2]
V  [jvm.dll+0x38ab1a]
V  [jvm.dll+0x24c700]
V  [jvm.dll+0x24bce0]
V  [jvm.dll+0x1cb4ae]
V  [jvm.dll+0x25baad]
V  [jvm.dll+0x25a03a]
V  [jvm.dll+0x3f8aae]
V  [jvm.dll+0x8600cd]
V  [jvm.dll+0x6d6c1d]
C  [ucrtbase.dll+0x2cd30]
C  [KERNEL32.DLL+0x2cd87]
C  [ntdll.dll+0xacaec]


---------------  P R O C E S S  ---------------

Threads class SMR info:
_java_thread_list=0x00000286e63277c0, length=56, elements={
0x0000028686332280, 0x000002869c6582e0, 0x000002869c659a60, 0x000002869c65d1f0,
0x000002869c65dc50, 0x000002869c65f3d0, 0x000002869c65fe30, 0x000002869c660bc0,
0x000002869c664dc0, 0x000002869c8a9160, 0x000002869c90f3c0, 0x00000286e286fb40,
0x00000286e286e100, 0x00000286e286e790, 0x00000286e286ee20, 0x00000286e2870860,
0x00000286e286f4b0, 0x00000286e37b87b0, 0x00000286e37ba1f0, 0x00000286e37b9b60,
0x00000286e37b8120, 0x00000286e37ba880, 0x00000286e37b7400, 0x00000286e37b8e40,
0x00000286e37b7a90, 0x00000286e37bc950, 0x00000286e37bc2c0, 0x00000286e37bb5a0,
0x00000286e37b94d0, 0x00000286e37bcfe0, 0x00000286e37bdd00, 0x00000286e37bd670,
0x00000286e37be390, 0x00000286e37bbc30, 0x00000286e2871580, 0x00000286e6236b70,
0x00000286e62336f0, 0x00000286e62357c0, 0x00000286e6237200, 0x00000286e6235e50,
0x00000286e6237890, 0x00000286e6234410, 0x00000286e6237f20, 0x00000286e6234aa0,
0x00000286e6239960, 0x00000286e6239ff0, 0x00000286e623a680, 0x00000286e62392d0,
0x00000286e62385b0, 0x00000286e6238c40, 0x00000286e4f85f00, 0x00000286e4f86590,
0x00000286e4f83110, 0x00000286e4f844c0, 0x00000286e4f851e0, 0x00000286e4f85870
}

Java Threads: ( => current thread )
  0x0000028686332280 JavaThread "main"                              [_thread_blocked, id=31960, stack(0x000000e386f00000,0x000000e387000000) (1024K)]
  0x000002869c6582e0 JavaThread "Reference Handler"          daemon [_thread_blocked, id=15856, stack(0x000000e387700000,0x000000e387800000) (1024K)]
  0x000002869c659a60 JavaThread "Finalizer"                  daemon [_thread_blocked, id=32604, stack(0x000000e387800000,0x000000e387900000) (1024K)]
  0x000002869c65d1f0 JavaThread "Signal Dispatcher"          daemon [_thread_blocked, id=25892, stack(0x000000e387900000,0x000000e387a00000) (1024K)]
  0x000002869c65dc50 JavaThread "Attach Listener"            daemon [_thread_blocked, id=10860, stack(0x000000e387a00000,0x000000e387b00000) (1024K)]
  0x000002869c65f3d0 JavaThread "Service Thread"             daemon [_thread_blocked, id=22020, stack(0x000000e387b00000,0x000000e387c00000) (1024K)]
  0x000002869c65fe30 JavaThread "Monitor Deflation Thread"   daemon [_thread_blocked, id=2736, stack(0x000000e387c00000,0x000000e387d00000) (1024K)]
=>0x000002869c660bc0 JavaThread "C2 CompilerThread0"         daemon [_thread_in_native, id=29876, stack(0x000000e387d00000,0x000000e387e00000) (1024K)]
  0x000002869c664dc0 JavaThread "C1 CompilerThread0"         daemon [_thread_blocked, id=25812, stack(0x000000e387e00000,0x000000e387f00000) (1024K)]
  0x000002869c8a9160 JavaThread "Common-Cleaner"             daemon [_thread_blocked, id=20088, stack(0x000000e387f00000,0x000000e388000000) (1024K)]
  0x000002869c90f3c0 JavaThread "Notification Thread"        daemon [_thread_blocked, id=6364, stack(0x000000e388000000,0x000000e388100000) (1024K)]
  0x00000286e286fb40 JavaThread "Daemon health stats"               [_thread_blocked, id=26812, stack(0x000000e388500000,0x000000e388600000) (1024K)]
  0x00000286e286e100 JavaThread "Incoming local TCP Connector on port 34276"        [_thread_in_native, id=13676, stack(0x000000e388600000,0x000000e388700000) (1024K)]
  0x00000286e286e790 JavaThread "Daemon periodic checks"            [_thread_blocked, id=29384, stack(0x000000e388700000,0x000000e388800000) (1024K)]
  0x00000286e286ee20 JavaThread "Daemon"                            [_thread_blocked, id=14048, stack(0x000000e388800000,0x000000e388900000) (1024K)]
  0x00000286e2870860 JavaThread "Handler for socket connection from /127.0.0.1:34276 to /127.0.0.1:34277"        [_thread_in_native, id=32576, stack(0x000000e388900000,0x000000e388a00000) (1024K)]
  0x00000286e286f4b0 JavaThread "Cancel handler"                    [_thread_blocked, id=7104, stack(0x000000e388a00000,0x000000e388b00000) (1024K)]
  0x00000286e37b87b0 JavaThread "Daemon worker"                     [_thread_blocked, id=5772, stack(0x000000e388b00000,0x000000e388c00000) (1024K)]
  0x00000286e37ba1f0 JavaThread "Asynchronous log dispatcher for DefaultDaemonConnection: socket connection from /127.0.0.1:34276 to /127.0.0.1:34277"        [_thread_blocked, id=31948, stack(0x000000e388c00000,0x000000e388d00000) (1024K)]
  0x00000286e37b9b60 JavaThread "Stdin handler"                     [_thread_blocked, id=14444, stack(0x000000e388d00000,0x000000e388e00000) (1024K)]
  0x00000286e37b8120 JavaThread "Daemon client event forwarder"        [_thread_blocked, id=31920, stack(0x000000e388e00000,0x000000e388f00000) (1024K)]
  0x00000286e37ba880 JavaThread "Cache worker for journal cache (C:\Users\LENOVO\.gradle\caches\journal-1)"        [_thread_blocked, id=24728, stack(0x000000e389200000,0x000000e389300000) (1024K)]
  0x00000286e37b7400 JavaThread "File lock request listener"        [_thread_in_native, id=30772, stack(0x000000e389300000,0x000000e389400000) (1024K)]
  0x00000286e37b8e40 JavaThread "File lock release action executor"        [_thread_blocked, id=32344, stack(0x000000e389400000,0x000000e389500000) (1024K)]
  0x00000286e37b7a90 JavaThread "Cache worker for file hash cache (C:\Users\LENOVO\.gradle\caches\8.14\fileHashes)"        [_thread_blocked, id=15444, stack(0x000000e389500000,0x000000e389600000) (1024K)]
  0x00000286e37bc950 JavaThread "Cache worker for file hash cache (C:\Users\LENOVO\Desktop\HeliBoard-main\.gradle\8.14\fileHashes)"        [_thread_blocked, id=30396, stack(0x000000e389700000,0x000000e389800000) (1024K)]
  0x00000286e37bc2c0 JavaThread "Cache worker for Build Output Cleanup Cache (C:\Users\LENOVO\Desktop\HeliBoard-main\.gradle\buildOutputCleanup)"        [_thread_blocked, id=15232, stack(0x000000e389800000,0x000000e389900000) (1024K)]
  0x00000286e37bb5a0 JavaThread "File watcher server"        daemon [_thread_in_native, id=27248, stack(0x000000e389900000,0x000000e389a00000) (1024K)]
  0x00000286e37b94d0 JavaThread "File watcher consumer"      daemon [_thread_blocked, id=26580, stack(0x000000e389a00000,0x000000e389b00000) (1024K)]
  0x00000286e37bcfe0 JavaThread "jar transforms"                    [_thread_blocked, id=32028, stack(0x000000e389b00000,0x000000e389c00000) (1024K)]
  0x00000286e37bdd00 JavaThread "jar transforms Thread 2"           [_thread_blocked, id=31360, stack(0x000000e389c00000,0x000000e389d00000) (1024K)]
  0x00000286e37bd670 JavaThread "Cache worker for checksums cache (C:\Users\LENOVO\Desktop\HeliBoard-main\.gradle\8.14\checksums)"        [_thread_blocked, id=22476, stack(0x000000e389d00000,0x000000e389e00000) (1024K)]
  0x00000286e37be390 JavaThread "Cache worker for file content cache (C:\Users\LENOVO\.gradle\caches\8.14\fileContent)"        [_thread_blocked, id=12196, stack(0x000000e389e00000,0x000000e389f00000) (1024K)]
  0x00000286e37bbc30 JavaThread "Cache worker for cache directory md-supplier (C:\Users\LENOVO\.gradle\caches\8.14\md-supplier)"        [_thread_blocked, id=26544, stack(0x000000e389f00000,0x000000e38a000000) (1024K)]
  0x00000286e2871580 JavaThread "Cache worker for cache directory md-rule (C:\Users\LENOVO\.gradle\caches\8.14\md-rule)"        [_thread_blocked, id=31844, stack(0x000000e38a000000,0x000000e38a100000) (1024K)]
  0x00000286e6236b70 JavaThread "Unconstrained build operations"        [_thread_blocked, id=28008, stack(0x000000e38a100000,0x000000e38a200000) (1024K)]
  0x00000286e62336f0 JavaThread "Unconstrained build operations Thread 2"        [_thread_blocked, id=32456, stack(0x000000e38a200000,0x000000e38a300000) (1024K)]
  0x00000286e62357c0 JavaThread "Unconstrained build operations Thread 3"        [_thread_blocked, id=31772, stack(0x000000e38a300000,0x000000e38a400000) (1024K)]
  0x00000286e6237200 JavaThread "Unconstrained build operations Thread 4"        [_thread_blocked, id=32560, stack(0x000000e38a400000,0x000000e38a500000) (1024K)]
  0x00000286e6235e50 JavaThread "Unconstrained build operations Thread 5"        [_thread_blocked, id=27420, stack(0x000000e38a500000,0x000000e38a600000) (1024K)]
  0x00000286e6237890 JavaThread "Unconstrained build operations Thread 6"        [_thread_blocked, id=15140, stack(0x000000e38a600000,0x000000e38a700000) (1024K)]
  0x00000286e6234410 JavaThread "Unconstrained build operations Thread 7"        [_thread_blocked, id=5508, stack(0x000000e38a700000,0x000000e38a800000) (1024K)]
  0x00000286e6237f20 JavaThread "Unconstrained build operations Thread 8"        [_thread_blocked, id=8524, stack(0x000000e38a800000,0x000000e38a900000) (1024K)]
  0x00000286e6234aa0 JavaThread "Unconstrained build operations Thread 9"        [_thread_blocked, id=32564, stack(0x000000e38a900000,0x000000e38aa00000) (1024K)]
  0x00000286e6239960 JavaThread "Unconstrained build operations Thread 10"        [_thread_blocked, id=22444, stack(0x000000e38aa00000,0x000000e38ab00000) (1024K)]
  0x00000286e6239ff0 JavaThread "Unconstrained build operations Thread 11"        [_thread_blocked, id=18656, stack(0x000000e38ab00000,0x000000e38ac00000) (1024K)]
  0x00000286e623a680 JavaThread "Unconstrained build operations Thread 12"        [_thread_blocked, id=26948, stack(0x000000e38ac00000,0x000000e38ad00000) (1024K)]
  0x00000286e62392d0 JavaThread "Unconstrained build operations Thread 13"        [_thread_blocked, id=6200, stack(0x000000e38ad00000,0x000000e38ae00000) (1024K)]
  0x00000286e62385b0 JavaThread "Unconstrained build operations Thread 14"        [_thread_blocked, id=8352, stack(0x000000e38ae00000,0x000000e38af00000) (1024K)]
  0x00000286e6238c40 JavaThread "Unconstrained build operations Thread 15"        [_thread_blocked, id=31944, stack(0x000000e38af00000,0x000000e38b000000) (1024K)]
  0x00000286e4f85f00 JavaThread "Unconstrained build operations Thread 16"        [_thread_blocked, id=23268, stack(0x000000e38b000000,0x000000e38b100000) (1024K)]
  0x00000286e4f86590 JavaThread "Unconstrained build operations Thread 17"        [_thread_blocked, id=20468, stack(0x000000e38b100000,0x000000e38b200000) (1024K)]
  0x00000286e4f83110 JavaThread "Unconstrained build operations Thread 18"        [_thread_blocked, id=32728, stack(0x000000e38b200000,0x000000e38b300000) (1024K)]
  0x00000286e4f844c0 JavaThread "Unconstrained build operations Thread 19"        [_thread_blocked, id=31904, stack(0x000000e38b300000,0x000000e38b400000) (1024K)]
  0x00000286e4f851e0 JavaThread "Unconstrained build operations Thread 20"        [_thread_blocked, id=18592, stack(0x000000e38b400000,0x000000e38b500000) (1024K)]
  0x00000286e4f85870 JavaThread "Unconstrained build operations Thread 21"        [_thread_blocked, id=22676, stack(0x000000e38b500000,0x000000e38b600000) (1024K)]
Total: 56

Other Threads:
  0x000002869c63a9f0 VMThread "VM Thread"                           [id=27388, stack(0x000000e387600000,0x000000e387700000) (1024K)]
  0x000002869c6282e0 WatcherThread "VM Periodic Task Thread"        [id=16032, stack(0x000000e387500000,0x000000e387600000) (1024K)]
  0x000002868636a8e0 WorkerThread "GC Thread#0"                     [id=22004, stack(0x000000e387000000,0x000000e387100000) (1024K)]
  0x00000286e203a370 WorkerThread "GC Thread#1"                     [id=28460, stack(0x000000e388100000,0x000000e388200000) (1024K)]
  0x00000286e206ad20 WorkerThread "GC Thread#2"                     [id=19608, stack(0x000000e388200000,0x000000e388300000) (1024K)]
  0x00000286e29b9720 WorkerThread "GC Thread#3"                     [id=26744, stack(0x000000e388300000,0x000000e388400000) (1024K)]
  0x00000286e29b9ad0 WorkerThread "GC Thread#4"                     [id=17256, stack(0x000000e388400000,0x000000e388500000) (1024K)]
  0x00000286e2a57410 WorkerThread "GC Thread#5"                     [id=32272, stack(0x000000e388f00000,0x000000e389000000) (1024K)]
  0x00000286e3901130 WorkerThread "GC Thread#6"                     [id=18664, stack(0x000000e389000000,0x000000e389100000) (1024K)]
  0x00000286e39014e0 WorkerThread "GC Thread#7"                     [id=14212, stack(0x000000e389100000,0x000000e389200000) (1024K)]
  0x00000286863718c0 ConcurrentGCThread "G1 Main Marker"            [id=7328, stack(0x000000e387100000,0x000000e387200000) (1024K)]
  0x000002868410d4d0 WorkerThread "G1 Conc#0"                       [id=23452, stack(0x000000e387200000,0x000000e387300000) (1024K)]
  0x00000286e4196420 WorkerThread "G1 Conc#1"                       [id=23152, stack(0x000000e389600000,0x000000e389700000) (1024K)]
  0x000002869c5010a0 ConcurrentGCThread "G1 Refine#0"               [id=24476, stack(0x000000e387300000,0x000000e387400000) (1024K)]
  0x000002869c501b20 ConcurrentGCThread "G1 Service"                [id=26176, stack(0x000000e387400000,0x000000e387500000) (1024K)]
Total: 15

Threads with active compile tasks:
C2 CompilerThread0  37319 8168       4       org.gradle.cache.internal.btree.BTreePersistentIndexedCache$IndexBlock::find (140 bytes)
Total: 1

VM state: not at safepoint (normal execution)

VM Mutex/Monitor currently owned by a thread: None

Heap address: 0x00000000c0000000, size: 1024 MB, Compressed Oops mode: 32-bit

CDS archive(s) mapped at: [0x000002869d000000-0x000002869dba0000-0x000002869dba0000), size 12189696, SharedBaseAddress: 0x000002869d000000, ArchiveRelocationMode: 1.
Compressed class space mapped at: 0x000002869e000000-0x00000286de000000, reserved size: 1073741824
Narrow klass base: 0x000002869d000000, Narrow klass shift: 0, Narrow klass range: 0x100000000

GC Precious Log:
 CardTable entry size: 512
 Card Set container configuration: InlinePtr #cards 5 size 8 Array Of Cards #cards 12 size 40 Howl #buckets 4 coarsen threshold 1843 Howl Bitmap #cards 512 size 80 coarsen threshold 460 Card regions per heap region 1 cards per card region 2048
 CPUs: 8 total, 8 available
 Memory: 5965M
 Large Page Support: Disabled
 NUMA Support: Disabled
 Compressed Oops: Enabled (32-bit)
 Heap Region Size: 1M
 Heap Min Capacity: 8M
 Heap Initial Capacity: 94M
 Heap Max Capacity: 1G
 Pre-touch: Disabled
 Parallel Workers: 8
 Concurrent Workers: 2
 Concurrent Refinement Workers: 8
 Periodic GC: Disabled

Heap:
 garbage-first heap   total 87040K, used 68311K [0x00000000c0000000, 0x0000000100000000)
  region size 1024K, 23 young (23552K), 2 survivors (2048K)
 Metaspace       used 55277K, committed 57024K, reserved 1114112K
  class space    used 7895K, committed 8768K, reserved 1048576K

Heap Regions: E=young(eden), S=young(survivor), O=old, HS=humongous(starts), HC=humongous(continues), CS=collection set, F=free, TAMS=top-at-mark-start, PB=parsable bottom
|   0|0x00000000c0000000, 0x00000000c0100000, 0x00000000c0100000|100%|HS|  |TAMS 0x00000000c0000000| PB 0x00000000c0000000| Complete 
|   1|0x00000000c0100000, 0x00000000c0200000, 0x00000000c0200000|100%|HC|  |TAMS 0x00000000c0100000| PB 0x00000000c0100000| Complete 
|   2|0x00000000c0200000, 0x00000000c0300000, 0x00000000c0300000|100%|HC|  |TAMS 0x00000000c0200000| PB 0x00000000c0200000| Complete 
|   3|0x00000000c0300000, 0x00000000c0400000, 0x00000000c0400000|100%| O|  |TAMS 0x00000000c0300000| PB 0x00000000c0300000| Untracked 
|   4|0x00000000c0400000, 0x00000000c0500000, 0x00000000c0500000|100%| O|  |TAMS 0x00000000c0400000| PB 0x00000000c0400000| Untracked 
|   5|0x00000000c0500000, 0x00000000c0600000, 0x00000000c0600000|100%| O|  |TAMS 0x00000000c0500000| PB 0x00000000c0500000| Untracked 
|   6|0x00000000c0600000, 0x00000000c0700000, 0x00000000c0700000|100%|HS|  |TAMS 0x00000000c0600000| PB 0x00000000c0600000| Complete 
|   7|0x00000000c0700000, 0x00000000c0800000, 0x00000000c0800000|100%| O|  |TAMS 0x00000000c0700000| PB 0x00000000c0700000| Untracked 
|   8|0x00000000c0800000, 0x00000000c0900000, 0x00000000c0900000|100%| O|  |TAMS 0x00000000c0800000| PB 0x00000000c0800000| Untracked 
|   9|0x00000000c0900000, 0x00000000c0a00000, 0x00000000c0a00000|100%| O|  |TAMS 0x00000000c0900000| PB 0x00000000c0900000| Untracked 
|  10|0x00000000c0a00000, 0x00000000c0b00000, 0x00000000c0b00000|100%| O|  |TAMS 0x00000000c0a00000| PB 0x00000000c0a00000| Untracked 
|  11|0x00000000c0b00000, 0x00000000c0c00000, 0x00000000c0c00000|100%| O|  |TAMS 0x00000000c0b00000| PB 0x00000000c0b00000| Untracked 
|  12|0x00000000c0c00000, 0x00000000c0d00000, 0x00000000c0d00000|100%| O|  |TAMS 0x00000000c0c00000| PB 0x00000000c0c00000| Untracked 
|  13|0x00000000c0d00000, 0x00000000c0e00000, 0x00000000c0e00000|100%| O|  |TAMS 0x00000000c0d00000| PB 0x00000000c0d00000| Untracked 
|  14|0x00000000c0e00000, 0x00000000c0f00000, 0x00000000c0f00000|100%| O|  |TAMS 0x00000000c0e00000| PB 0x00000000c0e00000| Untracked 
|  15|0x00000000c0f00000, 0x00000000c1000000, 0x00000000c1000000|100%| O|  |TAMS 0x00000000c0f00000| PB 0x00000000c0f00000| Untracked 
|  16|0x00000000c1000000, 0x00000000c1100000, 0x00000000c1100000|100%| O|  |TAMS 0x00000000c1000000| PB 0x00000000c1000000| Untracked 
|  17|0x00000000c1100000, 0x00000000c1200000, 0x00000000c1200000|100%| O|  |TAMS 0x00000000c1100000| PB 0x00000000c1100000| Untracked 
|  18|0x00000000c1200000, 0x00000000c1300000, 0x00000000c1300000|100%| O|  |TAMS 0x00000000c1200000| PB 0x00000000c1200000| Untracked 
|  19|0x00000000c1300000, 0x00000000c1400000, 0x00000000c1400000|100%| O|  |TAMS 0x00000000c1300000| PB 0x00000000c1300000| Untracked 
|  20|0x00000000c1400000, 0x00000000c1500000, 0x00000000c1500000|100%| O|  |TAMS 0x00000000c1400000| PB 0x00000000c1400000| Untracked 
|  21|0x00000000c1500000, 0x00000000c1600000, 0x00000000c1600000|100%| O|  |TAMS 0x00000000c1500000| PB 0x00000000c1500000| Untracked 
|  22|0x00000000c1600000, 0x00000000c1700000, 0x00000000c1700000|100%| O|  |TAMS 0x00000000c1600000| PB 0x00000000c1600000| Untracked 
|  23|0x00000000c1700000, 0x00000000c1800000, 0x00000000c1800000|100%| O|  |TAMS 0x00000000c1700000| PB 0x00000000c1700000| Untracked 
|  24|0x00000000c1800000, 0x00000000c1900000, 0x00000000c1900000|100%| O|  |TAMS 0x00000000c1800000| PB 0x00000000c1800000| Untracked 
|  25|0x00000000c1900000, 0x00000000c19422f8, 0x00000000c1a00000| 25%| O|  |TAMS 0x00000000c1900000| PB 0x00000000c1900000| Untracked 
|  26|0x00000000c1a00000, 0x00000000c1b00000, 0x00000000c1b00000|100%| O|  |TAMS 0x00000000c1a00000| PB 0x00000000c1a00000| Untracked 
|  27|0x00000000c1b00000, 0x00000000c1c00000, 0x00000000c1c00000|100%| O|  |TAMS 0x00000000c1b00000| PB 0x00000000c1b00000| Untracked 
|  28|0x00000000c1c00000, 0x00000000c1d00000, 0x00000000c1d00000|100%| O|  |TAMS 0x00000000c1c00000| PB 0x00000000c1c00000| Untracked 
|  29|0x00000000c1d00000, 0x00000000c1e00000, 0x00000000c1e00000|100%| O|  |TAMS 0x00000000c1d00000| PB 0x00000000c1d00000| Untracked 
|  30|0x00000000c1e00000, 0x00000000c1f00000, 0x00000000c1f00000|100%| O|  |TAMS 0x00000000c1e00000| PB 0x00000000c1e00000| Untracked 
|  31|0x00000000c1f00000, 0x00000000c2000000, 0x00000000c2000000|100%| O|  |TAMS 0x00000000c1f00000| PB 0x00000000c1f00000| Untracked 
|  32|0x00000000c2000000, 0x00000000c2100000, 0x00000000c2100000|100%| O|  |TAMS 0x00000000c2000000| PB 0x00000000c2000000| Untracked 
|  33|0x00000000c2100000, 0x00000000c2200000, 0x00000000c2200000|100%| O|  |TAMS 0x00000000c2100000| PB 0x00000000c2100000| Untracked 
|  34|0x00000000c2200000, 0x00000000c2300000, 0x00000000c2300000|100%| O|  |TAMS 0x00000000c2200000| PB 0x00000000c2200000| Untracked 
|  35|0x00000000c2300000, 0x00000000c2400000, 0x00000000c2400000|100%| O|  |TAMS 0x00000000c2300000| PB 0x00000000c2300000| Untracked 
|  36|0x00000000c2400000, 0x00000000c2500000, 0x00000000c2500000|100%| O|Cm|TAMS 0x00000000c2400000| PB 0x00000000c2400000| Complete 
|  37|0x00000000c2500000, 0x00000000c2600000, 0x00000000c2600000|100%| O|Cm|TAMS 0x00000000c2500000| PB 0x00000000c2500000| Complete 
|  38|0x00000000c2600000, 0x00000000c2700000, 0x00000000c2700000|100%| O|  |TAMS 0x00000000c2600000| PB 0x00000000c2600000| Untracked 
|  39|0x00000000c2700000, 0x00000000c2800000, 0x00000000c2800000|100%| O|  |TAMS 0x00000000c2700000| PB 0x00000000c2700000| Untracked 
|  40|0x00000000c2800000, 0x00000000c2900000, 0x00000000c2900000|100%| O|  |TAMS 0x00000000c2800000| PB 0x00000000c2800000| Untracked 
|  41|0x00000000c2900000, 0x00000000c2a00000, 0x00000000c2a00000|100%| O|  |TAMS 0x00000000c2900000| PB 0x00000000c2900000| Untracked 
|  42|0x00000000c2a00000, 0x00000000c2b00000, 0x00000000c2b00000|100%| O|  |TAMS 0x00000000c2a00000| PB 0x00000000c2a00000| Untracked 
|  43|0x00000000c2b00000, 0x00000000c2c00000, 0x00000000c2c00000|100%| O|  |TAMS 0x00000000c2b00000| PB 0x00000000c2b00000| Untracked 
|  44|0x00000000c2c00000, 0x00000000c2d00000, 0x00000000c2d00000|100%| O|  |TAMS 0x00000000c2c00000| PB 0x00000000c2c00000| Untracked 
|  45|0x00000000c2d00000, 0x00000000c2e00000, 0x00000000c2e00000|100%| O|  |TAMS 0x00000000c2d00000| PB 0x00000000c2d00000| Untracked 
|  46|0x00000000c2e00000, 0x00000000c2f00000, 0x00000000c2f00000|100%| O|  |TAMS 0x00000000c2e00000| PB 0x00000000c2e00000| Untracked 
|  47|0x00000000c2f00000, 0x00000000c2f00000, 0x00000000c3000000|  0%| F|  |TAMS 0x00000000c2f00000| PB 0x00000000c2f00000| Untracked 
|  48|0x00000000c3000000, 0x00000000c3000000, 0x00000000c3100000|  0%| F|  |TAMS 0x00000000c3000000| PB 0x00000000c3000000| Untracked 
|  49|0x00000000c3100000, 0x00000000c3100000, 0x00000000c3200000|  0%| F|  |TAMS 0x00000000c3100000| PB 0x00000000c3100000| Untracked 
|  50|0x00000000c3200000, 0x00000000c3200000, 0x00000000c3300000|  0%| F|  |TAMS 0x00000000c3200000| PB 0x00000000c3200000| Untracked 
|  51|0x00000000c3300000, 0x00000000c3300000, 0x00000000c3400000|  0%| F|  |TAMS 0x00000000c3300000| PB 0x00000000c3300000| Untracked 
|  52|0x00000000c3400000, 0x00000000c3400000, 0x00000000c3500000|  0%| F|  |TAMS 0x00000000c3400000| PB 0x00000000c3400000| Untracked 
|  53|0x00000000c3500000, 0x00000000c3500000, 0x00000000c3600000|  0%| F|  |TAMS 0x00000000c3500000| PB 0x00000000c3500000| Untracked 
|  54|0x00000000c3600000, 0x00000000c3673918, 0x00000000c3700000| 45%| S|CS|TAMS 0x00000000c3600000| PB 0x00000000c3600000| Complete 
|  55|0x00000000c3700000, 0x00000000c3800000, 0x00000000c3800000|100%| S|CS|TAMS 0x00000000c3700000| PB 0x00000000c3700000| Complete 
|  56|0x00000000c3800000, 0x00000000c3800000, 0x00000000c3900000|  0%| F|  |TAMS 0x00000000c3800000| PB 0x00000000c3800000| Untracked 
|  57|0x00000000c3900000, 0x00000000c3900000, 0x00000000c3a00000|  0%| F|  |TAMS 0x00000000c3900000| PB 0x00000000c3900000| Untracked 
|  58|0x00000000c3a00000, 0x00000000c3a00000, 0x00000000c3b00000|  0%| F|  |TAMS 0x00000000c3a00000| PB 0x00000000c3a00000| Untracked 
|  59|0x00000000c3b00000, 0x00000000c3b00000, 0x00000000c3c00000|  0%| F|  |TAMS 0x00000000c3b00000| PB 0x00000000c3b00000| Untracked 
|  60|0x00000000c3c00000, 0x00000000c3c00000, 0x00000000c3d00000|  0%| F|  |TAMS 0x00000000c3c00000| PB 0x00000000c3c00000| Untracked 
|  61|0x00000000c3d00000, 0x00000000c3d00000, 0x00000000c3e00000|  0%| F|  |TAMS 0x00000000c3d00000| PB 0x00000000c3d00000| Untracked 
|  62|0x00000000c3e00000, 0x00000000c3e00000, 0x00000000c3f00000|  0%| F|  |TAMS 0x00000000c3e00000| PB 0x00000000c3e00000| Untracked 
|  63|0x00000000c3f00000, 0x00000000c3f00000, 0x00000000c4000000|  0%| F|  |TAMS 0x00000000c3f00000| PB 0x00000000c3f00000| Untracked 
|  64|0x00000000c4000000, 0x00000000c407e608, 0x00000000c4100000| 49%| E|  |TAMS 0x00000000c4000000| PB 0x00000000c4000000| Complete 
|  65|0x00000000c4100000, 0x00000000c4200000, 0x00000000c4200000|100%| E|CS|TAMS 0x00000000c4100000| PB 0x00000000c4100000| Complete 
|  66|0x00000000c4200000, 0x00000000c4300000, 0x00000000c4300000|100%| E|CS|TAMS 0x00000000c4200000| PB 0x00000000c4200000| Complete 
|  67|0x00000000c4300000, 0x00000000c4400000, 0x00000000c4400000|100%| E|CS|TAMS 0x00000000c4300000| PB 0x00000000c4300000| Complete 
|  68|0x00000000c4400000, 0x00000000c4500000, 0x00000000c4500000|100%| E|CS|TAMS 0x00000000c4400000| PB 0x00000000c4400000| Complete 
|  69|0x00000000c4500000, 0x00000000c4600000, 0x00000000c4600000|100%| E|CS|TAMS 0x00000000c4500000| PB 0x00000000c4500000| Complete 
|  70|0x00000000c4600000, 0x00000000c4700000, 0x00000000c4700000|100%| E|CS|TAMS 0x00000000c4600000| PB 0x00000000c4600000| Complete 
|  71|0x00000000c4700000, 0x00000000c4800000, 0x00000000c4800000|100%| E|CS|TAMS 0x00000000c4700000| PB 0x00000000c4700000| Complete 
|  72|0x00000000c4800000, 0x00000000c4900000, 0x00000000c4900000|100%| E|  |TAMS 0x00000000c4800000| PB 0x00000000c4800000| Complete 
|  73|0x00000000c4900000, 0x00000000c4a00000, 0x00000000c4a00000|100%| E|CS|TAMS 0x00000000c4900000| PB 0x00000000c4900000| Complete 
|  74|0x00000000c4a00000, 0x00000000c4b00000, 0x00000000c4b00000|100%| E|CS|TAMS 0x00000000c4a00000| PB 0x00000000c4a00000| Complete 
|  75|0x00000000c4b00000, 0x00000000c4c00000, 0x00000000c4c00000|100%| E|CS|TAMS 0x00000000c4b00000| PB 0x00000000c4b00000| Complete 
|  76|0x00000000c4c00000, 0x00000000c4d00000, 0x00000000c4d00000|100%| E|CS|TAMS 0x00000000c4c00000| PB 0x00000000c4c00000| Complete 
|  77|0x00000000c4d00000, 0x00000000c4e00000, 0x00000000c4e00000|100%| E|CS|TAMS 0x00000000c4d00000| PB 0x00000000c4d00000| Complete 
|  78|0x00000000c4e00000, 0x00000000c4f00000, 0x00000000c4f00000|100%| E|CS|TAMS 0x00000000c4e00000| PB 0x00000000c4e00000| Complete 
|  79|0x00000000c4f00000, 0x00000000c5000000, 0x00000000c5000000|100%| E|CS|TAMS 0x00000000c4f00000| PB 0x00000000c4f00000| Complete 
|  80|0x00000000c5000000, 0x00000000c5100000, 0x00000000c5100000|100%| E|CS|TAMS 0x00000000c5000000| PB 0x00000000c5000000| Complete 
|  90|0x00000000c5a00000, 0x00000000c5b00000, 0x00000000c5b00000|100%| E|CS|TAMS 0x00000000c5a00000| PB 0x00000000c5a00000| Complete 
|  91|0x00000000c5b00000, 0x00000000c5c00000, 0x00000000c5c00000|100%| E|CS|TAMS 0x00000000c5b00000| PB 0x00000000c5b00000| Complete 
|  92|0x00000000c5c00000, 0x00000000c5d00000, 0x00000000c5d00000|100%| E|CS|TAMS 0x00000000c5c00000| PB 0x00000000c5c00000| Complete 
|  93|0x00000000c5d00000, 0x00000000c5e00000, 0x00000000c5e00000|100%| E|CS|TAMS 0x00000000c5d00000| PB 0x00000000c5d00000| Complete 

Card table byte_map: [0x0000028698a60000,0x0000028698c60000] _byte_map_base: 0x0000028698460000

Marking Bits: (CMBitMap*) 0x000002868636aff0
 Bits: [0x0000028698c60000, 0x0000028699c60000)

Polling page: 0x0000028684180000

Metaspace:

Usage:
  Non-class:     46.27 MB used.
      Class:      7.71 MB used.
       Both:     53.98 MB used.

Virtual space:
  Non-class space:       64.00 MB reserved,      47.12 MB ( 74%) committed,  1 nodes.
      Class space:        1.00 GB reserved,       8.56 MB ( <1%) committed,  1 nodes.
             Both:        1.06 GB reserved,      55.69 MB (  5%) committed. 

Chunk freelists:
   Non-Class:  92.00 KB
       Class:  7.28 MB
        Both:  7.37 MB

MaxMetaspaceSize: unlimited
CompressedClassSpaceSize: 1.00 GB
Initial GC threshold: 21.00 MB
Current GC threshold: 89.00 MB
CDS: on
 - commit_granule_bytes: 65536.
 - commit_granule_words: 8192.
 - virtual_space_node_default_size: 8388608.
 - enlarge_chunks_in_place: 1.
 - use_allocation_guard: 0.


Internal statistics:

num_allocs_failed_limit: 9.
num_arena_births: 3118.
num_arena_deaths: 0.
num_vsnodes_births: 2.
num_vsnodes_deaths: 0.
num_space_committed: 891.
num_space_uncommitted: 0.
num_chunks_returned_to_freelist: 9.
num_chunks_taken_from_freelist: 5743.
num_chunk_merges: 9.
num_chunk_splits: 3729.
num_chunks_enlarged: 2304.
num_inconsistent_stats: 0.

CodeHeap 'non-profiled nmethods': size=120000Kb used=3422Kb max_used=3727Kb free=116577Kb
 bounds [0x0000028691000000, 0x00000286913b0000, 0x0000028698530000]
CodeHeap 'profiled nmethods': size=120000Kb used=13035Kb max_used=13854Kb free=106964Kb
 bounds [0x0000028689530000, 0x000002868a2c0000, 0x0000028690a60000]
CodeHeap 'non-nmethods': size=5760Kb used=2624Kb max_used=2671Kb free=3135Kb
 bounds [0x0000028690a60000, 0x0000028690d10000, 0x0000028691000000]
CodeCache: size=245760Kb, used=19081Kb, max_used=20252Kb, free=226676Kb
 total_blobs=7941, nmethods=7051, adapters=794, full_count=0
Compilation: enabled, stopped_count=0, restarted_count=0

Compilation events (20 events):
Event: 37.167 Thread 0x000002869c660bc0 nmethod 8157 0x0000028691343490 code [0x00000286913436c0, 0x0000028691344030]
Event: 37.167 Thread 0x000002869c660bc0 8167   !   4       java.io.BufferedInputStream::read (54 bytes)
Event: 37.184 Thread 0x000002869c664dc0 8173       3       java.nio.channels.FileLock::<init> (86 bytes)
Event: 37.185 Thread 0x000002869c664dc0 nmethod 8173 0x0000028689c88610 code [0x0000028689c88820, 0x0000028689c88e70]
Event: 37.185 Thread 0x000002869c664dc0 8174   !   3       sun.nio.ch.FileChannelImpl::fileLockTable (85 bytes)
Event: 37.186 Thread 0x000002869c664dc0 nmethod 8174 0x00000286897a6910 code [0x00000286897a6bc0, 0x00000286897a7a48]
Event: 37.186 Thread 0x000002869c664dc0 8175   !   3       sun.nio.ch.FileLockTable::add (205 bytes)
Event: 37.188 Thread 0x000002869c664dc0 nmethod 8175 0x0000028689bb2810 code [0x0000028689bb2b60, 0x0000028689bb4328]
Event: 37.188 Thread 0x000002869c664dc0 8176       3       sun.nio.ch.FileDispatcherImpl::lock (11 bytes)
Event: 37.189 Thread 0x000002869c664dc0 nmethod 8176 0x0000028689627d90 code [0x0000028689627f40, 0x0000028689628088]
Event: 37.189 Thread 0x000002869c660bc0 nmethod 8167 0x0000028691133a10 code [0x0000028691133c80, 0x00000286911349a0]
Event: 37.189 Thread 0x000002869c660bc0 8171       4       java.util.concurrent.atomic.LongAdder::add (96 bytes)
Event: 37.194 Thread 0x000002869c660bc0 nmethod 8171 0x000002869109a290 code [0x000002869109a420, 0x000002869109a5a0]
Event: 37.194 Thread 0x000002869c660bc0 8166       4       org.gradle.internal.io.StreamByteBuffer::prepareRead (102 bytes)
Event: 37.197 Thread 0x000002869c660bc0 nmethod 8166 0x0000028691133510 code [0x00000286911336a0, 0x00000286911338a0]
Event: 37.197 Thread 0x000002869c660bc0 8168       4       org.gradle.cache.internal.btree.BTreePersistentIndexedCache$IndexBlock::find (140 bytes)
Event: 37.245 Thread 0x000002869c664dc0 8178       1       org.gradle.cache.internal.DefaultFileLockManager$DefaultFileLock::access$800 (5 bytes)
Event: 37.245 Thread 0x000002869c664dc0 nmethod 8178 0x0000028691133190 code [0x0000028691133320, 0x00000286911333d0]
Event: 37.245 Thread 0x000002869c664dc0 8179       1       org.gradle.internal.time.ExponentialBackoff::getSignal (5 bytes)
Event: 37.245 Thread 0x000002869c664dc0 nmethod 8179 0x0000028691215810 code [0x00000286912159a0, 0x0000028691215a68]

GC Heap History (20 events):
Event: 23.259 GC heap before
{Heap before GC invocations=8 (full 0):
 garbage-first heap   total 86016K, used 55768K [0x00000000c0000000, 0x0000000100000000)
  region size 1024K, 27 young (27648K), 7 survivors (7168K)
 Metaspace       used 35429K, committed 36480K, reserved 1114112K
  class space    used 5071K, committed 5568K, reserved 1048576K
}
Event: 23.272 GC heap after
{Heap after GC invocations=9 (full 0):
 garbage-first heap   total 86016K, used 35347K [0x00000000c0000000, 0x0000000100000000)
  region size 1024K, 2 young (2048K), 2 survivors (2048K)
 Metaspace       used 35429K, committed 36480K, reserved 1114112K
  class space    used 5071K, committed 5568K, reserved 1048576K
}
Event: 24.966 GC heap before
{Heap before GC invocations=10 (full 0):
 garbage-first heap   total 86016K, used 74259K [0x00000000c0000000, 0x0000000100000000)
  region size 1024K, 40 young (40960K), 2 survivors (2048K)
 Metaspace       used 39679K, committed 41088K, reserved 1114112K
  class space    used 5760K, committed 6464K, reserved 1048576K
}
Event: 24.971 GC heap after
{Heap after GC invocations=11 (full 0):
 garbage-first heap   total 86016K, used 35632K [0x00000000c0000000, 0x0000000100000000)
  region size 1024K, 4 young (4096K), 4 survivors (4096K)
 Metaspace       used 39679K, committed 41088K, reserved 1114112K
  class space    used 5760K, committed 6464K, reserved 1048576K
}
Event: 26.285 GC heap before
{Heap before GC invocations=11 (full 0):
 garbage-first heap   total 86016K, used 76592K [0x00000000c0000000, 0x0000000100000000)
  region size 1024K, 43 young (44032K), 4 survivors (4096K)
 Metaspace       used 43515K, committed 45056K, reserved 1114112K
  class space    used 6281K, committed 7040K, reserved 1048576K
}
Event: 26.292 GC heap after
{Heap after GC invocations=12 (full 0):
 garbage-first heap   total 86016K, used 36381K [0x00000000c0000000, 0x0000000100000000)
  region size 1024K, 4 young (4096K), 4 survivors (4096K)
 Metaspace       used 43515K, committed 45056K, reserved 1114112K
  class space    used 6281K, committed 7040K, reserved 1048576K
}
Event: 28.130 GC heap before
{Heap before GC invocations=12 (full 0):
 garbage-first heap   total 86016K, used 76317K [0x00000000c0000000, 0x0000000100000000)
  region size 1024K, 43 young (44032K), 4 survivors (4096K)
 Metaspace       used 46551K, committed 48192K, reserved 1114112K
  class space    used 6796K, committed 7616K, reserved 1048576K
}
Event: 28.136 GC heap after
{Heap after GC invocations=13 (full 0):
 garbage-first heap   total 86016K, used 38591K [0x00000000c0000000, 0x0000000100000000)
  region size 1024K, 4 young (4096K), 4 survivors (4096K)
 Metaspace       used 46551K, committed 48192K, reserved 1114112K
  class space    used 6796K, committed 7616K, reserved 1048576K
}
Event: 31.256 GC heap before
{Heap before GC invocations=13 (full 0):
 garbage-first heap   total 86016K, used 76479K [0x00000000c0000000, 0x0000000100000000)
  region size 1024K, 41 young (41984K), 4 survivors (4096K)
 Metaspace       used 49636K, committed 51328K, reserved 1114112K
  class space    used 7207K, committed 8064K, reserved 1048576K
}
Event: 31.264 GC heap after
{Heap after GC invocations=14 (full 0):
 garbage-first heap   total 86016K, used 41304K [0x00000000c0000000, 0x0000000100000000)
  region size 1024K, 5 young (5120K), 5 survivors (5120K)
 Metaspace       used 49636K, committed 51328K, reserved 1114112K
  class space    used 7207K, committed 8064K, reserved 1048576K
}
Event: 34.349 GC heap before
{Heap before GC invocations=14 (full 0):
 garbage-first heap   total 86016K, used 75096K [0x00000000c0000000, 0x0000000100000000)
  region size 1024K, 39 young (39936K), 5 survivors (5120K)
 Metaspace       used 50536K, committed 52224K, reserved 1114112K
  class space    used 7303K, committed 8128K, reserved 1048576K
}
Event: 34.358 GC heap after
{Heap after GC invocations=15 (full 0):
 garbage-first heap   total 87040K, used 46329K [0x00000000c0000000, 0x0000000100000000)
  region size 1024K, 5 young (5120K), 5 survivors (5120K)
 Metaspace       used 50536K, committed 52224K, reserved 1114112K
  class space    used 7303K, committed 8128K, reserved 1048576K
}
Event: 34.865 GC heap before
{Heap before GC invocations=15 (full 0):
 garbage-first heap   total 87040K, used 76025K [0x00000000c0000000, 0x0000000100000000)
  region size 1024K, 35 young (35840K), 5 survivors (5120K)
 Metaspace       used 50901K, committed 52608K, reserved 1114112K
  class space    used 7329K, committed 8192K, reserved 1048576K
}
Event: 34.870 GC heap after
{Heap after GC invocations=16 (full 0):
 garbage-first heap   total 87040K, used 47588K [0x00000000c0000000, 0x0000000100000000)
  region size 1024K, 4 young (4096K), 4 survivors (4096K)
 Metaspace       used 50901K, committed 52608K, reserved 1114112K
  class space    used 7329K, committed 8192K, reserved 1048576K
}
Event: 35.266 GC heap before
{Heap before GC invocations=17 (full 0):
 garbage-first heap   total 87040K, used 77284K [0x00000000c0000000, 0x0000000100000000)
  region size 1024K, 33 young (33792K), 4 survivors (4096K)
 Metaspace       used 50990K, committed 52736K, reserved 1114112K
  class space    used 7329K, committed 8192K, reserved 1048576K
}
Event: 35.271 GC heap after
{Heap after GC invocations=18 (full 0):
 garbage-first heap   total 87040K, used 49032K [0x00000000c0000000, 0x0000000100000000)
  region size 1024K, 4 young (4096K), 4 survivors (4096K)
 Metaspace       used 50990K, committed 52736K, reserved 1114112K
  class space    used 7329K, committed 8192K, reserved 1048576K
}
Event: 35.434 GC heap before
{Heap before GC invocations=18 (full 0):
 garbage-first heap   total 87040K, used 76680K [0x00000000c0000000, 0x0000000100000000)
  region size 1024K, 32 young (32768K), 4 survivors (4096K)
 Metaspace       used 50998K, committed 52736K, reserved 1114112K
  class space    used 7329K, committed 8192K, reserved 1048576K
}
Event: 35.439 GC heap after
{Heap after GC invocations=19 (full 0):
 garbage-first heap   total 87040K, used 49314K [0x00000000c0000000, 0x0000000100000000)
  region size 1024K, 3 young (3072K), 3 survivors (3072K)
 Metaspace       used 50998K, committed 52736K, reserved 1114112K
  class space    used 7329K, committed 8192K, reserved 1048576K
}
Event: 36.236 GC heap before
{Heap before GC invocations=19 (full 0):
 garbage-first heap   total 87040K, used 76962K [0x00000000c0000000, 0x0000000100000000)
  region size 1024K, 31 young (31744K), 3 survivors (3072K)
 Metaspace       used 52762K, committed 54528K, reserved 1114112K
  class space    used 7573K, committed 8448K, reserved 1048576K
}
Event: 36.239 GC heap after
{Heap after GC invocations=20 (full 0):
 garbage-first heap   total 87040K, used 48855K [0x00000000c0000000, 0x0000000100000000)
  region size 1024K, 2 young (2048K), 2 survivors (2048K)
 Metaspace       used 52762K, committed 54528K, reserved 1114112K
  class space    used 7573K, committed 8448K, reserved 1048576K
}

Dll operation events (20 events):
Event: 0.666 Attempting to load shared library C:\Users\LENOVO\.antigravity-ide\extensions\redhat.java-1.56.0-win32-x64\jre\21.0.12.1-win32-x86_64\bin\nio.dll
Event: 0.670 Loaded shared library C:\Users\LENOVO\.antigravity-ide\extensions\redhat.java-1.56.0-win32-x64\jre\21.0.12.1-win32-x86_64\bin\nio.dll
Event: 0.676 Attempting to load shared library C:\Users\LENOVO\.antigravity-ide\extensions\redhat.java-1.56.0-win32-x64\jre\21.0.12.1-win32-x86_64\bin\zip.dll
Event: 0.676 Loaded shared library C:\Users\LENOVO\.antigravity-ide\extensions\redhat.java-1.56.0-win32-x64\jre\21.0.12.1-win32-x86_64\bin\zip.dll
Event: 1.350 Attempting to load shared library C:\Users\LENOVO\.antigravity-ide\extensions\redhat.java-1.56.0-win32-x64\jre\21.0.12.1-win32-x86_64\bin\jimage.dll
Event: 1.350 Loaded shared library C:\Users\LENOVO\.antigravity-ide\extensions\redhat.java-1.56.0-win32-x64\jre\21.0.12.1-win32-x86_64\bin\jimage.dll
Event: 1.864 Attempting to load shared library C:\Users\LENOVO\.antigravity-ide\extensions\redhat.java-1.56.0-win32-x64\jre\21.0.12.1-win32-x86_64\bin\verify.dll
Event: 1.865 Loaded shared library C:\Users\LENOVO\.antigravity-ide\extensions\redhat.java-1.56.0-win32-x64\jre\21.0.12.1-win32-x86_64\bin\verify.dll
Event: 2.088 Attempting to load shared library C:\Users\LENOVO\.gradle\native\1def1411415f61bf3af743bc5b6707747c0891f09f0c88961ee8f79bc544acac\windows-amd64\native-platform.dll
Event: 2.093 Loaded shared library C:\Users\LENOVO\.gradle\native\1def1411415f61bf3af743bc5b6707747c0891f09f0c88961ee8f79bc544acac\windows-amd64\native-platform.dll
Event: 2.122 Attempting to load shared library C:\Users\LENOVO\.gradle\native\0.2.7\x86_64-windows-gnu\gradle-fileevents.dll
Event: 2.126 Loaded shared library C:\Users\LENOVO\.gradle\native\0.2.7\x86_64-windows-gnu\gradle-fileevents.dll
Event: 6.094 Attempting to load shared library C:\Users\LENOVO\.antigravity-ide\extensions\redhat.java-1.56.0-win32-x64\jre\21.0.12.1-win32-x86_64\bin\management.dll
Event: 6.098 Loaded shared library C:\Users\LENOVO\.antigravity-ide\extensions\redhat.java-1.56.0-win32-x64\jre\21.0.12.1-win32-x86_64\bin\management.dll
Event: 6.110 Attempting to load shared library C:\Users\LENOVO\.antigravity-ide\extensions\redhat.java-1.56.0-win32-x64\jre\21.0.12.1-win32-x86_64\bin\management_ext.dll
Event: 6.114 Loaded shared library C:\Users\LENOVO\.antigravity-ide\extensions\redhat.java-1.56.0-win32-x64\jre\21.0.12.1-win32-x86_64\bin\management_ext.dll
Event: 7.127 Attempting to load shared library C:\Users\LENOVO\.antigravity-ide\extensions\redhat.java-1.56.0-win32-x64\jre\21.0.12.1-win32-x86_64\bin\extnet.dll
Event: 7.129 Loaded shared library C:\Users\LENOVO\.antigravity-ide\extensions\redhat.java-1.56.0-win32-x64\jre\21.0.12.1-win32-x86_64\bin\extnet.dll
Event: 8.199 Attempting to load shared library C:\Users\LENOVO\.antigravity-ide\extensions\redhat.java-1.56.0-win32-x64\jre\21.0.12.1-win32-x86_64\bin\sunmscapi.dll
Event: 8.231 Loaded shared library C:\Users\LENOVO\.antigravity-ide\extensions\redhat.java-1.56.0-win32-x64\jre\21.0.12.1-win32-x86_64\bin\sunmscapi.dll

Deoptimization events (20 events):
Event: 35.800 Thread 0x00000286e37b87b0 Uncommon trap: trap_request=0xffffff45 fr.pc=0x0000028691060944 relative=0x0000000000000f64
Event: 35.800 Thread 0x00000286e37b87b0 Uncommon trap: reason=unstable_if action=reinterpret pc=0x0000028691060944 method=java.util.jar.JarFile.getEntry(Ljava/lang/String;)Ljava/util/zip/ZipEntry; @ 15 c2
Event: 35.800 Thread 0x00000286e37b87b0 DEOPT PACKING pc=0x0000028691060944 sp=0x000000e388bf79f0
Event: 35.801 Thread 0x00000286e37b87b0 DEOPT UNPACKING pc=0x0000028690ab4422 sp=0x000000e388bf79e8 mode 2
Event: 37.063 Thread 0x00000286e37b87b0 Uncommon trap: trap_request=0xffffff45 fr.pc=0x00000286911f2318 relative=0x00000000000001d8
Event: 37.063 Thread 0x00000286e37b87b0 Uncommon trap: reason=unstable_if action=reinterpret pc=0x00000286911f2318 method=org.gradle.internal.time.MonotonicClock.syncIsDue(JJJ)Z @ 7 c2
Event: 37.063 Thread 0x00000286e37b87b0 DEOPT PACKING pc=0x00000286911f2318 sp=0x000000e388bf8cf0
Event: 37.063 Thread 0x00000286e37b87b0 DEOPT UNPACKING pc=0x0000028690ab4422 sp=0x000000e388bf8be8 mode 2
Event: 37.067 Thread 0x00000286e37b87b0 Uncommon trap: trap_request=0xffffff45 fr.pc=0x000002869139c4dc relative=0x000000000000085c
Event: 37.067 Thread 0x00000286e37b87b0 Uncommon trap: reason=unstable_if action=reinterpret pc=0x000002869139c4dc method=org.gradle.internal.snapshot.VfsRelativePath.compareToFirstSegment(Ljava/lang/String;Lorg/gradle/internal/snapshot/CaseSensitivity;)I @ 134 c2
Event: 37.067 Thread 0x00000286e37b87b0 DEOPT PACKING pc=0x000002869139c4dc sp=0x000000e388bf7e40
Event: 37.067 Thread 0x00000286e37b87b0 DEOPT UNPACKING pc=0x0000028690ab4422 sp=0x000000e388bf7c70 mode 2
Event: 37.068 Thread 0x00000286e37b87b0 Uncommon trap: trap_request=0xffffff45 fr.pc=0x0000028691383a04 relative=0x00000000000005c4
Event: 37.068 Thread 0x00000286e37b87b0 Uncommon trap: reason=unstable_if action=reinterpret pc=0x0000028691383a04 method=org.gradle.internal.snapshot.VfsRelativePath.compareToFirstSegment(Ljava/lang/String;Lorg/gradle/internal/snapshot/CaseSensitivity;)I @ 134 c2
Event: 37.068 Thread 0x00000286e37b87b0 DEOPT PACKING pc=0x0000028691383a04 sp=0x000000e388bf7db0
Event: 37.068 Thread 0x00000286e37b87b0 DEOPT UNPACKING pc=0x0000028690ab4422 sp=0x000000e388bf7c68 mode 2
Event: 37.068 Thread 0x00000286e37b87b0 Uncommon trap: trap_request=0xffffff45 fr.pc=0x0000028691371670 relative=0x0000000000000550
Event: 37.068 Thread 0x00000286e37b87b0 Uncommon trap: reason=unstable_if action=reinterpret pc=0x0000028691371670 method=org.gradle.internal.snapshot.VfsRelativePath.compareToFirstSegment(Ljava/lang/String;Lorg/gradle/internal/snapshot/CaseSensitivity;)I @ 134 c2
Event: 37.068 Thread 0x00000286e37b87b0 DEOPT PACKING pc=0x0000028691371670 sp=0x000000e388bf7d00
Event: 37.068 Thread 0x00000286e37b87b0 DEOPT UNPACKING pc=0x0000028690ab4422 sp=0x000000e388bf7c70 mode 2

Classes loaded (20 events):
Event: 33.680 Loading class jdk/internal/reflect/SerializationConstructorAccessorImpl
Event: 33.680 Loading class jdk/internal/reflect/SerializationConstructorAccessorImpl done
Event: 33.880 Loading class java/nio/channels/Channels
Event: 33.882 Loading class java/nio/channels/Channels done
Event: 33.882 Loading class sun/nio/ch/Streams
Event: 33.882 Loading class sun/nio/ch/Streams done
Event: 33.882 Loading class sun/nio/ch/ChannelInputStream
Event: 33.882 Loading class sun/nio/ch/ChannelInputStream done
Event: 35.531 Loading class java/util/stream/SortedOps
Event: 35.531 Loading class java/util/stream/SortedOps done
Event: 35.532 Loading class java/util/stream/SortedOps$OfRef
Event: 35.532 Loading class java/util/stream/SortedOps$OfRef done
Event: 35.534 Loading class java/util/stream/SortedOps$SizedRefSortingSink
Event: 35.534 Loading class java/util/stream/SortedOps$AbstractRefSortingSink
Event: 35.534 Loading class java/util/stream/SortedOps$AbstractRefSortingSink done
Event: 35.534 Loading class java/util/stream/SortedOps$SizedRefSortingSink done
Event: 36.815 Loading class java/util/ArrayList$SubList$1
Event: 36.815 Loading class java/util/ArrayList$SubList$1 done
Event: 36.849 Loading class java/lang/Override
Event: 36.849 Loading class java/lang/Override done

Classes unloaded (0 events):
No events

Classes redefined (0 events):
No events

Internal exceptions (20 events):
Event: 27.214 Thread 0x00000286e37b87b0 Exception <a 'java/lang/NoSuchMethodError'{0x00000000c3d75b60}: 'java.lang.Object java.lang.invoke.DirectMethodHandle$Holder.newInvokeSpecial(java.lang.Object, java.lang.Object, java.lang.Object, java.lang.Object, java.lang.Object, long, java.lang.Object)'> (0x00000000c3d75b60) 
thrown [s\src\hotspot\share\interpreter\linkResolver.cpp, line 773]
Event: 27.217 Thread 0x00000286e37b87b0 Exception <a 'java/lang/NoSuchMethodError'{0x00000000c3d7e508}: 'java.lang.Object java.lang.invoke.Invokers$Holder.linkToTargetMethod(java.lang.Object, java.lang.Object, java.lang.Object, java.lang.Object, long, java.lang.Object, java.lang.Object)'> (0x00000000c3d7e508) 
thrown [s\src\hotspot\share\interpreter\linkResolver.cpp, line 773]
Event: 27.230 Thread 0x00000286e37b87b0 Exception <a 'java/lang/NoSuchMethodError'{0x00000000c3dc4428}: 'java.lang.Object java.lang.invoke.DirectMethodHandle$Holder.newInvokeSpecial(java.lang.Object, java.lang.Object, java.lang.Object, long, java.lang.Object)'> (0x00000000c3dc4428) 
thrown [s\src\hotspot\share\interpreter\linkResolver.cpp, line 773]
Event: 27.231 Thread 0x00000286e37b87b0 Exception <a 'java/lang/NoSuchMethodError'{0x00000000c3dc9270}: 'java.lang.Object java.lang.invoke.DirectMethodHandle$Holder.invokeSpecial(java.lang.Object, java.lang.Object, java.lang.Object, java.lang.Object, long, java.lang.Object)'> (0x00000000c3dc9270) 
thrown [s\src\hotspot\share\interpreter\linkResolver.cpp, line 773]
Event: 27.231 Thread 0x00000286e37b87b0 Exception <a 'java/lang/NoSuchMethodError'{0x00000000c3dcd7a8}: 'java.lang.Object java.lang.invoke.Invokers$Holder.linkToTargetMethod(java.lang.Object, java.lang.Object, long, java.lang.Object, java.lang.Object)'> (0x00000000c3dcd7a8) 
thrown [s\src\hotspot\share\interpreter\linkResolver.cpp, line 773]
Event: 27.351 Thread 0x00000286e37b87b0 Exception <a 'java/lang/NoSuchMethodError'{0x00000000c3a196c0}: 'java.lang.Object java.lang.invoke.DirectMethodHandle$Holder.newInvokeSpecial(java.lang.Object, java.lang.Object, java.lang.Object, java.lang.Object, java.lang.Object, java.lang.Object, java.lang.Object, java.lang.Object, java.lang.Object, java.lang.Object, java.lang.Object, java.lang.Object, java.lang.Object, java.lang.Object, java.lang.Object, java.lang.Object, java.lang.Object, java.lang.Object, java.lang.Object, java.lang.Object, java.lang
Event: 27.967 Thread 0x00000286e37b87b0 Exception <a 'java/lang/NoSuchMethodError'{0x00000000c2f290e8}: 'java.lang.Object java.lang.invoke.DirectMethodHandle$Holder.newInvokeSpecial(java.lang.Object, int, java.lang.Object)'> (0x00000000c2f290e8) 
thrown [s\src\hotspot\share\interpreter\linkResolver.cpp, line 773]
Event: 28.541 Thread 0x00000286e37b87b0 Exception <a 'java/lang/NoSuchMethodError'{0x00000000c4d2dab0}: 'java.lang.Object java.lang.invoke.DirectMethodHandle$Holder.invokeSpecial(java.lang.Object, java.lang.Object, long, java.lang.Object, java.lang.Object)'> (0x00000000c4d2dab0) 
thrown [s\src\hotspot\share\interpreter\linkResolver.cpp, line 773]
Event: 28.615 Thread 0x00000286e37b87b0 Exception <a 'java/lang/NoSuchMethodError'{0x00000000c4c041c8}: 'java.lang.Object java.lang.invoke.DirectMethodHandle$Holder.newInvokeSpecial(java.lang.Object, java.lang.Object, java.lang.Object, int, java.lang.Object)'> (0x00000000c4c041c8) 
thrown [s\src\hotspot\share\interpreter\linkResolver.cpp, line 773]
Event: 28.615 Thread 0x00000286e37b87b0 Exception <a 'java/lang/NoSuchMethodError'{0x00000000c4c08928}: 'java.lang.Object java.lang.invoke.Invokers$Holder.linkToTargetMethod(java.lang.Object, java.lang.Object, int, java.lang.Object, java.lang.Object)'> (0x00000000c4c08928) 
thrown [s\src\hotspot\share\interpreter\linkResolver.cpp, line 773]
Event: 29.136 Thread 0x00000286e37b87b0 Exception <a 'java/lang/NoSuchMethodError'{0x00000000c476e8e8}: 'int java.lang.invoke.DirectMethodHandle$Holder.invokeSpecialIFC(java.lang.Object, java.lang.Object, java.lang.Object)'> (0x00000000c476e8e8) 
thrown [s\src\hotspot\share\interpreter\linkResolver.cpp, line 773]
Event: 31.074 Thread 0x00000286e37b87b0 Exception <a 'java/lang/NoSuchMethodError'{0x00000000c33f09a8}: 'int java.lang.invoke.DirectMethodHandle$Holder.invokeInterface(java.lang.Object, java.lang.Object, java.lang.Object, java.lang.Object, java.lang.Object)'> (0x00000000c33f09a8) 
thrown [s\src\hotspot\share\interpreter\linkResolver.cpp, line 773]
Event: 31.074 Thread 0x00000286e37b87b0 Exception <a 'java/lang/IncompatibleClassChangeError'{0x00000000c33f4e98}: Found class java.lang.Object, but interface was expected> (0x00000000c33f4e98) 
thrown [s\src\hotspot\share\interpreter\linkResolver.cpp, line 840]
Event: 31.115 Thread 0x00000286e37b87b0 Exception <a 'java/lang/NoSuchMethodError'{0x00000000c3294e70}: 'java.lang.Object java.lang.invoke.DirectMethodHandle$Holder.newInvokeSpecial(java.lang.Object, java.lang.Object, long, java.lang.Object)'> (0x00000000c3294e70) 
thrown [s\src\hotspot\share\interpreter\linkResolver.cpp, line 773]
Event: 31.116 Thread 0x00000286e37b87b0 Exception <a 'java/lang/NoSuchMethodError'{0x00000000c3299bb8}: 'java.lang.Object java.lang.invoke.DirectMethodHandle$Holder.invokeSpecial(java.lang.Object, java.lang.Object, java.lang.Object, long, java.lang.Object)'> (0x00000000c3299bb8) 
thrown [s\src\hotspot\share\interpreter\linkResolver.cpp, line 773]
Event: 31.116 Thread 0x00000286e37b87b0 Exception <a 'java/lang/NoSuchMethodError'{0x00000000c329e290}: 'java.lang.Object java.lang.invoke.Invokers$Holder.linkToTargetMethod(java.lang.Object, long, java.lang.Object, java.lang.Object)'> (0x00000000c329e290) 
thrown [s\src\hotspot\share\interpreter\linkResolver.cpp, line 773]
Event: 31.127 Thread 0x00000286e37b87b0 Exception <a 'java/lang/NoSuchMethodError'{0x00000000c32c7c10}: 'void java.lang.invoke.DirectMethodHandle$Holder.invokeStatic(java.lang.Object, java.lang.Object, java.lang.Object, int, java.lang.Object)'> (0x00000000c32c7c10) 
thrown [s\src\hotspot\share\interpreter\linkResolver.cpp, line 773]
Event: 33.693 Thread 0x00000286e37b87b0 Exception <a 'java/lang/NoSuchMethodError'{0x00000000c4c940b0}: 'java.lang.Object java.lang.invoke.DirectMethodHandle$Holder.newInvokeSpecial(java.lang.Object, java.lang.Object, java.lang.Object, java.lang.Object, int, java.lang.Object)'> (0x00000000c4c940b0) 
thrown [s\src\hotspot\share\interpreter\linkResolver.cpp, line 773]
Event: 33.695 Thread 0x00000286e37b87b0 Exception <a 'java/lang/NoSuchMethodError'{0x00000000c4c9c980}: 'java.lang.Object java.lang.invoke.Invokers$Holder.linkToTargetMethod(java.lang.Object, java.lang.Object, java.lang.Object, int, java.lang.Object, java.lang.Object)'> (0x00000000c4c9c980) 
thrown [s\src\hotspot\share\interpreter\linkResolver.cpp, line 773]
Event: 34.470 Thread 0x00000286e37b87b0 Exception <a 'java/lang/NoSuchMethodError'{0x00000000c4e08330}: 'java.lang.Object java.lang.invoke.DirectMethodHandle$Holder.invokeSpecialIFC(java.lang.Object, java.lang.Object, java.lang.Object)'> (0x00000000c4e08330) 
thrown [s\src\hotspot\share\interpreter\linkResolver.cpp, line 773]

ZGC Phase Switch (0 events):
No events

VM Operations (20 events):
Event: 34.411 Executing non-safepoint VM operation: HandshakeAllThreads (Deoptimize)
Event: 34.411 Executing non-safepoint VM operation: HandshakeAllThreads (Deoptimize) done
Event: 34.673 Executing safepoint VM operation: ICBufferFull
Event: 34.673 Executing safepoint VM operation: ICBufferFull done
Event: 34.864 Executing safepoint VM operation: G1CollectForAllocation (G1 Evacuation Pause)
Event: 34.870 Executing safepoint VM operation: G1CollectForAllocation (G1 Evacuation Pause) done
Event: 34.931 Executing safepoint VM operation: G1PauseRemark
Event: 34.939 Executing safepoint VM operation: G1PauseRemark done
Event: 34.966 Executing safepoint VM operation: G1PauseCleanup
Event: 34.981 Executing safepoint VM operation: G1PauseCleanup done
Event: 35.266 Executing safepoint VM operation: G1CollectForAllocation (G1 Evacuation Pause)
Event: 35.271 Executing safepoint VM operation: G1CollectForAllocation (G1 Evacuation Pause) done
Event: 35.434 Executing safepoint VM operation: G1CollectForAllocation (G1 Evacuation Pause)
Event: 35.439 Executing safepoint VM operation: G1CollectForAllocation (G1 Evacuation Pause) done
Event: 36.236 Executing safepoint VM operation: G1CollectForAllocation (G1 Evacuation Pause)
Event: 36.240 Executing safepoint VM operation: G1CollectForAllocation (G1 Evacuation Pause) done
Event: 36.305 Executing safepoint VM operation: G1PauseRemark
Event: 36.311 Executing safepoint VM operation: G1PauseRemark done
Event: 36.337 Executing safepoint VM operation: G1PauseCleanup
Event: 36.338 Executing safepoint VM operation: G1PauseCleanup done

Memory protections (0 events):
No events

Nmethod flushes (20 events):
Event: 36.310 Thread 0x000002869c63a9f0 flushing  nmethod 0x0000028689e42310
Event: 36.310 Thread 0x000002869c63a9f0 flushing  nmethod 0x0000028689e43a90
Event: 36.310 Thread 0x000002869c63a9f0 flushing  nmethod 0x0000028689e44c90
Event: 36.310 Thread 0x000002869c63a9f0 flushing  nmethod 0x0000028689e64c10
Event: 36.310 Thread 0x000002869c63a9f0 flushing  nmethod 0x0000028689d8ab90
Event: 36.310 Thread 0x000002869c63a9f0 flushing  nmethod 0x0000028689d8b890
Event: 36.310 Thread 0x000002869c63a9f0 flushing  nmethod 0x0000028689d8bc10
Event: 36.310 Thread 0x000002869c63a9f0 flushing  nmethod 0x0000028689d8ce90
Event: 36.310 Thread 0x000002869c63a9f0 flushing  nmethod 0x0000028689d8de10
Event: 36.310 Thread 0x000002869c63a9f0 flushing  nmethod 0x0000028689e5cf90
Event: 36.310 Thread 0x000002869c63a9f0 flushing  nmethod 0x0000028689e5e510
Event: 36.310 Thread 0x000002869c63a9f0 flushing  nmethod 0x0000028689e9d510
Event: 36.310 Thread 0x000002869c63a9f0 flushing  nmethod 0x0000028689e9d810
Event: 36.310 Thread 0x000002869c63a9f0 flushing  nmethod 0x0000028689f2d710
Event: 36.310 Thread 0x000002869c63a9f0 flushing  nmethod 0x0000028689f7ca90
Event: 36.310 Thread 0x000002869c63a9f0 flushing  nmethod 0x0000028689f7cd90
Event: 36.310 Thread 0x000002869c63a9f0 flushing  nmethod 0x0000028689fdfe10
Event: 36.310 Thread 0x000002869c63a9f0 flushing  nmethod 0x000002868a08cf90
Event: 36.310 Thread 0x000002869c63a9f0 flushing  nmethod 0x000002868a0ad110
Event: 36.310 Thread 0x000002869c63a9f0 flushing  nmethod 0x000002868a0ece90

Events (20 events):
Event: 31.234 Thread 0x00000286e37b87b0 Thread added: 0x00000286e62336f0
Event: 31.235 Thread 0x00000286e37b87b0 Thread added: 0x00000286e62357c0
Event: 31.236 Thread 0x00000286e37b87b0 Thread added: 0x00000286e6237200
Event: 31.237 Thread 0x00000286e37b87b0 Thread added: 0x00000286e6235e50
Event: 31.237 Thread 0x00000286e37b87b0 Thread added: 0x00000286e6237890
Event: 31.238 Thread 0x00000286e37b87b0 Thread added: 0x00000286e6234410
Event: 33.834 Thread 0x00000286e37b87b0 Thread added: 0x00000286e6237f20
Event: 33.844 Thread 0x00000286e37b87b0 Thread added: 0x00000286e6234aa0
Event: 33.852 Thread 0x00000286e37b87b0 Thread added: 0x00000286e6239960
Event: 33.855 Thread 0x00000286e37b87b0 Thread added: 0x00000286e6239ff0
Event: 33.861 Thread 0x00000286e37b87b0 Thread added: 0x00000286e623a680
Event: 33.867 Thread 0x00000286e37b87b0 Thread added: 0x00000286e62392d0
Event: 33.871 Thread 0x00000286e37b87b0 Thread added: 0x00000286e62385b0
Event: 34.472 Thread 0x00000286e37b87b0 Thread added: 0x00000286e6238c40
Event: 34.473 Thread 0x00000286e37b87b0 Thread added: 0x00000286e4f85f00
Event: 34.474 Thread 0x00000286e37b87b0 Thread added: 0x00000286e4f86590
Event: 34.476 Thread 0x00000286e37b87b0 Thread added: 0x00000286e4f83110
Event: 34.477 Thread 0x00000286e37b87b0 Thread added: 0x00000286e4f844c0
Event: 34.478 Thread 0x00000286e37b87b0 Thread added: 0x00000286e4f851e0
Event: 34.479 Thread 0x00000286e37b87b0 Thread added: 0x00000286e4f85870


Dynamic libraries:
0x00007ff69d5b0000 - 0x00007ff69d5be000 	C:\Users\LENOVO\.antigravity-ide\extensions\redhat.java-1.56.0-win32-x64\jre\21.0.12.1-win32-x86_64\bin\java.exe
0x00007ffba7f40000 - 0x00007ffba81a7000 	C:\WINDOWS\SYSTEM32\ntdll.dll
0x00007ffba6070000 - 0x00007ffba613b000 	C:\WINDOWS\System32\KERNEL32.DLL
0x00007ffba5490000 - 0x00007ffba5892000 	C:\WINDOWS\System32\KERNELBASE.dll
0x00007ffba5140000 - 0x00007ffba528c000 	C:\WINDOWS\System32\ucrtbase.dll
0x00007ffb86800000 - 0x00007ffb86818000 	C:\Users\LENOVO\.antigravity-ide\extensions\redhat.java-1.56.0-win32-x64\jre\21.0.12.1-win32-x86_64\bin\jli.dll
0x00007ffba5e00000 - 0x00007ffba5fcf000 	C:\WINDOWS\System32\USER32.dll
0x00007ffba59e0000 - 0x00007ffba5a07000 	C:\WINDOWS\System32\win32u.dll
0x00007ffba5d80000 - 0x00007ffba5dab000 	C:\WINDOWS\System32\GDI32.dll
0x00007ffba52a0000 - 0x00007ffba53c9000 	C:\WINDOWS\System32\gdi32full.dll
0x00007ffba5930000 - 0x00007ffba59d3000 	C:\WINDOWS\System32\msvcp_win.dll
0x00007ffb8b2d0000 - 0x00007ffb8b2ee000 	C:\Users\LENOVO\.antigravity-ide\extensions\redhat.java-1.56.0-win32-x64\jre\21.0.12.1-win32-x86_64\bin\VCRUNTIME140.dll
0x00007ffb8ec40000 - 0x00007ffb8eed0000 	C:\WINDOWS\WinSxS\amd64_microsoft.windows.common-controls_6595b64144ccf1df_6.0.26100.9278_none_3e0d1ba8e3303201\COMCTL32.dll
0x00007ffba6840000 - 0x00007ffba68e9000 	C:\WINDOWS\System32\msvcrt.dll
0x00007ffba5dc0000 - 0x00007ffba5df1000 	C:\WINDOWS\System32\IMM32.DLL
0x00007ffb933d0000 - 0x00007ffb933dc000 	C:\Users\LENOVO\.antigravity-ide\extensions\redhat.java-1.56.0-win32-x64\jre\21.0.12.1-win32-x86_64\bin\vcruntime140_1.dll
0x00007ffb4a830000 - 0x00007ffb4a8bd000 	C:\Users\LENOVO\.antigravity-ide\extensions\redhat.java-1.56.0-win32-x64\jre\21.0.12.1-win32-x86_64\bin\msvcp140.dll
0x00007ffac5e60000 - 0x00007ffac6c02000 	C:\Users\LENOVO\.antigravity-ide\extensions\redhat.java-1.56.0-win32-x64\jre\21.0.12.1-win32-x86_64\bin\server\jvm.dll
0x00007ffba66f0000 - 0x00007ffba67ac000 	C:\WINDOWS\System32\ADVAPI32.dll
0x00007ffba7e30000 - 0x00007ffba7ed9000 	C:\WINDOWS\System32\sechost.dll
0x00007ffba5c60000 - 0x00007ffba5d78000 	C:\WINDOWS\System32\RPCRT4.dll
0x00007ffba7090000 - 0x00007ffba7110000 	C:\WINDOWS\System32\WS2_32.dll
0x00007ffba4f90000 - 0x00007ffba4fee000 	C:\WINDOWS\SYSTEM32\POWRPROF.dll
0x00007ffb983b0000 - 0x00007ffb983e6000 	C:\WINDOWS\SYSTEM32\WINMM.dll
0x00007ffb93ff0000 - 0x00007ffb93ffb000 	C:\WINDOWS\SYSTEM32\VERSION.dll
0x00007ffba4f70000 - 0x00007ffba4f85000 	C:\WINDOWS\SYSTEM32\UMPDC.dll
0x00007ffba3dd0000 - 0x00007ffba3deb000 	C:\WINDOWS\SYSTEM32\kernel.appcore.dll
0x00007ffb8aef0000 - 0x00007ffb8aefa000 	C:\Users\LENOVO\.antigravity-ide\extensions\redhat.java-1.56.0-win32-x64\jre\21.0.12.1-win32-x86_64\bin\jimage.dll
0x00007ffba2480000 - 0x00007ffba26cc000 	C:\WINDOWS\SYSTEM32\DBGHELP.DLL
0x00007ffba7950000 - 0x00007ffba7cd5000 	C:\WINDOWS\System32\combase.dll
0x00007ffba62c0000 - 0x00007ffba6399000 	C:\WINDOWS\System32\OLEAUT32.dll
0x00007ffb8c4f0000 - 0x00007ffb8c52b000 	C:\WINDOWS\SYSTEM32\dbgcore.DLL
0x00007ffba5a10000 - 0x00007ffba5abc000 	C:\WINDOWS\System32\bcryptPrimitives.dll
0x00007ffb833e0000 - 0x00007ffb833ef000 	C:\Users\LENOVO\.antigravity-ide\extensions\redhat.java-1.56.0-win32-x64\jre\21.0.12.1-win32-x86_64\bin\instrument.dll
0x00007ffb85ab0000 - 0x00007ffb85ad0000 	C:\Users\LENOVO\.antigravity-ide\extensions\redhat.java-1.56.0-win32-x64\jre\21.0.12.1-win32-x86_64\bin\java.dll
0x00007ffba68f0000 - 0x00007ffba7088000 	C:\WINDOWS\System32\SHELL32.dll
0x00007ffba2b60000 - 0x00007ffba340e000 	C:\WINDOWS\SYSTEM32\windows.storage.dll
0x00007ffba7d30000 - 0x00007ffba7e2b000 	C:\WINDOWS\System32\SHCORE.dll
0x00007ffba67d0000 - 0x00007ffba6836000 	C:\WINDOWS\System32\shlwapi.dll
0x00007ffba5060000 - 0x00007ffba5089000 	C:\WINDOWS\SYSTEM32\profapi.dll
0x00007ffb72140000 - 0x00007ffb72158000 	C:\Users\LENOVO\.antigravity-ide\extensions\redhat.java-1.56.0-win32-x64\jre\21.0.12.1-win32-x86_64\bin\zip.dll
0x00007ffb833f0000 - 0x00007ffb83400000 	C:\Users\LENOVO\.antigravity-ide\extensions\redhat.java-1.56.0-win32-x64\jre\21.0.12.1-win32-x86_64\bin\net.dll
0x00007ffb9d7d0000 - 0x00007ffb9d8fa000 	C:\WINDOWS\SYSTEM32\WINHTTP.dll
0x00007ffba4370000 - 0x00007ffba43dc000 	C:\WINDOWS\system32\mswsock.dll
0x00007ffb721a0000 - 0x00007ffb721b6000 	C:\Users\LENOVO\.antigravity-ide\extensions\redhat.java-1.56.0-win32-x64\jre\21.0.12.1-win32-x86_64\bin\nio.dll
0x00007ffb72520000 - 0x00007ffb72530000 	C:\Users\LENOVO\.antigravity-ide\extensions\redhat.java-1.56.0-win32-x64\jre\21.0.12.1-win32-x86_64\bin\verify.dll
0x00007ffb4bb90000 - 0x00007ffb4bbb7000 	C:\Users\LENOVO\.gradle\native\1def1411415f61bf3af743bc5b6707747c0891f09f0c88961ee8f79bc544acac\windows-amd64\native-platform.dll
0x00007ffb4a110000 - 0x00007ffb4a188000 	C:\Users\LENOVO\.gradle\native\0.2.7\x86_64-windows-gnu\gradle-fileevents.dll
0x00007ffb72160000 - 0x00007ffb7216a000 	C:\Users\LENOVO\.antigravity-ide\extensions\redhat.java-1.56.0-win32-x64\jre\21.0.12.1-win32-x86_64\bin\management.dll
0x00007ffb6c490000 - 0x00007ffb6c49c000 	C:\Users\LENOVO\.antigravity-ide\extensions\redhat.java-1.56.0-win32-x64\jre\21.0.12.1-win32-x86_64\bin\management_ext.dll
0x00007ffba5db0000 - 0x00007ffba5db8000 	C:\WINDOWS\System32\PSAPI.DLL
0x00007ffba3780000 - 0x00007ffba37b3000 	C:\WINDOWS\SYSTEM32\IPHLPAPI.DLL
0x00007ffba7120000 - 0x00007ffba712a000 	C:\WINDOWS\System32\NSI.dll
0x00007ffb66b60000 - 0x00007ffb66b69000 	C:\Users\LENOVO\.antigravity-ide\extensions\redhat.java-1.56.0-win32-x64\jre\21.0.12.1-win32-x86_64\bin\extnet.dll
0x00007ffba4790000 - 0x00007ffba47ab000 	C:\WINDOWS\SYSTEM32\CRYPTSP.dll
0x00007ffba3d30000 - 0x00007ffba3d69000 	C:\WINDOWS\system32\rsaenh.dll
0x00007ffba4420000 - 0x00007ffba4454000 	C:\WINDOWS\SYSTEM32\USERENV.dll
0x00007ffba5030000 - 0x00007ffba505a000 	C:\WINDOWS\SYSTEM32\bcrypt.dll
0x00007ffba45d0000 - 0x00007ffba45dc000 	C:\WINDOWS\SYSTEM32\CRYPTBASE.dll
0x00007ffb4ab20000 - 0x00007ffb4ab2e000 	C:\Users\LENOVO\.antigravity-ide\extensions\redhat.java-1.56.0-win32-x64\jre\21.0.12.1-win32-x86_64\bin\sunmscapi.dll
0x00007ffba5ad0000 - 0x00007ffba5c4e000 	C:\WINDOWS\System32\CRYPT32.dll
0x00007ffba4900000 - 0x00007ffba4930000 	C:\WINDOWS\SYSTEM32\ncrypt.dll
0x00007ffba48b0000 - 0x00007ffba48ef000 	C:\WINDOWS\SYSTEM32\NTASN1.dll
0x00007ffb7b120000 - 0x00007ffb7b128000 	C:\WINDOWS\system32\wshunix.dll

JVMTI agents:
C:\Users\LENOVO\.gradle\wrapper\dists\gradle-8.14-bin\38aieal9i53h9rfe7vjup95b9\gradle-8.14\lib\agents\gradle-instrumentation-agent-8.14.jar path:C:\Users\LENOVO\.antigravity-ide\extensions\redhat.java-1.56.0-win32-x64\jre\21.0.12.1-win32-x86_64\bin\instrument.dll, loaded, initialized, instrumentlib options:none

dbghelp: loaded successfully - version: 4.0.5 - missing functions: none
symbol engine: initialized successfully - sym options: 0x614 - pdb path: .;C:\Users\LENOVO\.antigravity-ide\extensions\redhat.java-1.56.0-win32-x64\jre\21.0.12.1-win32-x86_64\bin;C:\WINDOWS\SYSTEM32;C:\WINDOWS\WinSxS\amd64_microsoft.windows.common-controls_6595b64144ccf1df_6.0.26100.9278_none_3e0d1ba8e3303201;C:\Users\LENOVO\.antigravity-ide\extensions\redhat.java-1.56.0-win32-x64\jre\21.0.12.1-win32-x86_64\bin\server;C:\Users\LENOVO\.gradle\native\1def1411415f61bf3af743bc5b6707747c0891f09f0c88961ee8f79bc544acac\windows-amd64;C:\Users\LENOVO\.gradle\native\0.2.7\x86_64-windows-gnu

VM Arguments:
jvm_args: --add-opens=java.base/java.lang=ALL-UNNAMED --add-opens=java.base/java.lang.invoke=ALL-UNNAMED --add-opens=java.base/java.util=ALL-UNNAMED --add-opens=java.prefs/java.util.prefs=ALL-UNNAMED --add-exports=jdk.compiler/com.sun.tools.javac.api=ALL-UNNAMED --add-exports=jdk.compiler/com.sun.tools.javac.util=ALL-UNNAMED --add-opens=java.base/java.util=ALL-UNNAMED --add-opens=java.prefs/java.util.prefs=ALL-UNNAMED --add-opens=java.base/java.nio.charset=ALL-UNNAMED --add-opens=java.base/java.net=ALL-UNNAMED --add-opens=java.base/java.util.concurrent.atomic=ALL-UNNAMED --add-opens=java.xml/javax.xml.namespace=ALL-UNNAMED -Xmx1024m -Dfile.encoding=UTF-8 -Duser.country=US -Duser.language=en -Duser.variant -javaagent:C:\Users\LENOVO\.gradle\wrapper\dists\gradle-8.14-bin\38aieal9i53h9rfe7vjup95b9\gradle-8.14\lib\agents\gradle-instrumentation-agent-8.14.jar 
java_command: org.gradle.launcher.daemon.bootstrap.GradleDaemon 8.14
java_class_path (initial): C:\Users\LENOVO\.gradle\wrapper\dists\gradle-8.14-bin\38aieal9i53h9rfe7vjup95b9\gradle-8.14\lib\gradle-daemon-main-8.14.jar
Launcher Type: SUN_STANDARD

[Global flags]
     intx CICompilerCount                          = 4                                         {product} {ergonomic}
     uint ConcGCThreads                            = 2                                         {product} {ergonomic}
     uint G1ConcRefinementThreads                  = 8                                         {product} {ergonomic}
   size_t G1HeapRegionSize                         = 1048576                                   {product} {ergonomic}
    uintx GCDrainStackTargetSize                   = 64                                        {product} {ergonomic}
   size_t InitialHeapSize                          = 98566144                                  {product} {ergonomic}
   size_t MarkStackSize                            = 4194304                                   {product} {ergonomic}
   size_t MaxHeapSize                              = 1073741824                                {product} {command line}
   size_t MaxNewSize                               = 643825664                                 {product} {ergonomic}
   size_t MinHeapDeltaBytes                        = 1048576                                   {product} {ergonomic}
   size_t MinHeapSize                              = 8388608                                   {product} {ergonomic}
    uintx NonNMethodCodeHeapSize                   = 5839372                                {pd product} {ergonomic}
    uintx NonProfiledCodeHeapSize                  = 122909434                              {pd product} {ergonomic}
    uintx ProfiledCodeHeapSize                     = 122909434                              {pd product} {ergonomic}
    uintx ReservedCodeCacheSize                    = 251658240                              {pd product} {ergonomic}
     bool SegmentedCodeCache                       = true                                      {product} {ergonomic}
   size_t SoftMaxHeapSize                          = 1073741824                             {manageable} {ergonomic}
     bool UseCompressedOops                        = true                           {product lp64_product} {ergonomic}
     bool UseG1GC                                  = true                                      {product} {ergonomic}
     bool UseLargePagesIndividualAllocation        = false                                  {pd product} {ergonomic}

Logging:
Log output configuration:
 #0: stdout all=warning uptime,level,tags foldmultilines=false
 #1: stderr all=off uptime,level,tags foldmultilines=false

Release file:
JAVA_VERSION="21.0.12.1" 
MODULES="java.base java.compiler java.datatransfer java.xml java.prefs java.desktop java.instrument java.logging java.management java.security.sasl java.naming java.rmi java.management.rmi java.net.http java.scripting java.security.jgss java.transaction.xa java.sql java.sql.rowset java.xml.crypto java.se java.smartcardio jdk.accessibility jdk.internal.jvmstat jdk.attach jdk.charsets jdk.internal.opt jdk.zipfs jdk.compiler jdk.crypto.ec jdk.crypto.cryptoki jdk.crypto.mscapi jdk.dynalink jdk.internal.ed jdk.editpad jdk.hotspot.agent jdk.httpserver jdk.internal.le jdk.internal.vm.ci jdk.internal.vm.compiler jdk.internal.vm.compiler.management jdk.jartool jdk.javadoc jdk.jcmd jdk.management jdk.management.agent jdk.jconsole jdk.jdeps jdk.jdwp.agent jdk.jdi jdk.jfr jdk.jshell jdk.jsobject jdk.jstatd jdk.localedata jdk.management.jfr jdk.naming.dns jdk.naming.rmi jdk.net jdk.nio.mapmode jdk.random jdk.sctp jdk.security.auth jdk.security.jgss jdk.unsupported jdk.unsupported.desktop jdk.xml.dom" 

Environment Variables:
JAVA_HOME=C:\Program Files\Android\Android Studio\jbr
PATH=C:\WINDOWS\system32;C:\WINDOWS;C:\WINDOWS\System32\Wbem;C:\WINDOWS\System32\WindowsPowerShell\v1.0\;C:\WINDOWS\System32\OpenSSH\;C:\Program Files\Docker\Docker\resources\bin;C:\Program Files\nodejs\;C:\Program Files\Git\cmd;C:\Users\LENOVO\AppData\Local\Programs\Python\Python312\Scripts\;C:\Users\LENOVO\AppData\Local\Programs\Python\Python312\;C:\Users\LENOVO\AppData\Local\Programs\Python\Launcher\;C:\Users\LENOVO\AppData\Local\Programs\Python\Python314\Scripts\;C:\Users\LENOVO\AppData\Local\Programs\Python\Python314\;C:\Users\LENOVO\AppData\Local\Microsoft\WindowsApps;C:\Users\LENOVO\AppData\Local\Programs\Antigravity\bin;C:\Users\LENOVO\AppData\Roaming\npm;C:\ScrcpyLauncher by praveen;C:\Users\LENOVO\AppData\Local\PowerToys\DSCModules\;C:\Users\LENOVO\AppData\Local\Programs\Antigravity IDE\bin
USERNAME=LENOVO
OS=Windows_NT
PROCESSOR_IDENTIFIER=AMD64 Family 23 Model 160 Stepping 0, AuthenticAMD
TMP=C:\Users\LENOVO\AppData\Local\Temp
TEMP=C:\Users\LENOVO\AppData\Local\Temp




Periodic native trim disabled

---------------  S Y S T E M  ---------------

OS:
 Windows 11 , 64 bit Build 26100 (10.0.26100.9444)
OS uptime: 3 days 17:47 hours
Hyper-V role detected

CPU: total 8 (initial active 8) (8 cores per cpu, 2 threads per core) family 23 model 160 stepping 0 microcode 0x8a0000a, cx8, cmov, fxsr, ht, mmx, 3dnowpref, sse, sse2, sse3, ssse3, sse4a, sse4.1, sse4.2, popcnt, lzcnt, tsc, tscinvbit, avx, avx2, aes, clmul, bmi1, bmi2, adx, sha, fma, vzeroupper, clflush, clflushopt, hv, rdtscp, rdpid, f16c
Processor Information for the first 8 processors :
  Max Mhz: 2401, Current Mhz: 2401, Mhz Limit: 2401

Memory: 4k page, system-wide physical 5965M (117M free)
TotalPageFile size 24397M (AvailPageFile size 3M)
current process WorkingSet (physical memory assigned to process): 210M, peak: 219M
current process commit charge ("private bytes"): 306M, peak: 310M

vm_info: OpenJDK 64-Bit Server VM (21.0.12.1+1-LTS) for windows-amd64 JRE (21.0.12.1+1-LTS), built on 2026-08-18T00:00:00Z by "admin" with MS VC++ 17.12 (VS2022)

END.
