#
# There is insufficient memory for the Java Runtime Environment to continue.
# Native memory allocation (malloc) failed to allocate 316816 bytes. Error detail: Chunk::new
# Possible reasons:
#   The system is out of physical RAM or swap space
#   This process is running with CompressedOops enabled, and the Java Heap may be blocking the growth of the native heap
# Possible solutions:
#   Reduce memory load on the system
#   Increase physical memory or swap space
#   Check if swap backing store is full
#   Decrease Java heap size (-Xmx/-Xms)
#   Decrease number of Java threads
#   Decrease Java thread stack sizes (-Xss)
#   Set larger code cache with -XX:ReservedCodeCacheSize=
#   JVM is running with Unscaled Compressed Oops mode in which the Java heap is
#     placed in the first 4GB address space. The Java Heap base address is the
#     maximum limit for the native heap growth. Please use -XX:HeapBaseMinAddress
#     to set the Java Heap base and to place the Java Heap above 4GB virtual address.
# This output file may be truncated or incomplete.
#
#  Out of Memory Error (arena.cpp:168), pid=13556, tid=21928
#
# JRE version: OpenJDK Runtime Environment Temurin-21.0.12.1+1 (21.0.12.1+1) (build 21.0.12.1+1-LTS)
# Java VM: OpenJDK 64-Bit Server VM Temurin-21.0.12.1+1 (21.0.12.1+1-LTS, mixed mode, sharing, tiered, compressed oops, compressed class ptrs, g1 gc, windows-amd64)
# No core dump will be written. Minidumps are not enabled by default on client versions of Windows
#

---------------  S U M M A R Y ------------

Command Line: --add-opens=java.base/java.lang=ALL-UNNAMED --add-opens=java.base/java.lang.invoke=ALL-UNNAMED --add-opens=java.base/java.util=ALL-UNNAMED --add-opens=java.prefs/java.util.prefs=ALL-UNNAMED --add-exports=jdk.compiler/com.sun.tools.javac.api=ALL-UNNAMED --add-exports=jdk.compiler/com.sun.tools.javac.util=ALL-UNNAMED --add-opens=java.base/java.util=ALL-UNNAMED --add-opens=java.prefs/java.util.prefs=ALL-UNNAMED --add-opens=java.base/java.nio.charset=ALL-UNNAMED --add-opens=java.base/java.net=ALL-UNNAMED --add-opens=java.base/java.util.concurrent.atomic=ALL-UNNAMED --add-opens=java.xml/javax.xml.namespace=ALL-UNNAMED -Xmx1024m -Dfile.encoding=UTF-8 -Duser.country=US -Duser.language=en -Duser.variant -javaagent:C:\Users\LENOVO\.gradle\wrapper\dists\gradle-8.14-bin\38aieal9i53h9rfe7vjup95b9\gradle-8.14\lib\agents\gradle-instrumentation-agent-8.14.jar org.gradle.launcher.daemon.bootstrap.GradleDaemon 8.14

Host: AMD Ryzen 3 7320U with Radeon Graphics         , 8 cores, 5G,  Windows 11 , 64 bit Build 26100 (10.0.26100.9444)
Time: Sat Oct  3 10:02:16 2026 Nepal Standard Time elapsed time: 101.877225 seconds (0d 0h 1m 41s)

---------------  T H R E A D  ---------------

Current thread (0x00000294007d0ee0):  JavaThread "C2 CompilerThread0" daemon [_thread_in_native, id=21928, stack(0x000000f1d5200000,0x000000f1d5300000) (1024K)]


Current CompileTask:
C2:101877 13912       4       java.lang.invoke.LambdaFormBuffer::insertName (106 bytes)

Stack: [0x000000f1d5200000,0x000000f1d5300000]
Native frames: (J=compiled Java code, j=interpreted, Vv=VM code, C=native code)
V  [jvm.dll+0x6d83e9]
V  [jvm.dll+0x8b5736]
V  [jvm.dll+0x8b7cee]
V  [jvm.dll+0x8b83d3]
V  [jvm.dll+0x284596]
V  [jvm.dll+0xc685d]
V  [jvm.dll+0xc6da1]
V  [jvm.dll+0x3bf18b]
V  [jvm.dll+0x38b6d2]
V  [jvm.dll+0x38ab1a]
V  [jvm.dll+0x24c700]
V  [jvm.dll+0x24bce0]
V  [jvm.dll+0x1cb4ae]
V  [jvm.dll+0x25baad]
V  [jvm.dll+0x25a03a]
V  [jvm.dll+0x3f8aae]
V  [jvm.dll+0x8600cd]
V  [jvm.dll+0x6d6c1d]
C  [ucrtbase.dll+0x2cd30]
C  [KERNEL32.DLL+0x2cd87]
C  [ntdll.dll+0xacaec]


---------------  P R O C E S S  ---------------

Threads class SMR info:
_java_thread_list=0x000002944b167d10, length=36, elements={
0x0000029468117610, 0x00000294007c9320, 0x00000294007caaa0, 0x00000294007ce230,
0x00000294007cec90, 0x00000294007cf6f0, 0x00000294007d0150, 0x00000294007d0ee0,
0x00000294007d8660, 0x0000029400a726b0, 0x0000029400a91c80, 0x000002944758d140,
0x000002944754e320, 0x000002944766a0e0, 0x00000294476a5810, 0x000002944781ec30,
0x000002944781ffe0, 0x000002944781e5a0, 0x000002944781f2c0, 0x000002944781f950,
0x00000294493fe1d0, 0x00000294493fc790, 0x00000294493fe860, 0x00000294493feef0,
0x00000294493fc100, 0x0000029446ca7e60, 0x0000029449402370, 0x000002944b6d7240,
0x0000029446c10190, 0x0000029446c0e750, 0x0000029446c0ede0, 0x0000029446c0f470,
0x0000029448786130, 0x00000294487867c0, 0x0000029448786e50, 0x0000029448788890
}

Java Threads: ( => current thread )
  0x0000029468117610 JavaThread "main"                              [_thread_blocked, id=21520, stack(0x000000f1d4400000,0x000000f1d4500000) (1024K)]
  0x00000294007c9320 JavaThread "Reference Handler"          daemon [_thread_blocked, id=35608, stack(0x000000f1d4c00000,0x000000f1d4d00000) (1024K)]
  0x00000294007caaa0 JavaThread "Finalizer"                  daemon [_thread_blocked, id=3872, stack(0x000000f1d4d00000,0x000000f1d4e00000) (1024K)]
  0x00000294007ce230 JavaThread "Signal Dispatcher"          daemon [_thread_blocked, id=29940, stack(0x000000f1d4e00000,0x000000f1d4f00000) (1024K)]
  0x00000294007cec90 JavaThread "Attach Listener"            daemon [_thread_blocked, id=30200, stack(0x000000f1d4f00000,0x000000f1d5000000) (1024K)]
  0x00000294007cf6f0 JavaThread "Service Thread"             daemon [_thread_in_vm, id=20800, stack(0x000000f1d5000000,0x000000f1d5100000) (1024K)]
  0x00000294007d0150 JavaThread "Monitor Deflation Thread"   daemon [_thread_blocked, id=31216, stack(0x000000f1d5100000,0x000000f1d5200000) (1024K)]
=>0x00000294007d0ee0 JavaThread "C2 CompilerThread0"         daemon [_thread_in_native, id=21928, stack(0x000000f1d5200000,0x000000f1d5300000) (1024K)]
  0x00000294007d8660 JavaThread "C1 CompilerThread0"         daemon [_thread_blocked, id=23668, stack(0x000000f1d5300000,0x000000f1d5400000) (1024K)]
  0x0000029400a726b0 JavaThread "Common-Cleaner"             daemon [_thread_blocked, id=7804, stack(0x000000f1d5400000,0x000000f1d5500000) (1024K)]
  0x0000029400a91c80 JavaThread "Notification Thread"        daemon [_thread_blocked, id=35272, stack(0x000000f1d5500000,0x000000f1d5600000) (1024K)]
  0x000002944758d140 JavaThread "Daemon health stats"               [_thread_blocked, id=5544, stack(0x000000f1d5a00000,0x000000f1d5b00000) (1024K)]
  0x000002944754e320 JavaThread "Incoming local TCP Connector on port 32445"        [_thread_in_native, id=22832, stack(0x000000f1d5b00000,0x000000f1d5c00000) (1024K)]
  0x000002944766a0e0 JavaThread "Daemon periodic checks"            [_thread_blocked, id=30812, stack(0x000000f1d5c00000,0x000000f1d5d00000) (1024K)]
  0x00000294476a5810 JavaThread "Daemon"                            [_thread_blocked, id=33664, stack(0x000000f1d5d00000,0x000000f1d5e00000) (1024K)]
  0x000002944781ec30 JavaThread "Daemon worker"                     [_thread_in_native, id=6612, stack(0x000000f1d6000000,0x000000f1d6100000) (1024K)]
  0x000002944781ffe0 JavaThread "Cache worker for journal cache (C:\Users\LENOVO\.gradle\caches\journal-1)"        [_thread_blocked, id=6500, stack(0x000000f1d6700000,0x000000f1d6800000) (1024K)]
  0x000002944781e5a0 JavaThread "File lock request listener"        [_thread_in_native, id=33028, stack(0x000000f1d6800000,0x000000f1d6900000) (1024K)]
  0x000002944781f2c0 JavaThread "Cache worker for file hash cache (C:\Users\LENOVO\.gradle\caches\8.14\fileHashes)"        [_thread_blocked, id=33468, stack(0x000000f1d6900000,0x000000f1d6a00000) (1024K)]
  0x000002944781f950 JavaThread "File lock release action executor"        [_thread_blocked, id=15972, stack(0x000000f1d6a00000,0x000000f1d6b00000) (1024K)]
  0x00000294493fe1d0 JavaThread "File watcher server"        daemon [_thread_in_native, id=14356, stack(0x000000f1d6e00000,0x000000f1d6f00000) (1024K)]
  0x00000294493fc790 JavaThread "File watcher consumer"      daemon [_thread_blocked, id=14344, stack(0x000000f1d6f00000,0x000000f1d7000000) (1024K)]
  0x00000294493fe860 JavaThread "jar transforms"                    [_thread_blocked, id=3088, stack(0x000000f1d7000000,0x000000f1d7100000) (1024K)]
  0x00000294493feef0 JavaThread "jar transforms Thread 2"           [_thread_blocked, id=33056, stack(0x000000f1d7100000,0x000000f1d7200000) (1024K)]
  0x00000294493fc100 JavaThread "Cache worker for file content cache (C:\Users\LENOVO\.gradle\caches\8.14\fileContent)"        [_thread_blocked, id=24388, stack(0x000000f1d7300000,0x000000f1d7400000) (1024K)]
  0x0000029446ca7e60 JavaThread "Memory manager"                    [_thread_blocked, id=35592, stack(0x000000f1d9c00000,0x000000f1d9d00000) (1024K)]
  0x0000029449402370 JavaThread "jar transforms Thread 3"           [_thread_blocked, id=35220, stack(0x000000f1d4300000,0x000000f1d4400000) (1024K)]
  0x000002944b6d7240 JavaThread "jar transforms Thread 4"           [_thread_blocked, id=34708, stack(0x000000f1d9e00000,0x000000f1d9f00000) (1024K)]
  0x0000029446c10190 JavaThread "VFS cleanup"                       [_thread_blocked, id=34512, stack(0x000000f1d4100000,0x000000f1d4200000) (1024K)]
  0x0000029446c0e750 JavaThread "Handler for socket connection from /127.0.0.1:32445 to /127.0.0.1:7528"        [_thread_in_native, id=22568, stack(0x000000f1d4200000,0x000000f1d4300000) (1024K)]
  0x0000029446c0ede0 JavaThread "Cancel handler"                    [_thread_blocked, id=34948, stack(0x000000f1d5e00000,0x000000f1d5f00000) (1024K)]
  0x0000029446c0f470 JavaThread "Asynchronous log dispatcher for DefaultDaemonConnection: socket connection from /127.0.0.1:32445 to /127.0.0.1:7528"        [_thread_blocked, id=14932, stack(0x000000f1d5f00000,0x000000f1d6000000) (1024K)]
  0x0000029448786130 JavaThread "Stdin handler"                     [_thread_blocked, id=23132, stack(0x000000f1d6100000,0x000000f1d6200000) (1024K)]
  0x00000294487867c0 JavaThread "Daemon client event forwarder"        [_thread_blocked, id=14076, stack(0x000000f1d6200000,0x000000f1d6300000) (1024K)]
  0x0000029448786e50 JavaThread "Cache worker for file hash cache (C:\Users\LENOVO\Desktop\HeliBoard-main\.gradle\8.14\fileHashes)"        [_thread_blocked, id=15916, stack(0x000000f1d6300000,0x000000f1d6400000) (1024K)]
  0x0000029448788890 JavaThread "Cache worker for checksums cache (C:\Users\LENOVO\Desktop\HeliBoard-main\.gradle\8.14\checksums)"        [_thread_blocked, id=9548, stack(0x000000f1d6c00000,0x000000f1d6d00000) (1024K)]
Total: 36

Other Threads:
  0x00000294007ab290 VMThread "VM Thread"                           [id=35800, stack(0x000000f1d4b00000,0x000000f1d4c00000) (1024K)]
  0x0000029400799480 WatcherThread "VM Periodic Task Thread"        [id=35044, stack(0x000000f1d4a00000,0x000000f1d4b00000) (1024K)]
  0x000002946a3f8b60 WorkerThread "GC Thread#0"                     [id=33276, stack(0x000000f1d4500000,0x000000f1d4600000) (1024K)]
  0x0000029446076a70 WorkerThread "GC Thread#1"                     [id=9868, stack(0x000000f1d5600000,0x000000f1d5700000) (1024K)]
  0x0000029446077600 WorkerThread "GC Thread#2"                     [id=32684, stack(0x000000f1d5700000,0x000000f1d5800000) (1024K)]
  0x00000294466b9220 WorkerThread "GC Thread#3"                     [id=5972, stack(0x000000f1d5800000,0x000000f1d5900000) (1024K)]
  0x00000294466c15e0 WorkerThread "GC Thread#4"                     [id=34848, stack(0x000000f1d5900000,0x000000f1d5a00000) (1024K)]
  0x0000029446d05650 WorkerThread "GC Thread#5"                     [id=19108, stack(0x000000f1d6400000,0x000000f1d6500000) (1024K)]
  0x000002944686eb60 WorkerThread "GC Thread#6"                     [id=13968, stack(0x000000f1d6500000,0x000000f1d6600000) (1024K)]
  0x0000029446888f00 WorkerThread "GC Thread#7"                     [id=19336, stack(0x000000f1d6600000,0x000000f1d6700000) (1024K)]
  0x000002946a402970 ConcurrentGCThread "G1 Main Marker"            [id=23512, stack(0x000000f1d4600000,0x000000f1d4700000) (1024K)]
  0x000002946a403290 WorkerThread "G1 Conc#0"                       [id=35312, stack(0x000000f1d4700000,0x000000f1d4800000) (1024K)]
  0x00000294498b6860 WorkerThread "G1 Conc#1"                       [id=35208, stack(0x000000f1d6b00000,0x000000f1d6c00000) (1024K)]
  0x00000294006710a0 ConcurrentGCThread "G1 Refine#0"               [id=28020, stack(0x000000f1d4800000,0x000000f1d4900000) (1024K)]
  0x0000029400671a30 ConcurrentGCThread "G1 Service"                [id=35596, stack(0x000000f1d4900000,0x000000f1d4a00000) (1024K)]
Total: 15

Threads with active compile tasks:
C2 CompilerThread0  101966 13912       4       java.lang.invoke.LambdaFormBuffer::insertName (106 bytes)
Total: 1

VM state: not at safepoint (normal execution)

VM Mutex/Monitor currently owned by a thread: None

Heap address: 0x00000000c0000000, size: 1024 MB, Compressed Oops mode: 32-bit

CDS archive(s) mapped at: [0x0000029401000000-0x0000029401ba0000-0x0000029401ba0000), size 12189696, SharedBaseAddress: 0x0000029401000000, ArchiveRelocationMode: 1.
Compressed class space mapped at: 0x0000029402000000-0x0000029442000000, reserved size: 1073741824
Narrow klass base: 0x0000029401000000, Narrow klass shift: 0, Narrow klass range: 0x100000000

GC Precious Log:
 CardTable entry size: 512
 Card Set container configuration: InlinePtr #cards 5 size 8 Array Of Cards #cards 12 size 40 Howl #buckets 4 coarsen threshold 1843 Howl Bitmap #cards 512 size 80 coarsen threshold 460 Card regions per heap region 1 cards per card region 2048
 CPUs: 8 total, 8 available
 Memory: 5965M
 Large Page Support: Disabled
 NUMA Support: Disabled
 Compressed Oops: Enabled (32-bit)
 Heap Region Size: 1M
 Heap Min Capacity: 8M
 Heap Initial Capacity: 94M
 Heap Max Capacity: 1G
 Pre-touch: Disabled
 Parallel Workers: 8
 Concurrent Workers: 2
 Concurrent Refinement Workers: 8
 Periodic GC: Disabled

Heap:
 garbage-first heap   total 183296K, used 113100K [0x00000000c0000000, 0x0000000100000000)
  region size 1024K, 6 young (6144K), 4 survivors (4096K)
 Metaspace       used 103691K, committed 106112K, reserved 1179648K
  class space    used 14650K, committed 15872K, reserved 1048576K

Heap Regions: E=young(eden), S=young(survivor), O=old, HS=humongous(starts), HC=humongous(continues), CS=collection set, F=free, TAMS=top-at-mark-start, PB=parsable bottom
|   0|0x00000000c0000000, 0x00000000c0100000, 0x00000000c0100000|100%|HS|  |TAMS 0x00000000c0000000| PB 0x00000000c0000000| Complete 
|   1|0x00000000c0100000, 0x00000000c0200000, 0x00000000c0200000|100%|HC|  |TAMS 0x00000000c0100000| PB 0x00000000c0100000| Complete 
|   2|0x00000000c0200000, 0x00000000c0300000, 0x00000000c0300000|100%|HC|  |TAMS 0x00000000c0200000| PB 0x00000000c0200000| Complete 
|   3|0x00000000c0300000, 0x00000000c0400000, 0x00000000c0400000|100%| O|  |TAMS 0x00000000c0300000| PB 0x00000000c0300000| Untracked 
|   4|0x00000000c0400000, 0x00000000c0500000, 0x00000000c0500000|100%| O|  |TAMS 0x00000000c0400000| PB 0x00000000c0400000| Untracked 
|   5|0x00000000c0500000, 0x00000000c0600000, 0x00000000c0600000|100%| O|  |TAMS 0x00000000c0500000| PB 0x00000000c0500000| Untracked 
|   6|0x00000000c0600000, 0x00000000c0700000, 0x00000000c0700000|100%|HS|  |TAMS 0x00000000c0600000| PB 0x00000000c0600000| Complete 
|   7|0x00000000c0700000, 0x00000000c0800000, 0x00000000c0800000|100%| O|  |TAMS 0x00000000c0700000| PB 0x00000000c0700000| Untracked 
|   8|0x00000000c0800000, 0x00000000c0900000, 0x00000000c0900000|100%| O|  |TAMS 0x00000000c0800000| PB 0x00000000c0800000| Untracked 
|   9|0x00000000c0900000, 0x00000000c0a00000, 0x00000000c0a00000|100%| O|  |TAMS 0x00000000c0900000| PB 0x00000000c0900000| Untracked 
|  10|0x00000000c0a00000, 0x00000000c0b00000, 0x00000000c0b00000|100%| O|  |TAMS 0x00000000c0a00000| PB 0x00000000c0a00000| Untracked 
|  11|0x00000000c0b00000, 0x00000000c0c00000, 0x00000000c0c00000|100%| O|  |TAMS 0x00000000c0b00000| PB 0x00000000c0b00000| Untracked 
|  12|0x00000000c0c00000, 0x00000000c0d00000, 0x00000000c0d00000|100%| O|  |TAMS 0x00000000c0c00000| PB 0x00000000c0c00000| Untracked 
|  13|0x00000000c0d00000, 0x00000000c0e00000, 0x00000000c0e00000|100%| O|  |TAMS 0x00000000c0d00000| PB 0x00000000c0d00000| Untracked 
|  14|0x00000000c0e00000, 0x00000000c0f00000, 0x00000000c0f00000|100%| O|  |TAMS 0x00000000c0e00000| PB 0x00000000c0e00000| Untracked 
|  15|0x00000000c0f00000, 0x00000000c1000000, 0x00000000c1000000|100%| O|  |TAMS 0x00000000c0f00000| PB 0x00000000c0f00000| Untracked 
|  16|0x00000000c1000000, 0x00000000c1100000, 0x00000000c1100000|100%| O|  |TAMS 0x00000000c1000000| PB 0x00000000c1000000| Untracked 
|  17|0x00000000c1100000, 0x00000000c1200000, 0x00000000c1200000|100%| O|  |TAMS 0x00000000c1100000| PB 0x00000000c1100000| Untracked 
|  18|0x00000000c1200000, 0x00000000c1300000, 0x00000000c1300000|100%| O|  |TAMS 0x00000000c1200000| PB 0x00000000c1200000| Untracked 
|  19|0x00000000c1300000, 0x00000000c1400000, 0x00000000c1400000|100%| O|  |TAMS 0x00000000c1300000| PB 0x00000000c1300000| Untracked 
|  20|0x00000000c1400000, 0x00000000c1500000, 0x00000000c1500000|100%| O|  |TAMS 0x00000000c1400000| PB 0x00000000c1400000| Untracked 
|  21|0x00000000c1500000, 0x00000000c1600000, 0x00000000c1600000|100%| O|  |TAMS 0x00000000c1500000| PB 0x00000000c1500000| Untracked 
|  22|0x00000000c1600000, 0x00000000c1700000, 0x00000000c1700000|100%| O|  |TAMS 0x00000000c1600000| PB 0x00000000c1600000| Untracked 
|  23|0x00000000c1700000, 0x00000000c1800000, 0x00000000c1800000|100%| O|  |TAMS 0x00000000c1700000| PB 0x00000000c1700000| Untracked 
|  24|0x00000000c1800000, 0x00000000c1900000, 0x00000000c1900000|100%| O|  |TAMS 0x00000000c1800000| PB 0x00000000c1800000| Untracked 
|  25|0x00000000c1900000, 0x00000000c1a00000, 0x00000000c1a00000|100%| O|  |TAMS 0x00000000c1900000| PB 0x00000000c1900000| Untracked 
|  26|0x00000000c1a00000, 0x00000000c1b00000, 0x00000000c1b00000|100%| O|  |TAMS 0x00000000c1a00000| PB 0x00000000c1a00000| Untracked 
|  27|0x00000000c1b00000, 0x00000000c1c00000, 0x00000000c1c00000|100%| O|  |TAMS 0x00000000c1b00000| PB 0x00000000c1b00000| Untracked 
|  28|0x00000000c1c00000, 0x00000000c1d00000, 0x00000000c1d00000|100%| O|  |TAMS 0x00000000c1c00000| PB 0x00000000c1c00000| Untracked 
|  29|0x00000000c1d00000, 0x00000000c1e00000, 0x00000000c1e00000|100%| O|  |TAMS 0x00000000c1d00000| PB 0x00000000c1d00000| Untracked 
|  30|0x00000000c1e00000, 0x00000000c1f00000, 0x00000000c1f00000|100%| O|  |TAMS 0x00000000c1e00000| PB 0x00000000c1e00000| Untracked 
|  31|0x00000000c1f00000, 0x00000000c2000000, 0x00000000c2000000|100%| O|  |TAMS 0x00000000c1f00000| PB 0x00000000c1f00000| Untracked 
|  32|0x00000000c2000000, 0x00000000c2100000, 0x00000000c2100000|100%| O|  |TAMS 0x00000000c2000000| PB 0x00000000c2000000| Untracked 
|  33|0x00000000c2100000, 0x00000000c2200000, 0x00000000c2200000|100%| O|  |TAMS 0x00000000c2100000| PB 0x00000000c2100000| Untracked 
|  34|0x00000000c2200000, 0x00000000c2300000, 0x00000000c2300000|100%| O|  |TAMS 0x00000000c2200000| PB 0x00000000c2200000| Untracked 
|  35|0x00000000c2300000, 0x00000000c2400000, 0x00000000c2400000|100%| O|  |TAMS 0x00000000c2300000| PB 0x00000000c2300000| Untracked 
|  36|0x00000000c2400000, 0x00000000c2500000, 0x00000000c2500000|100%| O|  |TAMS 0x00000000c2400000| PB 0x00000000c2400000| Untracked 
|  37|0x00000000c2500000, 0x00000000c2600000, 0x00000000c2600000|100%| O|  |TAMS 0x00000000c2500000| PB 0x00000000c2500000| Untracked 
|  38|0x00000000c2600000, 0x00000000c2700000, 0x00000000c2700000|100%| O|  |TAMS 0x00000000c2600000| PB 0x00000000c2600000| Untracked 
|  39|0x00000000c2700000, 0x00000000c2800000, 0x00000000c2800000|100%| O|  |TAMS 0x00000000c2700000| PB 0x00000000c2700000| Untracked 
|  40|0x00000000c2800000, 0x00000000c2900000, 0x00000000c2900000|100%|HS|  |TAMS 0x00000000c2800000| PB 0x00000000c2800000| Complete 
|  41|0x00000000c2900000, 0x00000000c2a00000, 0x00000000c2a00000|100%|HS|  |TAMS 0x00000000c2900000| PB 0x00000000c2900000| Complete 
|  42|0x00000000c2a00000, 0x00000000c2b00000, 0x00000000c2b00000|100%|HC|  |TAMS 0x00000000c2a00000| PB 0x00000000c2a00000| Complete 
|  43|0x00000000c2b00000, 0x00000000c2c00000, 0x00000000c2c00000|100%|HS|  |TAMS 0x00000000c2b00000| PB 0x00000000c2b00000| Complete 
|  44|0x00000000c2c00000, 0x00000000c2d00000, 0x00000000c2d00000|100%| O|  |TAMS 0x00000000c2c00000| PB 0x00000000c2c00000| Untracked 
|  45|0x00000000c2d00000, 0x00000000c2e00000, 0x00000000c2e00000|100%| O|  |TAMS 0x00000000c2d00000| PB 0x00000000c2d00000| Untracked 
|  46|0x00000000c2e00000, 0x00000000c2f00000, 0x00000000c2f00000|100%| O|  |TAMS 0x00000000c2e00000| PB 0x00000000c2e00000| Untracked 
|  47|0x00000000c2f00000, 0x00000000c3000000, 0x00000000c3000000|100%| O|  |TAMS 0x00000000c2f00000| PB 0x00000000c2f00000| Untracked 
|  48|0x00000000c3000000, 0x00000000c3100000, 0x00000000c3100000|100%|HS|  |TAMS 0x00000000c3000000| PB 0x00000000c3000000| Complete 
|  49|0x00000000c3100000, 0x00000000c3200000, 0x00000000c3200000|100%|HS|  |TAMS 0x00000000c3100000| PB 0x00000000c3100000| Complete 
|  50|0x00000000c3200000, 0x00000000c3300000, 0x00000000c3300000|100%|HS|  |TAMS 0x00000000c3200000| PB 0x00000000c3200000| Complete 
|  51|0x00000000c3300000, 0x00000000c3400000, 0x00000000c3400000|100%|HC|  |TAMS 0x00000000c3300000| PB 0x00000000c3300000| Complete 
|  52|0x00000000c3400000, 0x00000000c3500000, 0x00000000c3500000|100%|HS|  |TAMS 0x00000000c3400000| PB 0x00000000c3400000| Complete 
|  53|0x00000000c3500000, 0x00000000c3600000, 0x00000000c3600000|100%|HS|  |TAMS 0x00000000c3500000| PB 0x00000000c3500000| Complete 
|  54|0x00000000c3600000, 0x00000000c3700000, 0x00000000c3700000|100%| O|  |TAMS 0x00000000c3600000| PB 0x00000000c3600000| Untracked 
|  55|0x00000000c3700000, 0x00000000c3800000, 0x00000000c3800000|100%| O|  |TAMS 0x00000000c3700000| PB 0x00000000c3700000| Untracked 
|  56|0x00000000c3800000, 0x00000000c3900000, 0x00000000c3900000|100%| O|  |TAMS 0x00000000c3800000| PB 0x00000000c3800000| Untracked 
|  57|0x00000000c3900000, 0x00000000c3a00000, 0x00000000c3a00000|100%| O|  |TAMS 0x00000000c3900000| PB 0x00000000c3900000| Untracked 
|  58|0x00000000c3a00000, 0x00000000c3b00000, 0x00000000c3b00000|100%| O|  |TAMS 0x00000000c3a00000| PB 0x00000000c3a00000| Untracked 
|  59|0x00000000c3b00000, 0x00000000c3c00000, 0x00000000c3c00000|100%| O|  |TAMS 0x00000000c3b00000| PB 0x00000000c3b00000| Untracked 
|  60|0x00000000c3c00000, 0x00000000c3d00000, 0x00000000c3d00000|100%| O|  |TAMS 0x00000000c3c00000| PB 0x00000000c3c00000| Untracked 
|  61|0x00000000c3d00000, 0x00000000c3e00000, 0x00000000c3e00000|100%| O|  |TAMS 0x00000000c3d00000| PB 0x00000000c3d00000| Untracked 
|  62|0x00000000c3e00000, 0x00000000c3f00000, 0x00000000c3f00000|100%| O|  |TAMS 0x00000000c3e00000| PB 0x00000000c3e00000| Untracked 
|  63|0x00000000c3f00000, 0x00000000c4000000, 0x00000000c4000000|100%| O|  |TAMS 0x00000000c3f00000| PB 0x00000000c3f00000| Untracked 
|  64|0x00000000c4000000, 0x00000000c4100000, 0x00000000c4100000|100%| O|  |TAMS 0x00000000c4000000| PB 0x00000000c4000000| Untracked 
|  65|0x00000000c4100000, 0x00000000c4200000, 0x00000000c4200000|100%| O|  |TAMS 0x00000000c4100000| PB 0x00000000c4100000| Untracked 
|  66|0x00000000c4200000, 0x00000000c4300000, 0x00000000c4300000|100%|HS|  |TAMS 0x00000000c4200000| PB 0x00000000c4200000| Complete 
|  67|0x00000000c4300000, 0x00000000c4400000, 0x00000000c4400000|100%| O|  |TAMS 0x00000000c4300000| PB 0x00000000c4300000| Untracked 
|  68|0x00000000c4400000, 0x00000000c4500000, 0x00000000c4500000|100%| O|  |TAMS 0x00000000c4400000| PB 0x00000000c4400000| Untracked 
|  69|0x00000000c4500000, 0x00000000c4600000, 0x00000000c4600000|100%| O|Cm|TAMS 0x00000000c4500000| PB 0x00000000c4500000| Complete 
|  70|0x00000000c4600000, 0x00000000c4700000, 0x00000000c4700000|100%| O|  |TAMS 0x00000000c4600000| PB 0x00000000c4600000| Untracked 
|  71|0x00000000c4700000, 0x00000000c4800000, 0x00000000c4800000|100%| O|  |TAMS 0x00000000c4700000| PB 0x00000000c4700000| Untracked 
|  72|0x00000000c4800000, 0x00000000c4900000, 0x00000000c4900000|100%| O|  |TAMS 0x00000000c4800000| PB 0x00000000c4800000| Untracked 
|  73|0x00000000c4900000, 0x00000000c4a00000, 0x00000000c4a00000|100%| O|  |TAMS 0x00000000c4900000| PB 0x00000000c4900000| Untracked 
|  74|0x00000000c4a00000, 0x00000000c4b00000, 0x00000000c4b00000|100%| O|  |TAMS 0x00000000c4a00000| PB 0x00000000c4a00000| Untracked 
|  75|0x00000000c4b00000, 0x00000000c4c00000, 0x00000000c4c00000|100%| O|  |TAMS 0x00000000c4b00000| PB 0x00000000c4b00000| Untracked 
|  76|0x00000000c4c00000, 0x00000000c4d00000, 0x00000000c4d00000|100%| O|  |TAMS 0x00000000c4c00000| PB 0x00000000c4c00000| Untracked 
|  77|0x00000000c4d00000, 0x00000000c4e00000, 0x00000000c4e00000|100%| O|  |TAMS 0x00000000c4d00000| PB 0x00000000c4d00000| Untracked 
|  78|0x00000000c4e00000, 0x00000000c4f00000, 0x00000000c4f00000|100%| O|  |TAMS 0x00000000c4e00000| PB 0x00000000c4e00000| Untracked 
|  79|0x00000000c4f00000, 0x00000000c5000000, 0x00000000c5000000|100%| O|  |TAMS 0x00000000c4f00000| PB 0x00000000c4f00000| Untracked 
|  80|0x00000000c5000000, 0x00000000c5100000, 0x00000000c5100000|100%| O|  |TAMS 0x00000000c5000000| PB 0x00000000c5000000| Untracked 
|  81|0x00000000c5100000, 0x00000000c5200000, 0x00000000c5200000|100%| O|  |TAMS 0x00000000c5100000| PB 0x00000000c5100000| Untracked 
|  82|0x00000000c5200000, 0x00000000c5300000, 0x00000000c5300000|100%| O|  |TAMS 0x00000000c5200000| PB 0x00000000c5200000| Untracked 
|  83|0x00000000c5300000, 0x00000000c5400000, 0x00000000c5400000|100%| O|  |TAMS 0x00000000c5300000| PB 0x00000000c5300000| Untracked 
|  84|0x00000000c5400000, 0x00000000c5500000, 0x00000000c5500000|100%| O|  |TAMS 0x00000000c5400000| PB 0x00000000c5400000| Untracked 
|  85|0x00000000c5500000, 0x00000000c5600000, 0x00000000c5600000|100%| O|  |TAMS 0x00000000c5500000| PB 0x00000000c5500000| Untracked 
|  86|0x00000000c5600000, 0x00000000c5700000, 0x00000000c5700000|100%| O|  |TAMS 0x00000000c5600000| PB 0x00000000c5600000| Untracked 
|  87|0x00000000c5700000, 0x00000000c5800000, 0x00000000c5800000|100%|HS|  |TAMS 0x00000000c5700000| PB 0x00000000c5700000| Complete 
|  88|0x00000000c5800000, 0x00000000c5900000, 0x00000000c5900000|100%| O|  |TAMS 0x00000000c5800000| PB 0x00000000c5800000| Untracked 
|  89|0x00000000c5900000, 0x00000000c5a00000, 0x00000000c5a00000|100%| O|  |TAMS 0x00000000c5900000| PB 0x00000000c5900000| Untracked 
|  90|0x00000000c5a00000, 0x00000000c5b00000, 0x00000000c5b00000|100%| O|  |TAMS 0x00000000c5a00000| PB 0x00000000c5a00000| Untracked 
|  91|0x00000000c5b00000, 0x00000000c5c00000, 0x00000000c5c00000|100%| O|  |TAMS 0x00000000c5b00000| PB 0x00000000c5b00000| Untracked 
|  92|0x00000000c5c00000, 0x00000000c5d00000, 0x00000000c5d00000|100%| O|  |TAMS 0x00000000c5c00000| PB 0x00000000c5c00000| Untracked 
|  93|0x00000000c5d00000, 0x00000000c5e00000, 0x00000000c5e00000|100%| O|  |TAMS 0x00000000c5d00000| PB 0x00000000c5d00000| Untracked 
|  94|0x00000000c5e00000, 0x00000000c5f00000, 0x00000000c5f00000|100%| O|  |TAMS 0x00000000c5e00000| PB 0x00000000c5e00000| Untracked 
|  95|0x00000000c5f00000, 0x00000000c6000000, 0x00000000c6000000|100%| O|  |TAMS 0x00000000c5f00000| PB 0x00000000c5f00000| Untracked 
|  96|0x00000000c6000000, 0x00000000c6100000, 0x00000000c6100000|100%| O|  |TAMS 0x00000000c6000000| PB 0x00000000c6000000| Untracked 
|  97|0x00000000c6100000, 0x00000000c6200000, 0x00000000c6200000|100%| O|Cm|TAMS 0x00000000c6100000| PB 0x00000000c6100000| Complete 
|  98|0x00000000c6200000, 0x00000000c6300000, 0x00000000c6300000|100%| O|  |TAMS 0x00000000c6200000| PB 0x00000000c6200000| Untracked 
|  99|0x00000000c6300000, 0x00000000c6400000, 0x00000000c6400000|100%| O|  |TAMS 0x00000000c6300000| PB 0x00000000c6300000| Untracked 
| 100|0x00000000c6400000, 0x00000000c6500000, 0x00000000c6500000|100%| O|  |TAMS 0x00000000c6400000| PB 0x00000000c6400000| Untracked 
| 101|0x00000000c6500000, 0x00000000c6600000, 0x00000000c6600000|100%| O|  |TAMS 0x00000000c6500000| PB 0x00000000c6500000| Untracked 
| 102|0x00000000c6600000, 0x00000000c6700000, 0x00000000c6700000|100%| O|  |TAMS 0x00000000c6600000| PB 0x00000000c6600000| Untracked 
| 103|0x00000000c6700000, 0x00000000c6700000, 0x00000000c6800000|  0%| F|  |TAMS 0x00000000c6700000| PB 0x00000000c6700000| Untracked 
| 104|0x00000000c6800000, 0x00000000c6800000, 0x00000000c6900000|  0%| F|  |TAMS 0x00000000c6800000| PB 0x00000000c6800000| Untracked 
| 105|0x00000000c6900000, 0x00000000c6900000, 0x00000000c6a00000|  0%| F|  |TAMS 0x00000000c6900000| PB 0x00000000c6900000| Untracked 
| 106|0x00000000c6a00000, 0x00000000c6b00000, 0x00000000c6b00000|100%| O|  |TAMS 0x00000000c6a00000| PB 0x00000000c6a00000| Untracked 
| 107|0x00000000c6b00000, 0x00000000c6c00000, 0x00000000c6c00000|100%| O|  |TAMS 0x00000000c6b00000| PB 0x00000000c6b00000| Untracked 
| 108|0x00000000c6c00000, 0x00000000c6d00000, 0x00000000c6d00000|100%| O|  |TAMS 0x00000000c6c00000| PB 0x00000000c6c00000| Untracked 
| 109|0x00000000c6d00000, 0x00000000c6d00000, 0x00000000c6e00000|  0%| F|  |TAMS 0x00000000c6d00000| PB 0x00000000c6d00000| Untracked 
| 110|0x00000000c6e00000, 0x00000000c6e00000, 0x00000000c6f00000|  0%| F|  |TAMS 0x00000000c6e00000| PB 0x00000000c6e00000| Untracked 
| 111|0x00000000c6f00000, 0x00000000c6f00000, 0x00000000c7000000|  0%| F|  |TAMS 0x00000000c6f00000| PB 0x00000000c6f00000| Untracked 
| 112|0x00000000c7000000, 0x00000000c7000000, 0x00000000c7100000|  0%| F|  |TAMS 0x00000000c7000000| PB 0x00000000c7000000| Untracked 
| 113|0x00000000c7100000, 0x00000000c7100000, 0x00000000c7200000|  0%| F|  |TAMS 0x00000000c7100000| PB 0x00000000c7100000| Untracked 
| 114|0x00000000c7200000, 0x00000000c7200000, 0x00000000c7300000|  0%| F|  |TAMS 0x00000000c7200000| PB 0x00000000c7200000| Untracked 
| 115|0x00000000c7300000, 0x00000000c7300000, 0x00000000c7400000|  0%| F|  |TAMS 0x00000000c7300000| PB 0x00000000c7300000| Untracked 
| 116|0x00000000c7400000, 0x00000000c7400000, 0x00000000c7500000|  0%| F|  |TAMS 0x00000000c7400000| PB 0x00000000c7400000| Untracked 
| 117|0x00000000c7500000, 0x00000000c7500000, 0x00000000c7600000|  0%| F|  |TAMS 0x00000000c7500000| PB 0x00000000c7500000| Untracked 
| 118|0x00000000c7600000, 0x00000000c7600000, 0x00000000c7700000|  0%| F|  |TAMS 0x00000000c7600000| PB 0x00000000c7600000| Untracked 
| 119|0x00000000c7700000, 0x00000000c7700000, 0x00000000c7800000|  0%| F|  |TAMS 0x00000000c7700000| PB 0x00000000c7700000| Untracked 
| 120|0x00000000c7800000, 0x00000000c7800000, 0x00000000c7900000|  0%| F|  |TAMS 0x00000000c7800000| PB 0x00000000c7800000| Untracked 
| 121|0x00000000c7900000, 0x00000000c7900000, 0x00000000c7a00000|  0%| F|  |TAMS 0x00000000c7900000| PB 0x00000000c7900000| Untracked 
| 122|0x00000000c7a00000, 0x00000000c7a00000, 0x00000000c7b00000|  0%| F|  |TAMS 0x00000000c7a00000| PB 0x00000000c7a00000| Untracked 
| 123|0x00000000c7b00000, 0x00000000c7b00000, 0x00000000c7c00000|  0%| F|  |TAMS 0x00000000c7b00000| PB 0x00000000c7b00000| Untracked 
| 124|0x00000000c7c00000, 0x00000000c7c00000, 0x00000000c7d00000|  0%| F|  |TAMS 0x00000000c7c00000| PB 0x00000000c7c00000| Untracked 
| 125|0x00000000c7d00000, 0x00000000c7d00000, 0x00000000c7e00000|  0%| F|  |TAMS 0x00000000c7d00000| PB 0x00000000c7d00000| Untracked 
| 126|0x00000000c7e00000, 0x00000000c7e00000, 0x00000000c7f00000|  0%| F|  |TAMS 0x00000000c7e00000| PB 0x00000000c7e00000| Untracked 
| 127|0x00000000c7f00000, 0x00000000c7f00000, 0x00000000c8000000|  0%| F|  |TAMS 0x00000000c7f00000| PB 0x00000000c7f00000| Untracked 
| 128|0x00000000c8000000, 0x00000000c8000000, 0x00000000c8100000|  0%| F|  |TAMS 0x00000000c8000000| PB 0x00000000c8000000| Untracked 
| 129|0x00000000c8100000, 0x00000000c8100000, 0x00000000c8200000|  0%| F|  |TAMS 0x00000000c8100000| PB 0x00000000c8100000| Untracked 
| 130|0x00000000c8200000, 0x00000000c8200000, 0x00000000c8300000|  0%| F|  |TAMS 0x00000000c8200000| PB 0x00000000c8200000| Untracked 
| 131|0x00000000c8300000, 0x00000000c8300000, 0x00000000c8400000|  0%| F|  |TAMS 0x00000000c8300000| PB 0x00000000c8300000| Untracked 
| 132|0x00000000c8400000, 0x00000000c8400000, 0x00000000c8500000|  0%| F|  |TAMS 0x00000000c8400000| PB 0x00000000c8400000| Untracked 
| 133|0x00000000c8500000, 0x00000000c8500000, 0x00000000c8600000|  0%| F|  |TAMS 0x00000000c8500000| PB 0x00000000c8500000| Untracked 
| 134|0x00000000c8600000, 0x00000000c8673260, 0x00000000c8700000| 44%| S|CS|TAMS 0x00000000c8600000| PB 0x00000000c8600000| Complete 
| 135|0x00000000c8700000, 0x00000000c8800000, 0x00000000c8800000|100%| S|CS|TAMS 0x00000000c8700000| PB 0x00000000c8700000| Complete 
| 136|0x00000000c8800000, 0x00000000c8900000, 0x00000000c8900000|100%| S|CS|TAMS 0x00000000c8800000| PB 0x00000000c8800000| Complete 
| 137|0x00000000c8900000, 0x00000000c8a00000, 0x00000000c8a00000|100%| S|CS|TAMS 0x00000000c8900000| PB 0x00000000c8900000| Complete 
| 138|0x00000000c8a00000, 0x00000000c8a00000, 0x00000000c8b00000|  0%| F|  |TAMS 0x00000000c8a00000| PB 0x00000000c8a00000| Untracked 
| 139|0x00000000c8b00000, 0x00000000c8b00000, 0x00000000c8c00000|  0%| F|  |TAMS 0x00000000c8b00000| PB 0x00000000c8b00000| Untracked 
| 140|0x00000000c8c00000, 0x00000000c8c00000, 0x00000000c8d00000|  0%| F|  |TAMS 0x00000000c8c00000| PB 0x00000000c8c00000| Untracked 
| 141|0x00000000c8d00000, 0x00000000c8d00000, 0x00000000c8e00000|  0%| F|  |TAMS 0x00000000c8d00000| PB 0x00000000c8d00000| Untracked 
| 142|0x00000000c8e00000, 0x00000000c8e00000, 0x00000000c8f00000|  0%| F|  |TAMS 0x00000000c8e00000| PB 0x00000000c8e00000| Untracked 
| 143|0x00000000c8f00000, 0x00000000c8f00000, 0x00000000c9000000|  0%| F|  |TAMS 0x00000000c8f00000| PB 0x00000000c8f00000| Untracked 
| 144|0x00000000c9000000, 0x00000000c9000000, 0x00000000c9100000|  0%| F|  |TAMS 0x00000000c9000000| PB 0x00000000c9000000| Untracked 
| 145|0x00000000c9100000, 0x00000000c9100000, 0x00000000c9200000|  0%| F|  |TAMS 0x00000000c9100000| PB 0x00000000c9100000| Untracked 
| 146|0x00000000c9200000, 0x00000000c9200000, 0x00000000c9300000|  0%| F|  |TAMS 0x00000000c9200000| PB 0x00000000c9200000| Untracked 
| 147|0x00000000c9300000, 0x00000000c9300000, 0x00000000c9400000|  0%| F|  |TAMS 0x00000000c9300000| PB 0x00000000c9300000| Untracked 
| 148|0x00000000c9400000, 0x00000000c9400000, 0x00000000c9500000|  0%| F|  |TAMS 0x00000000c9400000| PB 0x00000000c9400000| Untracked 
| 149|0x00000000c9500000, 0x00000000c9500000, 0x00000000c9600000|  0%| F|  |TAMS 0x00000000c9500000| PB 0x00000000c9500000| Untracked 
| 150|0x00000000c9600000, 0x00000000c9600000, 0x00000000c9700000|  0%| F|  |TAMS 0x00000000c9600000| PB 0x00000000c9600000| Untracked 
| 151|0x00000000c9700000, 0x00000000c9700000, 0x00000000c9800000|  0%| F|  |TAMS 0x00000000c9700000| PB 0x00000000c9700000| Untracked 
| 152|0x00000000c9800000, 0x00000000c9800000, 0x00000000c9900000|  0%| F|  |TAMS 0x00000000c9800000| PB 0x00000000c9800000| Untracked 
| 153|0x00000000c9900000, 0x00000000c9900000, 0x00000000c9a00000|  0%| F|  |TAMS 0x00000000c9900000| PB 0x00000000c9900000| Untracked 
| 154|0x00000000c9a00000, 0x00000000c9a00000, 0x00000000c9b00000|  0%| F|  |TAMS 0x00000000c9a00000| PB 0x00000000c9a00000| Untracked 
| 155|0x00000000c9b00000, 0x00000000c9b00000, 0x00000000c9c00000|  0%| F|  |TAMS 0x00000000c9b00000| PB 0x00000000c9b00000| Untracked 
| 156|0x00000000c9c00000, 0x00000000c9c00000, 0x00000000c9d00000|  0%| F|  |TAMS 0x00000000c9c00000| PB 0x00000000c9c00000| Untracked 
| 157|0x00000000c9d00000, 0x00000000c9d00000, 0x00000000c9e00000|  0%| F|  |TAMS 0x00000000c9d00000| PB 0x00000000c9d00000| Untracked 
| 158|0x00000000c9e00000, 0x00000000c9e00000, 0x00000000c9f00000|  0%| F|  |TAMS 0x00000000c9e00000| PB 0x00000000c9e00000| Untracked 
| 159|0x00000000c9f00000, 0x00000000c9f00000, 0x00000000ca000000|  0%| F|  |TAMS 0x00000000c9f00000| PB 0x00000000c9f00000| Untracked 
| 160|0x00000000ca000000, 0x00000000ca000000, 0x00000000ca100000|  0%| F|  |TAMS 0x00000000ca000000| PB 0x00000000ca000000| Untracked 
| 161|0x00000000ca100000, 0x00000000ca100000, 0x00000000ca200000|  0%| F|  |TAMS 0x00000000ca100000| PB 0x00000000ca100000| Untracked 
| 162|0x00000000ca200000, 0x00000000ca200000, 0x00000000ca300000|  0%| F|  |TAMS 0x00000000ca200000| PB 0x00000000ca200000| Untracked 
| 163|0x00000000ca300000, 0x00000000ca300000, 0x00000000ca400000|  0%| F|  |TAMS 0x00000000ca300000| PB 0x00000000ca300000| Untracked 
| 164|0x00000000ca400000, 0x00000000ca400000, 0x00000000ca500000|  0%| F|  |TAMS 0x00000000ca400000| PB 0x00000000ca400000| Untracked 
| 165|0x00000000ca500000, 0x00000000ca500000, 0x00000000ca600000|  0%| F|  |TAMS 0x00000000ca500000| PB 0x00000000ca500000| Untracked 
| 166|0x00000000ca600000, 0x00000000ca600000, 0x00000000ca700000|  0%| F|  |TAMS 0x00000000ca600000| PB 0x00000000ca600000| Untracked 
| 167|0x00000000ca700000, 0x00000000ca700000, 0x00000000ca800000|  0%| F|  |TAMS 0x00000000ca700000| PB 0x00000000ca700000| Untracked 
| 168|0x00000000ca800000, 0x00000000ca800000, 0x00000000ca900000|  0%| F|  |TAMS 0x00000000ca800000| PB 0x00000000ca800000| Untracked 
| 169|0x00000000ca900000, 0x00000000ca900000, 0x00000000caa00000|  0%| F|  |TAMS 0x00000000ca900000| PB 0x00000000ca900000| Untracked 
| 170|0x00000000caa00000, 0x00000000caa00000, 0x00000000cab00000|  0%| F|  |TAMS 0x00000000caa00000| PB 0x00000000caa00000| Untracked 
| 171|0x00000000cab00000, 0x00000000cab00000, 0x00000000cac00000|  0%| F|  |TAMS 0x00000000cab00000| PB 0x00000000cab00000| Untracked 
| 172|0x00000000cac00000, 0x00000000cac00000, 0x00000000cad00000|  0%| F|  |TAMS 0x00000000cac00000| PB 0x00000000cac00000| Untracked 
| 173|0x00000000cad00000, 0x00000000cad00000, 0x00000000cae00000|  0%| F|  |TAMS 0x00000000cad00000| PB 0x00000000cad00000| Untracked 
| 174|0x00000000cae00000, 0x00000000cae00000, 0x00000000caf00000|  0%| F|  |TAMS 0x00000000cae00000| PB 0x00000000cae00000| Untracked 
| 175|0x00000000caf00000, 0x00000000caf00000, 0x00000000cb000000|  0%| F|  |TAMS 0x00000000caf00000| PB 0x00000000caf00000| Untracked 
| 176|0x00000000cb000000, 0x00000000cb000000, 0x00000000cb100000|  0%| F|  |TAMS 0x00000000cb000000| PB 0x00000000cb000000| Untracked 
| 177|0x00000000cb100000, 0x00000000cb1834d8, 0x00000000cb200000| 51%| E|  |TAMS 0x00000000cb100000| PB 0x00000000cb100000| Complete 
| 178|0x00000000cb200000, 0x00000000cb300000, 0x00000000cb300000|100%| E|CS|TAMS 0x00000000cb200000| PB 0x00000000cb200000| Complete 

Card table byte_map: [0x000002947cb00000,0x000002947cd00000] _byte_map_base: 0x000002947c500000

Marking Bits: (CMBitMap*) 0x000002946a3fa090
 Bits: [0x000002947cd00000, 0x000002947dd00000)

Polling page: 0x0000029468210000

Metaspace:

Usage:
  Non-class:     86.96 MB used.
      Class:     14.31 MB used.
       Both:    101.27 MB used.

Virtual space:
  Non-class space:      128.00 MB reserved,      88.12 MB ( 69%) committed,  2 nodes.
      Class space:        1.00 GB reserved,      15.50 MB (  2%) committed,  1 nodes.
             Both:        1.12 GB reserved,     103.62 MB (  9%) committed. 

Chunk freelists:
   Non-Class:  7.51 MB
       Class:  504.00 KB
        Both:  8.00 MB

MaxMetaspaceSize: unlimited
CompressedClassSpaceSize: 1.00 GB
Initial GC threshold: 21.00 MB
Current GC threshold: 168.56 MB
CDS: on
 - commit_granule_bytes: 65536.
 - commit_granule_words: 8192.
 - virtual_space_node_default_size: 8388608.
 - enlarge_chunks_in_place: 1.
 - use_allocation_guard: 0.


Internal statistics:

num_allocs_failed_limit: 6.
num_arena_births: 4422.
num_arena_deaths: 0.
num_vsnodes_births: 3.
num_vsnodes_deaths: 0.
num_space_committed: 1658.
num_space_uncommitted: 0.
num_chunks_returned_to_freelist: 6.
num_chunks_taken_from_freelist: 9456.
num_chunk_merges: 6.
num_chunk_splits: 6080.
num_chunks_enlarged: 3731.
num_inconsistent_stats: 0.

CodeHeap 'non-profiled nmethods': size=120000Kb used=6865Kb max_used=6865Kb free=113135Kb
 bounds [0x0000029475090000, 0x0000029475750000, 0x000002947c5c0000]
CodeHeap 'profiled nmethods': size=120000Kb used=22089Kb max_used=22089Kb free=97910Kb
 bounds [0x000002946d5c0000, 0x000002946eb60000, 0x0000029474af0000]
CodeHeap 'non-nmethods': size=5760Kb used=2783Kb max_used=2821Kb free=2976Kb
 bounds [0x0000029474af0000, 0x0000029474dd0000, 0x0000029475090000]
CodeCache: size=245760Kb, used=31737Kb, max_used=31775Kb, free=214021Kb
 total_blobs=12717, nmethods=11681, adapters=939, full_count=0
Compilation: enabled, stopped_count=0, restarted_count=0

Compilation events (20 events):
Event: 101.748 Thread 0x00000294007d8660 13905       1       java.lang.reflect.Proxy$ProxyBuilder$ProxyClassContext::accessFlags (5 bytes)
Event: 101.748 Thread 0x00000294007d8660 nmethod 13905 0x0000029475741010 code [0x00000294757411a0, 0x0000029475741268]
Event: 101.748 Thread 0x00000294007d8660 13906       1       java.lang.reflect.ProxyGenerator::getClassLoader (5 bytes)
Event: 101.748 Thread 0x00000294007d8660 nmethod 13906 0x0000029475741310 code [0x00000294757414a0, 0x0000029475741570]
Event: 101.748 Thread 0x00000294007d8660 13907       3       java.lang.reflect.ProxyGenerator$ProxyMethod::codeWrapArgument (54 bytes)
Event: 101.748 Thread 0x00000294007d8660 nmethod 13907 0x000002946eb51210 code [0x000002946eb51400, 0x000002946eb51880]
Event: 101.748 Thread 0x00000294007d8660 13908       3       jdk.internal.org.objectweb.asm.MethodWriter::visitJumpInsn (495 bytes)
Event: 101.750 Thread 0x00000294007d8660 nmethod 13908 0x000002946eb51a10 code [0x000002946eb51d60, 0x000002946eb52c78]
Event: 101.750 Thread 0x00000294007d8660 13909       3       jdk.internal.org.objectweb.asm.Label::put (83 bytes)
Event: 101.751 Thread 0x00000294007d8660 nmethod 13909 0x000002946eb53290 code [0x000002946eb534c0, 0x000002946eb538f0]
Event: 101.764 Thread 0x00000294007d0ee0 nmethod 13896 0x0000029475741610 code [0x00000294757418a0, 0x00000294757429b0]
Event: 101.767 Thread 0x00000294007d0ee0 13899       4       org.gradle.internal.event.DefaultListenerManager::getAnnotations (4 bytes)
Event: 101.768 Thread 0x00000294007d0ee0 nmethod 13899 0x0000029475743410 code [0x00000294757435a0, 0x0000029475743630]
Event: 101.768 Thread 0x00000294007d0ee0 13898       4       org.gradle.internal.concurrent.CompositeStoppable::toStoppable (37 bytes)
Event: 101.770 Thread 0x00000294007d0ee0 nmethod 13898 0x0000029475743710 code [0x00000294757438a0, 0x0000029475743a50]
Event: 101.776 Thread 0x00000294007d0ee0 13910       4       java.util.Collections::singletonList (9 bytes)
Event: 101.776 Thread 0x00000294007d0ee0 nmethod 13910 0x0000029475743b10 code [0x0000029475743ca0, 0x0000029475743d78]
Event: 101.797 Thread 0x00000294007d8660 13911       3       org.gradle.internal.logging.slf4j.BuildOperationAwareLogger::debug (18 bytes)
Event: 101.798 Thread 0x00000294007d8660 nmethod 13911 0x000002946eb53a90 code [0x000002946eb53c60, 0x000002946eb53fa0]
Event: 101.848 Thread 0x00000294007d0ee0 13912       4       java.lang.invoke.LambdaFormBuffer::insertName (106 bytes)

GC Heap History (20 events):
Event: 66.551 GC heap before
{Heap before GC invocations=28 (full 0):
 garbage-first heap   total 132096K, used 120559K [0x00000000c0000000, 0x0000000100000000)
  region size 1024K, 46 young (47104K), 6 survivors (6144K)
 Metaspace       used 78989K, committed 81024K, reserved 1179648K
  class space    used 11021K, committed 12032K, reserved 1048576K
}
Event: 66.574 GC heap after
{Heap after GC invocations=29 (full 0):
 garbage-first heap   total 132096K, used 82146K [0x00000000c0000000, 0x0000000100000000)
  region size 1024K, 3 young (3072K), 3 survivors (3072K)
 Metaspace       used 78989K, committed 81024K, reserved 1179648K
  class space    used 11021K, committed 12032K, reserved 1048576K
}
Event: 68.862 GC heap before
{Heap before GC invocations=30 (full 0):
 garbage-first heap   total 138240K, used 122082K [0x00000000c0000000, 0x0000000100000000)
  region size 1024K, 42 young (43008K), 3 survivors (3072K)
 Metaspace       used 82048K, committed 84224K, reserved 1179648K
  class space    used 11451K, committed 12544K, reserved 1048576K
}
Event: 68.867 GC heap after
{Heap after GC invocations=31 (full 0):
 garbage-first heap   total 138240K, used 83585K [0x00000000c0000000, 0x0000000100000000)
  region size 1024K, 4 young (4096K), 4 survivors (4096K)
 Metaspace       used 82048K, committed 84224K, reserved 1179648K
  class space    used 11451K, committed 12544K, reserved 1048576K
}
Event: 72.609 GC heap before
{Heap before GC invocations=31 (full 0):
 garbage-first heap   total 138240K, used 127617K [0x00000000c0000000, 0x0000000100000000)
  region size 1024K, 47 young (48128K), 4 survivors (4096K)
 Metaspace       used 85807K, committed 87936K, reserved 1179648K
  class space    used 12128K, committed 13184K, reserved 1048576K
}
Event: 72.617 GC heap after
{Heap after GC invocations=32 (full 0):
 garbage-first heap   total 138240K, used 85328K [0x00000000c0000000, 0x0000000100000000)
  region size 1024K, 5 young (5120K), 5 survivors (5120K)
 Metaspace       used 85807K, committed 87936K, reserved 1179648K
  class space    used 12128K, committed 13184K, reserved 1048576K
}
Event: 75.536 GC heap before
{Heap before GC invocations=32 (full 0):
 garbage-first heap   total 138240K, used 128336K [0x00000000c0000000, 0x0000000100000000)
  region size 1024K, 47 young (48128K), 5 survivors (5120K)
 Metaspace       used 88425K, committed 90688K, reserved 1179648K
  class space    used 12448K, committed 13568K, reserved 1048576K
}
Event: 75.543 GC heap after
{Heap after GC invocations=33 (full 0):
 garbage-first heap   total 138240K, used 87005K [0x00000000c0000000, 0x0000000100000000)
  region size 1024K, 4 young (4096K), 4 survivors (4096K)
 Metaspace       used 88425K, committed 90688K, reserved 1179648K
  class space    used 12448K, committed 13568K, reserved 1048576K
}
Event: 79.916 GC heap before
{Heap before GC invocations=34 (full 0):
 garbage-first heap   total 145408K, used 128989K [0x00000000c0000000, 0x0000000100000000)
  region size 1024K, 46 young (47104K), 4 survivors (4096K)
 Metaspace       used 90988K, committed 93248K, reserved 1179648K
  class space    used 12833K, committed 13952K, reserved 1048576K
}
Event: 79.925 GC heap after
{Heap after GC invocations=35 (full 0):
 garbage-first heap   total 145408K, used 90323K [0x00000000c0000000, 0x0000000100000000)
  region size 1024K, 5 young (5120K), 5 survivors (5120K)
 Metaspace       used 90988K, committed 93248K, reserved 1179648K
  class space    used 12833K, committed 13952K, reserved 1048576K
}
Event: 83.921 GC heap before
{Heap before GC invocations=35 (full 0):
 garbage-first heap   total 145408K, used 135379K [0x00000000c0000000, 0x0000000100000000)
  region size 1024K, 49 young (50176K), 5 survivors (5120K)
 Metaspace       used 93841K, committed 96192K, reserved 1179648K
  class space    used 13260K, committed 14400K, reserved 1048576K
}
Event: 83.947 GC heap after
{Heap after GC invocations=36 (full 0):
 garbage-first heap   total 146432K, used 93765K [0x00000000c0000000, 0x0000000100000000)
  region size 1024K, 7 young (7168K), 7 survivors (7168K)
 Metaspace       used 93841K, committed 96192K, reserved 1179648K
  class space    used 13260K, committed 14400K, reserved 1048576K
}
Event: 85.114 GC heap before
{Heap before GC invocations=36 (full 0):
 garbage-first heap   total 146432K, used 113221K [0x00000000c0000000, 0x0000000100000000)
  region size 1024K, 27 young (27648K), 7 survivors (7168K)
 Metaspace       used 95029K, committed 97344K, reserved 1179648K
  class space    used 13438K, committed 14528K, reserved 1048576K
}
Event: 85.145 GC heap after
{Heap after GC invocations=37 (full 0):
 garbage-first heap   total 146432K, used 95903K [0x00000000c0000000, 0x0000000100000000)
  region size 1024K, 2 young (2048K), 2 survivors (2048K)
 Metaspace       used 95029K, committed 97344K, reserved 1179648K
  class space    used 13438K, committed 14528K, reserved 1048576K
}
Event: 88.345 GC heap before
{Heap before GC invocations=38 (full 0):
 garbage-first heap   total 162816K, used 135839K [0x00000000c0000000, 0x0000000100000000)
  region size 1024K, 40 young (40960K), 2 survivors (2048K)
 Metaspace       used 96965K, committed 99264K, reserved 1179648K
  class space    used 13712K, committed 14848K, reserved 1048576K
}
Event: 88.350 GC heap after
{Heap after GC invocations=39 (full 0):
 garbage-first heap   total 162816K, used 99860K [0x00000000c0000000, 0x0000000100000000)
  region size 1024K, 5 young (5120K), 5 survivors (5120K)
 Metaspace       used 96965K, committed 99264K, reserved 1179648K
  class space    used 13712K, committed 14848K, reserved 1048576K
}
Event: 90.972 GC heap before
{Heap before GC invocations=39 (full 0):
 garbage-first heap   total 162816K, used 149012K [0x00000000c0000000, 0x0000000100000000)
  region size 1024K, 53 young (54272K), 5 survivors (5120K)
 Metaspace       used 99213K, committed 101568K, reserved 1179648K
  class space    used 14002K, committed 15168K, reserved 1048576K
}
Event: 91.003 GC heap after
{Heap after GC invocations=40 (full 0):
 garbage-first heap   total 162816K, used 103219K [0x00000000c0000000, 0x0000000100000000)
  region size 1024K, 7 young (7168K), 7 survivors (7168K)
 Metaspace       used 99213K, committed 101568K, reserved 1179648K
  class space    used 14002K, committed 15168K, reserved 1048576K
}
Event: 92.541 GC heap before
{Heap before GC invocations=40 (full 0):
 garbage-first heap   total 162816K, used 149299K [0x00000000c0000000, 0x0000000100000000)
  region size 1024K, 52 young (53248K), 7 survivors (7168K)
 Metaspace       used 101199K, committed 103488K, reserved 1179648K
  class space    used 14268K, committed 15424K, reserved 1048576K
}
Event: 92.551 GC heap after
{Heap after GC invocations=41 (full 0):
 garbage-first heap   total 162816K, used 108912K [0x00000000c0000000, 0x0000000100000000)
  region size 1024K, 5 young (5120K), 5 survivors (5120K)
 Metaspace       used 101199K, committed 103488K, reserved 1179648K
  class space    used 14268K, committed 15424K, reserved 1048576K
}

Dll operation events (20 events):
Event: 0.330 Attempting to load shared library C:\Users\LENOVO\.antigravity-ide\extensions\redhat.java-1.56.0-win32-x64\jre\21.0.12.1-win32-x86_64\bin\nio.dll
Event: 0.330 Loaded shared library C:\Users\LENOVO\.antigravity-ide\extensions\redhat.java-1.56.0-win32-x64\jre\21.0.12.1-win32-x86_64\bin\nio.dll
Event: 0.351 Attempting to load shared library C:\Users\LENOVO\.antigravity-ide\extensions\redhat.java-1.56.0-win32-x64\jre\21.0.12.1-win32-x86_64\bin\zip.dll
Event: 0.351 Loaded shared library C:\Users\LENOVO\.antigravity-ide\extensions\redhat.java-1.56.0-win32-x64\jre\21.0.12.1-win32-x86_64\bin\zip.dll
Event: 1.363 Attempting to load shared library C:\Users\LENOVO\.antigravity-ide\extensions\redhat.java-1.56.0-win32-x64\jre\21.0.12.1-win32-x86_64\bin\jimage.dll
Event: 1.363 Loaded shared library C:\Users\LENOVO\.antigravity-ide\extensions\redhat.java-1.56.0-win32-x64\jre\21.0.12.1-win32-x86_64\bin\jimage.dll
Event: 2.982 Attempting to load shared library C:\Users\LENOVO\.antigravity-ide\extensions\redhat.java-1.56.0-win32-x64\jre\21.0.12.1-win32-x86_64\bin\verify.dll
Event: 2.983 Loaded shared library C:\Users\LENOVO\.antigravity-ide\extensions\redhat.java-1.56.0-win32-x64\jre\21.0.12.1-win32-x86_64\bin\verify.dll
Event: 3.415 Attempting to load shared library C:\Users\LENOVO\.gradle\native\1def1411415f61bf3af743bc5b6707747c0891f09f0c88961ee8f79bc544acac\windows-amd64\native-platform.dll
Event: 3.416 Loaded shared library C:\Users\LENOVO\.gradle\native\1def1411415f61bf3af743bc5b6707747c0891f09f0c88961ee8f79bc544acac\windows-amd64\native-platform.dll
Event: 3.459 Attempting to load shared library C:\Users\LENOVO\.gradle\native\0.2.7\x86_64-windows-gnu\gradle-fileevents.dll
Event: 3.460 Loaded shared library C:\Users\LENOVO\.gradle\native\0.2.7\x86_64-windows-gnu\gradle-fileevents.dll
Event: 6.869 Attempting to load shared library C:\Users\LENOVO\.antigravity-ide\extensions\redhat.java-1.56.0-win32-x64\jre\21.0.12.1-win32-x86_64\bin\management.dll
Event: 6.869 Loaded shared library C:\Users\LENOVO\.antigravity-ide\extensions\redhat.java-1.56.0-win32-x64\jre\21.0.12.1-win32-x86_64\bin\management.dll
Event: 6.873 Attempting to load shared library C:\Users\LENOVO\.antigravity-ide\extensions\redhat.java-1.56.0-win32-x64\jre\21.0.12.1-win32-x86_64\bin\management_ext.dll
Event: 6.874 Loaded shared library C:\Users\LENOVO\.antigravity-ide\extensions\redhat.java-1.56.0-win32-x64\jre\21.0.12.1-win32-x86_64\bin\management_ext.dll
Event: 7.623 Attempting to load shared library C:\Users\LENOVO\.antigravity-ide\extensions\redhat.java-1.56.0-win32-x64\jre\21.0.12.1-win32-x86_64\bin\extnet.dll
Event: 7.624 Loaded shared library C:\Users\LENOVO\.antigravity-ide\extensions\redhat.java-1.56.0-win32-x64\jre\21.0.12.1-win32-x86_64\bin\extnet.dll
Event: 8.836 Attempting to load shared library C:\Users\LENOVO\.antigravity-ide\extensions\redhat.java-1.56.0-win32-x64\jre\21.0.12.1-win32-x86_64\bin\sunmscapi.dll
Event: 8.840 Loaded shared library C:\Users\LENOVO\.antigravity-ide\extensions\redhat.java-1.56.0-win32-x64\jre\21.0.12.1-win32-x86_64\bin\sunmscapi.dll

Deoptimization events (20 events):
Event: 101.752 Thread 0x000002944781ec30 Uncommon trap: trap_request=0xffffffde fr.pc=0x00000294755ba090 relative=0x0000000000000430
Event: 101.752 Thread 0x000002944781ec30 Uncommon trap: reason=class_check action=maybe_recompile pc=0x00000294755ba090 method=org.gradle.cache.internal.DefaultCrossBuildInMemoryCacheFactory$AbstractCrossBuildInMemoryCache.get(Ljava/lang/Object;Ljava/util/function/Function;)Ljava/lang/Object; @ 
Event: 101.752 Thread 0x000002944781ec30 DEOPT PACKING pc=0x00000294755ba090 sp=0x000000f1d60fb870
Event: 101.752 Thread 0x000002944781ec30 DEOPT UNPACKING pc=0x0000029474b44422 sp=0x000000f1d60fb828 mode 2
Event: 101.773 Thread 0x000002944781ec30 Uncommon trap: trap_request=0xffffff45 fr.pc=0x00000294755b98b0 relative=0x0000000000000090
Event: 101.773 Thread 0x000002944781ec30 Uncommon trap: reason=unstable_if action=reinterpret pc=0x00000294755b98b0 method=com.google.common.math.IntMath.log2(ILjava/math/RoundingMode;)I @ 15 c2
Event: 101.773 Thread 0x000002944781ec30 DEOPT PACKING pc=0x00000294755b98b0 sp=0x000000f1d60fbc20
Event: 101.773 Thread 0x000002944781ec30 DEOPT UNPACKING pc=0x0000029474b44422 sp=0x000000f1d60fbba8 mode 2
Event: 101.773 Thread 0x000002944781ec30 Uncommon trap: trap_request=0xffffffde fr.pc=0x00000294755ba090 relative=0x0000000000000430
Event: 101.773 Thread 0x000002944781ec30 Uncommon trap: reason=class_check action=maybe_recompile pc=0x00000294755ba090 method=org.gradle.cache.internal.DefaultCrossBuildInMemoryCacheFactory$AbstractCrossBuildInMemoryCache.get(Ljava/lang/Object;Ljava/util/function/Function;)Ljava/lang/Object; @ 
Event: 101.773 Thread 0x000002944781ec30 DEOPT PACKING pc=0x00000294755ba090 sp=0x000000f1d60fb890
Event: 101.773 Thread 0x000002944781ec30 DEOPT UNPACKING pc=0x0000029474b44422 sp=0x000000f1d60fb848 mode 2
Event: 101.783 Thread 0x000002944781ec30 Uncommon trap: trap_request=0xffffffde fr.pc=0x00000294755ba090 relative=0x0000000000000430
Event: 101.783 Thread 0x000002944781ec30 Uncommon trap: reason=class_check action=maybe_recompile pc=0x00000294755ba090 method=org.gradle.cache.internal.DefaultCrossBuildInMemoryCacheFactory$AbstractCrossBuildInMemoryCache.get(Ljava/lang/Object;Ljava/util/function/Function;)Ljava/lang/Object; @ 
Event: 101.783 Thread 0x000002944781ec30 DEOPT PACKING pc=0x00000294755ba090 sp=0x000000f1d60fb490
Event: 101.783 Thread 0x000002944781ec30 DEOPT UNPACKING pc=0x0000029474b44422 sp=0x000000f1d60fb448 mode 2
Event: 101.847 Thread 0x000002944781ec30 Uncommon trap: trap_request=0xffffff76 fr.pc=0x000002947570968c relative=0x00000000000001ec
Event: 101.847 Thread 0x000002944781ec30 Uncommon trap: reason=predicate action=maybe_recompile pc=0x000002947570968c method=java.util.Arrays.fill([Ljava/lang/Object;IILjava/lang/Object;)V @ 13 c2
Event: 101.847 Thread 0x000002944781ec30 DEOPT PACKING pc=0x000002947570968c sp=0x000000f1d60fbe00
Event: 101.847 Thread 0x000002944781ec30 DEOPT UNPACKING pc=0x0000029474b44422 sp=0x000000f1d60fbdd0 mode 2

Classes loaded (20 events):
Event: 96.093 Loading class java/lang/Short$ShortCache
Event: 96.093 Loading class java/lang/Short$ShortCache done
Event: 96.202 Loading class java/nio/file/StandardCopyOption
Event: 96.202 Loading class java/nio/file/StandardCopyOption done
Event: 96.202 Loading class sun/nio/fs/WindowsFileCopy
Event: 96.203 Loading class sun/nio/fs/WindowsFileCopy done
Event: 96.416 Loading class java/util/concurrent/ConcurrentLinkedQueue$Itr
Event: 96.416 Loading class java/util/concurrent/ConcurrentLinkedQueue$Itr done
Event: 96.601 Loading class java/time/Instant$1
Event: 96.601 Loading class java/time/Instant$1 done
Event: 97.893 Loading class java/net/UrlDeserializedState
Event: 97.893 Loading class java/net/UrlDeserializedState done
Event: 97.901 Loading class java/util/concurrent/CompletableFuture$AsyncRun
Event: 98.504 Loading class java/util/concurrent/CompletableFuture$AsyncRun done
Event: 101.301 Loading class jdk/internal/math/FormattedFPDecimal
Event: 101.301 Loading class jdk/internal/math/FormattedFPDecimal done
Event: 101.536 Loading class javax/crypto/CipherInputStream
Event: 101.536 Loading class javax/crypto/CipherInputStream done
Event: 101.537 Loading class javax/crypto/CipherOutputStream
Event: 101.537 Loading class javax/crypto/CipherOutputStream done

Classes unloaded (0 events):
No events

Classes redefined (0 events):
No events

Internal exceptions (20 events):
Event: 95.769 Thread 0x000002944781ec30 Implicit null exception at 0x00000294751ef986 to 0x00000294751efa10
Event: 95.774 Thread 0x000002944781ec30 Exception <a 'java/lang/NoSuchMethodError'{0x00000000c9abb3a0}: 'long java.lang.invoke.DelegatingMethodHandle$Holder.reinvoke_L(java.lang.Object, java.lang.Object)'> (0x00000000c9abb3a0) 
thrown [s\src\hotspot\share\interpreter\linkResolver.cpp, line 773]
Event: 96.068 Thread 0x000002944781ec30 Exception <a 'java/lang/NoSuchMethodError'{0x00000000c99ea6d0}: 'void java.lang.invoke.DirectMethodHandle$Holder.invokeInterface(java.lang.Object, java.lang.Object, java.lang.Object, int)'> (0x00000000c99ea6d0) 
thrown [s\src\hotspot\share\interpreter\linkResolver.cpp, line 773]
Event: 96.068 Thread 0x000002944781ec30 Exception <a 'java/lang/IncompatibleClassChangeError'{0x00000000c99ee248}: Found class java.lang.Object, but interface was expected> (0x00000000c99ee248) 
thrown [s\src\hotspot\share\interpreter\linkResolver.cpp, line 840]
Event: 96.069 Thread 0x000002944781ec30 Exception <a 'java/lang/NoSuchMethodError'{0x00000000c99f2678}: 'void java.lang.invoke.DelegatingMethodHandle$Holder.reinvoke_L(java.lang.Object, java.lang.Object, java.lang.Object, int)'> (0x00000000c99f2678) 
thrown [s\src\hotspot\share\interpreter\linkResolver.cpp, line 773]
Event: 96.180 Thread 0x000002944781ec30 Exception <a 'sun/nio/fs/WindowsException'{0x00000000c9777988}> (0x00000000c9777988) 
thrown [s\src\hotspot\share\prims\jni.cpp, line 520]
Event: 96.403 Thread 0x000002944781ec30 Exception <a 'java/lang/IncompatibleClassChangeError'{0x00000000c959bbd8}: Found class java.lang.Object, but interface was expected> (0x00000000c959bbd8) 
thrown [s\src\hotspot\share\interpreter\linkResolver.cpp, line 840]
Event: 96.491 Thread 0x000002944781ec30 Implicit null exception at 0x000002947569f110 to 0x000002947569f240
Event: 96.493 Thread 0x000002944781ec30 Exception <a 'java/lang/IncompatibleClassChangeError'{0x00000000c95dc3a8}: Found class java.lang.Object, but interface was expected> (0x00000000c95dc3a8) 
thrown [s\src\hotspot\share\interpreter\linkResolver.cpp, line 840]
Event: 96.618 Thread 0x000002944781ec30 Implicit null exception at 0x00000294756a1e04 to 0x00000294756a5044
Event: 96.619 Thread 0x000002944781ec30 Implicit null exception at 0x000002947515513d to 0x000002947515519c
Event: 96.897 Thread 0x00000294476a5810 Exception <a 'java/lang/NoSuchMethodError'{0x00000000c913b1d0}: static Lorg/gradle/tooling/internal/provider/serialization/ClassLoaderDetails;.<clinit>()V> (0x00000000c913b1d0) 
thrown [s\src\hotspot\share\prims\jni.cpp, line 1111]
Event: 97.888 Thread 0x00000294476a5810 Exception <a 'java/lang/NoSuchMethodError'{0x00000000c9158c30}: static Lorg/gradle/tooling/internal/provider/serialization/WellKnownClassLoaderRegistry$KnownClassLoaderSpec;.<clinit>()V> (0x00000000c9158c30) 
thrown [s\src\hotspot\share\prims\jni.cpp, line 1111]
Event: 97.888 Thread 0x00000294476a5810 Exception <a 'java/lang/NoSuchMethodError'{0x00000000c915a478}: static Lorg/gradle/internal/classloader/ClassLoaderSpec;.<clinit>()V> (0x00000000c915a478) 
thrown [s\src\hotspot\share\prims\jni.cpp, line 1111]
Event: 97.891 Thread 0x00000294476a5810 Exception <a 'java/lang/NoSuchMethodError'{0x00000000c916f110}: static Lorg/gradle/internal/classloader/ClassLoaderSpec;.<clinit>()V> (0x00000000c916f110) 
thrown [s\src\hotspot\share\prims\jni.cpp, line 1111]
Event: 97.892 Thread 0x00000294476a5810 Exception <a 'java/lang/NoSuchMethodError'{0x00000000c917ebc8}: static Lorg/gradle/internal/classloader/VisitableURLClassLoader$Spec;.<clinit>()V> (0x00000000c917ebc8) 
thrown [s\src\hotspot\share\prims\jni.cpp, line 1111]
Event: 97.898 Thread 0x00000294476a5810 Exception <a 'java/lang/NoSuchMethodError'{0x00000000c919fda0}: static [Ljava/net/URL;.<clinit>()V> (0x00000000c919fda0) 
thrown [s\src\hotspot\share\prims\jni.cpp, line 1111]
Event: 101.856 Thread 0x000002944781ec30 Exception <a 'java/lang/NoSuchMethodError'{0x00000000c8ab4bc0}: 'java.lang.Object java.lang.invoke.DirectMethodHandle$Holder.newInvokeSpecial(java.lang.Object, java.lang.Object, java.lang.Object, java.lang.Object, java.lang.Object, java.lang.Object, java.lang.Object, java.lang.Object, java.lang.Object, java.lang.Object, java.lang.Object, java.lang.Object, java.lang.Object, java.lang.Object, java.lang.Object, java.lang.Object, java.lang.Object, java.lang.Object, java.lang.Object, java.lang.Object, java.lang
Event: 101.858 Thread 0x000002944781ec30 Exception <a 'java/lang/NoSuchMethodError'{0x00000000c8abb550}: 'java.lang.Object java.lang.invoke.DirectMethodHandle$Holder.invokeSpecial(java.lang.Object, java.lang.Object, java.lang.Object, java.lang.Object, java.lang.Object, java.lang.Object, java.lang.Object, java.lang.Object, java.lang.Object, java.lang.Object, java.lang.Object, java.lang.Object, java.lang.Object, java.lang.Object, java.lang.Object, java.lang.Object, java.lang.Object, java.lang.Object, java.lang.Object, java.lang.Object, java.lang.Ob
Event: 101.858 Thread 0x000002944781ec30 Exception <a 'java/lang/NoSuchMethodError'{0x00000000c8ac0d30}: 'java.lang.Object java.lang.invoke.DelegatingMethodHandle$Holder.reinvoke_L(java.lang.Object, java.lang.Object, java.lang.Object, java.lang.Object, java.lang.Object, java.lang.Object, java.lang.Object, java.lang.Object, java.lang.Object, java.lang.Object, java.lang.Object, java.lang.Object, java.lang.Object, java.lang.Object, java.lang.Object, java.lang.Object, java.lang.Object, java.lang.Object, java.lang.Object, java.lang.Object, java.lang.O

ZGC Phase Switch (0 events):
No events

VM Operations (20 events):
Event: 92.681 Executing safepoint VM operation: G1PauseRemark done
Event: 92.718 Executing safepoint VM operation: G1PauseCleanup
Event: 92.718 Executing safepoint VM operation: G1PauseCleanup done
Event: 93.723 Executing safepoint VM operation: Cleanup
Event: 93.723 Executing safepoint VM operation: Cleanup done
Event: 94.731 Executing safepoint VM operation: Cleanup
Event: 94.731 Executing safepoint VM operation: Cleanup done
Event: 95.735 Executing safepoint VM operation: Cleanup
Event: 95.735 Executing safepoint VM operation: Cleanup done
Event: 96.743 Executing safepoint VM operation: Cleanup
Event: 96.744 Executing safepoint VM operation: Cleanup done
Event: 97.744 Executing safepoint VM operation: Cleanup
Event: 97.883 Executing safepoint VM operation: Cleanup done
Event: 98.892 Executing safepoint VM operation: Cleanup
Event: 99.015 Executing safepoint VM operation: Cleanup done
Event: 100.027 Executing safepoint VM operation: Cleanup
Event: 100.262 Executing safepoint VM operation: Cleanup done
Event: 101.267 Executing safepoint VM operation: Cleanup
Event: 101.267 Executing safepoint VM operation: Cleanup done
Event: 101.864 Executing safepoint VM operation: G1CollectForAllocation (G1 Evacuation Pause)

Memory protections (0 events):
No events

Nmethod flushes (20 events):
Event: 92.677 Thread 0x00000294007ab290 flushing  nmethod 0x000002946db8ae10
Event: 92.677 Thread 0x00000294007ab290 flushing  nmethod 0x000002946db8c090
Event: 92.677 Thread 0x00000294007ab290 flushing  nmethod 0x000002946dc17310
Event: 92.677 Thread 0x00000294007ab290 flushing  nmethod 0x000002946dc55690
Event: 92.677 Thread 0x00000294007ab290 flushing  nmethod 0x000002946dc56410
Event: 92.677 Thread 0x00000294007ab290 flushing  nmethod 0x000002946dc56810
Event: 92.677 Thread 0x00000294007ab290 flushing  nmethod 0x000002946dd9b890
Event: 92.677 Thread 0x00000294007ab290 flushing  nmethod 0x000002946dfec310
Event: 92.677 Thread 0x00000294007ab290 flushing  nmethod 0x000002946e058610
Event: 92.677 Thread 0x00000294007ab290 flushing  nmethod 0x000002946e212310
Event: 92.677 Thread 0x00000294007ab290 flushing  nmethod 0x000002946e69a590
Event: 92.677 Thread 0x00000294007ab290 flushing  nmethod 0x000002946da12d10
Event: 92.677 Thread 0x00000294007ab290 flushing  nmethod 0x000002946dabf090
Event: 92.677 Thread 0x00000294007ab290 flushing  nmethod 0x000002946dac0c90
Event: 92.677 Thread 0x00000294007ab290 flushing  nmethod 0x000002946db3d410
Event: 92.677 Thread 0x00000294007ab290 flushing  nmethod 0x000002946db3de90
Event: 92.677 Thread 0x00000294007ab290 flushing  nmethod 0x000002946dba1e90
Event: 92.677 Thread 0x00000294007ab290 flushing  nmethod 0x000002946de75410
Event: 92.677 Thread 0x00000294007ab290 flushing  nmethod 0x000002946e048d90
Event: 92.677 Thread 0x00000294007ab290 flushing  nmethod 0x000002946e27d790

Events (20 events):
Event: 96.675 Thread 0x0000029448d467e0 Thread exited: 0x0000029448d467e0
Event: 96.676 Thread 0x0000029448d43360 Thread exited: 0x0000029448d43360
Event: 96.676 Thread 0x0000029448787b70 Thread exited: 0x0000029448787b70
Event: 96.676 Thread 0x0000029448d44da0 Thread exited: 0x0000029448d44da0
Event: 96.676 Thread 0x0000029448d47500 Thread exited: 0x0000029448d47500
Event: 96.676 Thread 0x0000029448d44710 Thread exited: 0x0000029448d44710
Event: 96.676 Thread 0x0000029448785aa0 Thread exited: 0x0000029448785aa0
Event: 96.713 Thread 0x000002944781df10 Thread exited: 0x000002944781df10
Event: 96.722 Thread 0x000002944781d880 Thread exited: 0x000002944781d880
Event: 96.728 Thread 0x0000029447820670 Thread exited: 0x0000029447820670
Event: 98.504 Thread 0x00000294476a5810 Thread added: 0x0000029446c10190
Event: 98.505 Thread 0x0000029447820d00 Thread exited: 0x0000029447820d00
Event: 98.621 Thread 0x0000029447695560 Thread exited: 0x0000029447695560
Event: 101.238 Thread 0x00000294476a5810 Thread added: 0x0000029446c0e750
Event: 101.282 Thread 0x00000294476a5810 Thread added: 0x0000029446c0ede0
Event: 101.299 Thread 0x000002944781ec30 Thread added: 0x0000029446c0f470
Event: 101.304 Thread 0x000002944781ec30 Thread added: 0x0000029448786130
Event: 101.306 Thread 0x000002944781ec30 Thread added: 0x00000294487867c0
Event: 101.752 Thread 0x000002944781ec30 Thread added: 0x0000029448786e50
Event: 101.783 Thread 0x000002944781ec30 Thread added: 0x0000029448788890


Dynamic libraries:
0x00007ff68b060000 - 0x00007ff68b06e000 	C:\Users\LENOVO\.antigravity-ide\extensions\redhat.java-1.56.0-win32-x64\jre\21.0.12.1-win32-x86_64\bin\java.exe
0x00007ffba7f40000 - 0x00007ffba81a7000 	C:\WINDOWS\SYSTEM32\ntdll.dll
0x00007ffba6070000 - 0x00007ffba613b000 	C:\WINDOWS\System32\KERNEL32.DLL
0x00007ffba5490000 - 0x00007ffba5892000 	C:\WINDOWS\System32\KERNELBASE.dll
0x00007ffba5140000 - 0x00007ffba528c000 	C:\WINDOWS\System32\ucrtbase.dll
0x00007ffb98210000 - 0x00007ffb98228000 	C:\Users\LENOVO\.antigravity-ide\extensions\redhat.java-1.56.0-win32-x64\jre\21.0.12.1-win32-x86_64\bin\jli.dll
0x00007ffba5e00000 - 0x00007ffba5fcf000 	C:\WINDOWS\System32\USER32.dll
0x00007ffba59e0000 - 0x00007ffba5a07000 	C:\WINDOWS\System32\win32u.dll
0x00007ffba5d80000 - 0x00007ffba5dab000 	C:\WINDOWS\System32\GDI32.dll
0x00007ffb97910000 - 0x00007ffb9792e000 	C:\Users\LENOVO\.antigravity-ide\extensions\redhat.java-1.56.0-win32-x64\jre\21.0.12.1-win32-x86_64\bin\VCRUNTIME140.dll
0x00007ffba52a0000 - 0x00007ffba53c9000 	C:\WINDOWS\System32\gdi32full.dll
0x00007ffba5930000 - 0x00007ffba59d3000 	C:\WINDOWS\System32\msvcp_win.dll
0x00007ffb8ec40000 - 0x00007ffb8eed0000 	C:\WINDOWS\WinSxS\amd64_microsoft.windows.common-controls_6595b64144ccf1df_6.0.26100.9278_none_3e0d1ba8e3303201\COMCTL32.dll
0x00007ffba6840000 - 0x00007ffba68e9000 	C:\WINDOWS\System32\msvcrt.dll
0x00007ffba5dc0000 - 0x00007ffba5df1000 	C:\WINDOWS\System32\IMM32.DLL
0x00007ffb98200000 - 0x00007ffb9820c000 	C:\Users\LENOVO\.antigravity-ide\extensions\redhat.java-1.56.0-win32-x64\jre\21.0.12.1-win32-x86_64\bin\vcruntime140_1.dll
0x00007ffb763b0000 - 0x00007ffb7643d000 	C:\Users\LENOVO\.antigravity-ide\extensions\redhat.java-1.56.0-win32-x64\jre\21.0.12.1-win32-x86_64\bin\msvcp140.dll
0x00007ffb366c0000 - 0x00007ffb37462000 	C:\Users\LENOVO\.antigravity-ide\extensions\redhat.java-1.56.0-win32-x64\jre\21.0.12.1-win32-x86_64\bin\server\jvm.dll
0x00007ffba66f0000 - 0x00007ffba67ac000 	C:\WINDOWS\System32\ADVAPI32.dll
0x00007ffba7e30000 - 0x00007ffba7ed9000 	C:\WINDOWS\System32\sechost.dll
0x00007ffba5c60000 - 0x00007ffba5d78000 	C:\WINDOWS\System32\RPCRT4.dll
0x00007ffba7090000 - 0x00007ffba7110000 	C:\WINDOWS\System32\WS2_32.dll
0x00007ffba4f90000 - 0x00007ffba4fee000 	C:\WINDOWS\SYSTEM32\POWRPROF.dll
0x00007ffb983b0000 - 0x00007ffb983e6000 	C:\WINDOWS\SYSTEM32\WINMM.dll
0x00007ffb93ff0000 - 0x00007ffb93ffb000 	C:\WINDOWS\SYSTEM32\VERSION.dll
0x00007ffba4f70000 - 0x00007ffba4f85000 	C:\WINDOWS\SYSTEM32\UMPDC.dll
0x00007ffba3dd0000 - 0x00007ffba3deb000 	C:\WINDOWS\SYSTEM32\kernel.appcore.dll
0x00007ffb97640000 - 0x00007ffb9764a000 	C:\Users\LENOVO\.antigravity-ide\extensions\redhat.java-1.56.0-win32-x64\jre\21.0.12.1-win32-x86_64\bin\jimage.dll
0x00007ffba2480000 - 0x00007ffba26cc000 	C:\WINDOWS\SYSTEM32\DBGHELP.DLL
0x00007ffba7950000 - 0x00007ffba7cd5000 	C:\WINDOWS\System32\combase.dll
0x00007ffba62c0000 - 0x00007ffba6399000 	C:\WINDOWS\System32\OLEAUT32.dll
0x00007ffb8c4f0000 - 0x00007ffb8c52b000 	C:\WINDOWS\SYSTEM32\dbgcore.DLL
0x00007ffba5a10000 - 0x00007ffba5abc000 	C:\WINDOWS\System32\bcryptPrimitives.dll
0x00007ffb87510000 - 0x00007ffb8751f000 	C:\Users\LENOVO\.antigravity-ide\extensions\redhat.java-1.56.0-win32-x64\jre\21.0.12.1-win32-x86_64\bin\instrument.dll
0x00007ffb77ba0000 - 0x00007ffb77bc0000 	C:\Users\LENOVO\.antigravity-ide\extensions\redhat.java-1.56.0-win32-x64\jre\21.0.12.1-win32-x86_64\bin\java.dll
0x00007ffba68f0000 - 0x00007ffba7088000 	C:\WINDOWS\System32\SHELL32.dll
0x00007ffba2b60000 - 0x00007ffba340e000 	C:\WINDOWS\SYSTEM32\windows.storage.dll
0x00007ffba7d30000 - 0x00007ffba7e2b000 	C:\WINDOWS\System32\SHCORE.dll
0x00007ffba67d0000 - 0x00007ffba6836000 	C:\WINDOWS\System32\shlwapi.dll
0x00007ffba5060000 - 0x00007ffba5089000 	C:\WINDOWS\SYSTEM32\profapi.dll
0x00007ffb77b80000 - 0x00007ffb77b98000 	C:\Users\LENOVO\.antigravity-ide\extensions\redhat.java-1.56.0-win32-x64\jre\21.0.12.1-win32-x86_64\bin\zip.dll
0x00007ffb97630000 - 0x00007ffb97640000 	C:\Users\LENOVO\.antigravity-ide\extensions\redhat.java-1.56.0-win32-x64\jre\21.0.12.1-win32-x86_64\bin\net.dll
0x00007ffb9d7d0000 - 0x00007ffb9d8fa000 	C:\WINDOWS\SYSTEM32\WINHTTP.dll
0x00007ffba4370000 - 0x00007ffba43dc000 	C:\WINDOWS\system32\mswsock.dll
0x00007ffb759a0000 - 0x00007ffb759b6000 	C:\Users\LENOVO\.antigravity-ide\extensions\redhat.java-1.56.0-win32-x64\jre\21.0.12.1-win32-x86_64\bin\nio.dll
0x00007ffb87520000 - 0x00007ffb87530000 	C:\Users\LENOVO\.antigravity-ide\extensions\redhat.java-1.56.0-win32-x64\jre\21.0.12.1-win32-x86_64\bin\verify.dll
0x00007ffb980f0000 - 0x00007ffb98117000 	C:\Users\LENOVO\.gradle\native\1def1411415f61bf3af743bc5b6707747c0891f09f0c88961ee8f79bc544acac\windows-amd64\native-platform.dll
0x00007ffb475f0000 - 0x00007ffb47668000 	C:\Users\LENOVO\.gradle\native\0.2.7\x86_64-windows-gnu\gradle-fileevents.dll
0x00007ffb97900000 - 0x00007ffb9790a000 	C:\Users\LENOVO\.antigravity-ide\extensions\redhat.java-1.56.0-win32-x64\jre\21.0.12.1-win32-x86_64\bin\management.dll
0x00007ffb974f0000 - 0x00007ffb974fc000 	C:\Users\LENOVO\.antigravity-ide\extensions\redhat.java-1.56.0-win32-x64\jre\21.0.12.1-win32-x86_64\bin\management_ext.dll
0x00007ffba5db0000 - 0x00007ffba5db8000 	C:\WINDOWS\System32\PSAPI.DLL
0x00007ffba3780000 - 0x00007ffba37b3000 	C:\WINDOWS\SYSTEM32\IPHLPAPI.DLL
0x00007ffba7120000 - 0x00007ffba712a000 	C:\WINDOWS\System32\NSI.dll
0x00007ffb96ee0000 - 0x00007ffb96ee9000 	C:\Users\LENOVO\.antigravity-ide\extensions\redhat.java-1.56.0-win32-x64\jre\21.0.12.1-win32-x86_64\bin\extnet.dll
0x00007ffba4790000 - 0x00007ffba47ab000 	C:\WINDOWS\SYSTEM32\CRYPTSP.dll
0x00007ffba3d30000 - 0x00007ffba3d69000 	C:\WINDOWS\system32\rsaenh.dll
0x00007ffba4420000 - 0x00007ffba4454000 	C:\WINDOWS\SYSTEM32\USERENV.dll
0x00007ffba5030000 - 0x00007ffba505a000 	C:\WINDOWS\SYSTEM32\bcrypt.dll
0x00007ffba45d0000 - 0x00007ffba45dc000 	C:\WINDOWS\SYSTEM32\CRYPTBASE.dll
0x00007ffb7e850000 - 0x00007ffb7e85e000 	C:\Users\LENOVO\.antigravity-ide\extensions\redhat.java-1.56.0-win32-x64\jre\21.0.12.1-win32-x86_64\bin\sunmscapi.dll
0x00007ffba5ad0000 - 0x00007ffba5c4e000 	C:\WINDOWS\System32\CRYPT32.dll
0x00007ffba4900000 - 0x00007ffba4930000 	C:\WINDOWS\SYSTEM32\ncrypt.dll
0x00007ffba48b0000 - 0x00007ffba48ef000 	C:\WINDOWS\SYSTEM32\NTASN1.dll
0x00007ffb66b40000 - 0x00007ffb66b48000 	C:\WINDOWS\system32\wshunix.dll

JVMTI agents:
C:\Users\LENOVO\.gradle\wrapper\dists\gradle-8.14-bin\38aieal9i53h9rfe7vjup95b9\gradle-8.14\lib\agents\gradle-instrumentation-agent-8.14.jar path:C:\Users\LENOVO\.antigravity-ide\extensions\redhat.java-1.56.0-win32-x64\jre\21.0.12.1-win32-x86_64\bin\instrument.dll, loaded, initialized, instrumentlib options:none

dbghelp: loaded successfully - version: 4.0.5 - missing functions: none
symbol engine: initialized successfully - sym options: 0x614 - pdb path: .;C:\Users\LENOVO\.antigravity-ide\extensions\redhat.java-1.56.0-win32-x64\jre\21.0.12.1-win32-x86_64\bin;C:\WINDOWS\SYSTEM32;C:\WINDOWS\WinSxS\amd64_microsoft.windows.common-controls_6595b64144ccf1df_6.0.26100.9278_none_3e0d1ba8e3303201;C:\Users\LENOVO\.antigravity-ide\extensions\redhat.java-1.56.0-win32-x64\jre\21.0.12.1-win32-x86_64\bin\server;C:\Users\LENOVO\.gradle\native\1def1411415f61bf3af743bc5b6707747c0891f09f0c88961ee8f79bc544acac\windows-amd64;C:\Users\LENOVO\.gradle\native\0.2.7\x86_64-windows-gnu

VM Arguments:
jvm_args: --add-opens=java.base/java.lang=ALL-UNNAMED --add-opens=java.base/java.lang.invoke=ALL-UNNAMED --add-opens=java.base/java.util=ALL-UNNAMED --add-opens=java.prefs/java.util.prefs=ALL-UNNAMED --add-exports=jdk.compiler/com.sun.tools.javac.api=ALL-UNNAMED --add-exports=jdk.compiler/com.sun.tools.javac.util=ALL-UNNAMED --add-opens=java.base/java.util=ALL-UNNAMED --add-opens=java.prefs/java.util.prefs=ALL-UNNAMED --add-opens=java.base/java.nio.charset=ALL-UNNAMED --add-opens=java.base/java.net=ALL-UNNAMED --add-opens=java.base/java.util.concurrent.atomic=ALL-UNNAMED --add-opens=java.xml/javax.xml.namespace=ALL-UNNAMED -Xmx1024m -Dfile.encoding=UTF-8 -Duser.country=US -Duser.language=en -Duser.variant -javaagent:C:\Users\LENOVO\.gradle\wrapper\dists\gradle-8.14-bin\38aieal9i53h9rfe7vjup95b9\gradle-8.14\lib\agents\gradle-instrumentation-agent-8.14.jar 
java_command: org.gradle.launcher.daemon.bootstrap.GradleDaemon 8.14
java_class_path (initial): C:\Users\LENOVO\.gradle\wrapper\dists\gradle-8.14-bin\38aieal9i53h9rfe7vjup95b9\gradle-8.14\lib\gradle-daemon-main-8.14.jar
Launcher Type: SUN_STANDARD

[Global flags]
     intx CICompilerCount                          = 4                                         {product} {ergonomic}
     uint ConcGCThreads                            = 2                                         {product} {ergonomic}
     uint G1ConcRefinementThreads                  = 8                                         {product} {ergonomic}
   size_t G1HeapRegionSize                         = 1048576                                   {product} {ergonomic}
    uintx GCDrainStackTargetSize                   = 64                                        {product} {ergonomic}
   size_t InitialHeapSize                          = 98566144                                  {product} {ergonomic}
   size_t MarkStackSize                            = 4194304                                   {product} {ergonomic}
   size_t MaxHeapSize                              = 1073741824                                {product} {command line}
   size_t MaxNewSize                               = 643825664                                 {product} {ergonomic}
   size_t MinHeapDeltaBytes                        = 1048576                                   {product} {ergonomic}
   size_t MinHeapSize                              = 8388608                                   {product} {ergonomic}
    uintx NonNMethodCodeHeapSize                   = 5839372                                {pd product} {ergonomic}
    uintx NonProfiledCodeHeapSize                  = 122909434                              {pd product} {ergonomic}
    uintx ProfiledCodeHeapSize                     = 122909434                              {pd product} {ergonomic}
    uintx ReservedCodeCacheSize                    = 251658240                              {pd product} {ergonomic}
     bool SegmentedCodeCache                       = true                                      {product} {ergonomic}
   size_t SoftMaxHeapSize                          = 1073741824                             {manageable} {ergonomic}
     bool UseCompressedOops                        = true                           {product lp64_product} {ergonomic}
     bool UseG1GC                                  = true                                      {product} {ergonomic}
     bool UseLargePagesIndividualAllocation        = false                                  {pd product} {ergonomic}

Logging:
Log output configuration:
 #0: stdout all=warning uptime,level,tags foldmultilines=false
 #1: stderr all=off uptime,level,tags foldmultilines=false

Release file:
JAVA_VERSION="21.0.12.1" 
MODULES="java.base java.compiler java.datatransfer java.xml java.prefs java.desktop java.instrument java.logging java.management java.security.sasl java.naming java.rmi java.management.rmi java.net.http java.scripting java.security.jgss java.transaction.xa java.sql java.sql.rowset java.xml.crypto java.se java.smartcardio jdk.accessibility jdk.internal.jvmstat jdk.attach jdk.charsets jdk.internal.opt jdk.zipfs jdk.compiler jdk.crypto.ec jdk.crypto.cryptoki jdk.crypto.mscapi jdk.dynalink jdk.internal.ed jdk.editpad jdk.hotspot.agent jdk.httpserver jdk.internal.le jdk.internal.vm.ci jdk.internal.vm.compiler jdk.internal.vm.compiler.management jdk.jartool jdk.javadoc jdk.jcmd jdk.management jdk.management.agent jdk.jconsole jdk.jdeps jdk.jdwp.agent jdk.jdi jdk.jfr jdk.jshell jdk.jsobject jdk.jstatd jdk.localedata jdk.management.jfr jdk.naming.dns jdk.naming.rmi jdk.net jdk.nio.mapmode jdk.random jdk.sctp jdk.security.auth jdk.security.jgss jdk.unsupported jdk.unsupported.desktop jdk.xml.dom" 

Environment Variables:
JAVA_HOME=C:\Program Files\Android\Android Studio\jbr
PATH=C:\WINDOWS\system32;C:\WINDOWS;C:\WINDOWS\System32\Wbem;C:\WINDOWS\System32\WindowsPowerShell\v1.0\;C:\WINDOWS\System32\OpenSSH\;C:\Program Files\Docker\Docker\resources\bin;C:\Program Files\nodejs\;C:\Program Files\Git\cmd;C:\Users\LENOVO\AppData\Local\Programs\Python\Python312\Scripts\;C:\Users\LENOVO\AppData\Local\Programs\Python\Python312\;C:\Users\LENOVO\AppData\Local\Programs\Python\Launcher\;C:\Users\LENOVO\AppData\Local\Programs\Python\Python314\Scripts\;C:\Users\LENOVO\AppData\Local\Programs\Python\Python314\;C:\Users\LENOVO\AppData\Local\Microsoft\WindowsApps;C:\Users\LENOVO\AppData\Local\Programs\Antigravity\bin;C:\Users\LENOVO\AppData\Roaming\npm;C:\ScrcpyLauncher by praveen;C:\Users\LENOVO\AppData\Local\PowerToys\DSCModules\;C:\Users\LENOVO\AppData\Local\Programs\Antigravity IDE\bin
USERNAME=LENOVO
OS=Windows_NT
PROCESSOR_IDENTIFIER=AMD64 Family 23 Model 160 Stepping 0, AuthenticAMD
TMP=C:\Users\LENOVO\AppData\Local\Temp
TEMP=C:\Users\LENOVO\AppData\Local\Temp




Periodic native trim disabled

---------------  S Y S T E M  ---------------

OS:
 Windows 11 , 64 bit Build 26100 (10.0.26100.9444)
OS uptime: 8 days 14:18 hours
Hyper-V role detected

CPU: total 8 (initial active 8) (8 cores per cpu, 2 threads per core) family 23 model 160 stepping 0 microcode 0x8a0000a, cx8, cmov, fxsr, ht, mmx, 3dnowpref, sse, sse2, sse3, ssse3, sse4a, sse4.1, sse4.2, popcnt, lzcnt, tsc, tscinvbit, avx, avx2, aes, clmul, bmi1, bmi2, adx, sha, fma, vzeroupper, clflush, clflushopt, hv, rdtscp, rdpid, f16c
Processor Information for the first 8 processors :
  Max Mhz: 2401, Current Mhz: 2401, Mhz Limit: 2401

Memory: 4k page, system-wide physical 5965M (130M free)
TotalPageFile size 24397M (AvailPageFile size 0M)
current process WorkingSet (physical memory assigned to process): 239M, peak: 344M
current process commit charge ("private bytes"): 482M, peak: 503M

vm_info: OpenJDK 64-Bit Server VM (21.0.12.1+1-LTS) for windows-amd64 JRE (21.0.12.1+1-LTS), built on 2026-08-18T00:00:00Z by "admin" with MS VC++ 17.12 (VS2022)

END.
