#
# There is insufficient memory for the Java Runtime Environment to continue.
# Native memory allocation (malloc) failed to allocate 1454128 bytes. Error detail: Chunk::new
# Possible reasons:
#   The system is out of physical RAM or swap space
#   This process is running with CompressedOops enabled, and the Java Heap may be blocking the growth of the native heap
# Possible solutions:
#   Reduce memory load on the system
#   Increase physical memory or swap space
#   Check if swap backing store is full
#   Decrease Java heap size (-Xmx/-Xms)
#   Decrease number of Java threads
#   Decrease Java thread stack sizes (-Xss)
#   Set larger code cache with -XX:ReservedCodeCacheSize=
#   JVM is running with Unscaled Compressed Oops mode in which the Java heap is
#     placed in the first 4GB address space. The Java Heap base address is the
#     maximum limit for the native heap growth. Please use -XX:HeapBaseMinAddress
#     to set the Java Heap base and to place the Java Heap above 4GB virtual address.
# This output file may be truncated or incomplete.
#
#  Out of Memory Error (arena.cpp:168), pid=13412, tid=21472
#
# JRE version: OpenJDK Runtime Environment Temurin-21.0.12.1+1 (21.0.12.1+1) (build 21.0.12.1+1-LTS)
# Java VM: OpenJDK 64-Bit Server VM Temurin-21.0.12.1+1 (21.0.12.1+1-LTS, mixed mode, sharing, tiered, compressed oops, compressed class ptrs, g1 gc, windows-amd64)
# No core dump will be written. Minidumps are not enabled by default on client versions of Windows
#

---------------  S U M M A R Y ------------

Command Line: --add-opens=java.base/java.lang=ALL-UNNAMED --add-opens=java.base/java.lang.invoke=ALL-UNNAMED --add-opens=java.base/java.util=ALL-UNNAMED --add-opens=java.prefs/java.util.prefs=ALL-UNNAMED --add-exports=jdk.compiler/com.sun.tools.javac.api=ALL-UNNAMED --add-exports=jdk.compiler/com.sun.tools.javac.util=ALL-UNNAMED --add-opens=java.base/java.util=ALL-UNNAMED --add-opens=java.prefs/java.util.prefs=ALL-UNNAMED --add-opens=java.base/java.nio.charset=ALL-UNNAMED --add-opens=java.base/java.net=ALL-UNNAMED --add-opens=java.base/java.util.concurrent.atomic=ALL-UNNAMED --add-opens=java.xml/javax.xml.namespace=ALL-UNNAMED -Xmx1024m -Dfile.encoding=UTF-8 -Duser.country=US -Duser.language=en -Duser.variant -javaagent:C:\Users\LENOVO\.gradle\wrapper\dists\gradle-8.14-bin\38aieal9i53h9rfe7vjup95b9\gradle-8.14\lib\agents\gradle-instrumentation-agent-8.14.jar org.gradle.launcher.daemon.bootstrap.GradleDaemon 8.14

Host: AMD Ryzen 3 7320U with Radeon Graphics         , 8 cores, 5G,  Windows 11 , 64 bit Build 26100 (10.0.26100.9444)
Time: Sun Sep 27 21:22:07 2026 Nepal Standard Time elapsed time: 388.752500 seconds (0d 0h 6m 28s)

---------------  T H R E A D  ---------------

Current thread (0x0000018233f61ba0):  JavaThread "C2 CompilerThread0" daemon [_thread_in_native, id=21472, stack(0x00000017bdb00000,0x00000017bdc00000) (1024K)]


Current CompileTask:
C2:388752 16711       4       org.gradle.internal.fingerprint.classpath.impl.ClasspathFingerprintingStrategy$ClasspathFingerprintingVisitor::visitEntry (20 bytes)

Stack: [0x00000017bdb00000,0x00000017bdc00000]
Native frames: (J=compiled Java code, j=interpreted, Vv=VM code, C=native code)
V  [jvm.dll+0x6d83e9]
V  [jvm.dll+0x8b5736]
V  [jvm.dll+0x8b7cee]
V  [jvm.dll+0x8b83d3]
V  [jvm.dll+0x284596]
V  [jvm.dll+0xc685d]
V  [jvm.dll+0xc6da1]
V  [jvm.dll+0x3bf18b]
V  [jvm.dll+0x38b6d2]
V  [jvm.dll+0x38ab1a]
V  [jvm.dll+0x24c700]
V  [jvm.dll+0x24bce0]
V  [jvm.dll+0x1cb4ae]
V  [jvm.dll+0x25baad]
V  [jvm.dll+0x25a03a]
V  [jvm.dll+0x3f8aae]
V  [jvm.dll+0x8600cd]
V  [jvm.dll+0x6d6c1d]
C  [ucrtbase.dll+0x2cd30]
C  [KERNEL32.DLL+0x2cd87]
C  [ntdll.dll+0xacaec]


---------------  P R O C E S S  ---------------

Threads class SMR info:
_java_thread_list=0x000001827c468630, length=69, elements={
0x000001821b977240, 0x0000018233f5ad00, 0x0000018233f5c480, 0x0000018233f5cee0,
0x0000018233f5f950, 0x0000018233f603b0, 0x0000018233f60e10, 0x0000018233f61ba0,
0x0000018233f66210, 0x00000182791a03f0, 0x000001827920db90, 0x000001827a94a1d0,
0x0000018233fc5170, 0x000001827a6ba250, 0x0000018279055b40, 0x0000018279133480,
0x0000018279132df0, 0x00000182791313b0, 0x0000018279130690, 0x0000018279130d20,
0x000001827c766660, 0x000001827c769450, 0x000001827c76a170, 0x000001827c769ae0,
0x000001827c766cf0, 0x000001827dc15330, 0x000001827edef780, 0x000001827e34cd90,
0x000001827d0688e0, 0x000001827e34ee60, 0x000001827e3508a0, 0x000001827e350210,
0x000001827e34d420, 0x000001827e350f30, 0x000001827e34dab0, 0x000001827e3515c0,
0x000001827e351c50, 0x000001827e34e7d0, 0x000001827e3522e0, 0x000001827e352970,
0x000001827e353690, 0x000001827e353000, 0x000001827a69f6a0, 0x000001827a69fd30,
0x000001827a69f010, 0x000001827a69dc60, 0x000001827a6a03c0, 0x000001827a6a0a50,
0x000001827a6a10e0, 0x000001827a6a1770, 0x000001827a69e2f0, 0x000001827a6a1e00,
0x000001827a69e980, 0x000001827a6a4560, 0x000001827a6a2490, 0x000001827a6a2b20,
0x000001827a6a31b0, 0x000001827a6a3840, 0x000001827a6a3ed0, 0x000001827d066810,
0x000001827d066ea0, 0x000001827d065af0, 0x000001827d064dd0, 0x000001827d069600,
0x000001827d066180, 0x000001827d06a320, 0x000001827d06a9b0, 0x000001827d06b040,
0x000001827d06bd60
}

Java Threads: ( => current thread )
  0x000001821b977240 JavaThread "main"                              [_thread_blocked, id=19576, stack(0x00000017bcc00000,0x00000017bcd00000) (1024K)]
  0x0000018233f5ad00 JavaThread "Reference Handler"          daemon [_thread_blocked, id=15640, stack(0x00000017bd500000,0x00000017bd600000) (1024K)]
  0x0000018233f5c480 JavaThread "Finalizer"                  daemon [_thread_blocked, id=21648, stack(0x00000017bd600000,0x00000017bd700000) (1024K)]
  0x0000018233f5cee0 JavaThread "Signal Dispatcher"          daemon [_thread_blocked, id=5916, stack(0x00000017bd700000,0x00000017bd800000) (1024K)]
  0x0000018233f5f950 JavaThread "Attach Listener"            daemon [_thread_blocked, id=26544, stack(0x00000017bd800000,0x00000017bd900000) (1024K)]
  0x0000018233f603b0 JavaThread "Service Thread"             daemon [_thread_blocked, id=23192, stack(0x00000017bd900000,0x00000017bda00000) (1024K)]
  0x0000018233f60e10 JavaThread "Monitor Deflation Thread"   daemon [_thread_blocked, id=16328, stack(0x00000017bda00000,0x00000017bdb00000) (1024K)]
=>0x0000018233f61ba0 JavaThread "C2 CompilerThread0"         daemon [_thread_in_native, id=21472, stack(0x00000017bdb00000,0x00000017bdc00000) (1024K)]
  0x0000018233f66210 JavaThread "C1 CompilerThread0"         daemon [_thread_in_vm, id=24428, stack(0x00000017bdc00000,0x00000017bdd00000) (1024K)]
  0x00000182791a03f0 JavaThread "Common-Cleaner"             daemon [_thread_blocked, id=21332, stack(0x00000017bdd00000,0x00000017bde00000) (1024K)]
  0x000001827920db90 JavaThread "Notification Thread"        daemon [_thread_blocked, id=19408, stack(0x00000017bde00000,0x00000017bdf00000) (1024K)]
  0x000001827a94a1d0 JavaThread "Daemon health stats"               [_thread_blocked, id=9356, stack(0x00000017be300000,0x00000017be400000) (1024K)]
  0x0000018233fc5170 JavaThread "Incoming local TCP Connector on port 5543"        [_thread_in_native, id=9844, stack(0x00000017be400000,0x00000017be500000) (1024K)]
  0x000001827a6ba250 JavaThread "Daemon periodic checks"            [_thread_blocked, id=25696, stack(0x00000017be500000,0x00000017be600000) (1024K)]
  0x0000018279055b40 JavaThread "Daemon"                            [_thread_blocked, id=19716, stack(0x00000017be600000,0x00000017be700000) (1024K)]
  0x0000018279133480 JavaThread "Daemon worker"                     [_thread_in_Java, id=9692, stack(0x00000017be900000,0x00000017bea00000) (1024K)]
  0x0000018279132df0 JavaThread "Cache worker for journal cache (C:\Users\LENOVO\.gradle\caches\journal-1)"        [_thread_blocked, id=25632, stack(0x00000017bed00000,0x00000017bee00000) (1024K)]
  0x00000182791313b0 JavaThread "File lock request listener"        [_thread_in_native, id=7172, stack(0x00000017bee00000,0x00000017bef00000) (1024K)]
  0x0000018279130690 JavaThread "File lock release action executor"        [_thread_blocked, id=6036, stack(0x00000017bef00000,0x00000017bf000000) (1024K)]
  0x0000018279130d20 JavaThread "Cache worker for file hash cache (C:\Users\LENOVO\.gradle\caches\8.14\fileHashes)"        [_thread_blocked, id=8900, stack(0x00000017bf300000,0x00000017bf400000) (1024K)]
  0x000001827c766660 JavaThread "File watcher server"        daemon [_thread_in_native, id=13092, stack(0x00000017bf700000,0x00000017bf800000) (1024K)]
  0x000001827c769450 JavaThread "File watcher consumer"      daemon [_thread_blocked, id=25688, stack(0x00000017bf800000,0x00000017bf900000) (1024K)]
  0x000001827c76a170 JavaThread "jar transforms"                    [_thread_blocked, id=16228, stack(0x00000017bf900000,0x00000017bfa00000) (1024K)]
  0x000001827c769ae0 JavaThread "jar transforms Thread 2"           [_thread_blocked, id=18536, stack(0x00000017bfa00000,0x00000017bfb00000) (1024K)]
  0x000001827c766cf0 JavaThread "Cache worker for file content cache (C:\Users\LENOVO\.gradle\caches\8.14\fileContent)"        [_thread_blocked, id=13116, stack(0x00000017bfc00000,0x00000017bfd00000) (1024K)]
  0x000001827dc15330 JavaThread "Memory manager"                    [_thread_blocked, id=25352, stack(0x00000017c2400000,0x00000017c2500000) (1024K)]
  0x000001827edef780 JavaThread "jar transforms Thread 3"           [_thread_blocked, id=20272, stack(0x00000017c2700000,0x00000017c2800000) (1024K)]
  0x000001827e34cd90 JavaThread "jar transforms Thread 4"           [_thread_blocked, id=6720, stack(0x00000017c2800000,0x00000017c2900000) (1024K)]
  0x000001827d0688e0 JavaThread "included builds"                   [_thread_blocked, id=860, stack(0x00000017c0000000,0x00000017c0100000) (1024K)]
  0x000001827e34ee60 JavaThread "VFS cleanup Thread 2"              [_thread_blocked, id=15748, stack(0x00000017bcb00000,0x00000017bcc00000) (1024K)]
  0x000001827e3508a0 JavaThread "Handler for socket connection from /127.0.0.1:5543 to /127.0.0.1:47564"        [_thread_in_native, id=10880, stack(0x00000017bcd00000,0x00000017bce00000) (1024K)]
  0x000001827e350210 JavaThread "Cancel handler"                    [_thread_blocked, id=20188, stack(0x00000017be700000,0x00000017be800000) (1024K)]
  0x000001827e34d420 JavaThread "Asynchronous log dispatcher for DefaultDaemonConnection: socket connection from /127.0.0.1:5543 to /127.0.0.1:47564"        [_thread_blocked, id=19224, stack(0x00000017be800000,0x00000017be900000) (1024K)]
  0x000001827e350f30 JavaThread "Stdin handler"                     [_thread_blocked, id=7500, stack(0x00000017bea00000,0x00000017beb00000) (1024K)]
  0x000001827e34dab0 JavaThread "Daemon client event forwarder"        [_thread_blocked, id=20376, stack(0x00000017beb00000,0x00000017bec00000) (1024K)]
  0x000001827e3515c0 JavaThread "Cache worker for file hash cache (C:\Users\LENOVO\Desktop\HeliBoard-main\.gradle\8.14\fileHashes)"        [_thread_blocked, id=16132, stack(0x00000017bec00000,0x00000017bed00000) (1024K)]
  0x000001827e351c50 JavaThread "Cache worker for Build Output Cleanup Cache (C:\Users\LENOVO\Desktop\HeliBoard-main\.gradle\buildOutputCleanup)"        [_thread_blocked, id=9660, stack(0x00000017bf500000,0x00000017bf600000) (1024K)]
  0x000001827e34e7d0 JavaThread "Cache worker for checksums cache (C:\Users\LENOVO\Desktop\HeliBoard-main\.gradle\8.14\checksums)"        [_thread_blocked, id=21544, stack(0x00000017bf600000,0x00000017bf700000) (1024K)]
  0x000001827e3522e0 JavaThread "Cache worker for cache directory md-supplier (C:\Users\LENOVO\.gradle\caches\8.14\md-supplier)"        [_thread_blocked, id=8468, stack(0x00000017bfe00000,0x00000017bff00000) (1024K)]
  0x000001827e352970 JavaThread "Cache worker for cache directory md-rule (C:\Users\LENOVO\.gradle\caches\8.14\md-rule)"        [_thread_blocked, id=22308, stack(0x00000017bff00000,0x00000017c0000000) (1024K)]
  0x000001827e353690 JavaThread "Unconstrained build operations"        [_thread_blocked, id=15944, stack(0x00000017c0100000,0x00000017c0200000) (1024K)]
  0x000001827e353000 JavaThread "Unconstrained build operations Thread 2"        [_thread_blocked, id=6200, stack(0x00000017c0200000,0x00000017c0300000) (1024K)]
  0x000001827a69f6a0 JavaThread "Unconstrained build operations Thread 3"        [_thread_blocked, id=25220, stack(0x00000017c0300000,0x00000017c0400000) (1024K)]
  0x000001827a69fd30 JavaThread "Unconstrained build operations Thread 4"        [_thread_blocked, id=18688, stack(0x00000017c0400000,0x00000017c0500000) (1024K)]
  0x000001827a69f010 JavaThread "Unconstrained build operations Thread 5"        [_thread_blocked, id=17932, stack(0x00000017c0500000,0x00000017c0600000) (1024K)]
  0x000001827a69dc60 JavaThread "Unconstrained build operations Thread 6"        [_thread_blocked, id=7628, stack(0x00000017c0600000,0x00000017c0700000) (1024K)]
  0x000001827a6a03c0 JavaThread "Unconstrained build operations Thread 7"        [_thread_blocked, id=4508, stack(0x00000017c0700000,0x00000017c0800000) (1024K)]
  0x000001827a6a0a50 JavaThread "Unconstrained build operations Thread 8"        [_thread_blocked, id=9852, stack(0x00000017c0800000,0x00000017c0900000) (1024K)]
  0x000001827a6a10e0 JavaThread "Unconstrained build operations Thread 9"        [_thread_blocked, id=22540, stack(0x00000017c0900000,0x00000017c0a00000) (1024K)]
  0x000001827a6a1770 JavaThread "Unconstrained build operations Thread 10"        [_thread_blocked, id=7212, stack(0x00000017c0a00000,0x00000017c0b00000) (1024K)]
  0x000001827a69e2f0 JavaThread "Unconstrained build operations Thread 11"        [_thread_blocked, id=6776, stack(0x00000017c0b00000,0x00000017c0c00000) (1024K)]
  0x000001827a6a1e00 JavaThread "Unconstrained build operations Thread 12"        [_thread_blocked, id=9372, stack(0x00000017c0c00000,0x00000017c0d00000) (1024K)]
  0x000001827a69e980 JavaThread "Unconstrained build operations Thread 13"        [_thread_blocked, id=20120, stack(0x00000017c0d00000,0x00000017c0e00000) (1024K)]
  0x000001827a6a4560 JavaThread "Unconstrained build operations Thread 14"        [_thread_blocked, id=16028, stack(0x00000017c0e00000,0x00000017c0f00000) (1024K)]
  0x000001827a6a2490 JavaThread "Unconstrained build operations Thread 15"        [_thread_blocked, id=17016, stack(0x00000017c0f00000,0x00000017c1000000) (1024K)]
  0x000001827a6a2b20 JavaThread "Unconstrained build operations Thread 16"        [_thread_blocked, id=25288, stack(0x00000017c1000000,0x00000017c1100000) (1024K)]
  0x000001827a6a31b0 JavaThread "Unconstrained build operations Thread 17"        [_thread_blocked, id=23752, stack(0x00000017c1100000,0x00000017c1200000) (1024K)]
  0x000001827a6a3840 JavaThread "Unconstrained build operations Thread 18"        [_thread_blocked, id=25072, stack(0x00000017c1200000,0x00000017c1300000) (1024K)]
  0x000001827a6a3ed0 JavaThread "Unconstrained build operations Thread 19"        [_thread_blocked, id=14536, stack(0x00000017c1300000,0x00000017c1400000) (1024K)]
  0x000001827d066810 JavaThread "Unconstrained build operations Thread 20"        [_thread_blocked, id=25952, stack(0x00000017c1400000,0x00000017c1500000) (1024K)]
  0x000001827d066ea0 JavaThread "Unconstrained build operations Thread 21"        [_thread_blocked, id=22316, stack(0x00000017c1500000,0x00000017c1600000) (1024K)]
  0x000001827d065af0 JavaThread "Unconstrained build operations Thread 22"        [_thread_blocked, id=1892, stack(0x00000017c1600000,0x00000017c1700000) (1024K)]
  0x000001827d064dd0 JavaThread "Unconstrained build operations Thread 23"        [_thread_blocked, id=26584, stack(0x00000017c1700000,0x00000017c1800000) (1024K)]
  0x000001827d069600 JavaThread "Unconstrained build operations Thread 24"        [_thread_blocked, id=26148, stack(0x00000017c1800000,0x00000017c1900000) (1024K)]
  0x000001827d066180 JavaThread "Unconstrained build operations Thread 25"        [_thread_blocked, id=13508, stack(0x00000017c1900000,0x00000017c1a00000) (1024K)]
  0x000001827d06a320 JavaThread "Unconstrained build operations Thread 26"        [_thread_blocked, id=12556, stack(0x00000017c1a00000,0x00000017c1b00000) (1024K)]
  0x000001827d06a9b0 JavaThread "Unconstrained build operations Thread 27"        [_thread_blocked, id=14348, stack(0x00000017c1b00000,0x00000017c1c00000) (1024K)]
  0x000001827d06b040 JavaThread "Unconstrained build operations Thread 28"        [_thread_blocked, id=14764, stack(0x00000017c1c00000,0x00000017c1d00000) (1024K)]
  0x000001827d06bd60 JavaThread "build event listener"              [_thread_blocked, id=16160, stack(0x00000017c1d00000,0x00000017c1e00000) (1024K)]
Total: 69

Other Threads:
  0x0000018233f3bba0 VMThread "VM Thread"                           [id=18236, stack(0x00000017bd400000,0x00000017bd500000) (1024K)]
  0x0000018233f274a0 WatcherThread "VM Periodic Task Thread"        [id=14848, stack(0x00000017bd300000,0x00000017bd400000) (1024K)]
  0x000001821bc78bc0 WorkerThread "GC Thread#0"                     [id=22892, stack(0x00000017bce00000,0x00000017bcf00000) (1024K)]
  0x0000018279459fe0 WorkerThread "GC Thread#1"                     [id=9328, stack(0x00000017bdf00000,0x00000017be000000) (1024K)]
  0x00000182795a2280 WorkerThread "GC Thread#2"                     [id=17260, stack(0x00000017be000000,0x00000017be100000) (1024K)]
  0x0000018279e48ca0 WorkerThread "GC Thread#3"                     [id=20972, stack(0x00000017be100000,0x00000017be200000) (1024K)]
  0x0000018279e49050 WorkerThread "GC Thread#4"                     [id=24104, stack(0x00000017be200000,0x00000017be300000) (1024K)]
  0x000001827a762690 WorkerThread "GC Thread#5"                     [id=18696, stack(0x00000017bf000000,0x00000017bf100000) (1024K)]
  0x000001827aa781b0 WorkerThread "GC Thread#6"                     [id=17324, stack(0x00000017bf100000,0x00000017bf200000) (1024K)]
  0x0000018279276460 WorkerThread "GC Thread#7"                     [id=9632, stack(0x00000017bf200000,0x00000017bf300000) (1024K)]
  0x000001821bc81ab0 ConcurrentGCThread "G1 Main Marker"            [id=24000, stack(0x00000017bcf00000,0x00000017bd000000) (1024K)]
  0x000001821bc84350 WorkerThread "G1 Conc#0"                       [id=22120, stack(0x00000017bd000000,0x00000017bd100000) (1024K)]
  0x000001827aff5ee0 WorkerThread "G1 Conc#1"                       [id=14816, stack(0x00000017bf400000,0x00000017bf500000) (1024K)]
  0x0000018233e010a0 ConcurrentGCThread "G1 Refine#0"               [id=16188, stack(0x00000017bd100000,0x00000017bd200000) (1024K)]
  0x0000018233e01b20 ConcurrentGCThread "G1 Service"                [id=7644, stack(0x00000017bd200000,0x00000017bd300000) (1024K)]
Total: 15

Threads with active compile tasks:
C2 CompilerThread0  388805 16711       4       org.gradle.internal.fingerprint.classpath.impl.ClasspathFingerprintingStrategy$ClasspathFingerprintingVisitor::visitEntry (20 bytes)
Total: 1

VM state: not at safepoint (normal execution)

VM Mutex/Monitor currently owned by a thread: None

Heap address: 0x00000000c0000000, size: 1024 MB, Compressed Oops mode: 32-bit

CDS archive(s) mapped at: [0x0000018234000000-0x0000018234ba0000-0x0000018234ba0000), size 12189696, SharedBaseAddress: 0x0000018234000000, ArchiveRelocationMode: 1.
Compressed class space mapped at: 0x0000018235000000-0x0000018275000000, reserved size: 1073741824
Narrow klass base: 0x0000018234000000, Narrow klass shift: 0, Narrow klass range: 0x100000000

GC Precious Log:
 CardTable entry size: 512
 Card Set container configuration: InlinePtr #cards 5 size 8 Array Of Cards #cards 12 size 40 Howl #buckets 4 coarsen threshold 1843 Howl Bitmap #cards 512 size 80 coarsen threshold 460 Card regions per heap region 1 cards per card region 2048
 CPUs: 8 total, 8 available
 Memory: 5965M
 Large Page Support: Disabled
 NUMA Support: Disabled
 Compressed Oops: Enabled (32-bit)
 Heap Region Size: 1M
 Heap Min Capacity: 8M
 Heap Initial Capacity: 94M
 Heap Max Capacity: 1G
 Pre-touch: Disabled
 Parallel Workers: 8
 Concurrent Workers: 2
 Concurrent Refinement Workers: 8
 Periodic GC: Disabled

Heap:
 garbage-first heap   total 203776K, used 173079K [0x00000000c0000000, 0x0000000100000000)
  region size 1024K, 46 young (47104K), 8 survivors (8192K)
 Metaspace       used 111571K, committed 114176K, reserved 1179648K
  class space    used 15700K, committed 17024K, reserved 1048576K

Heap Regions: E=young(eden), S=young(survivor), O=old, HS=humongous(starts), HC=humongous(continues), CS=collection set, F=free, TAMS=top-at-mark-start, PB=parsable bottom
|   0|0x00000000c0000000, 0x00000000c0100000, 0x00000000c0100000|100%|HS|  |TAMS 0x00000000c0000000| PB 0x00000000c0000000| Complete 
|   1|0x00000000c0100000, 0x00000000c0200000, 0x00000000c0200000|100%|HC|  |TAMS 0x00000000c0100000| PB 0x00000000c0100000| Complete 
|   2|0x00000000c0200000, 0x00000000c0300000, 0x00000000c0300000|100%|HC|  |TAMS 0x00000000c0200000| PB 0x00000000c0200000| Complete 
|   3|0x00000000c0300000, 0x00000000c0400000, 0x00000000c0400000|100%| O|  |TAMS 0x00000000c0300000| PB 0x00000000c0300000| Untracked 
|   4|0x00000000c0400000, 0x00000000c0500000, 0x00000000c0500000|100%| O|  |TAMS 0x00000000c0400000| PB 0x00000000c0400000| Untracked 
|   5|0x00000000c0500000, 0x00000000c0600000, 0x00000000c0600000|100%| O|  |TAMS 0x00000000c0500000| PB 0x00000000c0500000| Untracked 
|   6|0x00000000c0600000, 0x00000000c0700000, 0x00000000c0700000|100%|HS|  |TAMS 0x00000000c0600000| PB 0x00000000c0600000| Complete 
|   7|0x00000000c0700000, 0x00000000c0800000, 0x00000000c0800000|100%| O|  |TAMS 0x00000000c0700000| PB 0x00000000c0700000| Untracked 
|   8|0x00000000c0800000, 0x00000000c0900000, 0x00000000c0900000|100%| O|  |TAMS 0x00000000c0800000| PB 0x00000000c0800000| Untracked 
|   9|0x00000000c0900000, 0x00000000c0a00000, 0x00000000c0a00000|100%| O|  |TAMS 0x00000000c0900000| PB 0x00000000c0900000| Untracked 
|  10|0x00000000c0a00000, 0x00000000c0b00000, 0x00000000c0b00000|100%| O|  |TAMS 0x00000000c0a00000| PB 0x00000000c0a00000| Untracked 
|  11|0x00000000c0b00000, 0x00000000c0c00000, 0x00000000c0c00000|100%| O|  |TAMS 0x00000000c0b00000| PB 0x00000000c0b00000| Untracked 
|  12|0x00000000c0c00000, 0x00000000c0d00000, 0x00000000c0d00000|100%| O|  |TAMS 0x00000000c0c00000| PB 0x00000000c0c00000| Untracked 
|  13|0x00000000c0d00000, 0x00000000c0e00000, 0x00000000c0e00000|100%| O|  |TAMS 0x00000000c0d00000| PB 0x00000000c0d00000| Untracked 
|  14|0x00000000c0e00000, 0x00000000c0f00000, 0x00000000c0f00000|100%| O|  |TAMS 0x00000000c0e00000| PB 0x00000000c0e00000| Untracked 
|  15|0x00000000c0f00000, 0x00000000c1000000, 0x00000000c1000000|100%| O|  |TAMS 0x00000000c0f00000| PB 0x00000000c0f00000| Untracked 
|  16|0x00000000c1000000, 0x00000000c1100000, 0x00000000c1100000|100%| O|  |TAMS 0x00000000c1000000| PB 0x00000000c1000000| Untracked 
|  17|0x00000000c1100000, 0x00000000c1200000, 0x00000000c1200000|100%| O|  |TAMS 0x00000000c1100000| PB 0x00000000c1100000| Untracked 
|  18|0x00000000c1200000, 0x00000000c1300000, 0x00000000c1300000|100%| O|  |TAMS 0x00000000c1200000| PB 0x00000000c1200000| Untracked 
|  19|0x00000000c1300000, 0x00000000c1400000, 0x00000000c1400000|100%| O|  |TAMS 0x00000000c1300000| PB 0x00000000c1300000| Untracked 
|  20|0x00000000c1400000, 0x00000000c1500000, 0x00000000c1500000|100%| O|  |TAMS 0x00000000c1400000| PB 0x00000000c1400000| Untracked 
|  21|0x00000000c1500000, 0x00000000c1600000, 0x00000000c1600000|100%| O|  |TAMS 0x00000000c1500000| PB 0x00000000c1500000| Untracked 
|  22|0x00000000c1600000, 0x00000000c1700000, 0x00000000c1700000|100%| O|  |TAMS 0x00000000c1600000| PB 0x00000000c1600000| Untracked 
|  23|0x00000000c1700000, 0x00000000c1800000, 0x00000000c1800000|100%| O|  |TAMS 0x00000000c1700000| PB 0x00000000c1700000| Untracked 
|  24|0x00000000c1800000, 0x00000000c1900000, 0x00000000c1900000|100%| O|  |TAMS 0x00000000c1800000| PB 0x00000000c1800000| Untracked 
|  25|0x00000000c1900000, 0x00000000c1a00000, 0x00000000c1a00000|100%| O|  |TAMS 0x00000000c1900000| PB 0x00000000c1900000| Untracked 
|  26|0x00000000c1a00000, 0x00000000c1b00000, 0x00000000c1b00000|100%| O|  |TAMS 0x00000000c1a00000| PB 0x00000000c1a00000| Untracked 
|  27|0x00000000c1b00000, 0x00000000c1c00000, 0x00000000c1c00000|100%| O|  |TAMS 0x00000000c1b00000| PB 0x00000000c1b00000| Untracked 
|  28|0x00000000c1c00000, 0x00000000c1d00000, 0x00000000c1d00000|100%| O|  |TAMS 0x00000000c1c00000| PB 0x00000000c1c00000| Untracked 
|  29|0x00000000c1d00000, 0x00000000c1e00000, 0x00000000c1e00000|100%| O|  |TAMS 0x00000000c1d00000| PB 0x00000000c1d00000| Untracked 
|  30|0x00000000c1e00000, 0x00000000c1f00000, 0x00000000c1f00000|100%| O|  |TAMS 0x00000000c1e00000| PB 0x00000000c1e00000| Untracked 
|  31|0x00000000c1f00000, 0x00000000c2000000, 0x00000000c2000000|100%| O|  |TAMS 0x00000000c1f00000| PB 0x00000000c1f00000| Untracked 
|  32|0x00000000c2000000, 0x00000000c2100000, 0x00000000c2100000|100%| O|  |TAMS 0x00000000c2000000| PB 0x00000000c2000000| Untracked 
|  33|0x00000000c2100000, 0x00000000c2200000, 0x00000000c2200000|100%| O|  |TAMS 0x00000000c2100000| PB 0x00000000c2100000| Untracked 
|  34|0x00000000c2200000, 0x00000000c2300000, 0x00000000c2300000|100%| O|  |TAMS 0x00000000c2200000| PB 0x00000000c2200000| Untracked 
|  35|0x00000000c2300000, 0x00000000c2400000, 0x00000000c2400000|100%| O|  |TAMS 0x00000000c2300000| PB 0x00000000c2300000| Untracked 
|  36|0x00000000c2400000, 0x00000000c2500000, 0x00000000c2500000|100%| O|  |TAMS 0x00000000c2400000| PB 0x00000000c2400000| Untracked 
|  37|0x00000000c2500000, 0x00000000c2600000, 0x00000000c2600000|100%|HS|  |TAMS 0x00000000c2500000| PB 0x00000000c2500000| Complete 
|  38|0x00000000c2600000, 0x00000000c2700000, 0x00000000c2700000|100%| O|  |TAMS 0x00000000c2600000| PB 0x00000000c2600000| Untracked 
|  39|0x00000000c2700000, 0x00000000c2800000, 0x00000000c2800000|100%| O|  |TAMS 0x00000000c2700000| PB 0x00000000c2700000| Untracked 
|  40|0x00000000c2800000, 0x00000000c2900000, 0x00000000c2900000|100%| O|  |TAMS 0x00000000c2800000| PB 0x00000000c2800000| Untracked 
|  41|0x00000000c2900000, 0x00000000c2a00000, 0x00000000c2a00000|100%| O|  |TAMS 0x00000000c2900000| PB 0x00000000c2900000| Untracked 
|  42|0x00000000c2a00000, 0x00000000c2b00000, 0x00000000c2b00000|100%| O|  |TAMS 0x00000000c2a00000| PB 0x00000000c2a00000| Untracked 
|  43|0x00000000c2b00000, 0x00000000c2c00000, 0x00000000c2c00000|100%| O|  |TAMS 0x00000000c2b00000| PB 0x00000000c2b00000| Untracked 
|  44|0x00000000c2c00000, 0x00000000c2d00000, 0x00000000c2d00000|100%| O|  |TAMS 0x00000000c2c00000| PB 0x00000000c2c00000| Untracked 
|  45|0x00000000c2d00000, 0x00000000c2e00000, 0x00000000c2e00000|100%| O|  |TAMS 0x00000000c2d00000| PB 0x00000000c2d00000| Untracked 
|  46|0x00000000c2e00000, 0x00000000c2f00000, 0x00000000c2f00000|100%|HS|  |TAMS 0x00000000c2e00000| PB 0x00000000c2e00000| Complete 
|  47|0x00000000c2f00000, 0x00000000c3000000, 0x00000000c3000000|100%|HS|  |TAMS 0x00000000c2f00000| PB 0x00000000c2f00000| Complete 
|  48|0x00000000c3000000, 0x00000000c3100000, 0x00000000c3100000|100%|HC|  |TAMS 0x00000000c3000000| PB 0x00000000c3000000| Complete 
|  49|0x00000000c3100000, 0x00000000c3200000, 0x00000000c3200000|100%|HS|  |TAMS 0x00000000c3100000| PB 0x00000000c3100000| Complete 
|  50|0x00000000c3200000, 0x00000000c3300000, 0x00000000c3300000|100%|HS|  |TAMS 0x00000000c3200000| PB 0x00000000c3200000| Complete 
|  51|0x00000000c3300000, 0x00000000c3400000, 0x00000000c3400000|100%|HS|  |TAMS 0x00000000c3300000| PB 0x00000000c3300000| Complete 
|  52|0x00000000c3400000, 0x00000000c3500000, 0x00000000c3500000|100%|HS|  |TAMS 0x00000000c3400000| PB 0x00000000c3400000| Complete 
|  53|0x00000000c3500000, 0x00000000c3600000, 0x00000000c3600000|100%| O|  |TAMS 0x00000000c3500000| PB 0x00000000c3500000| Untracked 
|  54|0x00000000c3600000, 0x00000000c3700000, 0x00000000c3700000|100%| O|  |TAMS 0x00000000c3600000| PB 0x00000000c3600000| Untracked 
|  55|0x00000000c3700000, 0x00000000c3800000, 0x00000000c3800000|100%| O|  |TAMS 0x00000000c3700000| PB 0x00000000c3700000| Untracked 
|  56|0x00000000c3800000, 0x00000000c3900000, 0x00000000c3900000|100%| O|  |TAMS 0x00000000c3800000| PB 0x00000000c3800000| Untracked 
|  57|0x00000000c3900000, 0x00000000c3a00000, 0x00000000c3a00000|100%| O|  |TAMS 0x00000000c3900000| PB 0x00000000c3900000| Untracked 
|  58|0x00000000c3a00000, 0x00000000c3b00000, 0x00000000c3b00000|100%| O|  |TAMS 0x00000000c3a00000| PB 0x00000000c3a00000| Untracked 
|  59|0x00000000c3b00000, 0x00000000c3c00000, 0x00000000c3c00000|100%| O|  |TAMS 0x00000000c3b00000| PB 0x00000000c3b00000| Untracked 
|  60|0x00000000c3c00000, 0x00000000c3d00000, 0x00000000c3d00000|100%| O|  |TAMS 0x00000000c3c00000| PB 0x00000000c3c00000| Untracked 
|  61|0x00000000c3d00000, 0x00000000c3e00000, 0x00000000c3e00000|100%| O|  |TAMS 0x00000000c3d00000| PB 0x00000000c3d00000| Untracked 
|  62|0x00000000c3e00000, 0x00000000c3f00000, 0x00000000c3f00000|100%| O|  |TAMS 0x00000000c3e00000| PB 0x00000000c3e00000| Untracked 
|  63|0x00000000c3f00000, 0x00000000c4000000, 0x00000000c4000000|100%|HS|  |TAMS 0x00000000c3f00000| PB 0x00000000c3f00000| Complete 
|  64|0x00000000c4000000, 0x00000000c4100000, 0x00000000c4100000|100%| O|  |TAMS 0x00000000c4000000| PB 0x00000000c4000000| Untracked 
|  65|0x00000000c4100000, 0x00000000c4200000, 0x00000000c4200000|100%| O|  |TAMS 0x00000000c4100000| PB 0x00000000c4100000| Untracked 
|  66|0x00000000c4200000, 0x00000000c4300000, 0x00000000c4300000|100%| O|  |TAMS 0x00000000c4200000| PB 0x00000000c4200000| Untracked 
|  67|0x00000000c4300000, 0x00000000c4400000, 0x00000000c4400000|100%| O|  |TAMS 0x00000000c4300000| PB 0x00000000c4300000| Untracked 
|  68|0x00000000c4400000, 0x00000000c4500000, 0x00000000c4500000|100%| O|  |TAMS 0x00000000c4400000| PB 0x00000000c4400000| Untracked 
|  69|0x00000000c4500000, 0x00000000c4600000, 0x00000000c4600000|100%| O|  |TAMS 0x00000000c4500000| PB 0x00000000c4500000| Untracked 
|  70|0x00000000c4600000, 0x00000000c4700000, 0x00000000c4700000|100%| O|  |TAMS 0x00000000c4600000| PB 0x00000000c4600000| Untracked 
|  71|0x00000000c4700000, 0x00000000c4800000, 0x00000000c4800000|100%| O|  |TAMS 0x00000000c4700000| PB 0x00000000c4700000| Untracked 
|  72|0x00000000c4800000, 0x00000000c4900000, 0x00000000c4900000|100%| O|  |TAMS 0x00000000c4800000| PB 0x00000000c4800000| Untracked 
|  73|0x00000000c4900000, 0x00000000c4a00000, 0x00000000c4a00000|100%| O|  |TAMS 0x00000000c4900000| PB 0x00000000c4900000| Untracked 
|  74|0x00000000c4a00000, 0x00000000c4b00000, 0x00000000c4b00000|100%| O|  |TAMS 0x00000000c4a00000| PB 0x00000000c4a00000| Untracked 
|  75|0x00000000c4b00000, 0x00000000c4c00000, 0x00000000c4c00000|100%| O|  |TAMS 0x00000000c4b00000| PB 0x00000000c4b00000| Untracked 
|  76|0x00000000c4c00000, 0x00000000c4d00000, 0x00000000c4d00000|100%| O|  |TAMS 0x00000000c4c00000| PB 0x00000000c4c00000| Untracked 
|  77|0x00000000c4d00000, 0x00000000c4e00000, 0x00000000c4e00000|100%| O|  |TAMS 0x00000000c4d00000| PB 0x00000000c4d00000| Untracked 
|  78|0x00000000c4e00000, 0x00000000c4f00000, 0x00000000c4f00000|100%| O|  |TAMS 0x00000000c4e00000| PB 0x00000000c4e00000| Untracked 
|  79|0x00000000c4f00000, 0x00000000c5000000, 0x00000000c5000000|100%| O|  |TAMS 0x00000000c4f00000| PB 0x00000000c4f00000| Untracked 
|  80|0x00000000c5000000, 0x00000000c5100000, 0x00000000c5100000|100%| O|  |TAMS 0x00000000c5000000| PB 0x00000000c5000000| Untracked 
|  81|0x00000000c5100000, 0x00000000c5200000, 0x00000000c5200000|100%| O|  |TAMS 0x00000000c5100000| PB 0x00000000c5100000| Untracked 
|  82|0x00000000c5200000, 0x00000000c5300000, 0x00000000c5300000|100%|HS|  |TAMS 0x00000000c5200000| PB 0x00000000c5200000| Complete 
|  83|0x00000000c5300000, 0x00000000c5400000, 0x00000000c5400000|100%| O|  |TAMS 0x00000000c5300000| PB 0x00000000c5300000| Untracked 
|  84|0x00000000c5400000, 0x00000000c5500000, 0x00000000c5500000|100%|HS|  |TAMS 0x00000000c5400000| PB 0x00000000c5400000| Complete 
|  85|0x00000000c5500000, 0x00000000c5600000, 0x00000000c5600000|100%|HC|  |TAMS 0x00000000c5500000| PB 0x00000000c5500000| Complete 
|  86|0x00000000c5600000, 0x00000000c5700000, 0x00000000c5700000|100%| O|  |TAMS 0x00000000c5600000| PB 0x00000000c5600000| Untracked 
|  87|0x00000000c5700000, 0x00000000c5800000, 0x00000000c5800000|100%| O|  |TAMS 0x00000000c5700000| PB 0x00000000c5700000| Untracked 
|  88|0x00000000c5800000, 0x00000000c5900000, 0x00000000c5900000|100%| O|  |TAMS 0x00000000c5800000| PB 0x00000000c5800000| Untracked 
|  89|0x00000000c5900000, 0x00000000c5a00000, 0x00000000c5a00000|100%| O|  |TAMS 0x00000000c5900000| PB 0x00000000c5900000| Untracked 
|  90|0x00000000c5a00000, 0x00000000c5a00000, 0x00000000c5b00000|  0%| F|  |TAMS 0x00000000c5a00000| PB 0x00000000c5a00000| Untracked 
|  91|0x00000000c5b00000, 0x00000000c5c00000, 0x00000000c5c00000|100%| O|  |TAMS 0x00000000c5b00000| PB 0x00000000c5b00000| Untracked 
|  92|0x00000000c5c00000, 0x00000000c5d00000, 0x00000000c5d00000|100%| O|  |TAMS 0x00000000c5c00000| PB 0x00000000c5c00000| Untracked 
|  93|0x00000000c5d00000, 0x00000000c5e00000, 0x00000000c5e00000|100%| O|  |TAMS 0x00000000c5d00000| PB 0x00000000c5d00000| Untracked 
|  94|0x00000000c5e00000, 0x00000000c5f00000, 0x00000000c5f00000|100%| O|  |TAMS 0x00000000c5e00000| PB 0x00000000c5e00000| Untracked 
|  95|0x00000000c5f00000, 0x00000000c6000000, 0x00000000c6000000|100%| O|  |TAMS 0x00000000c5f00000| PB 0x00000000c5f00000| Untracked 
|  96|0x00000000c6000000, 0x00000000c6100000, 0x00000000c6100000|100%| O|  |TAMS 0x00000000c6000000| PB 0x00000000c6000000| Untracked 
|  97|0x00000000c6100000, 0x00000000c6200000, 0x00000000c6200000|100%| O|  |TAMS 0x00000000c6100000| PB 0x00000000c6100000| Untracked 
|  98|0x00000000c6200000, 0x00000000c6300000, 0x00000000c6300000|100%| O|  |TAMS 0x00000000c6200000| PB 0x00000000c6200000| Untracked 
|  99|0x00000000c6300000, 0x00000000c6400000, 0x00000000c6400000|100%| O|  |TAMS 0x00000000c6300000| PB 0x00000000c6300000| Untracked 
| 100|0x00000000c6400000, 0x00000000c6500000, 0x00000000c6500000|100%| O|  |TAMS 0x00000000c6400000| PB 0x00000000c6400000| Untracked 
| 101|0x00000000c6500000, 0x00000000c6600000, 0x00000000c6600000|100%| O|  |TAMS 0x00000000c6500000| PB 0x00000000c6500000| Untracked 
| 102|0x00000000c6600000, 0x00000000c6700000, 0x00000000c6700000|100%| O|  |TAMS 0x00000000c6600000| PB 0x00000000c6600000| Untracked 
| 103|0x00000000c6700000, 0x00000000c6800000, 0x00000000c6800000|100%| O|  |TAMS 0x00000000c6700000| PB 0x00000000c6700000| Untracked 
| 104|0x00000000c6800000, 0x00000000c6860670, 0x00000000c6900000| 37%| O|  |TAMS 0x00000000c6800000| PB 0x00000000c6800000| Untracked 
| 105|0x00000000c6900000, 0x00000000c6a00000, 0x00000000c6a00000|100%| O|  |TAMS 0x00000000c6900000| PB 0x00000000c6900000| Untracked 
| 106|0x00000000c6a00000, 0x00000000c6b00000, 0x00000000c6b00000|100%| O|  |TAMS 0x00000000c6a00000| PB 0x00000000c6a00000| Untracked 
| 107|0x00000000c6b00000, 0x00000000c6c00000, 0x00000000c6c00000|100%| O|  |TAMS 0x00000000c6b00000| PB 0x00000000c6b00000| Untracked 
| 108|0x00000000c6c00000, 0x00000000c6d00000, 0x00000000c6d00000|100%| O|  |TAMS 0x00000000c6c00000| PB 0x00000000c6c00000| Untracked 
| 109|0x00000000c6d00000, 0x00000000c6e00000, 0x00000000c6e00000|100%| O|  |TAMS 0x00000000c6d00000| PB 0x00000000c6d00000| Untracked 
| 110|0x00000000c6e00000, 0x00000000c6f00000, 0x00000000c6f00000|100%| O|  |TAMS 0x00000000c6e00000| PB 0x00000000c6e00000| Untracked 
| 111|0x00000000c6f00000, 0x00000000c7000000, 0x00000000c7000000|100%| O|  |TAMS 0x00000000c6f00000| PB 0x00000000c6f00000| Untracked 
| 112|0x00000000c7000000, 0x00000000c7100000, 0x00000000c7100000|100%| O|  |TAMS 0x00000000c7000000| PB 0x00000000c7000000| Untracked 
| 113|0x00000000c7100000, 0x00000000c7200000, 0x00000000c7200000|100%| O|  |TAMS 0x00000000c7100000| PB 0x00000000c7100000| Untracked 
| 114|0x00000000c7200000, 0x00000000c7300000, 0x00000000c7300000|100%| O|  |TAMS 0x00000000c7200000| PB 0x00000000c7200000| Untracked 
| 115|0x00000000c7300000, 0x00000000c7400000, 0x00000000c7400000|100%| O|  |TAMS 0x00000000c7300000| PB 0x00000000c7300000| Untracked 
| 116|0x00000000c7400000, 0x00000000c7500000, 0x00000000c7500000|100%| O|  |TAMS 0x00000000c7400000| PB 0x00000000c7400000| Untracked 
| 117|0x00000000c7500000, 0x00000000c7600000, 0x00000000c7600000|100%| O|  |TAMS 0x00000000c7500000| PB 0x00000000c7500000| Untracked 
| 118|0x00000000c7600000, 0x00000000c7700000, 0x00000000c7700000|100%| O|  |TAMS 0x00000000c7600000| PB 0x00000000c7600000| Untracked 
| 119|0x00000000c7700000, 0x00000000c7800000, 0x00000000c7800000|100%| O|  |TAMS 0x00000000c7700000| PB 0x00000000c7700000| Untracked 
| 120|0x00000000c7800000, 0x00000000c7900000, 0x00000000c7900000|100%| O|  |TAMS 0x00000000c7800000| PB 0x00000000c7800000| Untracked 
| 121|0x00000000c7900000, 0x00000000c7a00000, 0x00000000c7a00000|100%| O|  |TAMS 0x00000000c7900000| PB 0x00000000c7900000| Untracked 
| 122|0x00000000c7a00000, 0x00000000c7a00000, 0x00000000c7b00000|  0%| F|  |TAMS 0x00000000c7a00000| PB 0x00000000c7a00000| Untracked 
| 123|0x00000000c7b00000, 0x00000000c7b00000, 0x00000000c7c00000|  0%| F|  |TAMS 0x00000000c7b00000| PB 0x00000000c7b00000| Untracked 
| 124|0x00000000c7c00000, 0x00000000c7c00000, 0x00000000c7d00000|  0%| F|  |TAMS 0x00000000c7c00000| PB 0x00000000c7c00000| Untracked 
| 125|0x00000000c7d00000, 0x00000000c7d00000, 0x00000000c7e00000|  0%| F|  |TAMS 0x00000000c7d00000| PB 0x00000000c7d00000| Untracked 
| 126|0x00000000c7e00000, 0x00000000c7e00000, 0x00000000c7f00000|  0%| F|  |TAMS 0x00000000c7e00000| PB 0x00000000c7e00000| Untracked 
| 127|0x00000000c7f00000, 0x00000000c7f00000, 0x00000000c8000000|  0%| F|  |TAMS 0x00000000c7f00000| PB 0x00000000c7f00000| Untracked 
| 128|0x00000000c8000000, 0x00000000c8000000, 0x00000000c8100000|  0%| F|  |TAMS 0x00000000c8000000| PB 0x00000000c8000000| Untracked 
| 129|0x00000000c8100000, 0x00000000c8100000, 0x00000000c8200000|  0%| F|  |TAMS 0x00000000c8100000| PB 0x00000000c8100000| Untracked 
| 130|0x00000000c8200000, 0x00000000c8200000, 0x00000000c8300000|  0%| F|  |TAMS 0x00000000c8200000| PB 0x00000000c8200000| Untracked 
| 131|0x00000000c8300000, 0x00000000c8300000, 0x00000000c8400000|  0%| F|  |TAMS 0x00000000c8300000| PB 0x00000000c8300000| Untracked 
| 132|0x00000000c8400000, 0x00000000c8400000, 0x00000000c8500000|  0%| F|  |TAMS 0x00000000c8400000| PB 0x00000000c8400000| Untracked 
| 133|0x00000000c8500000, 0x00000000c8500000, 0x00000000c8600000|  0%| F|  |TAMS 0x00000000c8500000| PB 0x00000000c8500000| Untracked 
| 134|0x00000000c8600000, 0x00000000c86a5690, 0x00000000c8700000| 64%| S|CS|TAMS 0x00000000c8600000| PB 0x00000000c8600000| Complete 
| 135|0x00000000c8700000, 0x00000000c8800000, 0x00000000c8800000|100%| S|CS|TAMS 0x00000000c8700000| PB 0x00000000c8700000| Complete 
| 136|0x00000000c8800000, 0x00000000c8900000, 0x00000000c8900000|100%| S|CS|TAMS 0x00000000c8800000| PB 0x00000000c8800000| Complete 
| 137|0x00000000c8900000, 0x00000000c8a00000, 0x00000000c8a00000|100%| S|CS|TAMS 0x00000000c8900000| PB 0x00000000c8900000| Complete 
| 138|0x00000000c8a00000, 0x00000000c8b00000, 0x00000000c8b00000|100%| S|CS|TAMS 0x00000000c8a00000| PB 0x00000000c8a00000| Complete 
| 139|0x00000000c8b00000, 0x00000000c8c00000, 0x00000000c8c00000|100%| S|CS|TAMS 0x00000000c8b00000| PB 0x00000000c8b00000| Complete 
| 140|0x00000000c8c00000, 0x00000000c8d00000, 0x00000000c8d00000|100%| S|CS|TAMS 0x00000000c8c00000| PB 0x00000000c8c00000| Complete 
| 141|0x00000000c8d00000, 0x00000000c8e00000, 0x00000000c8e00000|100%| S|CS|TAMS 0x00000000c8d00000| PB 0x00000000c8d00000| Complete 
| 142|0x00000000c8e00000, 0x00000000c8e00000, 0x00000000c8f00000|  0%| F|  |TAMS 0x00000000c8e00000| PB 0x00000000c8e00000| Untracked 
| 143|0x00000000c8f00000, 0x00000000c8f00000, 0x00000000c9000000|  0%| F|  |TAMS 0x00000000c8f00000| PB 0x00000000c8f00000| Untracked 
| 144|0x00000000c9000000, 0x00000000c9000000, 0x00000000c9100000|  0%| F|  |TAMS 0x00000000c9000000| PB 0x00000000c9000000| Untracked 
| 145|0x00000000c9100000, 0x00000000c9100000, 0x00000000c9200000|  0%| F|  |TAMS 0x00000000c9100000| PB 0x00000000c9100000| Untracked 
| 146|0x00000000c9200000, 0x00000000c9200000, 0x00000000c9300000|  0%| F|  |TAMS 0x00000000c9200000| PB 0x00000000c9200000| Untracked 
| 147|0x00000000c9300000, 0x00000000c9300000, 0x00000000c9400000|  0%| F|  |TAMS 0x00000000c9300000| PB 0x00000000c9300000| Untracked 
| 148|0x00000000c9400000, 0x00000000c9400000, 0x00000000c9500000|  0%| F|  |TAMS 0x00000000c9400000| PB 0x00000000c9400000| Untracked 
| 149|0x00000000c9500000, 0x00000000c9500000, 0x00000000c9600000|  0%| F|  |TAMS 0x00000000c9500000| PB 0x00000000c9500000| Untracked 
| 150|0x00000000c9600000, 0x00000000c9600000, 0x00000000c9700000|  0%| F|  |TAMS 0x00000000c9600000| PB 0x00000000c9600000| Untracked 
| 151|0x00000000c9700000, 0x00000000c9700000, 0x00000000c9800000|  0%| F|  |TAMS 0x00000000c9700000| PB 0x00000000c9700000| Untracked 
| 152|0x00000000c9800000, 0x00000000c9800000, 0x00000000c9900000|  0%| F|  |TAMS 0x00000000c9800000| PB 0x00000000c9800000| Untracked 
| 153|0x00000000c9900000, 0x00000000c9900000, 0x00000000c9a00000|  0%| F|  |TAMS 0x00000000c9900000| PB 0x00000000c9900000| Untracked 
| 154|0x00000000c9a00000, 0x00000000c9a00000, 0x00000000c9b00000|  0%| F|  |TAMS 0x00000000c9a00000| PB 0x00000000c9a00000| Untracked 
| 155|0x00000000c9b00000, 0x00000000c9b80000, 0x00000000c9c00000| 50%| E|  |TAMS 0x00000000c9b00000| PB 0x00000000c9b00000| Complete 
| 156|0x00000000c9c00000, 0x00000000c9d00000, 0x00000000c9d00000|100%| E|CS|TAMS 0x00000000c9c00000| PB 0x00000000c9c00000| Complete 
| 157|0x00000000c9d00000, 0x00000000c9e00000, 0x00000000c9e00000|100%| E|CS|TAMS 0x00000000c9d00000| PB 0x00000000c9d00000| Complete 
| 158|0x00000000c9e00000, 0x00000000c9f00000, 0x00000000c9f00000|100%| E|CS|TAMS 0x00000000c9e00000| PB 0x00000000c9e00000| Complete 
| 159|0x00000000c9f00000, 0x00000000ca000000, 0x00000000ca000000|100%| E|CS|TAMS 0x00000000c9f00000| PB 0x00000000c9f00000| Complete 
| 160|0x00000000ca000000, 0x00000000ca100000, 0x00000000ca100000|100%| E|CS|TAMS 0x00000000ca000000| PB 0x00000000ca000000| Complete 
| 161|0x00000000ca100000, 0x00000000ca200000, 0x00000000ca200000|100%| E|CS|TAMS 0x00000000ca100000| PB 0x00000000ca100000| Complete 
| 162|0x00000000ca200000, 0x00000000ca300000, 0x00000000ca300000|100%| E|CS|TAMS 0x00000000ca200000| PB 0x00000000ca200000| Complete 
| 163|0x00000000ca300000, 0x00000000ca400000, 0x00000000ca400000|100%| E|CS|TAMS 0x00000000ca300000| PB 0x00000000ca300000| Complete 
| 164|0x00000000ca400000, 0x00000000ca500000, 0x00000000ca500000|100%| E|  |TAMS 0x00000000ca400000| PB 0x00000000ca400000| Complete 
| 165|0x00000000ca500000, 0x00000000ca600000, 0x00000000ca600000|100%| E|CS|TAMS 0x00000000ca500000| PB 0x00000000ca500000| Complete 
| 166|0x00000000ca600000, 0x00000000ca700000, 0x00000000ca700000|100%| E|CS|TAMS 0x00000000ca600000| PB 0x00000000ca600000| Complete 
| 167|0x00000000ca700000, 0x00000000ca800000, 0x00000000ca800000|100%| E|CS|TAMS 0x00000000ca700000| PB 0x00000000ca700000| Complete 
| 168|0x00000000ca800000, 0x00000000ca900000, 0x00000000ca900000|100%| E|CS|TAMS 0x00000000ca800000| PB 0x00000000ca800000| Complete 
| 169|0x00000000ca900000, 0x00000000caa00000, 0x00000000caa00000|100%| E|CS|TAMS 0x00000000ca900000| PB 0x00000000ca900000| Complete 
| 170|0x00000000caa00000, 0x00000000cab00000, 0x00000000cab00000|100%| E|CS|TAMS 0x00000000caa00000| PB 0x00000000caa00000| Complete 
| 171|0x00000000cab00000, 0x00000000cac00000, 0x00000000cac00000|100%| E|CS|TAMS 0x00000000cab00000| PB 0x00000000cab00000| Complete 
| 172|0x00000000cac00000, 0x00000000cad00000, 0x00000000cad00000|100%| E|CS|TAMS 0x00000000cac00000| PB 0x00000000cac00000| Complete 
| 173|0x00000000cad00000, 0x00000000cae00000, 0x00000000cae00000|100%| E|CS|TAMS 0x00000000cad00000| PB 0x00000000cad00000| Complete 
| 174|0x00000000cae00000, 0x00000000caf00000, 0x00000000caf00000|100%| E|CS|TAMS 0x00000000cae00000| PB 0x00000000cae00000| Complete 
| 175|0x00000000caf00000, 0x00000000cb000000, 0x00000000cb000000|100%| E|CS|TAMS 0x00000000caf00000| PB 0x00000000caf00000| Complete 
| 176|0x00000000cb000000, 0x00000000cb100000, 0x00000000cb100000|100%| E|CS|TAMS 0x00000000cb000000| PB 0x00000000cb000000| Complete 
| 177|0x00000000cb100000, 0x00000000cb200000, 0x00000000cb200000|100%| E|CS|TAMS 0x00000000cb100000| PB 0x00000000cb100000| Complete 
| 178|0x00000000cb200000, 0x00000000cb300000, 0x00000000cb300000|100%| E|CS|TAMS 0x00000000cb200000| PB 0x00000000cb200000| Complete 
| 179|0x00000000cb300000, 0x00000000cb400000, 0x00000000cb400000|100%| E|CS|TAMS 0x00000000cb300000| PB 0x00000000cb300000| Complete 
| 180|0x00000000cb400000, 0x00000000cb500000, 0x00000000cb500000|100%| E|CS|TAMS 0x00000000cb400000| PB 0x00000000cb400000| Complete 
| 181|0x00000000cb500000, 0x00000000cb600000, 0x00000000cb600000|100%| E|CS|TAMS 0x00000000cb500000| PB 0x00000000cb500000| Complete 
| 182|0x00000000cb600000, 0x00000000cb700000, 0x00000000cb700000|100%| E|CS|TAMS 0x00000000cb600000| PB 0x00000000cb600000| Complete 
| 183|0x00000000cb700000, 0x00000000cb800000, 0x00000000cb800000|100%| E|CS|TAMS 0x00000000cb700000| PB 0x00000000cb700000| Complete 
| 184|0x00000000cb800000, 0x00000000cb900000, 0x00000000cb900000|100%| E|CS|TAMS 0x00000000cb800000| PB 0x00000000cb800000| Complete 
| 185|0x00000000cb900000, 0x00000000cba00000, 0x00000000cba00000|100%| E|CS|TAMS 0x00000000cb900000| PB 0x00000000cb900000| Complete 
| 186|0x00000000cba00000, 0x00000000cbb00000, 0x00000000cbb00000|100%| E|CS|TAMS 0x00000000cba00000| PB 0x00000000cba00000| Complete 
| 187|0x00000000cbb00000, 0x00000000cbc00000, 0x00000000cbc00000|100%| E|CS|TAMS 0x00000000cbb00000| PB 0x00000000cbb00000| Complete 
| 188|0x00000000cbc00000, 0x00000000cbd00000, 0x00000000cbd00000|100%| E|CS|TAMS 0x00000000cbc00000| PB 0x00000000cbc00000| Complete 
| 189|0x00000000cbd00000, 0x00000000cbe00000, 0x00000000cbe00000|100%| E|CS|TAMS 0x00000000cbd00000| PB 0x00000000cbd00000| Complete 
| 190|0x00000000cbe00000, 0x00000000cbf00000, 0x00000000cbf00000|100%| E|CS|TAMS 0x00000000cbe00000| PB 0x00000000cbe00000| Complete 
| 191|0x00000000cbf00000, 0x00000000cc000000, 0x00000000cc000000|100%| E|CS|TAMS 0x00000000cbf00000| PB 0x00000000cbf00000| Complete 
| 192|0x00000000cc000000, 0x00000000cc100000, 0x00000000cc100000|100%| E|CS|TAMS 0x00000000cc000000| PB 0x00000000cc000000| Complete 
| 193|0x00000000cc100000, 0x00000000cc200000, 0x00000000cc200000|100%| E|CS|TAMS 0x00000000cc100000| PB 0x00000000cc100000| Complete 
|1019|0x00000000ffb00000, 0x00000000ffc00000, 0x00000000ffc00000|100%| O|  |TAMS 0x00000000ffb00000| PB 0x00000000ffb00000| Untracked 
|1020|0x00000000ffc00000, 0x00000000ffd00000, 0x00000000ffd00000|100%| O|  |TAMS 0x00000000ffc00000| PB 0x00000000ffc00000| Untracked 
|1021|0x00000000ffd00000, 0x00000000ffe00000, 0x00000000ffe00000|100%| O|  |TAMS 0x00000000ffd00000| PB 0x00000000ffd00000| Untracked 
|1022|0x00000000ffe00000, 0x00000000fff00000, 0x00000000fff00000|100%| O|  |TAMS 0x00000000ffe00000| PB 0x00000000ffe00000| Untracked 
|1023|0x00000000fff00000, 0x0000000100000000, 0x0000000100000000|100%| O|  |TAMS 0x00000000fff00000| PB 0x00000000fff00000| Untracked 

Card table byte_map: [0x0000018230360000,0x0000018230560000] _byte_map_base: 0x000001822fd60000

Marking Bits: (CMBitMap*) 0x000001821bc791d0
 Bits: [0x0000018230560000, 0x0000018231560000)

Polling page: 0x000001821bb60000

Metaspace:

Usage:
  Non-class:     93.62 MB used.
      Class:     15.33 MB used.
       Both:    108.96 MB used.

Virtual space:
  Non-class space:      128.00 MB reserved,      94.88 MB ( 74%) committed,  2 nodes.
      Class space:        1.00 GB reserved,      16.62 MB (  2%) committed,  1 nodes.
             Both:        1.12 GB reserved,     111.50 MB ( 10%) committed. 

Chunk freelists:
   Non-Class:  272.00 KB
       Class:  15.43 MB
        Both:  15.70 MB

MaxMetaspaceSize: unlimited
CompressedClassSpaceSize: 1.00 GB
Initial GC threshold: 21.00 MB
Current GC threshold: 172.94 MB
CDS: on
 - commit_granule_bytes: 65536.
 - commit_granule_words: 8192.
 - virtual_space_node_default_size: 8388608.
 - enlarge_chunks_in_place: 1.
 - use_allocation_guard: 0.


Internal statistics:

num_allocs_failed_limit: 6.
num_arena_births: 4816.
num_arena_deaths: 0.
num_vsnodes_births: 3.
num_vsnodes_deaths: 0.
num_space_committed: 1784.
num_space_uncommitted: 0.
num_chunks_returned_to_freelist: 6.
num_chunks_taken_from_freelist: 10373.
num_chunk_merges: 6.
num_chunk_splits: 6591.
num_chunks_enlarged: 3944.
num_inconsistent_stats: 0.

CodeHeap 'non-profiled nmethods': size=120000Kb used=9670Kb max_used=9670Kb free=110329Kb
 bounds [0x00000182281d0000, 0x0000018228b50000, 0x000001822f700000]
CodeHeap 'profiled nmethods': size=120000Kb used=27844Kb max_used=27844Kb free=92155Kb
 bounds [0x0000018220700000, 0x0000018222240000, 0x0000018227c30000]
CodeHeap 'non-nmethods': size=5760Kb used=2797Kb max_used=2848Kb free=2962Kb
 bounds [0x0000018227c30000, 0x0000018227f10000, 0x00000182281d0000]
CodeCache: size=245760Kb, used=40311Kb, max_used=40362Kb, free=205446Kb
 total_blobs=15311, nmethods=14264, adapters=950, full_count=0
Compilation: enabled, stopped_count=0, restarted_count=0

Compilation events (20 events):
Event: 388.623 Thread 0x0000018233f66210 16720       3       org.gradle.api.internal.changedetection.state.RuntimeClasspathResourceHasher::hash (10 bytes)
Event: 388.623 Thread 0x0000018233f66210 nmethod 16720 0x0000018222221b90 code [0x0000018222221d40, 0x0000018222221ec8]
Event: 388.633 Thread 0x0000018233f66210 16722       3       java.security.Permissions::<init> (28 bytes)
Event: 388.634 Thread 0x0000018233f66210 nmethod 16722 0x0000018222222010 code [0x0000018222222200, 0x0000018222222580]
Event: 388.675 Thread 0x0000018233f66210 16723       3       java.security.SecureClassLoader$1::apply (9 bytes)
Event: 388.676 Thread 0x0000018233f66210 nmethod 16723 0x0000018222222710 code [0x00000182222228c0, 0x0000018222222b08]
Event: 388.676 Thread 0x0000018233f66210 16724       3       java.security.SecureClassLoader$1::apply (71 bytes)
Event: 388.676 Thread 0x0000018233f66210 nmethod 16724 0x0000018222222c10 code [0x0000018222222de0, 0x00000182222230a8]
Event: 388.722 Thread 0x0000018233f66210 16725       3       com.android.build.gradle.internal.dependency.SourceSetManager::getConfigDesc (8 bytes)
Event: 388.726 Thread 0x0000018233f66210 nmethod 16725 0x0000018222223210 code [0x0000018222223620, 0x0000018222225648]
Event: 388.726 Thread 0x0000018233f66210 16726       1       com.android.builder.core.ComponentTypeImpl::isForScreenshotPreview (5 bytes)
Event: 388.727 Thread 0x0000018233f66210 nmethod 16726 0x0000018228b41390 code [0x0000018228b41520, 0x0000018228b415f0]
Event: 388.727 Thread 0x0000018233f66210 16727       3       org.gradle.api.tasks.util.PatternSet::include (11 bytes)
Event: 388.728 Thread 0x0000018233f66210 nmethod 16727 0x0000018222226110 code [0x0000018222226300, 0x00000182222266d8]
Event: 388.735 Thread 0x0000018233f66210 16728       1       org.jetbrains.kotlin.gradle.plugin.sources.android.KotlinAndroidSourceSetLayout::getNaming (5 bytes)
Event: 388.736 Thread 0x0000018233f66210 nmethod 16728 0x0000018228b41690 code [0x0000018228b41820, 0x0000018228b418e8]
Event: 388.736 Thread 0x0000018233f66210 16729       3       org.jetbrains.kotlin.gradle.dsl.KotlinProjectExtension::getSourceSets (11 bytes)
Event: 388.736 Thread 0x0000018233f66210 nmethod 16729 0x0000018222226810 code [0x00000182222269c0, 0x0000018222226b10]
Event: 388.742 Thread 0x0000018233f66210 16730       3       sun.invoke.util.ValueConversions::unboxBoolean (37 bytes)
Event: 388.743 Thread 0x0000018233f66210 nmethod 16730 0x0000018222226b90 code [0x0000018222226d80, 0x0000018222227230]

GC Heap History (20 events):
Event: 186.971 GC heap before
{Heap before GC invocations=43 (full 0):
 garbage-first heap   total 148480K, used 95406K [0x00000000c0000000, 0x0000000100000000)
  region size 1024K, 9 young (9216K), 7 survivors (7168K)
 Metaspace       used 94859K, committed 97152K, reserved 1179648K
  class space    used 13397K, committed 14528K, reserved 1048576K
}
Event: 186.996 GC heap after
{Heap after GC invocations=44 (full 0):
 garbage-first heap   total 148480K, used 95870K [0x00000000c0000000, 0x0000000100000000)
  region size 1024K, 2 young (2048K), 2 survivors (2048K)
 Metaspace       used 94859K, committed 97152K, reserved 1179648K
  class space    used 13397K, committed 14528K, reserved 1048576K
}
Event: 192.654 GC heap before
{Heap before GC invocations=45 (full 0):
 garbage-first heap   total 163840K, used 138878K [0x00000000c0000000, 0x0000000100000000)
  region size 1024K, 43 young (44032K), 2 survivors (2048K)
 Metaspace       used 96915K, committed 99264K, reserved 1179648K
  class space    used 13682K, committed 14848K, reserved 1048576K
}
Event: 192.726 GC heap after
{Heap after GC invocations=46 (full 0):
 garbage-first heap   total 163840K, used 99369K [0x00000000c0000000, 0x0000000100000000)
  region size 1024K, 4 young (4096K), 4 survivors (4096K)
 Metaspace       used 96915K, committed 99264K, reserved 1179648K
  class space    used 13682K, committed 14848K, reserved 1048576K
}
Event: 201.911 GC heap before
{Heap before GC invocations=46 (full 0):
 garbage-first heap   total 163840K, used 150569K [0x00000000c0000000, 0x0000000100000000)
  region size 1024K, 54 young (55296K), 4 survivors (4096K)
 Metaspace       used 99263K, committed 101568K, reserved 1179648K
  class space    used 13986K, committed 15104K, reserved 1048576K
}
Event: 201.932 GC heap after
{Heap after GC invocations=47 (full 0):
 garbage-first heap   total 163840K, used 104063K [0x00000000c0000000, 0x0000000100000000)
  region size 1024K, 7 young (7168K), 7 survivors (7168K)
 Metaspace       used 99263K, committed 101568K, reserved 1179648K
  class space    used 13986K, committed 15104K, reserved 1048576K
}
Event: 209.928 GC heap before
{Heap before GC invocations=47 (full 0):
 garbage-first heap   total 163840K, used 151167K [0x00000000c0000000, 0x0000000100000000)
  region size 1024K, 53 young (54272K), 7 survivors (7168K)
 Metaspace       used 101327K, committed 103616K, reserved 1179648K
  class space    used 14269K, committed 15424K, reserved 1048576K
}
Event: 209.958 GC heap after
{Heap after GC invocations=48 (full 0):
 garbage-first heap   total 164864K, used 108960K [0x00000000c0000000, 0x0000000100000000)
  region size 1024K, 5 young (5120K), 5 survivors (5120K)
 Metaspace       used 101327K, committed 103616K, reserved 1179648K
  class space    used 14269K, committed 15424K, reserved 1048576K
}
Event: 230.583 GC heap before
{Heap before GC invocations=49 (full 0):
 garbage-first heap   total 184320K, used 151968K [0x00000000c0000000, 0x0000000100000000)
  region size 1024K, 47 young (48128K), 5 survivors (5120K)
 Metaspace       used 103222K, committed 105536K, reserved 1179648K
  class space    used 14546K, committed 15680K, reserved 1048576K
}
Event: 230.614 GC heap after
{Heap after GC invocations=50 (full 0):
 garbage-first heap   total 184320K, used 113507K [0x00000000c0000000, 0x0000000100000000)
  region size 1024K, 4 young (4096K), 4 survivors (4096K)
 Metaspace       used 103222K, committed 105536K, reserved 1179648K
  class space    used 14546K, committed 15680K, reserved 1048576K
}
Event: 257.036 GC heap before
{Heap before GC invocations=50 (full 0):
 garbage-first heap   total 184320K, used 169827K [0x00000000c0000000, 0x0000000100000000)
  region size 1024K, 59 young (60416K), 4 survivors (4096K)
 Metaspace       used 103490K, committed 105792K, reserved 1179648K
  class space    used 14547K, committed 15680K, reserved 1048576K
}
Event: 257.214 GC heap after
{Heap after GC invocations=51 (full 0):
 garbage-first heap   total 184320K, used 115671K [0x00000000c0000000, 0x0000000100000000)
  region size 1024K, 7 young (7168K), 7 survivors (7168K)
 Metaspace       used 103490K, committed 105792K, reserved 1179648K
  class space    used 14547K, committed 15680K, reserved 1048576K
}
Event: 270.767 GC heap before
{Heap before GC invocations=51 (full 0):
 garbage-first heap   total 184320K, used 168919K [0x00000000c0000000, 0x0000000100000000)
  region size 1024K, 59 young (60416K), 7 survivors (7168K)
 Metaspace       used 103805K, committed 106176K, reserved 1179648K
  class space    used 14554K, committed 15744K, reserved 1048576K
}
Event: 270.845 GC heap after
{Heap after GC invocations=52 (full 0):
 garbage-first heap   total 184320K, used 121166K [0x00000000c0000000, 0x0000000100000000)
  region size 1024K, 8 young (8192K), 8 survivors (8192K)
 Metaspace       used 103805K, committed 106176K, reserved 1179648K
  class space    used 14554K, committed 15744K, reserved 1048576K
}
Event: 297.299 GC heap before
{Heap before GC invocations=53 (full 0):
 garbage-first heap   total 203776K, used 169294K [0x00000000c0000000, 0x0000000100000000)
  region size 1024K, 56 young (57344K), 8 survivors (8192K)
 Metaspace       used 105905K, committed 108352K, reserved 1179648K
  class space    used 14834K, committed 16064K, reserved 1048576K
}
Event: 297.362 GC heap after
{Heap after GC invocations=54 (full 0):
 garbage-first heap   total 203776K, used 128697K [0x00000000c0000000, 0x0000000100000000)
  region size 1024K, 7 young (7168K), 7 survivors (7168K)
 Metaspace       used 105905K, committed 108352K, reserved 1179648K
  class space    used 14834K, committed 16064K, reserved 1048576K
}
Event: 367.537 GC heap before
{Heap before GC invocations=54 (full 0):
 garbage-first heap   total 203776K, used 181945K [0x00000000c0000000, 0x0000000100000000)
  region size 1024K, 60 young (61440K), 7 survivors (7168K)
 Metaspace       used 110796K, committed 113344K, reserved 1179648K
  class space    used 15607K, committed 16896K, reserved 1048576K
}
Event: 367.617 GC heap after
{Heap after GC invocations=55 (full 0):
 garbage-first heap   total 203776K, used 132272K [0x00000000c0000000, 0x0000000100000000)
  region size 1024K, 5 young (5120K), 5 survivors (5120K)
 Metaspace       used 110796K, committed 113344K, reserved 1179648K
  class space    used 15607K, committed 16896K, reserved 1048576K
}
Event: 382.939 GC heap before
{Heap before GC invocations=55 (full 0):
 garbage-first heap   total 203776K, used 185520K [0x00000000c0000000, 0x0000000100000000)
  region size 1024K, 57 young (58368K), 5 survivors (5120K)
 Metaspace       used 111338K, committed 113920K, reserved 1179648K
  class space    used 15681K, committed 16960K, reserved 1048576K
}
Event: 382.967 GC heap after
{Heap after GC invocations=56 (full 0):
 garbage-first heap   total 203776K, used 136215K [0x00000000c0000000, 0x0000000100000000)
  region size 1024K, 8 young (8192K), 8 survivors (8192K)
 Metaspace       used 111338K, committed 113920K, reserved 1179648K
  class space    used 15681K, committed 16960K, reserved 1048576K
}

Dll operation events (20 events):
Event: 2.523 Attempting to load shared library C:\Users\LENOVO\.antigravity-ide\extensions\redhat.java-1.56.0-win32-x64\jre\21.0.12.1-win32-x86_64\bin\nio.dll
Event: 2.528 Loaded shared library C:\Users\LENOVO\.antigravity-ide\extensions\redhat.java-1.56.0-win32-x64\jre\21.0.12.1-win32-x86_64\bin\nio.dll
Event: 2.533 Attempting to load shared library C:\Users\LENOVO\.antigravity-ide\extensions\redhat.java-1.56.0-win32-x64\jre\21.0.12.1-win32-x86_64\bin\zip.dll
Event: 2.534 Loaded shared library C:\Users\LENOVO\.antigravity-ide\extensions\redhat.java-1.56.0-win32-x64\jre\21.0.12.1-win32-x86_64\bin\zip.dll
Event: 3.807 Attempting to load shared library C:\Users\LENOVO\.antigravity-ide\extensions\redhat.java-1.56.0-win32-x64\jre\21.0.12.1-win32-x86_64\bin\jimage.dll
Event: 3.807 Loaded shared library C:\Users\LENOVO\.antigravity-ide\extensions\redhat.java-1.56.0-win32-x64\jre\21.0.12.1-win32-x86_64\bin\jimage.dll
Event: 4.102 Attempting to load shared library C:\Users\LENOVO\.antigravity-ide\extensions\redhat.java-1.56.0-win32-x64\jre\21.0.12.1-win32-x86_64\bin\verify.dll
Event: 4.104 Loaded shared library C:\Users\LENOVO\.antigravity-ide\extensions\redhat.java-1.56.0-win32-x64\jre\21.0.12.1-win32-x86_64\bin\verify.dll
Event: 4.265 Attempting to load shared library C:\Users\LENOVO\.gradle\native\1def1411415f61bf3af743bc5b6707747c0891f09f0c88961ee8f79bc544acac\windows-amd64\native-platform.dll
Event: 4.266 Loaded shared library C:\Users\LENOVO\.gradle\native\1def1411415f61bf3af743bc5b6707747c0891f09f0c88961ee8f79bc544acac\windows-amd64\native-platform.dll
Event: 4.286 Attempting to load shared library C:\Users\LENOVO\.gradle\native\0.2.7\x86_64-windows-gnu\gradle-fileevents.dll
Event: 4.287 Loaded shared library C:\Users\LENOVO\.gradle\native\0.2.7\x86_64-windows-gnu\gradle-fileevents.dll
Event: 6.319 Attempting to load shared library C:\Users\LENOVO\.antigravity-ide\extensions\redhat.java-1.56.0-win32-x64\jre\21.0.12.1-win32-x86_64\bin\management.dll
Event: 6.320 Loaded shared library C:\Users\LENOVO\.antigravity-ide\extensions\redhat.java-1.56.0-win32-x64\jre\21.0.12.1-win32-x86_64\bin\management.dll
Event: 6.324 Attempting to load shared library C:\Users\LENOVO\.antigravity-ide\extensions\redhat.java-1.56.0-win32-x64\jre\21.0.12.1-win32-x86_64\bin\management_ext.dll
Event: 6.327 Loaded shared library C:\Users\LENOVO\.antigravity-ide\extensions\redhat.java-1.56.0-win32-x64\jre\21.0.12.1-win32-x86_64\bin\management_ext.dll
Event: 8.120 Attempting to load shared library C:\Users\LENOVO\.antigravity-ide\extensions\redhat.java-1.56.0-win32-x64\jre\21.0.12.1-win32-x86_64\bin\extnet.dll
Event: 8.130 Loaded shared library C:\Users\LENOVO\.antigravity-ide\extensions\redhat.java-1.56.0-win32-x64\jre\21.0.12.1-win32-x86_64\bin\extnet.dll
Event: 9.604 Attempting to load shared library C:\Users\LENOVO\.antigravity-ide\extensions\redhat.java-1.56.0-win32-x64\jre\21.0.12.1-win32-x86_64\bin\sunmscapi.dll
Event: 9.611 Loaded shared library C:\Users\LENOVO\.antigravity-ide\extensions\redhat.java-1.56.0-win32-x64\jre\21.0.12.1-win32-x86_64\bin\sunmscapi.dll

Deoptimization events (20 events):
Event: 385.054 Thread 0x0000018279133480 Uncommon trap: trap_request=0xffffff45 fr.pc=0x00000182284e92c4 relative=0x00000000000000a4
Event: 385.054 Thread 0x0000018279133480 Uncommon trap: reason=unstable_if action=reinterpret pc=0x00000182284e92c4 method=java.lang.ThreadLocal$ThreadLocalMap.cleanSomeSlots(II)Z @ 37 c2
Event: 385.054 Thread 0x0000018279133480 DEOPT PACKING pc=0x00000182284e92c4 sp=0x00000017be9f7ca0
Event: 385.054 Thread 0x0000018279133480 DEOPT UNPACKING pc=0x0000018227c84422 sp=0x00000017be9f7c18 mode 2
Event: 385.054 Thread 0x0000018279133480 Uncommon trap: trap_request=0xffffff45 fr.pc=0x00000182285ae364 relative=0x0000000000000604
Event: 385.054 Thread 0x0000018279133480 Uncommon trap: reason=unstable_if action=reinterpret pc=0x00000182285ae364 method=java.lang.ThreadLocal$ThreadLocalMap.set(Ljava/lang/ThreadLocal;Ljava/lang/Object;)V @ 116 c2
Event: 385.054 Thread 0x0000018279133480 DEOPT PACKING pc=0x00000182285ae364 sp=0x00000017be9f7ce0
Event: 385.054 Thread 0x0000018279133480 DEOPT UNPACKING pc=0x0000018227c84422 sp=0x00000017be9f7c98 mode 2
Event: 385.789 Thread 0x0000018279133480 DEOPT PACKING pc=0x00000182220a5a92 sp=0x00000017be9f6d50
Event: 385.790 Thread 0x0000018279133480 DEOPT UNPACKING pc=0x0000018227c84bc2 sp=0x00000017be9f6218 mode 0
Event: 386.322 Thread 0x0000018279133480 Uncommon trap: trap_request=0xffffff45 fr.pc=0x0000018228281ba4 relative=0x0000000000000104
Event: 386.322 Thread 0x0000018279133480 Uncommon trap: reason=unstable_if action=reinterpret pc=0x0000018228281ba4 method=java.lang.ThreadLocal$ThreadLocalMap.getEntryAfterMiss(Ljava/lang/ThreadLocal;ILjava/lang/ThreadLocal$ThreadLocalMap$Entry;)Ljava/lang/ThreadLocal$ThreadLocalMap$Entry; @ 30
Event: 386.322 Thread 0x0000018279133480 DEOPT PACKING pc=0x0000018228281ba4 sp=0x00000017be9f70a0
Event: 386.323 Thread 0x0000018279133480 DEOPT UNPACKING pc=0x0000018227c84422 sp=0x00000017be9f7020 mode 2
Event: 386.521 Thread 0x0000018279133480 Uncommon trap: trap_request=0xffffff66 fr.pc=0x0000018228a229ec relative=0x000000000000018c
Event: 386.521 Thread 0x0000018279133480 Uncommon trap: reason=speculate_class_check action=maybe_recompile pc=0x0000018228a229ec method=java.io.ObjectStreamClass$FieldReflector.getObjFieldValues(Ljava/lang/Object;[Ljava/lang/Object;)V @ 74 c2
Event: 386.521 Thread 0x0000018279133480 DEOPT PACKING pc=0x0000018228a229ec sp=0x00000017be9f7b10
Event: 386.521 Thread 0x0000018279133480 DEOPT UNPACKING pc=0x0000018227c84422 sp=0x00000017be9f7ab8 mode 2
Event: 387.224 Thread 0x0000018279133480 DEOPT PACKING pc=0x00000182220a5a92 sp=0x00000017be9f8080
Event: 387.224 Thread 0x0000018279133480 DEOPT UNPACKING pc=0x0000018227c84bc2 sp=0x00000017be9f7548 mode 0

Classes loaded (20 events):
Event: 316.170 Loading class com/sun/crypto/provider/AESCipher done
Event: 316.170 Loading class com/sun/crypto/provider/AESCipher$General done
Event: 316.189 Loading class com/sun/crypto/provider/CounterMode
Event: 316.198 Loading class com/sun/crypto/provider/CounterMode done
Event: 317.505 Loading class jdk/internal/reflect/MethodHandleBooleanFieldAccessorImpl
Event: 317.507 Loading class jdk/internal/reflect/MethodHandleBooleanFieldAccessorImpl done
Event: 364.294 Loading class java/lang/invoke/SerializedLambda$1
Event: 364.295 Loading class java/lang/invoke/SerializedLambda$1 done
Event: 364.326 Loading class java/util/EnumSet$SerializationProxy
Event: 364.328 Loading class java/util/EnumSet$SerializationProxy done
Event: 367.074 Loading class java/util/stream/ReferencePipeline$4
Event: 367.075 Loading class java/util/stream/IntPipeline$StatelessOp
Event: 367.076 Loading class java/util/stream/IntPipeline$StatelessOp done
Event: 367.076 Loading class java/util/stream/ReferencePipeline$4 done
Event: 367.076 Loading class java/util/stream/ReduceOps$6
Event: 367.078 Loading class java/util/stream/ReduceOps$6 done
Event: 367.078 Loading class java/util/stream/ReduceOps$5ReducingSink
Event: 367.079 Loading class java/util/stream/ReduceOps$5ReducingSink done
Event: 367.079 Loading class java/util/stream/ReferencePipeline$4$1
Event: 367.080 Loading class java/util/stream/ReferencePipeline$4$1 done

Classes unloaded (0 events):
No events

Classes redefined (0 events):
No events

Internal exceptions (20 events):
Event: 367.506 Thread 0x000001827d06a9b0 Exception <a 'java/lang/NoSuchMethodError'{0x00000000c86a3158}: static Ljava/lang/Object;.<clinit>()V> (0x00000000c86a3158) 
thrown [s\src\hotspot\share\prims\jni.cpp, line 1111]
Event: 367.515 Thread 0x000001827d06bd60 Exception <a 'java/lang/NoSuchMethodError'{0x00000000c86b5cf8}: 'int java.lang.invoke.DirectMethodHandle$Holder.invokeStaticInit(java.lang.Object, java.lang.Object, java.lang.Object, java.lang.Object, java.lang.Object)'> (0x00000000c86b5cf8) 
thrown [s\src\hotspot\share\interpreter\linkResolver.cpp, line 773]
Event: 368.028 Thread 0x000001827d065af0 Implicit null exception at 0x00000182284811d0 to 0x0000018228482560
Event: 368.030 Thread 0x000001827d065af0 Implicit null exception at 0x000001822847e524 to 0x000001822847f710
Event: 368.048 Thread 0x000001827d06a9b0 Exception <a 'sun/nio/fs/WindowsException'{0x00000000cbedd420}> (0x00000000cbedd420) 
thrown [s\src\hotspot\share\prims\jni.cpp, line 520]
Event: 368.049 Thread 0x000001827d06a9b0 Exception <a 'sun/nio/fs/WindowsException'{0x00000000cbedf8d0}> (0x00000000cbedf8d0) 
thrown [s\src\hotspot\share\prims\jni.cpp, line 520]
Event: 368.051 Thread 0x000001827d06a9b0 Exception <a 'sun/nio/fs/WindowsException'{0x00000000cbee1a90}> (0x00000000cbee1a90) 
thrown [s\src\hotspot\share\prims\jni.cpp, line 520]
Event: 368.052 Thread 0x000001827d06a9b0 Exception <a 'sun/nio/fs/WindowsException'{0x00000000cbee3a08}> (0x00000000cbee3a08) 
thrown [s\src\hotspot\share\prims\jni.cpp, line 520]
Event: 368.144 Thread 0x000001827d06c3f0 Exception <a 'sun/nio/fs/WindowsException'{0x00000000cbd88d48}> (0x00000000cbd88d48) 
thrown [s\src\hotspot\share\prims\jni.cpp, line 520]
Event: 368.145 Thread 0x000001827d06c3f0 Exception <a 'sun/nio/fs/WindowsException'{0x00000000cbd90230}> (0x00000000cbd90230) 
thrown [s\src\hotspot\share\prims\jni.cpp, line 520]
Event: 368.145 Thread 0x000001827d06c3f0 Exception <a 'sun/nio/fs/WindowsException'{0x00000000cbd91ed0}> (0x00000000cbd91ed0) 
thrown [s\src\hotspot\share\prims\jni.cpp, line 520]
Event: 368.285 Thread 0x0000018279133480 Exception <a 'sun/nio/fs/WindowsException'{0x00000000cbddc6c8}> (0x00000000cbddc6c8) 
thrown [s\src\hotspot\share\prims\jni.cpp, line 520]
Event: 368.475 Thread 0x0000018279133480 Exception <a 'sun/nio/fs/WindowsException'{0x00000000cbb970b0}> (0x00000000cbb970b0) 
thrown [s\src\hotspot\share\prims\jni.cpp, line 520]
Event: 368.919 Thread 0x000001827e34ee60 Exception <a 'sun/nio/fs/WindowsException'{0x00000000cb84df90}> (0x00000000cb84df90) 
thrown [s\src\hotspot\share\prims\jni.cpp, line 520]
Event: 368.921 Thread 0x000001827e34ee60 Exception <a 'sun/nio/fs/WindowsException'{0x00000000cb8548f8}> (0x00000000cb8548f8) 
thrown [s\src\hotspot\share\prims\jni.cpp, line 520]
Event: 371.114 Thread 0x000001827c769450 Implicit null exception at 0x000001822856e58b to 0x000001822856e650
Event: 379.805 Thread 0x0000018279133480 Exception <a 'sun/nio/fs/WindowsException'{0x00000000cb52b718}> (0x00000000cb52b718) 
thrown [s\src\hotspot\share\prims\jni.cpp, line 520]
Event: 379.806 Thread 0x0000018279133480 Exception <a 'sun/nio/fs/WindowsException'{0x00000000cb52cbf8}> (0x00000000cb52cbf8) 
thrown [s\src\hotspot\share\prims\jni.cpp, line 520]
Event: 379.807 Thread 0x0000018279133480 Exception <a 'sun/nio/fs/WindowsException'{0x00000000cb52e0c8}> (0x00000000cb52e0c8) 
thrown [s\src\hotspot\share\prims\jni.cpp, line 520]
Event: 379.808 Thread 0x0000018279133480 Exception <a 'sun/nio/fs/WindowsException'{0x00000000cb52f588}> (0x00000000cb52f588) 
thrown [s\src\hotspot\share\prims\jni.cpp, line 520]

ZGC Phase Switch (0 events):
No events

VM Operations (20 events):
Event: 377.849 Executing safepoint VM operation: Cleanup
Event: 377.849 Executing safepoint VM operation: Cleanup done
Event: 379.872 Executing safepoint VM operation: Cleanup
Event: 379.872 Executing safepoint VM operation: Cleanup done
Event: 380.879 Executing safepoint VM operation: Cleanup
Event: 380.880 Executing safepoint VM operation: Cleanup done
Event: 381.888 Executing safepoint VM operation: Cleanup
Event: 381.889 Executing safepoint VM operation: Cleanup done
Event: 382.899 Executing safepoint VM operation: Cleanup
Event: 382.899 Executing safepoint VM operation: Cleanup done
Event: 382.939 Executing safepoint VM operation: G1CollectForAllocation (G1 Evacuation Pause)
Event: 382.967 Executing safepoint VM operation: G1CollectForAllocation (G1 Evacuation Pause) done
Event: 383.979 Executing safepoint VM operation: Cleanup
Event: 383.979 Executing safepoint VM operation: Cleanup done
Event: 385.994 Executing safepoint VM operation: Cleanup
Event: 385.994 Executing safepoint VM operation: Cleanup done
Event: 387.008 Executing safepoint VM operation: Cleanup
Event: 387.008 Executing safepoint VM operation: Cleanup done
Event: 388.019 Executing safepoint VM operation: Cleanup
Event: 388.019 Executing safepoint VM operation: Cleanup done

Memory protections (0 events):
No events

Nmethod flushes (20 events):
Event: 271.771 Thread 0x0000018233f3bba0 flushing  nmethod 0x00000182217c2d90
Event: 271.772 Thread 0x0000018233f3bba0 flushing  nmethod 0x00000182217c3f90
Event: 271.772 Thread 0x0000018233f3bba0 flushing  nmethod 0x00000182283f5690
Event: 271.772 Thread 0x0000018233f3bba0 flushing  nmethod 0x0000018228809190
Event: 271.772 Thread 0x0000018233f3bba0 flushing  nmethod 0x0000018220856490
Event: 271.772 Thread 0x0000018233f3bba0 flushing  nmethod 0x0000018220885110
Event: 271.772 Thread 0x0000018233f3bba0 flushing  nmethod 0x000001822090ea10
Event: 271.772 Thread 0x0000018233f3bba0 flushing  nmethod 0x0000018220a25990
Event: 271.772 Thread 0x0000018233f3bba0 flushing  nmethod 0x0000018220aab990
Event: 271.772 Thread 0x0000018233f3bba0 flushing  nmethod 0x0000018220af1190
Event: 271.772 Thread 0x0000018233f3bba0 flushing  nmethod 0x0000018220b4ed10
Event: 271.772 Thread 0x0000018233f3bba0 flushing  nmethod 0x0000018220b50d10
Event: 271.772 Thread 0x0000018233f3bba0 flushing  nmethod 0x0000018220bc0690
Event: 271.772 Thread 0x0000018233f3bba0 flushing  nmethod 0x0000018220d7b390
Event: 271.772 Thread 0x0000018233f3bba0 flushing  nmethod 0x0000018220d7c410
Event: 271.772 Thread 0x0000018233f3bba0 flushing  nmethod 0x0000018220e22310
Event: 271.772 Thread 0x0000018233f3bba0 flushing  nmethod 0x000001822120d690
Event: 271.772 Thread 0x0000018233f3bba0 flushing  nmethod 0x00000182213f0210
Event: 271.773 Thread 0x0000018233f3bba0 flushing  nmethod 0x000001822159bd90
Event: 271.773 Thread 0x0000018233f3bba0 flushing  nmethod 0x0000018221b34e10

Events (20 events):
Event: 382.164 Thread 0x0000018279133480 Thread added: 0x000001827a6a1770
Event: 382.165 Thread 0x0000018279133480 Thread added: 0x000001827a69e2f0
Event: 382.167 Thread 0x0000018279133480 Thread added: 0x000001827a6a1e00
Event: 382.168 Thread 0x0000018279133480 Thread added: 0x000001827a69e980
Event: 382.170 Thread 0x0000018279133480 Thread added: 0x000001827a6a4560
Event: 385.716 Thread 0x0000018279133480 Thread added: 0x000001827a6a2490
Event: 385.716 Thread 0x0000018279133480 Thread added: 0x000001827a6a2b20
Event: 385.717 Thread 0x0000018279133480 Thread added: 0x000001827a6a31b0
Event: 385.718 Thread 0x0000018279133480 Thread added: 0x000001827a6a3840
Event: 385.718 Thread 0x0000018279133480 Thread added: 0x000001827a6a3ed0
Event: 385.719 Thread 0x0000018279133480 Thread added: 0x000001827d066810
Event: 385.719 Thread 0x0000018279133480 Thread added: 0x000001827d066ea0
Event: 385.751 Thread 0x0000018279133480 Thread added: 0x000001827d065af0
Event: 385.752 Thread 0x0000018279133480 Thread added: 0x000001827d064dd0
Event: 385.753 Thread 0x0000018279133480 Thread added: 0x000001827d069600
Event: 385.755 Thread 0x0000018279133480 Thread added: 0x000001827d066180
Event: 385.757 Thread 0x0000018279133480 Thread added: 0x000001827d06a320
Event: 385.758 Thread 0x0000018279133480 Thread added: 0x000001827d06a9b0
Event: 385.758 Thread 0x0000018279133480 Thread added: 0x000001827d06b040
Event: 386.542 Thread 0x0000018279133480 Thread added: 0x000001827d06bd60


Dynamic libraries:
0x00007ff601410000 - 0x00007ff60141e000 	C:\Users\LENOVO\.antigravity-ide\extensions\redhat.java-1.56.0-win32-x64\jre\21.0.12.1-win32-x86_64\bin\java.exe
0x00007ffba7f40000 - 0x00007ffba81a7000 	C:\WINDOWS\SYSTEM32\ntdll.dll
0x00007ffba6070000 - 0x00007ffba613b000 	C:\WINDOWS\System32\KERNEL32.DLL
0x00007ffba5490000 - 0x00007ffba5892000 	C:\WINDOWS\System32\KERNELBASE.dll
0x00007ffba5140000 - 0x00007ffba528c000 	C:\WINDOWS\System32\ucrtbase.dll
0x00007ffb2ff40000 - 0x00007ffb2ff58000 	C:\Users\LENOVO\.antigravity-ide\extensions\redhat.java-1.56.0-win32-x64\jre\21.0.12.1-win32-x86_64\bin\jli.dll
0x00007ffba5e00000 - 0x00007ffba5fcf000 	C:\WINDOWS\System32\USER32.dll
0x00007ffba59e0000 - 0x00007ffba5a07000 	C:\WINDOWS\System32\win32u.dll
0x00007ffba5d80000 - 0x00007ffba5dab000 	C:\WINDOWS\System32\GDI32.dll
0x00007ffba52a0000 - 0x00007ffba53c9000 	C:\WINDOWS\System32\gdi32full.dll
0x00007ffba5930000 - 0x00007ffba59d3000 	C:\WINDOWS\System32\msvcp_win.dll
0x00007ffb2ff60000 - 0x00007ffb2ff7e000 	C:\Users\LENOVO\.antigravity-ide\extensions\redhat.java-1.56.0-win32-x64\jre\21.0.12.1-win32-x86_64\bin\VCRUNTIME140.dll
0x00007ffb8ec40000 - 0x00007ffb8eed0000 	C:\WINDOWS\WinSxS\amd64_microsoft.windows.common-controls_6595b64144ccf1df_6.0.26100.9278_none_3e0d1ba8e3303201\COMCTL32.dll
0x00007ffba6840000 - 0x00007ffba68e9000 	C:\WINDOWS\System32\msvcrt.dll
0x00007ffba5dc0000 - 0x00007ffba5df1000 	C:\WINDOWS\System32\IMM32.DLL
0x00007ffb4dd30000 - 0x00007ffb4dd3c000 	C:\Users\LENOVO\.antigravity-ide\extensions\redhat.java-1.56.0-win32-x64\jre\21.0.12.1-win32-x86_64\bin\vcruntime140_1.dll
0x00007ffb18b20000 - 0x00007ffb18bad000 	C:\Users\LENOVO\.antigravity-ide\extensions\redhat.java-1.56.0-win32-x64\jre\21.0.12.1-win32-x86_64\bin\msvcp140.dll
0x00007ffaf47b0000 - 0x00007ffaf5552000 	C:\Users\LENOVO\.antigravity-ide\extensions\redhat.java-1.56.0-win32-x64\jre\21.0.12.1-win32-x86_64\bin\server\jvm.dll
0x00007ffba66f0000 - 0x00007ffba67ac000 	C:\WINDOWS\System32\ADVAPI32.dll
0x00007ffba7e30000 - 0x00007ffba7ed9000 	C:\WINDOWS\System32\sechost.dll
0x00007ffba5c60000 - 0x00007ffba5d78000 	C:\WINDOWS\System32\RPCRT4.dll
0x00007ffba7090000 - 0x00007ffba7110000 	C:\WINDOWS\System32\WS2_32.dll
0x00007ffba4f90000 - 0x00007ffba4fee000 	C:\WINDOWS\SYSTEM32\POWRPROF.dll
0x00007ffb983b0000 - 0x00007ffb983e6000 	C:\WINDOWS\SYSTEM32\WINMM.dll
0x00007ffb93ff0000 - 0x00007ffb93ffb000 	C:\WINDOWS\SYSTEM32\VERSION.dll
0x00007ffba4f70000 - 0x00007ffba4f85000 	C:\WINDOWS\SYSTEM32\UMPDC.dll
0x00007ffba3dd0000 - 0x00007ffba3deb000 	C:\WINDOWS\SYSTEM32\kernel.appcore.dll
0x00007ffb4d740000 - 0x00007ffb4d74a000 	C:\Users\LENOVO\.antigravity-ide\extensions\redhat.java-1.56.0-win32-x64\jre\21.0.12.1-win32-x86_64\bin\jimage.dll
0x00007ffba2480000 - 0x00007ffba26cc000 	C:\WINDOWS\SYSTEM32\DBGHELP.DLL
0x00007ffba7950000 - 0x00007ffba7cd5000 	C:\WINDOWS\System32\combase.dll
0x00007ffba62c0000 - 0x00007ffba6399000 	C:\WINDOWS\System32\OLEAUT32.dll
0x00007ffb8c4f0000 - 0x00007ffb8c52b000 	C:\WINDOWS\SYSTEM32\dbgcore.DLL
0x00007ffba5a10000 - 0x00007ffba5abc000 	C:\WINDOWS\System32\bcryptPrimitives.dll
0x00007ffb49c90000 - 0x00007ffb49c9f000 	C:\Users\LENOVO\.antigravity-ide\extensions\redhat.java-1.56.0-win32-x64\jre\21.0.12.1-win32-x86_64\bin\instrument.dll
0x00007ffb2ff20000 - 0x00007ffb2ff40000 	C:\Users\LENOVO\.antigravity-ide\extensions\redhat.java-1.56.0-win32-x64\jre\21.0.12.1-win32-x86_64\bin\java.dll
0x00007ffba68f0000 - 0x00007ffba7088000 	C:\WINDOWS\System32\SHELL32.dll
0x00007ffba2b60000 - 0x00007ffba340e000 	C:\WINDOWS\SYSTEM32\windows.storage.dll
0x00007ffba7d30000 - 0x00007ffba7e2b000 	C:\WINDOWS\System32\SHCORE.dll
0x00007ffba67d0000 - 0x00007ffba6836000 	C:\WINDOWS\System32\shlwapi.dll
0x00007ffba5060000 - 0x00007ffba5089000 	C:\WINDOWS\SYSTEM32\profapi.dll
0x00007ffb29820000 - 0x00007ffb29838000 	C:\Users\LENOVO\.antigravity-ide\extensions\redhat.java-1.56.0-win32-x64\jre\21.0.12.1-win32-x86_64\bin\zip.dll
0x00007ffb4bc60000 - 0x00007ffb4bc70000 	C:\Users\LENOVO\.antigravity-ide\extensions\redhat.java-1.56.0-win32-x64\jre\21.0.12.1-win32-x86_64\bin\net.dll
0x00007ffb9d7d0000 - 0x00007ffb9d8fa000 	C:\WINDOWS\SYSTEM32\WINHTTP.dll
0x00007ffba4370000 - 0x00007ffba43dc000 	C:\WINDOWS\system32\mswsock.dll
0x00007ffb297b0000 - 0x00007ffb297c6000 	C:\Users\LENOVO\.antigravity-ide\extensions\redhat.java-1.56.0-win32-x64\jre\21.0.12.1-win32-x86_64\bin\nio.dll
0x00007ffb66b60000 - 0x00007ffb66b70000 	C:\Users\LENOVO\.antigravity-ide\extensions\redhat.java-1.56.0-win32-x64\jre\21.0.12.1-win32-x86_64\bin\verify.dll
0x00007ffb4bb90000 - 0x00007ffb4bbb7000 	C:\Users\LENOVO\.gradle\native\1def1411415f61bf3af743bc5b6707747c0891f09f0c88961ee8f79bc544acac\windows-amd64\native-platform.dll
0x00007ffb06220000 - 0x00007ffb06298000 	C:\Users\LENOVO\.gradle\native\0.2.7\x86_64-windows-gnu\gradle-fileevents.dll
0x00007ffb9c400000 - 0x00007ffb9c40a000 	C:\Users\LENOVO\.antigravity-ide\extensions\redhat.java-1.56.0-win32-x64\jre\21.0.12.1-win32-x86_64\bin\management.dll
0x00007ffb4d460000 - 0x00007ffb4d46c000 	C:\Users\LENOVO\.antigravity-ide\extensions\redhat.java-1.56.0-win32-x64\jre\21.0.12.1-win32-x86_64\bin\management_ext.dll
0x00007ffba5db0000 - 0x00007ffba5db8000 	C:\WINDOWS\System32\PSAPI.DLL
0x00007ffba3780000 - 0x00007ffba37b3000 	C:\WINDOWS\SYSTEM32\IPHLPAPI.DLL
0x00007ffba7120000 - 0x00007ffba712a000 	C:\WINDOWS\System32\NSI.dll
0x00007ffb98370000 - 0x00007ffb98379000 	C:\Users\LENOVO\.antigravity-ide\extensions\redhat.java-1.56.0-win32-x64\jre\21.0.12.1-win32-x86_64\bin\extnet.dll
0x00007ffba4790000 - 0x00007ffba47ab000 	C:\WINDOWS\SYSTEM32\CRYPTSP.dll
0x00007ffba3d30000 - 0x00007ffba3d69000 	C:\WINDOWS\system32\rsaenh.dll
0x00007ffba4420000 - 0x00007ffba4454000 	C:\WINDOWS\SYSTEM32\USERENV.dll
0x00007ffba5030000 - 0x00007ffba505a000 	C:\WINDOWS\SYSTEM32\bcrypt.dll
0x00007ffba45d0000 - 0x00007ffba45dc000 	C:\WINDOWS\SYSTEM32\CRYPTBASE.dll
0x00007ffb98380000 - 0x00007ffb9838e000 	C:\Users\LENOVO\.antigravity-ide\extensions\redhat.java-1.56.0-win32-x64\jre\21.0.12.1-win32-x86_64\bin\sunmscapi.dll
0x00007ffba5ad0000 - 0x00007ffba5c4e000 	C:\WINDOWS\System32\CRYPT32.dll
0x00007ffba4900000 - 0x00007ffba4930000 	C:\WINDOWS\SYSTEM32\ncrypt.dll
0x00007ffba48b0000 - 0x00007ffba48ef000 	C:\WINDOWS\SYSTEM32\NTASN1.dll
0x00007ffb7b120000 - 0x00007ffb7b128000 	C:\WINDOWS\system32\wshunix.dll

JVMTI agents:
C:\Users\LENOVO\.gradle\wrapper\dists\gradle-8.14-bin\38aieal9i53h9rfe7vjup95b9\gradle-8.14\lib\agents\gradle-instrumentation-agent-8.14.jar path:C:\Users\LENOVO\.antigravity-ide\extensions\redhat.java-1.56.0-win32-x64\jre\21.0.12.1-win32-x86_64\bin\instrument.dll, loaded, initialized, instrumentlib options:none

dbghelp: loaded successfully - version: 4.0.5 - missing functions: none
symbol engine: initialized successfully - sym options: 0x614 - pdb path: .;C:\Users\LENOVO\.antigravity-ide\extensions\redhat.java-1.56.0-win32-x64\jre\21.0.12.1-win32-x86_64\bin;C:\WINDOWS\SYSTEM32;C:\WINDOWS\WinSxS\amd64_microsoft.windows.common-controls_6595b64144ccf1df_6.0.26100.9278_none_3e0d1ba8e3303201;C:\Users\LENOVO\.antigravity-ide\extensions\redhat.java-1.56.0-win32-x64\jre\21.0.12.1-win32-x86_64\bin\server;C:\Users\LENOVO\.gradle\native\1def1411415f61bf3af743bc5b6707747c0891f09f0c88961ee8f79bc544acac\windows-amd64;C:\Users\LENOVO\.gradle\native\0.2.7\x86_64-windows-gnu

VM Arguments:
jvm_args: --add-opens=java.base/java.lang=ALL-UNNAMED --add-opens=java.base/java.lang.invoke=ALL-UNNAMED --add-opens=java.base/java.util=ALL-UNNAMED --add-opens=java.prefs/java.util.prefs=ALL-UNNAMED --add-exports=jdk.compiler/com.sun.tools.javac.api=ALL-UNNAMED --add-exports=jdk.compiler/com.sun.tools.javac.util=ALL-UNNAMED --add-opens=java.base/java.util=ALL-UNNAMED --add-opens=java.prefs/java.util.prefs=ALL-UNNAMED --add-opens=java.base/java.nio.charset=ALL-UNNAMED --add-opens=java.base/java.net=ALL-UNNAMED --add-opens=java.base/java.util.concurrent.atomic=ALL-UNNAMED --add-opens=java.xml/javax.xml.namespace=ALL-UNNAMED -Xmx1024m -Dfile.encoding=UTF-8 -Duser.country=US -Duser.language=en -Duser.variant -javaagent:C:\Users\LENOVO\.gradle\wrapper\dists\gradle-8.14-bin\38aieal9i53h9rfe7vjup95b9\gradle-8.14\lib\agents\gradle-instrumentation-agent-8.14.jar 
java_command: org.gradle.launcher.daemon.bootstrap.GradleDaemon 8.14
java_class_path (initial): C:\Users\LENOVO\.gradle\wrapper\dists\gradle-8.14-bin\38aieal9i53h9rfe7vjup95b9\gradle-8.14\lib\gradle-daemon-main-8.14.jar
Launcher Type: SUN_STANDARD

[Global flags]
     intx CICompilerCount                          = 4                                         {product} {ergonomic}
     uint ConcGCThreads                            = 2                                         {product} {ergonomic}
     uint G1ConcRefinementThreads                  = 8                                         {product} {ergonomic}
   size_t G1HeapRegionSize                         = 1048576                                   {product} {ergonomic}
    uintx GCDrainStackTargetSize                   = 64                                        {product} {ergonomic}
   size_t InitialHeapSize                          = 98566144                                  {product} {ergonomic}
   size_t MarkStackSize                            = 4194304                                   {product} {ergonomic}
   size_t MaxHeapSize                              = 1073741824                                {product} {command line}
   size_t MaxNewSize                               = 643825664                                 {product} {ergonomic}
   size_t MinHeapDeltaBytes                        = 1048576                                   {product} {ergonomic}
   size_t MinHeapSize                              = 8388608                                   {product} {ergonomic}
    uintx NonNMethodCodeHeapSize                   = 5839372                                {pd product} {ergonomic}
    uintx NonProfiledCodeHeapSize                  = 122909434                              {pd product} {ergonomic}
    uintx ProfiledCodeHeapSize                     = 122909434                              {pd product} {ergonomic}
    uintx ReservedCodeCacheSize                    = 251658240                              {pd product} {ergonomic}
     bool SegmentedCodeCache                       = true                                      {product} {ergonomic}
   size_t SoftMaxHeapSize                          = 1073741824                             {manageable} {ergonomic}
     bool UseCompressedOops                        = true                           {product lp64_product} {ergonomic}
     bool UseG1GC                                  = true                                      {product} {ergonomic}
     bool UseLargePagesIndividualAllocation        = false                                  {pd product} {ergonomic}

Logging:
Log output configuration:
 #0: stdout all=warning uptime,level,tags foldmultilines=false
 #1: stderr all=off uptime,level,tags foldmultilines=false

Release file:
JAVA_VERSION="21.0.12.1" 
MODULES="java.base java.compiler java.datatransfer java.xml java.prefs java.desktop java.instrument java.logging java.management java.security.sasl java.naming java.rmi java.management.rmi java.net.http java.scripting java.security.jgss java.transaction.xa java.sql java.sql.rowset java.xml.crypto java.se java.smartcardio jdk.accessibility jdk.internal.jvmstat jdk.attach jdk.charsets jdk.internal.opt jdk.zipfs jdk.compiler jdk.crypto.ec jdk.crypto.cryptoki jdk.crypto.mscapi jdk.dynalink jdk.internal.ed jdk.editpad jdk.hotspot.agent jdk.httpserver jdk.internal.le jdk.internal.vm.ci jdk.internal.vm.compiler jdk.internal.vm.compiler.management jdk.jartool jdk.javadoc jdk.jcmd jdk.management jdk.management.agent jdk.jconsole jdk.jdeps jdk.jdwp.agent jdk.jdi jdk.jfr jdk.jshell jdk.jsobject jdk.jstatd jdk.localedata jdk.management.jfr jdk.naming.dns jdk.naming.rmi jdk.net jdk.nio.mapmode jdk.random jdk.sctp jdk.security.auth jdk.security.jgss jdk.unsupported jdk.unsupported.desktop jdk.xml.dom" 

Environment Variables:
JAVA_HOME=C:\Program Files\Android\Android Studio\jbr
PATH=C:\WINDOWS\system32;C:\WINDOWS;C:\WINDOWS\System32\Wbem;C:\WINDOWS\System32\WindowsPowerShell\v1.0\;C:\WINDOWS\System32\OpenSSH\;C:\Program Files\Docker\Docker\resources\bin;C:\Program Files\nodejs\;C:\Program Files\Git\cmd;C:\Users\LENOVO\AppData\Local\Programs\Python\Python312\Scripts\;C:\Users\LENOVO\AppData\Local\Programs\Python\Python312\;C:\Users\LENOVO\AppData\Local\Programs\Python\Launcher\;C:\Users\LENOVO\AppData\Local\Programs\Python\Python314\Scripts\;C:\Users\LENOVO\AppData\Local\Programs\Python\Python314\;C:\Users\LENOVO\AppData\Local\Microsoft\WindowsApps;C:\Users\LENOVO\AppData\Local\Programs\Antigravity\bin;C:\Users\LENOVO\AppData\Roaming\npm;C:\ScrcpyLauncher by praveen;C:\Users\LENOVO\AppData\Local\PowerToys\DSCModules\;C:\Users\LENOVO\AppData\Local\Programs\Antigravity IDE\bin
USERNAME=LENOVO
OS=Windows_NT
PROCESSOR_IDENTIFIER=AMD64 Family 23 Model 160 Stepping 0, AuthenticAMD
TMP=C:\Users\LENOVO\AppData\Local\Temp
TEMP=C:\Users\LENOVO\AppData\Local\Temp




Periodic native trim disabled

---------------  S Y S T E M  ---------------

OS:
 Windows 11 , 64 bit Build 26100 (10.0.26100.9444)
OS uptime: 3 days 1:38 hours
Hyper-V role detected

CPU: total 8 (initial active 8) (8 cores per cpu, 2 threads per core) family 23 model 160 stepping 0 microcode 0x8a0000a, cx8, cmov, fxsr, ht, mmx, 3dnowpref, sse, sse2, sse3, ssse3, sse4a, sse4.1, sse4.2, popcnt, lzcnt, tsc, tscinvbit, avx, avx2, aes, clmul, bmi1, bmi2, adx, sha, fma, vzeroupper, clflush, clflushopt, hv, rdtscp, rdpid, f16c
Processor Information for the first 8 processors :
  Max Mhz: 2401, Current Mhz: 2401, Mhz Limit: 2401

Memory: 4k page, system-wide physical 5965M (75M free)
TotalPageFile size 24397M (AvailPageFile size 10M)
current process WorkingSet (physical memory assigned to process): 249M, peak: 351M
current process commit charge ("private bytes"): 539M, peak: 541M

vm_info: OpenJDK 64-Bit Server VM (21.0.12.1+1-LTS) for windows-amd64 JRE (21.0.12.1+1-LTS), built on 2026-08-18T00:00:00Z by "admin" with MS VC++ 17.12 (VS2022)

END.
