#
# There is insufficient memory for the Java Runtime Environment to continue.
# Native memory allocation (malloc) failed to allocate 855552 bytes. Error detail: Chunk::new
# Possible reasons:
#   The system is out of physical RAM or swap space
#   This process is running with CompressedOops enabled, and the Java Heap may be blocking the growth of the native heap
# Possible solutions:
#   Reduce memory load on the system
#   Increase physical memory or swap space
#   Check if swap backing store is full
#   Decrease Java heap size (-Xmx/-Xms)
#   Decrease number of Java threads
#   Decrease Java thread stack sizes (-Xss)
#   Set larger code cache with -XX:ReservedCodeCacheSize=
#   JVM is running with Unscaled Compressed Oops mode in which the Java heap is
#     placed in the first 4GB address space. The Java Heap base address is the
#     maximum limit for the native heap growth. Please use -XX:HeapBaseMinAddress
#     to set the Java Heap base and to place the Java Heap above 4GB virtual address.
# This output file may be truncated or incomplete.
#
#  Out of Memory Error (arena.cpp:168), pid=20396, tid=14624
#
# JRE version: OpenJDK Runtime Environment Temurin-21.0.12.1+1 (21.0.12.1+1) (build 21.0.12.1+1-LTS)
# Java VM: OpenJDK 64-Bit Server VM Temurin-21.0.12.1+1 (21.0.12.1+1-LTS, mixed mode, sharing, tiered, compressed oops, compressed class ptrs, parallel gc, windows-amd64)
# No core dump will be written. Minidumps are not enabled by default on client versions of Windows
#

---------------  S U M M A R Y ------------

Command Line: --add-modules=ALL-SYSTEM --add-opens=java.base/java.util=ALL-UNNAMED --add-opens=java.base/java.lang=ALL-UNNAMED --add-opens=java.base/sun.nio.fs=ALL-UNNAMED -Declipse.application=org.eclipse.jdt.ls.core.id1 -Dosgi.bundles.defaultStartLevel=4 -Declipse.product=org.eclipse.jdt.ls.core.product -Djava.import.generatesMetadataFilesAtProjectRoot=false -Dm2e.project.cache.size=50 -DDetectVMInstallationsJob.disabled=true -Dfile.encoding=utf8 -XX:+UseParallelGC -XX:GCTimeRatio=4 -XX:AdaptiveSizePolicyWeight=90 -Dsun.zip.disableMemoryMapping=true -Xmx2G -Xms100m -Xlog:disable -javaagent:c:\Users\LENOVO\.antigravity-ide\extensions\redhat.java-1.56.0-win32-x64\lombok\lombok-1.18.39-4050.jar -XX:+HeapDumpOnOutOfMemoryError -XX:HeapDumpPath=c:\Users\LENOVO\AppData\Roaming\Antigravity IDE\User\workspaceStorage\ba588fe01070c8c90e20898f4c050905\redhat.java -Daether.dependencyCollector.impl=bf c:\Users\LENOVO\.antigravity-ide\extensions\redhat.java-1.56.0-win32-x64\server\plugins\org.eclipse.equinox.launcher_1.8.0.v20260804-1928.jar -configuration c:\Users\LENOVO\AppData\Roaming\Antigravity IDE\User\globalStorage\redhat.java\1.56.0\config_win -data c:\Users\LENOVO\AppData\Roaming\Antigravity IDE\User\workspaceStorage\ba588fe01070c8c90e20898f4c050905\redhat.java\jdt_ws --stdio

Host: AMD Ryzen 3 7320U with Radeon Graphics         , 8 cores, 5G,  Windows 11 , 64 bit Build 26100 (10.0.26100.9444)
Time: Sun Oct  4 10:06:13 2026 Nepal Standard Time elapsed time: 643.936096 seconds (0d 0h 10m 43s)

---------------  T H R E A D  ---------------

Current thread (0x000002896470af50):  JavaThread "C2 CompilerThread0" daemon [_thread_in_native, id=14624, stack(0x000000cceb800000,0x000000cceb900000) (1024K)]


Current CompileTask:
C2:643936 11897       4       com.esotericsoftware.kryo.io.Input::require (220 bytes)

Stack: [0x000000cceb800000,0x000000cceb900000]
Native frames: (J=compiled Java code, j=interpreted, Vv=VM code, C=native code)
V  [jvm.dll+0x6d83e9]
V  [jvm.dll+0x8b5736]
V  [jvm.dll+0x8b7cee]
V  [jvm.dll+0x8b83d3]
V  [jvm.dll+0x284596]
V  [jvm.dll+0xc685d]
V  [jvm.dll+0xc6da1]
V  [jvm.dll+0x3bf18b]
V  [jvm.dll+0x38b6d2]
V  [jvm.dll+0x38ab1a]
V  [jvm.dll+0x24c700]
V  [jvm.dll+0x24bce0]
V  [jvm.dll+0x1cb4ae]
V  [jvm.dll+0x25baad]
V  [jvm.dll+0x25a03a]
V  [jvm.dll+0x3f8aae]
V  [jvm.dll+0x8600cd]
V  [jvm.dll+0x6d6c1d]
C  [ucrtbase.dll+0x2cd30]
C  [KERNEL32.DLL+0x2cd87]
C  [ntdll.dll+0xacaec]


---------------  P R O C E S S  ---------------

Threads class SMR info:
_java_thread_list=0x000002896bee8910, length=197, elements={
0x000002894bfdee50, 0x000002894c09b660, 0x000002894c09e850, 0x0000028964706770,
0x00000289647071d0, 0x0000028964704390, 0x0000028964704df0, 0x000002896470af50,
0x0000028964732690, 0x000002896632f110, 0x000002896634b420, 0x0000028966a7f420,
0x0000028966b1e4e0, 0x0000028966b0aab0, 0x0000028966ad21f0, 0x000002896b3f6c10,
0x0000028966c5e7e0, 0x000002896616fb40, 0x000002896c424130, 0x000002896c422d80,
0x000002896c424e50, 0x000002896c423410, 0x000002896c4226f0, 0x000002896c425b70,
0x000002896c4254e0, 0x000002896e496d60, 0x000002896e4987a0, 0x000002896e498e30,
0x000002896e4966d0, 0x000002896e498110, 0x000002896e4959b0, 0x000002896d2a7f60,
0x000002896d2a9310, 0x000002896d2a99a0, 0x000002896d2aa030, 0x000002896d2a78d0,
0x000002896d2ab3e0, 0x000002896d2a85f0, 0x000002896d2ae1d0, 0x000002896d2ac790,
0x000002896d2adb40, 0x000002896e496040, 0x000002896c4247c0, 0x000002896b45a770,
0x000002896b45bb20, 0x000002896b459a50, 0x000002896b45c840, 0x000002896b4593c0,
0x000002896b45efa0, 0x000002896b45f630, 0x000002896b460350, 0x000002896b45dbf0,
0x000002896b45e280, 0x000002896b45fcc0, 0x000002896b45ae00, 0x000002896b45e910,
0x000002896b45b490, 0x000002896cbc75a0, 0x000002896cbc82c0, 0x000002896cbc6f10,
0x000002896cbc54d0, 0x000002896cbcbdd0, 0x000002896cbc9670, 0x000002896cbcb0b0,
0x000002896cbcb740, 0x000002896cbcc460, 0x000002896cbccaf0, 0x000002896cbcaa20,
0x000002896cbc8950, 0x000002896cbc61f0, 0x000002896b45c1b0, 0x000002896b4609e0,
0x000002896b45d560, 0x000002896d2ac100, 0x000002896d2ace20, 0x000002896fd8d360,
0x000002896fd8d9f0, 0x000002896fd8a570, 0x000002896fd8ac00, 0x000002896fd8b290,
0x000002896cbca390, 0x000002896d2ae860, 0x000002897049ef00, 0x000002897049db50,
0x000002897049f590, 0x000002897049fc20, 0x00000289704a02b0, 0x000002896fd8c640,
0x000002896fd8ccd0, 0x000002896cbc8fe0, 0x000002896cbc7c30, 0x000002897049e870,
0x000002896e4347d0, 0x000002896e433ab0, 0x000002896e436f30, 0x000002896e436210,
0x000002896e435b80, 0x000002896e434e60, 0x000002897049d4c0, 0x000002897049e1e0,
0x000002896fd8bfb0, 0x000002896cef03f0, 0x000002896cef17a0, 0x000002896ceefd60,
0x000002896cef1110, 0x000002896ceef040, 0x000002896ceef6d0, 0x000002896e434140,
0x000002896e4354f0, 0x000002896e4368a0, 0x000002896cef0a80, 0x000002896fe81170,
0x000002896fe80ae0, 0x000002896fe82bb0, 0x000002896fe80450, 0x000002896cef1e30,
0x000002896fe81800, 0x000002896cef24c0, 0x000002896d25b0c0, 0x000002896d257c40,
0x000002896d259d10, 0x000002896d25a3a0, 0x000002896d25aa30, 0x000002896fe838d0,
0x000002896fe81e90, 0x000002896fe83240, 0x000002896d2582d0, 0x000002896dca2f00,
0x000002896dca5660, 0x000002896dca4fd0, 0x000002896dca5cf0, 0x000002896dca6380,
0x000002896dca6a10, 0x000002896dca42b0, 0x000002896dca2870, 0x000002896dca9800,
0x000002896dca7dc0, 0x000002896dca3c20, 0x000002896dca4940, 0x000002896dca8ae0,
0x000002896dca8450, 0x000002896dca9170, 0x000002896dca7730, 0x000002896dca9e90,
0x000002896ff14820, 0x000002896ff168f0, 0x000002896ff16260, 0x000002896ff16f80,
0x000002896ff18330, 0x000002896ff189c0, 0x000002896ff15540, 0x000002896ff17610,
0x000002896ff17ca0, 0x000002896ff19050, 0x000002896ff15bd0, 0x000002896ff1b120,
0x000002896ff196e0, 0x000002896ff19d70, 0x000002896ff1b7b0, 0x000002896ff1be40,
0x000002896dca3590, 0x000002896dca70a0, 0x000002896ff1a400, 0x000002896d259680,
0x000002896ff14eb0, 0x0000028971dbc2b0, 0x0000028971dbcfd0, 0x0000028971dbd660,
0x0000028971dba1e0, 0x0000028971dba870, 0x0000028971dbe380, 0x0000028971dbaf00,
0x0000028971dbbc20, 0x0000028971dbea10, 0x0000028971dbc940, 0x0000028971dbf0a0,
0x0000028971dbfdc0, 0x0000028971dc1800, 0x0000028971dc0450, 0x0000028971dc0ae0,
0x000002896cbc5b60, 0x000002896cbc9d00, 0x0000028971dc1170, 0x000002896ff1aa90,
0x000002896b45ced0, 0x000002896b45a0e0, 0x000002896d2ad4b0, 0x000002896fd8b920,
0x000002897049ce30, 0x0000028971dbb590, 0x0000028971dbdcf0, 0x0000028971dbf730,
0x000002896e497a80, 0x00000289754e6090, 0x00000289754e8160, 0x00000289754e6720,
0x00000289754e6db0
}

Java Threads: ( => current thread )
  0x000002894bfdee50 JavaThread "main"                              [_thread_blocked, id=10660, stack(0x000000cceae00000,0x000000cceaf00000) (1024K)]
  0x000002894c09b660 JavaThread "Reference Handler"          daemon [_thread_blocked, id=24452, stack(0x000000cceb200000,0x000000cceb300000) (1024K)]
  0x000002894c09e850 JavaThread "Finalizer"                  daemon [_thread_blocked, id=33956, stack(0x000000cceb300000,0x000000cceb400000) (1024K)]
  0x0000028964706770 JavaThread "Signal Dispatcher"          daemon [_thread_blocked, id=15676, stack(0x000000cceb400000,0x000000cceb500000) (1024K)]
  0x00000289647071d0 JavaThread "Attach Listener"            daemon [_thread_blocked, id=33708, stack(0x000000cceb500000,0x000000cceb600000) (1024K)]
  0x0000028964704390 JavaThread "Service Thread"             daemon [_thread_blocked, id=10064, stack(0x000000cceb600000,0x000000cceb700000) (1024K)]
  0x0000028964704df0 JavaThread "Monitor Deflation Thread"   daemon [_thread_blocked, id=18128, stack(0x000000cceb700000,0x000000cceb800000) (1024K)]
=>0x000002896470af50 JavaThread "C2 CompilerThread0"         daemon [_thread_in_native, id=14624, stack(0x000000cceb800000,0x000000cceb900000) (1024K)]
  0x0000028964732690 JavaThread "C1 CompilerThread0"         daemon [_thread_blocked, id=16480, stack(0x000000cceb900000,0x000000cceba00000) (1024K)]
  0x000002896632f110 JavaThread "Common-Cleaner"             daemon [_thread_blocked, id=10956, stack(0x000000cceba00000,0x000000ccebb00000) (1024K)]
  0x000002896634b420 JavaThread "Notification Thread"        daemon [_thread_blocked, id=32384, stack(0x000000ccebb00000,0x000000ccebc00000) (1024K)]
  0x0000028966a7f420 JavaThread "Active Thread: Equinox Container: 69ec68c4-f265-4144-a949-6f5be06e0944"        [_thread_blocked, id=22972, stack(0x000000ccec200000,0x000000ccec300000) (1024K)]
  0x0000028966b1e4e0 JavaThread "Refresh Thread: Equinox Container: 69ec68c4-f265-4144-a949-6f5be06e0944" daemon [_thread_blocked, id=18648, stack(0x000000ccec400000,0x000000ccec500000) (1024K)]
  0x0000028966b0aab0 JavaThread "Framework Event Dispatcher: Equinox Container: 69ec68c4-f265-4144-a949-6f5be06e0944" daemon [_thread_blocked, id=5604, stack(0x000000ccec500000,0x000000ccec600000) (1024K)]
  0x0000028966ad21f0 JavaThread "Start Level: Equinox Container: 69ec68c4-f265-4144-a949-6f5be06e0944" daemon [_thread_blocked, id=956, stack(0x000000ccec600000,0x000000ccec700000) (1024K)]
  0x000002896b3f6c10 JavaThread "Bundle File Closer"         daemon [_thread_blocked, id=33984, stack(0x000000ccec700000,0x000000ccec800000) (1024K)]
  0x0000028966c5e7e0 JavaThread "SCR Component Actor"        daemon [_thread_blocked, id=35372, stack(0x000000ccec800000,0x000000ccec900000) (1024K)]
  0x000002896616fb40 JavaThread "Worker-JM"                         [_thread_blocked, id=26360, stack(0x000000ccec900000,0x000000cceca00000) (1024K)]
  0x000002896c424130 JavaThread "JNA Cleaner"                daemon [_thread_blocked, id=11600, stack(0x000000cceca00000,0x000000ccecb00000) (1024K)]
  0x000002896c422d80 JavaThread "Worker-0: Initialize workspace"        [_thread_blocked, id=18440, stack(0x000000ccecb00000,0x000000ccecc00000) (1024K)]
  0x000002896c424e50 JavaThread "Worker-1: Initialize workspace"        [_thread_blocked, id=5612, stack(0x000000ccecc00000,0x000000ccecd00000) (1024K)]
  0x000002896c423410 JavaThread "Worker-2: Initialize workspace"        [_thread_blocked, id=33132, stack(0x000000ccecd00000,0x000000ccece00000) (1024K)]
  0x000002896c4226f0 JavaThread "Worker-3: Initialize workspace"        [_thread_blocked, id=12244, stack(0x000000ccece00000,0x000000ccecf00000) (1024K)]
  0x000002896c425b70 JavaThread "Java indexing"              daemon [_thread_blocked, id=25044, stack(0x000000ccecf00000,0x000000cced000000) (1024K)]
  0x000002896c4254e0 JavaThread "Worker-4: Initialize Workspace"        [_thread_blocked, id=18336, stack(0x000000cced300000,0x000000cced400000) (1024K)]
  0x000002896e496d60 JavaThread "Worker-5: Initialize workspace"        [_thread_blocked, id=12384, stack(0x000000cced400000,0x000000cced500000) (1024K)]
  0x000002896e4987a0 JavaThread "pool-2-thread-1"                   [_thread_blocked, id=25976, stack(0x000000cced500000,0x000000cced600000) (1024K)]
  0x000002896e498e30 JavaThread "Timer-0"                           [_thread_blocked, id=11244, stack(0x000000cced600000,0x000000cced700000) (1024K)]
  0x000002896e4966d0 JavaThread "Timer-1"                           [_thread_blocked, id=4136, stack(0x000000cced700000,0x000000cced800000) (1024K)]
  0x000002896e498110 JavaThread "WorkspaceEventsHandler"            [_thread_blocked, id=9288, stack(0x000000cced800000,0x000000cced900000) (1024K)]
  0x000002896e4959b0 JavaThread "pool-1-thread-1"                   [_thread_blocked, id=6912, stack(0x000000cced900000,0x000000cceda00000) (1024K)]
  0x000002896d2a7f60 JavaThread "Timer-2"                           [_thread_blocked, id=20868, stack(0x000000ccedd00000,0x000000ccede00000) (1024K)]
  0x000002896d2a9310 JavaThread "Timer-3"                           [_thread_blocked, id=28200, stack(0x000000cceac00000,0x000000ccead00000) (1024K)]
  0x000002896d2a99a0 JavaThread "Timer-4"                           [_thread_blocked, id=34440, stack(0x000000cced000000,0x000000cced100000) (1024K)]
  0x000002896d2aa030 JavaThread "Timer-5"                           [_thread_blocked, id=7300, stack(0x000000cceda00000,0x000000ccedb00000) (1024K)]
  0x000002896d2a78d0 JavaThread "Timer-6"                           [_thread_blocked, id=18616, stack(0x000000ccedb00000,0x000000ccedc00000) (1024K)]
  0x000002896d2ab3e0 JavaThread "Timer-7"                           [_thread_blocked, id=24836, stack(0x000000ccede00000,0x000000ccedf00000) (1024K)]
  0x000002896d2a85f0 JavaThread "Timer-8"                           [_thread_blocked, id=14184, stack(0x000000ccee400000,0x000000ccee500000) (1024K)]
  0x000002896d2ae1d0 JavaThread "Timer-9"                           [_thread_blocked, id=16056, stack(0x000000ccedc00000,0x000000ccedd00000) (1024K)]
  0x000002896d2ac790 JavaThread "Timer-10"                          [_thread_blocked, id=33700, stack(0x000000ccedf00000,0x000000ccee000000) (1024K)]
  0x000002896d2adb40 JavaThread "Timer-11"                          [_thread_blocked, id=27820, stack(0x000000ccee600000,0x000000ccee700000) (1024K)]
  0x000002896e496040 JavaThread "Timer-12"                          [_thread_blocked, id=18932, stack(0x000000ccee700000,0x000000ccee800000) (1024K)]
  0x000002896c4247c0 JavaThread "Timer-13"                          [_thread_blocked, id=35828, stack(0x000000ccee800000,0x000000ccee900000) (1024K)]
  0x000002896b45a770 JavaThread "Timer-14"                          [_thread_blocked, id=22484, stack(0x000000ccee900000,0x000000cceea00000) (1024K)]
  0x000002896b45bb20 JavaThread "Timer-15"                          [_thread_blocked, id=20720, stack(0x000000cceea00000,0x000000cceeb00000) (1024K)]
  0x000002896b459a50 JavaThread "Timer-16"                          [_thread_blocked, id=22400, stack(0x000000cceeb00000,0x000000cceec00000) (1024K)]
  0x000002896b45c840 JavaThread "Timer-17"                          [_thread_blocked, id=16204, stack(0x000000cceee00000,0x000000cceef00000) (1024K)]
  0x000002896b4593c0 JavaThread "Timer-18"                          [_thread_blocked, id=9720, stack(0x000000ccef000000,0x000000ccef100000) (1024K)]
  0x000002896b45efa0 JavaThread "Timer-19"                          [_thread_blocked, id=3168, stack(0x000000ccef100000,0x000000ccef200000) (1024K)]
  0x000002896b45f630 JavaThread "Timer-20"                          [_thread_blocked, id=25800, stack(0x000000ccef200000,0x000000ccef300000) (1024K)]
  0x000002896b460350 JavaThread "Timer-21"                          [_thread_blocked, id=5900, stack(0x000000ccef300000,0x000000ccef400000) (1024K)]
  0x000002896b45dbf0 JavaThread "Timer-22"                          [_thread_blocked, id=11840, stack(0x000000ccef400000,0x000000ccef500000) (1024K)]
  0x000002896b45e280 JavaThread "Timer-23"                          [_thread_blocked, id=19412, stack(0x000000ccef600000,0x000000ccef700000) (1024K)]
  0x000002896b45fcc0 JavaThread "Timer-24"                          [_thread_blocked, id=33116, stack(0x000000ccef900000,0x000000ccefa00000) (1024K)]
  0x000002896b45ae00 JavaThread "Worker-6: Initialize workspace"        [_thread_blocked, id=10068, stack(0x000000cceed00000,0x000000cceee00000) (1024K)]
  0x000002896b45e910 JavaThread "Timer-25"                          [_thread_blocked, id=24852, stack(0x000000cceef00000,0x000000ccef000000) (1024K)]
  0x000002896b45b490 JavaThread "Timer-26"                          [_thread_blocked, id=16336, stack(0x000000ccefa00000,0x000000ccefb00000) (1024K)]
  0x000002896cbc75a0 JavaThread "Timer-27"                          [_thread_blocked, id=27412, stack(0x000000ccefb00000,0x000000ccefc00000) (1024K)]
  0x000002896cbc82c0 JavaThread "Timer-28"                          [_thread_blocked, id=8268, stack(0x000000ccefc00000,0x000000ccefd00000) (1024K)]
  0x000002896cbc6f10 JavaThread "Timer-29"                          [_thread_blocked, id=31584, stack(0x000000ccef700000,0x000000ccef800000) (1024K)]
  0x000002896cbc54d0 JavaThread "Timer-30"                          [_thread_blocked, id=26072, stack(0x000000cceff00000,0x000000ccf0000000) (1024K)]
  0x000002896cbcbdd0 JavaThread "Worker-7: Initialize workspace"        [_thread_blocked, id=26968, stack(0x000000cceab00000,0x000000cceac00000) (1024K)]
  0x000002896cbc9670 JavaThread "Timer-31"                          [_thread_blocked, id=23152, stack(0x000000ccead00000,0x000000cceae00000) (1024K)]
  0x000002896cbcb0b0 JavaThread "Timer-32"                          [_thread_blocked, id=9404, stack(0x000000ccf0000000,0x000000ccf0100000) (1024K)]
  0x000002896cbcb740 JavaThread "Timer-33"                          [_thread_blocked, id=22224, stack(0x000000ccf0100000,0x000000ccf0200000) (1024K)]
  0x000002896cbcc460 JavaThread "Timer-34"                          [_thread_blocked, id=36868, stack(0x000000ccf0200000,0x000000ccf0300000) (1024K)]
  0x000002896cbccaf0 JavaThread "Timer-35"                          [_thread_blocked, id=9760, stack(0x000000ccf0500000,0x000000ccf0600000) (1024K)]
  0x000002896cbcaa20 JavaThread "Timer-36"                          [_thread_blocked, id=23744, stack(0x000000ccf0700000,0x000000ccf0800000) (1024K)]
  0x000002896cbc8950 JavaThread "Worker-8: Initialize workspace"        [_thread_blocked, id=36324, stack(0x000000ccef500000,0x000000ccef600000) (1024K)]
  0x000002896cbc61f0 JavaThread "Timer-37"                          [_thread_blocked, id=11260, stack(0x000000ccefe00000,0x000000cceff00000) (1024K)]
  0x000002896b45c1b0 JavaThread "Timer-38"                          [_thread_blocked, id=4308, stack(0x000000ccf0800000,0x000000ccf0900000) (1024K)]
  0x000002896b4609e0 JavaThread "Timer-39"                          [_thread_blocked, id=32948, stack(0x000000ccf0900000,0x000000ccf0a00000) (1024K)]
  0x000002896b45d560 JavaThread "Timer-40"                          [_thread_blocked, id=7084, stack(0x000000ccf0a00000,0x000000ccf0b00000) (1024K)]
  0x000002896d2ac100 JavaThread "Timer-41"                          [_thread_blocked, id=25072, stack(0x000000ccee200000,0x000000ccee300000) (1024K)]
  0x000002896d2ace20 JavaThread "Timer-42"                          [_thread_blocked, id=8932, stack(0x000000ccf0300000,0x000000ccf0400000) (1024K)]
  0x000002896fd8d360 JavaThread "Worker-9: Initialize workspace"        [_thread_blocked, id=21512, stack(0x000000ccf0c00000,0x000000ccf0d00000) (1024K)]
  0x000002896fd8d9f0 JavaThread "Timer-43"                          [_thread_blocked, id=15252, stack(0x000000ccf0e00000,0x000000ccf0f00000) (1024K)]
  0x000002896fd8a570 JavaThread "Timer-44"                          [_thread_blocked, id=7364, stack(0x000000ccf0f00000,0x000000ccf1000000) (1024K)]
  0x000002896fd8ac00 JavaThread "Timer-45"                          [_thread_blocked, id=36412, stack(0x000000ccf1000000,0x000000ccf1100000) (1024K)]
  0x000002896fd8b290 JavaThread "Timer-46"                          [_thread_blocked, id=19348, stack(0x000000ccf1100000,0x000000ccf1200000) (1024K)]
  0x000002896cbca390 JavaThread "Timer-47"                          [_thread_blocked, id=30448, stack(0x000000ccf1200000,0x000000ccf1300000) (1024K)]
  0x000002896d2ae860 JavaThread "Timer-48"                          [_thread_blocked, id=11380, stack(0x000000ccf1400000,0x000000ccf1500000) (1024K)]
  0x000002897049ef00 JavaThread "Worker-10: Initialize workspace"        [_thread_blocked, id=6788, stack(0x000000ccf1500000,0x000000ccf1600000) (1024K)]
  0x000002897049db50 JavaThread "Timer-49"                          [_thread_blocked, id=15000, stack(0x000000ccf1600000,0x000000ccf1700000) (1024K)]
  0x000002897049f590 JavaThread "Timer-50"                          [_thread_blocked, id=6880, stack(0x000000ccf1700000,0x000000ccf1800000) (1024K)]
  0x000002897049fc20 JavaThread "Timer-51"                          [_thread_blocked, id=16660, stack(0x000000ccf0600000,0x000000ccf0700000) (1024K)]
  0x00000289704a02b0 JavaThread "Timer-52"                          [_thread_blocked, id=23852, stack(0x000000ccf1300000,0x000000ccf1400000) (1024K)]
  0x000002896fd8c640 JavaThread "Timer-53"                          [_thread_blocked, id=32876, stack(0x000000ccf0d00000,0x000000ccf0e00000) (1024K)]
  0x000002896fd8ccd0 JavaThread "Timer-54"                          [_thread_blocked, id=8836, stack(0x000000ccf1a00000,0x000000ccf1b00000) (1024K)]
  0x000002896cbc8fe0 JavaThread "Worker-11: Initialize workspace"        [_thread_blocked, id=21644, stack(0x000000cced100000,0x000000cced200000) (1024K)]
  0x000002896cbc7c30 JavaThread "Timer-55"                          [_thread_blocked, id=32672, stack(0x000000ccf1b00000,0x000000ccf1c00000) (1024K)]
  0x000002897049e870 JavaThread "Timer-56"                          [_thread_blocked, id=17192, stack(0x000000ccf1c00000,0x000000ccf1d00000) (1024K)]
  0x000002896e4347d0 JavaThread "Timer-57"                          [_thread_blocked, id=11924, stack(0x000000ccf1d00000,0x000000ccf1e00000) (1024K)]
  0x000002896e433ab0 JavaThread "Timer-58"                          [_thread_blocked, id=13120, stack(0x000000ccf1e00000,0x000000ccf1f00000) (1024K)]
  0x000002896e436f30 JavaThread "Connection worker"                 [_thread_in_native, id=22180, stack(0x000000ccf1800000,0x000000ccf1900000) (1024K)]
  0x000002896e436210 JavaThread "Timer-59"                          [_thread_blocked, id=31964, stack(0x000000ccf2100000,0x000000ccf2200000) (1024K)]
  0x000002896e435b80 JavaThread "Timer-60"                          [_thread_blocked, id=14592, stack(0x000000ccf2300000,0x000000ccf2400000) (1024K)]
  0x000002896e434e60 JavaThread "Worker-12: Initialize workspace"        [_thread_blocked, id=13700, stack(0x000000ccf0b00000,0x000000ccf0c00000) (1024K)]
  0x000002897049d4c0 JavaThread "Timer-61"                          [_thread_blocked, id=9048, stack(0x000000ccf1900000,0x000000ccf1a00000) (1024K)]
  0x000002897049e1e0 JavaThread "Timer-62"                          [_thread_blocked, id=14740, stack(0x000000ccf2400000,0x000000ccf2500000) (1024K)]
  0x000002896fd8bfb0 JavaThread "Timer-63"                          [_thread_blocked, id=35528, stack(0x000000ccf2500000,0x000000ccf2600000) (1024K)]
  0x000002896cef03f0 JavaThread "Timer-64"                          [_thread_blocked, id=8560, stack(0x000000ccf2600000,0x000000ccf2700000) (1024K)]
  0x000002896cef17a0 JavaThread "Connection worker"                 [_thread_in_native, id=29296, stack(0x000000ccf1f00000,0x000000ccf2000000) (1024K)]
  0x000002896ceefd60 JavaThread "Timer-65"                          [_thread_blocked, id=7160, stack(0x000000ccf2000000,0x000000ccf2100000) (1024K)]
  0x000002896cef1110 JavaThread "Timer-66"                          [_thread_blocked, id=3496, stack(0x000000ccf2200000,0x000000ccf2300000) (1024K)]
  0x000002896ceef040 JavaThread "Worker-13: Initialize workspace"        [_thread_blocked, id=15080, stack(0x000000ccf2900000,0x000000ccf2a00000) (1024K)]
  0x000002896ceef6d0 JavaThread "Timer-67"                          [_thread_blocked, id=26180, stack(0x000000ccf2b00000,0x000000ccf2c00000) (1024K)]
  0x000002896e434140 JavaThread "Timer-68"                          [_thread_blocked, id=19752, stack(0x000000ccf2c00000,0x000000ccf2d00000) (1024K)]
  0x000002896e4354f0 JavaThread "Timer-69"                          [_thread_blocked, id=29112, stack(0x000000ccf2d00000,0x000000ccf2e00000) (1024K)]
  0x000002896e4368a0 JavaThread "Timer-70"                          [_thread_blocked, id=2820, stack(0x000000ccf2e00000,0x000000ccf2f00000) (1024K)]
  0x000002896cef0a80 JavaThread "Connection worker"                 [_thread_in_native, id=30396, stack(0x000000ccf2700000,0x000000ccf2800000) (1024K)]
  0x000002896fe81170 JavaThread "Timer-71"                          [_thread_blocked, id=29028, stack(0x000000ccf3000000,0x000000ccf3100000) (1024K)]
  0x000002896fe80ae0 JavaThread "Timer-72"                          [_thread_blocked, id=27548, stack(0x000000ccf3100000,0x000000ccf3200000) (1024K)]
  0x000002896fe82bb0 JavaThread "Worker-14: Initialize workspace"        [_thread_blocked, id=30224, stack(0x000000ccf2800000,0x000000ccf2900000) (1024K)]
  0x000002896fe80450 JavaThread "Timer-73"                          [_thread_blocked, id=11016, stack(0x000000ccf2a00000,0x000000ccf2b00000) (1024K)]
  0x000002896cef1e30 JavaThread "Timer-74"                          [_thread_blocked, id=6776, stack(0x000000ccf3500000,0x000000ccf3600000) (1024K)]
  0x000002896fe81800 JavaThread "Timer-75"                          [_thread_blocked, id=24912, stack(0x000000ccf3300000,0x000000ccf3400000) (1024K)]
  0x000002896cef24c0 JavaThread "Timer-76"                          [_thread_blocked, id=16864, stack(0x000000ccf3600000,0x000000ccf3700000) (1024K)]
  0x000002896d25b0c0 JavaThread "Worker-15"                         [_thread_blocked, id=37532, stack(0x000000ccf2f00000,0x000000ccf3000000) (1024K)]
  0x000002896d257c40 JavaThread "Connection worker"                 [_thread_in_native, id=23728, stack(0x000000ccf3700000,0x000000ccf3800000) (1024K)]
  0x000002896d259d10 JavaThread "Timer-77"                          [_thread_blocked, id=24188, stack(0x000000ccf3a00000,0x000000ccf3b00000) (1024K)]
  0x000002896d25a3a0 JavaThread "Timer-78"                          [_thread_blocked, id=8460, stack(0x000000ccf3c00000,0x000000ccf3d00000) (1024K)]
  0x000002896d25aa30 JavaThread "Timer-79"                          [_thread_blocked, id=16212, stack(0x000000ccf3d00000,0x000000ccf3e00000) (1024K)]
  0x000002896fe838d0 JavaThread "Timer-80"                          [_thread_blocked, id=24640, stack(0x000000ccf3e00000,0x000000ccf3f00000) (1024K)]
  0x000002896fe81e90 JavaThread "Timer-81"                          [_thread_blocked, id=21756, stack(0x000000ccf3200000,0x000000ccf3300000) (1024K)]
  0x000002896fe83240 JavaThread "Timer-82"                          [_thread_blocked, id=13428, stack(0x000000ccf3400000,0x000000ccf3500000) (1024K)]
  0x000002896d2582d0 JavaThread "Connection worker"                 [_thread_in_native, id=33544, stack(0x000000ccf3800000,0x000000ccf3900000) (1024K)]
  0x000002896dca2f00 JavaThread "Timer-83"                          [_thread_blocked, id=31792, stack(0x000000ccf4000000,0x000000ccf4100000) (1024K)]
  0x000002896dca5660 JavaThread "Timer-84"                          [_thread_blocked, id=9656, stack(0x000000ccf4200000,0x000000ccf4300000) (1024K)]
  0x000002896dca4fd0 JavaThread "Worker-16: Initialize workspace"        [_thread_blocked, id=28040, stack(0x000000ccf4300000,0x000000ccf4400000) (1024K)]
  0x000002896dca5cf0 JavaThread "Timer-85"                          [_thread_blocked, id=30836, stack(0x000000ccf4400000,0x000000ccf4500000) (1024K)]
  0x000002896dca6380 JavaThread "Timer-86"                          [_thread_blocked, id=26300, stack(0x000000ccf4500000,0x000000ccf4600000) (1024K)]
  0x000002896dca6a10 JavaThread "Timer-87"                          [_thread_blocked, id=36108, stack(0x000000ccf3900000,0x000000ccf3a00000) (1024K)]
  0x000002896dca42b0 JavaThread "Timer-88"                          [_thread_blocked, id=8804, stack(0x000000ccf3b00000,0x000000ccf3c00000) (1024K)]
  0x000002896dca2870 JavaThread "Connection worker"                 [_thread_in_native, id=32816, stack(0x000000ccf3f00000,0x000000ccf4000000) (1024K)]
  0x000002896dca9800 JavaThread "Timer-89"                          [_thread_blocked, id=37672, stack(0x000000ccf4800000,0x000000ccf4900000) (1024K)]
  0x000002896dca7dc0 JavaThread "Timer-90"                          [_thread_blocked, id=36552, stack(0x000000ccf4a00000,0x000000ccf4b00000) (1024K)]
  0x000002896dca3c20 JavaThread "Worker-17: Initialize workspace"        [_thread_blocked, id=32172, stack(0x000000cced200000,0x000000cced300000) (1024K)]
  0x000002896dca4940 JavaThread "Timer-91"                          [_thread_blocked, id=30760, stack(0x000000ccf4100000,0x000000ccf4200000) (1024K)]
  0x000002896dca8ae0 JavaThread "Timer-92"                          [_thread_blocked, id=14316, stack(0x000000ccf4c00000,0x000000ccf4d00000) (1024K)]
  0x000002896dca8450 JavaThread "Timer-93"                          [_thread_blocked, id=28820, stack(0x000000ccf4b00000,0x000000ccf4c00000) (1024K)]
  0x000002896dca9170 JavaThread "Timer-94"                          [_thread_blocked, id=14512, stack(0x000000ccf4d00000,0x000000ccf4e00000) (1024K)]
  0x000002896dca7730 JavaThread "Timer-95"                          [_thread_blocked, id=10304, stack(0x000000ccf4900000,0x000000ccf4a00000) (1024K)]
  0x000002896dca9e90 JavaThread "Timer-96"                          [_thread_blocked, id=2180, stack(0x000000ccf5000000,0x000000ccf5100000) (1024K)]
  0x000002896ff14820 JavaThread "Worker-18: Initialize workspace"        [_thread_blocked, id=35644, stack(0x000000ccf5300000,0x000000ccf5400000) (1024K)]
  0x000002896ff168f0 JavaThread "Worker-19: Initialize workspace"        [_thread_blocked, id=11372, stack(0x000000ccf5500000,0x000000ccf5600000) (1024K)]
  0x000002896ff16260 JavaThread "Timer-97"                          [_thread_blocked, id=28572, stack(0x000000ccf5600000,0x000000ccf5700000) (1024K)]
  0x000002896ff16f80 JavaThread "Timer-98"                          [_thread_blocked, id=28592, stack(0x000000ccf5700000,0x000000ccf5800000) (1024K)]
  0x000002896ff18330 JavaThread "Timer-99"                          [_thread_blocked, id=6400, stack(0x000000ccf4f00000,0x000000ccf5000000) (1024K)]
  0x000002896ff189c0 JavaThread "Timer-100"                         [_thread_blocked, id=10076, stack(0x000000ccf5800000,0x000000ccf5900000) (1024K)]
  0x000002896ff15540 JavaThread "Timer-101"                         [_thread_blocked, id=9004, stack(0x000000ccf4700000,0x000000ccf4800000) (1024K)]
  0x000002896ff17610 JavaThread "Timer-102"                         [_thread_blocked, id=20024, stack(0x000000ccf4e00000,0x000000ccf4f00000) (1024K)]
  0x000002896ff17ca0 JavaThread "Connection worker"                 [_thread_in_native, id=33492, stack(0x000000ccee000000,0x000000ccee100000) (1024K)]
  0x000002896ff19050 JavaThread "Connection worker"                 [_thread_in_native, id=20380, stack(0x000000ccee100000,0x000000ccee200000) (1024K)]
  0x000002896ff15bd0 JavaThread "pool-37-thread-1"                  [_thread_blocked, id=24432, stack(0x000000ccf5200000,0x000000ccf5300000) (1024K)]
  0x000002896ff1b120 JavaThread "pool-38-thread-1"                  [_thread_blocked, id=34932, stack(0x000000ccf5400000,0x000000ccf5500000) (1024K)]
  0x000002896ff196e0 JavaThread "Worker-20"                         [_thread_blocked, id=24916, stack(0x000000ccf5900000,0x000000ccf5a00000) (1024K)]
  0x000002896ff19d70 JavaThread "Timer-103"                         [_thread_blocked, id=27804, stack(0x000000ccf5a00000,0x000000ccf5b00000) (1024K)]
  0x000002896ff1b7b0 JavaThread "Timer-104"                         [_thread_blocked, id=18368, stack(0x000000ccf5b00000,0x000000ccf5c00000) (1024K)]
  0x000002896ff1be40 JavaThread "Connection worker"                 [_thread_in_native, id=23480, stack(0x000000ccefd00000,0x000000ccefe00000) (1024K)]
  0x000002896dca3590 JavaThread "pool-40-thread-1"                  [_thread_blocked, id=12896, stack(0x000000ccf5d00000,0x000000ccf5e00000) (1024K)]
  0x000002896dca70a0 JavaThread "Timer-105"                         [_thread_blocked, id=28264, stack(0x000000ccf5100000,0x000000ccf5200000) (1024K)]
  0x000002896ff1a400 JavaThread "Timer-106"                         [_thread_blocked, id=33052, stack(0x000000ccf5c00000,0x000000ccf5d00000) (1024K)]
  0x000002896d259680 JavaThread "Connection worker"                 [_thread_in_native, id=20792, stack(0x000000cceec00000,0x000000cceed00000) (1024K)]
  0x000002896ff14eb0 JavaThread "Connection worker"                 [_thread_in_native, id=25176, stack(0x000000ccf5e00000,0x000000ccf5f00000) (1024K)]
  0x0000028971dbc2b0 JavaThread "Timer-107"                         [_thread_blocked, id=31360, stack(0x000000ccf6300000,0x000000ccf6400000) (1024K)]
  0x0000028971dbcfd0 JavaThread "Timer-108"                         [_thread_blocked, id=10388, stack(0x000000ccf6500000,0x000000ccf6600000) (1024K)]
  0x0000028971dbd660 JavaThread "Timer-109"                         [_thread_blocked, id=12772, stack(0x000000ccf5f00000,0x000000ccf6000000) (1024K)]
  0x0000028971dba1e0 JavaThread "Timer-110"                         [_thread_blocked, id=35544, stack(0x000000ccf6100000,0x000000ccf6200000) (1024K)]
  0x0000028971dba870 JavaThread "Connection worker"                 [_thread_in_native, id=2660, stack(0x000000ccee500000,0x000000ccee600000) (1024K)]
  0x0000028971dbe380 JavaThread "pool-43-thread-1"                  [_thread_blocked, id=10400, stack(0x000000ccf6800000,0x000000ccf6900000) (1024K)]
  0x0000028971dbaf00 JavaThread "Timer-111"                         [_thread_blocked, id=15264, stack(0x000000ccf6600000,0x000000ccf6700000) (1024K)]
  0x0000028971dbbc20 JavaThread "Timer-112"                         [_thread_blocked, id=27336, stack(0x000000ccf6700000,0x000000ccf6800000) (1024K)]
  0x0000028971dbea10 JavaThread "Connection worker"                 [_thread_in_native, id=4464, stack(0x000000ccf6000000,0x000000ccf6100000) (1024K)]
  0x0000028971dbc940 JavaThread "Timer-113"                         [_thread_blocked, id=33744, stack(0x000000ccf6900000,0x000000ccf6a00000) (1024K)]
  0x0000028971dbf0a0 JavaThread "Timer-114"                         [_thread_blocked, id=21516, stack(0x000000ccf6b00000,0x000000ccf6c00000) (1024K)]
  0x0000028971dbfdc0 JavaThread "Timer-115"                         [_thread_blocked, id=33732, stack(0x000000ccef800000,0x000000ccef900000) (1024K)]
  0x0000028971dc1800 JavaThread "Connection worker"                 [_thread_in_native, id=36244, stack(0x000000ccf6c00000,0x000000ccf6d00000) (1024K)]
  0x0000028971dc0450 JavaThread "Timer-116"                         [_thread_blocked, id=17432, stack(0x000000ccf6d00000,0x000000ccf6e00000) (1024K)]
  0x0000028971dc0ae0 JavaThread "pool-45-thread-1"                  [_thread_blocked, id=18860, stack(0x000000ccf6f00000,0x000000ccf7000000) (1024K)]
  0x000002896cbc5b60 JavaThread "Timer-117"                         [_thread_blocked, id=37292, stack(0x000000ccf6e00000,0x000000ccf6f00000) (1024K)]
  0x000002896cbc9d00 JavaThread "Timer-118"                         [_thread_blocked, id=15496, stack(0x000000ccf7000000,0x000000ccf7100000) (1024K)]
  0x0000028971dc1170 JavaThread "Connection worker"                 [_thread_in_native, id=20152, stack(0x000000ccf0400000,0x000000ccf0500000) (1024K)]
  0x000002896ff1aa90 JavaThread "pool-48-thread-1"                  [_thread_blocked, id=36236, stack(0x000000ccf7500000,0x000000ccf7600000) (1024K)]
  0x000002896b45ced0 JavaThread "Connection worker"                 [_thread_blocked, id=21468, stack(0x000000ccf6200000,0x000000ccf6300000) (1024K)]
  0x000002896b45a0e0 JavaThread "ProjectImportProgressReporter" daemon [_thread_blocked, id=15920, stack(0x000000ccf7100000,0x000000ccf7200000) (1024K)]
  0x000002896d2ad4b0 JavaThread "Exec process"                      [_thread_in_native, id=12364, stack(0x000000ccf7200000,0x000000ccf7300000) (1024K)]
  0x000002896fd8b920 JavaThread "Exec process Thread 2"             [_thread_blocked, id=964, stack(0x000000ccf7700000,0x000000ccf7800000) (1024K)]
  0x000002897049ce30 JavaThread "Timer-119"                         [_thread_blocked, id=19644, stack(0x000000ccf7600000,0x000000ccf7700000) (1024K)]
  0x0000028971dbb590 JavaThread "Timer-120"                         [_thread_blocked, id=29804, stack(0x000000ccf7800000,0x000000ccf7900000) (1024K)]
  0x0000028971dbdcf0 JavaThread "Worker-21"                         [_thread_blocked, id=17076, stack(0x000000ccf6400000,0x000000ccf6500000) (1024K)]
  0x0000028971dbf730 JavaThread "Timer-121"                         [_thread_blocked, id=14816, stack(0x000000ccf6a00000,0x000000ccf6b00000) (1024K)]
  0x000002896e497a80 JavaThread "Timer-122"                         [_thread_blocked, id=21032, stack(0x000000ccf7900000,0x000000ccf7a00000) (1024K)]
  0x00000289754e6090 JavaThread "Connection worker"                 [_thread_in_native, id=36424, stack(0x000000ccf7a00000,0x000000ccf7b00000) (1024K)]
  0x00000289754e8160 JavaThread "pool-49-thread-1"                  [_thread_blocked, id=29720, stack(0x000000ccf7b00000,0x000000ccf7c00000) (1024K)]
  0x00000289754e6720 JavaThread "Connection worker"                 [_thread_in_native, id=15240, stack(0x000000ccf4600000,0x000000ccf4700000) (1024K)]
  0x00000289754e6db0 JavaThread "pool-50-thread-1"                  [_thread_blocked, id=26836, stack(0x000000ccf7c00000,0x000000ccf7d00000) (1024K)]
Total: 197

Other Threads:
  0x000002894c07ebf0 VMThread "VM Thread"                           [id=5428, stack(0x000000cceb100000,0x000000cceb200000) (1024K)]
  0x000002894c051960 WatcherThread "VM Periodic Task Thread"        [id=18152, stack(0x000000cceb000000,0x000000cceb100000) (1024K)]
  0x000002894c0002e0 WorkerThread "GC Thread#0"                     [id=12720, stack(0x000000cceaf00000,0x000000cceb000000) (1024K)]
  0x0000028966636860 WorkerThread "GC Thread#1"                     [id=30100, stack(0x000000ccebc00000,0x000000ccebd00000) (1024K)]
  0x000002896686a7f0 WorkerThread "GC Thread#2"                     [id=5416, stack(0x000000ccebd00000,0x000000ccebe00000) (1024K)]
  0x000002896686aba0 WorkerThread "GC Thread#3"                     [id=31412, stack(0x000000ccebe00000,0x000000ccebf00000) (1024K)]
  0x000002896686af50 WorkerThread "GC Thread#4"                     [id=27644, stack(0x000000ccebf00000,0x000000ccec000000) (1024K)]
  0x000002896686b300 WorkerThread "GC Thread#5"                     [id=11568, stack(0x000000ccec000000,0x000000ccec100000) (1024K)]
  0x000002896686b6b0 WorkerThread "GC Thread#6"                     [id=13964, stack(0x000000ccec100000,0x000000ccec200000) (1024K)]
  0x000002896693af60 WorkerThread "GC Thread#7"                     [id=35824, stack(0x000000ccec300000,0x000000ccec400000) (1024K)]
Total: 10

Threads with active compile tasks:
C2 CompilerThread0  644011 11897       4       com.esotericsoftware.kryo.io.Input::require (220 bytes)
Total: 1

VM state: not at safepoint (normal execution)

VM Mutex/Monitor currently owned by a thread: None

Heap address: 0x0000000080000000, size: 2048 MB, Compressed Oops mode: 32-bit

CDS archive(s) mapped at: [0x0000028900000000-0x0000028900ba0000-0x0000028900ba0000), size 12189696, SharedBaseAddress: 0x0000028900000000, ArchiveRelocationMode: 1.
Compressed class space mapped at: 0x0000028901000000-0x0000028941000000, reserved size: 1073741824
Narrow klass base: 0x0000028900000000, Narrow klass shift: 0, Narrow klass range: 0x100000000

GC Precious Log:
 CardTable entry size: 512
 CPUs: 8 total, 8 available
 Memory: 5965M
 Large Page Support: Disabled
 NUMA Support: Disabled
 Compressed Oops: Enabled (32-bit)
 Alignments: Space 512K, Generation 512K, Heap 2M
 Heap Min Capacity: 100M
 Heap Initial Capacity: 100M
 Heap Max Capacity: 2G
 Pre-touch: Disabled
 Parallel Workers: 8

Heap:
 PSYoungGen      total 16384K, used 12698K [0x00000000d5580000, 0x00000000d6680000, 0x0000000100000000)
  eden space 15360K, 80% used [0x00000000d5580000,0x00000000d6186ac8,0x00000000d6480000)
  from space 1024K, 37% used [0x00000000d6580000,0x00000000d65e0000,0x00000000d6680000)
  to   space 1024K, 0% used [0x00000000d6480000,0x00000000d6480000,0x00000000d6580000)
 ParOldGen       total 76288K, used 75805K [0x0000000080000000, 0x0000000084a80000, 0x00000000d5580000)
  object space 76288K, 99% used [0x0000000080000000,0x0000000084a07580,0x0000000084a80000)
 Metaspace       used 70485K, committed 72256K, reserved 1114112K
  class space    used 8778K, committed 9536K, reserved 1048576K

Card table byte_map: [0x000002895fa80000,0x000002895fe90000] _byte_map_base: 0x000002895f680000

Marking Bits: (ParMarkBitMap*) 0x00007ffaf80e44a0
 Begin Bits: [0x0000028960140000, 0x0000028962140000)
 End Bits:   [0x0000028962140000, 0x0000028964140000)

Polling page: 0x000002894bcb0000

Metaspace:

Usage:
  Non-class:     60.26 MB used.
      Class:      8.57 MB used.
       Both:     68.83 MB used.

Virtual space:
  Non-class space:       64.00 MB reserved,      61.25 MB ( 96%) committed,  1 nodes.
      Class space:        1.00 GB reserved,       9.31 MB ( <1%) committed,  1 nodes.
             Both:        1.06 GB reserved,      70.56 MB (  6%) committed. 

Chunk freelists:
   Non-Class:  2.69 MB
       Class:  6.66 MB
        Both:  9.34 MB

MaxMetaspaceSize: unlimited
CompressedClassSpaceSize: 1.00 GB
Initial GC threshold: 21.00 MB
Current GC threshold: 97.31 MB
CDS: on
 - commit_granule_bytes: 65536.
 - commit_granule_words: 8192.
 - virtual_space_node_default_size: 8388608.
 - enlarge_chunks_in_place: 1.
 - use_allocation_guard: 0.


Internal statistics:

num_allocs_failed_limit: 9.
num_arena_births: 1622.
num_arena_deaths: 32.
num_vsnodes_births: 2.
num_vsnodes_deaths: 0.
num_space_committed: 1129.
num_space_uncommitted: 0.
num_chunks_returned_to_freelist: 45.
num_chunks_taken_from_freelist: 5187.
num_chunk_merges: 17.
num_chunk_splits: 3098.
num_chunks_enlarged: 1633.
num_inconsistent_stats: 0.

CodeHeap 'non-profiled nmethods': size=120000Kb used=9422Kb max_used=9422Kb free=110577Kb
 bounds [0x0000028958370000, 0x0000028958cb0000, 0x000002895f8a0000]
CodeHeap 'profiled nmethods': size=120000Kb used=22674Kb max_used=22674Kb free=97326Kb
 bounds [0x00000289508a0000, 0x0000028951ed0000, 0x0000028957dd0000]
CodeHeap 'non-nmethods': size=5760Kb used=1394Kb max_used=1447Kb free=4365Kb
 bounds [0x0000028957dd0000, 0x0000028958040000, 0x0000028958370000]
CodeCache: size=245760Kb, used=33490Kb, max_used=33543Kb, free=212268Kb
 total_blobs=11832, nmethods=11135, adapters=603, full_count=0
Compilation: enabled, stopped_count=0, restarted_count=0

Compilation events (20 events):
Event: 635.161 Thread 0x000002896470af50 nmethod 11887 0x0000028958c9c490 code [0x0000028958c9c620, 0x0000028958c9c758]
Event: 635.161 Thread 0x000002896470af50 11888   !   4       jdk.proxy7.$Proxy65::hashCode (32 bytes)
Event: 635.163 Thread 0x0000028964732690 11889       1       org.gradle.plugins.ide.internal.tooling.model.LaunchableGradleTask::getName (5 bytes)
Event: 635.164 Thread 0x0000028964732690 nmethod 11889 0x0000028958c9c910 code [0x0000028958c9caa0, 0x0000028958c9cb68]
Event: 635.166 Thread 0x0000028964732690 11891       3       java.lang.invoke.LambdaForm$MH/0x0000028901955c00::invoke (42 bytes)
Event: 635.166 Thread 0x0000028964732690 nmethod 11891 0x0000028951ec1b90 code [0x0000028951ec1dc0, 0x0000028951ec2700]
Event: 635.170 Thread 0x000002896470af50 nmethod 11888 0x0000028958c9cc10 code [0x0000028958c9cdc0, 0x0000028958c9cf50]
Event: 635.170 Thread 0x000002896470af50 11890   !   4       org.gradle.tooling.internal.adapter.ProtocolToModelAdapter$ReflectionMethodInvoker::invoke (41 bytes)
Event: 635.176 Thread 0x0000028964732690 11892   !   3       jdk.proxy7.$Proxy64::getChildren (29 bytes)
Event: 635.177 Thread 0x0000028964732690 nmethod 11892 0x0000028951ec2990 code [0x0000028951ec2b60, 0x0000028951ec2f78]
Event: 635.212 Thread 0x0000028964732690 11893       3       org.gradle.internal.Cast::uncheckedCast (2 bytes)
Event: 635.213 Thread 0x0000028964732690 nmethod 11893 0x0000028951ec3110 code [0x0000028951ec32a0, 0x0000028951ec3390]
Event: 635.360 Thread 0x0000028964732690 11894       3       java.util.HashMap$Values::spliterator (16 bytes)
Event: 635.361 Thread 0x0000028964732690 nmethod 11894 0x0000028951ec3410 code [0x0000028951ec35c0, 0x0000028951ec3788]
Event: 635.361 Thread 0x0000028964732690 11895       3       java.util.HashMap$ValueSpliterator::<init> (12 bytes)
Event: 635.363 Thread 0x0000028964732690 nmethod 11895 0x0000028951ec3890 code [0x0000028951ec3a40, 0x0000028951ec3c30]
Event: 635.367 Thread 0x0000028964732690 11896       3       com.google.common.collect.RegularImmutableList::listIterator (9 bytes)
Event: 635.372 Thread 0x0000028964732690 nmethod 11896 0x0000028951ec3d10 code [0x0000028951ec3f20, 0x0000028951ec4518]
Event: 635.486 Thread 0x000002896470af50 nmethod 11890 0x0000028958c9d110 code [0x0000028958c9d820, 0x0000028958ca0bd0]
Event: 643.564 Thread 0x000002896470af50 11897       4       com.esotericsoftware.kryo.io.Input::require (220 bytes)

GC Heap History (20 events):
Event: 584.182 GC heap before
{Heap before GC invocations=154 (full 3):
 PSYoungGen      total 17408K, used 17408K [0x00000000d5580000, 0x00000000d6800000, 0x0000000100000000)
  eden space 16896K, 100% used [0x00000000d5580000,0x00000000d6600000,0x00000000d6600000)
  from space 512K, 100% used [0x00000000d6780000,0x00000000d6800000,0x00000000d6800000)
  to   space 1024K, 0% used [0x00000000d6600000,0x00000000d6600000,0x00000000d6700000)
 ParOldGen       total 71168K, used 71131K [0x0000000080000000, 0x0000000084580000, 0x00000000d5580000)
  object space 71168K, 99% used [0x0000000080000000,0x0000000084576ce8,0x0000000084580000)
 Metaspace       used 69797K, committed 71424K, reserved 1114112K
  class space    used 8689K, committed 9408K, reserved 1048576K
}
Event: 584.189 GC heap after
{Heap after GC invocations=154 (full 3):
 PSYoungGen      total 17920K, used 764K [0x00000000d5580000, 0x00000000d6800000, 0x0000000100000000)
  eden space 16896K, 0% used [0x00000000d5580000,0x00000000d5580000,0x00000000d6600000)
  from space 1024K, 74% used [0x00000000d6600000,0x00000000d66bf2c0,0x00000000d6700000)
  to   space 1024K, 0% used [0x00000000d6700000,0x00000000d6700000,0x00000000d6800000)
 ParOldGen       total 71680K, used 71267K [0x0000000080000000, 0x0000000084600000, 0x00000000d5580000)
  object space 71680K, 99% used [0x0000000080000000,0x0000000084598cf8,0x0000000084600000)
 Metaspace       used 69797K, committed 71424K, reserved 1114112K
  class space    used 8689K, committed 9408K, reserved 1048576K
}
Event: 596.949 GC heap before
{Heap before GC invocations=155 (full 3):
 PSYoungGen      total 17920K, used 17660K [0x00000000d5580000, 0x00000000d6800000, 0x0000000100000000)
  eden space 16896K, 100% used [0x00000000d5580000,0x00000000d6600000,0x00000000d6600000)
  from space 1024K, 74% used [0x00000000d6600000,0x00000000d66bf2c0,0x00000000d6700000)
  to   space 1024K, 0% used [0x00000000d6700000,0x00000000d6700000,0x00000000d6800000)
 ParOldGen       total 71680K, used 71267K [0x0000000080000000, 0x0000000084600000, 0x00000000d5580000)
  object space 71680K, 99% used [0x0000000080000000,0x0000000084598cf8,0x0000000084600000)
 Metaspace       used 69971K, committed 71744K, reserved 1114112K
  class space    used 8708K, committed 9472K, reserved 1048576K
}
Event: 596.987 GC heap after
{Heap after GC invocations=155 (full 3):
 PSYoungGen      total 16384K, used 995K [0x00000000d5580000, 0x00000000d6b00000, 0x0000000100000000)
  eden space 15360K, 0% used [0x00000000d5580000,0x00000000d5580000,0x00000000d6480000)
  from space 1024K, 97% used [0x00000000d6700000,0x00000000d67f8cb0,0x00000000d6800000)
  to   space 2560K, 0% used [0x00000000d6480000,0x00000000d6480000,0x00000000d6700000)
 ParOldGen       total 72192K, used 72144K [0x0000000080000000, 0x0000000084680000, 0x00000000d5580000)
  object space 72192K, 99% used [0x0000000080000000,0x0000000084674118,0x0000000084680000)
 Metaspace       used 69971K, committed 71744K, reserved 1114112K
  class space    used 8708K, committed 9472K, reserved 1048576K
}
Event: 601.515 GC heap before
{Heap before GC invocations=156 (full 3):
 PSYoungGen      total 16384K, used 16144K [0x00000000d5580000, 0x00000000d6b00000, 0x0000000100000000)
  eden space 15360K, 98% used [0x00000000d5580000,0x00000000d644b428,0x00000000d6480000)
  from space 1024K, 97% used [0x00000000d6700000,0x00000000d67f8cb0,0x00000000d6800000)
  to   space 2560K, 0% used [0x00000000d6480000,0x00000000d6480000,0x00000000d6700000)
 ParOldGen       total 72192K, used 72144K [0x0000000080000000, 0x0000000084680000, 0x00000000d5580000)
  object space 72192K, 99% used [0x0000000080000000,0x0000000084674118,0x0000000084680000)
 Metaspace       used 69979K, committed 71744K, reserved 1114112K
  class space    used 8708K, committed 9472K, reserved 1048576K
}
Event: 601.577 GC heap after
{Heap after GC invocations=156 (full 3):
 PSYoungGen      total 17408K, used 1742K [0x00000000d5580000, 0x00000000d6880000, 0x0000000100000000)
  eden space 15360K, 0% used [0x00000000d5580000,0x00000000d5580000,0x00000000d6480000)
  from space 2048K, 85% used [0x00000000d6480000,0x00000000d6633998,0x00000000d6680000)
  to   space 2048K, 0% used [0x00000000d6680000,0x00000000d6680000,0x00000000d6880000)
 ParOldGen       total 73216K, used 72884K [0x0000000080000000, 0x0000000084780000, 0x00000000d5580000)
  object space 73216K, 99% used [0x0000000080000000,0x000000008472d168,0x0000000084780000)
 Metaspace       used 69979K, committed 71744K, reserved 1114112K
  class space    used 8708K, committed 9472K, reserved 1048576K
}
Event: 608.801 GC heap before
{Heap before GC invocations=157 (full 3):
 PSYoungGen      total 17408K, used 17102K [0x00000000d5580000, 0x00000000d6880000, 0x0000000100000000)
  eden space 15360K, 99% used [0x00000000d5580000,0x00000000d647ffa8,0x00000000d6480000)
  from space 2048K, 85% used [0x00000000d6480000,0x00000000d6633998,0x00000000d6680000)
  to   space 2048K, 0% used [0x00000000d6680000,0x00000000d6680000,0x00000000d6880000)
 ParOldGen       total 73216K, used 72884K [0x0000000080000000, 0x0000000084780000, 0x00000000d5580000)
  object space 73216K, 99% used [0x0000000080000000,0x000000008472d168,0x0000000084780000)
 Metaspace       used 70227K, committed 71936K, reserved 1114112K
  class space    used 8743K, committed 9472K, reserved 1048576K
}
Event: 608.818 GC heap after
{Heap after GC invocations=157 (full 3):
 PSYoungGen      total 16896K, used 1392K [0x00000000d5580000, 0x00000000d6800000, 0x0000000100000000)
  eden space 15360K, 0% used [0x00000000d5580000,0x00000000d5580000,0x00000000d6480000)
  from space 1536K, 90% used [0x00000000d6680000,0x00000000d67dc010,0x00000000d6800000)
  to   space 1536K, 0% used [0x00000000d6500000,0x00000000d6500000,0x00000000d6680000)
 ParOldGen       total 73728K, used 73581K [0x0000000080000000, 0x0000000084800000, 0x00000000d5580000)
  object space 73728K, 99% used [0x0000000080000000,0x00000000847db580,0x0000000084800000)
 Metaspace       used 70227K, committed 71936K, reserved 1114112K
  class space    used 8743K, committed 9472K, reserved 1048576K
}
Event: 611.508 GC heap before
{Heap before GC invocations=158 (full 3):
 PSYoungGen      total 16896K, used 16752K [0x00000000d5580000, 0x00000000d6800000, 0x0000000100000000)
  eden space 15360K, 99% used [0x00000000d5580000,0x00000000d647fff8,0x00000000d6480000)
  from space 1536K, 90% used [0x00000000d6680000,0x00000000d67dc010,0x00000000d6800000)
  to   space 1536K, 0% used [0x00000000d6500000,0x00000000d6500000,0x00000000d6680000)
 ParOldGen       total 73728K, used 73581K [0x0000000080000000, 0x0000000084800000, 0x00000000d5580000)
  object space 73728K, 99% used [0x0000000080000000,0x00000000847db580,0x0000000084800000)
 Metaspace       used 70236K, committed 71936K, reserved 1114112K
  class space    used 8743K, committed 9472K, reserved 1048576K
}
Event: 611.563 GC heap after
{Heap after GC invocations=158 (full 3):
 PSYoungGen      total 15872K, used 256K [0x00000000d5580000, 0x00000000d6700000, 0x0000000100000000)
  eden space 15360K, 0% used [0x00000000d5580000,0x00000000d5580000,0x00000000d6480000)
  from space 512K, 50% used [0x00000000d6500000,0x00000000d6540000,0x00000000d6580000)
  to   space 1024K, 0% used [0x00000000d6600000,0x00000000d6600000,0x00000000d6700000)
 ParOldGen       total 75264K, used 74785K [0x0000000080000000, 0x0000000084980000, 0x00000000d5580000)
  object space 75264K, 99% used [0x0000000080000000,0x00000000849085b0,0x0000000084980000)
 Metaspace       used 70236K, committed 71936K, reserved 1114112K
  class space    used 8743K, committed 9472K, reserved 1048576K
}
Event: 615.710 GC heap before
{Heap before GC invocations=159 (full 3):
 PSYoungGen      total 15872K, used 15616K [0x00000000d5580000, 0x00000000d6700000, 0x0000000100000000)
  eden space 15360K, 100% used [0x00000000d5580000,0x00000000d6480000,0x00000000d6480000)
  from space 512K, 50% used [0x00000000d6500000,0x00000000d6540000,0x00000000d6580000)
  to   space 1024K, 0% used [0x00000000d6600000,0x00000000d6600000,0x00000000d6700000)
 ParOldGen       total 75264K, used 74785K [0x0000000080000000, 0x0000000084980000, 0x00000000d5580000)
  object space 75264K, 99% used [0x0000000080000000,0x00000000849085b0,0x0000000084980000)
 Metaspace       used 70240K, committed 71936K, reserved 1114112K
  class space    used 8743K, committed 9472K, reserved 1048576K
}
Event: 615.724 GC heap after
{Heap after GC invocations=159 (full 3):
 PSYoungGen      total 16384K, used 640K [0x00000000d5580000, 0x00000000d6700000, 0x0000000100000000)
  eden space 15360K, 0% used [0x00000000d5580000,0x00000000d5580000,0x00000000d6480000)
  from space 1024K, 62% used [0x00000000d6600000,0x00000000d66a0000,0x00000000d6700000)
  to   space 1024K, 0% used [0x00000000d6500000,0x00000000d6500000,0x00000000d6600000)
 ParOldGen       total 75264K, used 74913K [0x0000000080000000, 0x0000000084980000, 0x00000000d5580000)
  object space 75264K, 99% used [0x0000000080000000,0x00000000849285e0,0x0000000084980000)
 Metaspace       used 70240K, committed 71936K, reserved 1114112K
  class space    used 8743K, committed 9472K, reserved 1048576K
}
Event: 620.279 GC heap before
{Heap before GC invocations=160 (full 3):
 PSYoungGen      total 16384K, used 16000K [0x00000000d5580000, 0x00000000d6700000, 0x0000000100000000)
  eden space 15360K, 100% used [0x00000000d5580000,0x00000000d6480000,0x00000000d6480000)
  from space 1024K, 62% used [0x00000000d6600000,0x00000000d66a0000,0x00000000d6700000)
  to   space 1024K, 0% used [0x00000000d6500000,0x00000000d6500000,0x00000000d6600000)
 ParOldGen       total 75264K, used 74913K [0x0000000080000000, 0x0000000084980000, 0x00000000d5580000)
  object space 75264K, 99% used [0x0000000080000000,0x00000000849285e0,0x0000000084980000)
 Metaspace       used 70240K, committed 71936K, reserved 1114112K
  class space    used 8743K, committed 9472K, reserved 1048576K
}
Event: 620.291 GC heap after
{Heap after GC invocations=160 (full 3):
 PSYoungGen      total 16384K, used 768K [0x00000000d5580000, 0x00000000d6680000, 0x0000000100000000)
  eden space 15360K, 0% used [0x00000000d5580000,0x00000000d5580000,0x00000000d6480000)
  from space 1024K, 75% used [0x00000000d6500000,0x00000000d65c0000,0x00000000d6600000)
  to   space 512K, 0% used [0x00000000d6600000,0x00000000d6600000,0x00000000d6680000)
 ParOldGen       total 75264K, used 75021K [0x0000000080000000, 0x0000000084980000, 0x00000000d5580000)
  object space 75264K, 99% used [0x0000000080000000,0x00000000849435f0,0x0000000084980000)
 Metaspace       used 70240K, committed 71936K, reserved 1114112K
  class space    used 8743K, committed 9472K, reserved 1048576K
}
Event: 624.841 GC heap before
{Heap before GC invocations=161 (full 3):
 PSYoungGen      total 16384K, used 16128K [0x00000000d5580000, 0x00000000d6680000, 0x0000000100000000)
  eden space 15360K, 100% used [0x00000000d5580000,0x00000000d6480000,0x00000000d6480000)
  from space 1024K, 75% used [0x00000000d6500000,0x00000000d65c0000,0x00000000d6600000)
  to   space 512K, 0% used [0x00000000d6600000,0x00000000d6600000,0x00000000d6680000)
 ParOldGen       total 75264K, used 75021K [0x0000000080000000, 0x0000000084980000, 0x00000000d5580000)
  object space 75264K, 99% used [0x0000000080000000,0x00000000849435f0,0x0000000084980000)
 Metaspace       used 70240K, committed 71936K, reserved 1114112K
  class space    used 8743K, committed 9472K, reserved 1048576K
}
Event: 624.852 GC heap after
{Heap after GC invocations=161 (full 3):
 PSYoungGen      total 15872K, used 512K [0x00000000d5580000, 0x00000000d6680000, 0x0000000100000000)
  eden space 15360K, 0% used [0x00000000d5580000,0x00000000d5580000,0x00000000d6480000)
  from space 512K, 100% used [0x00000000d6600000,0x00000000d6680000,0x00000000d6680000)
  to   space 1024K, 0% used [0x00000000d6480000,0x00000000d6480000,0x00000000d6580000)
 ParOldGen       total 75264K, used 75248K [0x0000000080000000, 0x0000000084980000, 0x00000000d5580000)
  object space 75264K, 99% used [0x0000000080000000,0x000000008497c180,0x0000000084980000)
 Metaspace       used 70240K, committed 71936K, reserved 1114112K
  class space    used 8743K, committed 9472K, reserved 1048576K
}
Event: 630.763 GC heap before
{Heap before GC invocations=162 (full 3):
 PSYoungGen      total 15872K, used 15872K [0x00000000d5580000, 0x00000000d6680000, 0x0000000100000000)
  eden space 15360K, 100% used [0x00000000d5580000,0x00000000d6480000,0x00000000d6480000)
  from space 512K, 100% used [0x00000000d6600000,0x00000000d6680000,0x00000000d6680000)
  to   space 1024K, 0% used [0x00000000d6480000,0x00000000d6480000,0x00000000d6580000)
 ParOldGen       total 75264K, used 75248K [0x0000000080000000, 0x0000000084980000, 0x00000000d5580000)
  object space 75264K, 99% used [0x0000000080000000,0x000000008497c180,0x0000000084980000)
 Metaspace       used 70241K, committed 71936K, reserved 1114112K
  class space    used 8743K, committed 9472K, reserved 1048576K
}
Event: 630.823 GC heap after
{Heap after GC invocations=162 (full 3):
 PSYoungGen      total 16384K, used 860K [0x00000000d5580000, 0x00000000d6680000, 0x0000000100000000)
  eden space 15360K, 0% used [0x00000000d5580000,0x00000000d5580000,0x00000000d6480000)
  from space 1024K, 84% used [0x00000000d6480000,0x00000000d65572c0,0x00000000d6580000)
  to   space 1024K, 0% used [0x00000000d6580000,0x00000000d6580000,0x00000000d6680000)
 ParOldGen       total 75264K, used 75248K [0x0000000080000000, 0x0000000084980000, 0x00000000d5580000)
  object space 75264K, 99% used [0x0000000080000000,0x000000008497c180,0x0000000084980000)
 Metaspace       used 70241K, committed 71936K, reserved 1114112K
  class space    used 8743K, committed 9472K, reserved 1048576K
}
Event: 633.448 GC heap before
{Heap before GC invocations=163 (full 3):
 PSYoungGen      total 16384K, used 16220K [0x00000000d5580000, 0x00000000d6680000, 0x0000000100000000)
  eden space 15360K, 100% used [0x00000000d5580000,0x00000000d6480000,0x00000000d6480000)
  from space 1024K, 84% used [0x00000000d6480000,0x00000000d65572c0,0x00000000d6580000)
  to   space 1024K, 0% used [0x00000000d6580000,0x00000000d6580000,0x00000000d6680000)
 ParOldGen       total 75264K, used 75248K [0x0000000080000000, 0x0000000084980000, 0x00000000d5580000)
  object space 75264K, 99% used [0x0000000080000000,0x000000008497c180,0x0000000084980000)
 Metaspace       used 70286K, committed 72000K, reserved 1114112K
  class space    used 8750K, committed 9472K, reserved 1048576K
}
Event: 633.458 GC heap after
{Heap after GC invocations=163 (full 3):
 PSYoungGen      total 16384K, used 384K [0x00000000d5580000, 0x00000000d6680000, 0x0000000100000000)
  eden space 15360K, 0% used [0x00000000d5580000,0x00000000d5580000,0x00000000d6480000)
  from space 1024K, 37% used [0x00000000d6580000,0x00000000d65e0000,0x00000000d6680000)
  to   space 1024K, 0% used [0x00000000d6480000,0x00000000d6480000,0x00000000d6580000)
 ParOldGen       total 76288K, used 75805K [0x0000000080000000, 0x0000000084a80000, 0x00000000d5580000)
  object space 76288K, 99% used [0x0000000080000000,0x0000000084a07580,0x0000000084a80000)
 Metaspace       used 70286K, committed 72000K, reserved 1114112K
  class space    used 8750K, committed 9472K, reserved 1048576K
}

Dll operation events (20 events):
Event: 0.533 Attempting to load shared library C:\Users\LENOVO\.antigravity-ide\extensions\redhat.java-1.56.0-win32-x64\jre\21.0.12.1-win32-x86_64\bin\zip.dll
Event: 0.533 Loaded shared library C:\Users\LENOVO\.antigravity-ide\extensions\redhat.java-1.56.0-win32-x64\jre\21.0.12.1-win32-x86_64\bin\zip.dll
Event: 0.573 Attempting to load shared library C:\Users\LENOVO\.antigravity-ide\extensions\redhat.java-1.56.0-win32-x64\jre\21.0.12.1-win32-x86_64\bin\jimage.dll
Event: 0.573 Loaded shared library C:\Users\LENOVO\.antigravity-ide\extensions\redhat.java-1.56.0-win32-x64\jre\21.0.12.1-win32-x86_64\bin\jimage.dll
Event: 0.715 Attempting to load shared library c:\Users\LENOVO\.antigravity-ide\extensions\redhat.java-1.56.0-win32-x64\jre\21.0.12.1-win32-x86_64\bin\verify.dll
Event: 0.719 Loaded shared library c:\Users\LENOVO\.antigravity-ide\extensions\redhat.java-1.56.0-win32-x64\jre\21.0.12.1-win32-x86_64\bin\verify.dll
Event: 4.430 Attempting to load shared library C:\Users\LENOVO\AppData\Roaming\Antigravity IDE\User\globalStorage\redhat.java\1.56.0\config_win\org.eclipse.equinox.launcher\org.eclipse.equinox.launcher.win32.win32.x86_64_1.3.100.v20260804-1928\eclipse_11924.dll
Event: 4.434 Loaded shared library C:\Users\LENOVO\AppData\Roaming\Antigravity IDE\User\globalStorage\redhat.java\1.56.0\config_win\org.eclipse.equinox.launcher\org.eclipse.equinox.launcher.win32.win32.x86_64_1.3.100.v20260804-1928\eclipse_11924.dll
Event: 18.133 Attempting to load shared library C:\Users\LENOVO\AppData\Local\Temp\jna--2053026509\jna6076129395900459634.dll
Event: 18.343 Loaded shared library C:\Users\LENOVO\AppData\Local\Temp\jna--2053026509\jna6076129395900459634.dll
Event: 26.664 Attempting to load shared library C:\Users\LENOVO\.gradle\native\1def1411415f61bf3af743bc5b6707747c0891f09f0c88961ee8f79bc544acac\windows-amd64\native-platform.dll
Event: 26.666 Loaded shared library C:\Users\LENOVO\.gradle\native\1def1411415f61bf3af743bc5b6707747c0891f09f0c88961ee8f79bc544acac\windows-amd64\native-platform.dll
Event: 32.224 Attempting to load shared library C:\Users\LENOVO\.antigravity-ide\extensions\redhat.java-1.56.0-win32-x64\jre\21.0.12.1-win32-x86_64\bin\management.dll
Event: 32.395 Loaded shared library C:\Users\LENOVO\.antigravity-ide\extensions\redhat.java-1.56.0-win32-x64\jre\21.0.12.1-win32-x86_64\bin\management.dll
Event: 32.406 Attempting to load shared library C:\Users\LENOVO\.antigravity-ide\extensions\redhat.java-1.56.0-win32-x64\jre\21.0.12.1-win32-x86_64\bin\management_ext.dll
Event: 32.478 Loaded shared library C:\Users\LENOVO\.antigravity-ide\extensions\redhat.java-1.56.0-win32-x64\jre\21.0.12.1-win32-x86_64\bin\management_ext.dll
Event: 44.594 Attempting to load shared library C:\Users\LENOVO\.antigravity-ide\extensions\redhat.java-1.56.0-win32-x64\jre\21.0.12.1-win32-x86_64\bin\extnet.dll
Event: 44.595 Loaded shared library C:\Users\LENOVO\.antigravity-ide\extensions\redhat.java-1.56.0-win32-x64\jre\21.0.12.1-win32-x86_64\bin\extnet.dll
Event: 52.065 Attempting to load shared library C:\Users\LENOVO\.antigravity-ide\extensions\redhat.java-1.56.0-win32-x64\jre\21.0.12.1-win32-x86_64\bin\sunmscapi.dll
Event: 52.075 Loaded shared library C:\Users\LENOVO\.antigravity-ide\extensions\redhat.java-1.56.0-win32-x64\jre\21.0.12.1-win32-x86_64\bin\sunmscapi.dll

Deoptimization events (20 events):
Event: 563.090 Thread 0x000002896dca3590 DEOPT PACKING pc=0x0000028958c66864 sp=0x000000ccf5dff140
Event: 563.115 Thread 0x000002896dca3590 DEOPT UNPACKING pc=0x0000028957e23aa2 sp=0x000000ccf5dfef68 mode 2
Event: 563.115 Thread 0x000002896ff1b120 DEOPT UNPACKING pc=0x0000028957e23aa2 sp=0x000000ccf54fecf0 mode 2
Event: 563.115 Thread 0x0000028971dbe380 DEOPT UNPACKING pc=0x0000028957e23aa2 sp=0x000000ccf68fee78 mode 2
Event: 563.115 Thread 0x0000028971dbe380 Uncommon trap: trap_request=0xffffffd6 fr.pc=0x0000028958c68e9c relative=0x000000000000055c
Event: 563.115 Thread 0x0000028971dbe380 Uncommon trap: reason=array_check action=maybe_recompile pc=0x0000028958c68e9c method=java.util.concurrent.ScheduledThreadPoolExecutor$DelayedWorkQueue.offer(Ljava/lang/Runnable;)Z @ 65 c2
Event: 563.115 Thread 0x0000028971dbe380 DEOPT PACKING pc=0x0000028958c68e9c sp=0x000000ccf68ff000
Event: 563.115 Thread 0x0000028971dbe380 DEOPT UNPACKING pc=0x0000028957e23aa2 sp=0x000000ccf68fee68 mode 2
Event: 579.988 Thread 0x0000028971dbd660 DEOPT PACKING pc=0x0000028951de10c2 sp=0x000000ccf5fff6f0
Event: 579.988 Thread 0x0000028971dbd660 DEOPT UNPACKING pc=0x0000028957e24242 sp=0x000000ccf5ffebc8 mode 0
Event: 597.104 Thread 0x000002896ff196e0 Uncommon trap: trap_request=0xffffffbe fr.pc=0x0000028958c561a4 relative=0x0000000000005d64
Event: 597.104 Thread 0x000002896ff196e0 Uncommon trap: reason=profile_predicate action=maybe_recompile pc=0x0000028958c561a4 method=java.lang.Throwable.printEnclosedStackTrace(Ljava/lang/Throwable$PrintStreamOrWriter;[Ljava/lang/StackTraceElement;Ljava/lang/String;Ljava/lang/String;Ljava/util/S
Event: 597.105 Thread 0x000002896ff196e0 DEOPT PACKING pc=0x0000028958c561a4 sp=0x000000ccf59fe570
Event: 597.108 Thread 0x000002896ff196e0 DEOPT UNPACKING pc=0x0000028957e23aa2 sp=0x000000ccf59fe550 mode 2
Event: 597.111 Thread 0x000002896ff196e0 Uncommon trap: trap_request=0xffffffbe fr.pc=0x0000028958c561a4 relative=0x0000000000005d64
Event: 597.112 Thread 0x000002896ff196e0 Uncommon trap: reason=profile_predicate action=maybe_recompile pc=0x0000028958c561a4 method=java.lang.Throwable.printEnclosedStackTrace(Ljava/lang/Throwable$PrintStreamOrWriter;[Ljava/lang/StackTraceElement;Ljava/lang/String;Ljava/lang/String;Ljava/util/S
Event: 597.112 Thread 0x000002896ff196e0 DEOPT PACKING pc=0x0000028958c561a4 sp=0x000000ccf59fe4a0
Event: 597.112 Thread 0x000002896ff196e0 DEOPT UNPACKING pc=0x0000028957e23aa2 sp=0x000000ccf59fe480 mode 2
Event: 606.102 Thread 0x000002896dca6a10 DEOPT PACKING pc=0x0000028951ca88ab sp=0x000000ccf39ff1f0
Event: 606.102 Thread 0x000002896dca6a10 DEOPT UNPACKING pc=0x0000028957e24242 sp=0x000000ccf39fe6d8 mode 0

Classes loaded (20 events):
Event: 63.815 Loading class java/util/Collections$SynchronizedList done
Event: 63.815 Loading class java/util/Collections$SynchronizedRandomAccessList done
Event: 63.918 Loading class java/util/concurrent/CompletableFuture$Signaller
Event: 63.919 Loading class java/util/concurrent/CompletableFuture$Signaller done
Event: 325.246 Loading class sun/reflect/generics/tree/IntSignature
Event: 325.262 Loading class sun/reflect/generics/tree/IntSignature done
Event: 406.620 Loading class java/util/concurrent/ForkJoinTask$AdaptedCallable
Event: 406.767 Loading class java/util/concurrent/ForkJoinTask$AdaptedCallable done
Event: 407.170 Loading class java/util/stream/Nodes$CollectorTask$OfRef
Event: 407.408 Loading class java/util/stream/Nodes$CollectorTask
Event: 407.582 Loading class java/util/stream/Nodes$CollectorTask done
Event: 407.582 Loading class java/util/stream/Nodes$CollectorTask$OfRef done
Event: 407.675 Loading class java/util/function/LongFunction
Event: 407.686 Loading class java/util/function/LongFunction done
Event: 407.785 Loading class java/util/stream/Nodes$ConcNode
Event: 407.837 Loading class java/util/stream/Nodes$AbstractConcNode
Event: 407.902 Loading class java/util/stream/Nodes$AbstractConcNode done
Event: 407.903 Loading class java/util/stream/Nodes$ConcNode done
Event: 491.310 Loading class java/io/SequenceInputStream
Event: 491.316 Loading class java/io/SequenceInputStream done

Classes unloaded (16 events):
Event: 20.994 Thread 0x000002894c07ebf0 Unloading class 0x00000289011a8c00 'java/lang/invoke/LambdaForm$MH+0x00000289011a8c00'
Event: 20.994 Thread 0x000002894c07ebf0 Unloading class 0x00000289011a8800 'java/lang/invoke/LambdaForm$MH+0x00000289011a8800'
Event: 20.994 Thread 0x000002894c07ebf0 Unloading class 0x00000289011a8400 'java/lang/invoke/LambdaForm$MH+0x00000289011a8400'
Event: 20.994 Thread 0x000002894c07ebf0 Unloading class 0x00000289011a8000 'java/lang/invoke/LambdaForm$MH+0x00000289011a8000'
Event: 20.994 Thread 0x000002894c07ebf0 Unloading class 0x00000289011a7c00 'java/lang/invoke/LambdaForm$BMH+0x00000289011a7c00'
Event: 20.994 Thread 0x000002894c07ebf0 Unloading class 0x00000289011a7800 'java/lang/invoke/LambdaForm$DMH+0x00000289011a7800'
Event: 20.994 Thread 0x000002894c07ebf0 Unloading class 0x00000289011a6400 'java/lang/invoke/LambdaForm$DMH+0x00000289011a6400'
Event: 24.725 Thread 0x000002894c07ebf0 Unloading class 0x00000289012f0c00 'java/lang/invoke/LambdaForm$MH+0x00000289012f0c00'
Event: 24.725 Thread 0x000002894c07ebf0 Unloading class 0x00000289012ef400 'java/lang/invoke/LambdaForm$DMH+0x00000289012ef400'
Event: 24.725 Thread 0x000002894c07ebf0 Unloading class 0x00000289012ef000 'java/lang/invoke/LambdaForm$MH+0x00000289012ef000'
Event: 24.725 Thread 0x000002894c07ebf0 Unloading class 0x00000289012eb800 'java/lang/invoke/LambdaForm$MH+0x00000289012eb800'
Event: 24.725 Thread 0x000002894c07ebf0 Unloading class 0x00000289012eac00 'java/lang/invoke/LambdaForm$MH+0x00000289012eac00'
Event: 24.725 Thread 0x000002894c07ebf0 Unloading class 0x00000289012ea400 'java/lang/invoke/LambdaForm$MH+0x00000289012ea400'
Event: 24.725 Thread 0x000002894c07ebf0 Unloading class 0x00000289012e9400 'java/lang/invoke/LambdaForm$MH+0x00000289012e9400'
Event: 24.725 Thread 0x000002894c07ebf0 Unloading class 0x00000289012e8c00 'java/lang/invoke/LambdaForm$MH+0x00000289012e8c00'
Event: 24.725 Thread 0x000002894c07ebf0 Unloading class 0x00000289012e8800 'java/lang/invoke/LambdaForm$MH+0x00000289012e8800'

Classes redefined (0 events):
No events

Internal exceptions (20 events):
Event: 611.021 Thread 0x000002896c4254e0 Exception <a 'sun/nio/fs/WindowsException'{0x00000000d62a0118}> (0x00000000d62a0118) 
thrown [s\src\hotspot\share\prims\jni.cpp, line 520]
Event: 611.023 Thread 0x000002896c4254e0 Exception <a 'sun/nio/fs/WindowsException'{0x00000000d62a4198}> (0x00000000d62a4198) 
thrown [s\src\hotspot\share\prims\jni.cpp, line 520]
Event: 611.024 Thread 0x000002896c4254e0 Exception <a 'sun/nio/fs/WindowsException'{0x00000000d62a7280}> (0x00000000d62a7280) 
thrown [s\src\hotspot\share\prims\jni.cpp, line 520]
Event: 611.025 Thread 0x000002896c4254e0 Exception <a 'sun/nio/fs/WindowsException'{0x00000000d62ab380}> (0x00000000d62ab380) 
thrown [s\src\hotspot\share\prims\jni.cpp, line 520]
Event: 611.027 Thread 0x000002896c4254e0 Exception <a 'sun/nio/fs/WindowsException'{0x00000000d62aeed0}> (0x00000000d62aeed0) 
thrown [s\src\hotspot\share\prims\jni.cpp, line 520]
Event: 611.028 Thread 0x000002896c4254e0 Exception <a 'sun/nio/fs/WindowsException'{0x00000000d62b2f38}> (0x00000000d62b2f38) 
thrown [s\src\hotspot\share\prims\jni.cpp, line 520]
Event: 611.223 Thread 0x000002896c4254e0 Exception <a 'sun/nio/fs/WindowsException'{0x00000000d62ed988}> (0x00000000d62ed988) 
thrown [s\src\hotspot\share\prims\jni.cpp, line 520]
Event: 611.223 Thread 0x000002896c4254e0 Exception <a 'sun/nio/fs/WindowsException'{0x00000000d62f1280}> (0x00000000d62f1280) 
thrown [s\src\hotspot\share\prims\jni.cpp, line 520]
Event: 611.224 Thread 0x000002896c4254e0 Exception <a 'sun/nio/fs/WindowsException'{0x00000000d62f49f0}> (0x00000000d62f49f0) 
thrown [s\src\hotspot\share\prims\jni.cpp, line 520]
Event: 611.240 Thread 0x000002896c4254e0 Exception <a 'sun/nio/fs/WindowsException'{0x00000000d62fc5b0}> (0x00000000d62fc5b0) 
thrown [s\src\hotspot\share\prims\jni.cpp, line 520]
Event: 611.242 Thread 0x000002896c4254e0 Exception <a 'sun/nio/fs/WindowsException'{0x00000000d63001a0}> (0x00000000d63001a0) 
thrown [s\src\hotspot\share\prims\jni.cpp, line 520]
Event: 611.244 Thread 0x000002896c4254e0 Exception <a 'sun/nio/fs/WindowsException'{0x00000000d6303268}> (0x00000000d6303268) 
thrown [s\src\hotspot\share\prims\jni.cpp, line 520]
Event: 611.248 Thread 0x000002896c4254e0 Exception <a 'sun/nio/fs/WindowsException'{0x00000000d63077e0}> (0x00000000d63077e0) 
thrown [s\src\hotspot\share\prims\jni.cpp, line 520]
Event: 611.253 Thread 0x000002896c4254e0 Exception <a 'sun/nio/fs/WindowsException'{0x00000000d630d2c8}> (0x00000000d630d2c8) 
thrown [s\src\hotspot\share\prims\jni.cpp, line 520]
Event: 632.736 Thread 0x000002896d258ff0 Exception <a 'java/lang/NoSuchMethodError'{0x00000000d615a850}: static Lorg/gradle/plugins/ide/internal/tooling/model/DefaultGradleProject;.<clinit>()V> (0x00000000d615a850) 
thrown [s\src\hotspot\share\prims\jni.cpp, line 1111]
Event: 632.802 Thread 0x000002896d258ff0 Exception <a 'java/lang/NoSuchMethodError'{0x00000000d6275210}: static Lorg/gradle/plugins/ide/internal/tooling/model/DefaultGradleScript;.<clinit>()V> (0x00000000d6275210) 
thrown [s\src\hotspot\share\prims\jni.cpp, line 1111]
Event: 633.902 Thread 0x000002896d258ff0 Exception <a 'java/lang/NoSuchMethodError'{0x00000000d57ed658}: static Lorg/gradle/tooling/internal/gradle/DefaultProjectIdentifier;.<clinit>()V> (0x00000000d57ed658) 
thrown [s\src\hotspot\share\prims\jni.cpp, line 1111]
Event: 633.932 Thread 0x000002896d258ff0 Exception <a 'java/lang/NoSuchMethodError'{0x00000000d57fc508}: static Lorg/gradle/tooling/internal/gradle/DefaultBuildIdentifier;.<clinit>()V> (0x00000000d57fc508) 
thrown [s\src\hotspot\share\prims\jni.cpp, line 1111]
Event: 634.061 Thread 0x000002896d258ff0 Exception <a 'java/lang/NoSuchMethodError'{0x00000000d587d060}: static Lorg/gradle/plugins/ide/internal/tooling/model/LaunchableGradleTask;.<clinit>()V> (0x00000000d587d060) 
thrown [s\src\hotspot\share\prims\jni.cpp, line 1111]
Event: 634.061 Thread 0x000002896d258ff0 Exception <a 'java/lang/NoSuchMethodError'{0x00000000d5882d00}: static Lorg/gradle/plugins/ide/internal/tooling/model/LaunchableGradleProjectTask;.<clinit>()V> (0x00000000d5882d00) 
thrown [s\src\hotspot\share\prims\jni.cpp, line 1111]

ZGC Phase Switch (0 events):
No events

VM Operations (20 events):
Event: 610.819 Executing safepoint VM operation: Cleanup
Event: 610.820 Executing safepoint VM operation: Cleanup done
Event: 611.496 Executing safepoint VM operation: ParallelGCFailedAllocation (Allocation Failure)
Event: 611.563 Executing safepoint VM operation: ParallelGCFailedAllocation (Allocation Failure) done
Event: 613.563 Executing safepoint VM operation: Cleanup
Event: 613.564 Executing safepoint VM operation: Cleanup done
Event: 615.710 Executing safepoint VM operation: ParallelGCFailedAllocation (Allocation Failure)
Event: 615.724 Executing safepoint VM operation: ParallelGCFailedAllocation (Allocation Failure) done
Event: 620.279 Executing safepoint VM operation: ParallelGCFailedAllocation (Allocation Failure)
Event: 620.291 Executing safepoint VM operation: ParallelGCFailedAllocation (Allocation Failure) done
Event: 624.840 Executing safepoint VM operation: ParallelGCFailedAllocation (Allocation Failure)
Event: 624.852 Executing safepoint VM operation: ParallelGCFailedAllocation (Allocation Failure) done
Event: 630.763 Executing safepoint VM operation: ParallelGCFailedAllocation (Allocation Failure)
Event: 630.824 Executing safepoint VM operation: ParallelGCFailedAllocation (Allocation Failure) done
Event: 633.392 Executing safepoint VM operation: ParallelGCFailedAllocation (Allocation Failure)
Event: 633.458 Executing safepoint VM operation: ParallelGCFailedAllocation (Allocation Failure) done
Event: 634.459 Executing safepoint VM operation: Cleanup
Event: 634.516 Executing safepoint VM operation: Cleanup done
Event: 635.516 Executing safepoint VM operation: Cleanup
Event: 635.752 Executing safepoint VM operation: Cleanup done

Memory protections (0 events):
No events

Nmethod flushes (20 events):
Event: 41.259 Thread 0x000002894c07ebf0 flushing  nmethod 0x0000028951183410
Event: 41.259 Thread 0x000002894c07ebf0 flushing  nmethod 0x0000028951184910
Event: 41.259 Thread 0x000002894c07ebf0 flushing  nmethod 0x00000289511a3190
Event: 41.259 Thread 0x000002894c07ebf0 flushing  nmethod 0x00000289511a8290
Event: 41.259 Thread 0x000002894c07ebf0 flushing  nmethod 0x00000289511a9f90
Event: 41.259 Thread 0x000002894c07ebf0 flushing  nmethod 0x00000289511aec10
Event: 41.259 Thread 0x000002894c07ebf0 flushing  nmethod 0x00000289511b9990
Event: 41.259 Thread 0x000002894c07ebf0 flushing  nmethod 0x00000289511bfc90
Event: 41.260 Thread 0x000002894c07ebf0 flushing  nmethod 0x00000289511d9890
Event: 41.260 Thread 0x000002894c07ebf0 flushing  nmethod 0x00000289511dd090
Event: 41.260 Thread 0x000002894c07ebf0 flushing  nmethod 0x00000289511f0510
Event: 41.260 Thread 0x000002894c07ebf0 flushing  nmethod 0x00000289511f3a10
Event: 41.260 Thread 0x000002894c07ebf0 flushing  nmethod 0x00000289511fd290
Event: 41.260 Thread 0x000002894c07ebf0 flushing  nmethod 0x0000028951230c90
Event: 41.260 Thread 0x000002894c07ebf0 flushing  nmethod 0x000002895123f090
Event: 41.260 Thread 0x000002894c07ebf0 flushing  nmethod 0x0000028951240990
Event: 41.260 Thread 0x000002894c07ebf0 flushing  nmethod 0x0000028951240f90
Event: 41.260 Thread 0x000002894c07ebf0 flushing  nmethod 0x0000028951241810
Event: 41.260 Thread 0x000002894c07ebf0 flushing  nmethod 0x0000028951241f10
Event: 41.260 Thread 0x000002894c07ebf0 flushing  nmethod 0x0000028951246810

Events (20 events):
Event: 609.939 Thread 0x000002896b45ced0 Thread added: 0x000002896d2ad4b0
Event: 610.129 Thread 0x000002896d2ad4b0 Thread added: 0x000002897049ce30
Event: 610.134 Thread 0x000002896d2ad4b0 Thread added: 0x000002896fd8b920
Event: 610.213 Thread 0x000002897049ce30 Thread exited: 0x000002897049ce30
Event: 611.300 Thread 0x000002896c4254e0 Thread added: 0x000002897049ce30
Event: 611.308 Thread 0x000002896c4254e0 Thread added: 0x0000028971dbb590
Event: 611.446 Thread 0x0000028971dbb590 Thread exited: 0x0000028971dbb590
Event: 611.461 Thread 0x000002896c4254e0 Thread added: 0x0000028971dbb590
Event: 612.601 Thread 0x0000028971dbdcf0 Thread exited: 0x0000028971dbdcf0
Event: 612.619 Thread 0x0000028971dbf730 Thread exited: 0x0000028971dbf730
Event: 632.966 Thread 0x000002896ff196e0 Thread added: 0x0000028971dbdcf0
Event: 633.082 Thread 0x000002896c4254e0 Thread added: 0x0000028971dbf730
Event: 633.095 Thread 0x000002896c4254e0 Thread added: 0x000002896e497a80
Event: 633.350 Thread 0x000002896e497a80 Thread exited: 0x000002896e497a80
Event: 633.357 Thread 0x000002896c4254e0 Thread added: 0x000002896e497a80
Event: 633.360 Thread 0x000002896c4254e0 Thread added: 0x00000289754e6090
Event: 633.962 Thread 0x00000289754e6090 Thread added: 0x00000289754e8160
Event: 634.379 Thread 0x000002896d258ff0 Thread exited: 0x000002896d258ff0
Event: 635.227 Thread 0x000002896dca4fd0 Thread added: 0x00000289754e6720
Event: 635.401 Thread 0x00000289754e6720 Thread added: 0x00000289754e6db0


Dynamic libraries:
0x00007ff67f770000 - 0x00007ff67f77e000 	c:\Users\LENOVO\.antigravity-ide\extensions\redhat.java-1.56.0-win32-x64\jre\21.0.12.1-win32-x86_64\bin\java.exe
0x00007ffba7f40000 - 0x00007ffba81a7000 	C:\WINDOWS\SYSTEM32\ntdll.dll
0x00007ffba6070000 - 0x00007ffba613b000 	C:\WINDOWS\System32\KERNEL32.DLL
0x00007ffba5490000 - 0x00007ffba5892000 	C:\WINDOWS\System32\KERNELBASE.dll
0x00007ffba5140000 - 0x00007ffba528c000 	C:\WINDOWS\System32\ucrtbase.dll
0x00007ffb5f0d0000 - 0x00007ffb5f0e8000 	c:\Users\LENOVO\.antigravity-ide\extensions\redhat.java-1.56.0-win32-x64\jre\21.0.12.1-win32-x86_64\bin\jli.dll
0x00007ffb5edd0000 - 0x00007ffb5edee000 	c:\Users\LENOVO\.antigravity-ide\extensions\redhat.java-1.56.0-win32-x64\jre\21.0.12.1-win32-x86_64\bin\VCRUNTIME140.dll
0x00007ffba5e00000 - 0x00007ffba5fcf000 	C:\WINDOWS\System32\USER32.dll
0x00007ffba59e0000 - 0x00007ffba5a07000 	C:\WINDOWS\System32\win32u.dll
0x00007ffba5d80000 - 0x00007ffba5dab000 	C:\WINDOWS\System32\GDI32.dll
0x00007ffb8ec40000 - 0x00007ffb8eed0000 	C:\WINDOWS\WinSxS\amd64_microsoft.windows.common-controls_6595b64144ccf1df_6.0.26100.9278_none_3e0d1ba8e3303201\COMCTL32.dll
0x00007ffba6840000 - 0x00007ffba68e9000 	C:\WINDOWS\System32\msvcrt.dll
0x00007ffba52a0000 - 0x00007ffba53c9000 	C:\WINDOWS\System32\gdi32full.dll
0x00007ffba5930000 - 0x00007ffba59d3000 	C:\WINDOWS\System32\msvcp_win.dll
0x00007ffba5dc0000 - 0x00007ffba5df1000 	C:\WINDOWS\System32\IMM32.DLL
0x00007ffb5f430000 - 0x00007ffb5f43c000 	c:\Users\LENOVO\.antigravity-ide\extensions\redhat.java-1.56.0-win32-x64\jre\21.0.12.1-win32-x86_64\bin\vcruntime140_1.dll
0x00007ffb53490000 - 0x00007ffb5351d000 	c:\Users\LENOVO\.antigravity-ide\extensions\redhat.java-1.56.0-win32-x64\jre\21.0.12.1-win32-x86_64\bin\msvcp140.dll
0x00007ffaf7420000 - 0x00007ffaf81c2000 	c:\Users\LENOVO\.antigravity-ide\extensions\redhat.java-1.56.0-win32-x64\jre\21.0.12.1-win32-x86_64\bin\server\jvm.dll
0x00007ffba66f0000 - 0x00007ffba67ac000 	C:\WINDOWS\System32\ADVAPI32.dll
0x00007ffba7e30000 - 0x00007ffba7ed9000 	C:\WINDOWS\System32\sechost.dll
0x00007ffba5c60000 - 0x00007ffba5d78000 	C:\WINDOWS\System32\RPCRT4.dll
0x00007ffba7090000 - 0x00007ffba7110000 	C:\WINDOWS\System32\WS2_32.dll
0x00007ffba4f90000 - 0x00007ffba4fee000 	C:\WINDOWS\SYSTEM32\POWRPROF.dll
0x00007ffb93ff0000 - 0x00007ffb93ffb000 	C:\WINDOWS\SYSTEM32\VERSION.dll
0x00007ffb983b0000 - 0x00007ffb983e6000 	C:\WINDOWS\SYSTEM32\WINMM.dll
0x00007ffba4f70000 - 0x00007ffba4f85000 	C:\WINDOWS\SYSTEM32\UMPDC.dll
0x00007ffba3dd0000 - 0x00007ffba3deb000 	C:\WINDOWS\SYSTEM32\kernel.appcore.dll
0x00007ffb5f420000 - 0x00007ffb5f42a000 	c:\Users\LENOVO\.antigravity-ide\extensions\redhat.java-1.56.0-win32-x64\jre\21.0.12.1-win32-x86_64\bin\jimage.dll
0x00007ffba2480000 - 0x00007ffba26cc000 	C:\WINDOWS\SYSTEM32\DBGHELP.DLL
0x00007ffba7950000 - 0x00007ffba7cd5000 	C:\WINDOWS\System32\combase.dll
0x00007ffba62c0000 - 0x00007ffba6399000 	C:\WINDOWS\System32\OLEAUT32.dll
0x00007ffb8c4f0000 - 0x00007ffb8c52b000 	C:\WINDOWS\SYSTEM32\dbgcore.DLL
0x00007ffba5a10000 - 0x00007ffba5abc000 	C:\WINDOWS\System32\bcryptPrimitives.dll
0x00007ffb89e90000 - 0x00007ffb89e9f000 	c:\Users\LENOVO\.antigravity-ide\extensions\redhat.java-1.56.0-win32-x64\jre\21.0.12.1-win32-x86_64\bin\instrument.dll
0x00007ffb5e8f0000 - 0x00007ffb5e910000 	c:\Users\LENOVO\.antigravity-ide\extensions\redhat.java-1.56.0-win32-x64\jre\21.0.12.1-win32-x86_64\bin\java.dll
0x00007ffba68f0000 - 0x00007ffba7088000 	C:\WINDOWS\System32\SHELL32.dll
0x00007ffba2b60000 - 0x00007ffba340e000 	C:\WINDOWS\SYSTEM32\windows.storage.dll
0x00007ffba7d30000 - 0x00007ffba7e2b000 	C:\WINDOWS\System32\SHCORE.dll
0x00007ffba67d0000 - 0x00007ffba6836000 	C:\WINDOWS\System32\shlwapi.dll
0x00007ffba5060000 - 0x00007ffba5089000 	C:\WINDOWS\SYSTEM32\profapi.dll
0x00007ffb5e8d0000 - 0x00007ffb5e8e8000 	c:\Users\LENOVO\.antigravity-ide\extensions\redhat.java-1.56.0-win32-x64\jre\21.0.12.1-win32-x86_64\bin\zip.dll
0x00007ffb5f370000 - 0x00007ffb5f380000 	C:\Users\LENOVO\.antigravity-ide\extensions\redhat.java-1.56.0-win32-x64\jre\21.0.12.1-win32-x86_64\bin\net.dll
0x00007ffb9d7d0000 - 0x00007ffb9d8fa000 	C:\WINDOWS\SYSTEM32\WINHTTP.dll
0x00007ffba4370000 - 0x00007ffba43dc000 	C:\WINDOWS\system32\mswsock.dll
0x00007ffb5e8b0000 - 0x00007ffb5e8c6000 	C:\Users\LENOVO\.antigravity-ide\extensions\redhat.java-1.56.0-win32-x64\jre\21.0.12.1-win32-x86_64\bin\nio.dll
0x00007ffb5eac0000 - 0x00007ffb5ead0000 	c:\Users\LENOVO\.antigravity-ide\extensions\redhat.java-1.56.0-win32-x64\jre\21.0.12.1-win32-x86_64\bin\verify.dll
0x00007ffb5d300000 - 0x00007ffb5d345000 	C:\Users\LENOVO\AppData\Roaming\Antigravity IDE\User\globalStorage\redhat.java\1.56.0\config_win\org.eclipse.equinox.launcher\org.eclipse.equinox.launcher.win32.win32.x86_64_1.3.100.v20260804-1928\eclipse_11924.dll
0x00007ffba6550000 - 0x00007ffba66ea000 	C:\WINDOWS\System32\ole32.dll
0x00007ffba4790000 - 0x00007ffba47ab000 	C:\WINDOWS\SYSTEM32\CRYPTSP.dll
0x00007ffba3d30000 - 0x00007ffba3d69000 	C:\WINDOWS\system32\rsaenh.dll
0x00007ffba4420000 - 0x00007ffba4454000 	C:\WINDOWS\SYSTEM32\USERENV.dll
0x00007ffba5030000 - 0x00007ffba505a000 	C:\WINDOWS\SYSTEM32\bcrypt.dll
0x00007ffba45d0000 - 0x00007ffba45dc000 	C:\WINDOWS\SYSTEM32\CRYPTBASE.dll
0x00007ffba3780000 - 0x00007ffba37b3000 	C:\WINDOWS\SYSTEM32\IPHLPAPI.DLL
0x00007ffba7120000 - 0x00007ffba712a000 	C:\WINDOWS\System32\NSI.dll
0x00007ffb53280000 - 0x00007ffb532c9000 	C:\Users\LENOVO\AppData\Local\Temp\jna--2053026509\jna6076129395900459634.dll
0x00007ffba5db0000 - 0x00007ffba5db8000 	C:\WINDOWS\System32\PSAPI.DLL
0x00007ffb9e5e0000 - 0x00007ffb9e5fd000 	C:\WINDOWS\SYSTEM32\dhcpcsvc6.DLL
0x00007ffb9e5b0000 - 0x00007ffb9e5d5000 	C:\WINDOWS\SYSTEM32\dhcpcsvc.DLL
0x00007ffb5f380000 - 0x00007ffb5f3a7000 	C:\Users\LENOVO\.gradle\native\1def1411415f61bf3af743bc5b6707747c0891f09f0c88961ee8f79bc544acac\windows-amd64\native-platform.dll
0x00007ffb5eb10000 - 0x00007ffb5eb1a000 	C:\Users\LENOVO\.antigravity-ide\extensions\redhat.java-1.56.0-win32-x64\jre\21.0.12.1-win32-x86_64\bin\management.dll
0x00007ffb5eb00000 - 0x00007ffb5eb0c000 	C:\Users\LENOVO\.antigravity-ide\extensions\redhat.java-1.56.0-win32-x64\jre\21.0.12.1-win32-x86_64\bin\management_ext.dll
0x00007ffb5e780000 - 0x00007ffb5e789000 	C:\Users\LENOVO\.antigravity-ide\extensions\redhat.java-1.56.0-win32-x64\jre\21.0.12.1-win32-x86_64\bin\extnet.dll
0x00007ffb5e790000 - 0x00007ffb5e79e000 	C:\Users\LENOVO\.antigravity-ide\extensions\redhat.java-1.56.0-win32-x64\jre\21.0.12.1-win32-x86_64\bin\sunmscapi.dll
0x00007ffba5ad0000 - 0x00007ffba5c4e000 	C:\WINDOWS\System32\CRYPT32.dll
0x00007ffba4900000 - 0x00007ffba4930000 	C:\WINDOWS\SYSTEM32\ncrypt.dll
0x00007ffba48b0000 - 0x00007ffba48ef000 	C:\WINDOWS\SYSTEM32\NTASN1.dll
0x00007ffb987d0000 - 0x00007ffb987d8000 	C:\WINDOWS\system32\wshunix.dll

JVMTI agents:
c:\Users\LENOVO\.antigravity-ide\extensions\redhat.java-1.56.0-win32-x64\lombok\lombok-1.18.39-4050.jar path:c:\Users\LENOVO\.antigravity-ide\extensions\redhat.java-1.56.0-win32-x64\jre\21.0.12.1-win32-x86_64\bin\instrument.dll, loaded, initialized, instrumentlib options:none

dbghelp: loaded successfully - version: 4.0.5 - missing functions: none
symbol engine: initialized successfully - sym options: 0x614 - pdb path: .;c:\Users\LENOVO\.antigravity-ide\extensions\redhat.java-1.56.0-win32-x64\jre\21.0.12.1-win32-x86_64\bin;C:\WINDOWS\SYSTEM32;C:\WINDOWS\WinSxS\amd64_microsoft.windows.common-controls_6595b64144ccf1df_6.0.26100.9278_none_3e0d1ba8e3303201;c:\Users\LENOVO\.antigravity-ide\extensions\redhat.java-1.56.0-win32-x64\jre\21.0.12.1-win32-x86_64\bin\server;C:\Users\LENOVO\AppData\Roaming\Antigravity IDE\User\globalStorage\redhat.java\1.56.0\config_win\org.eclipse.equinox.launcher\org.eclipse.equinox.launcher.win32.win32.x86_64_1.3.100.v20260804-1928;C:\Users\LENOVO\AppData\Local\Temp\jna--2053026509;C:\Users\LENOVO\.gradle\native\1def1411415f61bf3af743bc5b6707747c0891f09f0c88961ee8f79bc544acac\windows-amd64

VM Arguments:
jvm_args: --add-modules=ALL-SYSTEM --add-opens=java.base/java.util=ALL-UNNAMED --add-opens=java.base/java.lang=ALL-UNNAMED --add-opens=java.base/sun.nio.fs=ALL-UNNAMED -Declipse.application=org.eclipse.jdt.ls.core.id1 -Dosgi.bundles.defaultStartLevel=4 -Declipse.product=org.eclipse.jdt.ls.core.product -Djava.import.generatesMetadataFilesAtProjectRoot=false -Dm2e.project.cache.size=50 -DDetectVMInstallationsJob.disabled=true -Dfile.encoding=utf8 -XX:+UseParallelGC -XX:GCTimeRatio=4 -XX:AdaptiveSizePolicyWeight=90 -Dsun.zip.disableMemoryMapping=true -Xmx2G -Xms100m -Xlog:disable -javaagent:c:\Users\LENOVO\.antigravity-ide\extensions\redhat.java-1.56.0-win32-x64\lombok\lombok-1.18.39-4050.jar -XX:+HeapDumpOnOutOfMemoryError -XX:HeapDumpPath=c:\Users\LENOVO\AppData\Roaming\Antigravity IDE\User\workspaceStorage\ba588fe01070c8c90e20898f4c050905\redhat.java -Daether.dependencyCollector.impl=bf 
java_command: c:\Users\LENOVO\.antigravity-ide\extensions\redhat.java-1.56.0-win32-x64\server\plugins\org.eclipse.equinox.launcher_1.8.0.v20260804-1928.jar -configuration c:\Users\LENOVO\AppData\Roaming\Antigravity IDE\User\globalStorage\redhat.java\1.56.0\config_win -data c:\Users\LENOVO\AppData\Roaming\Antigravity IDE\User\workspaceStorage\ba588fe01070c8c90e20898f4c050905\redhat.java\jdt_ws --stdio
java_class_path (initial): c:\Users\LENOVO\.antigravity-ide\extensions\redhat.java-1.56.0-win32-x64\server\plugins\org.eclipse.equinox.launcher_1.8.0.v20260804-1928.jar
Launcher Type: SUN_STANDARD

[Global flags]
    uintx AdaptiveSizePolicyWeight                 = 90                                        {product} {command line}
     intx CICompilerCount                          = 4                                         {product} {ergonomic}
    uintx GCTimeRatio                              = 4                                         {product} {command line}
     bool HeapDumpOnOutOfMemoryError               = true                                   {manageable} {command line}
    ccstr HeapDumpPath                             = c:\Users\LENOVO\AppData\Roaming\Antigravity IDE\User\workspaceStorage\ba588fe01070c8c90e20898f4c050905\redhat.java         {manageable} {command line}
   size_t InitialHeapSize                          = 104857600                                 {product} {command line}
   size_t MaxHeapSize                              = 2147483648                                {product} {command line}
   size_t MaxNewSize                               = 715653120                                 {product} {ergonomic}
   size_t MinHeapDeltaBytes                        = 524288                                    {product} {ergonomic}
   size_t MinHeapSize                              = 104857600                                 {product} {command line}
   size_t NewSize                                  = 34603008                                  {product} {ergonomic}
    uintx NonNMethodCodeHeapSize                   = 5839372                                {pd product} {ergonomic}
    uintx NonProfiledCodeHeapSize                  = 122909434                              {pd product} {ergonomic}
   size_t OldSize                                  = 70254592                                  {product} {ergonomic}
    uintx ProfiledCodeHeapSize                     = 122909434                              {pd product} {ergonomic}
    uintx ReservedCodeCacheSize                    = 251658240                              {pd product} {ergonomic}
     bool SegmentedCodeCache                       = true                                      {product} {ergonomic}
   size_t SoftMaxHeapSize                          = 2147483648                             {manageable} {ergonomic}
     bool UseCompressedOops                        = true                           {product lp64_product} {ergonomic}
     bool UseLargePagesIndividualAllocation        = false                                  {pd product} {ergonomic}
     bool UseParallelGC                            = true                                      {product} {command line}

Logging:
Log output configuration:
 #0: stdout all=off uptime,level,tags foldmultilines=false
 #1: stderr all=off uptime,level,tags foldmultilines=false

Release file:
JAVA_VERSION="21.0.12.1" 
MODULES="java.base java.compiler java.datatransfer java.xml java.prefs java.desktop java.instrument java.logging java.management java.security.sasl java.naming java.rmi java.management.rmi java.net.http java.scripting java.security.jgss java.transaction.xa java.sql java.sql.rowset java.xml.crypto java.se java.smartcardio jdk.accessibility jdk.internal.jvmstat jdk.attach jdk.charsets jdk.internal.opt jdk.zipfs jdk.compiler jdk.crypto.ec jdk.crypto.cryptoki jdk.crypto.mscapi jdk.dynalink jdk.internal.ed jdk.editpad jdk.hotspot.agent jdk.httpserver jdk.internal.le jdk.internal.vm.ci jdk.internal.vm.compiler jdk.internal.vm.compiler.management jdk.jartool jdk.javadoc jdk.jcmd jdk.management jdk.management.agent jdk.jconsole jdk.jdeps jdk.jdwp.agent jdk.jdi jdk.jfr jdk.jshell jdk.jsobject jdk.jstatd jdk.localedata jdk.management.jfr jdk.naming.dns jdk.naming.rmi jdk.net jdk.nio.mapmode jdk.random jdk.sctp jdk.security.auth jdk.security.jgss jdk.unsupported jdk.unsupported.desktop jdk.xml.dom" 

Environment Variables:
JAVA_HOME=C:\Program Files\Android\Android Studio\jbr
PATH=C:\WINDOWS\system32;C:\WINDOWS;C:\WINDOWS\System32\Wbem;C:\WINDOWS\System32\WindowsPowerShell\v1.0\;C:\WINDOWS\System32\OpenSSH\;C:\Program Files\Docker\Docker\resources\bin;C:\Program Files\nodejs\;C:\Program Files\Git\cmd;C:\Users\LENOVO\AppData\Local\Programs\Python\Python312\Scripts\;C:\Users\LENOVO\AppData\Local\Programs\Python\Python312\;C:\Users\LENOVO\AppData\Local\Programs\Python\Launcher\;C:\Users\LENOVO\AppData\Local\Programs\Python\Python314\Scripts\;C:\Users\LENOVO\AppData\Local\Programs\Python\Python314\;C:\Users\LENOVO\AppData\Local\Microsoft\WindowsApps;C:\Users\LENOVO\AppData\Local\Programs\Antigravity\bin;C:\Users\LENOVO\AppData\Roaming\npm;C:\ScrcpyLauncher by praveen;C:\Users\LENOVO\AppData\Local\PowerToys\DSCModules\;C:\Users\LENOVO\AppData\Local\Programs\Antigravity IDE\bin
USERNAME=LENOVO
OS=Windows_NT
PROCESSOR_IDENTIFIER=AMD64 Family 23 Model 160 Stepping 0, AuthenticAMD
TMP=C:\Users\LENOVO\AppData\Local\Temp
TEMP=C:\Users\LENOVO\AppData\Local\Temp




Periodic native trim disabled

---------------  S Y S T E M  ---------------

OS:
 Windows 11 , 64 bit Build 26100 (10.0.26100.9444)
OS uptime: 9 days 14:22 hours
Hyper-V role detected

CPU: total 8 (initial active 8) (8 cores per cpu, 2 threads per core) family 23 model 160 stepping 0 microcode 0x8a0000a, cx8, cmov, fxsr, ht, mmx, 3dnowpref, sse, sse2, sse3, ssse3, sse4a, sse4.1, sse4.2, popcnt, lzcnt, tsc, tscinvbit, avx, avx2, aes, clmul, bmi1, bmi2, adx, sha, fma, vzeroupper, clflush, clflushopt, hv, rdtscp, rdpid, f16c
Processor Information for the first 8 processors :
  Max Mhz: 2401, Current Mhz: 2401, Mhz Limit: 2401

Memory: 4k page, system-wide physical 5965M (14M free)
TotalPageFile size 24397M (AvailPageFile size 6M)
current process WorkingSet (physical memory assigned to process): 38M, peak: 255M
current process commit charge ("private bytes"): 492M, peak: 493M

vm_info: OpenJDK 64-Bit Server VM (21.0.12.1+1-LTS) for windows-amd64 JRE (21.0.12.1+1-LTS), built on 2026-08-18T00:00:00Z by "admin" with MS VC++ 17.12 (VS2022)

END.
