#
# There is insufficient memory for the Java Runtime Environment to continue.
# Native memory allocation (malloc) failed to allocate 1666096 bytes. Error detail: Chunk::new
# Possible reasons:
#   The system is out of physical RAM or swap space
#   This process is running with CompressedOops enabled, and the Java Heap may be blocking the growth of the native heap
# Possible solutions:
#   Reduce memory load on the system
#   Increase physical memory or swap space
#   Check if swap backing store is full
#   Decrease Java heap size (-Xmx/-Xms)
#   Decrease number of Java threads
#   Decrease Java thread stack sizes (-Xss)
#   Set larger code cache with -XX:ReservedCodeCacheSize=
#   JVM is running with Unscaled Compressed Oops mode in which the Java heap is
#     placed in the first 4GB address space. The Java Heap base address is the
#     maximum limit for the native heap growth. Please use -XX:HeapBaseMinAddress
#     to set the Java Heap base and to place the Java Heap above 4GB virtual address.
# This output file may be truncated or incomplete.
#
#  Out of Memory Error (arena.cpp:168), pid=6228, tid=15504
#
# JRE version: OpenJDK Runtime Environment Temurin-21.0.12.1+1 (21.0.12.1+1) (build 21.0.12.1+1-LTS)
# Java VM: OpenJDK 64-Bit Server VM Temurin-21.0.12.1+1 (21.0.12.1+1-LTS, mixed mode, sharing, tiered, compressed oops, compressed class ptrs, g1 gc, windows-amd64)
# No core dump will be written. Minidumps are not enabled by default on client versions of Windows
#

---------------  S U M M A R Y ------------

Command Line: --add-opens=java.base/java.lang=ALL-UNNAMED --add-opens=java.base/java.lang.invoke=ALL-UNNAMED --add-opens=java.base/java.util=ALL-UNNAMED --add-opens=java.prefs/java.util.prefs=ALL-UNNAMED --add-exports=jdk.compiler/com.sun.tools.javac.api=ALL-UNNAMED --add-exports=jdk.compiler/com.sun.tools.javac.util=ALL-UNNAMED --add-opens=java.base/java.util=ALL-UNNAMED --add-opens=java.prefs/java.util.prefs=ALL-UNNAMED --add-opens=java.base/java.nio.charset=ALL-UNNAMED --add-opens=java.base/java.net=ALL-UNNAMED --add-opens=java.base/java.util.concurrent.atomic=ALL-UNNAMED --add-opens=java.xml/javax.xml.namespace=ALL-UNNAMED -Xmx1024m -Dfile.encoding=UTF-8 -Duser.country=US -Duser.language=en -Duser.variant -javaagent:C:\Users\LENOVO\.gradle\wrapper\dists\gradle-8.14-bin\38aieal9i53h9rfe7vjup95b9\gradle-8.14\lib\agents\gradle-instrumentation-agent-8.14.jar org.gradle.launcher.daemon.bootstrap.GradleDaemon 8.14

Host: AMD Ryzen 3 7320U with Radeon Graphics         , 8 cores, 5G,  Windows 11 , 64 bit Build 26100 (10.0.26100.9444)
Time: Mon Sep 28 13:23:02 2026 Nepal Standard Time elapsed time: 64.918489 seconds (0d 0h 1m 4s)

---------------  T H R E A D  ---------------

Current thread (0x000001e54c3b19a0):  JavaThread "C2 CompilerThread0" daemon [_thread_in_native, id=15504, stack(0x0000005280600000,0x0000005280700000) (1024K)]


Current CompileTask:
C2:64918 5148       4       org.objectweb.asm.SymbolTable::addConstantMemberReference (147 bytes)

Stack: [0x0000005280600000,0x0000005280700000]
Native frames: (J=compiled Java code, j=interpreted, Vv=VM code, C=native code)
V  [jvm.dll+0x6d83e9]
V  [jvm.dll+0x8b5736]
V  [jvm.dll+0x8b7cee]
V  [jvm.dll+0x8b83d3]
V  [jvm.dll+0x284596]
V  [jvm.dll+0xc685d]
V  [jvm.dll+0xc6da1]
V  [jvm.dll+0x3bf151]
V  [jvm.dll+0x38b6d2]
V  [jvm.dll+0x38ab1a]
V  [jvm.dll+0x24c700]
V  [jvm.dll+0x24bce0]
V  [jvm.dll+0x1cb4ae]
V  [jvm.dll+0x25baad]
V  [jvm.dll+0x25a03a]
V  [jvm.dll+0x3f8aae]
V  [jvm.dll+0x8600cd]
V  [jvm.dll+0x6d6c1d]
C  [ucrtbase.dll+0x2cd30]
C  [KERNEL32.DLL+0x2cd87]
C  [ntdll.dll+0xacaec]


---------------  P R O C E S S  ---------------

Threads class SMR info:
_java_thread_list=0x000001e593b2fc30, length=35, elements={
0x000001e533ce7240, 0x000001e54c3a83a0, 0x000001e54c3a9b20, 0x000001e54c3ad2b0,
0x000001e54c3add10, 0x000001e54c3ae770, 0x000001e54c3af1d0, 0x000001e54c3b19a0,
0x000001e54c3b3160, 0x000001e54c5dd650, 0x000001e54c60e550, 0x000001e592cd96b0,
0x000001e592a706d0, 0x000001e593360560, 0x000001e592751a00, 0x000001e592752070,
0x000001e592aee300, 0x000001e592aef6b0, 0x000001e592aec8c0, 0x000001e592aee990,
0x000001e592aefd40, 0x000001e592aef020, 0x000001e592aecf50, 0x000001e592aed5e0,
0x000001e592aedc70, 0x000001e54c52c040, 0x000001e54c52ac90, 0x000001e54c52b320,
0x000001e54c529f70, 0x000001e54c52c6d0, 0x000001e54c529250, 0x000001e54c52cd60,
0x000001e54c52da80, 0x000001e54c52d3f0, 0x000001e54c52e110
}

Java Threads: ( => current thread )
  0x000001e533ce7240 JavaThread "main"                              [_thread_blocked, id=26272, stack(0x00000052ff700000,0x00000052ff800000) (1024K)]
  0x000001e54c3a83a0 JavaThread "Reference Handler"          daemon [_thread_blocked, id=9020, stack(0x0000005280000000,0x0000005280100000) (1024K)]
  0x000001e54c3a9b20 JavaThread "Finalizer"                  daemon [_thread_blocked, id=29068, stack(0x0000005280100000,0x0000005280200000) (1024K)]
  0x000001e54c3ad2b0 JavaThread "Signal Dispatcher"          daemon [_thread_blocked, id=15572, stack(0x0000005280200000,0x0000005280300000) (1024K)]
  0x000001e54c3add10 JavaThread "Attach Listener"            daemon [_thread_blocked, id=21372, stack(0x0000005280300000,0x0000005280400000) (1024K)]
  0x000001e54c3ae770 JavaThread "Service Thread"             daemon [_thread_blocked, id=9584, stack(0x0000005280400000,0x0000005280500000) (1024K)]
  0x000001e54c3af1d0 JavaThread "Monitor Deflation Thread"   daemon [_thread_blocked, id=14724, stack(0x0000005280500000,0x0000005280600000) (1024K)]
=>0x000001e54c3b19a0 JavaThread "C2 CompilerThread0"         daemon [_thread_in_native, id=15504, stack(0x0000005280600000,0x0000005280700000) (1024K)]
  0x000001e54c3b3160 JavaThread "C1 CompilerThread0"         daemon [_thread_blocked, id=16828, stack(0x0000005280700000,0x0000005280800000) (1024K)]
  0x000001e54c5dd650 JavaThread "Common-Cleaner"             daemon [_thread_blocked, id=24840, stack(0x0000005280800000,0x0000005280900000) (1024K)]
  0x000001e54c60e550 JavaThread "Notification Thread"        daemon [_thread_blocked, id=10776, stack(0x0000005280900000,0x0000005280a00000) (1024K)]
  0x000001e592cd96b0 JavaThread "Daemon health stats"               [_thread_blocked, id=32296, stack(0x0000005280e00000,0x0000005280f00000) (1024K)]
  0x000001e592a706d0 JavaThread "Incoming local TCP Connector on port 27066"        [_thread_in_native, id=32456, stack(0x0000005280f00000,0x0000005281000000) (1024K)]
  0x000001e593360560 JavaThread "Daemon periodic checks"            [_thread_blocked, id=32596, stack(0x0000005281000000,0x0000005281100000) (1024K)]
  0x000001e592751a00 JavaThread "Daemon"                            [_thread_blocked, id=32624, stack(0x0000005281100000,0x0000005281200000) (1024K)]
  0x000001e592752070 JavaThread "Handler for socket connection from /127.0.0.1:27066 to /127.0.0.1:27068"        [_thread_in_native, id=32628, stack(0x0000005281200000,0x0000005281300000) (1024K)]
  0x000001e592aee300 JavaThread "Cancel handler"                    [_thread_blocked, id=32712, stack(0x0000005281300000,0x0000005281400000) (1024K)]
  0x000001e592aef6b0 JavaThread "Daemon worker"                     [_thread_in_Java, id=32716, stack(0x0000005281400000,0x0000005281500000) (1024K)]
  0x000001e592aec8c0 JavaThread "Asynchronous log dispatcher for DefaultDaemonConnection: socket connection from /127.0.0.1:27066 to /127.0.0.1:27068"        [_thread_blocked, id=32720, stack(0x0000005281500000,0x0000005281600000) (1024K)]
  0x000001e592aee990 JavaThread "Stdin handler"                     [_thread_blocked, id=32724, stack(0x0000005281600000,0x0000005281700000) (1024K)]
  0x000001e592aefd40 JavaThread "Daemon client event forwarder"        [_thread_blocked, id=32728, stack(0x0000005281700000,0x0000005281800000) (1024K)]
  0x000001e592aef020 JavaThread "Cache worker for journal cache (C:\Users\LENOVO\.gradle\caches\journal-1)"        [_thread_blocked, id=17020, stack(0x0000005281b00000,0x0000005281c00000) (1024K)]
  0x000001e592aecf50 JavaThread "File lock request listener"        [_thread_in_native, id=5332, stack(0x0000005281c00000,0x0000005281d00000) (1024K)]
  0x000001e592aed5e0 JavaThread "Cache worker for file hash cache (C:\Users\LENOVO\.gradle\caches\8.14\fileHashes)"        [_thread_blocked, id=26060, stack(0x0000005281d00000,0x0000005281e00000) (1024K)]
  0x000001e592aedc70 JavaThread "File lock release action executor"        [_thread_blocked, id=31992, stack(0x0000005281e00000,0x0000005281f00000) (1024K)]
  0x000001e54c52c040 JavaThread "Cache worker for file hash cache (C:\Users\LENOVO\Desktop\HeliBoard-main\.gradle\8.14\fileHashes)"        [_thread_blocked, id=14976, stack(0x0000005282000000,0x0000005282100000) (1024K)]
  0x000001e54c52ac90 JavaThread "Cache worker for Build Output Cleanup Cache (C:\Users\LENOVO\Desktop\HeliBoard-main\.gradle\buildOutputCleanup)"        [_thread_blocked, id=10940, stack(0x0000005282100000,0x0000005282200000) (1024K)]
  0x000001e54c52b320 JavaThread "File watcher server"        daemon [_thread_in_native, id=22448, stack(0x0000005282200000,0x0000005282300000) (1024K)]
  0x000001e54c529f70 JavaThread "File watcher consumer"      daemon [_thread_blocked, id=15676, stack(0x0000005282300000,0x0000005282400000) (1024K)]
  0x000001e54c52c6d0 JavaThread "jar transforms"                    [_thread_blocked, id=29984, stack(0x0000005282400000,0x0000005282500000) (1024K)]
  0x000001e54c529250 JavaThread "jar transforms Thread 2"           [_thread_blocked, id=23820, stack(0x0000005282500000,0x0000005282600000) (1024K)]
  0x000001e54c52cd60 JavaThread "Cache worker for checksums cache (C:\Users\LENOVO\Desktop\HeliBoard-main\.gradle\8.14\checksums)"        [_thread_blocked, id=29256, stack(0x0000005282600000,0x0000005282700000) (1024K)]
  0x000001e54c52da80 JavaThread "Cache worker for file content cache (C:\Users\LENOVO\.gradle\caches\8.14\fileContent)"        [_thread_blocked, id=13916, stack(0x0000005282700000,0x0000005282800000) (1024K)]
  0x000001e54c52d3f0 JavaThread "Cache worker for cache directory md-supplier (C:\Users\LENOVO\.gradle\caches\8.14\md-supplier)"        [_thread_blocked, id=24284, stack(0x0000005282800000,0x0000005282900000) (1024K)]
  0x000001e54c52e110 JavaThread "Cache worker for cache directory md-rule (C:\Users\LENOVO\.gradle\caches\8.14\md-rule)"        [_thread_blocked, id=3080, stack(0x0000005282900000,0x0000005282a00000) (1024K)]
Total: 35

Other Threads:
  0x000001e54c388aa0 VMThread "VM Thread"                           [id=15444, stack(0x00000052fff00000,0x0000005300000000) (1024K)]
  0x000001e54c3783b0 WatcherThread "VM Periodic Task Thread"        [id=7992, stack(0x00000052ffe00000,0x00000052fff00000) (1024K)]
  0x000001e5360c8bc0 WorkerThread "GC Thread#0"                     [id=16640, stack(0x00000052ff900000,0x00000052ffa00000) (1024K)]
  0x000001e592083d70 WorkerThread "GC Thread#1"                     [id=28768, stack(0x0000005280a00000,0x0000005280b00000) (1024K)]
  0x000001e54c6b5a20 WorkerThread "GC Thread#2"                     [id=21320, stack(0x0000005280b00000,0x0000005280c00000) (1024K)]
  0x000001e54c6b5dd0 WorkerThread "GC Thread#3"                     [id=18852, stack(0x0000005280c00000,0x0000005280d00000) (1024K)]
  0x000001e54c8068f0 WorkerThread "GC Thread#4"                     [id=32188, stack(0x0000005280d00000,0x0000005280e00000) (1024K)]
  0x000001e593834c90 WorkerThread "GC Thread#5"                     [id=14444, stack(0x0000005281800000,0x0000005281900000) (1024K)]
  0x000001e5938348e0 WorkerThread "GC Thread#6"                     [id=18656, stack(0x0000005281900000,0x0000005281a00000) (1024K)]
  0x000001e593834530 WorkerThread "GC Thread#7"                     [id=28200, stack(0x0000005281a00000,0x0000005281b00000) (1024K)]
  0x000001e5360d1ab0 ConcurrentGCThread "G1 Main Marker"            [id=22548, stack(0x00000052ffa00000,0x00000052ffb00000) (1024K)]
  0x000001e5360d34d0 WorkerThread "G1 Conc#0"                       [id=22668, stack(0x00000052ffb00000,0x00000052ffc00000) (1024K)]
  0x000001e59431b090 WorkerThread "G1 Conc#1"                       [id=26936, stack(0x0000005281f00000,0x0000005282000000) (1024K)]
  0x000001e54c2510a0 ConcurrentGCThread "G1 Refine#0"               [id=20940, stack(0x00000052ffc00000,0x00000052ffd00000) (1024K)]
  0x000001e54c251b20 ConcurrentGCThread "G1 Service"                [id=7764, stack(0x00000052ffd00000,0x00000052ffe00000) (1024K)]
Total: 15

Threads with active compile tasks:
C2 CompilerThread0  64954 5148       4       org.objectweb.asm.SymbolTable::addConstantMemberReference (147 bytes)
Total: 1

VM state: not at safepoint (normal execution)

VM Mutex/Monitor currently owned by a thread: None

Heap address: 0x00000000c0000000, size: 1024 MB, Compressed Oops mode: 32-bit

CDS archive(s) mapped at: [0x000001e54d000000-0x000001e54dba0000-0x000001e54dba0000), size 12189696, SharedBaseAddress: 0x000001e54d000000, ArchiveRelocationMode: 1.
Compressed class space mapped at: 0x000001e54e000000-0x000001e58e000000, reserved size: 1073741824
Narrow klass base: 0x000001e54d000000, Narrow klass shift: 0, Narrow klass range: 0x100000000

GC Precious Log:
 CardTable entry size: 512
 Card Set container configuration: InlinePtr #cards 5 size 8 Array Of Cards #cards 12 size 40 Howl #buckets 4 coarsen threshold 1843 Howl Bitmap #cards 512 size 80 coarsen threshold 460 Card regions per heap region 1 cards per card region 2048
 CPUs: 8 total, 8 available
 Memory: 5965M
 Large Page Support: Disabled
 NUMA Support: Disabled
 Compressed Oops: Enabled (32-bit)
 Heap Region Size: 1M
 Heap Min Capacity: 8M
 Heap Initial Capacity: 94M
 Heap Max Capacity: 1G
 Pre-touch: Disabled
 Parallel Workers: 8
 Concurrent Workers: 2
 Concurrent Refinement Workers: 8
 Periodic GC: Disabled

Heap:
 garbage-first heap   total 86016K, used 55052K [0x00000000c0000000, 0x0000000100000000)
  region size 1024K, 23 young (23552K), 4 survivors (4096K)
 Metaspace       used 44975K, committed 46592K, reserved 1114112K
  class space    used 6523K, committed 7296K, reserved 1048576K

Heap Regions: E=young(eden), S=young(survivor), O=old, HS=humongous(starts), HC=humongous(continues), CS=collection set, F=free, TAMS=top-at-mark-start, PB=parsable bottom
|   0|0x00000000c0000000, 0x00000000c0100000, 0x00000000c0100000|100%|HS|  |TAMS 0x00000000c0000000| PB 0x00000000c0000000| Complete 
|   1|0x00000000c0100000, 0x00000000c0200000, 0x00000000c0200000|100%|HC|  |TAMS 0x00000000c0100000| PB 0x00000000c0100000| Complete 
|   2|0x00000000c0200000, 0x00000000c0300000, 0x00000000c0300000|100%|HC|  |TAMS 0x00000000c0200000| PB 0x00000000c0200000| Complete 
|   3|0x00000000c0300000, 0x00000000c0300000, 0x00000000c0400000|  0%| F|  |TAMS 0x00000000c0300000| PB 0x00000000c0300000| Untracked 
|   4|0x00000000c0400000, 0x00000000c0500000, 0x00000000c0500000|100%| O|  |TAMS 0x00000000c0400000| PB 0x00000000c0400000| Untracked 
|   5|0x00000000c0500000, 0x00000000c0600000, 0x00000000c0600000|100%| O|  |TAMS 0x00000000c0500000| PB 0x00000000c0500000| Untracked 
|   6|0x00000000c0600000, 0x00000000c0700000, 0x00000000c0700000|100%|HS|  |TAMS 0x00000000c0600000| PB 0x00000000c0600000| Complete 
|   7|0x00000000c0700000, 0x00000000c0800000, 0x00000000c0800000|100%| O|  |TAMS 0x00000000c0700000| PB 0x00000000c0700000| Untracked 
|   8|0x00000000c0800000, 0x00000000c0900000, 0x00000000c0900000|100%| O|  |TAMS 0x00000000c0800000| PB 0x00000000c0800000| Untracked 
|   9|0x00000000c0900000, 0x00000000c0a00000, 0x00000000c0a00000|100%| O|  |TAMS 0x00000000c0900000| PB 0x00000000c0900000| Untracked 
|  10|0x00000000c0a00000, 0x00000000c0b00000, 0x00000000c0b00000|100%| O|  |TAMS 0x00000000c0a00000| PB 0x00000000c0a00000| Untracked 
|  11|0x00000000c0b00000, 0x00000000c0c00000, 0x00000000c0c00000|100%| O|  |TAMS 0x00000000c0b00000| PB 0x00000000c0b00000| Untracked 
|  12|0x00000000c0c00000, 0x00000000c0d00000, 0x00000000c0d00000|100%| O|  |TAMS 0x00000000c0c00000| PB 0x00000000c0c00000| Untracked 
|  13|0x00000000c0d00000, 0x00000000c0e00000, 0x00000000c0e00000|100%| O|  |TAMS 0x00000000c0d00000| PB 0x00000000c0d00000| Untracked 
|  14|0x00000000c0e00000, 0x00000000c0f00000, 0x00000000c0f00000|100%| O|  |TAMS 0x00000000c0e00000| PB 0x00000000c0e00000| Untracked 
|  15|0x00000000c0f00000, 0x00000000c1000000, 0x00000000c1000000|100%| O|  |TAMS 0x00000000c0f00000| PB 0x00000000c0f00000| Untracked 
|  16|0x00000000c1000000, 0x00000000c1100000, 0x00000000c1100000|100%| O|  |TAMS 0x00000000c1000000| PB 0x00000000c1000000| Untracked 
|  17|0x00000000c1100000, 0x00000000c1200000, 0x00000000c1200000|100%| O|  |TAMS 0x00000000c1100000| PB 0x00000000c1100000| Untracked 
|  18|0x00000000c1200000, 0x00000000c1300000, 0x00000000c1300000|100%| O|  |TAMS 0x00000000c1200000| PB 0x00000000c1200000| Untracked 
|  19|0x00000000c1300000, 0x00000000c1400000, 0x00000000c1400000|100%| O|  |TAMS 0x00000000c1300000| PB 0x00000000c1300000| Untracked 
|  20|0x00000000c1400000, 0x00000000c1400000, 0x00000000c1500000|  0%| F|  |TAMS 0x00000000c1400000| PB 0x00000000c1400000| Untracked 
|  21|0x00000000c1500000, 0x00000000c1600000, 0x00000000c1600000|100%| O|  |TAMS 0x00000000c1500000| PB 0x00000000c1500000| Untracked 
|  22|0x00000000c1600000, 0x00000000c1700000, 0x00000000c1700000|100%| O|  |TAMS 0x00000000c1600000| PB 0x00000000c1600000| Untracked 
|  23|0x00000000c1700000, 0x00000000c1800000, 0x00000000c1800000|100%| O|  |TAMS 0x00000000c1700000| PB 0x00000000c1700000| Untracked 
|  24|0x00000000c1800000, 0x00000000c1900000, 0x00000000c1900000|100%| O|  |TAMS 0x00000000c1800000| PB 0x00000000c1800000| Untracked 
|  25|0x00000000c1900000, 0x00000000c1a00000, 0x00000000c1a00000|100%| O|  |TAMS 0x00000000c1900000| PB 0x00000000c1900000| Untracked 
|  26|0x00000000c1a00000, 0x00000000c1a00000, 0x00000000c1b00000|  0%| F|  |TAMS 0x00000000c1a00000| PB 0x00000000c1a00000| Untracked 
|  27|0x00000000c1b00000, 0x00000000c1c00000, 0x00000000c1c00000|100%| O|  |TAMS 0x00000000c1b00000| PB 0x00000000c1b00000| Untracked 
|  28|0x00000000c1c00000, 0x00000000c1d00000, 0x00000000c1d00000|100%| O|  |TAMS 0x00000000c1c00000| PB 0x00000000c1c00000| Untracked 
|  29|0x00000000c1d00000, 0x00000000c1d7fe80, 0x00000000c1e00000| 49%| O|  |TAMS 0x00000000c1d00000| PB 0x00000000c1d00000| Untracked 
|  30|0x00000000c1e00000, 0x00000000c1f00000, 0x00000000c1f00000|100%| O|  |TAMS 0x00000000c1e00000| PB 0x00000000c1e00000| Untracked 
|  31|0x00000000c1f00000, 0x00000000c2000000, 0x00000000c2000000|100%| O|  |TAMS 0x00000000c1f00000| PB 0x00000000c1f00000| Untracked 
|  32|0x00000000c2000000, 0x00000000c2100000, 0x00000000c2100000|100%| O|  |TAMS 0x00000000c2000000| PB 0x00000000c2000000| Untracked 
|  33|0x00000000c2100000, 0x00000000c2200000, 0x00000000c2200000|100%| O|  |TAMS 0x00000000c2100000| PB 0x00000000c2100000| Untracked 
|  34|0x00000000c2200000, 0x00000000c2200000, 0x00000000c2300000|  0%| F|  |TAMS 0x00000000c2200000| PB 0x00000000c2200000| Untracked 
|  35|0x00000000c2300000, 0x00000000c2300000, 0x00000000c2400000|  0%| F|  |TAMS 0x00000000c2300000| PB 0x00000000c2300000| Untracked 
|  36|0x00000000c2400000, 0x00000000c2400000, 0x00000000c2500000|  0%| F|  |TAMS 0x00000000c2400000| PB 0x00000000c2400000| Untracked 
|  37|0x00000000c2500000, 0x00000000c2500000, 0x00000000c2600000|  0%| F|  |TAMS 0x00000000c2500000| PB 0x00000000c2500000| Untracked 
|  38|0x00000000c2600000, 0x00000000c2600000, 0x00000000c2700000|  0%| F|  |TAMS 0x00000000c2600000| PB 0x00000000c2600000| Untracked 
|  39|0x00000000c2700000, 0x00000000c2700000, 0x00000000c2800000|  0%| F|  |TAMS 0x00000000c2700000| PB 0x00000000c2700000| Untracked 
|  40|0x00000000c2800000, 0x00000000c28434b8, 0x00000000c2900000| 26%| S|CS|TAMS 0x00000000c2800000| PB 0x00000000c2800000| Complete 
|  41|0x00000000c2900000, 0x00000000c2a00000, 0x00000000c2a00000|100%| O|  |TAMS 0x00000000c2900000| PB 0x00000000c2900000| Untracked 
|  42|0x00000000c2a00000, 0x00000000c2b00000, 0x00000000c2b00000|100%| O|  |TAMS 0x00000000c2a00000| PB 0x00000000c2a00000| Untracked 
|  43|0x00000000c2b00000, 0x00000000c2c00000, 0x00000000c2c00000|100%| S|CS|TAMS 0x00000000c2b00000| PB 0x00000000c2b00000| Complete 
|  44|0x00000000c2c00000, 0x00000000c2d00000, 0x00000000c2d00000|100%| S|CS|TAMS 0x00000000c2c00000| PB 0x00000000c2c00000| Complete 
|  45|0x00000000c2d00000, 0x00000000c2e00000, 0x00000000c2e00000|100%| S|CS|TAMS 0x00000000c2d00000| PB 0x00000000c2d00000| Complete 
|  46|0x00000000c2e00000, 0x00000000c2e00000, 0x00000000c2f00000|  0%| F|  |TAMS 0x00000000c2e00000| PB 0x00000000c2e00000| Untracked 
|  47|0x00000000c2f00000, 0x00000000c2f00000, 0x00000000c3000000|  0%| F|  |TAMS 0x00000000c2f00000| PB 0x00000000c2f00000| Untracked 
|  48|0x00000000c3000000, 0x00000000c3000000, 0x00000000c3100000|  0%| F|  |TAMS 0x00000000c3000000| PB 0x00000000c3000000| Untracked 
|  49|0x00000000c3100000, 0x00000000c3100000, 0x00000000c3200000|  0%| F|  |TAMS 0x00000000c3100000| PB 0x00000000c3100000| Untracked 
|  50|0x00000000c3200000, 0x00000000c3200000, 0x00000000c3300000|  0%| F|  |TAMS 0x00000000c3200000| PB 0x00000000c3200000| Untracked 
|  51|0x00000000c3300000, 0x00000000c3300000, 0x00000000c3400000|  0%| F|  |TAMS 0x00000000c3300000| PB 0x00000000c3300000| Untracked 
|  52|0x00000000c3400000, 0x00000000c3400000, 0x00000000c3500000|  0%| F|  |TAMS 0x00000000c3400000| PB 0x00000000c3400000| Untracked 
|  53|0x00000000c3500000, 0x00000000c3500000, 0x00000000c3600000|  0%| F|  |TAMS 0x00000000c3500000| PB 0x00000000c3500000| Untracked 
|  54|0x00000000c3600000, 0x00000000c3600000, 0x00000000c3700000|  0%| F|  |TAMS 0x00000000c3600000| PB 0x00000000c3600000| Untracked 
|  55|0x00000000c3700000, 0x00000000c3700000, 0x00000000c3800000|  0%| F|  |TAMS 0x00000000c3700000| PB 0x00000000c3700000| Untracked 
|  56|0x00000000c3800000, 0x00000000c3800000, 0x00000000c3900000|  0%| F|  |TAMS 0x00000000c3800000| PB 0x00000000c3800000| Untracked 
|  57|0x00000000c3900000, 0x00000000c3900000, 0x00000000c3a00000|  0%| F|  |TAMS 0x00000000c3900000| PB 0x00000000c3900000| Untracked 
|  58|0x00000000c3a00000, 0x00000000c3a00000, 0x00000000c3b00000|  0%| F|  |TAMS 0x00000000c3a00000| PB 0x00000000c3a00000| Untracked 
|  59|0x00000000c3b00000, 0x00000000c3b00000, 0x00000000c3c00000|  0%| F|  |TAMS 0x00000000c3b00000| PB 0x00000000c3b00000| Untracked 
|  60|0x00000000c3c00000, 0x00000000c3c00000, 0x00000000c3d00000|  0%| F|  |TAMS 0x00000000c3c00000| PB 0x00000000c3c00000| Untracked 
|  61|0x00000000c3d00000, 0x00000000c3d00000, 0x00000000c3e00000|  0%| F|  |TAMS 0x00000000c3d00000| PB 0x00000000c3d00000| Untracked 
|  62|0x00000000c3e00000, 0x00000000c3e00000, 0x00000000c3f00000|  0%| F|  |TAMS 0x00000000c3e00000| PB 0x00000000c3e00000| Untracked 
|  63|0x00000000c3f00000, 0x00000000c3f00000, 0x00000000c4000000|  0%| F|  |TAMS 0x00000000c3f00000| PB 0x00000000c3f00000| Untracked 
|  64|0x00000000c4000000, 0x00000000c4000000, 0x00000000c4100000|  0%| F|  |TAMS 0x00000000c4000000| PB 0x00000000c4000000| Untracked 
|  65|0x00000000c4100000, 0x00000000c4180000, 0x00000000c4200000| 50%| E|  |TAMS 0x00000000c4100000| PB 0x00000000c4100000| Complete 
|  66|0x00000000c4200000, 0x00000000c4300000, 0x00000000c4300000|100%| E|CS|TAMS 0x00000000c4200000| PB 0x00000000c4200000| Complete 
|  67|0x00000000c4300000, 0x00000000c4400000, 0x00000000c4400000|100%| E|CS|TAMS 0x00000000c4300000| PB 0x00000000c4300000| Complete 
|  68|0x00000000c4400000, 0x00000000c4500000, 0x00000000c4500000|100%| E|CS|TAMS 0x00000000c4400000| PB 0x00000000c4400000| Complete 
|  69|0x00000000c4500000, 0x00000000c4600000, 0x00000000c4600000|100%| E|CS|TAMS 0x00000000c4500000| PB 0x00000000c4500000| Complete 
|  70|0x00000000c4600000, 0x00000000c4700000, 0x00000000c4700000|100%| E|CS|TAMS 0x00000000c4600000| PB 0x00000000c4600000| Complete 
|  71|0x00000000c4700000, 0x00000000c4800000, 0x00000000c4800000|100%| E|CS|TAMS 0x00000000c4700000| PB 0x00000000c4700000| Complete 
|  72|0x00000000c4800000, 0x00000000c4900000, 0x00000000c4900000|100%| E|CS|TAMS 0x00000000c4800000| PB 0x00000000c4800000| Complete 
|  73|0x00000000c4900000, 0x00000000c4a00000, 0x00000000c4a00000|100%| E|CS|TAMS 0x00000000c4900000| PB 0x00000000c4900000| Complete 
|  74|0x00000000c4a00000, 0x00000000c4b00000, 0x00000000c4b00000|100%| E|CS|TAMS 0x00000000c4a00000| PB 0x00000000c4a00000| Complete 
|  75|0x00000000c4b00000, 0x00000000c4c00000, 0x00000000c4c00000|100%| E|CS|TAMS 0x00000000c4b00000| PB 0x00000000c4b00000| Complete 
|  86|0x00000000c5600000, 0x00000000c5700000, 0x00000000c5700000|100%| E|CS|TAMS 0x00000000c5600000| PB 0x00000000c5600000| Complete 
|  87|0x00000000c5700000, 0x00000000c5800000, 0x00000000c5800000|100%| E|CS|TAMS 0x00000000c5700000| PB 0x00000000c5700000| Complete 
|  88|0x00000000c5800000, 0x00000000c5900000, 0x00000000c5900000|100%| E|CS|TAMS 0x00000000c5800000| PB 0x00000000c5800000| Complete 
|  89|0x00000000c5900000, 0x00000000c5a00000, 0x00000000c5a00000|100%| E|CS|TAMS 0x00000000c5900000| PB 0x00000000c5900000| Complete 
|  90|0x00000000c5a00000, 0x00000000c5b00000, 0x00000000c5b00000|100%| E|CS|TAMS 0x00000000c5a00000| PB 0x00000000c5a00000| Complete 
|  91|0x00000000c5b00000, 0x00000000c5c00000, 0x00000000c5c00000|100%| E|CS|TAMS 0x00000000c5b00000| PB 0x00000000c5b00000| Complete 
|  92|0x00000000c5c00000, 0x00000000c5d00000, 0x00000000c5d00000|100%| E|CS|TAMS 0x00000000c5c00000| PB 0x00000000c5c00000| Complete 
|  93|0x00000000c5d00000, 0x00000000c5e00000, 0x00000000c5e00000|100%| E|CS|TAMS 0x00000000c5d00000| PB 0x00000000c5d00000| Complete 

Card table byte_map: [0x000001e5487c0000,0x000001e5489c0000] _byte_map_base: 0x000001e5481c0000

Marking Bits: (CMBitMap*) 0x000001e5360c91d0
 Bits: [0x000001e5489c0000, 0x000001e5499c0000)

Polling page: 0x000001e533e50000

Metaspace:

Usage:
  Non-class:     37.56 MB used.
      Class:      6.37 MB used.
       Both:     43.93 MB used.

Virtual space:
  Non-class space:       64.00 MB reserved,      38.38 MB ( 60%) committed,  1 nodes.
      Class space:        1.00 GB reserved,       7.12 MB ( <1%) committed,  1 nodes.
             Both:        1.06 GB reserved,      45.50 MB (  4%) committed. 

Chunk freelists:
   Non-Class:  9.41 MB
       Class:  8.82 MB
        Both:  18.22 MB

MaxMetaspaceSize: unlimited
CompressedClassSpaceSize: 1.00 GB
Initial GC threshold: 21.00 MB
Current GC threshold: 61.06 MB
CDS: on
 - commit_granule_bytes: 65536.
 - commit_granule_words: 8192.
 - virtual_space_node_default_size: 8388608.
 - enlarge_chunks_in_place: 1.
 - use_allocation_guard: 0.


Internal statistics:

num_allocs_failed_limit: 12.
num_arena_births: 2954.
num_arena_deaths: 0.
num_vsnodes_births: 2.
num_vsnodes_deaths: 0.
num_space_committed: 728.
num_space_uncommitted: 0.
num_chunks_returned_to_freelist: 12.
num_chunks_taken_from_freelist: 5084.
num_chunk_merges: 12.
num_chunk_splits: 3317.
num_chunks_enlarged: 2025.
num_inconsistent_stats: 0.

CodeHeap 'non-profiled nmethods': size=120000Kb used=2701Kb max_used=2701Kb free=117298Kb
 bounds [0x000001e540d60000, 0x000001e541010000, 0x000001e548290000]
CodeHeap 'profiled nmethods': size=120000Kb used=9161Kb max_used=9161Kb free=110838Kb
 bounds [0x000001e539290000, 0x000001e539ba0000, 0x000001e5407c0000]
CodeHeap 'non-nmethods': size=5760Kb used=2577Kb max_used=2608Kb free=3182Kb
 bounds [0x000001e5407c0000, 0x000001e540a60000, 0x000001e540d60000]
CodeCache: size=245760Kb, used=14439Kb, max_used=14470Kb, free=231318Kb
 total_blobs=5553, nmethods=4705, adapters=752, full_count=0
Compilation: enabled, stopped_count=0, restarted_count=0

Compilation events (20 events):
Event: 64.881 Thread 0x000001e54c3b3160 5201       1       java.lang.NamedPackage::packageName (5 bytes)
Event: 64.881 Thread 0x000001e54c3b3160 nmethod 5201 0x000001e541003290 code [0x000001e541003420, 0x000001e5410034e8]
Event: 64.881 Thread 0x000001e54c3b3160 5202       3       org.gradle.cache.internal.DefaultCrossBuildInMemoryCacheFactory$AbstractCrossBuildInMemoryCache::get (24 bytes)
Event: 64.882 Thread 0x000001e54c3b3160 nmethod 5202 0x000001e539373910 code [0x000001e539373b40, 0x000001e539374438]
Event: 64.882 Thread 0x000001e54c3b3160 5203       3       org.gradle.cache.internal.DefaultCrossBuildInMemoryCacheFactory$AbstractCrossBuildInMemoryCache$$Lambda/0x000001e54e1ce828::<init> (15 bytes)
Event: 64.882 Thread 0x000001e54c3b3160 nmethod 5203 0x000001e5393a3390 code [0x000001e5393a3540, 0x000001e5393a3760]
Event: 64.885 Thread 0x000001e54c3b3160 5204       3       com.google.common.collect.AbstractMapBasedMultimap::get (31 bytes)
Event: 64.885 Thread 0x000001e54c3b3160 nmethod 5204 0x000001e539373110 code [0x000001e539373300, 0x000001e5393737d0]
Event: 64.886 Thread 0x000001e54c3b3160 5206       3       java.util.Comparator$$Lambda/0x000001e54e1799b8::compare (10 bytes)
Event: 64.887 Thread 0x000001e54c3b3160 nmethod 5206 0x000001e539372890 code [0x000001e539372a80, 0x000001e539372f78]
Event: 64.887 Thread 0x000001e54c3b3160 5205       3       com.google.common.collect.AbstractMapBasedMultimap$WrappedCollection::<init> (44 bytes)
Event: 64.887 Thread 0x000001e54c3b3160 nmethod 5205 0x000001e539372110 code [0x000001e5393722e0, 0x000001e539372758]
Event: 64.888 Thread 0x000001e54c3b3160 5207       3       com.google.common.reflect.TypeResolver$TypeTable::<init> (12 bytes)
Event: 64.888 Thread 0x000001e54c3b3160 nmethod 5207 0x000001e539371c10 code [0x000001e539371dc0, 0x000001e539371ff0]
Event: 64.891 Thread 0x000001e54c3b3160 5208       3       org.gradle.model.internal.asm.MethodVisitorScope::_INVOKESPECIAL (11 bytes)
Event: 64.891 Thread 0x000001e54c3b3160 nmethod 5208 0x000001e539371610 code [0x000001e5393717e0, 0x000001e539371a78]
Event: 64.891 Thread 0x000001e54c3b3160 5209       3       org.gradle.model.internal.asm.MethodVisitorScope::_INVOKESPECIAL (9 bytes)
Event: 64.891 Thread 0x000001e54c3b3160 nmethod 5209 0x000001e539371190 code [0x000001e539371340, 0x000001e539371508]
Event: 64.910 Thread 0x000001e54c3b3160 5210       3       java.lang.reflect.Method::isSynthetic (5 bytes)
Event: 64.910 Thread 0x000001e54c3b3160 nmethod 5210 0x000001e539370c90 code [0x000001e539370e40, 0x000001e539371078]

GC Heap History (20 events):
Event: 2.848 GC heap before
{Heap before GC invocations=0 (full 0):
 garbage-first heap   total 96256K, used 23552K [0x00000000c0000000, 0x0000000100000000)
  region size 1024K, 23 young (23552K), 0 survivors (0K)
 Metaspace       used 1056K, committed 1152K, reserved 1114112K
  class space    used 81K, committed 128K, reserved 1048576K
}
Event: 2.875 GC heap after
{Heap after GC invocations=1 (full 0):
 garbage-first heap   total 96256K, used 1664K [0x00000000c0000000, 0x0000000100000000)
  region size 1024K, 2 young (2048K), 2 survivors (2048K)
 Metaspace       used 1056K, committed 1152K, reserved 1114112K
  class space    used 81K, committed 128K, reserved 1048576K
}
Event: 23.229 GC heap before
{Heap before GC invocations=1 (full 0):
 garbage-first heap   total 96256K, used 40576K [0x00000000c0000000, 0x0000000100000000)
  region size 1024K, 37 young (37888K), 2 survivors (2048K)
 Metaspace       used 4428K, committed 4608K, reserved 1114112K
  class space    used 559K, committed 640K, reserved 1048576K
}
Event: 23.248 GC heap after
{Heap after GC invocations=2 (full 0):
 garbage-first heap   total 96256K, used 10836K [0x00000000c0000000, 0x0000000100000000)
  region size 1024K, 5 young (5120K), 5 survivors (5120K)
 Metaspace       used 4428K, committed 4608K, reserved 1114112K
  class space    used 559K, committed 640K, reserved 1048576K
}
Event: 25.919 GC heap before
{Heap before GC invocations=2 (full 0):
 garbage-first heap   total 96256K, used 54868K [0x00000000c0000000, 0x0000000100000000)
  region size 1024K, 47 young (48128K), 5 survivors (5120K)
 Metaspace       used 4651K, committed 4864K, reserved 1114112K
  class space    used 586K, committed 704K, reserved 1048576K
}
Event: 25.930 GC heap after
{Heap after GC invocations=3 (full 0):
 garbage-first heap   total 96256K, used 16413K [0x00000000c0000000, 0x0000000100000000)
  region size 1024K, 5 young (5120K), 5 survivors (5120K)
 Metaspace       used 4651K, committed 4864K, reserved 1114112K
  class space    used 586K, committed 704K, reserved 1048576K
}
Event: 35.937 GC heap before
{Heap before GC invocations=3 (full 0):
 garbage-first heap   total 96256K, used 68637K [0x00000000c0000000, 0x0000000100000000)
  region size 1024K, 56 young (57344K), 5 survivors (5120K)
 Metaspace       used 14785K, committed 15232K, reserved 1114112K
  class space    used 2064K, committed 2240K, reserved 1048576K
}
Event: 35.960 GC heap after
{Heap after GC invocations=4 (full 0):
 garbage-first heap   total 96256K, used 21255K [0x00000000c0000000, 0x0000000100000000)
  region size 1024K, 5 young (5120K), 5 survivors (5120K)
 Metaspace       used 14785K, committed 15232K, reserved 1114112K
  class space    used 2064K, committed 2240K, reserved 1048576K
}
Event: 40.293 GC heap before
{Heap before GC invocations=4 (full 0):
 garbage-first heap   total 96256K, used 67335K [0x00000000c0000000, 0x0000000100000000)
  region size 1024K, 51 young (52224K), 5 survivors (5120K)
 Metaspace       used 20853K, committed 21504K, reserved 1114112K
  class space    used 3081K, committed 3392K, reserved 1048576K
}
Event: 40.304 GC heap after
{Heap after GC invocations=5 (full 0):
 garbage-first heap   total 96256K, used 24569K [0x00000000c0000000, 0x0000000100000000)
  region size 1024K, 4 young (4096K), 4 survivors (4096K)
 Metaspace       used 20853K, committed 21504K, reserved 1114112K
  class space    used 3081K, committed 3392K, reserved 1048576K
}
Event: 44.414 GC heap before
{Heap before GC invocations=6 (full 0):
 garbage-first heap   total 86016K, used 71673K [0x00000000c0000000, 0x0000000100000000)
  region size 1024K, 50 young (51200K), 4 survivors (4096K)
 Metaspace       used 27365K, committed 28352K, reserved 1114112K
  class space    used 4082K, committed 4544K, reserved 1048576K
}
Event: 44.422 GC heap after
{Heap after GC invocations=7 (full 0):
 garbage-first heap   total 86016K, used 26748K [0x00000000c0000000, 0x0000000100000000)
  region size 1024K, 6 young (6144K), 6 survivors (6144K)
 Metaspace       used 27365K, committed 28352K, reserved 1114112K
  class space    used 4082K, committed 4544K, reserved 1048576K
}
Event: 46.391 GC heap before
{Heap before GC invocations=7 (full 0):
 garbage-first heap   total 86016K, used 69756K [0x00000000c0000000, 0x0000000100000000)
  region size 1024K, 49 young (50176K), 6 survivors (6144K)
 Metaspace       used 32857K, committed 33856K, reserved 1114112K
  class space    used 4698K, committed 5184K, reserved 1048576K
}
Event: 46.402 GC heap after
{Heap after GC invocations=8 (full 0):
 garbage-first heap   total 86016K, used 32100K [0x00000000c0000000, 0x0000000100000000)
  region size 1024K, 7 young (7168K), 7 survivors (7168K)
 Metaspace       used 32857K, committed 33856K, reserved 1114112K
  class space    used 4698K, committed 5184K, reserved 1048576K
}
Event: 53.092 GC heap before
{Heap before GC invocations=8 (full 0):
 garbage-first heap   total 86016K, used 64868K [0x00000000c0000000, 0x0000000100000000)
  region size 1024K, 35 young (35840K), 7 survivors (7168K)
 Metaspace       used 36340K, committed 37440K, reserved 1114112K
  class space    used 5192K, committed 5760K, reserved 1048576K
}
Event: 53.102 GC heap after
{Heap after GC invocations=9 (full 0):
 garbage-first heap   total 86016K, used 34159K [0x00000000c0000000, 0x0000000100000000)
  region size 1024K, 3 young (3072K), 3 survivors (3072K)
 Metaspace       used 36340K, committed 37440K, reserved 1114112K
  class space    used 5192K, committed 5760K, reserved 1048576K
}
Event: 56.275 GC heap before
{Heap before GC invocations=10 (full 0):
 garbage-first heap   total 86016K, used 74095K [0x00000000c0000000, 0x0000000100000000)
  region size 1024K, 42 young (43008K), 3 survivors (3072K)
 Metaspace       used 40747K, committed 42176K, reserved 1114112K
  class space    used 5943K, committed 6656K, reserved 1048576K
}
Event: 56.280 GC heap after
{Heap after GC invocations=11 (full 0):
 garbage-first heap   total 86016K, used 36049K [0x00000000c0000000, 0x0000000100000000)
  region size 1024K, 5 young (5120K), 5 survivors (5120K)
 Metaspace       used 40747K, committed 42176K, reserved 1114112K
  class space    used 5943K, committed 6656K, reserved 1048576K
}
Event: 62.402 GC heap before
{Heap before GC invocations=11 (full 0):
 garbage-first heap   total 86016K, used 77009K [0x00000000c0000000, 0x0000000100000000)
  region size 1024K, 43 young (44032K), 5 survivors (5120K)
 Metaspace       used 43593K, committed 45120K, reserved 1114112K
  class space    used 6297K, committed 7040K, reserved 1048576K
}
Event: 62.408 GC heap after
{Heap after GC invocations=12 (full 0):
 garbage-first heap   total 86016K, used 36620K [0x00000000c0000000, 0x0000000100000000)
  region size 1024K, 4 young (4096K), 4 survivors (4096K)
 Metaspace       used 43593K, committed 45120K, reserved 1114112K
  class space    used 6297K, committed 7040K, reserved 1048576K
}

Dll operation events (20 events):
Event: 0.395 Attempting to load shared library C:\Users\LENOVO\.antigravity-ide\extensions\redhat.java-1.56.0-win32-x64\jre\21.0.12.1-win32-x86_64\bin\nio.dll
Event: 0.399 Loaded shared library C:\Users\LENOVO\.antigravity-ide\extensions\redhat.java-1.56.0-win32-x64\jre\21.0.12.1-win32-x86_64\bin\nio.dll
Event: 0.404 Attempting to load shared library C:\Users\LENOVO\.antigravity-ide\extensions\redhat.java-1.56.0-win32-x64\jre\21.0.12.1-win32-x86_64\bin\zip.dll
Event: 0.404 Loaded shared library C:\Users\LENOVO\.antigravity-ide\extensions\redhat.java-1.56.0-win32-x64\jre\21.0.12.1-win32-x86_64\bin\zip.dll
Event: 2.648 Attempting to load shared library C:\Users\LENOVO\.antigravity-ide\extensions\redhat.java-1.56.0-win32-x64\jre\21.0.12.1-win32-x86_64\bin\jimage.dll
Event: 2.648 Loaded shared library C:\Users\LENOVO\.antigravity-ide\extensions\redhat.java-1.56.0-win32-x64\jre\21.0.12.1-win32-x86_64\bin\jimage.dll
Event: 7.090 Attempting to load shared library C:\Users\LENOVO\.antigravity-ide\extensions\redhat.java-1.56.0-win32-x64\jre\21.0.12.1-win32-x86_64\bin\verify.dll
Event: 7.112 Loaded shared library C:\Users\LENOVO\.antigravity-ide\extensions\redhat.java-1.56.0-win32-x64\jre\21.0.12.1-win32-x86_64\bin\verify.dll
Event: 12.051 Attempting to load shared library C:\Users\LENOVO\.gradle\native\1def1411415f61bf3af743bc5b6707747c0891f09f0c88961ee8f79bc544acac\windows-amd64\native-platform.dll
Event: 12.057 Loaded shared library C:\Users\LENOVO\.gradle\native\1def1411415f61bf3af743bc5b6707747c0891f09f0c88961ee8f79bc544acac\windows-amd64\native-platform.dll
Event: 12.314 Attempting to load shared library C:\Users\LENOVO\.gradle\native\0.2.7\x86_64-windows-gnu\gradle-fileevents.dll
Event: 12.320 Loaded shared library C:\Users\LENOVO\.gradle\native\0.2.7\x86_64-windows-gnu\gradle-fileevents.dll
Event: 28.438 Attempting to load shared library C:\Users\LENOVO\.antigravity-ide\extensions\redhat.java-1.56.0-win32-x64\jre\21.0.12.1-win32-x86_64\bin\management.dll
Event: 28.439 Loaded shared library C:\Users\LENOVO\.antigravity-ide\extensions\redhat.java-1.56.0-win32-x64\jre\21.0.12.1-win32-x86_64\bin\management.dll
Event: 28.475 Attempting to load shared library C:\Users\LENOVO\.antigravity-ide\extensions\redhat.java-1.56.0-win32-x64\jre\21.0.12.1-win32-x86_64\bin\management_ext.dll
Event: 28.483 Loaded shared library C:\Users\LENOVO\.antigravity-ide\extensions\redhat.java-1.56.0-win32-x64\jre\21.0.12.1-win32-x86_64\bin\management_ext.dll
Event: 29.565 Attempting to load shared library C:\Users\LENOVO\.antigravity-ide\extensions\redhat.java-1.56.0-win32-x64\jre\21.0.12.1-win32-x86_64\bin\extnet.dll
Event: 29.567 Loaded shared library C:\Users\LENOVO\.antigravity-ide\extensions\redhat.java-1.56.0-win32-x64\jre\21.0.12.1-win32-x86_64\bin\extnet.dll
Event: 32.266 Attempting to load shared library C:\Users\LENOVO\.antigravity-ide\extensions\redhat.java-1.56.0-win32-x64\jre\21.0.12.1-win32-x86_64\bin\sunmscapi.dll
Event: 32.302 Loaded shared library C:\Users\LENOVO\.antigravity-ide\extensions\redhat.java-1.56.0-win32-x64\jre\21.0.12.1-win32-x86_64\bin\sunmscapi.dll

Deoptimization events (20 events):
Event: 64.099 Thread 0x000001e592aef6b0 Uncommon trap: trap_request=0xffffffc6 fr.pc=0x000001e540e234a8 relative=0x0000000000001488
Event: 64.099 Thread 0x000001e592aef6b0 Uncommon trap: reason=bimorphic_or_optimized_type_check action=maybe_recompile pc=0x000001e540e234a8 method=java.lang.ClassLoader.loadClass(Ljava/lang/String;Z)Ljava/lang/Class; @ 69 c2
Event: 64.099 Thread 0x000001e592aef6b0 DEOPT PACKING pc=0x000001e540e234a8 sp=0x00000052814f9390
Event: 64.099 Thread 0x000001e592aef6b0 DEOPT UNPACKING pc=0x000001e540814422 sp=0x00000052814f9348 mode 2
Event: 64.102 Thread 0x000001e592aef6b0 Uncommon trap: trap_request=0xffffff45 fr.pc=0x000001e540e79b5c relative=0x000000000000029c
Event: 64.102 Thread 0x000001e592aef6b0 Uncommon trap: reason=unstable_if action=reinterpret pc=0x000001e540e79b5c method=java.lang.String.regionMatches(ZILjava/lang/String;II)Z @ 36 c2
Event: 64.102 Thread 0x000001e592aef6b0 DEOPT PACKING pc=0x000001e540e79b5c sp=0x00000052814f8da0
Event: 64.102 Thread 0x000001e592aef6b0 DEOPT UNPACKING pc=0x000001e540814422 sp=0x00000052814f8d08 mode 2
Event: 64.102 Thread 0x000001e592aef6b0 Uncommon trap: trap_request=0xffffffde fr.pc=0x000001e540f4b464 relative=0x00000000000016c4
Event: 64.102 Thread 0x000001e592aef6b0 Uncommon trap: reason=class_check action=maybe_recompile pc=0x000001e540f4b464 method=jdk.internal.loader.URLClassPath.getLoader(I)Ljdk/internal/loader/URLClassPath$Loader; @ 88 c2
Event: 64.102 Thread 0x000001e592aef6b0 DEOPT PACKING pc=0x000001e540f4b464 sp=0x00000052814f9160
Event: 64.102 Thread 0x000001e592aef6b0 DEOPT UNPACKING pc=0x000001e540814422 sp=0x00000052814f9140 mode 2
Event: 64.328 Thread 0x000001e592aef6b0 Uncommon trap: trap_request=0xffffff45 fr.pc=0x000001e540f94e08 relative=0x0000000000000568
Event: 64.328 Thread 0x000001e592aef6b0 Uncommon trap: reason=unstable_if action=reinterpret pc=0x000001e540f94e08 method=java.lang.invoke.InvokerBytecodeGenerator.storeInsnOpcode(Ljava/lang/invoke/LambdaForm$BasicType;)I @ 8 c2
Event: 64.328 Thread 0x000001e592aef6b0 DEOPT PACKING pc=0x000001e540f94e08 sp=0x00000052814f6510
Event: 64.328 Thread 0x000001e592aef6b0 DEOPT UNPACKING pc=0x000001e540814422 sp=0x00000052814f6458 mode 2
Event: 64.329 Thread 0x000001e592aef6b0 Uncommon trap: trap_request=0xffffff3d fr.pc=0x000001e540fbc468 relative=0x0000000000000c68
Event: 64.329 Thread 0x000001e592aef6b0 Uncommon trap: reason=unstable_fused_if action=reinterpret pc=0x000001e540fbc468 method=org.objectweb.asm.ByteVector.putUTF8(Ljava/lang/String;)Lorg/objectweb/asm/ByteVector; @ 93 c2
Event: 64.329 Thread 0x000001e592aef6b0 DEOPT PACKING pc=0x000001e540fbc468 sp=0x00000052814f6ef0
Event: 64.330 Thread 0x000001e592aef6b0 DEOPT UNPACKING pc=0x000001e540814422 sp=0x00000052814f6e48 mode 2

Classes loaded (20 events):
Event: 56.624 Loading class javax/net/ssl/TrustManager
Event: 56.624 Loading class javax/net/ssl/TrustManager done
Event: 56.625 Loading class javax/net/ssl/X509TrustManager
Event: 56.625 Loading class javax/net/ssl/X509TrustManager done
Event: 56.635 Loading class javax/net/ssl/SSLPeerUnverifiedException
Event: 56.635 Loading class javax/net/ssl/SSLException
Event: 56.635 Loading class javax/net/ssl/SSLException done
Event: 56.635 Loading class javax/net/ssl/SSLPeerUnverifiedException done
Event: 56.635 Loading class javax/naming/NamingException
Event: 56.635 Loading class javax/naming/NamingException done
Event: 56.635 Loading class javax/naming/InvalidNameException
Event: 56.635 Loading class javax/naming/InvalidNameException done
Event: 56.636 Loading class java/security/cert/CertificateParsingException
Event: 56.636 Loading class java/security/cert/CertificateException
Event: 56.636 Loading class java/security/cert/CertificateException done
Event: 56.636 Loading class java/security/cert/CertificateParsingException done
Event: 56.974 Loading class java/util/Collections$SynchronizedRandomAccessList
Event: 56.975 Loading class java/util/Collections$SynchronizedList
Event: 56.975 Loading class java/util/Collections$SynchronizedList done
Event: 56.976 Loading class java/util/Collections$SynchronizedRandomAccessList done

Classes unloaded (0 events):
No events

Classes redefined (0 events):
No events

Internal exceptions (20 events):
Event: 56.581 Thread 0x000001e592aef6b0 Exception <a 'java/lang/NoSuchMethodError'{0x00000000c584a250}: 'java.lang.Object java.lang.invoke.DirectMethodHandle$Holder.invokeSpecial(java.lang.Object, java.lang.Object, java.lang.Object, java.lang.Object, java.lang.Object, java.lang.Object, java.lang.Object, java.lang.Object, java.lang.Object, java.lang.Object, java.lang.Object, java.lang.Object, java.lang.Object, java.lang.Object, java.lang.Object, java.lang.Object, java.lang.Object, java.lang.Object)'> (0x00000000c584a250) 
thrown [s\src\hotspot\sh
Event: 56.581 Thread 0x000001e592aef6b0 Exception <a 'java/lang/NoSuchMethodError'{0x00000000c584f7a8}: 'java.lang.Object java.lang.invoke.DelegatingMethodHandle$Holder.reinvoke_L(java.lang.Object, java.lang.Object, java.lang.Object, java.lang.Object, java.lang.Object, java.lang.Object, java.lang.Object, java.lang.Object, java.lang.Object, java.lang.Object, java.lang.Object, java.lang.Object, java.lang.Object, java.lang.Object, java.lang.Object, java.lang.Object, java.lang.Object)'> (0x00000000c584f7a8) 
thrown [s\src\hotspot\share\interpreter\l
Event: 56.929 Thread 0x000001e592aef6b0 Exception <a 'java/lang/NoSuchMethodError'{0x00000000c484ed30}: 'java.lang.Object java.lang.invoke.Invokers$Holder.invoker(java.lang.Object, java.lang.Object, java.lang.Object, java.lang.Object, java.lang.Object, java.lang.Object)'> (0x00000000c484ed30) 
thrown [s\src\hotspot\share\interpreter\linkResolver.cpp, line 773]
Event: 57.012 Thread 0x000001e592aef6b0 Exception <a 'java/lang/NoSuchMethodError'{0x00000000c4773838}: 'java.lang.Object java.lang.invoke.DirectMethodHandle$Holder.invokeSpecial(java.lang.Object, java.lang.Object, java.lang.Object, java.lang.Object, java.lang.Object, java.lang.Object, java.lang.Object, java.lang.Object, java.lang.Object, java.lang.Object, java.lang.Object, java.lang.Object, java.lang.Object, java.lang.Object, java.lang.Object, java.lang.Object, java.lang.Object, java.lang.Object, java.lang.Object, java.lang.Object, java.lang.Ob
Event: 57.013 Thread 0x000001e592aef6b0 Exception <a 'java/lang/NoSuchMethodError'{0x00000000c47798a0}: 'java.lang.Object java.lang.invoke.DelegatingMethodHandle$Holder.reinvoke_L(java.lang.Object, java.lang.Object, java.lang.Object, java.lang.Object, java.lang.Object, java.lang.Object, java.lang.Object, java.lang.Object, java.lang.Object, java.lang.Object, java.lang.Object, java.lang.Object, java.lang.Object, java.lang.Object, java.lang.Object, java.lang.Object, java.lang.Object, java.lang.Object, java.lang.Object, java.lang.Object, java.lang.O
Event: 57.014 Thread 0x000001e592aef6b0 Exception <a 'java/lang/NoSuchMethodError'{0x00000000c4784bd8}: 'java.lang.Object java.lang.invoke.Invokers$Holder.invoker(java.lang.Object, java.lang.Object, java.lang.Object, java.lang.Object, java.lang.Object, java.lang.Object, java.lang.Object, java.lang.Object, java.lang.Object, java.lang.Object, java.lang.Object, java.lang.Object, java.lang.Object, java.lang.Object, java.lang.Object, java.lang.Object, java.lang.Object, java.lang.Object, java.lang.Object, java.lang.Object, java.lang.Object, java.lang.
Event: 57.015 Thread 0x000001e592aef6b0 Exception <a 'java/lang/NoSuchMethodError'{0x00000000c478b4f0}: 'java.lang.Object java.lang.invoke.DelegatingMethodHandle$Holder.delegate(java.lang.Object, java.lang.Object, java.lang.Object, java.lang.Object, java.lang.Object, java.lang.Object, java.lang.Object, java.lang.Object, java.lang.Object, java.lang.Object, java.lang.Object, java.lang.Object, java.lang.Object, java.lang.Object, java.lang.Object, java.lang.Object, java.lang.Object, java.lang.Object, java.lang.Object, java.lang.Object, java.lang.Obj
Event: 64.185 Thread 0x000001e592aef6b0 Exception <a 'java/lang/NoSuchMethodError'{0x00000000c4b76b78}: 'java.lang.Object java.lang.invoke.DirectMethodHandle$Holder.invokeVirtual(java.lang.Object, java.lang.Object, java.lang.Object, java.lang.Object, java.lang.Object, java.lang.Object, java.lang.Object, java.lang.Object, java.lang.Object, java.lang.Object, java.lang.Object, java.lang.Object, java.lang.Object, java.lang.Object, java.lang.Object)'> (0x00000000c4b76b78) 
thrown [s\src\hotspot\share\interpreter\linkResolver.cpp, line 773]
Event: 64.221 Thread 0x000001e592aef6b0 Exception <a 'java/lang/NoSuchMethodError'{0x00000000c4ab4560}: 'java.lang.Object java.lang.invoke.DirectMethodHandle$Holder.newInvokeSpecial(java.lang.Object, java.lang.Object, java.lang.Object, java.lang.Object, java.lang.Object, java.lang.Object, java.lang.Object, java.lang.Object, java.lang.Object, java.lang.Object, java.lang.Object, java.lang.Object, java.lang.Object)'> (0x00000000c4ab4560) 
thrown [s\src\hotspot\share\interpreter\linkResolver.cpp, line 773]
Event: 64.453 Thread 0x000001e592aef6b0 Exception <a 'java/lang/NoSuchMethodError'{0x00000000c4792460}: 'java.lang.Object java.lang.invoke.DirectMethodHandle$Holder.newInvokeSpecial(java.lang.Object, java.lang.Object, java.lang.Object, java.lang.Object, int)'> (0x00000000c4792460) 
thrown [s\src\hotspot\share\interpreter\linkResolver.cpp, line 773]
Event: 64.454 Thread 0x000001e592aef6b0 Exception <a 'java/lang/NoSuchMethodError'{0x00000000c47971d0}: 'java.lang.Object java.lang.invoke.DirectMethodHandle$Holder.invokeSpecial(java.lang.Object, java.lang.Object, java.lang.Object, java.lang.Object, java.lang.Object, int)'> (0x00000000c47971d0) 
thrown [s\src\hotspot\share\interpreter\linkResolver.cpp, line 773]
Event: 64.454 Thread 0x000001e592aef6b0 Exception <a 'java/lang/NoSuchMethodError'{0x00000000c479b908}: 'java.lang.Object java.lang.invoke.Invokers$Holder.linkToTargetMethod(java.lang.Object, java.lang.Object, java.lang.Object, int, java.lang.Object)'> (0x00000000c479b908) 
thrown [s\src\hotspot\share\interpreter\linkResolver.cpp, line 773]
Event: 64.635 Thread 0x000001e592aef6b0 Exception <a 'java/lang/NoSuchMethodError'{0x00000000c45ab990}: 'int java.lang.invoke.DirectMethodHandle$Holder.invokeInterface(java.lang.Object, java.lang.Object, java.lang.Object, java.lang.Object)'> (0x00000000c45ab990) 
thrown [s\src\hotspot\share\interpreter\linkResolver.cpp, line 773]
Event: 64.812 Thread 0x000001e592aef6b0 Exception <a 'java/lang/NoSuchMethodError'{0x00000000c43b7358}: 'java.lang.Object java.lang.invoke.DirectMethodHandle$Holder.invokeStatic(java.lang.Object, long, java.lang.Object)'> (0x00000000c43b7358) 
thrown [s\src\hotspot\share\interpreter\linkResolver.cpp, line 773]
Event: 64.815 Thread 0x000001e592aef6b0 Exception <a 'java/lang/NoSuchMethodError'{0x00000000c43be6e0}: 'java.lang.Object java.lang.invoke.DirectMethodHandle$Holder.newInvokeSpecial(java.lang.Object, long)'> (0x00000000c43be6e0) 
thrown [s\src\hotspot\share\interpreter\linkResolver.cpp, line 773]
Event: 64.848 Thread 0x000001e592aef6b0 Exception <a 'java/lang/NoSuchMethodError'{0x00000000c4223be0}: 'java.lang.Object java.lang.invoke.DirectMethodHandle$Holder.newInvokeSpecial(java.lang.Object, java.lang.Object, java.lang.Object, java.lang.Object, java.lang.Object, long, java.lang.Object)'> (0x00000000c4223be0) 
thrown [s\src\hotspot\share\interpreter\linkResolver.cpp, line 773]
Event: 64.851 Thread 0x000001e592aef6b0 Exception <a 'java/lang/NoSuchMethodError'{0x00000000c422c588}: 'java.lang.Object java.lang.invoke.Invokers$Holder.linkToTargetMethod(java.lang.Object, java.lang.Object, java.lang.Object, java.lang.Object, long, java.lang.Object, java.lang.Object)'> (0x00000000c422c588) 
thrown [s\src\hotspot\share\interpreter\linkResolver.cpp, line 773]
Event: 64.871 Thread 0x000001e592aef6b0 Exception <a 'java/lang/NoSuchMethodError'{0x00000000c4271e90}: 'java.lang.Object java.lang.invoke.DirectMethodHandle$Holder.newInvokeSpecial(java.lang.Object, java.lang.Object, java.lang.Object, long, java.lang.Object)'> (0x00000000c4271e90) 
thrown [s\src\hotspot\share\interpreter\linkResolver.cpp, line 773]
Event: 64.875 Thread 0x000001e592aef6b0 Exception <a 'java/lang/NoSuchMethodError'{0x00000000c4276cd8}: 'java.lang.Object java.lang.invoke.DirectMethodHandle$Holder.invokeSpecial(java.lang.Object, java.lang.Object, java.lang.Object, java.lang.Object, long, java.lang.Object)'> (0x00000000c4276cd8) 
thrown [s\src\hotspot\share\interpreter\linkResolver.cpp, line 773]
Event: 64.876 Thread 0x000001e592aef6b0 Exception <a 'java/lang/NoSuchMethodError'{0x00000000c427b210}: 'java.lang.Object java.lang.invoke.Invokers$Holder.linkToTargetMethod(java.lang.Object, java.lang.Object, long, java.lang.Object, java.lang.Object)'> (0x00000000c427b210) 
thrown [s\src\hotspot\share\interpreter\linkResolver.cpp, line 773]

ZGC Phase Switch (0 events):
No events

VM Operations (20 events):
Event: 56.329 Executing non-safepoint VM operation: HandshakeAllThreads (Deoptimize)
Event: 56.329 Executing non-safepoint VM operation: HandshakeAllThreads (Deoptimize) done
Event: 57.342 Executing safepoint VM operation: Cleanup
Event: 57.342 Executing safepoint VM operation: Cleanup done
Event: 60.223 Executing non-safepoint VM operation: HandshakeAllThreads (HandshakeForDeflation)
Event: 60.224 Executing non-safepoint VM operation: HandshakeAllThreads (HandshakeForDeflation) done
Event: 60.224 Executing safepoint VM operation: Cleanup
Event: 60.224 Executing safepoint VM operation: Cleanup done
Event: 60.224 Executing non-safepoint VM operation: RendezvousGCThreads
Event: 60.224 Executing non-safepoint VM operation: RendezvousGCThreads done
Event: 62.230 Executing safepoint VM operation: Cleanup
Event: 62.245 Executing safepoint VM operation: Cleanup done
Event: 62.402 Executing safepoint VM operation: G1CollectForAllocation (G1 Evacuation Pause)
Event: 62.408 Executing safepoint VM operation: G1CollectForAllocation (G1 Evacuation Pause) done
Event: 63.420 Executing safepoint VM operation: Cleanup
Event: 63.420 Executing safepoint VM operation: Cleanup done
Event: 64.430 Executing safepoint VM operation: Cleanup
Event: 64.445 Executing safepoint VM operation: Cleanup done
Event: 64.626 Executing non-safepoint VM operation: HandshakeAllThreads (Deoptimize)
Event: 64.626 Executing non-safepoint VM operation: HandshakeAllThreads (Deoptimize) done

Memory protections (0 events):
No events

Nmethod flushes (20 events):
Event: 53.138 Thread 0x000001e54c388aa0 flushing  nmethod 0x000001e53938e390
Event: 53.138 Thread 0x000001e54c388aa0 flushing  nmethod 0x000001e53938f290
Event: 53.138 Thread 0x000001e54c388aa0 flushing  nmethod 0x000001e539391b10
Event: 53.138 Thread 0x000001e54c388aa0 flushing  nmethod 0x000001e539392510
Event: 53.138 Thread 0x000001e54c388aa0 flushing  nmethod 0x000001e53939bd90
Event: 53.138 Thread 0x000001e54c388aa0 flushing  nmethod 0x000001e5393eac90
Event: 53.138 Thread 0x000001e54c388aa0 flushing  nmethod 0x000001e5393edb90
Event: 53.138 Thread 0x000001e54c388aa0 flushing  nmethod 0x000001e5393eef90
Event: 53.138 Thread 0x000001e54c388aa0 flushing  nmethod 0x000001e5393ef490
Event: 53.138 Thread 0x000001e54c388aa0 flushing  nmethod 0x000001e5393f3990
Event: 53.138 Thread 0x000001e54c388aa0 flushing  nmethod 0x000001e53942c110
Event: 53.138 Thread 0x000001e54c388aa0 flushing  nmethod 0x000001e539449f90
Event: 53.138 Thread 0x000001e54c388aa0 flushing  nmethod 0x000001e53944aa10
Event: 53.138 Thread 0x000001e54c388aa0 flushing  nmethod 0x000001e53944b390
Event: 53.138 Thread 0x000001e54c388aa0 flushing  nmethod 0x000001e53945e110
Event: 53.138 Thread 0x000001e54c388aa0 flushing  nmethod 0x000001e53945f090
Event: 53.138 Thread 0x000001e54c388aa0 flushing  nmethod 0x000001e53951ea10
Event: 53.138 Thread 0x000001e54c388aa0 flushing  nmethod 0x000001e539595110
Event: 53.138 Thread 0x000001e54c388aa0 flushing  nmethod 0x000001e5395cee10
Event: 53.138 Thread 0x000001e54c388aa0 flushing  nmethod 0x000001e539688d90

Events (20 events):
Event: 32.542 Thread 0x000001e592751a00 Thread added: 0x000001e592752070
Event: 33.731 Thread 0x000001e592751a00 Thread added: 0x000001e592aee300
Event: 33.828 Thread 0x000001e592751a00 Thread added: 0x000001e592aef6b0
Event: 33.861 Thread 0x000001e592aef6b0 Thread added: 0x000001e592aec8c0
Event: 33.880 Thread 0x000001e592aef6b0 Thread added: 0x000001e592aee990
Event: 33.889 Thread 0x000001e592aef6b0 Thread added: 0x000001e592aefd40
Event: 35.988 Thread 0x000001e592aef6b0 Thread added: 0x000001e592aef020
Event: 36.079 Thread 0x000001e592aef6b0 Thread added: 0x000001e592aecf50
Event: 36.640 Thread 0x000001e592aef6b0 Thread added: 0x000001e592aed5e0
Event: 36.880 Thread 0x000001e592aecf50 Thread added: 0x000001e592aedc70
Event: 40.745 Thread 0x000001e592aef6b0 Thread added: 0x000001e54c52c040
Event: 41.053 Thread 0x000001e592aef6b0 Thread added: 0x000001e54c52ac90
Event: 42.919 Thread 0x000001e592aef6b0 Thread added: 0x000001e54c52b320
Event: 42.991 Thread 0x000001e592aef6b0 Thread added: 0x000001e54c529f70
Event: 47.958 Thread 0x000001e592aef6b0 Thread added: 0x000001e54c52c6d0
Event: 50.745 Thread 0x000001e592aef6b0 Thread added: 0x000001e54c529250
Event: 51.882 Thread 0x000001e592aef6b0 Thread added: 0x000001e54c52cd60
Event: 52.344 Thread 0x000001e592aef6b0 Thread added: 0x000001e54c52da80
Event: 53.667 Thread 0x000001e592aef6b0 Thread added: 0x000001e54c52d3f0
Event: 54.014 Thread 0x000001e592aef6b0 Thread added: 0x000001e54c52e110


Dynamic libraries:
0x00007ff69d5b0000 - 0x00007ff69d5be000 	C:\Users\LENOVO\.antigravity-ide\extensions\redhat.java-1.56.0-win32-x64\jre\21.0.12.1-win32-x86_64\bin\java.exe
0x00007ffba7f40000 - 0x00007ffba81a7000 	C:\WINDOWS\SYSTEM32\ntdll.dll
0x00007ffba6070000 - 0x00007ffba613b000 	C:\WINDOWS\System32\KERNEL32.DLL
0x00007ffba5490000 - 0x00007ffba5892000 	C:\WINDOWS\System32\KERNELBASE.dll
0x00007ffba5140000 - 0x00007ffba528c000 	C:\WINDOWS\System32\ucrtbase.dll
0x00007ffb86800000 - 0x00007ffb86818000 	C:\Users\LENOVO\.antigravity-ide\extensions\redhat.java-1.56.0-win32-x64\jre\21.0.12.1-win32-x86_64\bin\jli.dll
0x00007ffba5e00000 - 0x00007ffba5fcf000 	C:\WINDOWS\System32\USER32.dll
0x00007ffba59e0000 - 0x00007ffba5a07000 	C:\WINDOWS\System32\win32u.dll
0x00007ffba5d80000 - 0x00007ffba5dab000 	C:\WINDOWS\System32\GDI32.dll
0x00007ffba52a0000 - 0x00007ffba53c9000 	C:\WINDOWS\System32\gdi32full.dll
0x00007ffba5930000 - 0x00007ffba59d3000 	C:\WINDOWS\System32\msvcp_win.dll
0x00007ffb8b2d0000 - 0x00007ffb8b2ee000 	C:\Users\LENOVO\.antigravity-ide\extensions\redhat.java-1.56.0-win32-x64\jre\21.0.12.1-win32-x86_64\bin\VCRUNTIME140.dll
0x00007ffb8ec40000 - 0x00007ffb8eed0000 	C:\WINDOWS\WinSxS\amd64_microsoft.windows.common-controls_6595b64144ccf1df_6.0.26100.9278_none_3e0d1ba8e3303201\COMCTL32.dll
0x00007ffba6840000 - 0x00007ffba68e9000 	C:\WINDOWS\System32\msvcrt.dll
0x00007ffba5dc0000 - 0x00007ffba5df1000 	C:\WINDOWS\System32\IMM32.DLL
0x00007ffb933d0000 - 0x00007ffb933dc000 	C:\Users\LENOVO\.antigravity-ide\extensions\redhat.java-1.56.0-win32-x64\jre\21.0.12.1-win32-x86_64\bin\vcruntime140_1.dll
0x00007ffb4a830000 - 0x00007ffb4a8bd000 	C:\Users\LENOVO\.antigravity-ide\extensions\redhat.java-1.56.0-win32-x64\jre\21.0.12.1-win32-x86_64\bin\msvcp140.dll
0x00007ffac5e60000 - 0x00007ffac6c02000 	C:\Users\LENOVO\.antigravity-ide\extensions\redhat.java-1.56.0-win32-x64\jre\21.0.12.1-win32-x86_64\bin\server\jvm.dll
0x00007ffba66f0000 - 0x00007ffba67ac000 	C:\WINDOWS\System32\ADVAPI32.dll
0x00007ffba7e30000 - 0x00007ffba7ed9000 	C:\WINDOWS\System32\sechost.dll
0x00007ffba5c60000 - 0x00007ffba5d78000 	C:\WINDOWS\System32\RPCRT4.dll
0x00007ffba7090000 - 0x00007ffba7110000 	C:\WINDOWS\System32\WS2_32.dll
0x00007ffba4f90000 - 0x00007ffba4fee000 	C:\WINDOWS\SYSTEM32\POWRPROF.dll
0x00007ffb983b0000 - 0x00007ffb983e6000 	C:\WINDOWS\SYSTEM32\WINMM.dll
0x00007ffb93ff0000 - 0x00007ffb93ffb000 	C:\WINDOWS\SYSTEM32\VERSION.dll
0x00007ffba4f70000 - 0x00007ffba4f85000 	C:\WINDOWS\SYSTEM32\UMPDC.dll
0x00007ffba3dd0000 - 0x00007ffba3deb000 	C:\WINDOWS\SYSTEM32\kernel.appcore.dll
0x00007ffb8aef0000 - 0x00007ffb8aefa000 	C:\Users\LENOVO\.antigravity-ide\extensions\redhat.java-1.56.0-win32-x64\jre\21.0.12.1-win32-x86_64\bin\jimage.dll
0x00007ffba2480000 - 0x00007ffba26cc000 	C:\WINDOWS\SYSTEM32\DBGHELP.DLL
0x00007ffba7950000 - 0x00007ffba7cd5000 	C:\WINDOWS\System32\combase.dll
0x00007ffba62c0000 - 0x00007ffba6399000 	C:\WINDOWS\System32\OLEAUT32.dll
0x00007ffb8c4f0000 - 0x00007ffb8c52b000 	C:\WINDOWS\SYSTEM32\dbgcore.DLL
0x00007ffba5a10000 - 0x00007ffba5abc000 	C:\WINDOWS\System32\bcryptPrimitives.dll
0x00007ffb833e0000 - 0x00007ffb833ef000 	C:\Users\LENOVO\.antigravity-ide\extensions\redhat.java-1.56.0-win32-x64\jre\21.0.12.1-win32-x86_64\bin\instrument.dll
0x00007ffb85ab0000 - 0x00007ffb85ad0000 	C:\Users\LENOVO\.antigravity-ide\extensions\redhat.java-1.56.0-win32-x64\jre\21.0.12.1-win32-x86_64\bin\java.dll
0x00007ffba68f0000 - 0x00007ffba7088000 	C:\WINDOWS\System32\SHELL32.dll
0x00007ffba2b60000 - 0x00007ffba340e000 	C:\WINDOWS\SYSTEM32\windows.storage.dll
0x00007ffba7d30000 - 0x00007ffba7e2b000 	C:\WINDOWS\System32\SHCORE.dll
0x00007ffba67d0000 - 0x00007ffba6836000 	C:\WINDOWS\System32\shlwapi.dll
0x00007ffba5060000 - 0x00007ffba5089000 	C:\WINDOWS\SYSTEM32\profapi.dll
0x00007ffb72140000 - 0x00007ffb72158000 	C:\Users\LENOVO\.antigravity-ide\extensions\redhat.java-1.56.0-win32-x64\jre\21.0.12.1-win32-x86_64\bin\zip.dll
0x00007ffb833f0000 - 0x00007ffb83400000 	C:\Users\LENOVO\.antigravity-ide\extensions\redhat.java-1.56.0-win32-x64\jre\21.0.12.1-win32-x86_64\bin\net.dll
0x00007ffb9d7d0000 - 0x00007ffb9d8fa000 	C:\WINDOWS\SYSTEM32\WINHTTP.dll
0x00007ffba4370000 - 0x00007ffba43dc000 	C:\WINDOWS\system32\mswsock.dll
0x00007ffb721a0000 - 0x00007ffb721b6000 	C:\Users\LENOVO\.antigravity-ide\extensions\redhat.java-1.56.0-win32-x64\jre\21.0.12.1-win32-x86_64\bin\nio.dll
0x00007ffb72520000 - 0x00007ffb72530000 	C:\Users\LENOVO\.antigravity-ide\extensions\redhat.java-1.56.0-win32-x64\jre\21.0.12.1-win32-x86_64\bin\verify.dll
0x00007ffb4bb90000 - 0x00007ffb4bbb7000 	C:\Users\LENOVO\.gradle\native\1def1411415f61bf3af743bc5b6707747c0891f09f0c88961ee8f79bc544acac\windows-amd64\native-platform.dll
0x00007ffb4a110000 - 0x00007ffb4a188000 	C:\Users\LENOVO\.gradle\native\0.2.7\x86_64-windows-gnu\gradle-fileevents.dll
0x00007ffb72160000 - 0x00007ffb7216a000 	C:\Users\LENOVO\.antigravity-ide\extensions\redhat.java-1.56.0-win32-x64\jre\21.0.12.1-win32-x86_64\bin\management.dll
0x00007ffb6c490000 - 0x00007ffb6c49c000 	C:\Users\LENOVO\.antigravity-ide\extensions\redhat.java-1.56.0-win32-x64\jre\21.0.12.1-win32-x86_64\bin\management_ext.dll
0x00007ffba5db0000 - 0x00007ffba5db8000 	C:\WINDOWS\System32\PSAPI.DLL
0x00007ffba3780000 - 0x00007ffba37b3000 	C:\WINDOWS\SYSTEM32\IPHLPAPI.DLL
0x00007ffba7120000 - 0x00007ffba712a000 	C:\WINDOWS\System32\NSI.dll
0x00007ffb66b60000 - 0x00007ffb66b69000 	C:\Users\LENOVO\.antigravity-ide\extensions\redhat.java-1.56.0-win32-x64\jre\21.0.12.1-win32-x86_64\bin\extnet.dll
0x00007ffba4790000 - 0x00007ffba47ab000 	C:\WINDOWS\SYSTEM32\CRYPTSP.dll
0x00007ffba3d30000 - 0x00007ffba3d69000 	C:\WINDOWS\system32\rsaenh.dll
0x00007ffba4420000 - 0x00007ffba4454000 	C:\WINDOWS\SYSTEM32\USERENV.dll
0x00007ffba5030000 - 0x00007ffba505a000 	C:\WINDOWS\SYSTEM32\bcrypt.dll
0x00007ffba45d0000 - 0x00007ffba45dc000 	C:\WINDOWS\SYSTEM32\CRYPTBASE.dll
0x00007ffb4ab20000 - 0x00007ffb4ab2e000 	C:\Users\LENOVO\.antigravity-ide\extensions\redhat.java-1.56.0-win32-x64\jre\21.0.12.1-win32-x86_64\bin\sunmscapi.dll
0x00007ffba5ad0000 - 0x00007ffba5c4e000 	C:\WINDOWS\System32\CRYPT32.dll
0x00007ffba4900000 - 0x00007ffba4930000 	C:\WINDOWS\SYSTEM32\ncrypt.dll
0x00007ffba48b0000 - 0x00007ffba48ef000 	C:\WINDOWS\SYSTEM32\NTASN1.dll
0x00007ffb7b120000 - 0x00007ffb7b128000 	C:\WINDOWS\system32\wshunix.dll

JVMTI agents:
C:\Users\LENOVO\.gradle\wrapper\dists\gradle-8.14-bin\38aieal9i53h9rfe7vjup95b9\gradle-8.14\lib\agents\gradle-instrumentation-agent-8.14.jar path:C:\Users\LENOVO\.antigravity-ide\extensions\redhat.java-1.56.0-win32-x64\jre\21.0.12.1-win32-x86_64\bin\instrument.dll, loaded, initialized, instrumentlib options:none

dbghelp: loaded successfully - version: 4.0.5 - missing functions: none
symbol engine: initialized successfully - sym options: 0x614 - pdb path: .;C:\Users\LENOVO\.antigravity-ide\extensions\redhat.java-1.56.0-win32-x64\jre\21.0.12.1-win32-x86_64\bin;C:\WINDOWS\SYSTEM32;C:\WINDOWS\WinSxS\amd64_microsoft.windows.common-controls_6595b64144ccf1df_6.0.26100.9278_none_3e0d1ba8e3303201;C:\Users\LENOVO\.antigravity-ide\extensions\redhat.java-1.56.0-win32-x64\jre\21.0.12.1-win32-x86_64\bin\server;C:\Users\LENOVO\.gradle\native\1def1411415f61bf3af743bc5b6707747c0891f09f0c88961ee8f79bc544acac\windows-amd64;C:\Users\LENOVO\.gradle\native\0.2.7\x86_64-windows-gnu

VM Arguments:
jvm_args: --add-opens=java.base/java.lang=ALL-UNNAMED --add-opens=java.base/java.lang.invoke=ALL-UNNAMED --add-opens=java.base/java.util=ALL-UNNAMED --add-opens=java.prefs/java.util.prefs=ALL-UNNAMED --add-exports=jdk.compiler/com.sun.tools.javac.api=ALL-UNNAMED --add-exports=jdk.compiler/com.sun.tools.javac.util=ALL-UNNAMED --add-opens=java.base/java.util=ALL-UNNAMED --add-opens=java.prefs/java.util.prefs=ALL-UNNAMED --add-opens=java.base/java.nio.charset=ALL-UNNAMED --add-opens=java.base/java.net=ALL-UNNAMED --add-opens=java.base/java.util.concurrent.atomic=ALL-UNNAMED --add-opens=java.xml/javax.xml.namespace=ALL-UNNAMED -Xmx1024m -Dfile.encoding=UTF-8 -Duser.country=US -Duser.language=en -Duser.variant -javaagent:C:\Users\LENOVO\.gradle\wrapper\dists\gradle-8.14-bin\38aieal9i53h9rfe7vjup95b9\gradle-8.14\lib\agents\gradle-instrumentation-agent-8.14.jar 
java_command: org.gradle.launcher.daemon.bootstrap.GradleDaemon 8.14
java_class_path (initial): C:\Users\LENOVO\.gradle\wrapper\dists\gradle-8.14-bin\38aieal9i53h9rfe7vjup95b9\gradle-8.14\lib\gradle-daemon-main-8.14.jar
Launcher Type: SUN_STANDARD

[Global flags]
     intx CICompilerCount                          = 4                                         {product} {ergonomic}
     uint ConcGCThreads                            = 2                                         {product} {ergonomic}
     uint G1ConcRefinementThreads                  = 8                                         {product} {ergonomic}
   size_t G1HeapRegionSize                         = 1048576                                   {product} {ergonomic}
    uintx GCDrainStackTargetSize                   = 64                                        {product} {ergonomic}
   size_t InitialHeapSize                          = 98566144                                  {product} {ergonomic}
   size_t MarkStackSize                            = 4194304                                   {product} {ergonomic}
   size_t MaxHeapSize                              = 1073741824                                {product} {command line}
   size_t MaxNewSize                               = 643825664                                 {product} {ergonomic}
   size_t MinHeapDeltaBytes                        = 1048576                                   {product} {ergonomic}
   size_t MinHeapSize                              = 8388608                                   {product} {ergonomic}
    uintx NonNMethodCodeHeapSize                   = 5839372                                {pd product} {ergonomic}
    uintx NonProfiledCodeHeapSize                  = 122909434                              {pd product} {ergonomic}
    uintx ProfiledCodeHeapSize                     = 122909434                              {pd product} {ergonomic}
    uintx ReservedCodeCacheSize                    = 251658240                              {pd product} {ergonomic}
     bool SegmentedCodeCache                       = true                                      {product} {ergonomic}
   size_t SoftMaxHeapSize                          = 1073741824                             {manageable} {ergonomic}
     bool UseCompressedOops                        = true                           {product lp64_product} {ergonomic}
     bool UseG1GC                                  = true                                      {product} {ergonomic}
     bool UseLargePagesIndividualAllocation        = false                                  {pd product} {ergonomic}

Logging:
Log output configuration:
 #0: stdout all=warning uptime,level,tags foldmultilines=false
 #1: stderr all=off uptime,level,tags foldmultilines=false

Release file:
JAVA_VERSION="21.0.12.1" 
MODULES="java.base java.compiler java.datatransfer java.xml java.prefs java.desktop java.instrument java.logging java.management java.security.sasl java.naming java.rmi java.management.rmi java.net.http java.scripting java.security.jgss java.transaction.xa java.sql java.sql.rowset java.xml.crypto java.se java.smartcardio jdk.accessibility jdk.internal.jvmstat jdk.attach jdk.charsets jdk.internal.opt jdk.zipfs jdk.compiler jdk.crypto.ec jdk.crypto.cryptoki jdk.crypto.mscapi jdk.dynalink jdk.internal.ed jdk.editpad jdk.hotspot.agent jdk.httpserver jdk.internal.le jdk.internal.vm.ci jdk.internal.vm.compiler jdk.internal.vm.compiler.management jdk.jartool jdk.javadoc jdk.jcmd jdk.management jdk.management.agent jdk.jconsole jdk.jdeps jdk.jdwp.agent jdk.jdi jdk.jfr jdk.jshell jdk.jsobject jdk.jstatd jdk.localedata jdk.management.jfr jdk.naming.dns jdk.naming.rmi jdk.net jdk.nio.mapmode jdk.random jdk.sctp jdk.security.auth jdk.security.jgss jdk.unsupported jdk.unsupported.desktop jdk.xml.dom" 

Environment Variables:
JAVA_HOME=C:\Program Files\Android\Android Studio\jbr
PATH=C:\WINDOWS\system32;C:\WINDOWS;C:\WINDOWS\System32\Wbem;C:\WINDOWS\System32\WindowsPowerShell\v1.0\;C:\WINDOWS\System32\OpenSSH\;C:\Program Files\Docker\Docker\resources\bin;C:\Program Files\nodejs\;C:\Program Files\Git\cmd;C:\Users\LENOVO\AppData\Local\Programs\Python\Python312\Scripts\;C:\Users\LENOVO\AppData\Local\Programs\Python\Python312\;C:\Users\LENOVO\AppData\Local\Programs\Python\Launcher\;C:\Users\LENOVO\AppData\Local\Programs\Python\Python314\Scripts\;C:\Users\LENOVO\AppData\Local\Programs\Python\Python314\;C:\Users\LENOVO\AppData\Local\Microsoft\WindowsApps;C:\Users\LENOVO\AppData\Local\Programs\Antigravity\bin;C:\Users\LENOVO\AppData\Roaming\npm;C:\ScrcpyLauncher by praveen;C:\Users\LENOVO\AppData\Local\PowerToys\DSCModules\;C:\Users\LENOVO\AppData\Local\Programs\Antigravity IDE\bin
USERNAME=LENOVO
OS=Windows_NT
PROCESSOR_IDENTIFIER=AMD64 Family 23 Model 160 Stepping 0, AuthenticAMD
TMP=C:\Users\LENOVO\AppData\Local\Temp
TEMP=C:\Users\LENOVO\AppData\Local\Temp




Periodic native trim disabled

---------------  S Y S T E M  ---------------

OS:
 Windows 11 , 64 bit Build 26100 (10.0.26100.9444)
OS uptime: 3 days 17:39 hours
Hyper-V role detected

CPU: total 8 (initial active 8) (8 cores per cpu, 2 threads per core) family 23 model 160 stepping 0 microcode 0x8a0000a, cx8, cmov, fxsr, ht, mmx, 3dnowpref, sse, sse2, sse3, ssse3, sse4a, sse4.1, sse4.2, popcnt, lzcnt, tsc, tscinvbit, avx, avx2, aes, clmul, bmi1, bmi2, adx, sha, fma, vzeroupper, clflush, clflushopt, hv, rdtscp, rdpid, f16c
Processor Information for the first 8 processors :
  Max Mhz: 2401, Current Mhz: 2401, Mhz Limit: 2401

Memory: 4k page, system-wide physical 5965M (156M free)
TotalPageFile size 24397M (AvailPageFile size 0M)
current process WorkingSet (physical memory assigned to process): 164M, peak: 188M
current process commit charge ("private bytes"): 278M, peak: 282M

vm_info: OpenJDK 64-Bit Server VM (21.0.12.1+1-LTS) for windows-amd64 JRE (21.0.12.1+1-LTS), built on 2026-08-18T00:00:00Z by "admin" with MS VC++ 17.12 (VS2022)

END.
