#
# There is insufficient memory for the Java Runtime Environment to continue.
# Native memory allocation (malloc) failed to allocate 1347056 bytes. Error detail: Chunk::new
# Possible reasons:
#   The system is out of physical RAM or swap space
#   This process is running with CompressedOops enabled, and the Java Heap may be blocking the growth of the native heap
# Possible solutions:
#   Reduce memory load on the system
#   Increase physical memory or swap space
#   Check if swap backing store is full
#   Decrease Java heap size (-Xmx/-Xms)
#   Decrease number of Java threads
#   Decrease Java thread stack sizes (-Xss)
#   Set larger code cache with -XX:ReservedCodeCacheSize=
#   JVM is running with Unscaled Compressed Oops mode in which the Java heap is
#     placed in the first 4GB address space. The Java Heap base address is the
#     maximum limit for the native heap growth. Please use -XX:HeapBaseMinAddress
#     to set the Java Heap base and to place the Java Heap above 4GB virtual address.
# This output file may be truncated or incomplete.
#
#  Out of Memory Error (arena.cpp:168), pid=24768, tid=13424
#
# JRE version: OpenJDK Runtime Environment Temurin-21.0.12.1+1 (21.0.12.1+1) (build 21.0.12.1+1-LTS)
# Java VM: OpenJDK 64-Bit Server VM Temurin-21.0.12.1+1 (21.0.12.1+1-LTS, mixed mode, tiered, compressed oops, compressed class ptrs, g1 gc, windows-amd64)
# No core dump will be written. Minidumps are not enabled by default on client versions of Windows
#

---------------  S U M M A R Y ------------

Command Line: --add-opens=java.base/java.lang=ALL-UNNAMED --add-opens=java.base/java.lang.invoke=ALL-UNNAMED --add-opens=java.base/java.util=ALL-UNNAMED --add-opens=java.prefs/java.util.prefs=ALL-UNNAMED --add-exports=jdk.compiler/com.sun.tools.javac.api=ALL-UNNAMED --add-exports=jdk.compiler/com.sun.tools.javac.util=ALL-UNNAMED --add-opens=java.base/java.util=ALL-UNNAMED --add-opens=java.prefs/java.util.prefs=ALL-UNNAMED --add-opens=java.base/java.nio.charset=ALL-UNNAMED --add-opens=java.base/java.net=ALL-UNNAMED --add-opens=java.base/java.util.concurrent.atomic=ALL-UNNAMED --add-opens=java.xml/javax.xml.namespace=ALL-UNNAMED -Xmx1024m -Dfile.encoding=UTF-8 -Duser.country=US -Duser.language=en -Duser.variant -javaagent:C:\Users\LENOVO\.gradle\wrapper\dists\gradle-8.14-bin\38aieal9i53h9rfe7vjup95b9\gradle-8.14\lib\agents\gradle-instrumentation-agent-8.14.jar org.gradle.launcher.daemon.bootstrap.GradleDaemon 8.14

Host: AMD Ryzen 3 7320U with Radeon Graphics         , 8 cores, 5G,  Windows 11 , 64 bit Build 26100 (10.0.26100.9444)
Time: Thu Oct  8 17:05:21 2026 Nepal Standard Time elapsed time: 419.800299 seconds (0d 0h 6m 59s)

---------------  T H R E A D  ---------------

Current thread (0x0000017d2f8d5740):  JavaThread "C2 CompilerThread0" daemon [_thread_in_native, id=13424, stack(0x00000021a4400000,0x00000021a4500000) (1024K)]


Current CompileTask:
C2:419800 9715       4       org.gradle.internal.instantiation.generator.AbstractClassGenerator::inspectType (602 bytes)

Stack: [0x00000021a4400000,0x00000021a4500000]
Native frames: (J=compiled Java code, j=interpreted, Vv=VM code, C=native code)
V  [jvm.dll+0x6d83e9]
V  [jvm.dll+0x8b5736]
V  [jvm.dll+0x8b7cee]
V  [jvm.dll+0x8b83d3]
V  [jvm.dll+0x284596]
V  [jvm.dll+0xc685d]
V  [jvm.dll+0xc6da1]
V  [jvm.dll+0x2fb5ae]
V  [jvm.dll+0x5fee94]
V  [jvm.dll+0x255d67]
V  [jvm.dll+0x24e0f4]
V  [jvm.dll+0x24bbe6]
V  [jvm.dll+0x1cb4ae]
V  [jvm.dll+0x25baad]
V  [jvm.dll+0x25a03a]
V  [jvm.dll+0x3f8aae]
V  [jvm.dll+0x8600cd]
V  [jvm.dll+0x6d6c1d]
C  [ucrtbase.dll+0x2cd30]
C  [KERNEL32.DLL+0x2cd87]
C  [ntdll.dll+0xacaec]


---------------  P R O C E S S  ---------------

Threads class SMR info:
_java_thread_list=0x0000017d38bb3610, length=75, elements={
0x0000017d194f0f50, 0x0000017d2f8c50b0, 0x0000017d2f8c6680, 0x0000017d2f8c9c60,
0x0000017d2f8d2980, 0x0000017d2f8d33e0, 0x0000017d2f8d3e40, 0x0000017d2f8d5740,
0x0000017d2f8dc1a0, 0x0000017d2fc88240, 0x0000017d2fc942a0, 0x0000017d34d7e160,
0x0000017d2fc6d3a0, 0x0000017d3580ed60, 0x0000017d34c08540, 0x0000017d357c7860,
0x0000017d357b71e0, 0x0000017d357b7f00, 0x0000017d357b7870, 0x0000017d357b9940,
0x0000017d357b8590, 0x0000017d357b8c20, 0x0000017d357b92b0, 0x0000017d357b6b50,
0x0000017d357b64c0, 0x0000017d3563e9d0, 0x0000017d3563f060, 0x0000017d35641130,
0x0000017d3563f6f0, 0x0000017d3563fd80, 0x0000017d35642b70, 0x0000017d35640aa0,
0x0000017d356424e0, 0x0000017d35641e50, 0x0000017d35643200, 0x0000017d356452d0,
0x0000017d35645960, 0x0000017d363c5010, 0x0000017d363c4980, 0x0000017d363c2f40,
0x0000017d363c56a0, 0x0000017d363c5d30, 0x0000017d363c63c0, 0x0000017d363c6a50,
0x0000017d363c35d0, 0x0000017d363c70e0, 0x0000017d363c3c60, 0x0000017d363c7770,
0x0000017d363c42f0, 0x0000017d363c8490, 0x0000017d363c91b0, 0x0000017d363c7e00,
0x0000017d363c8b20, 0x0000017d363c9840, 0x0000017d363c9ed0, 0x0000017d363ca560,
0x0000017d36bc32e0, 0x0000017d36bc1210, 0x0000017d36bc18a0, 0x0000017d36bc1f30,
0x0000017d36bc3970, 0x0000017d36bc2c50, 0x0000017d36bc25c0, 0x0000017d36bc04f0,
0x0000017d36bc4000, 0x0000017d36bc7b10, 0x0000017d36bc5a40, 0x0000017d36bc60d0,
0x0000017d36bc6760, 0x0000017d36bc4690, 0x0000017d36bc6df0, 0x0000017d36bc4d20,
0x0000017d36bc7480, 0x0000017d36bc53b0, 0x0000017d36081400
}

Java Threads: ( => current thread )
  0x0000017d194f0f50 JavaThread "main"                              [_thread_blocked, id=27444, stack(0x00000021a3600000,0x00000021a3700000) (1024K)]
  0x0000017d2f8c50b0 JavaThread "Reference Handler"          daemon [_thread_blocked, id=27232, stack(0x00000021a3e00000,0x00000021a3f00000) (1024K)]
  0x0000017d2f8c6680 JavaThread "Finalizer"                  daemon [_thread_blocked, id=27224, stack(0x00000021a3f00000,0x00000021a4000000) (1024K)]
  0x0000017d2f8c9c60 JavaThread "Signal Dispatcher"          daemon [_thread_blocked, id=27084, stack(0x00000021a4000000,0x00000021a4100000) (1024K)]
  0x0000017d2f8d2980 JavaThread "Attach Listener"            daemon [_thread_blocked, id=20384, stack(0x00000021a4100000,0x00000021a4200000) (1024K)]
  0x0000017d2f8d33e0 JavaThread "Service Thread"             daemon [_thread_blocked, id=12368, stack(0x00000021a4200000,0x00000021a4300000) (1024K)]
  0x0000017d2f8d3e40 JavaThread "Monitor Deflation Thread"   daemon [_thread_blocked, id=28172, stack(0x00000021a4300000,0x00000021a4400000) (1024K)]
=>0x0000017d2f8d5740 JavaThread "C2 CompilerThread0"         daemon [_thread_in_native, id=13424, stack(0x00000021a4400000,0x00000021a4500000) (1024K)]
  0x0000017d2f8dc1a0 JavaThread "C1 CompilerThread0"         daemon [_thread_blocked, id=17476, stack(0x00000021a4500000,0x00000021a4600000) (1024K)]
  0x0000017d2fc88240 JavaThread "Common-Cleaner"             daemon [_thread_blocked, id=28808, stack(0x00000021a4600000,0x00000021a4700000) (1024K)]
  0x0000017d2fc942a0 JavaThread "Notification Thread"        daemon [_thread_blocked, id=28684, stack(0x00000021a4700000,0x00000021a4800000) (1024K)]
  0x0000017d34d7e160 JavaThread "Daemon health stats"               [_thread_blocked, id=9308, stack(0x00000021a4c00000,0x00000021a4d00000) (1024K)]
  0x0000017d2fc6d3a0 JavaThread "Incoming local TCP Connector on port 22359"        [_thread_in_native, id=25380, stack(0x00000021a4d00000,0x00000021a4e00000) (1024K)]
  0x0000017d3580ed60 JavaThread "Daemon periodic checks"            [_thread_blocked, id=22492, stack(0x00000021a4e00000,0x00000021a4f00000) (1024K)]
  0x0000017d34c08540 JavaThread "Daemon"                            [_thread_blocked, id=3652, stack(0x00000021a4f00000,0x00000021a5000000) (1024K)]
  0x0000017d357c7860 JavaThread "Handler for socket connection from /127.0.0.1:22359 to /127.0.0.1:22360"        [_thread_in_native, id=24208, stack(0x00000021a5000000,0x00000021a5100000) (1024K)]
  0x0000017d357b71e0 JavaThread "Cancel handler"                    [_thread_blocked, id=19848, stack(0x00000021a5100000,0x00000021a5200000) (1024K)]
  0x0000017d357b7f00 JavaThread "Daemon worker"                     [_thread_in_native, id=25528, stack(0x00000021a5200000,0x00000021a5300000) (1024K)]
  0x0000017d357b7870 JavaThread "Asynchronous log dispatcher for DefaultDaemonConnection: socket connection from /127.0.0.1:22359 to /127.0.0.1:22360"        [_thread_blocked, id=12680, stack(0x00000021a5400000,0x00000021a5500000) (1024K)]
  0x0000017d357b9940 JavaThread "Stdin handler"                     [_thread_blocked, id=28356, stack(0x00000021a5500000,0x00000021a5600000) (1024K)]
  0x0000017d357b8590 JavaThread "Daemon client event forwarder"        [_thread_blocked, id=26136, stack(0x00000021a5300000,0x00000021a5400000) (1024K)]
  0x0000017d357b8c20 JavaThread "Cache worker for journal cache (C:\Users\LENOVO\.gradle\caches\journal-1)"        [_thread_blocked, id=22688, stack(0x00000021a3300000,0x00000021a3400000) (1024K)]
  0x0000017d357b92b0 JavaThread "File lock request listener"        [_thread_in_native, id=16704, stack(0x00000021a5a00000,0x00000021a5b00000) (1024K)]
  0x0000017d357b6b50 JavaThread "File lock release action executor"        [_thread_blocked, id=25120, stack(0x00000021a5b00000,0x00000021a5c00000) (1024K)]
  0x0000017d357b64c0 JavaThread "Cache worker for file hash cache (C:\Users\LENOVO\.gradle\caches\8.14\fileHashes)"        [_thread_blocked, id=1292, stack(0x00000021a5c00000,0x00000021a5d00000) (1024K)]
  0x0000017d3563e9d0 JavaThread "Cache worker for file hash cache (C:\Users\LENOVO\Desktop\HeliBoard-main\.gradle\8.14\fileHashes)"        [_thread_blocked, id=26412, stack(0x00000021a3400000,0x00000021a3500000) (1024K)]
  0x0000017d3563f060 JavaThread "Cache worker for Build Output Cleanup Cache (C:\Users\LENOVO\Desktop\HeliBoard-main\.gradle\buildOutputCleanup)"        [_thread_blocked, id=26736, stack(0x00000021a3500000,0x00000021a3600000) (1024K)]
  0x0000017d35641130 JavaThread "File watcher server"        daemon [_thread_in_native, id=23748, stack(0x00000021a5d00000,0x00000021a5e00000) (1024K)]
  0x0000017d3563f6f0 JavaThread "File watcher consumer"      daemon [_thread_blocked, id=26552, stack(0x00000021a5e00000,0x00000021a5f00000) (1024K)]
  0x0000017d3563fd80 JavaThread "jar transforms"                    [_thread_blocked, id=26080, stack(0x00000021a5f00000,0x00000021a6000000) (1024K)]
  0x0000017d35642b70 JavaThread "jar transforms Thread 2"           [_thread_blocked, id=16808, stack(0x00000021a6000000,0x00000021a6100000) (1024K)]
  0x0000017d35640aa0 JavaThread "Cache worker for checksums cache (C:\Users\LENOVO\Desktop\HeliBoard-main\.gradle\8.14\checksums)"        [_thread_blocked, id=14936, stack(0x00000021a6100000,0x00000021a6200000) (1024K)]
  0x0000017d356424e0 JavaThread "Cache worker for file content cache (C:\Users\LENOVO\.gradle\caches\8.14\fileContent)"        [_thread_blocked, id=27968, stack(0x00000021a6200000,0x00000021a6300000) (1024K)]
  0x0000017d35641e50 JavaThread "Cache worker for cache directory md-supplier (C:\Users\LENOVO\.gradle\caches\8.14\md-supplier)"        [_thread_blocked, id=29484, stack(0x00000021a6300000,0x00000021a6400000) (1024K)]
  0x0000017d35643200 JavaThread "Cache worker for cache directory md-rule (C:\Users\LENOVO\.gradle\caches\8.14\md-rule)"        [_thread_blocked, id=27724, stack(0x00000021a6400000,0x00000021a6500000) (1024K)]
  0x0000017d356452d0 JavaThread "Unconstrained build operations"        [_thread_blocked, id=19176, stack(0x00000021a6500000,0x00000021a6600000) (1024K)]
  0x0000017d35645960 JavaThread "Unconstrained build operations Thread 2"        [_thread_blocked, id=25076, stack(0x00000021a6600000,0x00000021a6700000) (1024K)]
  0x0000017d363c5010 JavaThread "Unconstrained build operations Thread 3"        [_thread_blocked, id=22840, stack(0x00000021a6700000,0x00000021a6800000) (1024K)]
  0x0000017d363c4980 JavaThread "Unconstrained build operations Thread 4"        [_thread_blocked, id=18064, stack(0x00000021a6800000,0x00000021a6900000) (1024K)]
  0x0000017d363c2f40 JavaThread "Unconstrained build operations Thread 5"        [_thread_blocked, id=21728, stack(0x00000021a6900000,0x00000021a6a00000) (1024K)]
  0x0000017d363c56a0 JavaThread "Unconstrained build operations Thread 6"        [_thread_blocked, id=26616, stack(0x00000021a6a00000,0x00000021a6b00000) (1024K)]
  0x0000017d363c5d30 JavaThread "Unconstrained build operations Thread 7"        [_thread_blocked, id=25716, stack(0x00000021a6b00000,0x00000021a6c00000) (1024K)]
  0x0000017d363c63c0 JavaThread "Unconstrained build operations Thread 8"        [_thread_blocked, id=2868, stack(0x00000021a6c00000,0x00000021a6d00000) (1024K)]
  0x0000017d363c6a50 JavaThread "Unconstrained build operations Thread 9"        [_thread_blocked, id=29508, stack(0x00000021a6d00000,0x00000021a6e00000) (1024K)]
  0x0000017d363c35d0 JavaThread "Unconstrained build operations Thread 10"        [_thread_blocked, id=23736, stack(0x00000021a6e00000,0x00000021a6f00000) (1024K)]
  0x0000017d363c70e0 JavaThread "Unconstrained build operations Thread 11"        [_thread_blocked, id=10232, stack(0x00000021a6f00000,0x00000021a7000000) (1024K)]
  0x0000017d363c3c60 JavaThread "Unconstrained build operations Thread 12"        [_thread_blocked, id=7128, stack(0x00000021a7000000,0x00000021a7100000) (1024K)]
  0x0000017d363c7770 JavaThread "Unconstrained build operations Thread 13"        [_thread_blocked, id=18284, stack(0x00000021a7100000,0x00000021a7200000) (1024K)]
  0x0000017d363c42f0 JavaThread "Unconstrained build operations Thread 14"        [_thread_blocked, id=23144, stack(0x00000021a7200000,0x00000021a7300000) (1024K)]
  0x0000017d363c8490 JavaThread "Unconstrained build operations Thread 15"        [_thread_blocked, id=27940, stack(0x00000021a7300000,0x00000021a7400000) (1024K)]
  0x0000017d363c91b0 JavaThread "Unconstrained build operations Thread 16"        [_thread_blocked, id=13584, stack(0x00000021a7400000,0x00000021a7500000) (1024K)]
  0x0000017d363c7e00 JavaThread "Unconstrained build operations Thread 17"        [_thread_blocked, id=25132, stack(0x00000021a7500000,0x00000021a7600000) (1024K)]
  0x0000017d363c8b20 JavaThread "Unconstrained build operations Thread 18"        [_thread_blocked, id=20240, stack(0x00000021a7600000,0x00000021a7700000) (1024K)]
  0x0000017d363c9840 JavaThread "Unconstrained build operations Thread 19"        [_thread_blocked, id=24712, stack(0x00000021a7700000,0x00000021a7800000) (1024K)]
  0x0000017d363c9ed0 JavaThread "Unconstrained build operations Thread 20"        [_thread_blocked, id=25384, stack(0x00000021a7800000,0x00000021a7900000) (1024K)]
  0x0000017d363ca560 JavaThread "Unconstrained build operations Thread 21"        [_thread_blocked, id=29340, stack(0x00000021a7900000,0x00000021a7a00000) (1024K)]
  0x0000017d36bc32e0 JavaThread "Unconstrained build operations Thread 22"        [_thread_blocked, id=4968, stack(0x00000021a7c00000,0x00000021a7d00000) (1024K)]
  0x0000017d36bc1210 JavaThread "Unconstrained build operations Thread 23"        [_thread_blocked, id=22324, stack(0x00000021a7d00000,0x00000021a7e00000) (1024K)]
  0x0000017d36bc18a0 JavaThread "Unconstrained build operations Thread 24"        [_thread_blocked, id=14304, stack(0x00000021a7e00000,0x00000021a7f00000) (1024K)]
  0x0000017d36bc1f30 JavaThread "Unconstrained build operations Thread 25"        [_thread_blocked, id=29680, stack(0x00000021a7f00000,0x00000021a8000000) (1024K)]
  0x0000017d36bc3970 JavaThread "Unconstrained build operations Thread 26"        [_thread_blocked, id=19824, stack(0x00000021a8000000,0x00000021a8100000) (1024K)]
  0x0000017d36bc2c50 JavaThread "Unconstrained build operations Thread 27"        [_thread_blocked, id=7368, stack(0x00000021a8100000,0x00000021a8200000) (1024K)]
  0x0000017d36bc25c0 JavaThread "Unconstrained build operations Thread 28"        [_thread_blocked, id=21988, stack(0x00000021a8200000,0x00000021a8300000) (1024K)]
  0x0000017d36bc04f0 JavaThread "Unconstrained build operations Thread 29"        [_thread_blocked, id=25008, stack(0x00000021a8300000,0x00000021a8400000) (1024K)]
  0x0000017d36bc4000 JavaThread "Unconstrained build operations Thread 30"        [_thread_blocked, id=15132, stack(0x00000021a8400000,0x00000021a8500000) (1024K)]
  0x0000017d36bc7b10 JavaThread "Unconstrained build operations Thread 31"        [_thread_blocked, id=22792, stack(0x00000021a8500000,0x00000021a8600000) (1024K)]
  0x0000017d36bc5a40 JavaThread "Unconstrained build operations Thread 32"        [_thread_blocked, id=21380, stack(0x00000021a8600000,0x00000021a8700000) (1024K)]
  0x0000017d36bc60d0 JavaThread "Unconstrained build operations Thread 33"        [_thread_blocked, id=25800, stack(0x00000021a8700000,0x00000021a8800000) (1024K)]
  0x0000017d36bc6760 JavaThread "Unconstrained build operations Thread 34"        [_thread_blocked, id=28976, stack(0x00000021a8800000,0x00000021a8900000) (1024K)]
  0x0000017d36bc4690 JavaThread "Unconstrained build operations Thread 35"        [_thread_blocked, id=12908, stack(0x00000021a8900000,0x00000021a8a00000) (1024K)]
  0x0000017d36bc6df0 JavaThread "Unconstrained build operations Thread 36"        [_thread_blocked, id=18928, stack(0x00000021a8a00000,0x00000021a8b00000) (1024K)]
  0x0000017d36bc4d20 JavaThread "Unconstrained build operations Thread 37"        [_thread_blocked, id=27020, stack(0x00000021a8b00000,0x00000021a8c00000) (1024K)]
  0x0000017d36bc7480 JavaThread "Unconstrained build operations Thread 38"        [_thread_blocked, id=28920, stack(0x00000021a8c00000,0x00000021a8d00000) (1024K)]
  0x0000017d36bc53b0 JavaThread "Unconstrained build operations Thread 39"        [_thread_blocked, id=26068, stack(0x00000021a8d00000,0x00000021a8e00000) (1024K)]
  0x0000017d36081400 JavaThread "Memory manager"                    [_thread_blocked, id=29652, stack(0x00000021a8e00000,0x00000021a8f00000) (1024K)]
Total: 75

Other Threads:
  0x0000017d2f86a450 VMThread "VM Thread"                           [id=27088, stack(0x00000021a3d00000,0x00000021a3e00000) (1024K)]
  0x0000017d2f7da3d0 WatcherThread "VM Periodic Task Thread"        [id=10080, stack(0x00000021a3c00000,0x00000021a3d00000) (1024K)]
  0x0000017d1952cb70 WorkerThread "GC Thread#0"                     [id=8908, stack(0x00000021a3700000,0x00000021a3800000) (1024K)]
  0x0000017d341fb470 WorkerThread "GC Thread#1"                     [id=21044, stack(0x00000021a4800000,0x00000021a4900000) (1024K)]
  0x0000017d34209ae0 WorkerThread "GC Thread#2"                     [id=25972, stack(0x00000021a4900000,0x00000021a4a00000) (1024K)]
  0x0000017d3499cac0 WorkerThread "GC Thread#3"                     [id=28780, stack(0x00000021a4a00000,0x00000021a4b00000) (1024K)]
  0x0000017d34a83240 WorkerThread "GC Thread#4"                     [id=28216, stack(0x00000021a4b00000,0x00000021a4c00000) (1024K)]
  0x0000017d355e5d30 WorkerThread "GC Thread#5"                     [id=29052, stack(0x00000021a5600000,0x00000021a5700000) (1024K)]
  0x0000017d355e60e0 WorkerThread "GC Thread#6"                     [id=16936, stack(0x00000021a5700000,0x00000021a5800000) (1024K)]
  0x0000017d355e6490 WorkerThread "GC Thread#7"                     [id=22676, stack(0x00000021a5800000,0x00000021a5900000) (1024K)]
  0x0000017d19531950 ConcurrentGCThread "G1 Main Marker"            [id=27268, stack(0x00000021a3800000,0x00000021a3900000) (1024K)]
  0x0000017d19532270 WorkerThread "G1 Conc#0"                       [id=27172, stack(0x00000021a3900000,0x00000021a3a00000) (1024K)]
  0x0000017d34c87eb0 WorkerThread "G1 Conc#1"                       [id=15040, stack(0x00000021a5900000,0x00000021a5a00000) (1024K)]
  0x0000017d2f6b10a0 ConcurrentGCThread "G1 Refine#0"               [id=8484, stack(0x00000021a3a00000,0x00000021a3b00000) (1024K)]
  0x0000017d2f6b1a30 ConcurrentGCThread "G1 Service"                [id=24896, stack(0x00000021a3b00000,0x00000021a3c00000) (1024K)]
Total: 15

Threads with active compile tasks:
C2 CompilerThread0  419869 9715       4       org.gradle.internal.instantiation.generator.AbstractClassGenerator::inspectType (602 bytes)
Total: 1

VM state: not at safepoint (normal execution)

VM Mutex/Monitor currently owned by a thread: None

Heap address: 0x00000000c0000000, size: 1024 MB, Compressed Oops mode: 32-bit

CDS archive(s) not mapped
Compressed class space mapped at: 0x0000000100000000-0x0000000140000000, reserved size: 1073741824
Narrow klass base: 0x0000000000000000, Narrow klass shift: 3, Narrow klass range: 0x140000000

GC Precious Log:
 CardTable entry size: 512
 Card Set container configuration: InlinePtr #cards 5 size 8 Array Of Cards #cards 12 size 40 Howl #buckets 4 coarsen threshold 1843 Howl Bitmap #cards 512 size 80 coarsen threshold 460 Card regions per heap region 1 cards per card region 2048
 CPUs: 8 total, 8 available
 Memory: 5965M
 Large Page Support: Disabled
 NUMA Support: Disabled
 Compressed Oops: Enabled (32-bit)
 Heap Region Size: 1M
 Heap Min Capacity: 8M
 Heap Initial Capacity: 94M
 Heap Max Capacity: 1G
 Pre-touch: Disabled
 Parallel Workers: 8
 Concurrent Workers: 2
 Concurrent Refinement Workers: 8
 Periodic GC: Disabled

Heap:
 garbage-first heap   total 128000K, used 82868K [0x00000000c0000000, 0x0000000100000000)
  region size 1024K, 12 young (12288K), 2 survivors (2048K)
 Metaspace       used 75862K, committed 77888K, reserved 1179648K
  class space    used 10211K, committed 11200K, reserved 1048576K

Heap Regions: E=young(eden), S=young(survivor), O=old, HS=humongous(starts), HC=humongous(continues), CS=collection set, F=free, TAMS=top-at-mark-start, PB=parsable bottom
|   0|0x00000000c0000000, 0x00000000c0100000, 0x00000000c0100000|100%|HS|  |TAMS 0x00000000c0000000| PB 0x00000000c0000000| Complete 
|   1|0x00000000c0100000, 0x00000000c0200000, 0x00000000c0200000|100%|HC|  |TAMS 0x00000000c0100000| PB 0x00000000c0100000| Complete 
|   2|0x00000000c0200000, 0x00000000c0300000, 0x00000000c0300000|100%|HC|  |TAMS 0x00000000c0200000| PB 0x00000000c0200000| Complete 
|   3|0x00000000c0300000, 0x00000000c0400000, 0x00000000c0400000|100%| O|  |TAMS 0x00000000c0300000| PB 0x00000000c0300000| Untracked 
|   4|0x00000000c0400000, 0x00000000c0500000, 0x00000000c0500000|100%| O|  |TAMS 0x00000000c0400000| PB 0x00000000c0400000| Untracked 
|   5|0x00000000c0500000, 0x00000000c0600000, 0x00000000c0600000|100%| O|  |TAMS 0x00000000c0500000| PB 0x00000000c0500000| Untracked 
|   6|0x00000000c0600000, 0x00000000c0700000, 0x00000000c0700000|100%|HS|  |TAMS 0x00000000c0600000| PB 0x00000000c0600000| Complete 
|   7|0x00000000c0700000, 0x00000000c0800000, 0x00000000c0800000|100%| O|  |TAMS 0x00000000c0700000| PB 0x00000000c0700000| Untracked 
|   8|0x00000000c0800000, 0x00000000c0900000, 0x00000000c0900000|100%| O|  |TAMS 0x00000000c0800000| PB 0x00000000c0800000| Untracked 
|   9|0x00000000c0900000, 0x00000000c0a00000, 0x00000000c0a00000|100%| O|  |TAMS 0x00000000c0900000| PB 0x00000000c0900000| Untracked 
|  10|0x00000000c0a00000, 0x00000000c0b00000, 0x00000000c0b00000|100%| O|  |TAMS 0x00000000c0a00000| PB 0x00000000c0a00000| Untracked 
|  11|0x00000000c0b00000, 0x00000000c0c00000, 0x00000000c0c00000|100%| O|  |TAMS 0x00000000c0b00000| PB 0x00000000c0b00000| Untracked 
|  12|0x00000000c0c00000, 0x00000000c0d00000, 0x00000000c0d00000|100%| O|  |TAMS 0x00000000c0c00000| PB 0x00000000c0c00000| Untracked 
|  13|0x00000000c0d00000, 0x00000000c0e00000, 0x00000000c0e00000|100%| O|  |TAMS 0x00000000c0d00000| PB 0x00000000c0d00000| Untracked 
|  14|0x00000000c0e00000, 0x00000000c0f00000, 0x00000000c0f00000|100%| O|  |TAMS 0x00000000c0e00000| PB 0x00000000c0e00000| Untracked 
|  15|0x00000000c0f00000, 0x00000000c1000000, 0x00000000c1000000|100%| O|  |TAMS 0x00000000c0f00000| PB 0x00000000c0f00000| Untracked 
|  16|0x00000000c1000000, 0x00000000c1100000, 0x00000000c1100000|100%| O|  |TAMS 0x00000000c1000000| PB 0x00000000c1000000| Untracked 
|  17|0x00000000c1100000, 0x00000000c1200000, 0x00000000c1200000|100%| O|  |TAMS 0x00000000c1100000| PB 0x00000000c1100000| Untracked 
|  18|0x00000000c1200000, 0x00000000c1300000, 0x00000000c1300000|100%| O|  |TAMS 0x00000000c1200000| PB 0x00000000c1200000| Untracked 
|  19|0x00000000c1300000, 0x00000000c1400000, 0x00000000c1400000|100%| O|  |TAMS 0x00000000c1300000| PB 0x00000000c1300000| Untracked 
|  20|0x00000000c1400000, 0x00000000c1500000, 0x00000000c1500000|100%| O|  |TAMS 0x00000000c1400000| PB 0x00000000c1400000| Untracked 
|  21|0x00000000c1500000, 0x00000000c1600000, 0x00000000c1600000|100%| O|  |TAMS 0x00000000c1500000| PB 0x00000000c1500000| Untracked 
|  22|0x00000000c1600000, 0x00000000c1700000, 0x00000000c1700000|100%| O|  |TAMS 0x00000000c1600000| PB 0x00000000c1600000| Untracked 
|  23|0x00000000c1700000, 0x00000000c1800000, 0x00000000c1800000|100%| O|  |TAMS 0x00000000c1700000| PB 0x00000000c1700000| Untracked 
|  24|0x00000000c1800000, 0x00000000c1900000, 0x00000000c1900000|100%| O|  |TAMS 0x00000000c1800000| PB 0x00000000c1800000| Untracked 
|  25|0x00000000c1900000, 0x00000000c1a00000, 0x00000000c1a00000|100%|HS|  |TAMS 0x00000000c1900000| PB 0x00000000c1900000| Complete 
|  26|0x00000000c1a00000, 0x00000000c1b00000, 0x00000000c1b00000|100%| O|  |TAMS 0x00000000c1a00000| PB 0x00000000c1a00000| Untracked 
|  27|0x00000000c1b00000, 0x00000000c1c00000, 0x00000000c1c00000|100%| O|  |TAMS 0x00000000c1b00000| PB 0x00000000c1b00000| Untracked 
|  28|0x00000000c1c00000, 0x00000000c1d00000, 0x00000000c1d00000|100%| O|  |TAMS 0x00000000c1c00000| PB 0x00000000c1c00000| Untracked 
|  29|0x00000000c1d00000, 0x00000000c1e00000, 0x00000000c1e00000|100%| O|  |TAMS 0x00000000c1d00000| PB 0x00000000c1d00000| Untracked 
|  30|0x00000000c1e00000, 0x00000000c1f00000, 0x00000000c1f00000|100%| O|  |TAMS 0x00000000c1e00000| PB 0x00000000c1e00000| Untracked 
|  31|0x00000000c1f00000, 0x00000000c2000000, 0x00000000c2000000|100%| O|  |TAMS 0x00000000c1f00000| PB 0x00000000c1f00000| Untracked 
|  32|0x00000000c2000000, 0x00000000c2100000, 0x00000000c2100000|100%| O|  |TAMS 0x00000000c2000000| PB 0x00000000c2000000| Untracked 
|  33|0x00000000c2100000, 0x00000000c2200000, 0x00000000c2200000|100%| O|  |TAMS 0x00000000c2100000| PB 0x00000000c2100000| Untracked 
|  34|0x00000000c2200000, 0x00000000c2300000, 0x00000000c2300000|100%| O|  |TAMS 0x00000000c2200000| PB 0x00000000c2200000| Untracked 
|  35|0x00000000c2300000, 0x00000000c2400000, 0x00000000c2400000|100%| O|  |TAMS 0x00000000c2300000| PB 0x00000000c2300000| Untracked 
|  36|0x00000000c2400000, 0x00000000c2400000, 0x00000000c2500000|  0%| F|  |TAMS 0x00000000c2400000| PB 0x00000000c2400000| Untracked 
|  37|0x00000000c2500000, 0x00000000c2600000, 0x00000000c2600000|100%|HS|  |TAMS 0x00000000c2500000| PB 0x00000000c2500000| Complete 
|  38|0x00000000c2600000, 0x00000000c2700000, 0x00000000c2700000|100%| O|Cm|TAMS 0x00000000c2600000| PB 0x00000000c2600000| Complete 
|  39|0x00000000c2700000, 0x00000000c2800000, 0x00000000c2800000|100%| O|  |TAMS 0x00000000c2700000| PB 0x00000000c2700000| Untracked 
|  40|0x00000000c2800000, 0x00000000c2900000, 0x00000000c2900000|100%| O|  |TAMS 0x00000000c2800000| PB 0x00000000c2800000| Untracked 
|  41|0x00000000c2900000, 0x00000000c2a00000, 0x00000000c2a00000|100%| O|  |TAMS 0x00000000c2900000| PB 0x00000000c2900000| Untracked 
|  42|0x00000000c2a00000, 0x00000000c2b00000, 0x00000000c2b00000|100%| O|  |TAMS 0x00000000c2a00000| PB 0x00000000c2a00000| Untracked 
|  43|0x00000000c2b00000, 0x00000000c2c00000, 0x00000000c2c00000|100%| O|  |TAMS 0x00000000c2b00000| PB 0x00000000c2b00000| Untracked 
|  44|0x00000000c2c00000, 0x00000000c2d00000, 0x00000000c2d00000|100%| O|  |TAMS 0x00000000c2c00000| PB 0x00000000c2c00000| Untracked 
|  45|0x00000000c2d00000, 0x00000000c2e00000, 0x00000000c2e00000|100%| O|  |TAMS 0x00000000c2d00000| PB 0x00000000c2d00000| Untracked 
|  46|0x00000000c2e00000, 0x00000000c2f00000, 0x00000000c2f00000|100%| O|  |TAMS 0x00000000c2e00000| PB 0x00000000c2e00000| Untracked 
|  47|0x00000000c2f00000, 0x00000000c3000000, 0x00000000c3000000|100%| O|  |TAMS 0x00000000c2f00000| PB 0x00000000c2f00000| Untracked 
|  48|0x00000000c3000000, 0x00000000c3100000, 0x00000000c3100000|100%|HS|  |TAMS 0x00000000c3000000| PB 0x00000000c3000000| Complete 
|  49|0x00000000c3100000, 0x00000000c3200000, 0x00000000c3200000|100%|HC|  |TAMS 0x00000000c3100000| PB 0x00000000c3100000| Complete 
|  50|0x00000000c3200000, 0x00000000c3300000, 0x00000000c3300000|100%|HS|  |TAMS 0x00000000c3200000| PB 0x00000000c3200000| Complete 
|  51|0x00000000c3300000, 0x00000000c3400000, 0x00000000c3400000|100%|HS|  |TAMS 0x00000000c3300000| PB 0x00000000c3300000| Complete 
|  52|0x00000000c3400000, 0x00000000c3500000, 0x00000000c3500000|100%|HS|  |TAMS 0x00000000c3400000| PB 0x00000000c3400000| Complete 
|  53|0x00000000c3500000, 0x00000000c3600000, 0x00000000c3600000|100%|HS|  |TAMS 0x00000000c3500000| PB 0x00000000c3500000| Complete 
|  54|0x00000000c3600000, 0x00000000c3700000, 0x00000000c3700000|100%|HC|  |TAMS 0x00000000c3600000| PB 0x00000000c3600000| Complete 
|  55|0x00000000c3700000, 0x00000000c3800000, 0x00000000c3800000|100%|HS|  |TAMS 0x00000000c3700000| PB 0x00000000c3700000| Complete 
|  56|0x00000000c3800000, 0x00000000c3900000, 0x00000000c3900000|100%| O|  |TAMS 0x00000000c3800000| PB 0x00000000c3800000| Untracked 
|  57|0x00000000c3900000, 0x00000000c3a00000, 0x00000000c3a00000|100%| O|  |TAMS 0x00000000c3900000| PB 0x00000000c3900000| Untracked 
|  58|0x00000000c3a00000, 0x00000000c3b00000, 0x00000000c3b00000|100%| O|  |TAMS 0x00000000c3a00000| PB 0x00000000c3a00000| Untracked 
|  59|0x00000000c3b00000, 0x00000000c3c00000, 0x00000000c3c00000|100%| O|  |TAMS 0x00000000c3b00000| PB 0x00000000c3b00000| Untracked 
|  60|0x00000000c3c00000, 0x00000000c3d00000, 0x00000000c3d00000|100%| O|  |TAMS 0x00000000c3c00000| PB 0x00000000c3c00000| Untracked 
|  61|0x00000000c3d00000, 0x00000000c3e00000, 0x00000000c3e00000|100%| O|  |TAMS 0x00000000c3d00000| PB 0x00000000c3d00000| Untracked 
|  62|0x00000000c3e00000, 0x00000000c3e00000, 0x00000000c3f00000|  0%| F|  |TAMS 0x00000000c3e00000| PB 0x00000000c3e00000| Untracked 
|  63|0x00000000c3f00000, 0x00000000c3f00000, 0x00000000c4000000|  0%| F|  |TAMS 0x00000000c3f00000| PB 0x00000000c3f00000| Untracked 
|  64|0x00000000c4000000, 0x00000000c4000000, 0x00000000c4100000|  0%| F|  |TAMS 0x00000000c4000000| PB 0x00000000c4000000| Untracked 
|  65|0x00000000c4100000, 0x00000000c4100000, 0x00000000c4200000|  0%| F|  |TAMS 0x00000000c4100000| PB 0x00000000c4100000| Untracked 
|  66|0x00000000c4200000, 0x00000000c4300000, 0x00000000c4300000|100%|HS|  |TAMS 0x00000000c4200000| PB 0x00000000c4200000| Complete 
|  67|0x00000000c4300000, 0x00000000c4400000, 0x00000000c4400000|100%| O|  |TAMS 0x00000000c4300000| PB 0x00000000c4300000| Untracked 
|  68|0x00000000c4400000, 0x00000000c4500000, 0x00000000c4500000|100%| O|  |TAMS 0x00000000c4400000| PB 0x00000000c4400000| Untracked 
|  69|0x00000000c4500000, 0x00000000c4600000, 0x00000000c4600000|100%| O|  |TAMS 0x00000000c4500000| PB 0x00000000c4500000| Untracked 
|  70|0x00000000c4600000, 0x00000000c4700000, 0x00000000c4700000|100%| O|  |TAMS 0x00000000c4600000| PB 0x00000000c4600000| Untracked 
|  71|0x00000000c4700000, 0x00000000c470c220, 0x00000000c4800000|  4%| O|  |TAMS 0x00000000c4700000| PB 0x00000000c4700000| Untracked 
|  72|0x00000000c4800000, 0x00000000c4800000, 0x00000000c4900000|  0%| F|  |TAMS 0x00000000c4800000| PB 0x00000000c4800000| Untracked 
|  73|0x00000000c4900000, 0x00000000c4900000, 0x00000000c4a00000|  0%| F|  |TAMS 0x00000000c4900000| PB 0x00000000c4900000| Untracked 
|  74|0x00000000c4a00000, 0x00000000c4a00000, 0x00000000c4b00000|  0%| F|  |TAMS 0x00000000c4a00000| PB 0x00000000c4a00000| Untracked 
|  75|0x00000000c4b00000, 0x00000000c4b00000, 0x00000000c4c00000|  0%| F|  |TAMS 0x00000000c4b00000| PB 0x00000000c4b00000| Untracked 
|  76|0x00000000c4c00000, 0x00000000c4c00000, 0x00000000c4d00000|  0%| F|  |TAMS 0x00000000c4c00000| PB 0x00000000c4c00000| Untracked 
|  77|0x00000000c4d00000, 0x00000000c4d00000, 0x00000000c4e00000|  0%| F|  |TAMS 0x00000000c4d00000| PB 0x00000000c4d00000| Untracked 
|  78|0x00000000c4e00000, 0x00000000c4e00000, 0x00000000c4f00000|  0%| F|  |TAMS 0x00000000c4e00000| PB 0x00000000c4e00000| Untracked 
|  79|0x00000000c4f00000, 0x00000000c4f00000, 0x00000000c5000000|  0%| F|  |TAMS 0x00000000c4f00000| PB 0x00000000c4f00000| Untracked 
|  80|0x00000000c5000000, 0x00000000c5000000, 0x00000000c5100000|  0%| F|  |TAMS 0x00000000c5000000| PB 0x00000000c5000000| Untracked 
|  81|0x00000000c5100000, 0x00000000c5100000, 0x00000000c5200000|  0%| F|  |TAMS 0x00000000c5100000| PB 0x00000000c5100000| Untracked 
|  82|0x00000000c5200000, 0x00000000c5200000, 0x00000000c5300000|  0%| F|  |TAMS 0x00000000c5200000| PB 0x00000000c5200000| Untracked 
|  83|0x00000000c5300000, 0x00000000c5300000, 0x00000000c5400000|  0%| F|  |TAMS 0x00000000c5300000| PB 0x00000000c5300000| Untracked 
|  84|0x00000000c5400000, 0x00000000c5400000, 0x00000000c5500000|  0%| F|  |TAMS 0x00000000c5400000| PB 0x00000000c5400000| Untracked 
|  85|0x00000000c5500000, 0x00000000c5500000, 0x00000000c5600000|  0%| F|  |TAMS 0x00000000c5500000| PB 0x00000000c5500000| Untracked 
|  86|0x00000000c5600000, 0x00000000c5600000, 0x00000000c5700000|  0%| F|  |TAMS 0x00000000c5600000| PB 0x00000000c5600000| Untracked 
|  87|0x00000000c5700000, 0x00000000c5700000, 0x00000000c5800000|  0%| F|  |TAMS 0x00000000c5700000| PB 0x00000000c5700000| Untracked 
|  88|0x00000000c5800000, 0x00000000c5800000, 0x00000000c5900000|  0%| F|  |TAMS 0x00000000c5800000| PB 0x00000000c5800000| Untracked 
|  89|0x00000000c5900000, 0x00000000c5900000, 0x00000000c5a00000|  0%| F|  |TAMS 0x00000000c5900000| PB 0x00000000c5900000| Untracked 
|  90|0x00000000c5a00000, 0x00000000c5ae0ec0, 0x00000000c5b00000| 87%| S|CS|TAMS 0x00000000c5a00000| PB 0x00000000c5a00000| Complete 
|  91|0x00000000c5b00000, 0x00000000c5c00000, 0x00000000c5c00000|100%| S|CS|TAMS 0x00000000c5b00000| PB 0x00000000c5b00000| Complete 
|  92|0x00000000c5c00000, 0x00000000c5c00000, 0x00000000c5d00000|  0%| F|  |TAMS 0x00000000c5c00000| PB 0x00000000c5c00000| Untracked 
|  93|0x00000000c5d00000, 0x00000000c5d00000, 0x00000000c5e00000|  0%| F|  |TAMS 0x00000000c5d00000| PB 0x00000000c5d00000| Untracked 
|  94|0x00000000c5e00000, 0x00000000c5e00000, 0x00000000c5f00000|  0%| F|  |TAMS 0x00000000c5e00000| PB 0x00000000c5e00000| Untracked 
|  95|0x00000000c5f00000, 0x00000000c5f00000, 0x00000000c6000000|  0%| F|  |TAMS 0x00000000c5f00000| PB 0x00000000c5f00000| Untracked 
|  96|0x00000000c6000000, 0x00000000c6000000, 0x00000000c6100000|  0%| F|  |TAMS 0x00000000c6000000| PB 0x00000000c6000000| Untracked 
|  97|0x00000000c6100000, 0x00000000c6100000, 0x00000000c6200000|  0%| F|  |TAMS 0x00000000c6100000| PB 0x00000000c6100000| Untracked 
|  98|0x00000000c6200000, 0x00000000c6200000, 0x00000000c6300000|  0%| F|  |TAMS 0x00000000c6200000| PB 0x00000000c6200000| Untracked 
|  99|0x00000000c6300000, 0x00000000c6300000, 0x00000000c6400000|  0%| F|  |TAMS 0x00000000c6300000| PB 0x00000000c6300000| Untracked 
| 100|0x00000000c6400000, 0x00000000c6400000, 0x00000000c6500000|  0%| F|  |TAMS 0x00000000c6400000| PB 0x00000000c6400000| Untracked 
| 101|0x00000000c6500000, 0x00000000c6500000, 0x00000000c6600000|  0%| F|  |TAMS 0x00000000c6500000| PB 0x00000000c6500000| Untracked 
| 102|0x00000000c6600000, 0x00000000c6600000, 0x00000000c6700000|  0%| F|  |TAMS 0x00000000c6600000| PB 0x00000000c6600000| Untracked 
| 103|0x00000000c6700000, 0x00000000c6700000, 0x00000000c6800000|  0%| F|  |TAMS 0x00000000c6700000| PB 0x00000000c6700000| Untracked 
| 104|0x00000000c6800000, 0x00000000c6800000, 0x00000000c6900000|  0%| F|  |TAMS 0x00000000c6800000| PB 0x00000000c6800000| Untracked 
| 105|0x00000000c6900000, 0x00000000c6900000, 0x00000000c6a00000|  0%| F|  |TAMS 0x00000000c6900000| PB 0x00000000c6900000| Untracked 
| 106|0x00000000c6a00000, 0x00000000c6a00000, 0x00000000c6b00000|  0%| F|  |TAMS 0x00000000c6a00000| PB 0x00000000c6a00000| Untracked 
| 107|0x00000000c6b00000, 0x00000000c6b00000, 0x00000000c6c00000|  0%| F|  |TAMS 0x00000000c6b00000| PB 0x00000000c6b00000| Untracked 
| 108|0x00000000c6c00000, 0x00000000c6c00000, 0x00000000c6d00000|  0%| F|  |TAMS 0x00000000c6c00000| PB 0x00000000c6c00000| Untracked 
| 109|0x00000000c6d00000, 0x00000000c6d00000, 0x00000000c6e00000|  0%| F|  |TAMS 0x00000000c6d00000| PB 0x00000000c6d00000| Untracked 
| 110|0x00000000c6e00000, 0x00000000c6efa110, 0x00000000c6f00000| 97%| E|  |TAMS 0x00000000c6e00000| PB 0x00000000c6e00000| Complete 
| 111|0x00000000c6f00000, 0x00000000c7000000, 0x00000000c7000000|100%| E|CS|TAMS 0x00000000c6f00000| PB 0x00000000c6f00000| Complete 
| 112|0x00000000c7000000, 0x00000000c7100000, 0x00000000c7100000|100%| E|CS|TAMS 0x00000000c7000000| PB 0x00000000c7000000| Complete 
| 113|0x00000000c7100000, 0x00000000c7200000, 0x00000000c7200000|100%| E|CS|TAMS 0x00000000c7100000| PB 0x00000000c7100000| Complete 
| 114|0x00000000c7200000, 0x00000000c7300000, 0x00000000c7300000|100%| E|CS|TAMS 0x00000000c7200000| PB 0x00000000c7200000| Complete 
| 115|0x00000000c7300000, 0x00000000c7400000, 0x00000000c7400000|100%| E|CS|TAMS 0x00000000c7300000| PB 0x00000000c7300000| Complete 
| 116|0x00000000c7400000, 0x00000000c7500000, 0x00000000c7500000|100%| E|CS|TAMS 0x00000000c7400000| PB 0x00000000c7400000| Complete 
|1016|0x00000000ff800000, 0x00000000ff900000, 0x00000000ff900000|100%| E|CS|TAMS 0x00000000ff800000| PB 0x00000000ff800000| Complete 
|1017|0x00000000ff900000, 0x00000000ffa00000, 0x00000000ffa00000|100%| E|  |TAMS 0x00000000ff900000| PB 0x00000000ff900000| Complete 
|1018|0x00000000ffa00000, 0x00000000ffb00000, 0x00000000ffb00000|100%| O|  |TAMS 0x00000000ffa00000| PB 0x00000000ffa00000| Untracked 
|1019|0x00000000ffb00000, 0x00000000ffc00000, 0x00000000ffc00000|100%| O|Cm|TAMS 0x00000000ffb00000| PB 0x00000000ffb00000| Complete 
|1020|0x00000000ffc00000, 0x00000000ffd00000, 0x00000000ffd00000|100%| O|  |TAMS 0x00000000ffc00000| PB 0x00000000ffc00000| Untracked 
|1021|0x00000000ffd00000, 0x00000000ffe00000, 0x00000000ffe00000|100%| O|  |TAMS 0x00000000ffd00000| PB 0x00000000ffd00000| Untracked 
|1022|0x00000000ffe00000, 0x00000000fff00000, 0x00000000fff00000|100%| E|CS|TAMS 0x00000000ffe00000| PB 0x00000000ffe00000| Complete 
|1023|0x00000000fff00000, 0x0000000100000000, 0x0000000100000000|100%| O|  |TAMS 0x00000000fff00000| PB 0x00000000fff00000| Untracked 

Card table byte_map: [0x0000017d2bc20000,0x0000017d2be20000] _byte_map_base: 0x0000017d2b620000

Marking Bits: (CMBitMap*) 0x0000017d1952d090
 Bits: [0x0000017d2be20000, 0x0000017d2ce20000)

Polling page: 0x0000017d176c0000

Metaspace:

Usage:
  Non-class:     64.11 MB used.
      Class:      9.97 MB used.
       Both:     74.09 MB used.

Virtual space:
  Non-class space:      128.00 MB reserved,      65.12 MB ( 51%) committed,  2 nodes.
      Class space:        1.00 GB reserved,      10.94 MB (  1%) committed,  1 nodes.
             Both:        1.12 GB reserved,      76.06 MB (  7%) committed. 

Chunk freelists:
   Non-Class:  14.67 MB
       Class:  4.95 MB
        Both:  19.63 MB

MaxMetaspaceSize: unlimited
CompressedClassSpaceSize: 1.00 GB
Initial GC threshold: 21.00 MB
Current GC threshold: 123.25 MB
CDS: off
 - commit_granule_bytes: 65536.
 - commit_granule_words: 8192.
 - virtual_space_node_default_size: 8388608.
 - enlarge_chunks_in_place: 1.
 - use_allocation_guard: 0.


Internal statistics:

num_allocs_failed_limit: 6.
num_arena_births: 3572.
num_arena_deaths: 2.
num_vsnodes_births: 3.
num_vsnodes_deaths: 0.
num_space_committed: 1217.
num_space_uncommitted: 0.
num_chunks_returned_to_freelist: 8.
num_chunks_taken_from_freelist: 6783.
num_chunk_merges: 6.
num_chunk_splits: 4390.
num_chunks_enlarged: 2671.
num_inconsistent_stats: 0.

CodeHeap 'non-profiled nmethods': size=120000Kb used=4667Kb max_used=4667Kb free=115332Kb
 bounds [0x0000017d241c0000, 0x0000017d24650000, 0x0000017d2b6f0000]
CodeHeap 'profiled nmethods': size=120000Kb used=14611Kb max_used=14611Kb free=105388Kb
 bounds [0x0000017d1c6f0000, 0x0000017d1d540000, 0x0000017d23c20000]
CodeHeap 'non-nmethods': size=5760Kb used=2651Kb max_used=2695Kb free=3108Kb
 bounds [0x0000017d23c20000, 0x0000017d23ed0000, 0x0000017d241c0000]
CodeCache: size=245760Kb, used=21929Kb, max_used=21973Kb, free=223828Kb
 total_blobs=9065, nmethods=8144, adapters=824, full_count=0
Compilation: enabled, stopped_count=0, restarted_count=0

Compilation events (20 events):
Event: 419.158 Thread 0x0000017d2f8dc1a0 nmethod 9709 0x0000017d24391490 code [0x0000017d24391620, 0x0000017d243916e8]
Event: 419.158 Thread 0x0000017d2f8dc1a0 9710       3       sun.reflect.generics.tree.TypeVariableSignature::accept (8 bytes)
Event: 419.160 Thread 0x0000017d2f8dc1a0 nmethod 9710 0x0000017d1d537a10 code [0x0000017d1d537be0, 0x0000017d1d537fe8]
Event: 419.160 Thread 0x0000017d2f8dc1a0 9711       3       sun.reflect.generics.visitor.Reifier::visitTypeVariableSignature (18 bytes)
Event: 419.161 Thread 0x0000017d2f8dc1a0 nmethod 9711 0x0000017d1d538210 code [0x0000017d1d5383e0, 0x0000017d1d538740]
Event: 419.188 Thread 0x0000017d2f8dc1a0 9712       3       org.gradle.internal.instantiation.generator.AbstractClassGenerator$PropertyMetadata::addSetter (41 bytes)
Event: 419.189 Thread 0x0000017d2f8d5740 9713       4       com.google.common.reflect.TypeResolver$TypeVariableKey::equals (23 bytes)
Event: 419.189 Thread 0x0000017d2f8dc1a0 nmethod 9712 0x0000017d1d538910 code [0x0000017d1d538b00, 0x0000017d1d538fc8]
Event: 419.197 Thread 0x0000017d2f8d5740 nmethod 9713 0x0000017d24390710 code [0x0000017d24390940, 0x0000017d24390f40]
Event: 419.197 Thread 0x0000017d2f8d5740 9714       4       sun.reflect.generics.visitor.Reifier::visitClassTypeSignature (381 bytes)
Event: 419.280 Thread 0x0000017d2f8d5740 nmethod 9714 0x0000017d2464bf10 code [0x0000017d2464c2a0, 0x0000017d2464dbe8]
Event: 419.281 Thread 0x0000017d2f8d5740 9715       4       org.gradle.internal.instantiation.generator.AbstractClassGenerator::inspectType (602 bytes)
Event: 419.333 Thread 0x0000017d2f8dc1a0 9716       3       org.objectweb.asm.MethodWriter::visitAnnotation (40 bytes)
Event: 419.335 Thread 0x0000017d2f8dc1a0 nmethod 9716 0x0000017d1d539190 code [0x0000017d1d539360, 0x0000017d1d539608]
Event: 419.350 Thread 0x0000017d2f8dc1a0 9717       3       jdk.management.jfr.internal.FlightRecorderMXBeanProvider$SingleMBeanComponent::mbeanInterfaceNames (11 bytes)
Event: 419.350 Thread 0x0000017d2f8dc1a0 nmethod 9717 0x0000017d1d539710 code [0x0000017d1d539900, 0x0000017d1d539d70]
Event: 419.553 Thread 0x0000017d2f8dc1a0 9719       3       java.util.regex.Pattern::has (15 bytes)
Event: 419.553 Thread 0x0000017d2f8dc1a0 nmethod 9719 0x0000017d1c953610 code [0x0000017d1c9537a0, 0x0000017d1c953908]
Event: 419.562 Thread 0x0000017d2f8dc1a0 9720       3       org.gradle.internal.instantiation.generator.AsmBackedClassGenerator$ClassBuilderImpl::access$5600 (4 bytes)
Event: 419.563 Thread 0x0000017d2f8dc1a0 nmethod 9720 0x0000017d1c984b90 code [0x0000017d1c984d20, 0x0000017d1c984e18]

GC Heap History (20 events):
Event: 276.700 GC heap before
{Heap before GC invocations=25 (full 0):
 garbage-first heap   total 86016K, used 70773K [0x00000000c0000000, 0x0000000100000000)
  region size 1024K, 24 young (24576K), 3 survivors (3072K)
 Metaspace       used 60336K, committed 62144K, reserved 1114112K
  class space    used 8184K, committed 9088K, reserved 1048576K
}
Event: 276.704 GC heap after
{Heap after GC invocations=26 (full 0):
 garbage-first heap   total 86016K, used 51436K [0x00000000c0000000, 0x0000000100000000)
  region size 1024K, 3 young (3072K), 3 survivors (3072K)
 Metaspace       used 60336K, committed 62144K, reserved 1114112K
  class space    used 8184K, committed 9088K, reserved 1048576K
}
Event: 288.117 GC heap before
{Heap before GC invocations=26 (full 0):
 garbage-first heap   total 86016K, used 74988K [0x00000000c0000000, 0x0000000100000000)
  region size 1024K, 27 young (27648K), 3 survivors (3072K)
 Metaspace       used 63134K, committed 64896K, reserved 1114112K
  class space    used 8555K, committed 9408K, reserved 1048576K
}
Event: 288.157 GC heap after
{Heap after GC invocations=27 (full 0):
 garbage-first heap   total 86016K, used 49513K [0x00000000c0000000, 0x0000000100000000)
  region size 1024K, 2 young (2048K), 2 survivors (2048K)
 Metaspace       used 63134K, committed 64896K, reserved 1114112K
  class space    used 8555K, committed 9408K, reserved 1048576K
}
Event: 316.729 GC heap before
{Heap before GC invocations=27 (full 0):
 garbage-first heap   total 86016K, used 67945K [0x00000000c0000000, 0x0000000100000000)
  region size 1024K, 22 young (22528K), 2 survivors (2048K)
 Metaspace       used 64665K, committed 66368K, reserved 1114112K
  class space    used 8749K, committed 9600K, reserved 1048576K
}
Event: 316.797 GC heap after
{Heap after GC invocations=28 (full 0):
 garbage-first heap   total 86016K, used 50418K [0x00000000c0000000, 0x0000000100000000)
  region size 1024K, 3 young (3072K), 3 survivors (3072K)
 Metaspace       used 64665K, committed 66368K, reserved 1114112K
  class space    used 8749K, committed 9600K, reserved 1048576K
}
Event: 349.220 GC heap before
{Heap before GC invocations=29 (full 0):
 garbage-first heap   total 87040K, used 85234K [0x00000000c0000000, 0x0000000100000000)
  region size 1024K, 29 young (29696K), 3 survivors (3072K)
 Metaspace       used 65061K, committed 66880K, reserved 1114112K
  class space    used 8809K, committed 9728K, reserved 1048576K
}
Event: 349.271 GC heap after
{Heap after GC invocations=30 (full 0):
 garbage-first heap   total 97280K, used 66338K [0x00000000c0000000, 0x0000000100000000)
  region size 1024K, 4 young (4096K), 4 survivors (4096K)
 Metaspace       used 65061K, committed 66880K, reserved 1114112K
  class space    used 8809K, committed 9728K, reserved 1048576K
}
Event: 357.606 GC heap before
{Heap before GC invocations=30 (full 0):
 garbage-first heap   total 97280K, used 88866K [0x00000000c0000000, 0x0000000100000000)
  region size 1024K, 25 young (25600K), 4 survivors (4096K)
 Metaspace       used 65827K, committed 67648K, reserved 1114112K
  class space    used 8892K, committed 9792K, reserved 1048576K
}
Event: 357.618 GC heap after
{Heap after GC invocations=31 (full 0):
 garbage-first heap   total 97280K, used 68003K [0x00000000c0000000, 0x0000000100000000)
  region size 1024K, 2 young (2048K), 2 survivors (2048K)
 Metaspace       used 65827K, committed 67648K, reserved 1114112K
  class space    used 8892K, committed 9792K, reserved 1048576K
}
Event: 371.317 GC heap before
{Heap before GC invocations=31 (full 0):
 garbage-first heap   total 97280K, used 87459K [0x00000000c0000000, 0x0000000100000000)
  region size 1024K, 22 young (22528K), 2 survivors (2048K)
 Metaspace       used 67669K, committed 69504K, reserved 1114112K
  class space    used 9129K, committed 10048K, reserved 1048576K
}
Event: 371.341 GC heap after
{Heap after GC invocations=32 (full 0):
 garbage-first heap   total 97280K, used 68843K [0x00000000c0000000, 0x0000000100000000)
  region size 1024K, 3 young (3072K), 3 survivors (3072K)
 Metaspace       used 67669K, committed 69504K, reserved 1114112K
  class space    used 9129K, committed 10048K, reserved 1048576K
}
Event: 377.947 GC heap before
{Heap before GC invocations=33 (full 0):
 garbage-first heap   total 116736K, used 88299K [0x00000000c0000000, 0x0000000100000000)
  region size 1024K, 23 young (23552K), 3 survivors (3072K)
 Metaspace       used 70089K, committed 72000K, reserved 1114112K
  class space    used 9386K, committed 10368K, reserved 1048576K
}
Event: 377.954 GC heap after
{Heap after GC invocations=34 (full 0):
 garbage-first heap   total 116736K, used 69251K [0x00000000c0000000, 0x0000000100000000)
  region size 1024K, 2 young (2048K), 2 survivors (2048K)
 Metaspace       used 70089K, committed 72000K, reserved 1114112K
  class space    used 9386K, committed 10368K, reserved 1048576K
}
Event: 394.990 GC heap before
{Heap before GC invocations=34 (full 0):
 garbage-first heap   total 116736K, used 102019K [0x00000000c0000000, 0x0000000100000000)
  region size 1024K, 34 young (34816K), 2 survivors (2048K)
 Metaspace       used 73777K, committed 75712K, reserved 1114112K
  class space    used 9921K, committed 10880K, reserved 1048576K
}
Event: 395.301 GC heap after
{Heap after GC invocations=35 (full 0):
 garbage-first heap   total 116736K, used 70849K [0x00000000c0000000, 0x0000000100000000)
  region size 1024K, 4 young (4096K), 4 survivors (4096K)
 Metaspace       used 73777K, committed 75712K, reserved 1114112K
  class space    used 9921K, committed 10880K, reserved 1048576K
}
Event: 396.109 GC heap before
{Heap before GC invocations=35 (full 0):
 garbage-first heap   total 116736K, used 73921K [0x00000000c0000000, 0x0000000100000000)
  region size 1024K, 8 young (8192K), 4 survivors (4096K)
 Metaspace       used 73777K, committed 75712K, reserved 1114112K
  class space    used 9921K, committed 10880K, reserved 1048576K
}
Event: 396.224 GC heap after
{Heap after GC invocations=36 (full 0):
 garbage-first heap   total 116736K, used 73583K [0x00000000c0000000, 0x0000000100000000)
  region size 1024K, 5 young (5120K), 5 survivors (5120K)
 Metaspace       used 73777K, committed 75712K, reserved 1114112K
  class space    used 9921K, committed 10880K, reserved 1048576K
}
Event: 410.547 GC heap before
{Heap before GC invocations=37 (full 0):
 garbage-first heap   total 128000K, used 102255K [0x00000000c0000000, 0x0000000100000000)
  region size 1024K, 28 young (28672K), 5 survivors (5120K)
 Metaspace       used 75100K, committed 77056K, reserved 1179648K
  class space    used 10110K, committed 11072K, reserved 1048576K
}
Event: 410.673 GC heap after
{Heap after GC invocations=38 (full 0):
 garbage-first heap   total 128000K, used 74676K [0x00000000c0000000, 0x0000000100000000)
  region size 1024K, 2 young (2048K), 2 survivors (2048K)
 Metaspace       used 75100K, committed 77056K, reserved 1179648K
  class space    used 10110K, committed 11072K, reserved 1048576K
}

Dll operation events (20 events):
Event: 1.035 Attempting to load shared library C:\Users\LENOVO\.antigravity-ide\extensions\redhat.java-1.56.0-win32-x64\jre\21.0.12.1-win32-x86_64\bin\nio.dll
Event: 1.038 Loaded shared library C:\Users\LENOVO\.antigravity-ide\extensions\redhat.java-1.56.0-win32-x64\jre\21.0.12.1-win32-x86_64\bin\nio.dll
Event: 1.065 Attempting to load shared library C:\Users\LENOVO\.antigravity-ide\extensions\redhat.java-1.56.0-win32-x64\jre\21.0.12.1-win32-x86_64\bin\zip.dll
Event: 1.065 Loaded shared library C:\Users\LENOVO\.antigravity-ide\extensions\redhat.java-1.56.0-win32-x64\jre\21.0.12.1-win32-x86_64\bin\zip.dll
Event: 2.443 Attempting to load shared library C:\Users\LENOVO\.antigravity-ide\extensions\redhat.java-1.56.0-win32-x64\jre\21.0.12.1-win32-x86_64\bin\jimage.dll
Event: 2.443 Loaded shared library C:\Users\LENOVO\.antigravity-ide\extensions\redhat.java-1.56.0-win32-x64\jre\21.0.12.1-win32-x86_64\bin\jimage.dll
Event: 7.693 Attempting to load shared library C:\Users\LENOVO\.antigravity-ide\extensions\redhat.java-1.56.0-win32-x64\jre\21.0.12.1-win32-x86_64\bin\verify.dll
Event: 7.706 Loaded shared library C:\Users\LENOVO\.antigravity-ide\extensions\redhat.java-1.56.0-win32-x64\jre\21.0.12.1-win32-x86_64\bin\verify.dll
Event: 9.288 Attempting to load shared library C:\Users\LENOVO\.gradle\native\1def1411415f61bf3af743bc5b6707747c0891f09f0c88961ee8f79bc544acac\windows-amd64\native-platform.dll
Event: 9.311 Loaded shared library C:\Users\LENOVO\.gradle\native\1def1411415f61bf3af743bc5b6707747c0891f09f0c88961ee8f79bc544acac\windows-amd64\native-platform.dll
Event: 9.464 Attempting to load shared library C:\Users\LENOVO\.gradle\native\0.2.7\x86_64-windows-gnu\gradle-fileevents.dll
Event: 9.481 Loaded shared library C:\Users\LENOVO\.gradle\native\0.2.7\x86_64-windows-gnu\gradle-fileevents.dll
Event: 41.446 Attempting to load shared library C:\Users\LENOVO\.antigravity-ide\extensions\redhat.java-1.56.0-win32-x64\jre\21.0.12.1-win32-x86_64\bin\management.dll
Event: 41.460 Loaded shared library C:\Users\LENOVO\.antigravity-ide\extensions\redhat.java-1.56.0-win32-x64\jre\21.0.12.1-win32-x86_64\bin\management.dll
Event: 41.493 Attempting to load shared library C:\Users\LENOVO\.antigravity-ide\extensions\redhat.java-1.56.0-win32-x64\jre\21.0.12.1-win32-x86_64\bin\management_ext.dll
Event: 41.512 Loaded shared library C:\Users\LENOVO\.antigravity-ide\extensions\redhat.java-1.56.0-win32-x64\jre\21.0.12.1-win32-x86_64\bin\management_ext.dll
Event: 47.447 Attempting to load shared library C:\Users\LENOVO\.antigravity-ide\extensions\redhat.java-1.56.0-win32-x64\jre\21.0.12.1-win32-x86_64\bin\extnet.dll
Event: 47.450 Loaded shared library C:\Users\LENOVO\.antigravity-ide\extensions\redhat.java-1.56.0-win32-x64\jre\21.0.12.1-win32-x86_64\bin\extnet.dll
Event: 55.135 Attempting to load shared library C:\Users\LENOVO\.antigravity-ide\extensions\redhat.java-1.56.0-win32-x64\jre\21.0.12.1-win32-x86_64\bin\sunmscapi.dll
Event: 55.192 Loaded shared library C:\Users\LENOVO\.antigravity-ide\extensions\redhat.java-1.56.0-win32-x64\jre\21.0.12.1-win32-x86_64\bin\sunmscapi.dll

Deoptimization events (20 events):
Event: 406.555 Thread 0x0000017d357b7f00 DEOPT PACKING pc=0x0000017d24276188 sp=0x00000021a52f57a0
Event: 406.555 Thread 0x0000017d357b7f00 DEOPT UNPACKING pc=0x0000017d23c743a2 sp=0x00000021a52f5730 mode 2
Event: 408.061 Thread 0x0000017d357b7f00 Uncommon trap: trap_request=0xffffffc6 fr.pc=0x0000017d245ae0c8 relative=0x0000000000000068
Event: 408.061 Thread 0x0000017d357b7f00 Uncommon trap: reason=bimorphic_or_optimized_type_check action=maybe_recompile pc=0x0000017d245ae0c8 method=java.util.AbstractQueue.add(Ljava/lang/Object;)Z @ 2 c2
Event: 408.061 Thread 0x0000017d357b7f00 DEOPT PACKING pc=0x0000017d245ae0c8 sp=0x00000021a52f6770
Event: 408.061 Thread 0x0000017d357b7f00 DEOPT UNPACKING pc=0x0000017d23c743a2 sp=0x00000021a52f6738 mode 2
Event: 408.061 Thread 0x0000017d357b7f00 Uncommon trap: trap_request=0xffffffc6 fr.pc=0x0000017d245ae0c8 relative=0x0000000000000068
Event: 408.061 Thread 0x0000017d357b7f00 Uncommon trap: reason=bimorphic_or_optimized_type_check action=maybe_recompile pc=0x0000017d245ae0c8 method=java.util.AbstractQueue.add(Ljava/lang/Object;)Z @ 2 c2
Event: 408.061 Thread 0x0000017d357b7f00 DEOPT PACKING pc=0x0000017d245ae0c8 sp=0x00000021a52f6770
Event: 408.061 Thread 0x0000017d357b7f00 DEOPT UNPACKING pc=0x0000017d23c743a2 sp=0x00000021a52f6738 mode 2
Event: 412.994 Thread 0x0000017d357b7f00 Uncommon trap: trap_request=0xffffffc6 fr.pc=0x0000017d245ae0c8 relative=0x0000000000000068
Event: 412.994 Thread 0x0000017d357b7f00 Uncommon trap: reason=bimorphic_or_optimized_type_check action=maybe_recompile pc=0x0000017d245ae0c8 method=java.util.AbstractQueue.add(Ljava/lang/Object;)Z @ 2 c2
Event: 412.994 Thread 0x0000017d357b7f00 DEOPT PACKING pc=0x0000017d245ae0c8 sp=0x00000021a52f6000
Event: 412.994 Thread 0x0000017d357b7f00 DEOPT UNPACKING pc=0x0000017d23c743a2 sp=0x00000021a52f5fc8 mode 2
Event: 412.994 Thread 0x0000017d357b7f00 Uncommon trap: trap_request=0xffffffc6 fr.pc=0x0000017d245ae0c8 relative=0x0000000000000068
Event: 412.994 Thread 0x0000017d357b7f00 Uncommon trap: reason=bimorphic_or_optimized_type_check action=maybe_recompile pc=0x0000017d245ae0c8 method=java.util.AbstractQueue.add(Ljava/lang/Object;)Z @ 2 c2
Event: 412.994 Thread 0x0000017d357b7f00 DEOPT PACKING pc=0x0000017d245ae0c8 sp=0x00000021a52f6000
Event: 412.994 Thread 0x0000017d357b7f00 DEOPT UNPACKING pc=0x0000017d23c743a2 sp=0x00000021a52f5fc8 mode 2
Event: 419.225 Thread 0x0000017d357b7f00 DEOPT PACKING pc=0x0000017d1d07cb24 sp=0x00000021a52f6350
Event: 419.225 Thread 0x0000017d357b7f00 DEOPT UNPACKING pc=0x0000017d23c74b42 sp=0x00000021a52f5910 mode 0

Classes loaded (20 events):
Event: 393.269 Loading class java/util/Base64
Event: 393.310 Loading class java/util/Base64 done
Event: 393.311 Loading class java/util/Base64$Decoder
Event: 393.322 Loading class java/util/Base64$Decoder done
Event: 393.322 Loading class java/util/Base64$Encoder
Event: 393.371 Loading class java/util/Base64$Encoder done
Event: 393.765 Loading class java/util/jar/JarVerifier$VerifierStream
Event: 393.819 Loading class java/util/jar/JarVerifier$VerifierStream done
Event: 393.820 Loading class sun/security/util/ManifestEntryVerifier$SunProviderHolder
Event: 393.821 Loading class sun/security/util/ManifestEntryVerifier$SunProviderHolder done
Event: 396.950 Loading class sun/security/util/MemoryCache$QueueCacheEntry
Event: 397.022 Loading class sun/security/util/MemoryCache$QueueCacheEntry done
Event: 405.322 Loading class sun/misc/Unsafe
Event: 405.440 Loading class sun/misc/Unsafe done
Event: 407.035 Loading class sun/reflect/annotation/AnnotationInvocationHandler$1
Event: 407.040 Loading class sun/reflect/annotation/AnnotationInvocationHandler$1 done
Event: 407.715 Loading class java/lang/foreign/ValueLayout
Event: 407.728 Loading class java/lang/foreign/MemoryLayout
Event: 407.759 Loading class java/lang/foreign/MemoryLayout done
Event: 407.761 Loading class java/lang/foreign/ValueLayout done

Classes unloaded (1 events):
Event: 371.649 Thread 0x0000017d2f86a450 Unloading class 0x0000000100981c00 'java/lang/invoke/LambdaForm$DMH+0x0000000100981c00'

Classes redefined (0 events):
No events

Internal exceptions (20 events):
Event: 270.403 Thread 0x0000017d357b7f00 Exception <a 'java/lang/NoSuchMethodError'{0x00000000c3eba988}: 'java.lang.Object java.lang.invoke.DirectMethodHandle$Holder.invokeSpecialIFC(java.lang.Object, java.lang.Object, java.lang.Object)'> (0x00000000c3eba988) 
thrown [s\src\hotspot\share\interpreter\linkResolver.cpp, line 773]
Event: 321.149 Thread 0x0000017d357b7f00 Exception <a 'java/lang/ClassNotFoundException'{0x00000000c4ca53d8}: sun/misc/SharedSecrets> (0x00000000c4ca53d8) 
thrown [s\src\hotspot\share\classfile\systemDictionary.cpp, line 313]
Event: 321.771 Thread 0x0000017d357b7f00 Exception <a 'java/lang/NoSuchMethodError'{0x00000000c4ce55b0}: 'java.lang.Object java.lang.invoke.DirectMethodHandle$Holder.newInvokeSpecial(java.lang.Object, java.lang.Object, java.lang.Object, java.lang.Object, java.lang.Object, java.lang.Object, java.lang.Object, java.lang.Object, java.lang.Object, java.lang.Object, java.lang.Object, java.lang.Object, java.lang.Object, java.lang.Object, java.lang.Object, java.lang.Object, java.lang.Object, java.lang.Object)'> (0x00000000c4ce55b0) 
thrown [s\src\hotspot
Event: 321.795 Thread 0x0000017d357b7f00 Exception <a 'java/lang/NoSuchMethodError'{0x00000000c4cec0a8}: 'java.lang.Object java.lang.invoke.DirectMethodHandle$Holder.invokeSpecial(java.lang.Object, java.lang.Object, java.lang.Object, java.lang.Object, java.lang.Object, java.lang.Object, java.lang.Object, java.lang.Object, java.lang.Object, java.lang.Object, java.lang.Object, java.lang.Object, java.lang.Object, java.lang.Object, java.lang.Object, java.lang.Object, java.lang.Object, java.lang.Object, java.lang.Object)'> (0x00000000c4cec0a8) 
thrown
Event: 321.797 Thread 0x0000017d357b7f00 Exception <a 'java/lang/NoSuchMethodError'{0x00000000c4cf1a10}: 'java.lang.Object java.lang.invoke.DelegatingMethodHandle$Holder.reinvoke_L(java.lang.Object, java.lang.Object, java.lang.Object, java.lang.Object, java.lang.Object, java.lang.Object, java.lang.Object, java.lang.Object, java.lang.Object, java.lang.Object, java.lang.Object, java.lang.Object, java.lang.Object, java.lang.Object, java.lang.Object, java.lang.Object, java.lang.Object, java.lang.Object)'> (0x00000000c4cf1a10) 
thrown [s\src\hotspot\s
Event: 322.534 Thread 0x0000017d357b7f00 Exception <a 'java/lang/NoSuchMethodError'{0x00000000c4b90670}: 'void java.lang.invoke.DirectMethodHandle$Holder.invokeInterface(java.lang.Object, java.lang.Object, java.lang.Object, java.lang.Object)'> (0x00000000c4b90670) 
thrown [s\src\hotspot\share\interpreter\linkResolver.cpp, line 773]
Event: 332.059 Thread 0x0000017d357b7f00 Implicit null exception at 0x0000017d2450f2dd to 0x0000017d2450f7a4
Event: 332.062 Thread 0x0000017d357b7f00 Implicit null exception at 0x0000017d2450e3df to 0x0000017d2450e884
Event: 344.333 Thread 0x0000017d36bc2c50 Exception <a 'java/lang/NoSuchMethodError'{0x00000000c41010e0}: 'void java.lang.invoke.DirectMethodHandle$Holder.invokeVirtual(java.lang.Object, java.lang.Object)'> (0x00000000c41010e0) 
thrown [s\src\hotspot\share\interpreter\linkResolver.cpp, line 773]
Event: 344.338 Thread 0x0000017d36bc18a0 Exception <a 'java/lang/NoSuchMethodError'{0x00000000c42fb498}: 'void java.lang.invoke.DirectMethodHandle$Holder.invokeVirtual(java.lang.Object, java.lang.Object)'> (0x00000000c42fb498) 
thrown [s\src\hotspot\share\interpreter\linkResolver.cpp, line 773]
Event: 350.649 Thread 0x0000017d357b7f00 Exception <a 'java/lang/ClassNotFoundException'{0x00000000c4913d18}: org/gradle/api/internal/plugins/DefaultObjectConfigurationActionBeanInfo> (0x00000000c4913d18) 
thrown [s\src\hotspot\share\classfile\systemDictionary.cpp, line 313]
Event: 350.674 Thread 0x0000017d357b7f00 Exception <a 'java/lang/ClassNotFoundException'{0x00000000c49277c8}: org/gradle/api/internal/plugins/DefaultObjectConfigurationActionCustomizer> (0x00000000c49277c8) 
thrown [s\src\hotspot\share\classfile\systemDictionary.cpp, line 313]
Event: 350.842 Thread 0x0000017d357b7f00 Implicit null exception at 0x0000017d24339972 to 0x0000017d24339bf0
Event: 350.899 Thread 0x0000017d357b7f00 Exception <a 'java/lang/NoSuchMethodError'{0x00000000c4935490}: 'int java.lang.invoke.DirectMethodHandle$Holder.invokeSpecial(java.lang.Object, java.lang.Object, java.lang.Object, int)'> (0x00000000c4935490) 
thrown [s\src\hotspot\share\interpreter\linkResolver.cpp, line 773]
Event: 351.059 Thread 0x0000017d357b7f00 Exception <a 'java/lang/NoSuchMethodError'{0x00000000c4946380}: 'java.lang.Object java.lang.invoke.DirectMethodHandle$Holder.invokeStatic(java.lang.Object, java.lang.Object, java.lang.Object, java.lang.Object, int)'> (0x00000000c4946380) 
thrown [s\src\hotspot\share\interpreter\linkResolver.cpp, line 773]
Event: 371.193 Thread 0x0000017d357b7f00 Exception <a 'java/lang/NoSuchMethodError'{0x00000000c44cb0b0}: 'int java.lang.invoke.DirectMethodHandle$Holder.invokeSpecialIFC(java.lang.Object, java.lang.Object, java.lang.Object, java.lang.Object, java.lang.Object)'> (0x00000000c44cb0b0) 
thrown [s\src\hotspot\share\interpreter\linkResolver.cpp, line 773]
Event: 383.734 Thread 0x0000017d357b7f00 Exception <a 'java/lang/NoSuchMethodError'{0x00000000c5b44588}: 'java.lang.Object java.lang.invoke.DirectMethodHandle$Holder.newInvokeSpecial(java.lang.Object, java.lang.Object, java.lang.Object, java.lang.Object, java.lang.Object, java.lang.Object, java.lang.Object, java.lang.Object, java.lang.Object, java.lang.Object, java.lang.Object, java.lang.Object, java.lang.Object, java.lang.Object, java.lang.Object, java.lang.Object)'> (0x00000000c5b44588) 
thrown [s\src\hotspot\share\interpreter\linkResolver.cpp,
Event: 383.749 Thread 0x0000017d357b7f00 Exception <a 'java/lang/NoSuchMethodError'{0x00000000c5b4b1f0}: 'java.lang.Object java.lang.invoke.DirectMethodHandle$Holder.invokeSpecial(java.lang.Object, java.lang.Object, java.lang.Object, java.lang.Object, java.lang.Object, java.lang.Object, java.lang.Object, java.lang.Object, java.lang.Object, java.lang.Object, java.lang.Object, java.lang.Object, java.lang.Object, java.lang.Object, java.lang.Object, java.lang.Object, java.lang.Object)'> (0x00000000c5b4b1f0) 
thrown [s\src\hotspot\share\interpreter\li
Event: 383.777 Thread 0x0000017d357b7f00 Exception <a 'java/lang/NoSuchMethodError'{0x00000000c5b51080}: 'java.lang.Object java.lang.invoke.DelegatingMethodHandle$Holder.reinvoke_L(java.lang.Object, java.lang.Object, java.lang.Object, java.lang.Object, java.lang.Object, java.lang.Object, java.lang.Object, java.lang.Object, java.lang.Object, java.lang.Object, java.lang.Object, java.lang.Object, java.lang.Object, java.lang.Object, java.lang.Object, java.lang.Object)'> (0x00000000c5b51080) 
thrown [s\src\hotspot\share\interpreter\linkResolver.cpp, l
Event: 391.301 Thread 0x0000017d357b7f00 Implicit null exception at 0x0000017d24299d5d to 0x0000017d24299fa0

ZGC Phase Switch (0 events):
No events

VM Operations (20 events):
Event: 400.063 Executing safepoint VM operation: Cleanup
Event: 400.064 Executing safepoint VM operation: Cleanup done
Event: 404.095 Executing safepoint VM operation: Cleanup
Event: 404.110 Executing safepoint VM operation: Cleanup done
Event: 407.130 Executing safepoint VM operation: Cleanup
Event: 407.177 Executing safepoint VM operation: Cleanup done
Event: 409.204 Executing safepoint VM operation: Cleanup
Event: 409.220 Executing safepoint VM operation: Cleanup done
Event: 410.415 Executing safepoint VM operation: G1CollectForAllocation (G1 Evacuation Pause)
Event: 410.673 Executing safepoint VM operation: G1CollectForAllocation (G1 Evacuation Pause) done
Event: 411.681 Executing safepoint VM operation: Cleanup
Event: 411.836 Executing safepoint VM operation: Cleanup done
Event: 412.837 Executing safepoint VM operation: Cleanup
Event: 412.852 Executing safepoint VM operation: Cleanup done
Event: 413.863 Executing safepoint VM operation: Cleanup
Event: 413.878 Executing safepoint VM operation: Cleanup done
Event: 415.043 Executing safepoint VM operation: Cleanup
Event: 415.075 Executing safepoint VM operation: Cleanup done
Event: 419.101 Executing safepoint VM operation: Cleanup
Event: 419.102 Executing safepoint VM operation: Cleanup done

Memory protections (0 events):
No events

Nmethod flushes (20 events):
Event: 396.888 Thread 0x0000017d2f86a450 flushing  nmethod 0x0000017d2441df10
Event: 396.888 Thread 0x0000017d2f86a450 flushing  nmethod 0x0000017d2450e190
Event: 396.888 Thread 0x0000017d2f86a450 flushing  nmethod 0x0000017d2450f090
Event: 396.888 Thread 0x0000017d2f86a450 flushing  nmethod 0x0000017d1c73f510
Event: 396.888 Thread 0x0000017d2f86a450 flushing  nmethod 0x0000017d1c7da490
Event: 396.888 Thread 0x0000017d2f86a450 flushing  nmethod 0x0000017d1c822090
Event: 396.888 Thread 0x0000017d2f86a450 flushing  nmethod 0x0000017d1c8cd710
Event: 396.888 Thread 0x0000017d2f86a450 flushing  nmethod 0x0000017d1cb42c90
Event: 396.888 Thread 0x0000017d2f86a450 flushing  nmethod 0x0000017d1cca1190
Event: 396.888 Thread 0x0000017d2f86a450 flushing  nmethod 0x0000017d1cd0c510
Event: 396.888 Thread 0x0000017d2f86a450 flushing  nmethod 0x0000017d1cd0d090
Event: 396.888 Thread 0x0000017d2f86a450 flushing  nmethod 0x0000017d1ce21a90
Event: 396.888 Thread 0x0000017d2f86a450 flushing  nmethod 0x0000017d1cff0010
Event: 396.888 Thread 0x0000017d2f86a450 flushing  nmethod 0x0000017d1cff2710
Event: 396.888 Thread 0x0000017d2f86a450 flushing  nmethod 0x0000017d1d1bce10
Event: 396.888 Thread 0x0000017d2f86a450 flushing  nmethod 0x0000017d1d1f4790
Event: 396.888 Thread 0x0000017d2f86a450 flushing  nmethod 0x0000017d1d1f6f90
Event: 396.888 Thread 0x0000017d2f86a450 flushing  nmethod 0x0000017d1d239810
Event: 396.888 Thread 0x0000017d2f86a450 flushing  nmethod 0x0000017d1d422910
Event: 396.888 Thread 0x0000017d2f86a450 flushing  nmethod 0x0000017d1d43a190

Events (20 events):
Event: 270.463 Thread 0x0000017d357b7f00 Thread added: 0x0000017d363ca560
Event: 344.268 Thread 0x0000017d357b7f00 Thread added: 0x0000017d36bc32e0
Event: 344.271 Thread 0x0000017d357b7f00 Thread added: 0x0000017d36bc1210
Event: 344.285 Thread 0x0000017d357b7f00 Thread added: 0x0000017d36bc18a0
Event: 344.286 Thread 0x0000017d357b7f00 Thread added: 0x0000017d36bc1f30
Event: 344.287 Thread 0x0000017d357b7f00 Thread added: 0x0000017d36bc3970
Event: 344.303 Thread 0x0000017d357b7f00 Thread added: 0x0000017d36bc2c50
Event: 344.304 Thread 0x0000017d357b7f00 Thread added: 0x0000017d36bc25c0
Event: 346.443 Thread 0x0000017d357b7f00 Thread added: 0x0000017d36bc04f0
Event: 346.537 Thread 0x0000017d357b7f00 Thread added: 0x0000017d36bc4000
Event: 346.641 Thread 0x0000017d357b7f00 Thread added: 0x0000017d36bc7b10
Event: 346.702 Thread 0x0000017d357b7f00 Thread added: 0x0000017d36bc5a40
Event: 348.051 Thread 0x0000017d357b7f00 Thread added: 0x0000017d36bc60d0
Event: 348.072 Thread 0x0000017d357b7f00 Thread added: 0x0000017d36bc6760
Event: 348.089 Thread 0x0000017d357b7f00 Thread added: 0x0000017d36bc4690
Event: 348.100 Thread 0x0000017d357b7f00 Thread added: 0x0000017d36bc6df0
Event: 348.101 Thread 0x0000017d357b7f00 Thread added: 0x0000017d36bc4d20
Event: 348.115 Thread 0x0000017d357b7f00 Thread added: 0x0000017d36bc7480
Event: 348.137 Thread 0x0000017d357b7f00 Thread added: 0x0000017d36bc53b0
Event: 385.253 Thread 0x0000017d357b7f00 Thread added: 0x0000017d36081400


Dynamic libraries:
0x00007ff6244a0000 - 0x00007ff6244ae000 	C:\Users\LENOVO\.antigravity-ide\extensions\redhat.java-1.56.0-win32-x64\jre\21.0.12.1-win32-x86_64\bin\java.exe
0x00007ffc54f00000 - 0x00007ffc55167000 	C:\WINDOWS\SYSTEM32\ntdll.dll
0x00007ffc53e50000 - 0x00007ffc53f1b000 	C:\WINDOWS\System32\KERNEL32.DLL
0x00007ffc52810000 - 0x00007ffc52c12000 	C:\WINDOWS\System32\KERNELBASE.dll
0x00007ffc52560000 - 0x00007ffc526ac000 	C:\WINDOWS\System32\ucrtbase.dll
0x00007ffc2e5d0000 - 0x00007ffc2e5e8000 	C:\Users\LENOVO\.antigravity-ide\extensions\redhat.java-1.56.0-win32-x64\jre\21.0.12.1-win32-x86_64\bin\jli.dll
0x00007ffc54bd0000 - 0x00007ffc54d9f000 	C:\WINDOWS\System32\USER32.dll
0x00007ffc522f0000 - 0x00007ffc52317000 	C:\WINDOWS\System32\win32u.dll
0x00007ffc53280000 - 0x00007ffc532ab000 	C:\WINDOWS\System32\GDI32.dll
0x00007ffc52100000 - 0x00007ffc52229000 	C:\WINDOWS\System32\gdi32full.dll
0x00007ffc52320000 - 0x00007ffc523c3000 	C:\WINDOWS\System32\msvcp_win.dll
0x00007ffc46c90000 - 0x00007ffc46cae000 	C:\Users\LENOVO\.antigravity-ide\extensions\redhat.java-1.56.0-win32-x64\jre\21.0.12.1-win32-x86_64\bin\VCRUNTIME140.dll
0x00007ffc328b0000 - 0x00007ffc32b40000 	C:\WINDOWS\WinSxS\amd64_microsoft.windows.common-controls_6595b64144ccf1df_6.0.26100.9278_none_3e0d1ba8e3303201\COMCTL32.dll
0x00007ffc531c0000 - 0x00007ffc53269000 	C:\WINDOWS\System32\msvcrt.dll
0x00007ffc52fd0000 - 0x00007ffc53001000 	C:\WINDOWS\System32\IMM32.DLL
0x00007ffc4be20000 - 0x00007ffc4be2c000 	C:\Users\LENOVO\.antigravity-ide\extensions\redhat.java-1.56.0-win32-x64\jre\21.0.12.1-win32-x86_64\bin\vcruntime140_1.dll
0x00007ffc063c0000 - 0x00007ffc0644d000 	C:\Users\LENOVO\.antigravity-ide\extensions\redhat.java-1.56.0-win32-x64\jre\21.0.12.1-win32-x86_64\bin\msvcp140.dll
0x00007ffb90070000 - 0x00007ffb90e12000 	C:\Users\LENOVO\.antigravity-ide\extensions\redhat.java-1.56.0-win32-x64\jre\21.0.12.1-win32-x86_64\bin\server\jvm.dll
0x00007ffc532c0000 - 0x00007ffc5337c000 	C:\WINDOWS\System32\ADVAPI32.dll
0x00007ffc53010000 - 0x00007ffc530b9000 	C:\WINDOWS\System32\sechost.dll
0x00007ffc549a0000 - 0x00007ffc54ab8000 	C:\WINDOWS\System32\RPCRT4.dll
0x00007ffc54e30000 - 0x00007ffc54eb0000 	C:\WINDOWS\System32\WS2_32.dll
0x00007ffc51f60000 - 0x00007ffc51fbe000 	C:\WINDOWS\SYSTEM32\POWRPROF.dll
0x00007ffc3cb50000 - 0x00007ffc3cb5b000 	C:\WINDOWS\SYSTEM32\VERSION.dll
0x00007ffc43c50000 - 0x00007ffc43c86000 	C:\WINDOWS\SYSTEM32\WINMM.dll
0x00007ffc51f40000 - 0x00007ffc51f55000 	C:\WINDOWS\SYSTEM32\UMPDC.dll
0x00007ffc50d90000 - 0x00007ffc50dab000 	C:\WINDOWS\SYSTEM32\kernel.appcore.dll
0x00007ffc4b220000 - 0x00007ffc4b22a000 	C:\Users\LENOVO\.antigravity-ide\extensions\redhat.java-1.56.0-win32-x64\jre\21.0.12.1-win32-x86_64\bin\jimage.dll
0x00007ffc4f290000 - 0x00007ffc4f4dc000 	C:\WINDOWS\SYSTEM32\DBGHELP.DLL
0x00007ffc52c40000 - 0x00007ffc52fc5000 	C:\WINDOWS\System32\combase.dll
0x00007ffc54760000 - 0x00007ffc54839000 	C:\WINDOWS\System32\OLEAUT32.dll
0x00007ffc4bdb0000 - 0x00007ffc4bdeb000 	C:\WINDOWS\SYSTEM32\dbgcore.DLL
0x00007ffc52230000 - 0x00007ffc522dc000 	C:\WINDOWS\System32\bcryptPrimitives.dll
0x00007ffc467b0000 - 0x00007ffc467bf000 	C:\Users\LENOVO\.antigravity-ide\extensions\redhat.java-1.56.0-win32-x64\jre\21.0.12.1-win32-x86_64\bin\instrument.dll
0x00007ffc18100000 - 0x00007ffc18120000 	C:\Users\LENOVO\.antigravity-ide\extensions\redhat.java-1.56.0-win32-x64\jre\21.0.12.1-win32-x86_64\bin\java.dll
0x00007ffc2e480000 - 0x00007ffc2e498000 	C:\Users\LENOVO\.antigravity-ide\extensions\redhat.java-1.56.0-win32-x64\jre\21.0.12.1-win32-x86_64\bin\zip.dll
0x00007ffc533e0000 - 0x00007ffc53b78000 	C:\WINDOWS\System32\SHELL32.dll
0x00007ffc4fb20000 - 0x00007ffc503ce000 	C:\WINDOWS\SYSTEM32\windows.storage.dll
0x00007ffc53d50000 - 0x00007ffc53e4b000 	C:\WINDOWS\System32\SHCORE.dll
0x00007ffc54ad0000 - 0x00007ffc54b36000 	C:\WINDOWS\System32\shlwapi.dll
0x00007ffc52020000 - 0x00007ffc52049000 	C:\WINDOWS\SYSTEM32\profapi.dll
0x00007ffc46c80000 - 0x00007ffc46c90000 	C:\Users\LENOVO\.antigravity-ide\extensions\redhat.java-1.56.0-win32-x64\jre\21.0.12.1-win32-x86_64\bin\net.dll
0x00007ffc42380000 - 0x00007ffc424aa000 	C:\WINDOWS\SYSTEM32\WINHTTP.dll
0x00007ffc51330000 - 0x00007ffc5139c000 	C:\WINDOWS\system32\mswsock.dll
0x00007ffc17050000 - 0x00007ffc17066000 	C:\Users\LENOVO\.antigravity-ide\extensions\redhat.java-1.56.0-win32-x64\jre\21.0.12.1-win32-x86_64\bin\nio.dll
0x00007ffc32680000 - 0x00007ffc32690000 	C:\Users\LENOVO\.antigravity-ide\extensions\redhat.java-1.56.0-win32-x64\jre\21.0.12.1-win32-x86_64\bin\verify.dll
0x00007ffc157b0000 - 0x00007ffc157d7000 	C:\Users\LENOVO\.gradle\native\1def1411415f61bf3af743bc5b6707747c0891f09f0c88961ee8f79bc544acac\windows-amd64\native-platform.dll
0x00007ffbee240000 - 0x00007ffbee2b8000 	C:\Users\LENOVO\.gradle\native\0.2.7\x86_64-windows-gnu\gradle-fileevents.dll
0x00007ffc214a0000 - 0x00007ffc214aa000 	C:\Users\LENOVO\.antigravity-ide\extensions\redhat.java-1.56.0-win32-x64\jre\21.0.12.1-win32-x86_64\bin\management.dll
0x00007ffc213e0000 - 0x00007ffc213ec000 	C:\Users\LENOVO\.antigravity-ide\extensions\redhat.java-1.56.0-win32-x64\jre\21.0.12.1-win32-x86_64\bin\management_ext.dll
0x00007ffc54ac0000 - 0x00007ffc54ac8000 	C:\WINDOWS\System32\PSAPI.DLL
0x00007ffc50740000 - 0x00007ffc50773000 	C:\WINDOWS\SYSTEM32\IPHLPAPI.DLL
0x00007ffc532b0000 - 0x00007ffc532ba000 	C:\WINDOWS\System32\NSI.dll
0x00007ffc23bd0000 - 0x00007ffc23bd9000 	C:\Users\LENOVO\.antigravity-ide\extensions\redhat.java-1.56.0-win32-x64\jre\21.0.12.1-win32-x86_64\bin\extnet.dll
0x00007ffc51750000 - 0x00007ffc5176b000 	C:\WINDOWS\SYSTEM32\CRYPTSP.dll
0x00007ffc50cf0000 - 0x00007ffc50d29000 	C:\WINDOWS\system32\rsaenh.dll
0x00007ffc513e0000 - 0x00007ffc51414000 	C:\WINDOWS\SYSTEM32\USERENV.dll
0x00007ffc51ff0000 - 0x00007ffc5201a000 	C:\WINDOWS\SYSTEM32\bcrypt.dll
0x00007ffc51590000 - 0x00007ffc5159c000 	C:\WINDOWS\SYSTEM32\CRYPTBASE.dll
0x00007ffc2a070000 - 0x00007ffc2a07e000 	C:\Users\LENOVO\.antigravity-ide\extensions\redhat.java-1.56.0-win32-x64\jre\21.0.12.1-win32-x86_64\bin\sunmscapi.dll
0x00007ffc523d0000 - 0x00007ffc5254e000 	C:\WINDOWS\System32\CRYPT32.dll
0x00007ffc518c0000 - 0x00007ffc518f0000 	C:\WINDOWS\SYSTEM32\ncrypt.dll
0x00007ffc51870000 - 0x00007ffc518af000 	C:\WINDOWS\SYSTEM32\NTASN1.dll
0x00007ffc35030000 - 0x00007ffc35038000 	C:\WINDOWS\system32\wshunix.dll

JVMTI agents:
C:\Users\LENOVO\.gradle\wrapper\dists\gradle-8.14-bin\38aieal9i53h9rfe7vjup95b9\gradle-8.14\lib\agents\gradle-instrumentation-agent-8.14.jar path:C:\Users\LENOVO\.antigravity-ide\extensions\redhat.java-1.56.0-win32-x64\jre\21.0.12.1-win32-x86_64\bin\instrument.dll, loaded, initialized, instrumentlib options:none

dbghelp: loaded successfully - version: 4.0.5 - missing functions: none
symbol engine: initialized successfully - sym options: 0x614 - pdb path: .;C:\Users\LENOVO\.antigravity-ide\extensions\redhat.java-1.56.0-win32-x64\jre\21.0.12.1-win32-x86_64\bin;C:\WINDOWS\SYSTEM32;C:\WINDOWS\WinSxS\amd64_microsoft.windows.common-controls_6595b64144ccf1df_6.0.26100.9278_none_3e0d1ba8e3303201;C:\Users\LENOVO\.antigravity-ide\extensions\redhat.java-1.56.0-win32-x64\jre\21.0.12.1-win32-x86_64\bin\server;C:\Users\LENOVO\.gradle\native\1def1411415f61bf3af743bc5b6707747c0891f09f0c88961ee8f79bc544acac\windows-amd64;C:\Users\LENOVO\.gradle\native\0.2.7\x86_64-windows-gnu

VM Arguments:
jvm_args: --add-opens=java.base/java.lang=ALL-UNNAMED --add-opens=java.base/java.lang.invoke=ALL-UNNAMED --add-opens=java.base/java.util=ALL-UNNAMED --add-opens=java.prefs/java.util.prefs=ALL-UNNAMED --add-exports=jdk.compiler/com.sun.tools.javac.api=ALL-UNNAMED --add-exports=jdk.compiler/com.sun.tools.javac.util=ALL-UNNAMED --add-opens=java.base/java.util=ALL-UNNAMED --add-opens=java.prefs/java.util.prefs=ALL-UNNAMED --add-opens=java.base/java.nio.charset=ALL-UNNAMED --add-opens=java.base/java.net=ALL-UNNAMED --add-opens=java.base/java.util.concurrent.atomic=ALL-UNNAMED --add-opens=java.xml/javax.xml.namespace=ALL-UNNAMED -Xmx1024m -Dfile.encoding=UTF-8 -Duser.country=US -Duser.language=en -Duser.variant -javaagent:C:\Users\LENOVO\.gradle\wrapper\dists\gradle-8.14-bin\38aieal9i53h9rfe7vjup95b9\gradle-8.14\lib\agents\gradle-instrumentation-agent-8.14.jar 
java_command: org.gradle.launcher.daemon.bootstrap.GradleDaemon 8.14
java_class_path (initial): C:\Users\LENOVO\.gradle\wrapper\dists\gradle-8.14-bin\38aieal9i53h9rfe7vjup95b9\gradle-8.14\lib\gradle-daemon-main-8.14.jar
Launcher Type: SUN_STANDARD

[Global flags]
     intx CICompilerCount                          = 4                                         {product} {ergonomic}
     uint ConcGCThreads                            = 2                                         {product} {ergonomic}
     uint G1ConcRefinementThreads                  = 8                                         {product} {ergonomic}
   size_t G1HeapRegionSize                         = 1048576                                   {product} {ergonomic}
    uintx GCDrainStackTargetSize                   = 64                                        {product} {ergonomic}
   size_t InitialHeapSize                          = 98566144                                  {product} {ergonomic}
   size_t MarkStackSize                            = 4194304                                   {product} {ergonomic}
   size_t MaxHeapSize                              = 1073741824                                {product} {command line}
   size_t MaxNewSize                               = 643825664                                 {product} {ergonomic}
   size_t MinHeapDeltaBytes                        = 1048576                                   {product} {ergonomic}
   size_t MinHeapSize                              = 8388608                                   {product} {ergonomic}
    uintx NonNMethodCodeHeapSize                   = 5839372                                {pd product} {ergonomic}
    uintx NonProfiledCodeHeapSize                  = 122909434                              {pd product} {ergonomic}
    uintx ProfiledCodeHeapSize                     = 122909434                              {pd product} {ergonomic}
    uintx ReservedCodeCacheSize                    = 251658240                              {pd product} {ergonomic}
     bool SegmentedCodeCache                       = true                                      {product} {ergonomic}
   size_t SoftMaxHeapSize                          = 1073741824                             {manageable} {ergonomic}
     bool UseCompressedOops                        = true                           {product lp64_product} {ergonomic}
     bool UseG1GC                                  = true                                      {product} {ergonomic}
     bool UseLargePagesIndividualAllocation        = false                                  {pd product} {ergonomic}

Logging:
Log output configuration:
 #0: stdout all=warning uptime,level,tags foldmultilines=false
 #1: stderr all=off uptime,level,tags foldmultilines=false

Release file:
JAVA_VERSION="21.0.12.1" 
MODULES="java.base java.compiler java.datatransfer java.xml java.prefs java.desktop java.instrument java.logging java.management java.security.sasl java.naming java.rmi java.management.rmi java.net.http java.scripting java.security.jgss java.transaction.xa java.sql java.sql.rowset java.xml.crypto java.se java.smartcardio jdk.accessibility jdk.internal.jvmstat jdk.attach jdk.charsets jdk.internal.opt jdk.zipfs jdk.compiler jdk.crypto.ec jdk.crypto.cryptoki jdk.crypto.mscapi jdk.dynalink jdk.internal.ed jdk.editpad jdk.hotspot.agent jdk.httpserver jdk.internal.le jdk.internal.vm.ci jdk.internal.vm.compiler jdk.internal.vm.compiler.management jdk.jartool jdk.javadoc jdk.jcmd jdk.management jdk.management.agent jdk.jconsole jdk.jdeps jdk.jdwp.agent jdk.jdi jdk.jfr jdk.jshell jdk.jsobject jdk.jstatd jdk.localedata jdk.management.jfr jdk.naming.dns jdk.naming.rmi jdk.net jdk.nio.mapmode jdk.random jdk.sctp jdk.security.auth jdk.security.jgss jdk.unsupported jdk.unsupported.desktop jdk.xml.dom" 

Environment Variables:
JAVA_HOME=C:\Program Files\Android\Android Studio\jbr
PATH=C:\WINDOWS\system32;C:\WINDOWS;C:\WINDOWS\System32\Wbem;C:\WINDOWS\System32\WindowsPowerShell\v1.0\;C:\WINDOWS\System32\OpenSSH\;C:\Program Files\Docker\Docker\resources\bin;C:\Program Files\nodejs\;C:\Program Files\Git\cmd;C:\Users\LENOVO\AppData\Local\Programs\Python\Python312\Scripts\;C:\Users\LENOVO\AppData\Local\Programs\Python\Python312\;C:\Users\LENOVO\AppData\Local\Programs\Python\Launcher\;C:\Users\LENOVO\AppData\Local\Programs\Python\Python314\Scripts\;C:\Users\LENOVO\AppData\Local\Programs\Python\Python314\;C:\Users\LENOVO\AppData\Local\Microsoft\WindowsApps;C:\Users\LENOVO\AppData\Local\Programs\Antigravity\bin;C:\Users\LENOVO\AppData\Roaming\npm;C:\ScrcpyLauncher by praveen;C:\Users\LENOVO\AppData\Local\PowerToys\DSCModules\;C:\Users\LENOVO\AppData\Local\Programs\Antigravity IDE\bin
USERNAME=LENOVO
OS=Windows_NT
PROCESSOR_IDENTIFIER=AMD64 Family 23 Model 160 Stepping 0, AuthenticAMD
TMP=C:\Users\LENOVO\AppData\Local\Temp
TEMP=C:\Users\LENOVO\AppData\Local\Temp




Periodic native trim disabled

---------------  S Y S T E M  ---------------

OS:
 Windows 11 , 64 bit Build 26100 (10.0.26100.9444)
OS uptime: 3 days 21:11 hours
Hyper-V role detected

CPU: total 8 (initial active 8) (8 cores per cpu, 2 threads per core) family 23 model 160 stepping 0 microcode 0x8a0000a, cx8, cmov, fxsr, ht, mmx, 3dnowpref, sse, sse2, sse3, ssse3, sse4a, sse4.1, sse4.2, popcnt, lzcnt, tsc, tscinvbit, avx, avx2, aes, clmul, bmi1, bmi2, adx, sha, fma, vzeroupper, clflush, clflushopt, hv, rdtscp, rdpid, f16c
Processor Information for the first 8 processors :
  Max Mhz: 2401, Current Mhz: 2401, Mhz Limit: 2401

Memory: 4k page, system-wide physical 5965M (6M free)
TotalPageFile size 24397M (AvailPageFile size 0M)
current process WorkingSet (physical memory assigned to process): 66M, peak: 204M
current process commit charge ("private bytes"): 371M, peak: 379M

vm_info: OpenJDK 64-Bit Server VM (21.0.12.1+1-LTS) for windows-amd64 JRE (21.0.12.1+1-LTS), built on 2026-08-18T00:00:00Z by "admin" with MS VC++ 17.12 (VS2022)

END.
