#
# There is insufficient memory for the Java Runtime Environment to continue.
# Native memory allocation (malloc) failed to allocate 32784 bytes. Error detail: Chunk::new
# Possible reasons:
#   The system is out of physical RAM or swap space
#   This process is running with CompressedOops enabled, and the Java Heap may be blocking the growth of the native heap
# Possible solutions:
#   Reduce memory load on the system
#   Increase physical memory or swap space
#   Check if swap backing store is full
#   Decrease Java heap size (-Xmx/-Xms)
#   Decrease number of Java threads
#   Decrease Java thread stack sizes (-Xss)
#   Set larger code cache with -XX:ReservedCodeCacheSize=
#   JVM is running with Unscaled Compressed Oops mode in which the Java heap is
#     placed in the first 4GB address space. The Java Heap base address is the
#     maximum limit for the native heap growth. Please use -XX:HeapBaseMinAddress
#     to set the Java Heap base and to place the Java Heap above 4GB virtual address.
# This output file may be truncated or incomplete.
#
#  Out of Memory Error (arena.cpp:168), pid=27892, tid=18912
#
# JRE version: OpenJDK Runtime Environment Temurin-21.0.12.1+1 (21.0.12.1+1) (build 21.0.12.1+1-LTS)
# Java VM: OpenJDK 64-Bit Server VM Temurin-21.0.12.1+1 (21.0.12.1+1-LTS, mixed mode, sharing, tiered, compressed oops, compressed class ptrs, g1 gc, windows-amd64)
# No core dump will be written. Minidumps are not enabled by default on client versions of Windows
#

---------------  S U M M A R Y ------------

Command Line: --add-opens=java.base/java.lang=ALL-UNNAMED --add-opens=java.base/java.lang.invoke=ALL-UNNAMED --add-opens=java.base/java.util=ALL-UNNAMED --add-opens=java.prefs/java.util.prefs=ALL-UNNAMED --add-exports=jdk.compiler/com.sun.tools.javac.api=ALL-UNNAMED --add-exports=jdk.compiler/com.sun.tools.javac.util=ALL-UNNAMED --add-opens=java.base/java.util=ALL-UNNAMED --add-opens=java.prefs/java.util.prefs=ALL-UNNAMED --add-opens=java.base/java.nio.charset=ALL-UNNAMED --add-opens=java.base/java.net=ALL-UNNAMED --add-opens=java.base/java.util.concurrent.atomic=ALL-UNNAMED --add-opens=java.xml/javax.xml.namespace=ALL-UNNAMED -Xmx1024m -Dfile.encoding=UTF-8 -Duser.country=US -Duser.language=en -Duser.variant -javaagent:C:\Users\LENOVO\.gradle\wrapper\dists\gradle-8.14-bin\38aieal9i53h9rfe7vjup95b9\gradle-8.14\lib\agents\gradle-instrumentation-agent-8.14.jar org.gradle.launcher.daemon.bootstrap.GradleDaemon 8.14

Host: AMD Ryzen 3 7320U with Radeon Graphics         , 8 cores, 5G,  Windows 11 , 64 bit Build 26100 (10.0.26100.9444)
Time: Thu Oct  8 17:05:21 2026 Nepal Standard Time elapsed time: 157.012033 seconds (0d 0h 2m 37s)

---------------  T H R E A D  ---------------

Current thread (0x000001cd26f21650):  JavaThread "C2 CompilerThread0" daemon [_thread_in_native, id=18912, stack(0x000000a655900000,0x000000a655a00000) (1024K)]


Current CompileTask:
C2:157012 3984   !   4       sun.nio.fs.WindowsPath::initOffsets (153 bytes)

Stack: [0x000000a655900000,0x000000a655a00000]
Native frames: (J=compiled Java code, j=interpreted, Vv=VM code, C=native code)
V  [jvm.dll+0x6d83e9]
V  [jvm.dll+0x8b5736]
V  [jvm.dll+0x8b7cee]
V  [jvm.dll+0x8b83d3]
V  [jvm.dll+0x284596]
V  [jvm.dll+0xc685d]
V  [jvm.dll+0xc6da1]
V  [jvm.dll+0xd283d]
V  [jvm.dll+0x5ff0af]
V  [jvm.dll+0x255d67]
V  [jvm.dll+0x25612d]
V  [jvm.dll+0x24e6a0]
V  [jvm.dll+0x24bbe6]
V  [jvm.dll+0x1cb4ae]
V  [jvm.dll+0x25baad]
V  [jvm.dll+0x25a03a]
V  [jvm.dll+0x3f8aae]
V  [jvm.dll+0x8600cd]
V  [jvm.dll+0x6d6c1d]
C  [ucrtbase.dll+0x2cd30]
C  [KERNEL32.DLL+0x2cd87]
C  [ntdll.dll+0xacaec]


---------------  P R O C E S S  ---------------

Threads class SMR info:
_java_thread_list=0x000001cd6e922e30, length=29, elements={
0x000001cd0e999950, 0x000001cd26f19a90, 0x000001cd26f1b210, 0x000001cd26f1c990,
0x000001cd26f1f400, 0x000001cd26f1fe60, 0x000001cd26f208c0, 0x000001cd26f21650,
0x000001cd26f2ccb0, 0x000001cd6c198f80, 0x000001cd6c206300, 0x000001cd6cf019c0,
0x000001cd6c16b630, 0x000001cd6da85030, 0x000001cd6c449150, 0x000001cd6cef4020,
0x000001cd6c0722c0, 0x000001cd6c071c30, 0x000001cd6c072950, 0x000001cd6c06f4d0,
0x000001cd6c06fb60, 0x000001cd6c0701f0, 0x000001cd6c070880, 0x000001cd6c070f10,
0x000001cd6edd7c90, 0x000001cd6edd8320, 0x000001cd6edd7600, 0x000001cd6edd89b0,
0x000001cd6edd9040
}

Java Threads: ( => current thread )
  0x000001cd0e999950 JavaThread "main"                              [_thread_blocked, id=14024, stack(0x000000a654b00000,0x000000a654c00000) (1024K)]
  0x000001cd26f19a90 JavaThread "Reference Handler"          daemon [_thread_blocked, id=9056, stack(0x000000a655300000,0x000000a655400000) (1024K)]
  0x000001cd26f1b210 JavaThread "Finalizer"                  daemon [_thread_blocked, id=6876, stack(0x000000a655400000,0x000000a655500000) (1024K)]
  0x000001cd26f1c990 JavaThread "Signal Dispatcher"          daemon [_thread_blocked, id=28952, stack(0x000000a655500000,0x000000a655600000) (1024K)]
  0x000001cd26f1f400 JavaThread "Attach Listener"            daemon [_thread_blocked, id=25728, stack(0x000000a655600000,0x000000a655700000) (1024K)]
  0x000001cd26f1fe60 JavaThread "Service Thread"             daemon [_thread_blocked, id=28960, stack(0x000000a655700000,0x000000a655800000) (1024K)]
  0x000001cd26f208c0 JavaThread "Monitor Deflation Thread"   daemon [_thread_blocked, id=13748, stack(0x000000a655800000,0x000000a655900000) (1024K)]
=>0x000001cd26f21650 JavaThread "C2 CompilerThread0"         daemon [_thread_in_native, id=18912, stack(0x000000a655900000,0x000000a655a00000) (1024K)]
  0x000001cd26f2ccb0 JavaThread "C1 CompilerThread0"         daemon [_thread_blocked, id=27340, stack(0x000000a655a00000,0x000000a655b00000) (1024K)]
  0x000001cd6c198f80 JavaThread "Common-Cleaner"             daemon [_thread_blocked, id=27396, stack(0x000000a655b00000,0x000000a655c00000) (1024K)]
  0x000001cd6c206300 JavaThread "Notification Thread"        daemon [_thread_blocked, id=24096, stack(0x000000a655c00000,0x000000a655d00000) (1024K)]
  0x000001cd6cf019c0 JavaThread "Daemon health stats"               [_thread_blocked, id=13148, stack(0x000000a654900000,0x000000a654a00000) (1024K)]
  0x000001cd6c16b630 JavaThread "Incoming local TCP Connector on port 35888"        [_thread_in_native, id=3060, stack(0x000000a656100000,0x000000a656200000) (1024K)]
  0x000001cd6da85030 JavaThread "Daemon periodic checks"            [_thread_blocked, id=14836, stack(0x000000a656500000,0x000000a656600000) (1024K)]
  0x000001cd6c449150 JavaThread "Daemon"                            [_thread_blocked, id=1956, stack(0x000000a656600000,0x000000a656700000) (1024K)]
  0x000001cd6cef4020 JavaThread "Handler for socket connection from /127.0.0.1:35888 to /127.0.0.1:35890"        [_thread_in_native, id=29040, stack(0x000000a656700000,0x000000a656800000) (1024K)]
  0x000001cd6c0722c0 JavaThread "Cancel handler"                    [_thread_blocked, id=28372, stack(0x000000a656800000,0x000000a656900000) (1024K)]
  0x000001cd6c071c30 JavaThread "Daemon worker"                     [_thread_in_vm, id=29532, stack(0x000000a656900000,0x000000a656a00000) (1024K)]
  0x000001cd6c072950 JavaThread "Asynchronous log dispatcher for DefaultDaemonConnection: socket connection from /127.0.0.1:35888 to /127.0.0.1:35890"        [_thread_blocked, id=22564, stack(0x000000a656a00000,0x000000a656b00000) (1024K)]
  0x000001cd6c06f4d0 JavaThread "Stdin handler"                     [_thread_blocked, id=19544, stack(0x000000a656b00000,0x000000a656c00000) (1024K)]
  0x000001cd6c06fb60 JavaThread "Daemon client event forwarder"        [_thread_blocked, id=2172, stack(0x000000a656c00000,0x000000a656d00000) (1024K)]
  0x000001cd6c0701f0 JavaThread "Cache worker for journal cache (C:\Users\LENOVO\.gradle\caches\journal-1)"        [_thread_blocked, id=28864, stack(0x000000a656d00000,0x000000a656e00000) (1024K)]
  0x000001cd6c070880 JavaThread "File lock request listener"        [_thread_in_native, id=28772, stack(0x000000a656e00000,0x000000a656f00000) (1024K)]
  0x000001cd6c070f10 JavaThread "Cache worker for file hash cache (C:\Users\LENOVO\.gradle\caches\8.14\fileHashes)"        [_thread_blocked, id=10144, stack(0x000000a656f00000,0x000000a657000000) (1024K)]
  0x000001cd6edd7c90 JavaThread "File lock release action executor"        [_thread_blocked, id=3868, stack(0x000000a657000000,0x000000a657100000) (1024K)]
  0x000001cd6edd8320 JavaThread "Cache worker for file hash cache (C:\Users\LENOVO\Desktop\HeliBoard-main\.gradle\8.14\fileHashes)"        [_thread_blocked, id=5840, stack(0x000000a657200000,0x000000a657300000) (1024K)]
  0x000001cd6edd7600 JavaThread "Cache worker for Build Output Cleanup Cache (C:\Users\LENOVO\Desktop\HeliBoard-main\.gradle\buildOutputCleanup)"        [_thread_blocked, id=28336, stack(0x000000a657300000,0x000000a657400000) (1024K)]
  0x000001cd6edd89b0 JavaThread "File watcher server"        daemon [_thread_in_native, id=12420, stack(0x000000a654800000,0x000000a654900000) (1024K)]
  0x000001cd6edd9040 JavaThread "File watcher consumer"      daemon [_thread_blocked, id=29120, stack(0x000000a654a00000,0x000000a654b00000) (1024K)]
Total: 29

Other Threads:
  0x000001cd26ef9860 VMThread "VM Thread"                           [id=23760, stack(0x000000a655200000,0x000000a655300000) (1024K)]
  0x000001cd26ee9a60 WatcherThread "VM Periodic Task Thread"        [id=25996, stack(0x000000a655100000,0x000000a655200000) (1024K)]
  0x000001cd10c37eb0 WorkerThread "GC Thread#0"                     [id=7748, stack(0x000000a654c00000,0x000000a654d00000) (1024K)]
  0x000001cd6c35b350 WorkerThread "GC Thread#1"                     [id=9480, stack(0x000000a655d00000,0x000000a655e00000) (1024K)]
  0x000001cd6c216220 WorkerThread "GC Thread#2"                     [id=5416, stack(0x000000a655e00000,0x000000a655f00000) (1024K)]
  0x000001cd6c2165d0 WorkerThread "GC Thread#3"                     [id=3320, stack(0x000000a655f00000,0x000000a656000000) (1024K)]
  0x000001cd6c176490 WorkerThread "GC Thread#4"                     [id=25160, stack(0x000000a656000000,0x000000a656100000) (1024K)]
  0x000001cd6c2bc570 WorkerThread "GC Thread#5"                     [id=23988, stack(0x000000a656200000,0x000000a656300000) (1024K)]
  0x000001cd6cf22250 WorkerThread "GC Thread#6"                     [id=15228, stack(0x000000a656300000,0x000000a656400000) (1024K)]
  0x000001cd6cf22600 WorkerThread "GC Thread#7"                     [id=21928, stack(0x000000a656400000,0x000000a656500000) (1024K)]
  0x000001cd10c40cb0 ConcurrentGCThread "G1 Main Marker"            [id=19348, stack(0x000000a654d00000,0x000000a654e00000) (1024K)]
  0x000001cd10c425e0 WorkerThread "G1 Conc#0"                       [id=29216, stack(0x000000a654e00000,0x000000a654f00000) (1024K)]
  0x000001cd6c0cbec0 WorkerThread "G1 Conc#1"                       [id=24884, stack(0x000000a657100000,0x000000a657200000) (1024K)]
  0x000001cd26dc1200 ConcurrentGCThread "G1 Refine#0"               [id=9500, stack(0x000000a654f00000,0x000000a655000000) (1024K)]
  0x000001cd10cb4e20 ConcurrentGCThread "G1 Service"                [id=29024, stack(0x000000a655000000,0x000000a655100000) (1024K)]
Total: 15

Threads with active compile tasks:
C2 CompilerThread0  157055 3984   !   4       sun.nio.fs.WindowsPath::initOffsets (153 bytes)
Total: 1

VM state: not at safepoint (normal execution)

VM Mutex/Monitor currently owned by a thread: None

Heap address: 0x00000000c0000000, size: 1024 MB, Compressed Oops mode: 32-bit

CDS archive(s) mapped at: [0x000001cd27000000-0x000001cd27ba0000-0x000001cd27ba0000), size 12189696, SharedBaseAddress: 0x000001cd27000000, ArchiveRelocationMode: 1.
Compressed class space mapped at: 0x000001cd28000000-0x000001cd68000000, reserved size: 1073741824
Narrow klass base: 0x000001cd27000000, Narrow klass shift: 0, Narrow klass range: 0x100000000

GC Precious Log:
 CardTable entry size: 512
 Card Set container configuration: InlinePtr #cards 5 size 8 Array Of Cards #cards 12 size 40 Howl #buckets 4 coarsen threshold 1843 Howl Bitmap #cards 512 size 80 coarsen threshold 460 Card regions per heap region 1 cards per card region 2048
 CPUs: 8 total, 8 available
 Memory: 5965M
 Large Page Support: Disabled
 NUMA Support: Disabled
 Compressed Oops: Enabled (32-bit)
 Heap Region Size: 1M
 Heap Min Capacity: 8M
 Heap Initial Capacity: 94M
 Heap Max Capacity: 1G
 Pre-touch: Disabled
 Parallel Workers: 8
 Concurrent Workers: 2
 Concurrent Refinement Workers: 8
 Periodic GC: Disabled

Heap:
 garbage-first heap   total 86016K, used 39042K [0x00000000c0000000, 0x0000000100000000)
  region size 1024K, 20 young (20480K), 6 survivors (6144K)
 Metaspace       used 30231K, committed 31232K, reserved 1114112K
  class space    used 4384K, committed 4864K, reserved 1048576K

Heap Regions: E=young(eden), S=young(survivor), O=old, HS=humongous(starts), HC=humongous(continues), CS=collection set, F=free, TAMS=top-at-mark-start, PB=parsable bottom
|   0|0x00000000c0000000, 0x00000000c0100000, 0x00000000c0100000|100%|HS|  |TAMS 0x00000000c0000000| PB 0x00000000c0000000| Complete 
|   1|0x00000000c0100000, 0x00000000c0200000, 0x00000000c0200000|100%|HC|  |TAMS 0x00000000c0100000| PB 0x00000000c0100000| Complete 
|   2|0x00000000c0200000, 0x00000000c0300000, 0x00000000c0300000|100%|HC|  |TAMS 0x00000000c0200000| PB 0x00000000c0200000| Complete 
|   3|0x00000000c0300000, 0x00000000c0400000, 0x00000000c0400000|100%| O|  |TAMS 0x00000000c0300000| PB 0x00000000c0300000| Untracked 
|   4|0x00000000c0400000, 0x00000000c0500000, 0x00000000c0500000|100%| O|  |TAMS 0x00000000c0400000| PB 0x00000000c0400000| Untracked 
|   5|0x00000000c0500000, 0x00000000c0600000, 0x00000000c0600000|100%| O|  |TAMS 0x00000000c0500000| PB 0x00000000c0500000| Untracked 
|   6|0x00000000c0600000, 0x00000000c0700000, 0x00000000c0700000|100%| O|  |TAMS 0x00000000c0600000| PB 0x00000000c0600000| Untracked 
|   7|0x00000000c0700000, 0x00000000c0800000, 0x00000000c0800000|100%| O|  |TAMS 0x00000000c0700000| PB 0x00000000c0700000| Untracked 
|   8|0x00000000c0800000, 0x00000000c0900000, 0x00000000c0900000|100%| O|  |TAMS 0x00000000c0800000| PB 0x00000000c0800000| Untracked 
|   9|0x00000000c0900000, 0x00000000c0a00000, 0x00000000c0a00000|100%| O|  |TAMS 0x00000000c0900000| PB 0x00000000c0900000| Untracked 
|  10|0x00000000c0a00000, 0x00000000c0b00000, 0x00000000c0b00000|100%| O|  |TAMS 0x00000000c0a00000| PB 0x00000000c0a00000| Untracked 
|  11|0x00000000c0b00000, 0x00000000c0c00000, 0x00000000c0c00000|100%|HS|  |TAMS 0x00000000c0b00000| PB 0x00000000c0b00000| Complete 
|  12|0x00000000c0c00000, 0x00000000c0d00000, 0x00000000c0d00000|100%| O|  |TAMS 0x00000000c0c00000| PB 0x00000000c0c00000| Untracked 
|  13|0x00000000c0d00000, 0x00000000c0e00000, 0x00000000c0e00000|100%| O|  |TAMS 0x00000000c0d00000| PB 0x00000000c0d00000| Untracked 
|  14|0x00000000c0e00000, 0x00000000c0f00000, 0x00000000c0f00000|100%| O|  |TAMS 0x00000000c0e00000| PB 0x00000000c0e00000| Untracked 
|  15|0x00000000c0f00000, 0x00000000c1000000, 0x00000000c1000000|100%| O|  |TAMS 0x00000000c0f00000| PB 0x00000000c0f00000| Untracked 
|  16|0x00000000c1000000, 0x00000000c1100000, 0x00000000c1100000|100%| O|  |TAMS 0x00000000c1000000| PB 0x00000000c1000000| Untracked 
|  17|0x00000000c1100000, 0x00000000c1200000, 0x00000000c1200000|100%| O|  |TAMS 0x00000000c1100000| PB 0x00000000c1100000| Untracked 
|  18|0x00000000c1200000, 0x00000000c12b3080, 0x00000000c1300000| 69%| O|Cm|TAMS 0x00000000c1200000| PB 0x00000000c1200000| Complete 
|  19|0x00000000c1300000, 0x00000000c1400000, 0x00000000c1400000|100%| O|  |TAMS 0x00000000c1300000| PB 0x00000000c1300000| Untracked 
|  20|0x00000000c1400000, 0x00000000c1500000, 0x00000000c1500000|100%| O|  |TAMS 0x00000000c1400000| PB 0x00000000c1400000| Untracked 
|  21|0x00000000c1500000, 0x00000000c1553460, 0x00000000c1600000| 32%| O|  |TAMS 0x00000000c1500000| PB 0x00000000c1500000| Untracked 
|  22|0x00000000c1600000, 0x00000000c1600000, 0x00000000c1700000|  0%| F|  |TAMS 0x00000000c1600000| PB 0x00000000c1600000| Untracked 
|  23|0x00000000c1700000, 0x00000000c1700000, 0x00000000c1800000|  0%| F|  |TAMS 0x00000000c1700000| PB 0x00000000c1700000| Untracked 
|  24|0x00000000c1800000, 0x00000000c1800000, 0x00000000c1900000|  0%| F|  |TAMS 0x00000000c1800000| PB 0x00000000c1800000| Untracked 
|  25|0x00000000c1900000, 0x00000000c1900000, 0x00000000c1a00000|  0%| F|  |TAMS 0x00000000c1900000| PB 0x00000000c1900000| Untracked 
|  26|0x00000000c1a00000, 0x00000000c1a00000, 0x00000000c1b00000|  0%| F|  |TAMS 0x00000000c1a00000| PB 0x00000000c1a00000| Untracked 
|  27|0x00000000c1b00000, 0x00000000c1b00000, 0x00000000c1c00000|  0%| F|  |TAMS 0x00000000c1b00000| PB 0x00000000c1b00000| Untracked 
|  28|0x00000000c1c00000, 0x00000000c1c1a4f0, 0x00000000c1d00000| 10%| S|CS|TAMS 0x00000000c1c00000| PB 0x00000000c1c00000| Complete 
|  29|0x00000000c1d00000, 0x00000000c1e00000, 0x00000000c1e00000|100%| S|CS|TAMS 0x00000000c1d00000| PB 0x00000000c1d00000| Complete 
|  30|0x00000000c1e00000, 0x00000000c1f00000, 0x00000000c1f00000|100%| S|CS|TAMS 0x00000000c1e00000| PB 0x00000000c1e00000| Complete 
|  31|0x00000000c1f00000, 0x00000000c2000000, 0x00000000c2000000|100%| S|CS|TAMS 0x00000000c1f00000| PB 0x00000000c1f00000| Complete 
|  32|0x00000000c2000000, 0x00000000c2100000, 0x00000000c2100000|100%| S|CS|TAMS 0x00000000c2000000| PB 0x00000000c2000000| Complete 
|  33|0x00000000c2100000, 0x00000000c2200000, 0x00000000c2200000|100%| S|CS|TAMS 0x00000000c2100000| PB 0x00000000c2100000| Complete 
|  34|0x00000000c2200000, 0x00000000c2200000, 0x00000000c2300000|  0%| F|  |TAMS 0x00000000c2200000| PB 0x00000000c2200000| Untracked 
|  35|0x00000000c2300000, 0x00000000c2300000, 0x00000000c2400000|  0%| F|  |TAMS 0x00000000c2300000| PB 0x00000000c2300000| Untracked 
|  36|0x00000000c2400000, 0x00000000c2400000, 0x00000000c2500000|  0%| F|  |TAMS 0x00000000c2400000| PB 0x00000000c2400000| Untracked 
|  37|0x00000000c2500000, 0x00000000c2500000, 0x00000000c2600000|  0%| F|  |TAMS 0x00000000c2500000| PB 0x00000000c2500000| Untracked 
|  38|0x00000000c2600000, 0x00000000c2600000, 0x00000000c2700000|  0%| F|  |TAMS 0x00000000c2600000| PB 0x00000000c2600000| Untracked 
|  39|0x00000000c2700000, 0x00000000c2700000, 0x00000000c2800000|  0%| F|  |TAMS 0x00000000c2700000| PB 0x00000000c2700000| Untracked 
|  40|0x00000000c2800000, 0x00000000c2800000, 0x00000000c2900000|  0%| F|  |TAMS 0x00000000c2800000| PB 0x00000000c2800000| Untracked 
|  41|0x00000000c2900000, 0x00000000c2900000, 0x00000000c2a00000|  0%| F|  |TAMS 0x00000000c2900000| PB 0x00000000c2900000| Untracked 
|  42|0x00000000c2a00000, 0x00000000c2a00000, 0x00000000c2b00000|  0%| F|  |TAMS 0x00000000c2a00000| PB 0x00000000c2a00000| Untracked 
|  43|0x00000000c2b00000, 0x00000000c2b00000, 0x00000000c2c00000|  0%| F|  |TAMS 0x00000000c2b00000| PB 0x00000000c2b00000| Untracked 
|  44|0x00000000c2c00000, 0x00000000c2c00000, 0x00000000c2d00000|  0%| F|  |TAMS 0x00000000c2c00000| PB 0x00000000c2c00000| Untracked 
|  45|0x00000000c2d00000, 0x00000000c2d00000, 0x00000000c2e00000|  0%| F|  |TAMS 0x00000000c2d00000| PB 0x00000000c2d00000| Untracked 
|  46|0x00000000c2e00000, 0x00000000c2e00000, 0x00000000c2f00000|  0%| F|  |TAMS 0x00000000c2e00000| PB 0x00000000c2e00000| Untracked 
|  47|0x00000000c2f00000, 0x00000000c2f00000, 0x00000000c3000000|  0%| F|  |TAMS 0x00000000c2f00000| PB 0x00000000c2f00000| Untracked 
|  48|0x00000000c3000000, 0x00000000c3000000, 0x00000000c3100000|  0%| F|  |TAMS 0x00000000c3000000| PB 0x00000000c3000000| Untracked 
|  49|0x00000000c3100000, 0x00000000c3100000, 0x00000000c3200000|  0%| F|  |TAMS 0x00000000c3100000| PB 0x00000000c3100000| Untracked 
|  50|0x00000000c3200000, 0x00000000c3200000, 0x00000000c3300000|  0%| F|  |TAMS 0x00000000c3200000| PB 0x00000000c3200000| Untracked 
|  51|0x00000000c3300000, 0x00000000c3300000, 0x00000000c3400000|  0%| F|  |TAMS 0x00000000c3300000| PB 0x00000000c3300000| Untracked 
|  52|0x00000000c3400000, 0x00000000c3400000, 0x00000000c3500000|  0%| F|  |TAMS 0x00000000c3400000| PB 0x00000000c3400000| Untracked 
|  53|0x00000000c3500000, 0x00000000c3500000, 0x00000000c3600000|  0%| F|  |TAMS 0x00000000c3500000| PB 0x00000000c3500000| Untracked 
|  54|0x00000000c3600000, 0x00000000c3600000, 0x00000000c3700000|  0%| F|  |TAMS 0x00000000c3600000| PB 0x00000000c3600000| Untracked 
|  55|0x00000000c3700000, 0x00000000c3700000, 0x00000000c3800000|  0%| F|  |TAMS 0x00000000c3700000| PB 0x00000000c3700000| Untracked 
|  56|0x00000000c3800000, 0x00000000c3800000, 0x00000000c3900000|  0%| F|  |TAMS 0x00000000c3800000| PB 0x00000000c3800000| Untracked 
|  57|0x00000000c3900000, 0x00000000c3900000, 0x00000000c3a00000|  0%| F|  |TAMS 0x00000000c3900000| PB 0x00000000c3900000| Untracked 
|  58|0x00000000c3a00000, 0x00000000c3a00000, 0x00000000c3b00000|  0%| F|  |TAMS 0x00000000c3a00000| PB 0x00000000c3a00000| Untracked 
|  59|0x00000000c3b00000, 0x00000000c3b00000, 0x00000000c3c00000|  0%| F|  |TAMS 0x00000000c3b00000| PB 0x00000000c3b00000| Untracked 
|  60|0x00000000c3c00000, 0x00000000c3c00000, 0x00000000c3d00000|  0%| F|  |TAMS 0x00000000c3c00000| PB 0x00000000c3c00000| Untracked 
|  61|0x00000000c3d00000, 0x00000000c3d00000, 0x00000000c3e00000|  0%| F|  |TAMS 0x00000000c3d00000| PB 0x00000000c3d00000| Untracked 
|  62|0x00000000c3e00000, 0x00000000c3e00000, 0x00000000c3f00000|  0%| F|  |TAMS 0x00000000c3e00000| PB 0x00000000c3e00000| Untracked 
|  63|0x00000000c3f00000, 0x00000000c3f00000, 0x00000000c4000000|  0%| F|  |TAMS 0x00000000c3f00000| PB 0x00000000c3f00000| Untracked 
|  64|0x00000000c4000000, 0x00000000c4000000, 0x00000000c4100000|  0%| F|  |TAMS 0x00000000c4000000| PB 0x00000000c4000000| Untracked 
|  65|0x00000000c4100000, 0x00000000c4100000, 0x00000000c4200000|  0%| F|  |TAMS 0x00000000c4100000| PB 0x00000000c4100000| Untracked 
|  66|0x00000000c4200000, 0x00000000c4200000, 0x00000000c4300000|  0%| F|  |TAMS 0x00000000c4200000| PB 0x00000000c4200000| Untracked 
|  67|0x00000000c4300000, 0x00000000c4300000, 0x00000000c4400000|  0%| F|  |TAMS 0x00000000c4300000| PB 0x00000000c4300000| Untracked 
|  68|0x00000000c4400000, 0x00000000c4400000, 0x00000000c4500000|  0%| F|  |TAMS 0x00000000c4400000| PB 0x00000000c4400000| Untracked 
|  69|0x00000000c4500000, 0x00000000c4500000, 0x00000000c4600000|  0%| F|  |TAMS 0x00000000c4500000| PB 0x00000000c4500000| Untracked 
|  70|0x00000000c4600000, 0x00000000c46bb4e8, 0x00000000c4700000| 73%| E|  |TAMS 0x00000000c4600000| PB 0x00000000c4600000| Complete 
|  71|0x00000000c4700000, 0x00000000c4800000, 0x00000000c4800000|100%| E|CS|TAMS 0x00000000c4700000| PB 0x00000000c4700000| Complete 
|  72|0x00000000c4800000, 0x00000000c4900000, 0x00000000c4900000|100%| E|CS|TAMS 0x00000000c4800000| PB 0x00000000c4800000| Complete 
|  73|0x00000000c4900000, 0x00000000c4a00000, 0x00000000c4a00000|100%| E|CS|TAMS 0x00000000c4900000| PB 0x00000000c4900000| Complete 
|  74|0x00000000c4a00000, 0x00000000c4b00000, 0x00000000c4b00000|100%| E|CS|TAMS 0x00000000c4a00000| PB 0x00000000c4a00000| Complete 
|  75|0x00000000c4b00000, 0x00000000c4c00000, 0x00000000c4c00000|100%| E|  |TAMS 0x00000000c4b00000| PB 0x00000000c4b00000| Complete 
|  76|0x00000000c4c00000, 0x00000000c4d00000, 0x00000000c4d00000|100%| E|CS|TAMS 0x00000000c4c00000| PB 0x00000000c4c00000| Complete 
|  77|0x00000000c4d00000, 0x00000000c4e00000, 0x00000000c4e00000|100%| E|CS|TAMS 0x00000000c4d00000| PB 0x00000000c4d00000| Complete 
|  78|0x00000000c4e00000, 0x00000000c4f00000, 0x00000000c4f00000|100%| E|CS|TAMS 0x00000000c4e00000| PB 0x00000000c4e00000| Complete 
|  79|0x00000000c4f00000, 0x00000000c5000000, 0x00000000c5000000|100%| E|CS|TAMS 0x00000000c4f00000| PB 0x00000000c4f00000| Complete 
|  80|0x00000000c5000000, 0x00000000c5100000, 0x00000000c5100000|100%| E|CS|TAMS 0x00000000c5000000| PB 0x00000000c5000000| Complete 
|  81|0x00000000c5100000, 0x00000000c5200000, 0x00000000c5200000|100%| E|CS|TAMS 0x00000000c5100000| PB 0x00000000c5100000| Complete 
|  82|0x00000000c5200000, 0x00000000c5300000, 0x00000000c5300000|100%| E|CS|TAMS 0x00000000c5200000| PB 0x00000000c5200000| Complete 
|  93|0x00000000c5d00000, 0x00000000c5e00000, 0x00000000c5e00000|100%| E|CS|TAMS 0x00000000c5d00000| PB 0x00000000c5d00000| Complete 

Card table byte_map: [0x000001cd23330000,0x000001cd23530000] _byte_map_base: 0x000001cd22d30000

Marking Bits: (CMBitMap*) 0x000001cd10c383d0
 Bits: [0x000001cd23530000, 0x000001cd24530000)

Polling page: 0x000001cd0eba0000

Metaspace:

Usage:
  Non-class:     25.24 MB used.
      Class:      4.28 MB used.
       Both:     29.52 MB used.

Virtual space:
  Non-class space:       64.00 MB reserved,      25.75 MB ( 40%) committed,  1 nodes.
      Class space:        1.00 GB reserved,       4.75 MB ( <1%) committed,  1 nodes.
             Both:        1.06 GB reserved,      30.50 MB (  3%) committed. 

Chunk freelists:
   Non-Class:  5.98 MB
       Class:  11.20 MB
        Both:  17.19 MB

MaxMetaspaceSize: unlimited
CompressedClassSpaceSize: 1.00 GB
Initial GC threshold: 21.00 MB
Current GC threshold: 35.12 MB
CDS: on
 - commit_granule_bytes: 65536.
 - commit_granule_words: 8192.
 - virtual_space_node_default_size: 8388608.
 - enlarge_chunks_in_place: 1.
 - use_allocation_guard: 0.


Internal statistics:

num_allocs_failed_limit: 3.
num_arena_births: 1568.
num_arena_deaths: 0.
num_vsnodes_births: 2.
num_vsnodes_deaths: 0.
num_space_committed: 488.
num_space_uncommitted: 0.
num_chunks_returned_to_freelist: 3.
num_chunks_taken_from_freelist: 2886.
num_chunk_merges: 3.
num_chunk_splits: 1841.
num_chunks_enlarged: 1135.
num_inconsistent_stats: 0.

CodeHeap 'non-profiled nmethods': size=120000Kb used=2167Kb max_used=2167Kb free=117833Kb
 bounds [0x000001cd1b8d0000, 0x000001cd1bb40000, 0x000001cd22e00000]
CodeHeap 'profiled nmethods': size=120000Kb used=8082Kb max_used=8082Kb free=111917Kb
 bounds [0x000001cd13e00000, 0x000001cd145f0000, 0x000001cd1b330000]
CodeHeap 'non-nmethods': size=5760Kb used=1438Kb max_used=1469Kb free=4321Kb
 bounds [0x000001cd1b330000, 0x000001cd1b5a0000, 0x000001cd1b8d0000]
CodeCache: size=245760Kb, used=11687Kb, max_used=11718Kb, free=234071Kb
 total_blobs=4575, nmethods=3982, adapters=497, full_count=0
Compilation: enabled, stopped_count=0, restarted_count=0

Compilation events (20 events):
Event: 156.315 Thread 0x000001cd26f2ccb0 nmethod 3974 0x000001cd145ddf90 code [0x000001cd145de120, 0x000001cd145de290]
Event: 156.515 Thread 0x000001cd26f2ccb0 3975   !   3       java.io.RandomAccessFile::close (69 bytes)
Event: 156.516 Thread 0x000001cd26f2ccb0 nmethod 3975 0x000001cd145de310 code [0x000001cd145de500, 0x000001cd145dea38]
Event: 156.545 Thread 0x000001cd26f2ccb0 3976       3       java.io.File::getName (42 bytes)
Event: 156.546 Thread 0x000001cd26f2ccb0 nmethod 3976 0x000001cd145dec10 code [0x000001cd145dee60, 0x000001cd145df670]
Event: 156.565 Thread 0x000001cd26f2ccb0 3977       3       java.io.WinNTFileSystem::resolve (326 bytes)
Event: 156.572 Thread 0x000001cd26f2ccb0 nmethod 3977 0x000001cd145dfa10 code [0x000001cd145dff40, 0x000001cd145e2d48]
Event: 156.661 Thread 0x000001cd26f21650 3978       4       org.gradle.internal.serialize.InputStreamBackedDecoder::readString (8 bytes)
Event: 156.667 Thread 0x000001cd26f21650 nmethod 3978 0x000001cd1baec710 code [0x000001cd1baec8a0, 0x000001cd1baec978]
Event: 156.716 Thread 0x000001cd26f2ccb0 3979       3       org.codehaus.groovy.reflection.CachedClass$3$$Lambda/0x000001cd28477070::test (8 bytes)
Event: 156.716 Thread 0x000001cd26f2ccb0 nmethod 3979 0x000001cd145e3e10 code [0x000001cd145e3fe0, 0x000001cd145e4358]
Event: 156.717 Thread 0x000001cd26f2ccb0 3980       3       org.codehaus.groovy.reflection.CachedClass$3::lambda$initValue$0 (18 bytes)
Event: 156.717 Thread 0x000001cd26f2ccb0 nmethod 3980 0x000001cd145e4490 code [0x000001cd145e4640, 0x000001cd145e4840]
Event: 156.803 Thread 0x000001cd26f21650 3981       4       java.util.HashMap::getNode (150 bytes)
Event: 156.809 Thread 0x000001cd26f21650 nmethod 3981 0x000001cd1baeca90 code [0x000001cd1baecc40, 0x000001cd1baecf18]
Event: 156.834 Thread 0x000001cd26f2ccb0 3982       1       java.util.LinkedList::size (5 bytes)
Event: 156.834 Thread 0x000001cd26f2ccb0 nmethod 3982 0x000001cd1baed190 code [0x000001cd1baed320, 0x000001cd1baed3e8]
Event: 156.959 Thread 0x000001cd26f21650 3983       4       java.util.regex.Pattern$BmpCharProperty::match (55 bytes)
Event: 156.964 Thread 0x000001cd26f21650 nmethod 3983 0x000001cd1baed490 code [0x000001cd1baed660, 0x000001cd1baed940]
Event: 156.981 Thread 0x000001cd26f21650 3984   !   4       sun.nio.fs.WindowsPath::initOffsets (153 bytes)

GC Heap History (14 events):
Event: 9.288 GC heap before
{Heap before GC invocations=0 (full 0):
 garbage-first heap   total 96256K, used 23552K [0x00000000c0000000, 0x0000000100000000)
  region size 1024K, 23 young (23552K), 0 survivors (0K)
 Metaspace       used 1046K, committed 1152K, reserved 1114112K
  class space    used 81K, committed 128K, reserved 1048576K
}
Event: 9.317 GC heap after
{Heap after GC invocations=1 (full 0):
 garbage-first heap   total 96256K, used 1664K [0x00000000c0000000, 0x0000000100000000)
  region size 1024K, 2 young (2048K), 2 survivors (2048K)
 Metaspace       used 1046K, committed 1152K, reserved 1114112K
  class space    used 81K, committed 128K, reserved 1048576K
}
Event: 29.146 GC heap before
{Heap before GC invocations=1 (full 0):
 garbage-first heap   total 96256K, used 39552K [0x00000000c0000000, 0x0000000100000000)
  region size 1024K, 36 young (36864K), 2 survivors (2048K)
 Metaspace       used 4397K, committed 4544K, reserved 1114112K
  class space    used 557K, committed 640K, reserved 1048576K
}
Event: 29.455 GC heap after
{Heap after GC invocations=2 (full 0):
 garbage-first heap   total 96256K, used 10550K [0x00000000c0000000, 0x0000000100000000)
  region size 1024K, 5 young (5120K), 5 survivors (5120K)
 Metaspace       used 4397K, committed 4544K, reserved 1114112K
  class space    used 557K, committed 640K, reserved 1048576K
}
Event: 36.940 GC heap before
{Heap before GC invocations=2 (full 0):
 garbage-first heap   total 96256K, used 40246K [0x00000000c0000000, 0x0000000100000000)
  region size 1024K, 34 young (34816K), 5 survivors (5120K)
 Metaspace       used 4437K, committed 4608K, reserved 1114112K
  class space    used 559K, committed 640K, reserved 1048576K
}
Event: 36.957 GC heap after
{Heap after GC invocations=3 (full 0):
 garbage-first heap   total 96256K, used 12514K [0x00000000c0000000, 0x0000000100000000)
  region size 1024K, 2 young (2048K), 2 survivors (2048K)
 Metaspace       used 4437K, committed 4608K, reserved 1114112K
  class space    used 559K, committed 640K, reserved 1048576K
}
Event: 62.929 GC heap before
{Heap before GC invocations=3 (full 0):
 garbage-first heap   total 96256K, used 49378K [0x00000000c0000000, 0x0000000100000000)
  region size 1024K, 36 young (36864K), 2 survivors (2048K)
 Metaspace       used 8822K, committed 9152K, reserved 1114112K
  class space    used 1200K, committed 1344K, reserved 1048576K
}
Event: 63.338 GC heap after
{Heap after GC invocations=4 (full 0):
 garbage-first heap   total 96256K, used 19028K [0x00000000c0000000, 0x0000000100000000)
  region size 1024K, 5 young (5120K), 5 survivors (5120K)
 Metaspace       used 8822K, committed 9152K, reserved 1114112K
  class space    used 1200K, committed 1344K, reserved 1048576K
}
Event: 88.263 GC heap before
{Heap before GC invocations=4 (full 0):
 garbage-first heap   total 96256K, used 51796K [0x00000000c0000000, 0x0000000100000000)
  region size 1024K, 38 young (38912K), 5 survivors (5120K)
 Metaspace       used 15183K, committed 15616K, reserved 1114112K
  class space    used 2104K, committed 2304K, reserved 1048576K
}
Event: 88.294 GC heap after
{Heap after GC invocations=5 (full 0):
 garbage-first heap   total 96256K, used 21682K [0x00000000c0000000, 0x0000000100000000)
  region size 1024K, 3 young (3072K), 3 survivors (3072K)
 Metaspace       used 15183K, committed 15616K, reserved 1114112K
  class space    used 2104K, committed 2304K, reserved 1048576K
}
Event: 115.464 GC heap before
{Heap before GC invocations=5 (full 0):
 garbage-first heap   total 96256K, used 64690K [0x00000000c0000000, 0x0000000100000000)
  region size 1024K, 46 young (47104K), 3 survivors (3072K)
 Metaspace       used 20876K, committed 21504K, reserved 1114112K
  class space    used 3062K, committed 3392K, reserved 1048576K
}
Event: 115.497 GC heap after
{Heap after GC invocations=6 (full 0):
 garbage-first heap   total 96256K, used 24388K [0x00000000c0000000, 0x0000000100000000)
  region size 1024K, 6 young (6144K), 6 survivors (6144K)
 Metaspace       used 20876K, committed 21504K, reserved 1114112K
  class space    used 3062K, committed 3392K, reserved 1048576K
}
Event: 146.407 GC heap before
{Heap before GC invocations=7 (full 0):
 garbage-first heap   total 86016K, used 69444K [0x00000000c0000000, 0x0000000100000000)
  region size 1024K, 50 young (51200K), 6 survivors (6144K)
 Metaspace       used 26840K, committed 27840K, reserved 1114112K
  class space    used 4001K, committed 4480K, reserved 1048576K
}
Event: 146.531 GC heap after
{Heap after GC invocations=8 (full 0):
 garbage-first heap   total 86016K, used 26754K [0x00000000c0000000, 0x0000000100000000)
  region size 1024K, 6 young (6144K), 6 survivors (6144K)
 Metaspace       used 26840K, committed 27840K, reserved 1114112K
  class space    used 4001K, committed 4480K, reserved 1048576K
}

Dll operation events (20 events):
Event: 1.887 Attempting to load shared library C:\Users\LENOVO\.antigravity-ide\extensions\redhat.java-1.56.0-win32-x64\jre\21.0.12.1-win32-x86_64\bin\nio.dll
Event: 1.888 Loaded shared library C:\Users\LENOVO\.antigravity-ide\extensions\redhat.java-1.56.0-win32-x64\jre\21.0.12.1-win32-x86_64\bin\nio.dll
Event: 1.898 Attempting to load shared library C:\Users\LENOVO\.antigravity-ide\extensions\redhat.java-1.56.0-win32-x64\jre\21.0.12.1-win32-x86_64\bin\zip.dll
Event: 1.898 Loaded shared library C:\Users\LENOVO\.antigravity-ide\extensions\redhat.java-1.56.0-win32-x64\jre\21.0.12.1-win32-x86_64\bin\zip.dll
Event: 8.383 Attempting to load shared library C:\Users\LENOVO\.antigravity-ide\extensions\redhat.java-1.56.0-win32-x64\jre\21.0.12.1-win32-x86_64\bin\jimage.dll
Event: 8.383 Loaded shared library C:\Users\LENOVO\.antigravity-ide\extensions\redhat.java-1.56.0-win32-x64\jre\21.0.12.1-win32-x86_64\bin\jimage.dll
Event: 12.853 Attempting to load shared library C:\Users\LENOVO\.antigravity-ide\extensions\redhat.java-1.56.0-win32-x64\jre\21.0.12.1-win32-x86_64\bin\verify.dll
Event: 12.859 Loaded shared library C:\Users\LENOVO\.antigravity-ide\extensions\redhat.java-1.56.0-win32-x64\jre\21.0.12.1-win32-x86_64\bin\verify.dll
Event: 16.290 Attempting to load shared library C:\Users\LENOVO\.gradle\native\1def1411415f61bf3af743bc5b6707747c0891f09f0c88961ee8f79bc544acac\windows-amd64\native-platform.dll
Event: 16.292 Loaded shared library C:\Users\LENOVO\.gradle\native\1def1411415f61bf3af743bc5b6707747c0891f09f0c88961ee8f79bc544acac\windows-amd64\native-platform.dll
Event: 16.418 Attempting to load shared library C:\Users\LENOVO\.gradle\native\0.2.7\x86_64-windows-gnu\gradle-fileevents.dll
Event: 16.420 Loaded shared library C:\Users\LENOVO\.gradle\native\0.2.7\x86_64-windows-gnu\gradle-fileevents.dll
Event: 54.744 Attempting to load shared library C:\Users\LENOVO\.antigravity-ide\extensions\redhat.java-1.56.0-win32-x64\jre\21.0.12.1-win32-x86_64\bin\management.dll
Event: 54.755 Loaded shared library C:\Users\LENOVO\.antigravity-ide\extensions\redhat.java-1.56.0-win32-x64\jre\21.0.12.1-win32-x86_64\bin\management.dll
Event: 54.827 Attempting to load shared library C:\Users\LENOVO\.antigravity-ide\extensions\redhat.java-1.56.0-win32-x64\jre\21.0.12.1-win32-x86_64\bin\management_ext.dll
Event: 54.841 Loaded shared library C:\Users\LENOVO\.antigravity-ide\extensions\redhat.java-1.56.0-win32-x64\jre\21.0.12.1-win32-x86_64\bin\management_ext.dll
Event: 58.245 Attempting to load shared library C:\Users\LENOVO\.antigravity-ide\extensions\redhat.java-1.56.0-win32-x64\jre\21.0.12.1-win32-x86_64\bin\extnet.dll
Event: 58.249 Loaded shared library C:\Users\LENOVO\.antigravity-ide\extensions\redhat.java-1.56.0-win32-x64\jre\21.0.12.1-win32-x86_64\bin\extnet.dll
Event: 66.816 Attempting to load shared library C:\Users\LENOVO\.antigravity-ide\extensions\redhat.java-1.56.0-win32-x64\jre\21.0.12.1-win32-x86_64\bin\sunmscapi.dll
Event: 66.923 Loaded shared library C:\Users\LENOVO\.antigravity-ide\extensions\redhat.java-1.56.0-win32-x64\jre\21.0.12.1-win32-x86_64\bin\sunmscapi.dll

Deoptimization events (20 events):
Event: 154.824 Thread 0x000001cd6c071c30 Uncommon trap: trap_request=0xffffff45 fr.pc=0x000001cd1b98b594 relative=0x00000000000005f4
Event: 154.824 Thread 0x000001cd6c071c30 Uncommon trap: reason=unstable_if action=reinterpret pc=0x000001cd1b98b594 method=java.util.Properties$LineReader.readLine()I @ 95 c2
Event: 154.824 Thread 0x000001cd6c071c30 DEOPT PACKING pc=0x000001cd1b98b594 sp=0x000000a6569f86a0
Event: 154.824 Thread 0x000001cd6c071c30 DEOPT UNPACKING pc=0x000001cd1b384422 sp=0x000000a6569f8650 mode 2
Event: 154.842 Thread 0x000001cd6c071c30 Uncommon trap: trap_request=0xffffffc6 fr.pc=0x000001cd1ba8bc18 relative=0x0000000000000238
Event: 154.842 Thread 0x000001cd6c071c30 Uncommon trap: reason=bimorphic_or_optimized_type_check action=maybe_recompile pc=0x000001cd1ba8bc18 method=java.util.regex.Pattern$BmpCharProperty.match(Ljava/util/regex/Matcher;ILjava/lang/CharSequence;)Z @ 19 c2
Event: 154.842 Thread 0x000001cd6c071c30 DEOPT PACKING pc=0x000001cd1ba8bc18 sp=0x000000a6569f83a0
Event: 154.842 Thread 0x000001cd6c071c30 DEOPT UNPACKING pc=0x000001cd1b384422 sp=0x000000a6569f8338 mode 2
Event: 154.842 Thread 0x000001cd6c071c30 Uncommon trap: trap_request=0xffffffc6 fr.pc=0x000001cd1ba8bc18 relative=0x0000000000000238
Event: 154.842 Thread 0x000001cd6c071c30 Uncommon trap: reason=bimorphic_or_optimized_type_check action=maybe_recompile pc=0x000001cd1ba8bc18 method=java.util.regex.Pattern$BmpCharProperty.match(Ljava/util/regex/Matcher;ILjava/lang/CharSequence;)Z @ 19 c2
Event: 154.842 Thread 0x000001cd6c071c30 DEOPT PACKING pc=0x000001cd1ba8bc18 sp=0x000000a6569f83a0
Event: 154.842 Thread 0x000001cd6c071c30 DEOPT UNPACKING pc=0x000001cd1b384422 sp=0x000000a6569f8338 mode 2
Event: 154.842 Thread 0x000001cd6c071c30 Uncommon trap: trap_request=0xffffffc6 fr.pc=0x000001cd1ba8bc18 relative=0x0000000000000238
Event: 154.842 Thread 0x000001cd6c071c30 Uncommon trap: reason=bimorphic_or_optimized_type_check action=maybe_recompile pc=0x000001cd1ba8bc18 method=java.util.regex.Pattern$BmpCharProperty.match(Ljava/util/regex/Matcher;ILjava/lang/CharSequence;)Z @ 19 c2
Event: 154.842 Thread 0x000001cd6c071c30 DEOPT PACKING pc=0x000001cd1ba8bc18 sp=0x000000a6569f83a0
Event: 154.842 Thread 0x000001cd6c071c30 DEOPT UNPACKING pc=0x000001cd1b384422 sp=0x000000a6569f8338 mode 2
Event: 154.842 Thread 0x000001cd6c071c30 Uncommon trap: trap_request=0xffffffc6 fr.pc=0x000001cd1ba8bc18 relative=0x0000000000000238
Event: 154.842 Thread 0x000001cd6c071c30 Uncommon trap: reason=bimorphic_or_optimized_type_check action=maybe_recompile pc=0x000001cd1ba8bc18 method=java.util.regex.Pattern$BmpCharProperty.match(Ljava/util/regex/Matcher;ILjava/lang/CharSequence;)Z @ 19 c2
Event: 154.842 Thread 0x000001cd6c071c30 DEOPT PACKING pc=0x000001cd1ba8bc18 sp=0x000000a6569f83a0
Event: 154.842 Thread 0x000001cd6c071c30 DEOPT UNPACKING pc=0x000001cd1b384422 sp=0x000000a6569f8338 mode 2

Classes loaded (20 events):
Event: 156.064 Loading class javax/swing/ListSelectionModel
Event: 156.074 Loading class javax/swing/ListSelectionModel done
Event: 156.074 Loading class javax/swing/event/TableColumnModelListener
Event: 156.075 Loading class javax/swing/event/TableColumnModelListener done
Event: 156.089 Loading class javax/swing/Icon
Event: 156.090 Loading class javax/swing/Icon done
Event: 156.090 Loading class javax/swing/AbstractButton$Handler
Event: 156.090 Loading class javax/swing/event/ChangeListener
Event: 156.091 Loading class javax/swing/event/ChangeListener done
Event: 156.091 Loading class javax/swing/AbstractButton$Handler done
Event: 156.091 Loading class java/awt/LayoutManager
Event: 156.092 Loading class java/awt/LayoutManager done
Event: 156.092 Loading class java/awt/event/ItemEvent
Event: 156.093 Loading class java/awt/event/ItemEvent done
Event: 156.093 Loading class javax/swing/ButtonModel
Event: 156.093 Loading class javax/swing/ButtonModel done
Event: 156.093 Loading class javax/swing/plaf/ButtonUI
Event: 156.093 Loading class javax/swing/plaf/ButtonUI done
Event: 156.313 Loading class javax/swing/event/TableModelEvent
Event: 156.313 Loading class javax/swing/event/TableModelEvent done

Classes unloaded (0 events):
No events

Classes redefined (0 events):
No events

Internal exceptions (20 events):
Event: 122.424 Thread 0x000001cd6c071c30 Exception <a 'java/lang/NoSuchMethodError'{0x00000000c4311568}: 'void java.lang.invoke.DirectMethodHandle$Holder.invokeStaticInit(java.lang.Object, java.lang.Object)'> (0x00000000c4311568) 
thrown [s\src\hotspot\share\interpreter\linkResolver.cpp, line 773]
Event: 124.350 Thread 0x000001cd6c071c30 Exception <a 'java/lang/NoSuchMethodError'{0x00000000c40fd3c0}: 'java.lang.Object java.lang.invoke.DirectMethodHandle$Holder.newInvokeSpecial(java.lang.Object, java.lang.Object, java.lang.Object, java.lang.Object, java.lang.Object, java.lang.Object, java.lang.Object, java.lang.Object, java.lang.Object)'> (0x00000000c40fd3c0) 
thrown [s\src\hotspot\share\interpreter\linkResolver.cpp, line 773]
Event: 126.891 Thread 0x000001cd6c071c30 Exception <a 'java/lang/NoSuchMethodError'{0x00000000c3c26b90}: 'int java.lang.invoke.DirectMethodHandle$Holder.invokeVirtual(java.lang.Object, java.lang.Object)'> (0x00000000c3c26b90) 
thrown [s\src\hotspot\share\interpreter\linkResolver.cpp, line 773]
Event: 127.241 Thread 0x000001cd6c071c30 Exception <a 'java/lang/NoSuchMethodError'{0x00000000c3cfc8a0}: 'java.lang.Object java.lang.invoke.DirectMethodHandle$Holder.newInvokeSpecial(java.lang.Object, java.lang.Object, java.lang.Object, int)'> (0x00000000c3cfc8a0) 
thrown [s\src\hotspot\share\interpreter\linkResolver.cpp, line 773]
Event: 127.244 Thread 0x000001cd6c071c30 Exception <a 'java/lang/NoSuchMethodError'{0x00000000c3b00fd8}: 'java.lang.Object java.lang.invoke.DirectMethodHandle$Holder.invokeSpecial(java.lang.Object, java.lang.Object, java.lang.Object, java.lang.Object, int)'> (0x00000000c3b00fd8) 
thrown [s\src\hotspot\share\interpreter\linkResolver.cpp, line 773]
Event: 127.250 Thread 0x000001cd6c071c30 Exception <a 'java/lang/NoSuchMethodError'{0x00000000c3b04be0}: 'java.lang.Object java.lang.invoke.Invokers$Holder.linkToTargetMethod(java.lang.Object, java.lang.Object, int, java.lang.Object)'> (0x00000000c3b04be0) 
thrown [s\src\hotspot\share\interpreter\linkResolver.cpp, line 773]
Event: 127.443 Thread 0x000001cd6c071c30 Exception <a 'java/lang/NoSuchMethodError'{0x00000000c3b2d888}: 'java.lang.Object java.lang.invoke.DirectMethodHandle$Holder.invokeStatic(java.lang.Object, java.lang.Object, int, java.lang.Object)'> (0x00000000c3b2d888) 
thrown [s\src\hotspot\share\interpreter\linkResolver.cpp, line 773]
Event: 139.164 Thread 0x000001cd6c071c30 Exception <a 'java/lang/NoSuchMethodError'{0x00000000c33265a8}: 'void java.lang.invoke.DirectMethodHandle$Holder.invokeInterface(java.lang.Object, java.lang.Object, java.lang.Object, java.lang.Object, java.lang.Object)'> (0x00000000c33265a8) 
thrown [s\src\hotspot\share\interpreter\linkResolver.cpp, line 773]
Event: 139.377 Thread 0x000001cd6c071c30 Exception <a 'java/lang/NoSuchMethodError'{0x00000000c337eca8}: 'void java.lang.invoke.DirectMethodHandle$Holder.invokeStatic(java.lang.Object, java.lang.Object, java.lang.Object, java.lang.Object, java.lang.Object, java.lang.Object)'> (0x00000000c337eca8) 
thrown [s\src\hotspot\share\interpreter\linkResolver.cpp, line 773]
Event: 146.393 Thread 0x000001cd6c071c30 Exception <a 'java/lang/NoSuchMethodError'{0x00000000c22f96b0}: 'java.lang.Object java.lang.invoke.DirectMethodHandle$Holder.newInvokeSpecial(java.lang.Object, java.lang.Object, int, int)'> (0x00000000c22f96b0) 
thrown [s\src\hotspot\share\interpreter\linkResolver.cpp, line 773]
Event: 146.665 Thread 0x000001cd6c071c30 Exception <a 'java/lang/NoSuchMethodError'{0x00000000c5d445b0}: 'void java.lang.invoke.DirectMethodHandle$Holder.invokeSpecial(java.lang.Object, java.lang.Object, int)'> (0x00000000c5d445b0) 
thrown [s\src\hotspot\share\interpreter\linkResolver.cpp, line 773]
Event: 146.678 Thread 0x000001cd6c071c30 Exception <a 'java/lang/NoSuchMethodError'{0x00000000c5d488a0}: 'void java.lang.invoke.Invokers$Holder.invokeExact_MT(java.lang.Object, int, java.lang.Object)'> (0x00000000c5d488a0) 
thrown [s\src\hotspot\share\interpreter\linkResolver.cpp, line 773]
Event: 150.238 Thread 0x000001cd6c071c30 Implicit null exception at 0x000001cd1ba05c34 to 0x000001cd1ba06150
Event: 150.239 Thread 0x000001cd6c071c30 Implicit null exception at 0x000001cd1baa5298 to 0x000001cd1baa5614
Event: 150.240 Thread 0x000001cd6c071c30 Implicit null exception at 0x000001cd1baa76b0 to 0x000001cd1baa7f74
Event: 150.241 Thread 0x000001cd6c071c30 Exception <a 'java/lang/NoSuchMethodError'{0x00000000c4e78f78}: 'java.lang.reflect.Method[] java.lang.Class.getDeclaredMethods(java.lang.Class)'> (0x00000000c4e78f78) 
thrown [s\src\hotspot\share\interpreter\linkResolver.cpp, line 773]
Event: 150.495 Thread 0x000001cd6c071c30 Exception <a 'java/lang/NoSuchMethodError'{0x00000000c4edae08}: 'java.lang.Object java.lang.invoke.DirectMethodHandle$Holder.invokeStaticInit(java.lang.Object, java.lang.Object, java.lang.Object)'> (0x00000000c4edae08) 
thrown [s\src\hotspot\share\interpreter\linkResolver.cpp, line 773]
Event: 151.054 Thread 0x000001cd6c071c30 Exception <a 'java/lang/NoSuchMethodError'{0x00000000c4dc15d0}: 'void java.lang.invoke.DirectMethodHandle$Holder.invokeStaticInit(java.lang.Object, java.lang.Object, java.lang.Object)'> (0x00000000c4dc15d0) 
thrown [s\src\hotspot\share\interpreter\linkResolver.cpp, line 773]
Event: 151.116 Thread 0x000001cd6c071c30 Exception <a 'java/lang/NoSuchMethodError'{0x00000000c4de5768}: 'void java.lang.invoke.DirectMethodHandle$Holder.invokeStaticInit(java.lang.Object, java.lang.Object, java.lang.Object, java.lang.Object, java.lang.Object)'> (0x00000000c4de5768) 
thrown [s\src\hotspot\share\interpreter\linkResolver.cpp, line 773]
Event: 151.277 Thread 0x000001cd6c071c30 Exception <a 'java/lang/NoSuchMethodError'{0x00000000c4c49d28}: 'int java.lang.invoke.DirectMethodHandle$Holder.invokeStaticInit(java.lang.Object, java.lang.Object, java.lang.Object, java.lang.Object)'> (0x00000000c4c49d28) 
thrown [s\src\hotspot\share\interpreter\linkResolver.cpp, line 773]

ZGC Phase Switch (0 events):
No events

VM Operations (20 events):
Event: 146.407 Executing safepoint VM operation: G1CollectForAllocation (G1 Evacuation Pause)
Event: 146.531 Executing safepoint VM operation: G1CollectForAllocation (G1 Evacuation Pause) done
Event: 147.536 Executing safepoint VM operation: Cleanup
Event: 147.660 Executing safepoint VM operation: Cleanup done
Event: 149.677 Executing safepoint VM operation: Cleanup
Event: 149.677 Executing safepoint VM operation: Cleanup done
Event: 150.004 Executing non-safepoint VM operation: HandshakeAllThreads (Deoptimize)
Event: 150.004 Executing non-safepoint VM operation: HandshakeAllThreads (Deoptimize) done
Event: 151.013 Executing safepoint VM operation: Cleanup
Event: 151.029 Executing safepoint VM operation: Cleanup done
Event: 152.042 Executing safepoint VM operation: Cleanup
Event: 152.057 Executing safepoint VM operation: Cleanup done
Event: 153.065 Executing safepoint VM operation: Cleanup
Event: 153.126 Executing safepoint VM operation: Cleanup done
Event: 154.133 Executing safepoint VM operation: Cleanup
Event: 154.209 Executing safepoint VM operation: Cleanup done
Event: 155.213 Executing safepoint VM operation: Cleanup
Event: 155.300 Executing safepoint VM operation: Cleanup done
Event: 155.537 Executing non-safepoint VM operation: HandshakeAllThreads (Deoptimize)
Event: 155.537 Executing non-safepoint VM operation: HandshakeAllThreads (Deoptimize) done

Memory protections (0 events):
No events

Nmethod flushes (0 events):
No events

Events (20 events):
Event: 1.835 Thread 0x000001cd0e999950 Thread added: 0x000001cd6c198f80
Event: 1.933 Thread 0x000001cd0e999950 Thread added: 0x000001cd6c206300
Event: 55.974 Thread 0x000001cd0e999950 Thread added: 0x000001cd6cf019c0
Event: 62.542 Thread 0x000001cd0e999950 Thread added: 0x000001cd6c16b630
Event: 65.938 Thread 0x000001cd0e999950 Thread added: 0x000001cd6da85030
Event: 67.245 Thread 0x000001cd6c16b630 Thread added: 0x000001cd6c449150
Event: 67.260 Thread 0x000001cd6c449150 Thread added: 0x000001cd6cef4020
Event: 67.951 Thread 0x000001cd6c449150 Thread added: 0x000001cd6c0722c0
Event: 68.084 Thread 0x000001cd6c449150 Thread added: 0x000001cd6c071c30
Event: 68.540 Thread 0x000001cd6c071c30 Thread added: 0x000001cd6c072950
Event: 68.733 Thread 0x000001cd6c071c30 Thread added: 0x000001cd6c06f4d0
Event: 68.853 Thread 0x000001cd6c071c30 Thread added: 0x000001cd6c06fb60
Event: 86.900 Thread 0x000001cd6c071c30 Thread added: 0x000001cd6c0701f0
Event: 87.278 Thread 0x000001cd6c071c30 Thread added: 0x000001cd6c070880
Event: 88.510 Thread 0x000001cd6c071c30 Thread added: 0x000001cd6c070f10
Event: 102.885 Thread 0x000001cd6c070880 Thread added: 0x000001cd6edd7c90
Event: 118.238 Thread 0x000001cd6c071c30 Thread added: 0x000001cd6edd8320
Event: 118.777 Thread 0x000001cd6c071c30 Thread added: 0x000001cd6edd7600
Event: 126.443 Thread 0x000001cd6c071c30 Thread added: 0x000001cd6edd89b0
Event: 126.857 Thread 0x000001cd6c071c30 Thread added: 0x000001cd6edd9040


Dynamic libraries:
0x00007ff6244a0000 - 0x00007ff6244ae000 	C:\Users\LENOVO\.antigravity-ide\extensions\redhat.java-1.56.0-win32-x64\jre\21.0.12.1-win32-x86_64\bin\java.exe
0x00007ffc54f00000 - 0x00007ffc55167000 	C:\WINDOWS\SYSTEM32\ntdll.dll
0x00007ffc53e50000 - 0x00007ffc53f1b000 	C:\WINDOWS\System32\KERNEL32.DLL
0x00007ffc52810000 - 0x00007ffc52c12000 	C:\WINDOWS\System32\KERNELBASE.dll
0x00007ffc52560000 - 0x00007ffc526ac000 	C:\WINDOWS\System32\ucrtbase.dll
0x00007ffc46c90000 - 0x00007ffc46cae000 	C:\Users\LENOVO\.antigravity-ide\extensions\redhat.java-1.56.0-win32-x64\jre\21.0.12.1-win32-x86_64\bin\VCRUNTIME140.dll
0x00007ffc2e5d0000 - 0x00007ffc2e5e8000 	C:\Users\LENOVO\.antigravity-ide\extensions\redhat.java-1.56.0-win32-x64\jre\21.0.12.1-win32-x86_64\bin\jli.dll
0x00007ffc54bd0000 - 0x00007ffc54d9f000 	C:\WINDOWS\System32\USER32.dll
0x00007ffc522f0000 - 0x00007ffc52317000 	C:\WINDOWS\System32\win32u.dll
0x00007ffc53280000 - 0x00007ffc532ab000 	C:\WINDOWS\System32\GDI32.dll
0x00007ffc52100000 - 0x00007ffc52229000 	C:\WINDOWS\System32\gdi32full.dll
0x00007ffc52320000 - 0x00007ffc523c3000 	C:\WINDOWS\System32\msvcp_win.dll
0x00007ffc328b0000 - 0x00007ffc32b40000 	C:\WINDOWS\WinSxS\amd64_microsoft.windows.common-controls_6595b64144ccf1df_6.0.26100.9278_none_3e0d1ba8e3303201\COMCTL32.dll
0x00007ffc531c0000 - 0x00007ffc53269000 	C:\WINDOWS\System32\msvcrt.dll
0x00007ffc52fd0000 - 0x00007ffc53001000 	C:\WINDOWS\System32\IMM32.DLL
0x00007ffc4be20000 - 0x00007ffc4be2c000 	C:\Users\LENOVO\.antigravity-ide\extensions\redhat.java-1.56.0-win32-x64\jre\21.0.12.1-win32-x86_64\bin\vcruntime140_1.dll
0x00007ffc063c0000 - 0x00007ffc0644d000 	C:\Users\LENOVO\.antigravity-ide\extensions\redhat.java-1.56.0-win32-x64\jre\21.0.12.1-win32-x86_64\bin\msvcp140.dll
0x00007ffb90070000 - 0x00007ffb90e12000 	C:\Users\LENOVO\.antigravity-ide\extensions\redhat.java-1.56.0-win32-x64\jre\21.0.12.1-win32-x86_64\bin\server\jvm.dll
0x00007ffc532c0000 - 0x00007ffc5337c000 	C:\WINDOWS\System32\ADVAPI32.dll
0x00007ffc53010000 - 0x00007ffc530b9000 	C:\WINDOWS\System32\sechost.dll
0x00007ffc549a0000 - 0x00007ffc54ab8000 	C:\WINDOWS\System32\RPCRT4.dll
0x00007ffc54e30000 - 0x00007ffc54eb0000 	C:\WINDOWS\System32\WS2_32.dll
0x00007ffc51f60000 - 0x00007ffc51fbe000 	C:\WINDOWS\SYSTEM32\POWRPROF.dll
0x00007ffc43c50000 - 0x00007ffc43c86000 	C:\WINDOWS\SYSTEM32\WINMM.dll
0x00007ffc3cb50000 - 0x00007ffc3cb5b000 	C:\WINDOWS\SYSTEM32\VERSION.dll
0x00007ffc51f40000 - 0x00007ffc51f55000 	C:\WINDOWS\SYSTEM32\UMPDC.dll
0x00007ffc50d90000 - 0x00007ffc50dab000 	C:\WINDOWS\SYSTEM32\kernel.appcore.dll
0x00007ffc4b220000 - 0x00007ffc4b22a000 	C:\Users\LENOVO\.antigravity-ide\extensions\redhat.java-1.56.0-win32-x64\jre\21.0.12.1-win32-x86_64\bin\jimage.dll
0x00007ffc4f290000 - 0x00007ffc4f4dc000 	C:\WINDOWS\SYSTEM32\DBGHELP.DLL
0x00007ffc52c40000 - 0x00007ffc52fc5000 	C:\WINDOWS\System32\combase.dll
0x00007ffc54760000 - 0x00007ffc54839000 	C:\WINDOWS\System32\OLEAUT32.dll
0x00007ffc4bdb0000 - 0x00007ffc4bdeb000 	C:\WINDOWS\SYSTEM32\dbgcore.DLL
0x00007ffc52230000 - 0x00007ffc522dc000 	C:\WINDOWS\System32\bcryptPrimitives.dll
0x00007ffc467b0000 - 0x00007ffc467bf000 	C:\Users\LENOVO\.antigravity-ide\extensions\redhat.java-1.56.0-win32-x64\jre\21.0.12.1-win32-x86_64\bin\instrument.dll
0x00007ffc18100000 - 0x00007ffc18120000 	C:\Users\LENOVO\.antigravity-ide\extensions\redhat.java-1.56.0-win32-x64\jre\21.0.12.1-win32-x86_64\bin\java.dll
0x00007ffc533e0000 - 0x00007ffc53b78000 	C:\WINDOWS\System32\SHELL32.dll
0x00007ffc4fb20000 - 0x00007ffc503ce000 	C:\WINDOWS\SYSTEM32\windows.storage.dll
0x00007ffc53d50000 - 0x00007ffc53e4b000 	C:\WINDOWS\System32\SHCORE.dll
0x00007ffc54ad0000 - 0x00007ffc54b36000 	C:\WINDOWS\System32\shlwapi.dll
0x00007ffc52020000 - 0x00007ffc52049000 	C:\WINDOWS\SYSTEM32\profapi.dll
0x00007ffc2e480000 - 0x00007ffc2e498000 	C:\Users\LENOVO\.antigravity-ide\extensions\redhat.java-1.56.0-win32-x64\jre\21.0.12.1-win32-x86_64\bin\zip.dll
0x00007ffc46c80000 - 0x00007ffc46c90000 	C:\Users\LENOVO\.antigravity-ide\extensions\redhat.java-1.56.0-win32-x64\jre\21.0.12.1-win32-x86_64\bin\net.dll
0x00007ffc42380000 - 0x00007ffc424aa000 	C:\WINDOWS\SYSTEM32\WINHTTP.dll
0x00007ffc51330000 - 0x00007ffc5139c000 	C:\WINDOWS\system32\mswsock.dll
0x00007ffc17050000 - 0x00007ffc17066000 	C:\Users\LENOVO\.antigravity-ide\extensions\redhat.java-1.56.0-win32-x64\jre\21.0.12.1-win32-x86_64\bin\nio.dll
0x00007ffc32680000 - 0x00007ffc32690000 	C:\Users\LENOVO\.antigravity-ide\extensions\redhat.java-1.56.0-win32-x64\jre\21.0.12.1-win32-x86_64\bin\verify.dll
0x00007ffc157b0000 - 0x00007ffc157d7000 	C:\Users\LENOVO\.gradle\native\1def1411415f61bf3af743bc5b6707747c0891f09f0c88961ee8f79bc544acac\windows-amd64\native-platform.dll
0x00007ffbee240000 - 0x00007ffbee2b8000 	C:\Users\LENOVO\.gradle\native\0.2.7\x86_64-windows-gnu\gradle-fileevents.dll
0x00007ffc214a0000 - 0x00007ffc214aa000 	C:\Users\LENOVO\.antigravity-ide\extensions\redhat.java-1.56.0-win32-x64\jre\21.0.12.1-win32-x86_64\bin\management.dll
0x00007ffc213e0000 - 0x00007ffc213ec000 	C:\Users\LENOVO\.antigravity-ide\extensions\redhat.java-1.56.0-win32-x64\jre\21.0.12.1-win32-x86_64\bin\management_ext.dll
0x00007ffc54ac0000 - 0x00007ffc54ac8000 	C:\WINDOWS\System32\PSAPI.DLL
0x00007ffc50740000 - 0x00007ffc50773000 	C:\WINDOWS\SYSTEM32\IPHLPAPI.DLL
0x00007ffc532b0000 - 0x00007ffc532ba000 	C:\WINDOWS\System32\NSI.dll
0x00007ffc23bd0000 - 0x00007ffc23bd9000 	C:\Users\LENOVO\.antigravity-ide\extensions\redhat.java-1.56.0-win32-x64\jre\21.0.12.1-win32-x86_64\bin\extnet.dll
0x00007ffc51750000 - 0x00007ffc5176b000 	C:\WINDOWS\SYSTEM32\CRYPTSP.dll
0x00007ffc50cf0000 - 0x00007ffc50d29000 	C:\WINDOWS\system32\rsaenh.dll
0x00007ffc513e0000 - 0x00007ffc51414000 	C:\WINDOWS\SYSTEM32\USERENV.dll
0x00007ffc51ff0000 - 0x00007ffc5201a000 	C:\WINDOWS\SYSTEM32\bcrypt.dll
0x00007ffc51590000 - 0x00007ffc5159c000 	C:\WINDOWS\SYSTEM32\CRYPTBASE.dll
0x00007ffc2a070000 - 0x00007ffc2a07e000 	C:\Users\LENOVO\.antigravity-ide\extensions\redhat.java-1.56.0-win32-x64\jre\21.0.12.1-win32-x86_64\bin\sunmscapi.dll
0x00007ffc523d0000 - 0x00007ffc5254e000 	C:\WINDOWS\System32\CRYPT32.dll
0x00007ffc518c0000 - 0x00007ffc518f0000 	C:\WINDOWS\SYSTEM32\ncrypt.dll
0x00007ffc51870000 - 0x00007ffc518af000 	C:\WINDOWS\SYSTEM32\NTASN1.dll
0x00007ffc35030000 - 0x00007ffc35038000 	C:\WINDOWS\system32\wshunix.dll

JVMTI agents:
C:\Users\LENOVO\.gradle\wrapper\dists\gradle-8.14-bin\38aieal9i53h9rfe7vjup95b9\gradle-8.14\lib\agents\gradle-instrumentation-agent-8.14.jar path:C:\Users\LENOVO\.antigravity-ide\extensions\redhat.java-1.56.0-win32-x64\jre\21.0.12.1-win32-x86_64\bin\instrument.dll, loaded, initialized, instrumentlib options:none

dbghelp: loaded successfully - version: 4.0.5 - missing functions: none
symbol engine: initialized successfully - sym options: 0x614 - pdb path: .;C:\Users\LENOVO\.antigravity-ide\extensions\redhat.java-1.56.0-win32-x64\jre\21.0.12.1-win32-x86_64\bin;C:\WINDOWS\SYSTEM32;C:\WINDOWS\WinSxS\amd64_microsoft.windows.common-controls_6595b64144ccf1df_6.0.26100.9278_none_3e0d1ba8e3303201;C:\Users\LENOVO\.antigravity-ide\extensions\redhat.java-1.56.0-win32-x64\jre\21.0.12.1-win32-x86_64\bin\server;C:\Users\LENOVO\.gradle\native\1def1411415f61bf3af743bc5b6707747c0891f09f0c88961ee8f79bc544acac\windows-amd64;C:\Users\LENOVO\.gradle\native\0.2.7\x86_64-windows-gnu

VM Arguments:
jvm_args: --add-opens=java.base/java.lang=ALL-UNNAMED --add-opens=java.base/java.lang.invoke=ALL-UNNAMED --add-opens=java.base/java.util=ALL-UNNAMED --add-opens=java.prefs/java.util.prefs=ALL-UNNAMED --add-exports=jdk.compiler/com.sun.tools.javac.api=ALL-UNNAMED --add-exports=jdk.compiler/com.sun.tools.javac.util=ALL-UNNAMED --add-opens=java.base/java.util=ALL-UNNAMED --add-opens=java.prefs/java.util.prefs=ALL-UNNAMED --add-opens=java.base/java.nio.charset=ALL-UNNAMED --add-opens=java.base/java.net=ALL-UNNAMED --add-opens=java.base/java.util.concurrent.atomic=ALL-UNNAMED --add-opens=java.xml/javax.xml.namespace=ALL-UNNAMED -Xmx1024m -Dfile.encoding=UTF-8 -Duser.country=US -Duser.language=en -Duser.variant -javaagent:C:\Users\LENOVO\.gradle\wrapper\dists\gradle-8.14-bin\38aieal9i53h9rfe7vjup95b9\gradle-8.14\lib\agents\gradle-instrumentation-agent-8.14.jar 
java_command: org.gradle.launcher.daemon.bootstrap.GradleDaemon 8.14
java_class_path (initial): C:\Users\LENOVO\.gradle\wrapper\dists\gradle-8.14-bin\38aieal9i53h9rfe7vjup95b9\gradle-8.14\lib\gradle-daemon-main-8.14.jar
Launcher Type: SUN_STANDARD

[Global flags]
     intx CICompilerCount                          = 4                                         {product} {ergonomic}
     uint ConcGCThreads                            = 2                                         {product} {ergonomic}
     uint G1ConcRefinementThreads                  = 8                                         {product} {ergonomic}
   size_t G1HeapRegionSize                         = 1048576                                   {product} {ergonomic}
    uintx GCDrainStackTargetSize                   = 64                                        {product} {ergonomic}
   size_t InitialHeapSize                          = 98566144                                  {product} {ergonomic}
   size_t MarkStackSize                            = 4194304                                   {product} {ergonomic}
   size_t MaxHeapSize                              = 1073741824                                {product} {command line}
   size_t MaxNewSize                               = 643825664                                 {product} {ergonomic}
   size_t MinHeapDeltaBytes                        = 1048576                                   {product} {ergonomic}
   size_t MinHeapSize                              = 8388608                                   {product} {ergonomic}
    uintx NonNMethodCodeHeapSize                   = 5839372                                {pd product} {ergonomic}
    uintx NonProfiledCodeHeapSize                  = 122909434                              {pd product} {ergonomic}
    uintx ProfiledCodeHeapSize                     = 122909434                              {pd product} {ergonomic}
    uintx ReservedCodeCacheSize                    = 251658240                              {pd product} {ergonomic}
     bool SegmentedCodeCache                       = true                                      {product} {ergonomic}
   size_t SoftMaxHeapSize                          = 1073741824                             {manageable} {ergonomic}
     bool UseCompressedOops                        = true                           {product lp64_product} {ergonomic}
     bool UseG1GC                                  = true                                      {product} {ergonomic}
     bool UseLargePagesIndividualAllocation        = false                                  {pd product} {ergonomic}

Logging:
Log output configuration:
 #0: stdout all=warning uptime,level,tags foldmultilines=false
 #1: stderr all=off uptime,level,tags foldmultilines=false

Release file:
JAVA_VERSION="21.0.12.1" 
MODULES="java.base java.compiler java.datatransfer java.xml java.prefs java.desktop java.instrument java.logging java.management java.security.sasl java.naming java.rmi java.management.rmi java.net.http java.scripting java.security.jgss java.transaction.xa java.sql java.sql.rowset java.xml.crypto java.se java.smartcardio jdk.accessibility jdk.internal.jvmstat jdk.attach jdk.charsets jdk.internal.opt jdk.zipfs jdk.compiler jdk.crypto.ec jdk.crypto.cryptoki jdk.crypto.mscapi jdk.dynalink jdk.internal.ed jdk.editpad jdk.hotspot.agent jdk.httpserver jdk.internal.le jdk.internal.vm.ci jdk.internal.vm.compiler jdk.internal.vm.compiler.management jdk.jartool jdk.javadoc jdk.jcmd jdk.management jdk.management.agent jdk.jconsole jdk.jdeps jdk.jdwp.agent jdk.jdi jdk.jfr jdk.jshell jdk.jsobject jdk.jstatd jdk.localedata jdk.management.jfr jdk.naming.dns jdk.naming.rmi jdk.net jdk.nio.mapmode jdk.random jdk.sctp jdk.security.auth jdk.security.jgss jdk.unsupported jdk.unsupported.desktop jdk.xml.dom" 

Environment Variables:
JAVA_HOME=C:\Program Files\Android\Android Studio\jbr
PATH=C:\WINDOWS\system32;C:\WINDOWS;C:\WINDOWS\System32\Wbem;C:\WINDOWS\System32\WindowsPowerShell\v1.0\;C:\WINDOWS\System32\OpenSSH\;C:\Program Files\Docker\Docker\resources\bin;C:\Program Files\nodejs\;C:\Program Files\Git\cmd;C:\Users\LENOVO\AppData\Local\Programs\Python\Python312\Scripts\;C:\Users\LENOVO\AppData\Local\Programs\Python\Python312\;C:\Users\LENOVO\AppData\Local\Programs\Python\Launcher\;C:\Users\LENOVO\AppData\Local\Programs\Python\Python314\Scripts\;C:\Users\LENOVO\AppData\Local\Programs\Python\Python314\;C:\Users\LENOVO\AppData\Local\Microsoft\WindowsApps;C:\Users\LENOVO\AppData\Local\Programs\Antigravity\bin;C:\Users\LENOVO\AppData\Roaming\npm;C:\ScrcpyLauncher by praveen;C:\Users\LENOVO\AppData\Local\PowerToys\DSCModules\;C:\Users\LENOVO\AppData\Local\Programs\Antigravity IDE\bin
USERNAME=LENOVO
OS=Windows_NT
PROCESSOR_IDENTIFIER=AMD64 Family 23 Model 160 Stepping 0, AuthenticAMD
TMP=C:\Users\LENOVO\AppData\Local\Temp
TEMP=C:\Users\LENOVO\AppData\Local\Temp




Periodic native trim disabled

---------------  S Y S T E M  ---------------

OS:
 Windows 11 , 64 bit Build 26100 (10.0.26100.9444)
OS uptime: 3 days 21:11 hours
Hyper-V role detected

CPU: total 8 (initial active 8) (8 cores per cpu, 2 threads per core) family 23 model 160 stepping 0 microcode 0x8a0000a, cx8, cmov, fxsr, ht, mmx, 3dnowpref, sse, sse2, sse3, ssse3, sse4a, sse4.1, sse4.2, popcnt, lzcnt, tsc, tscinvbit, avx, avx2, aes, clmul, bmi1, bmi2, adx, sha, fma, vzeroupper, clflush, clflushopt, hv, rdtscp, rdpid, f16c
Processor Information for the first 8 processors :
  Max Mhz: 2401, Current Mhz: 2401, Mhz Limit: 2401

Memory: 4k page, system-wide physical 5965M (280M free)
TotalPageFile size 24397M (AvailPageFile size 0M)
current process WorkingSet (physical memory assigned to process): 56M, peak: 111M
current process commit charge ("private bytes"): 245M, peak: 249M

vm_info: OpenJDK 64-Bit Server VM (21.0.12.1+1-LTS) for windows-amd64 JRE (21.0.12.1+1-LTS), built on 2026-08-18T00:00:00Z by "admin" with MS VC++ 17.12 (VS2022)

END.
