#
# There is insufficient memory for the Java Runtime Environment to continue.
# Native memory allocation (malloc) failed to allocate 1106176 bytes. Error detail: Chunk::new
# Possible reasons:
#   The system is out of physical RAM or swap space
#   This process is running with CompressedOops enabled, and the Java Heap may be blocking the growth of the native heap
# Possible solutions:
#   Reduce memory load on the system
#   Increase physical memory or swap space
#   Check if swap backing store is full
#   Decrease Java heap size (-Xmx/-Xms)
#   Decrease number of Java threads
#   Decrease Java thread stack sizes (-Xss)
#   Set larger code cache with -XX:ReservedCodeCacheSize=
#   JVM is running with Unscaled Compressed Oops mode in which the Java heap is
#     placed in the first 4GB address space. The Java Heap base address is the
#     maximum limit for the native heap growth. Please use -XX:HeapBaseMinAddress
#     to set the Java Heap base and to place the Java Heap above 4GB virtual address.
# This output file may be truncated or incomplete.
#
#  Out of Memory Error (arena.cpp:168), pid=4420, tid=27764
#
# JRE version: OpenJDK Runtime Environment Temurin-21.0.12.1+1 (21.0.12.1+1) (build 21.0.12.1+1-LTS)
# Java VM: OpenJDK 64-Bit Server VM Temurin-21.0.12.1+1 (21.0.12.1+1-LTS, mixed mode, sharing, tiered, compressed oops, compressed class ptrs, g1 gc, windows-amd64)
# No core dump will be written. Minidumps are not enabled by default on client versions of Windows
#

---------------  S U M M A R Y ------------

Command Line: --add-opens=java.base/java.lang=ALL-UNNAMED --add-opens=java.base/java.lang.invoke=ALL-UNNAMED --add-opens=java.base/java.util=ALL-UNNAMED --add-opens=java.prefs/java.util.prefs=ALL-UNNAMED --add-exports=jdk.compiler/com.sun.tools.javac.api=ALL-UNNAMED --add-exports=jdk.compiler/com.sun.tools.javac.util=ALL-UNNAMED --add-opens=java.base/java.util=ALL-UNNAMED --add-opens=java.prefs/java.util.prefs=ALL-UNNAMED --add-opens=java.base/java.nio.charset=ALL-UNNAMED --add-opens=java.base/java.net=ALL-UNNAMED --add-opens=java.base/java.util.concurrent.atomic=ALL-UNNAMED --add-opens=java.xml/javax.xml.namespace=ALL-UNNAMED -Xmx1024m -Dfile.encoding=UTF-8 -Duser.country=US -Duser.language=en -Duser.variant -javaagent:C:\Users\LENOVO\.gradle\wrapper\dists\gradle-8.14-bin\38aieal9i53h9rfe7vjup95b9\gradle-8.14\lib\agents\gradle-instrumentation-agent-8.14.jar org.gradle.launcher.daemon.bootstrap.GradleDaemon 8.14

Host: AMD Ryzen 3 7320U with Radeon Graphics         , 8 cores, 5G,  Windows 11 , 64 bit Build 26100 (10.0.26100.9444)
Time: Fri Oct  2 21:32:25 2026 Nepal Standard Time elapsed time: 263.245591 seconds (0d 0h 4m 23s)

---------------  T H R E A D  ---------------

Current thread (0x0000018c7bb68dc0):  JavaThread "C2 CompilerThread0" daemon [_thread_in_native, id=27764, stack(0x0000007e1e500000,0x0000007e1e600000) (1024K)]


Current CompileTask:
C2:263245 11140       4       org.gradle.internal.reflect.ClassInspector::inspectClass (179 bytes)

Stack: [0x0000007e1e500000,0x0000007e1e600000]
Native frames: (J=compiled Java code, j=interpreted, Vv=VM code, C=native code)
V  [jvm.dll+0x6d83e9]
V  [jvm.dll+0x8b5736]
V  [jvm.dll+0x8b7cee]
V  [jvm.dll+0x8b83d3]
V  [jvm.dll+0x284596]
V  [jvm.dll+0xc685d]
V  [jvm.dll+0xc6da1]
V  [jvm.dll+0x3bf18b]
V  [jvm.dll+0x38b6d2]
V  [jvm.dll+0x38ab1a]
V  [jvm.dll+0x24c700]
V  [jvm.dll+0x24bce0]
V  [jvm.dll+0x1cb4ae]
V  [jvm.dll+0x25baad]
V  [jvm.dll+0x25a03a]
V  [jvm.dll+0x3f8aae]
V  [jvm.dll+0x8600cd]
V  [jvm.dll+0x6d6c1d]
C  [ucrtbase.dll+0x2cd30]
C  [KERNEL32.DLL+0x2cd87]
C  [ntdll.dll+0xacaec]


---------------  P R O C E S S  ---------------

Threads class SMR info:
_java_thread_list=0x0000018c553de5f0, length=76, elements={
0x0000018c7481e800, 0x0000018c7bb643e0, 0x0000018c7bb64e40, 0x0000018c7bb66110,
0x0000018c7bb66b70, 0x0000018c7bb675d0, 0x0000018c7bb68030, 0x0000018c7bb68dc0,
0x0000018c7bb6f890, 0x0000018c541f6b20, 0x0000018c541d4d20, 0x0000018c54eeca10,
0x0000018c55b24a90, 0x0000018c5573c040, 0x0000018c54c59910, 0x0000018c54fc3a40,
0x0000018c54805780, 0x0000018c54805e10, 0x0000018c548050f0, 0x0000018c54802990,
0x0000018c54803020, 0x0000018c548043d0, 0x0000018c54804a60, 0x0000018c54b01400,
0x0000018c54aff9c0, 0x0000018c54b01a90, 0x0000018c54b02120, 0x0000018c54b027b0,
0x0000018c54b00050, 0x0000018c54b03b60, 0x0000018c54b006e0, 0x0000018c54b041f0,
0x0000018c54b04880, 0x0000018c54b06fe0, 0x0000018c54b05c30, 0x0000018c576294b0,
0x0000018c5762c2a0, 0x0000018c5762cfc0, 0x0000018c5762d650, 0x0000018c5762a1d0,
0x0000018c5762aef0, 0x0000018c5762b580, 0x0000018c5762bc10, 0x0000018c5762dce0,
0x0000018c5762a860, 0x0000018c5762e370, 0x0000018c5762ea00, 0x0000018c5762f090,
0x0000018c57630ad0, 0x0000018c5762fdb0, 0x0000018c57630440, 0x0000018c569827b0,
0x0000018c56984f10, 0x0000018c569834d0, 0x0000018c56985c30, 0x0000018c569855a0,
0x0000018c56982e40, 0x0000018c56989740, 0x0000018c56989dd0, 0x0000018c56986fe0,
0x0000018c56988a20, 0x0000018c56987670, 0x0000018c56987d00, 0x0000018c569890b0,
0x0000018c56986950, 0x0000018c56988390, 0x0000018c5869d330, 0x0000018c5869cca0,
0x0000018c5869e6e0, 0x0000018c5869d9c0, 0x0000018c5869bf80, 0x0000018c5869ed70,
0x0000018c5869b8f0, 0x0000018c5869f400, 0x0000018c5869e050, 0x0000018c586a1b60
}

Java Threads: ( => current thread )
  0x0000018c7481e800 JavaThread "main"                              [_thread_blocked, id=15280, stack(0x0000007e1d700000,0x0000007e1d800000) (1024K)]
  0x0000018c7bb643e0 JavaThread "Reference Handler"          daemon [_thread_blocked, id=26784, stack(0x0000007e1df00000,0x0000007e1e000000) (1024K)]
  0x0000018c7bb64e40 JavaThread "Finalizer"                  daemon [_thread_blocked, id=29584, stack(0x0000007e1e000000,0x0000007e1e100000) (1024K)]
  0x0000018c7bb66110 JavaThread "Signal Dispatcher"          daemon [_thread_blocked, id=25952, stack(0x0000007e1e100000,0x0000007e1e200000) (1024K)]
  0x0000018c7bb66b70 JavaThread "Attach Listener"            daemon [_thread_blocked, id=29192, stack(0x0000007e1e200000,0x0000007e1e300000) (1024K)]
  0x0000018c7bb675d0 JavaThread "Service Thread"             daemon [_thread_blocked, id=13072, stack(0x0000007e1e300000,0x0000007e1e400000) (1024K)]
  0x0000018c7bb68030 JavaThread "Monitor Deflation Thread"   daemon [_thread_blocked, id=31452, stack(0x0000007e1e400000,0x0000007e1e500000) (1024K)]
=>0x0000018c7bb68dc0 JavaThread "C2 CompilerThread0"         daemon [_thread_in_native, id=27764, stack(0x0000007e1e500000,0x0000007e1e600000) (1024K)]
  0x0000018c7bb6f890 JavaThread "C1 CompilerThread0"         daemon [_thread_blocked, id=6772, stack(0x0000007e1e600000,0x0000007e1e700000) (1024K)]
  0x0000018c541f6b20 JavaThread "Common-Cleaner"             daemon [_thread_blocked, id=16000, stack(0x0000007e1e700000,0x0000007e1e800000) (1024K)]
  0x0000018c541d4d20 JavaThread "Notification Thread"        daemon [_thread_blocked, id=22988, stack(0x0000007e1e800000,0x0000007e1e900000) (1024K)]
  0x0000018c54eeca10 JavaThread "Daemon health stats"               [_thread_blocked, id=2948, stack(0x0000007e1ed00000,0x0000007e1ee00000) (1024K)]
  0x0000018c55b24a90 JavaThread "Incoming local TCP Connector on port 45650"        [_thread_in_native, id=2148, stack(0x0000007e1ee00000,0x0000007e1ef00000) (1024K)]
  0x0000018c5573c040 JavaThread "Daemon periodic checks"            [_thread_blocked, id=28220, stack(0x0000007e1ef00000,0x0000007e1f000000) (1024K)]
  0x0000018c54c59910 JavaThread "Daemon"                            [_thread_blocked, id=29476, stack(0x0000007e1f000000,0x0000007e1f100000) (1024K)]
  0x0000018c54fc3a40 JavaThread "Handler for socket connection from /127.0.0.1:45650 to /127.0.0.1:45654"        [_thread_in_native, id=8684, stack(0x0000007e1f100000,0x0000007e1f200000) (1024K)]
  0x0000018c54805780 JavaThread "Cancel handler"                    [_thread_blocked, id=17360, stack(0x0000007e1f200000,0x0000007e1f300000) (1024K)]
  0x0000018c54805e10 JavaThread "Daemon worker"                     [_thread_in_native, id=15340, stack(0x0000007e1f300000,0x0000007e1f400000) (1024K)]
  0x0000018c548050f0 JavaThread "Asynchronous log dispatcher for DefaultDaemonConnection: socket connection from /127.0.0.1:45650 to /127.0.0.1:45654"        [_thread_blocked, id=8772, stack(0x0000007e1f400000,0x0000007e1f500000) (1024K)]
  0x0000018c54802990 JavaThread "Stdin handler"                     [_thread_blocked, id=2592, stack(0x0000007e1f500000,0x0000007e1f600000) (1024K)]
  0x0000018c54803020 JavaThread "Daemon client event forwarder"        [_thread_blocked, id=22536, stack(0x0000007e1f600000,0x0000007e1f700000) (1024K)]
  0x0000018c548043d0 JavaThread "Cache worker for journal cache (C:\Users\LENOVO\.gradle\caches\journal-1)"        [_thread_blocked, id=32016, stack(0x0000007e1fa00000,0x0000007e1fb00000) (1024K)]
  0x0000018c54804a60 JavaThread "File lock request listener"        [_thread_in_native, id=2192, stack(0x0000007e1fb00000,0x0000007e1fc00000) (1024K)]
  0x0000018c54b01400 JavaThread "Cache worker for file hash cache (C:\Users\LENOVO\.gradle\caches\8.14\fileHashes)"        [_thread_blocked, id=31540, stack(0x0000007e1fc00000,0x0000007e1fd00000) (1024K)]
  0x0000018c54aff9c0 JavaThread "File lock release action executor"        [_thread_blocked, id=23756, stack(0x0000007e1fd00000,0x0000007e1fe00000) (1024K)]
  0x0000018c54b01a90 JavaThread "Cache worker for file hash cache (C:\Users\LENOVO\Desktop\HeliBoard-main\.gradle\8.14\fileHashes)"        [_thread_blocked, id=31740, stack(0x0000007e1d500000,0x0000007e1d600000) (1024K)]
  0x0000018c54b02120 JavaThread "Cache worker for Build Output Cleanup Cache (C:\Users\LENOVO\Desktop\HeliBoard-main\.gradle\buildOutputCleanup)"        [_thread_blocked, id=30980, stack(0x0000007e1d600000,0x0000007e1d700000) (1024K)]
  0x0000018c54b027b0 JavaThread "File watcher server"        daemon [_thread_in_native, id=23404, stack(0x0000007e1fe00000,0x0000007e1ff00000) (1024K)]
  0x0000018c54b00050 JavaThread "File watcher consumer"      daemon [_thread_blocked, id=29136, stack(0x0000007e1ff00000,0x0000007e20000000) (1024K)]
  0x0000018c54b03b60 JavaThread "jar transforms"                    [_thread_blocked, id=14040, stack(0x0000007e20000000,0x0000007e20100000) (1024K)]
  0x0000018c54b006e0 JavaThread "jar transforms Thread 2"           [_thread_blocked, id=2132, stack(0x0000007e20100000,0x0000007e20200000) (1024K)]
  0x0000018c54b041f0 JavaThread "Cache worker for checksums cache (C:\Users\LENOVO\Desktop\HeliBoard-main\.gradle\8.14\checksums)"        [_thread_blocked, id=1080, stack(0x0000007e20200000,0x0000007e20300000) (1024K)]
  0x0000018c54b04880 JavaThread "Cache worker for file content cache (C:\Users\LENOVO\.gradle\caches\8.14\fileContent)"        [_thread_blocked, id=15528, stack(0x0000007e20300000,0x0000007e20400000) (1024K)]
  0x0000018c54b06fe0 JavaThread "Cache worker for cache directory md-supplier (C:\Users\LENOVO\.gradle\caches\8.14\md-supplier)"        [_thread_blocked, id=21144, stack(0x0000007e20400000,0x0000007e20500000) (1024K)]
  0x0000018c54b05c30 JavaThread "Cache worker for cache directory md-rule (C:\Users\LENOVO\.gradle\caches\8.14\md-rule)"        [_thread_blocked, id=5016, stack(0x0000007e20500000,0x0000007e20600000) (1024K)]
  0x0000018c576294b0 JavaThread "Unconstrained build operations"        [_thread_blocked, id=16008, stack(0x0000007e20600000,0x0000007e20700000) (1024K)]
  0x0000018c5762c2a0 JavaThread "Unconstrained build operations Thread 2"        [_thread_blocked, id=21016, stack(0x0000007e20700000,0x0000007e20800000) (1024K)]
  0x0000018c5762cfc0 JavaThread "Unconstrained build operations Thread 3"        [_thread_blocked, id=3588, stack(0x0000007e20800000,0x0000007e20900000) (1024K)]
  0x0000018c5762d650 JavaThread "Unconstrained build operations Thread 4"        [_thread_blocked, id=26872, stack(0x0000007e20900000,0x0000007e20a00000) (1024K)]
  0x0000018c5762a1d0 JavaThread "Unconstrained build operations Thread 5"        [_thread_blocked, id=20348, stack(0x0000007e20a00000,0x0000007e20b00000) (1024K)]
  0x0000018c5762aef0 JavaThread "Unconstrained build operations Thread 6"        [_thread_blocked, id=4208, stack(0x0000007e20b00000,0x0000007e20c00000) (1024K)]
  0x0000018c5762b580 JavaThread "Unconstrained build operations Thread 7"        [_thread_blocked, id=18736, stack(0x0000007e20c00000,0x0000007e20d00000) (1024K)]
  0x0000018c5762bc10 JavaThread "Unconstrained build operations Thread 8"        [_thread_blocked, id=21256, stack(0x0000007e20d00000,0x0000007e20e00000) (1024K)]
  0x0000018c5762dce0 JavaThread "Unconstrained build operations Thread 9"        [_thread_blocked, id=22688, stack(0x0000007e20e00000,0x0000007e20f00000) (1024K)]
  0x0000018c5762a860 JavaThread "Unconstrained build operations Thread 10"        [_thread_blocked, id=23600, stack(0x0000007e20f00000,0x0000007e21000000) (1024K)]
  0x0000018c5762e370 JavaThread "Unconstrained build operations Thread 11"        [_thread_blocked, id=10480, stack(0x0000007e21000000,0x0000007e21100000) (1024K)]
  0x0000018c5762ea00 JavaThread "Unconstrained build operations Thread 12"        [_thread_blocked, id=17600, stack(0x0000007e21100000,0x0000007e21200000) (1024K)]
  0x0000018c5762f090 JavaThread "Unconstrained build operations Thread 13"        [_thread_blocked, id=19692, stack(0x0000007e21200000,0x0000007e21300000) (1024K)]
  0x0000018c57630ad0 JavaThread "Unconstrained build operations Thread 14"        [_thread_blocked, id=11068, stack(0x0000007e21300000,0x0000007e21400000) (1024K)]
  0x0000018c5762fdb0 JavaThread "Unconstrained build operations Thread 15"        [_thread_blocked, id=24244, stack(0x0000007e21400000,0x0000007e21500000) (1024K)]
  0x0000018c57630440 JavaThread "Unconstrained build operations Thread 16"        [_thread_blocked, id=25260, stack(0x0000007e21500000,0x0000007e21600000) (1024K)]
  0x0000018c569827b0 JavaThread "Unconstrained build operations Thread 17"        [_thread_blocked, id=4756, stack(0x0000007e21600000,0x0000007e21700000) (1024K)]
  0x0000018c56984f10 JavaThread "Unconstrained build operations Thread 18"        [_thread_blocked, id=25224, stack(0x0000007e21700000,0x0000007e21800000) (1024K)]
  0x0000018c569834d0 JavaThread "Unconstrained build operations Thread 19"        [_thread_blocked, id=13408, stack(0x0000007e21800000,0x0000007e21900000) (1024K)]
  0x0000018c56985c30 JavaThread "Unconstrained build operations Thread 20"        [_thread_blocked, id=18268, stack(0x0000007e21900000,0x0000007e21a00000) (1024K)]
  0x0000018c569855a0 JavaThread "Unconstrained build operations Thread 21"        [_thread_blocked, id=30072, stack(0x0000007e21a00000,0x0000007e21b00000) (1024K)]
  0x0000018c56982e40 JavaThread "Unconstrained build operations Thread 22"        [_thread_blocked, id=29616, stack(0x0000007e21b00000,0x0000007e21c00000) (1024K)]
  0x0000018c56989740 JavaThread "Unconstrained build operations Thread 23"        [_thread_blocked, id=10408, stack(0x0000007e21c00000,0x0000007e21d00000) (1024K)]
  0x0000018c56989dd0 JavaThread "Unconstrained build operations Thread 24"        [_thread_blocked, id=9008, stack(0x0000007e21d00000,0x0000007e21e00000) (1024K)]
  0x0000018c56986fe0 JavaThread "Unconstrained build operations Thread 25"        [_thread_blocked, id=16224, stack(0x0000007e21e00000,0x0000007e21f00000) (1024K)]
  0x0000018c56988a20 JavaThread "Unconstrained build operations Thread 26"        [_thread_blocked, id=30260, stack(0x0000007e21f00000,0x0000007e22000000) (1024K)]
  0x0000018c56987670 JavaThread "Unconstrained build operations Thread 27"        [_thread_blocked, id=25492, stack(0x0000007e22000000,0x0000007e22100000) (1024K)]
  0x0000018c56987d00 JavaThread "Unconstrained build operations Thread 28"        [_thread_blocked, id=12804, stack(0x0000007e22100000,0x0000007e22200000) (1024K)]
  0x0000018c569890b0 JavaThread "Unconstrained build operations Thread 29"        [_thread_blocked, id=19600, stack(0x0000007e22200000,0x0000007e22300000) (1024K)]
  0x0000018c56986950 JavaThread "Unconstrained build operations Thread 30"        [_thread_blocked, id=6996, stack(0x0000007e22300000,0x0000007e22400000) (1024K)]
  0x0000018c56988390 JavaThread "Unconstrained build operations Thread 31"        [_thread_blocked, id=16928, stack(0x0000007e22400000,0x0000007e22500000) (1024K)]
  0x0000018c5869d330 JavaThread "Unconstrained build operations Thread 32"        [_thread_blocked, id=21612, stack(0x0000007e22500000,0x0000007e22600000) (1024K)]
  0x0000018c5869cca0 JavaThread "Unconstrained build operations Thread 33"        [_thread_blocked, id=1560, stack(0x0000007e22600000,0x0000007e22700000) (1024K)]
  0x0000018c5869e6e0 JavaThread "Unconstrained build operations Thread 34"        [_thread_blocked, id=19120, stack(0x0000007e22700000,0x0000007e22800000) (1024K)]
  0x0000018c5869d9c0 JavaThread "Unconstrained build operations Thread 35"        [_thread_blocked, id=21108, stack(0x0000007e22800000,0x0000007e22900000) (1024K)]
  0x0000018c5869bf80 JavaThread "Unconstrained build operations Thread 36"        [_thread_blocked, id=2896, stack(0x0000007e22900000,0x0000007e22a00000) (1024K)]
  0x0000018c5869ed70 JavaThread "Unconstrained build operations Thread 37"        [_thread_blocked, id=18596, stack(0x0000007e22a00000,0x0000007e22b00000) (1024K)]
  0x0000018c5869b8f0 JavaThread "Unconstrained build operations Thread 38"        [_thread_blocked, id=7224, stack(0x0000007e22b00000,0x0000007e22c00000) (1024K)]
  0x0000018c5869f400 JavaThread "Unconstrained build operations Thread 39"        [_thread_blocked, id=7212, stack(0x0000007e22c00000,0x0000007e22d00000) (1024K)]
  0x0000018c5869e050 JavaThread "Memory manager"                    [_thread_blocked, id=11184, stack(0x0000007e22d00000,0x0000007e22e00000) (1024K)]
  0x0000018c586a1b60 JavaThread "Problems report writer"            [_thread_blocked, id=22840, stack(0x0000007e22f00000,0x0000007e23000000) (1024K)]
Total: 76

Other Threads:
  0x0000018c7bb3e1a0 VMThread "VM Thread"                           [id=13428, stack(0x0000007e1de00000,0x0000007e1df00000) (1024K)]
  0x0000018c7bb2e400 WatcherThread "VM Periodic Task Thread"        [id=12300, stack(0x0000007e1dd00000,0x0000007e1de00000) (1024K)]
  0x0000018c74856bb0 WorkerThread "GC Thread#0"                     [id=19292, stack(0x0000007e1d800000,0x0000007e1d900000) (1024K)]
  0x0000018c543df960 WorkerThread "GC Thread#1"                     [id=13336, stack(0x0000007e1e900000,0x0000007e1ea00000) (1024K)]
  0x0000018c544c0910 WorkerThread "GC Thread#2"                     [id=9260, stack(0x0000007e1ea00000,0x0000007e1eb00000) (1024K)]
  0x0000018c544c0cc0 WorkerThread "GC Thread#3"                     [id=14252, stack(0x0000007e1eb00000,0x0000007e1ec00000) (1024K)]
  0x0000018c54a9f4b0 WorkerThread "GC Thread#4"                     [id=1708, stack(0x0000007e1ec00000,0x0000007e1ed00000) (1024K)]
  0x0000018c54e961c0 WorkerThread "GC Thread#5"                     [id=17992, stack(0x0000007e1f700000,0x0000007e1f800000) (1024K)]
  0x0000018c54e96570 WorkerThread "GC Thread#6"                     [id=24352, stack(0x0000007e1f800000,0x0000007e1f900000) (1024K)]
  0x0000018c54e96920 WorkerThread "GC Thread#7"                     [id=28512, stack(0x0000007e1f900000,0x0000007e1fa00000) (1024K)]
  0x0000018c7485fba0 ConcurrentGCThread "G1 Main Marker"            [id=16772, stack(0x0000007e1d900000,0x0000007e1da00000) (1024K)]
  0x0000018c74861ac0 WorkerThread "G1 Conc#0"                       [id=8052, stack(0x0000007e1da00000,0x0000007e1db00000) (1024K)]
  0x0000018c56257be0 WorkerThread "G1 Conc#1"                       [id=8904, stack(0x0000007e1d400000,0x0000007e1d500000) (1024K)]
  0x0000018c7ba010a0 ConcurrentGCThread "G1 Refine#0"               [id=28268, stack(0x0000007e1db00000,0x0000007e1dc00000) (1024K)]
  0x0000018c7ba01b20 ConcurrentGCThread "G1 Service"                [id=28876, stack(0x0000007e1dc00000,0x0000007e1dd00000) (1024K)]
Total: 15

Threads with active compile tasks:
C2 CompilerThread0  263314 11140       4       org.gradle.internal.reflect.ClassInspector::inspectClass (179 bytes)
Total: 1

VM state: not at safepoint (normal execution)

VM Mutex/Monitor currently owned by a thread: None

Heap address: 0x00000000c0000000, size: 1024 MB, Compressed Oops mode: 32-bit

CDS archive(s) mapped at: [0x0000018c0f000000-0x0000018c0fba0000-0x0000018c0fba0000), size 12189696, SharedBaseAddress: 0x0000018c0f000000, ArchiveRelocationMode: 1.
Compressed class space mapped at: 0x0000018c10000000-0x0000018c50000000, reserved size: 1073741824
Narrow klass base: 0x0000018c0f000000, Narrow klass shift: 0, Narrow klass range: 0x100000000

GC Precious Log:
 CardTable entry size: 512
 Card Set container configuration: InlinePtr #cards 5 size 8 Array Of Cards #cards 12 size 40 Howl #buckets 4 coarsen threshold 1843 Howl Bitmap #cards 512 size 80 coarsen threshold 460 Card regions per heap region 1 cards per card region 2048
 CPUs: 8 total, 8 available
 Memory: 5965M
 Large Page Support: Disabled
 NUMA Support: Disabled
 Compressed Oops: Enabled (32-bit)
 Heap Region Size: 1M
 Heap Min Capacity: 8M
 Heap Initial Capacity: 94M
 Heap Max Capacity: 1G
 Pre-touch: Disabled
 Parallel Workers: 8
 Concurrent Workers: 2
 Concurrent Refinement Workers: 8
 Periodic GC: Disabled

Heap:
 garbage-first heap   total 137216K, used 99751K [0x00000000c0000000, 0x0000000100000000)
  region size 1024K, 22 young (22528K), 5 survivors (5120K)
 Metaspace       used 82983K, committed 85120K, reserved 1179648K
  class space    used 11605K, committed 12672K, reserved 1048576K

Heap Regions: E=young(eden), S=young(survivor), O=old, HS=humongous(starts), HC=humongous(continues), CS=collection set, F=free, TAMS=top-at-mark-start, PB=parsable bottom
|   0|0x00000000c0000000, 0x00000000c0100000, 0x00000000c0100000|100%|HS|  |TAMS 0x00000000c0000000| PB 0x00000000c0000000| Complete 
|   1|0x00000000c0100000, 0x00000000c0200000, 0x00000000c0200000|100%|HC|  |TAMS 0x00000000c0100000| PB 0x00000000c0100000| Complete 
|   2|0x00000000c0200000, 0x00000000c0300000, 0x00000000c0300000|100%|HC|  |TAMS 0x00000000c0200000| PB 0x00000000c0200000| Complete 
|   3|0x00000000c0300000, 0x00000000c0400000, 0x00000000c0400000|100%| O|  |TAMS 0x00000000c0300000| PB 0x00000000c0300000| Untracked 
|   4|0x00000000c0400000, 0x00000000c0500000, 0x00000000c0500000|100%| O|  |TAMS 0x00000000c0400000| PB 0x00000000c0400000| Untracked 
|   5|0x00000000c0500000, 0x00000000c0600000, 0x00000000c0600000|100%| O|  |TAMS 0x00000000c0500000| PB 0x00000000c0500000| Untracked 
|   6|0x00000000c0600000, 0x00000000c0700000, 0x00000000c0700000|100%|HS|  |TAMS 0x00000000c0600000| PB 0x00000000c0600000| Complete 
|   7|0x00000000c0700000, 0x00000000c0800000, 0x00000000c0800000|100%| O|  |TAMS 0x00000000c0700000| PB 0x00000000c0700000| Untracked 
|   8|0x00000000c0800000, 0x00000000c0900000, 0x00000000c0900000|100%| O|  |TAMS 0x00000000c0800000| PB 0x00000000c0800000| Untracked 
|   9|0x00000000c0900000, 0x00000000c0a00000, 0x00000000c0a00000|100%| O|  |TAMS 0x00000000c0900000| PB 0x00000000c0900000| Untracked 
|  10|0x00000000c0a00000, 0x00000000c0b00000, 0x00000000c0b00000|100%| O|  |TAMS 0x00000000c0a00000| PB 0x00000000c0a00000| Untracked 
|  11|0x00000000c0b00000, 0x00000000c0c00000, 0x00000000c0c00000|100%| O|  |TAMS 0x00000000c0b00000| PB 0x00000000c0b00000| Untracked 
|  12|0x00000000c0c00000, 0x00000000c0d00000, 0x00000000c0d00000|100%| O|  |TAMS 0x00000000c0c00000| PB 0x00000000c0c00000| Untracked 
|  13|0x00000000c0d00000, 0x00000000c0e00000, 0x00000000c0e00000|100%| O|  |TAMS 0x00000000c0d00000| PB 0x00000000c0d00000| Untracked 
|  14|0x00000000c0e00000, 0x00000000c0f00000, 0x00000000c0f00000|100%| O|  |TAMS 0x00000000c0e00000| PB 0x00000000c0e00000| Untracked 
|  15|0x00000000c0f00000, 0x00000000c1000000, 0x00000000c1000000|100%| O|  |TAMS 0x00000000c0f00000| PB 0x00000000c0f00000| Untracked 
|  16|0x00000000c1000000, 0x00000000c1100000, 0x00000000c1100000|100%| O|  |TAMS 0x00000000c1000000| PB 0x00000000c1000000| Untracked 
|  17|0x00000000c1100000, 0x00000000c1200000, 0x00000000c1200000|100%| O|  |TAMS 0x00000000c1100000| PB 0x00000000c1100000| Untracked 
|  18|0x00000000c1200000, 0x00000000c1300000, 0x00000000c1300000|100%| O|  |TAMS 0x00000000c1200000| PB 0x00000000c1200000| Untracked 
|  19|0x00000000c1300000, 0x00000000c1400000, 0x00000000c1400000|100%| O|  |TAMS 0x00000000c1300000| PB 0x00000000c1300000| Untracked 
|  20|0x00000000c1400000, 0x00000000c1500000, 0x00000000c1500000|100%| O|  |TAMS 0x00000000c1400000| PB 0x00000000c1400000| Untracked 
|  21|0x00000000c1500000, 0x00000000c1600000, 0x00000000c1600000|100%| O|  |TAMS 0x00000000c1500000| PB 0x00000000c1500000| Untracked 
|  22|0x00000000c1600000, 0x00000000c1700000, 0x00000000c1700000|100%| O|  |TAMS 0x00000000c1600000| PB 0x00000000c1600000| Untracked 
|  23|0x00000000c1700000, 0x00000000c1800000, 0x00000000c1800000|100%| O|  |TAMS 0x00000000c1700000| PB 0x00000000c1700000| Untracked 
|  24|0x00000000c1800000, 0x00000000c1900000, 0x00000000c1900000|100%| O|  |TAMS 0x00000000c1800000| PB 0x00000000c1800000| Untracked 
|  25|0x00000000c1900000, 0x00000000c1a00000, 0x00000000c1a00000|100%| O|  |TAMS 0x00000000c1900000| PB 0x00000000c1900000| Untracked 
|  26|0x00000000c1a00000, 0x00000000c1b00000, 0x00000000c1b00000|100%| O|  |TAMS 0x00000000c1a00000| PB 0x00000000c1a00000| Untracked 
|  27|0x00000000c1b00000, 0x00000000c1c00000, 0x00000000c1c00000|100%| O|  |TAMS 0x00000000c1b00000| PB 0x00000000c1b00000| Untracked 
|  28|0x00000000c1c00000, 0x00000000c1d00000, 0x00000000c1d00000|100%| O|  |TAMS 0x00000000c1c00000| PB 0x00000000c1c00000| Untracked 
|  29|0x00000000c1d00000, 0x00000000c1e00000, 0x00000000c1e00000|100%| O|  |TAMS 0x00000000c1d00000| PB 0x00000000c1d00000| Untracked 
|  30|0x00000000c1e00000, 0x00000000c1f00000, 0x00000000c1f00000|100%| O|  |TAMS 0x00000000c1e00000| PB 0x00000000c1e00000| Untracked 
|  31|0x00000000c1f00000, 0x00000000c2000000, 0x00000000c2000000|100%| O|  |TAMS 0x00000000c1f00000| PB 0x00000000c1f00000| Untracked 
|  32|0x00000000c2000000, 0x00000000c2100000, 0x00000000c2100000|100%| O|  |TAMS 0x00000000c2000000| PB 0x00000000c2000000| Untracked 
|  33|0x00000000c2100000, 0x00000000c2200000, 0x00000000c2200000|100%| O|  |TAMS 0x00000000c2100000| PB 0x00000000c2100000| Untracked 
|  34|0x00000000c2200000, 0x00000000c2300000, 0x00000000c2300000|100%| O|  |TAMS 0x00000000c2200000| PB 0x00000000c2200000| Untracked 
|  35|0x00000000c2300000, 0x00000000c2400000, 0x00000000c2400000|100%| O|  |TAMS 0x00000000c2300000| PB 0x00000000c2300000| Untracked 
|  36|0x00000000c2400000, 0x00000000c2500000, 0x00000000c2500000|100%| O|Cm|TAMS 0x00000000c2400000| PB 0x00000000c2400000| Complete 
|  37|0x00000000c2500000, 0x00000000c2600000, 0x00000000c2600000|100%| O|  |TAMS 0x00000000c2500000| PB 0x00000000c2500000| Untracked 
|  38|0x00000000c2600000, 0x00000000c2700000, 0x00000000c2700000|100%| O|  |TAMS 0x00000000c2600000| PB 0x00000000c2600000| Untracked 
|  39|0x00000000c2700000, 0x00000000c2800000, 0x00000000c2800000|100%| O|  |TAMS 0x00000000c2700000| PB 0x00000000c2700000| Untracked 
|  40|0x00000000c2800000, 0x00000000c2900000, 0x00000000c2900000|100%| O|  |TAMS 0x00000000c2800000| PB 0x00000000c2800000| Untracked 
|  41|0x00000000c2900000, 0x00000000c2a00000, 0x00000000c2a00000|100%| O|  |TAMS 0x00000000c2900000| PB 0x00000000c2900000| Untracked 
|  42|0x00000000c2a00000, 0x00000000c2b00000, 0x00000000c2b00000|100%| O|  |TAMS 0x00000000c2a00000| PB 0x00000000c2a00000| Untracked 
|  43|0x00000000c2b00000, 0x00000000c2c00000, 0x00000000c2c00000|100%| O|  |TAMS 0x00000000c2b00000| PB 0x00000000c2b00000| Untracked 
|  44|0x00000000c2c00000, 0x00000000c2d00000, 0x00000000c2d00000|100%| O|  |TAMS 0x00000000c2c00000| PB 0x00000000c2c00000| Untracked 
|  45|0x00000000c2d00000, 0x00000000c2e00000, 0x00000000c2e00000|100%|HS|  |TAMS 0x00000000c2d00000| PB 0x00000000c2d00000| Complete 
|  46|0x00000000c2e00000, 0x00000000c2f00000, 0x00000000c2f00000|100%|HS|  |TAMS 0x00000000c2e00000| PB 0x00000000c2e00000| Complete 
|  47|0x00000000c2f00000, 0x00000000c3000000, 0x00000000c3000000|100%|HC|  |TAMS 0x00000000c2f00000| PB 0x00000000c2f00000| Complete 
|  48|0x00000000c3000000, 0x00000000c3100000, 0x00000000c3100000|100%|HS|  |TAMS 0x00000000c3000000| PB 0x00000000c3000000| Complete 
|  49|0x00000000c3100000, 0x00000000c3200000, 0x00000000c3200000|100%|HS|  |TAMS 0x00000000c3100000| PB 0x00000000c3100000| Complete 
|  50|0x00000000c3200000, 0x00000000c3300000, 0x00000000c3300000|100%|HS|  |TAMS 0x00000000c3200000| PB 0x00000000c3200000| Complete 
|  51|0x00000000c3300000, 0x00000000c3400000, 0x00000000c3400000|100%| O|  |TAMS 0x00000000c3300000| PB 0x00000000c3300000| Untracked 
|  52|0x00000000c3400000, 0x00000000c3500000, 0x00000000c3500000|100%|HS|  |TAMS 0x00000000c3400000| PB 0x00000000c3400000| Complete 
|  53|0x00000000c3500000, 0x00000000c3600000, 0x00000000c3600000|100%|HS|  |TAMS 0x00000000c3500000| PB 0x00000000c3500000| Complete 
|  54|0x00000000c3600000, 0x00000000c3700000, 0x00000000c3700000|100%|HC|  |TAMS 0x00000000c3600000| PB 0x00000000c3600000| Complete 
|  55|0x00000000c3700000, 0x00000000c3800000, 0x00000000c3800000|100%| O|  |TAMS 0x00000000c3700000| PB 0x00000000c3700000| Untracked 
|  56|0x00000000c3800000, 0x00000000c3900000, 0x00000000c3900000|100%| O|  |TAMS 0x00000000c3800000| PB 0x00000000c3800000| Untracked 
|  57|0x00000000c3900000, 0x00000000c3a00000, 0x00000000c3a00000|100%| O|  |TAMS 0x00000000c3900000| PB 0x00000000c3900000| Untracked 
|  58|0x00000000c3a00000, 0x00000000c3b00000, 0x00000000c3b00000|100%| O|  |TAMS 0x00000000c3a00000| PB 0x00000000c3a00000| Untracked 
|  59|0x00000000c3b00000, 0x00000000c3c00000, 0x00000000c3c00000|100%|HS|  |TAMS 0x00000000c3b00000| PB 0x00000000c3b00000| Complete 
|  60|0x00000000c3c00000, 0x00000000c3d00000, 0x00000000c3d00000|100%| O|  |TAMS 0x00000000c3c00000| PB 0x00000000c3c00000| Untracked 
|  61|0x00000000c3d00000, 0x00000000c3e00000, 0x00000000c3e00000|100%| O|  |TAMS 0x00000000c3d00000| PB 0x00000000c3d00000| Untracked 
|  62|0x00000000c3e00000, 0x00000000c3f00000, 0x00000000c3f00000|100%| O|  |TAMS 0x00000000c3e00000| PB 0x00000000c3e00000| Untracked 
|  63|0x00000000c3f00000, 0x00000000c4000000, 0x00000000c4000000|100%| O|  |TAMS 0x00000000c3f00000| PB 0x00000000c3f00000| Untracked 
|  64|0x00000000c4000000, 0x00000000c4100000, 0x00000000c4100000|100%| O|  |TAMS 0x00000000c4000000| PB 0x00000000c4000000| Untracked 
|  65|0x00000000c4100000, 0x00000000c4200000, 0x00000000c4200000|100%| O|Cm|TAMS 0x00000000c4100000| PB 0x00000000c4100000| Complete 
|  66|0x00000000c4200000, 0x00000000c4300000, 0x00000000c4300000|100%| O|  |TAMS 0x00000000c4200000| PB 0x00000000c4200000| Untracked 
|  67|0x00000000c4300000, 0x00000000c4400000, 0x00000000c4400000|100%| O|  |TAMS 0x00000000c4300000| PB 0x00000000c4300000| Untracked 
|  68|0x00000000c4400000, 0x00000000c4500000, 0x00000000c4500000|100%| O|  |TAMS 0x00000000c4400000| PB 0x00000000c4400000| Untracked 
|  69|0x00000000c4500000, 0x00000000c4600000, 0x00000000c4600000|100%|HS|  |TAMS 0x00000000c4500000| PB 0x00000000c4500000| Complete 
|  70|0x00000000c4600000, 0x00000000c4700000, 0x00000000c4700000|100%| O|  |TAMS 0x00000000c4600000| PB 0x00000000c4600000| Untracked 
|  71|0x00000000c4700000, 0x00000000c4800000, 0x00000000c4800000|100%| O|  |TAMS 0x00000000c4700000| PB 0x00000000c4700000| Untracked 
|  72|0x00000000c4800000, 0x00000000c4900000, 0x00000000c4900000|100%| O|  |TAMS 0x00000000c4800000| PB 0x00000000c4800000| Untracked 
|  73|0x00000000c4900000, 0x00000000c4900000, 0x00000000c4a00000|  0%| F|  |TAMS 0x00000000c4900000| PB 0x00000000c4900000| Untracked 
|  74|0x00000000c4a00000, 0x00000000c4a00000, 0x00000000c4b00000|  0%| F|  |TAMS 0x00000000c4a00000| PB 0x00000000c4a00000| Untracked 
|  75|0x00000000c4b00000, 0x00000000c4b00000, 0x00000000c4c00000|  0%| F|  |TAMS 0x00000000c4b00000| PB 0x00000000c4b00000| Untracked 
|  76|0x00000000c4c00000, 0x00000000c4c00000, 0x00000000c4d00000|  0%| F|  |TAMS 0x00000000c4c00000| PB 0x00000000c4c00000| Untracked 
|  77|0x00000000c4d00000, 0x00000000c4d00000, 0x00000000c4e00000|  0%| F|  |TAMS 0x00000000c4d00000| PB 0x00000000c4d00000| Untracked 
|  78|0x00000000c4e00000, 0x00000000c4e00000, 0x00000000c4f00000|  0%| F|  |TAMS 0x00000000c4e00000| PB 0x00000000c4e00000| Untracked 
|  79|0x00000000c4f00000, 0x00000000c4fca790, 0x00000000c5000000| 79%| O|  |TAMS 0x00000000c4f00000| PB 0x00000000c4f00000| Untracked 
|  80|0x00000000c5000000, 0x00000000c5000000, 0x00000000c5100000|  0%| F|  |TAMS 0x00000000c5000000| PB 0x00000000c5000000| Untracked 
|  81|0x00000000c5100000, 0x00000000c5100000, 0x00000000c5200000|  0%| F|  |TAMS 0x00000000c5100000| PB 0x00000000c5100000| Untracked 
|  82|0x00000000c5200000, 0x00000000c5200000, 0x00000000c5300000|  0%| F|  |TAMS 0x00000000c5200000| PB 0x00000000c5200000| Untracked 
|  83|0x00000000c5300000, 0x00000000c5300000, 0x00000000c5400000|  0%| F|  |TAMS 0x00000000c5300000| PB 0x00000000c5300000| Untracked 
|  84|0x00000000c5400000, 0x00000000c5400000, 0x00000000c5500000|  0%| F|  |TAMS 0x00000000c5400000| PB 0x00000000c5400000| Untracked 
|  85|0x00000000c5500000, 0x00000000c5500000, 0x00000000c5600000|  0%| F|  |TAMS 0x00000000c5500000| PB 0x00000000c5500000| Untracked 
|  86|0x00000000c5600000, 0x00000000c5600000, 0x00000000c5700000|  0%| F|  |TAMS 0x00000000c5600000| PB 0x00000000c5600000| Untracked 
|  87|0x00000000c5700000, 0x00000000c5700000, 0x00000000c5800000|  0%| F|  |TAMS 0x00000000c5700000| PB 0x00000000c5700000| Untracked 
|  88|0x00000000c5800000, 0x00000000c5800000, 0x00000000c5900000|  0%| F|  |TAMS 0x00000000c5800000| PB 0x00000000c5800000| Untracked 
|  89|0x00000000c5900000, 0x00000000c5900000, 0x00000000c5a00000|  0%| F|  |TAMS 0x00000000c5900000| PB 0x00000000c5900000| Untracked 
|  90|0x00000000c5a00000, 0x00000000c5a9f838, 0x00000000c5b00000| 62%| S|CS|TAMS 0x00000000c5a00000| PB 0x00000000c5a00000| Complete 
|  91|0x00000000c5b00000, 0x00000000c5c00000, 0x00000000c5c00000|100%| S|CS|TAMS 0x00000000c5b00000| PB 0x00000000c5b00000| Complete 
|  92|0x00000000c5c00000, 0x00000000c5d00000, 0x00000000c5d00000|100%| S|CS|TAMS 0x00000000c5c00000| PB 0x00000000c5c00000| Complete 
|  93|0x00000000c5d00000, 0x00000000c5e00000, 0x00000000c5e00000|100%| S|CS|TAMS 0x00000000c5d00000| PB 0x00000000c5d00000| Complete 
|  94|0x00000000c5e00000, 0x00000000c5f00000, 0x00000000c5f00000|100%| S|CS|TAMS 0x00000000c5e00000| PB 0x00000000c5e00000| Complete 
|  95|0x00000000c5f00000, 0x00000000c5f00000, 0x00000000c6000000|  0%| F|  |TAMS 0x00000000c5f00000| PB 0x00000000c5f00000| Untracked 
|  96|0x00000000c6000000, 0x00000000c6000000, 0x00000000c6100000|  0%| F|  |TAMS 0x00000000c6000000| PB 0x00000000c6000000| Untracked 
|  97|0x00000000c6100000, 0x00000000c6100000, 0x00000000c6200000|  0%| F|  |TAMS 0x00000000c6100000| PB 0x00000000c6100000| Untracked 
|  98|0x00000000c6200000, 0x00000000c6200000, 0x00000000c6300000|  0%| F|  |TAMS 0x00000000c6200000| PB 0x00000000c6200000| Untracked 
|  99|0x00000000c6300000, 0x00000000c6300000, 0x00000000c6400000|  0%| F|  |TAMS 0x00000000c6300000| PB 0x00000000c6300000| Untracked 
| 100|0x00000000c6400000, 0x00000000c6400000, 0x00000000c6500000|  0%| F|  |TAMS 0x00000000c6400000| PB 0x00000000c6400000| Untracked 
| 101|0x00000000c6500000, 0x00000000c6500000, 0x00000000c6600000|  0%| F|  |TAMS 0x00000000c6500000| PB 0x00000000c6500000| Untracked 
| 102|0x00000000c6600000, 0x00000000c6600000, 0x00000000c6700000|  0%| F|  |TAMS 0x00000000c6600000| PB 0x00000000c6600000| Untracked 
| 103|0x00000000c6700000, 0x00000000c6700000, 0x00000000c6800000|  0%| F|  |TAMS 0x00000000c6700000| PB 0x00000000c6700000| Untracked 
| 104|0x00000000c6800000, 0x00000000c6800000, 0x00000000c6900000|  0%| F|  |TAMS 0x00000000c6800000| PB 0x00000000c6800000| Untracked 
| 105|0x00000000c6900000, 0x00000000c6900000, 0x00000000c6a00000|  0%| F|  |TAMS 0x00000000c6900000| PB 0x00000000c6900000| Untracked 
| 106|0x00000000c6a00000, 0x00000000c6a00000, 0x00000000c6b00000|  0%| F|  |TAMS 0x00000000c6a00000| PB 0x00000000c6a00000| Untracked 
| 107|0x00000000c6b00000, 0x00000000c6b00000, 0x00000000c6c00000|  0%| F|  |TAMS 0x00000000c6b00000| PB 0x00000000c6b00000| Untracked 
| 108|0x00000000c6c00000, 0x00000000c6c00000, 0x00000000c6d00000|  0%| F|  |TAMS 0x00000000c6c00000| PB 0x00000000c6c00000| Untracked 
| 109|0x00000000c6d00000, 0x00000000c6d00000, 0x00000000c6e00000|  0%| F|  |TAMS 0x00000000c6d00000| PB 0x00000000c6d00000| Untracked 
| 110|0x00000000c6e00000, 0x00000000c6e00000, 0x00000000c6f00000|  0%| F|  |TAMS 0x00000000c6e00000| PB 0x00000000c6e00000| Untracked 
| 111|0x00000000c6f00000, 0x00000000c6f00000, 0x00000000c7000000|  0%| F|  |TAMS 0x00000000c6f00000| PB 0x00000000c6f00000| Untracked 
| 112|0x00000000c7000000, 0x00000000c7000000, 0x00000000c7100000|  0%| F|  |TAMS 0x00000000c7000000| PB 0x00000000c7000000| Untracked 
| 113|0x00000000c7100000, 0x00000000c7100000, 0x00000000c7200000|  0%| F|  |TAMS 0x00000000c7100000| PB 0x00000000c7100000| Untracked 
| 114|0x00000000c7200000, 0x00000000c7290628, 0x00000000c7300000| 56%| E|  |TAMS 0x00000000c7200000| PB 0x00000000c7200000| Complete 
| 115|0x00000000c7300000, 0x00000000c7400000, 0x00000000c7400000|100%| E|CS|TAMS 0x00000000c7300000| PB 0x00000000c7300000| Complete 
| 116|0x00000000c7400000, 0x00000000c7500000, 0x00000000c7500000|100%| E|CS|TAMS 0x00000000c7400000| PB 0x00000000c7400000| Complete 
| 117|0x00000000c7500000, 0x00000000c7600000, 0x00000000c7600000|100%| E|CS|TAMS 0x00000000c7500000| PB 0x00000000c7500000| Complete 
| 118|0x00000000c7600000, 0x00000000c7700000, 0x00000000c7700000|100%| E|CS|TAMS 0x00000000c7600000| PB 0x00000000c7600000| Complete 
| 119|0x00000000c7700000, 0x00000000c7800000, 0x00000000c7800000|100%| E|CS|TAMS 0x00000000c7700000| PB 0x00000000c7700000| Complete 
| 120|0x00000000c7800000, 0x00000000c7900000, 0x00000000c7900000|100%| E|CS|TAMS 0x00000000c7800000| PB 0x00000000c7800000| Complete 
| 121|0x00000000c7900000, 0x00000000c7a00000, 0x00000000c7a00000|100%| E|CS|TAMS 0x00000000c7900000| PB 0x00000000c7900000| Complete 
| 122|0x00000000c7a00000, 0x00000000c7b00000, 0x00000000c7b00000|100%| E|CS|TAMS 0x00000000c7a00000| PB 0x00000000c7a00000| Complete 
| 123|0x00000000c7b00000, 0x00000000c7c00000, 0x00000000c7c00000|100%| E|CS|TAMS 0x00000000c7b00000| PB 0x00000000c7b00000| Complete 
| 124|0x00000000c7c00000, 0x00000000c7d00000, 0x00000000c7d00000|100%| E|CS|TAMS 0x00000000c7c00000| PB 0x00000000c7c00000| Complete 
| 125|0x00000000c7d00000, 0x00000000c7e00000, 0x00000000c7e00000|100%| E|CS|TAMS 0x00000000c7d00000| PB 0x00000000c7d00000| Complete 
| 126|0x00000000c7e00000, 0x00000000c7f00000, 0x00000000c7f00000|100%| E|CS|TAMS 0x00000000c7e00000| PB 0x00000000c7e00000| Complete 
| 127|0x00000000c7f00000, 0x00000000c8000000, 0x00000000c8000000|100%| E|CS|TAMS 0x00000000c7f00000| PB 0x00000000c7f00000| Complete 
| 128|0x00000000c8000000, 0x00000000c8100000, 0x00000000c8100000|100%| E|CS|TAMS 0x00000000c8000000| PB 0x00000000c8000000| Complete 
| 129|0x00000000c8100000, 0x00000000c8200000, 0x00000000c8200000|100%| E|CS|TAMS 0x00000000c8100000| PB 0x00000000c8100000| Complete 
| 130|0x00000000c8200000, 0x00000000c8300000, 0x00000000c8300000|100%| E|CS|TAMS 0x00000000c8200000| PB 0x00000000c8200000| Complete 
|1021|0x00000000ffd00000, 0x00000000ffe00000, 0x00000000ffe00000|100%| O|  |TAMS 0x00000000ffd00000| PB 0x00000000ffd00000| Untracked 
|1022|0x00000000ffe00000, 0x00000000fff00000, 0x00000000fff00000|100%| O|  |TAMS 0x00000000ffe00000| PB 0x00000000ffe00000| Untracked 
|1023|0x00000000fff00000, 0x0000000100000000, 0x0000000100000000|100%| O|  |TAMS 0x00000000fff00000| PB 0x00000000fff00000| Untracked 

Card table byte_map: [0x0000018c77f70000,0x0000018c78170000] _byte_map_base: 0x0000018c77970000

Marking Bits: (CMBitMap*) 0x0000018c748572c0
 Bits: [0x0000018c78170000, 0x0000018c79170000)

Polling page: 0x0000018c72630000

Metaspace:

Usage:
  Non-class:     69.70 MB used.
      Class:     11.33 MB used.
       Both:     81.04 MB used.

Virtual space:
  Non-class space:      128.00 MB reserved,      70.75 MB ( 55%) committed,  2 nodes.
      Class space:        1.00 GB reserved,      12.38 MB (  1%) committed,  1 nodes.
             Both:        1.12 GB reserved,      83.12 MB (  7%) committed. 

Chunk freelists:
   Non-Class:  9.01 MB
       Class:  3.58 MB
        Both:  12.59 MB

MaxMetaspaceSize: unlimited
CompressedClassSpaceSize: 1.00 GB
Initial GC threshold: 21.00 MB
Current GC threshold: 131.56 MB
CDS: on
 - commit_granule_bytes: 65536.
 - commit_granule_words: 8192.
 - virtual_space_node_default_size: 8388608.
 - enlarge_chunks_in_place: 1.
 - use_allocation_guard: 0.


Internal statistics:

num_allocs_failed_limit: 6.
num_arena_births: 3876.
num_arena_deaths: 0.
num_vsnodes_births: 3.
num_vsnodes_deaths: 0.
num_space_committed: 1330.
num_space_uncommitted: 0.
num_chunks_returned_to_freelist: 6.
num_chunks_taken_from_freelist: 7735.
num_chunk_merges: 6.
num_chunk_splits: 5064.
num_chunks_enlarged: 3167.
num_inconsistent_stats: 0.

CodeHeap 'non-profiled nmethods': size=120000Kb used=5372Kb max_used=5399Kb free=114627Kb
 bounds [0x0000018c07ad0000, 0x0000018c08020000, 0x0000018c0f000000]
CodeHeap 'profiled nmethods': size=120000Kb used=17401Kb max_used=17401Kb free=102598Kb
 bounds [0x0000018c00000000, 0x0000018c01100000, 0x0000018c07530000]
CodeHeap 'non-nmethods': size=5760Kb used=2695Kb max_used=2720Kb free=3064Kb
 bounds [0x0000018c07530000, 0x0000018c077e0000, 0x0000018c07ad0000]
CodeCache: size=245760Kb, used=25468Kb, max_used=25520Kb, free=220289Kb
 total_blobs=10317, nmethods=9359, adapters=862, full_count=0
Compilation: enabled, stopped_count=0, restarted_count=0

Compilation events (20 events):
Event: 263.189 Thread 0x0000018c7bb6f890 11143  s!   3       java.lang.StackTraceElement::computeFormat (71 bytes)
Event: 263.190 Thread 0x0000018c7bb6f890 nmethod 11143 0x0000018c010fad90 code [0x0000018c010fafa0, 0x0000018c010fb7c0]
Event: 263.202 Thread 0x0000018c7bb6f890 11145       3       org.gradle.internal.problems.failure.CompositeStackTraceClassifier::classify (51 bytes)
Event: 263.202 Thread 0x0000018c7bb6f890 nmethod 11145 0x0000018c010fba10 code [0x0000018c010fbc20, 0x0000018c010fc268]
Event: 263.202 Thread 0x0000018c7bb6f890 11144       3       org.gradle.internal.problems.failure.InternalStackTraceClassifier::isGradleCall (24 bytes)
Event: 263.203 Thread 0x0000018c7bb6f890 nmethod 11144 0x0000018c010fc410 code [0x0000018c010fc5e0, 0x0000018c010fc8a8]
Event: 263.204 Thread 0x0000018c7bb6f890 11147       3       java.lang.Module::getLayer (43 bytes)
Event: 263.205 Thread 0x0000018c7bb6f890 nmethod 11147 0x0000018c010fca10 code [0x0000018c010fcbe0, 0x0000018c010fcf78]
Event: 263.214 Thread 0x0000018c7bb6f890 11148       3       org.gradle.internal.problems.failure.InternalStackTraceClassifier::classify (18 bytes)
Event: 263.214 Thread 0x0000018c7bb6f890 nmethod 11148 0x0000018c010fd090 code [0x0000018c010fd240, 0x0000018c010fd418]
Event: 263.214 Thread 0x0000018c7bb6f890 11149       3       org.gradle.internal.problems.failure.InternalStackTraceClassifier::isInternal (67 bytes)
Event: 263.215 Thread 0x0000018c7bb6f890 nmethod 11149 0x0000018c010fd510 code [0x0000018c010fd780, 0x0000018c010fdfe0]
Event: 263.221 Thread 0x0000018c7bb6f890 11150       1       java.lang.StackTraceElement::getLineNumber (5 bytes)
Event: 263.221 Thread 0x0000018c7bb6f890 nmethod 11150 0x0000018c07f5e490 code [0x0000018c07f5e620, 0x0000018c07f5e6e8]
Event: 263.221 Thread 0x0000018c7bb6f890 11151       1       java.lang.StackTraceElement::getFileName (5 bytes)
Event: 263.221 Thread 0x0000018c7bb6f890 nmethod 11151 0x0000018c07f5e190 code [0x0000018c07f5e320, 0x0000018c07f5e3e8]
Event: 263.222 Thread 0x0000018c7bb6f890 11152       3       org.gradle.internal.problems.DefaultProblemLocationAnalyzer::tryGetLocation (55 bytes)
Event: 263.222 Thread 0x0000018c7bb6f890 nmethod 11152 0x0000018c010fe310 code [0x0000018c010fe500, 0x0000018c010fe9d8]
Event: 263.223 Thread 0x0000018c7bb6f890 11153       3       org.gradle.internal.problems.failure.StackTraceClassifier$1::classify (4 bytes)
Event: 263.223 Thread 0x0000018c7bb6f890 nmethod 11153 0x0000018c010feb90 code [0x0000018c010fed20, 0x0000018c010fee38]

GC Heap History (20 events):
Event: 213.648 GC heap before
{Heap before GC invocations=25 (full 0):
 garbage-first heap   total 107520K, used 83704K [0x00000000c0000000, 0x0000000100000000)
  region size 1024K, 21 young (21504K), 1 survivors (1024K)
 Metaspace       used 57460K, committed 59264K, reserved 1114112K
  class space    used 8152K, committed 9024K, reserved 1048576K
}
Event: 213.652 GC heap after
{Heap after GC invocations=26 (full 0):
 garbage-first heap   total 107520K, used 65429K [0x00000000c0000000, 0x0000000100000000)
  region size 1024K, 2 young (2048K), 2 survivors (2048K)
 Metaspace       used 57460K, committed 59264K, reserved 1114112K
  class space    used 8152K, committed 9024K, reserved 1048576K
}
Event: 219.166 GC heap before
{Heap before GC invocations=26 (full 0):
 garbage-first heap   total 107520K, used 94101K [0x00000000c0000000, 0x0000000100000000)
  region size 1024K, 31 young (31744K), 2 survivors (2048K)
 Metaspace       used 60640K, committed 62464K, reserved 1114112K
  class space    used 8513K, committed 9408K, reserved 1048576K
}
Event: 219.180 GC heap after
{Heap after GC invocations=27 (full 0):
 garbage-first heap   total 107520K, used 65457K [0x00000000c0000000, 0x0000000100000000)
  region size 1024K, 3 young (3072K), 3 survivors (3072K)
 Metaspace       used 60640K, committed 62464K, reserved 1114112K
  class space    used 8513K, committed 9408K, reserved 1048576K
}
Event: 226.383 GC heap before
{Heap before GC invocations=27 (full 0):
 garbage-first heap   total 107520K, used 96177K [0x00000000c0000000, 0x0000000100000000)
  region size 1024K, 34 young (34816K), 3 survivors (3072K)
 Metaspace       used 64343K, committed 66304K, reserved 1114112K
  class space    used 9051K, committed 9984K, reserved 1048576K
}
Event: 226.397 GC heap after
{Heap after GC invocations=28 (full 0):
 garbage-first heap   total 107520K, used 68059K [0x00000000c0000000, 0x0000000100000000)
  region size 1024K, 5 young (5120K), 5 survivors (5120K)
 Metaspace       used 64343K, committed 66304K, reserved 1114112K
  class space    used 9051K, committed 9984K, reserved 1048576K
}
Event: 229.192 GC heap before
{Heap before GC invocations=29 (full 0):
 garbage-first heap   total 114688K, used 102875K [0x00000000c0000000, 0x0000000100000000)
  region size 1024K, 34 young (34816K), 5 survivors (5120K)
 Metaspace       used 65764K, committed 67712K, reserved 1114112K
  class space    used 9258K, committed 10176K, reserved 1048576K
}
Event: 229.200 GC heap after
{Heap after GC invocations=30 (full 0):
 garbage-first heap   total 114688K, used 72414K [0x00000000c0000000, 0x0000000100000000)
  region size 1024K, 5 young (5120K), 5 survivors (5120K)
 Metaspace       used 65764K, committed 67712K, reserved 1114112K
  class space    used 9258K, committed 10176K, reserved 1048576K
}
Event: 233.250 GC heap before
{Heap before GC invocations=30 (full 0):
 garbage-first heap   total 114688K, used 103134K [0x00000000c0000000, 0x0000000100000000)
  region size 1024K, 35 young (35840K), 5 survivors (5120K)
 Metaspace       used 68127K, committed 70144K, reserved 1114112K
  class space    used 9552K, committed 10560K, reserved 1048576K
}
Event: 233.262 GC heap after
{Heap after GC invocations=31 (full 0):
 garbage-first heap   total 114688K, used 74010K [0x00000000c0000000, 0x0000000100000000)
  region size 1024K, 2 young (2048K), 2 survivors (2048K)
 Metaspace       used 68127K, committed 70144K, reserved 1114112K
  class space    used 9552K, committed 10560K, reserved 1048576K
}
Event: 242.538 GC heap before
{Heap before GC invocations=31 (full 0):
 garbage-first heap   total 114688K, used 104730K [0x00000000c0000000, 0x0000000100000000)
  region size 1024K, 32 young (32768K), 2 survivors (2048K)
 Metaspace       used 71833K, committed 73792K, reserved 1114112K
  class space    used 10024K, committed 11008K, reserved 1048576K
}
Event: 242.564 GC heap after
{Heap after GC invocations=32 (full 0):
 garbage-first heap   total 114688K, used 75274K [0x00000000c0000000, 0x0000000100000000)
  region size 1024K, 4 young (4096K), 4 survivors (4096K)
 Metaspace       used 71833K, committed 73792K, reserved 1114112K
  class space    used 10024K, committed 11008K, reserved 1048576K
}
Event: 246.159 GC heap before
{Heap before GC invocations=33 (full 0):
 garbage-first heap   total 128000K, used 104970K [0x00000000c0000000, 0x0000000100000000)
  region size 1024K, 33 young (33792K), 4 survivors (4096K)
 Metaspace       used 74116K, committed 76160K, reserved 1114112K
  class space    used 10376K, committed 11392K, reserved 1048576K
}
Event: 246.167 GC heap after
{Heap after GC invocations=34 (full 0):
 garbage-first heap   total 128000K, used 76429K [0x00000000c0000000, 0x0000000100000000)
  region size 1024K, 3 young (3072K), 3 survivors (3072K)
 Metaspace       used 74116K, committed 76160K, reserved 1114112K
  class space    used 10376K, committed 11392K, reserved 1048576K
}
Event: 250.835 GC heap before
{Heap before GC invocations=34 (full 0):
 garbage-first heap   total 128000K, used 117389K [0x00000000c0000000, 0x0000000100000000)
  region size 1024K, 43 young (44032K), 3 survivors (3072K)
 Metaspace       used 76753K, committed 78848K, reserved 1179648K
  class space    used 10758K, committed 11776K, reserved 1048576K
}
Event: 250.846 GC heap after
{Heap after GC invocations=35 (full 0):
 garbage-first heap   total 128000K, used 79790K [0x00000000c0000000, 0x0000000100000000)
  region size 1024K, 6 young (6144K), 6 survivors (6144K)
 Metaspace       used 76753K, committed 78848K, reserved 1179648K
  class space    used 10758K, committed 11776K, reserved 1048576K
}
Event: 254.804 GC heap before
{Heap before GC invocations=35 (full 0):
 garbage-first heap   total 128000K, used 117678K [0x00000000c0000000, 0x0000000100000000)
  region size 1024K, 43 young (44032K), 6 survivors (6144K)
 Metaspace       used 78729K, committed 80832K, reserved 1179648K
  class space    used 10968K, committed 12032K, reserved 1048576K
}
Event: 254.819 GC heap after
{Heap after GC invocations=36 (full 0):
 garbage-first heap   total 128000K, used 80802K [0x00000000c0000000, 0x0000000100000000)
  region size 1024K, 3 young (3072K), 3 survivors (3072K)
 Metaspace       used 78729K, committed 80832K, reserved 1179648K
  class space    used 10968K, committed 12032K, reserved 1048576K
}
Event: 261.006 GC heap before
{Heap before GC invocations=37 (full 0):
 garbage-first heap   total 137216K, used 118690K [0x00000000c0000000, 0x0000000100000000)
  region size 1024K, 39 young (39936K), 3 survivors (3072K)
 Metaspace       used 81620K, committed 83776K, reserved 1179648K
  class space    used 11377K, committed 12480K, reserved 1048576K
}
Event: 261.022 GC heap after
{Heap after GC invocations=38 (full 0):
 garbage-first heap   total 137216K, used 83367K [0x00000000c0000000, 0x0000000100000000)
  region size 1024K, 5 young (5120K), 5 survivors (5120K)
 Metaspace       used 81620K, committed 83776K, reserved 1179648K
  class space    used 11377K, committed 12480K, reserved 1048576K
}

Dll operation events (20 events):
Event: 1.158 Attempting to load shared library C:\Users\LENOVO\.antigravity-ide\extensions\redhat.java-1.56.0-win32-x64\jre\21.0.12.1-win32-x86_64\bin\nio.dll
Event: 1.161 Loaded shared library C:\Users\LENOVO\.antigravity-ide\extensions\redhat.java-1.56.0-win32-x64\jre\21.0.12.1-win32-x86_64\bin\nio.dll
Event: 1.168 Attempting to load shared library C:\Users\LENOVO\.antigravity-ide\extensions\redhat.java-1.56.0-win32-x64\jre\21.0.12.1-win32-x86_64\bin\zip.dll
Event: 1.168 Loaded shared library C:\Users\LENOVO\.antigravity-ide\extensions\redhat.java-1.56.0-win32-x64\jre\21.0.12.1-win32-x86_64\bin\zip.dll
Event: 5.596 Attempting to load shared library C:\Users\LENOVO\.antigravity-ide\extensions\redhat.java-1.56.0-win32-x64\jre\21.0.12.1-win32-x86_64\bin\jimage.dll
Event: 5.596 Loaded shared library C:\Users\LENOVO\.antigravity-ide\extensions\redhat.java-1.56.0-win32-x64\jre\21.0.12.1-win32-x86_64\bin\jimage.dll
Event: 8.018 Attempting to load shared library C:\Users\LENOVO\.antigravity-ide\extensions\redhat.java-1.56.0-win32-x64\jre\21.0.12.1-win32-x86_64\bin\verify.dll
Event: 8.030 Loaded shared library C:\Users\LENOVO\.antigravity-ide\extensions\redhat.java-1.56.0-win32-x64\jre\21.0.12.1-win32-x86_64\bin\verify.dll
Event: 10.172 Attempting to load shared library C:\Users\LENOVO\.gradle\native\1def1411415f61bf3af743bc5b6707747c0891f09f0c88961ee8f79bc544acac\windows-amd64\native-platform.dll
Event: 10.193 Loaded shared library C:\Users\LENOVO\.gradle\native\1def1411415f61bf3af743bc5b6707747c0891f09f0c88961ee8f79bc544acac\windows-amd64\native-platform.dll
Event: 10.355 Attempting to load shared library C:\Users\LENOVO\.gradle\native\0.2.7\x86_64-windows-gnu\gradle-fileevents.dll
Event: 10.366 Loaded shared library C:\Users\LENOVO\.gradle\native\0.2.7\x86_64-windows-gnu\gradle-fileevents.dll
Event: 25.477 Attempting to load shared library C:\Users\LENOVO\.antigravity-ide\extensions\redhat.java-1.56.0-win32-x64\jre\21.0.12.1-win32-x86_64\bin\management.dll
Event: 25.489 Loaded shared library C:\Users\LENOVO\.antigravity-ide\extensions\redhat.java-1.56.0-win32-x64\jre\21.0.12.1-win32-x86_64\bin\management.dll
Event: 25.517 Attempting to load shared library C:\Users\LENOVO\.antigravity-ide\extensions\redhat.java-1.56.0-win32-x64\jre\21.0.12.1-win32-x86_64\bin\management_ext.dll
Event: 25.525 Loaded shared library C:\Users\LENOVO\.antigravity-ide\extensions\redhat.java-1.56.0-win32-x64\jre\21.0.12.1-win32-x86_64\bin\management_ext.dll
Event: 28.096 Attempting to load shared library C:\Users\LENOVO\.antigravity-ide\extensions\redhat.java-1.56.0-win32-x64\jre\21.0.12.1-win32-x86_64\bin\extnet.dll
Event: 28.103 Loaded shared library C:\Users\LENOVO\.antigravity-ide\extensions\redhat.java-1.56.0-win32-x64\jre\21.0.12.1-win32-x86_64\bin\extnet.dll
Event: 32.350 Attempting to load shared library C:\Users\LENOVO\.antigravity-ide\extensions\redhat.java-1.56.0-win32-x64\jre\21.0.12.1-win32-x86_64\bin\sunmscapi.dll
Event: 32.415 Loaded shared library C:\Users\LENOVO\.antigravity-ide\extensions\redhat.java-1.56.0-win32-x64\jre\21.0.12.1-win32-x86_64\bin\sunmscapi.dll

Deoptimization events (20 events):
Event: 261.279 Thread 0x0000018c54805e10 Uncommon trap: trap_request=0xffffff45 fr.pc=0x0000018c07b2320c relative=0x00000000000000ec
Event: 261.279 Thread 0x0000018c54805e10 Uncommon trap: reason=unstable_if action=reinterpret pc=0x0000018c07b2320c method=java.lang.String.getBytes([BIB)V @ 5 c2
Event: 261.279 Thread 0x0000018c54805e10 DEOPT PACKING pc=0x0000018c07b2320c sp=0x0000007e1f3f7360
Event: 261.279 Thread 0x0000018c54805e10 DEOPT UNPACKING pc=0x0000018c07584422 sp=0x0000007e1f3f7328 mode 2
Event: 261.370 Thread 0x0000018c54805e10 Uncommon trap: trap_request=0xffffff45 fr.pc=0x0000018c07f73a9c relative=0x0000000000000cbc
Event: 261.370 Thread 0x0000018c54805e10 Uncommon trap: reason=unstable_if action=reinterpret pc=0x0000018c07f73a9c method=java.util.regex.Pattern.sequence(Ljava/util/regex/Pattern$Node;)Ljava/util/regex/Pattern$Node; @ 364 c2
Event: 261.370 Thread 0x0000018c54805e10 DEOPT PACKING pc=0x0000018c07f73a9c sp=0x0000007e1f3f72b0
Event: 261.370 Thread 0x0000018c54805e10 DEOPT UNPACKING pc=0x0000018c07584422 sp=0x0000007e1f3f7250 mode 2
Event: 262.080 Thread 0x0000018c54805e10 Uncommon trap: trap_request=0xffffff45 fr.pc=0x0000018c07f2e4d8 relative=0x0000000000001538
Event: 262.080 Thread 0x0000018c54805e10 Uncommon trap: reason=unstable_if action=reinterpret pc=0x0000018c07f2e4d8 method=java.util.concurrent.ConcurrentHashMap.computeIfAbsent(Ljava/lang/Object;Ljava/util/function/Function;)Ljava/lang/Object; @ 364 c2
Event: 262.080 Thread 0x0000018c54805e10 DEOPT PACKING pc=0x0000018c07f2e4d8 sp=0x0000007e1f3f85f0
Event: 262.080 Thread 0x0000018c54805e10 DEOPT UNPACKING pc=0x0000018c07584422 sp=0x0000007e1f3f8568 mode 2
Event: 262.744 Thread 0x0000018c54805e10 Uncommon trap: trap_request=0x00000012 fr.pc=0x0000018c07fc17d4 relative=0x0000000000001f34
Event: 262.744 Thread 0x0000018c54805e10 Uncommon trap: reason=unloaded action=reinterpret pc=0x0000018c07fc17d4 method=org.gradle.internal.event.AbstractBroadcastDispatch.dispatch(Lorg/gradle/internal/dispatch/MethodInvocation;Lorg/gradle/internal/dispatch/Dispatch;)V @ 56 c2
Event: 262.744 Thread 0x0000018c54805e10 DEOPT PACKING pc=0x0000018c07fc17d4 sp=0x0000007e1f3f9b20
Event: 262.744 Thread 0x0000018c54805e10 DEOPT UNPACKING pc=0x0000018c07584422 sp=0x0000007e1f3f9b28 mode 2
Event: 262.990 Thread 0x0000018c54805e10 Uncommon trap: trap_request=0xffffff76 fr.pc=0x0000018c07fb828c relative=0x00000000000001ec
Event: 262.990 Thread 0x0000018c54805e10 Uncommon trap: reason=predicate action=maybe_recompile pc=0x0000018c07fb828c method=java.util.Arrays.fill([Ljava/lang/Object;IILjava/lang/Object;)V @ 13 c2
Event: 262.990 Thread 0x0000018c54805e10 DEOPT PACKING pc=0x0000018c07fb828c sp=0x0000007e1f3f8900
Event: 262.990 Thread 0x0000018c54805e10 DEOPT UNPACKING pc=0x0000018c07584422 sp=0x0000007e1f3f88d0 mode 2

Classes loaded (20 events):
Event: 247.863 Loading class jdk/internal/access/JavaIOAccess done
Event: 247.863 Loading class java/io/Console$1 done
Event: 253.324 Loading class java/lang/StackTraceElement$HashedModules
Event: 253.325 Loading class java/lang/StackTraceElement$HashedModules done
Event: 253.572 Loading class java/io/CharArrayReader
Event: 253.575 Loading class java/io/CharArrayReader done
Event: 259.697 Loading class java/util/concurrent/atomic/AtomicIntegerArray
Event: 259.698 Loading class java/util/concurrent/atomic/AtomicIntegerArray done
Event: 259.706 Loading class java/util/Currency
Event: 259.714 Loading class java/util/Currency done
Event: 259.770 Loading class java/util/concurrent/atomic/AtomicLongArray
Event: 259.771 Loading class java/util/concurrent/atomic/AtomicLongArray done
Event: 260.381 Loading class sun/reflect/generics/repository/FieldRepository
Event: 260.391 Loading class sun/reflect/generics/repository/FieldRepository done
Event: 260.548 Loading class jdk/internal/vm/annotation/ForceInline
Event: 260.550 Loading class jdk/internal/vm/annotation/ForceInline done
Event: 261.295 Loading class java/util/regex/Pattern$Caret
Event: 261.295 Loading class java/util/regex/Pattern$Caret done
Event: 262.718 Loading class java/util/zip/DataFormatException
Event: 262.719 Loading class java/util/zip/DataFormatException done

Classes unloaded (0 events):
No events

Classes redefined (0 events):
No events

Internal exceptions (20 events):
Event: 247.587 Thread 0x0000018c54805e10 Exception <a 'java/lang/ClassNotFoundException'{0x00000000c68919e0}: org/jetbrains/kotlin/gradle/targets/js/npm/DefaultNpmDependencyExtensionBeanInfo> (0x00000000c68919e0) 
thrown [s\src\hotspot\share\classfile\systemDictionary.cpp, line 313]
Event: 247.593 Thread 0x0000018c54805e10 Exception <a 'java/lang/ClassNotFoundException'{0x00000000c689ccd0}: org/jetbrains/kotlin/gradle/targets/js/npm/DefaultNpmDependencyExtensionCustomizer> (0x00000000c689ccd0) 
thrown [s\src\hotspot\share\classfile\systemDictionary.cpp, line 313]
Event: 247.613 Thread 0x0000018c54805e10 Exception <a 'java/lang/ClassNotFoundException'{0x00000000c672e558}: org/jetbrains/kotlin/gradle/targets/js/npm/NpmDependencyExtensionKt$defaultNpmDependencyDelegate$1BeanInfo> (0x00000000c672e558) 
thrown [s\src\hotspot\share\classfile\systemDictionary.cpp, line 313]
Event: 247.614 Thread 0x0000018c54805e10 Exception <a 'java/lang/ClassNotFoundException'{0x00000000c6739890}: org/jetbrains/kotlin/gradle/targets/js/npm/NpmDependencyExtensionDelegateBeanInfo> (0x00000000c6739890) 
thrown [s\src\hotspot\share\classfile\systemDictionary.cpp, line 313]
Event: 247.615 Thread 0x0000018c54805e10 Exception <a 'java/lang/ClassNotFoundException'{0x00000000c6744b90}: org/jetbrains/kotlin/gradle/targets/js/npm/NpmDependencyExtensionDelegateCustomizer> (0x00000000c6744b90) 
thrown [s\src\hotspot\share\classfile\systemDictionary.cpp, line 313]
Event: 247.618 Thread 0x0000018c54805e10 Exception <a 'java/lang/ClassNotFoundException'{0x00000000c6774030}: org/jetbrains/kotlin/gradle/targets/js/npm/NpmDependencyExtensionKt$defaultNpmDependencyDelegate$1Customizer> (0x00000000c6774030) 
thrown [s\src\hotspot\share\classfile\systemDictionary.cpp, line 313]
Event: 247.626 Thread 0x0000018c54805e10 Exception <a 'java/lang/ClassNotFoundException'{0x00000000c67b4cf8}: org/jetbrains/kotlin/gradle/targets/js/npm/DefaultDevNpmDependencyExtensionBeanInfo> (0x00000000c67b4cf8) 
thrown [s\src\hotspot\share\classfile\systemDictionary.cpp, line 313]
Event: 247.627 Thread 0x0000018c54805e10 Exception <a 'java/lang/ClassNotFoundException'{0x00000000c67c0000}: org/jetbrains/kotlin/gradle/targets/js/npm/DefaultDevNpmDependencyExtensionCustomizer> (0x00000000c67c0000) 
thrown [s\src\hotspot\share\classfile\systemDictionary.cpp, line 313]
Event: 247.658 Thread 0x0000018c54805e10 Exception <a 'java/lang/ClassNotFoundException'{0x00000000c660a480}: org/jetbrains/kotlin/gradle/targets/js/npm/DefaultPeerNpmDependencyExtensionBeanInfo> (0x00000000c660a480) 
thrown [s\src\hotspot\share\classfile\systemDictionary.cpp, line 313]
Event: 247.659 Thread 0x0000018c54805e10 Exception <a 'java/lang/ClassNotFoundException'{0x00000000c66157c8}: org/jetbrains/kotlin/gradle/targets/js/npm/DefaultPeerNpmDependencyExtensionCustomizer> (0x00000000c66157c8) 
thrown [s\src\hotspot\share\classfile\systemDictionary.cpp, line 313]
Event: 247.666 Thread 0x0000018c54805e10 Exception <a 'java/lang/ClassNotFoundException'{0x00000000c666ce60}: org/jetbrains/kotlin/gradle/targets/js/npm/DefaultPeerNpmDependencyExtension$delegate$1BeanInfo> (0x00000000c666ce60) 
thrown [s\src\hotspot\share\classfile\systemDictionary.cpp, line 313]
Event: 247.667 Thread 0x0000018c54805e10 Exception <a 'java/lang/ClassNotFoundException'{0x00000000c6678420}: org/jetbrains/kotlin/gradle/targets/js/npm/DefaultPeerNpmDependencyExtension$delegate$1Customizer> (0x00000000c6678420) 
thrown [s\src\hotspot\share\classfile\systemDictionary.cpp, line 313]
Event: 247.839 Thread 0x0000018c54805e10 Exception <a 'java/lang/NoSuchMethodError'{0x00000000c6421968}: 'java.lang.Object java.lang.invoke.DirectMethodHandle$Holder.invokeStaticInit(java.lang.Object, int)'> (0x00000000c6421968) 
thrown [s\src\hotspot\share\interpreter\linkResolver.cpp, line 773]
Event: 247.847 Thread 0x0000018c54805e10 Exception <a 'java/lang/NoSuchMethodError'{0x00000000c642e880}: 'java.lang.Object java.lang.invoke.DirectMethodHandle$Holder.invokeStatic(java.lang.Object, int, java.lang.Object)'> (0x00000000c642e880) 
thrown [s\src\hotspot\share\interpreter\linkResolver.cpp, line 773]
Event: 247.847 Thread 0x0000018c54805e10 Exception <a 'java/lang/NoSuchMethodError'{0x00000000c6432e48}: 'java.lang.Object java.lang.invoke.DirectMethodHandle$Holder.invokeStaticInit(java.lang.Object, int, java.lang.Object)'> (0x00000000c6432e48) 
thrown [s\src\hotspot\share\interpreter\linkResolver.cpp, line 773]
Event: 253.897 Thread 0x0000018c54805e10 Implicit null exception at 0x0000018c07d65aa1 to 0x0000018c07d65ce2
Event: 256.459 Thread 0x0000018c54805e10 Exception <a 'java/lang/NoSuchMethodError'{0x00000000c76afde8}: 'java.lang.Object java.lang.invoke.DirectMethodHandle$Holder.newInvokeSpecial(java.lang.Object, java.lang.Object, java.lang.Object, java.lang.Object, java.lang.Object, java.lang.Object, java.lang.Object, java.lang.Object, java.lang.Object, java.lang.Object, java.lang.Object, java.lang.Object, java.lang.Object, java.lang.Object)'> (0x00000000c76afde8) 
thrown [s\src\hotspot\share\interpreter\linkResolver.cpp, line 773]
Event: 260.560 Thread 0x0000018c54805e10 Exception <a 'java/lang/NoSuchMethodError'{0x00000000c6024620}: 'void java.lang.invoke.Invokers$Holder.invokeExact_MT(java.lang.Object, java.lang.Object, java.lang.Object, java.lang.Object)'> (0x00000000c6024620) 
thrown [s\src\hotspot\share\interpreter\linkResolver.cpp, line 773]
Event: 262.718 Thread 0x0000018c54805e10 Exception <a 'java/io/IOException'{0x00000000c740efb8}> (0x00000000c740efb8) 
thrown [s\src\hotspot\share\prims\jni.cpp, line 520]
Event: 262.733 Thread 0x0000018c54805e10 Exception <a 'java/lang/NoClassDefFoundError'{0x00000000c74132e0}: com/android/build/gradle/tasks/MapSourceSetPathsTask> (0x00000000c74132e0) 
thrown [s\src\hotspot\share\classfile\systemDictionary.cpp, line 302]

ZGC Phase Switch (0 events):
No events

VM Operations (20 events):
Event: 255.002 Executing safepoint VM operation: G1PauseCleanup
Event: 255.003 Executing safepoint VM operation: G1PauseCleanup done
Event: 255.532 Executing non-safepoint VM operation: HandshakeAllThreads (Deoptimize)
Event: 255.533 Executing non-safepoint VM operation: HandshakeAllThreads (Deoptimize) done
Event: 256.544 Executing safepoint VM operation: Cleanup
Event: 256.545 Executing safepoint VM operation: Cleanup done
Event: 257.546 Executing safepoint VM operation: Cleanup
Event: 257.562 Executing safepoint VM operation: Cleanup done
Event: 258.567 Executing safepoint VM operation: Cleanup
Event: 258.567 Executing safepoint VM operation: Cleanup done
Event: 259.573 Executing safepoint VM operation: Cleanup
Event: 259.573 Executing safepoint VM operation: Cleanup done
Event: 260.580 Executing safepoint VM operation: Cleanup
Event: 260.581 Executing safepoint VM operation: Cleanup done
Event: 261.005 Executing safepoint VM operation: G1CollectForAllocation (G1 Evacuation Pause)
Event: 261.022 Executing safepoint VM operation: G1CollectForAllocation (G1 Evacuation Pause) done
Event: 262.030 Executing safepoint VM operation: Cleanup
Event: 262.031 Executing safepoint VM operation: Cleanup done
Event: 262.773 Executing non-safepoint VM operation: HandshakeAllThreads (Deoptimize)
Event: 262.773 Executing non-safepoint VM operation: HandshakeAllThreads (Deoptimize) done

Memory protections (0 events):
No events

Nmethod flushes (20 events):
Event: 254.967 Thread 0x0000018c7bb3e1a0 flushing  nmethod 0x0000018c07f72b10
Event: 254.967 Thread 0x0000018c7bb3e1a0 flushing  nmethod 0x0000018c00726510
Event: 254.967 Thread 0x0000018c7bb3e1a0 flushing  nmethod 0x0000018c00726c90
Event: 254.967 Thread 0x0000018c7bb3e1a0 flushing  nmethod 0x0000018c0072b710
Event: 254.967 Thread 0x0000018c7bb3e1a0 flushing  nmethod 0x0000018c00bec210
Event: 254.967 Thread 0x0000018c7bb3e1a0 flushing  nmethod 0x0000018c00becf10
Event: 254.967 Thread 0x0000018c7bb3e1a0 flushing  nmethod 0x0000018c00e47790
Event: 254.967 Thread 0x0000018c7bb3e1a0 flushing  nmethod 0x0000018c07b6f690
Event: 254.967 Thread 0x0000018c7bb3e1a0 flushing  nmethod 0x0000018c07d6be90
Event: 254.967 Thread 0x0000018c7bb3e1a0 flushing  nmethod 0x0000018c07d71610
Event: 254.967 Thread 0x0000018c7bb3e1a0 flushing  nmethod 0x0000018c07fce490
Event: 254.967 Thread 0x0000018c7bb3e1a0 flushing  nmethod 0x0000018c07fce810
Event: 254.967 Thread 0x0000018c7bb3e1a0 flushing  nmethod 0x0000018c0021f410
Event: 254.967 Thread 0x0000018c7bb3e1a0 flushing  nmethod 0x0000018c00345710
Event: 254.967 Thread 0x0000018c7bb3e1a0 flushing  nmethod 0x0000018c0054a910
Event: 254.967 Thread 0x0000018c7bb3e1a0 flushing  nmethod 0x0000018c00689f90
Event: 254.967 Thread 0x0000018c7bb3e1a0 flushing  nmethod 0x0000018c006e4890
Event: 254.967 Thread 0x0000018c7bb3e1a0 flushing  nmethod 0x0000018c0084d510
Event: 254.967 Thread 0x0000018c7bb3e1a0 flushing  nmethod 0x0000018c008ab510
Event: 254.967 Thread 0x0000018c7bb3e1a0 flushing  nmethod 0x0000018c008b3090

Events (20 events):
Event: 202.651 Thread 0x0000018c54805e10 Thread added: 0x0000018c56989740
Event: 202.661 Thread 0x0000018c54805e10 Thread added: 0x0000018c56989dd0
Event: 202.667 Thread 0x0000018c54805e10 Thread added: 0x0000018c56986fe0
Event: 202.671 Thread 0x0000018c54805e10 Thread added: 0x0000018c56988a20
Event: 202.673 Thread 0x0000018c54805e10 Thread added: 0x0000018c56987670
Event: 202.674 Thread 0x0000018c54805e10 Thread added: 0x0000018c56987d00
Event: 205.475 Thread 0x0000018c54805e10 Thread added: 0x0000018c569890b0
Event: 205.567 Thread 0x0000018c54805e10 Thread added: 0x0000018c56986950
Event: 205.693 Thread 0x0000018c54805e10 Thread added: 0x0000018c56988390
Event: 205.714 Thread 0x0000018c54805e10 Thread added: 0x0000018c5869d330
Event: 205.889 Thread 0x0000018c54805e10 Thread added: 0x0000018c5869cca0
Event: 205.909 Thread 0x0000018c54805e10 Thread added: 0x0000018c5869e6e0
Event: 205.930 Thread 0x0000018c54805e10 Thread added: 0x0000018c5869d9c0
Event: 205.952 Thread 0x0000018c54805e10 Thread added: 0x0000018c5869bf80
Event: 205.964 Thread 0x0000018c54805e10 Thread added: 0x0000018c5869ed70
Event: 205.974 Thread 0x0000018c54805e10 Thread added: 0x0000018c5869b8f0
Event: 205.976 Thread 0x0000018c54805e10 Thread added: 0x0000018c5869f400
Event: 224.453 Thread 0x0000018c54805e10 Thread added: 0x0000018c5869e050
Event: 243.296 Thread 0x0000018c54805e10 Thread added: 0x0000018c586a14d0
Event: 253.876 Thread 0x0000018c54805e10 Thread added: 0x0000018c586a1b60


Dynamic libraries:
0x00007ff68b060000 - 0x00007ff68b06e000 	C:\Users\LENOVO\.antigravity-ide\extensions\redhat.java-1.56.0-win32-x64\jre\21.0.12.1-win32-x86_64\bin\java.exe
0x00007ffba7f40000 - 0x00007ffba81a7000 	C:\WINDOWS\SYSTEM32\ntdll.dll
0x00007ffba6070000 - 0x00007ffba613b000 	C:\WINDOWS\System32\KERNEL32.DLL
0x00007ffba5490000 - 0x00007ffba5892000 	C:\WINDOWS\System32\KERNELBASE.dll
0x00007ffba5140000 - 0x00007ffba528c000 	C:\WINDOWS\System32\ucrtbase.dll
0x00007ffb98210000 - 0x00007ffb98228000 	C:\Users\LENOVO\.antigravity-ide\extensions\redhat.java-1.56.0-win32-x64\jre\21.0.12.1-win32-x86_64\bin\jli.dll
0x00007ffba5e00000 - 0x00007ffba5fcf000 	C:\WINDOWS\System32\USER32.dll
0x00007ffba59e0000 - 0x00007ffba5a07000 	C:\WINDOWS\System32\win32u.dll
0x00007ffba5d80000 - 0x00007ffba5dab000 	C:\WINDOWS\System32\GDI32.dll
0x00007ffba52a0000 - 0x00007ffba53c9000 	C:\WINDOWS\System32\gdi32full.dll
0x00007ffba5930000 - 0x00007ffba59d3000 	C:\WINDOWS\System32\msvcp_win.dll
0x00007ffb97910000 - 0x00007ffb9792e000 	C:\Users\LENOVO\.antigravity-ide\extensions\redhat.java-1.56.0-win32-x64\jre\21.0.12.1-win32-x86_64\bin\VCRUNTIME140.dll
0x00007ffb8ec40000 - 0x00007ffb8eed0000 	C:\WINDOWS\WinSxS\amd64_microsoft.windows.common-controls_6595b64144ccf1df_6.0.26100.9278_none_3e0d1ba8e3303201\COMCTL32.dll
0x00007ffba6840000 - 0x00007ffba68e9000 	C:\WINDOWS\System32\msvcrt.dll
0x00007ffba5dc0000 - 0x00007ffba5df1000 	C:\WINDOWS\System32\IMM32.DLL
0x00007ffb98200000 - 0x00007ffb9820c000 	C:\Users\LENOVO\.antigravity-ide\extensions\redhat.java-1.56.0-win32-x64\jre\21.0.12.1-win32-x86_64\bin\vcruntime140_1.dll
0x00007ffb763b0000 - 0x00007ffb7643d000 	C:\Users\LENOVO\.antigravity-ide\extensions\redhat.java-1.56.0-win32-x64\jre\21.0.12.1-win32-x86_64\bin\msvcp140.dll
0x00007ffb366c0000 - 0x00007ffb37462000 	C:\Users\LENOVO\.antigravity-ide\extensions\redhat.java-1.56.0-win32-x64\jre\21.0.12.1-win32-x86_64\bin\server\jvm.dll
0x00007ffba66f0000 - 0x00007ffba67ac000 	C:\WINDOWS\System32\ADVAPI32.dll
0x00007ffba7e30000 - 0x00007ffba7ed9000 	C:\WINDOWS\System32\sechost.dll
0x00007ffba5c60000 - 0x00007ffba5d78000 	C:\WINDOWS\System32\RPCRT4.dll
0x00007ffba7090000 - 0x00007ffba7110000 	C:\WINDOWS\System32\WS2_32.dll
0x00007ffba4f90000 - 0x00007ffba4fee000 	C:\WINDOWS\SYSTEM32\POWRPROF.dll
0x00007ffb983b0000 - 0x00007ffb983e6000 	C:\WINDOWS\SYSTEM32\WINMM.dll
0x00007ffb93ff0000 - 0x00007ffb93ffb000 	C:\WINDOWS\SYSTEM32\VERSION.dll
0x00007ffba4f70000 - 0x00007ffba4f85000 	C:\WINDOWS\SYSTEM32\UMPDC.dll
0x00007ffba3dd0000 - 0x00007ffba3deb000 	C:\WINDOWS\SYSTEM32\kernel.appcore.dll
0x00007ffb97640000 - 0x00007ffb9764a000 	C:\Users\LENOVO\.antigravity-ide\extensions\redhat.java-1.56.0-win32-x64\jre\21.0.12.1-win32-x86_64\bin\jimage.dll
0x00007ffba2480000 - 0x00007ffba26cc000 	C:\WINDOWS\SYSTEM32\DBGHELP.DLL
0x00007ffba7950000 - 0x00007ffba7cd5000 	C:\WINDOWS\System32\combase.dll
0x00007ffba62c0000 - 0x00007ffba6399000 	C:\WINDOWS\System32\OLEAUT32.dll
0x00007ffb8c4f0000 - 0x00007ffb8c52b000 	C:\WINDOWS\SYSTEM32\dbgcore.DLL
0x00007ffba5a10000 - 0x00007ffba5abc000 	C:\WINDOWS\System32\bcryptPrimitives.dll
0x00007ffb87510000 - 0x00007ffb8751f000 	C:\Users\LENOVO\.antigravity-ide\extensions\redhat.java-1.56.0-win32-x64\jre\21.0.12.1-win32-x86_64\bin\instrument.dll
0x00007ffb77ba0000 - 0x00007ffb77bc0000 	C:\Users\LENOVO\.antigravity-ide\extensions\redhat.java-1.56.0-win32-x64\jre\21.0.12.1-win32-x86_64\bin\java.dll
0x00007ffba68f0000 - 0x00007ffba7088000 	C:\WINDOWS\System32\SHELL32.dll
0x00007ffba2b60000 - 0x00007ffba340e000 	C:\WINDOWS\SYSTEM32\windows.storage.dll
0x00007ffba7d30000 - 0x00007ffba7e2b000 	C:\WINDOWS\System32\SHCORE.dll
0x00007ffba67d0000 - 0x00007ffba6836000 	C:\WINDOWS\System32\shlwapi.dll
0x00007ffba5060000 - 0x00007ffba5089000 	C:\WINDOWS\SYSTEM32\profapi.dll
0x00007ffb77b80000 - 0x00007ffb77b98000 	C:\Users\LENOVO\.antigravity-ide\extensions\redhat.java-1.56.0-win32-x64\jre\21.0.12.1-win32-x86_64\bin\zip.dll
0x00007ffb97630000 - 0x00007ffb97640000 	C:\Users\LENOVO\.antigravity-ide\extensions\redhat.java-1.56.0-win32-x64\jre\21.0.12.1-win32-x86_64\bin\net.dll
0x00007ffb9d7d0000 - 0x00007ffb9d8fa000 	C:\WINDOWS\SYSTEM32\WINHTTP.dll
0x00007ffba4370000 - 0x00007ffba43dc000 	C:\WINDOWS\system32\mswsock.dll
0x00007ffb759a0000 - 0x00007ffb759b6000 	C:\Users\LENOVO\.antigravity-ide\extensions\redhat.java-1.56.0-win32-x64\jre\21.0.12.1-win32-x86_64\bin\nio.dll
0x00007ffb87520000 - 0x00007ffb87530000 	C:\Users\LENOVO\.antigravity-ide\extensions\redhat.java-1.56.0-win32-x64\jre\21.0.12.1-win32-x86_64\bin\verify.dll
0x00007ffb75970000 - 0x00007ffb75997000 	C:\Users\LENOVO\.gradle\native\1def1411415f61bf3af743bc5b6707747c0891f09f0c88961ee8f79bc544acac\windows-amd64\native-platform.dll
0x00007ffb39e90000 - 0x00007ffb39f08000 	C:\Users\LENOVO\.gradle\native\0.2.7\x86_64-windows-gnu\gradle-fileevents.dll
0x00007ffb865b0000 - 0x00007ffb865ba000 	C:\Users\LENOVO\.antigravity-ide\extensions\redhat.java-1.56.0-win32-x64\jre\21.0.12.1-win32-x86_64\bin\management.dll
0x00007ffb7a950000 - 0x00007ffb7a95c000 	C:\Users\LENOVO\.antigravity-ide\extensions\redhat.java-1.56.0-win32-x64\jre\21.0.12.1-win32-x86_64\bin\management_ext.dll
0x00007ffba5db0000 - 0x00007ffba5db8000 	C:\WINDOWS\System32\PSAPI.DLL
0x00007ffba3780000 - 0x00007ffba37b3000 	C:\WINDOWS\SYSTEM32\IPHLPAPI.DLL
0x00007ffba7120000 - 0x00007ffba712a000 	C:\WINDOWS\System32\NSI.dll
0x00007ffb7a900000 - 0x00007ffb7a909000 	C:\Users\LENOVO\.antigravity-ide\extensions\redhat.java-1.56.0-win32-x64\jre\21.0.12.1-win32-x86_64\bin\extnet.dll
0x00007ffba4790000 - 0x00007ffba47ab000 	C:\WINDOWS\SYSTEM32\CRYPTSP.dll
0x00007ffba3d30000 - 0x00007ffba3d69000 	C:\WINDOWS\system32\rsaenh.dll
0x00007ffba4420000 - 0x00007ffba4454000 	C:\WINDOWS\SYSTEM32\USERENV.dll
0x00007ffba5030000 - 0x00007ffba505a000 	C:\WINDOWS\SYSTEM32\bcrypt.dll
0x00007ffba45d0000 - 0x00007ffba45dc000 	C:\WINDOWS\SYSTEM32\CRYPTBASE.dll
0x00007ffb47f00000 - 0x00007ffb47f0e000 	C:\Users\LENOVO\.antigravity-ide\extensions\redhat.java-1.56.0-win32-x64\jre\21.0.12.1-win32-x86_64\bin\sunmscapi.dll
0x00007ffba5ad0000 - 0x00007ffba5c4e000 	C:\WINDOWS\System32\CRYPT32.dll
0x00007ffba4900000 - 0x00007ffba4930000 	C:\WINDOWS\SYSTEM32\ncrypt.dll
0x00007ffba48b0000 - 0x00007ffba48ef000 	C:\WINDOWS\SYSTEM32\NTASN1.dll
0x00007ffb66b40000 - 0x00007ffb66b48000 	C:\WINDOWS\system32\wshunix.dll

JVMTI agents:
C:\Users\LENOVO\.gradle\wrapper\dists\gradle-8.14-bin\38aieal9i53h9rfe7vjup95b9\gradle-8.14\lib\agents\gradle-instrumentation-agent-8.14.jar path:C:\Users\LENOVO\.antigravity-ide\extensions\redhat.java-1.56.0-win32-x64\jre\21.0.12.1-win32-x86_64\bin\instrument.dll, loaded, initialized, instrumentlib options:none

dbghelp: loaded successfully - version: 4.0.5 - missing functions: none
symbol engine: initialized successfully - sym options: 0x614 - pdb path: .;C:\Users\LENOVO\.antigravity-ide\extensions\redhat.java-1.56.0-win32-x64\jre\21.0.12.1-win32-x86_64\bin;C:\WINDOWS\SYSTEM32;C:\WINDOWS\WinSxS\amd64_microsoft.windows.common-controls_6595b64144ccf1df_6.0.26100.9278_none_3e0d1ba8e3303201;C:\Users\LENOVO\.antigravity-ide\extensions\redhat.java-1.56.0-win32-x64\jre\21.0.12.1-win32-x86_64\bin\server;C:\Users\LENOVO\.gradle\native\1def1411415f61bf3af743bc5b6707747c0891f09f0c88961ee8f79bc544acac\windows-amd64;C:\Users\LENOVO\.gradle\native\0.2.7\x86_64-windows-gnu

VM Arguments:
jvm_args: --add-opens=java.base/java.lang=ALL-UNNAMED --add-opens=java.base/java.lang.invoke=ALL-UNNAMED --add-opens=java.base/java.util=ALL-UNNAMED --add-opens=java.prefs/java.util.prefs=ALL-UNNAMED --add-exports=jdk.compiler/com.sun.tools.javac.api=ALL-UNNAMED --add-exports=jdk.compiler/com.sun.tools.javac.util=ALL-UNNAMED --add-opens=java.base/java.util=ALL-UNNAMED --add-opens=java.prefs/java.util.prefs=ALL-UNNAMED --add-opens=java.base/java.nio.charset=ALL-UNNAMED --add-opens=java.base/java.net=ALL-UNNAMED --add-opens=java.base/java.util.concurrent.atomic=ALL-UNNAMED --add-opens=java.xml/javax.xml.namespace=ALL-UNNAMED -Xmx1024m -Dfile.encoding=UTF-8 -Duser.country=US -Duser.language=en -Duser.variant -javaagent:C:\Users\LENOVO\.gradle\wrapper\dists\gradle-8.14-bin\38aieal9i53h9rfe7vjup95b9\gradle-8.14\lib\agents\gradle-instrumentation-agent-8.14.jar 
java_command: org.gradle.launcher.daemon.bootstrap.GradleDaemon 8.14
java_class_path (initial): C:\Users\LENOVO\.gradle\wrapper\dists\gradle-8.14-bin\38aieal9i53h9rfe7vjup95b9\gradle-8.14\lib\gradle-daemon-main-8.14.jar
Launcher Type: SUN_STANDARD

[Global flags]
     intx CICompilerCount                          = 4                                         {product} {ergonomic}
     uint ConcGCThreads                            = 2                                         {product} {ergonomic}
     uint G1ConcRefinementThreads                  = 8                                         {product} {ergonomic}
   size_t G1HeapRegionSize                         = 1048576                                   {product} {ergonomic}
    uintx GCDrainStackTargetSize                   = 64                                        {product} {ergonomic}
   size_t InitialHeapSize                          = 98566144                                  {product} {ergonomic}
   size_t MarkStackSize                            = 4194304                                   {product} {ergonomic}
   size_t MaxHeapSize                              = 1073741824                                {product} {command line}
   size_t MaxNewSize                               = 643825664                                 {product} {ergonomic}
   size_t MinHeapDeltaBytes                        = 1048576                                   {product} {ergonomic}
   size_t MinHeapSize                              = 8388608                                   {product} {ergonomic}
    uintx NonNMethodCodeHeapSize                   = 5839372                                {pd product} {ergonomic}
    uintx NonProfiledCodeHeapSize                  = 122909434                              {pd product} {ergonomic}
    uintx ProfiledCodeHeapSize                     = 122909434                              {pd product} {ergonomic}
    uintx ReservedCodeCacheSize                    = 251658240                              {pd product} {ergonomic}
     bool SegmentedCodeCache                       = true                                      {product} {ergonomic}
   size_t SoftMaxHeapSize                          = 1073741824                             {manageable} {ergonomic}
     bool UseCompressedOops                        = true                           {product lp64_product} {ergonomic}
     bool UseG1GC                                  = true                                      {product} {ergonomic}
     bool UseLargePagesIndividualAllocation        = false                                  {pd product} {ergonomic}

Logging:
Log output configuration:
 #0: stdout all=warning uptime,level,tags foldmultilines=false
 #1: stderr all=off uptime,level,tags foldmultilines=false

Release file:
JAVA_VERSION="21.0.12.1" 
MODULES="java.base java.compiler java.datatransfer java.xml java.prefs java.desktop java.instrument java.logging java.management java.security.sasl java.naming java.rmi java.management.rmi java.net.http java.scripting java.security.jgss java.transaction.xa java.sql java.sql.rowset java.xml.crypto java.se java.smartcardio jdk.accessibility jdk.internal.jvmstat jdk.attach jdk.charsets jdk.internal.opt jdk.zipfs jdk.compiler jdk.crypto.ec jdk.crypto.cryptoki jdk.crypto.mscapi jdk.dynalink jdk.internal.ed jdk.editpad jdk.hotspot.agent jdk.httpserver jdk.internal.le jdk.internal.vm.ci jdk.internal.vm.compiler jdk.internal.vm.compiler.management jdk.jartool jdk.javadoc jdk.jcmd jdk.management jdk.management.agent jdk.jconsole jdk.jdeps jdk.jdwp.agent jdk.jdi jdk.jfr jdk.jshell jdk.jsobject jdk.jstatd jdk.localedata jdk.management.jfr jdk.naming.dns jdk.naming.rmi jdk.net jdk.nio.mapmode jdk.random jdk.sctp jdk.security.auth jdk.security.jgss jdk.unsupported jdk.unsupported.desktop jdk.xml.dom" 

Environment Variables:
JAVA_HOME=C:\Program Files\Android\Android Studio\jbr
PATH=C:\WINDOWS\system32;C:\WINDOWS;C:\WINDOWS\System32\Wbem;C:\WINDOWS\System32\WindowsPowerShell\v1.0\;C:\WINDOWS\System32\OpenSSH\;C:\Program Files\Docker\Docker\resources\bin;C:\Program Files\nodejs\;C:\Program Files\Git\cmd;C:\Users\LENOVO\AppData\Local\Programs\Python\Python312\Scripts\;C:\Users\LENOVO\AppData\Local\Programs\Python\Python312\;C:\Users\LENOVO\AppData\Local\Programs\Python\Launcher\;C:\Users\LENOVO\AppData\Local\Programs\Python\Python314\Scripts\;C:\Users\LENOVO\AppData\Local\Programs\Python\Python314\;C:\Users\LENOVO\AppData\Local\Microsoft\WindowsApps;C:\Users\LENOVO\AppData\Local\Programs\Antigravity\bin;C:\Users\LENOVO\AppData\Roaming\npm;C:\ScrcpyLauncher by praveen;C:\Users\LENOVO\AppData\Local\PowerToys\DSCModules\;C:\Users\LENOVO\AppData\Local\Programs\Antigravity IDE\bin
USERNAME=LENOVO
OS=Windows_NT
PROCESSOR_IDENTIFIER=AMD64 Family 23 Model 160 Stepping 0, AuthenticAMD
TMP=C:\Users\LENOVO\AppData\Local\Temp
TEMP=C:\Users\LENOVO\AppData\Local\Temp




Periodic native trim disabled

---------------  S Y S T E M  ---------------

OS:
 Windows 11 , 64 bit Build 26100 (10.0.26100.9444)
OS uptime: 8 days 1:48 hours
Hyper-V role detected

CPU: total 8 (initial active 8) (8 cores per cpu, 2 threads per core) family 23 model 160 stepping 0 microcode 0x8a0000a, cx8, cmov, fxsr, ht, mmx, 3dnowpref, sse, sse2, sse3, ssse3, sse4a, sse4.1, sse4.2, popcnt, lzcnt, tsc, tscinvbit, avx, avx2, aes, clmul, bmi1, bmi2, adx, sha, fma, vzeroupper, clflush, clflushopt, hv, rdtscp, rdpid, f16c
Processor Information for the first 8 processors :
  Max Mhz: 2401, Current Mhz: 2401, Mhz Limit: 2401

Memory: 4k page, system-wide physical 5965M (380M free)
TotalPageFile size 24397M (AvailPageFile size 2M)
current process WorkingSet (physical memory assigned to process): 180M, peak: 263M
current process commit charge ("private bytes"): 409M, peak: 410M

vm_info: OpenJDK 64-Bit Server VM (21.0.12.1+1-LTS) for windows-amd64 JRE (21.0.12.1+1-LTS), built on 2026-08-18T00:00:00Z by "admin" with MS VC++ 17.12 (VS2022)

END.
