#
# There is insufficient memory for the Java Runtime Environment to continue.
# Native memory allocation (malloc) failed to allocate 69096 bytes. Error detail: Chunk::new
# Possible reasons:
#   The system is out of physical RAM or swap space
#   This process is running with CompressedOops enabled, and the Java Heap may be blocking the growth of the native heap
# Possible solutions:
#   Reduce memory load on the system
#   Increase physical memory or swap space
#   Check if swap backing store is full
#   Decrease Java heap size (-Xmx/-Xms)
#   Decrease number of Java threads
#   Decrease Java thread stack sizes (-Xss)
#   Set larger code cache with -XX:ReservedCodeCacheSize=
#   JVM is running with Unscaled Compressed Oops mode in which the Java heap is
#     placed in the first 4GB address space. The Java Heap base address is the
#     maximum limit for the native heap growth. Please use -XX:HeapBaseMinAddress
#     to set the Java Heap base and to place the Java Heap above 4GB virtual address.
# This output file may be truncated or incomplete.
#
#  Out of Memory Error (arena.cpp:168), pid=29356, tid=21628
#
# JRE version: OpenJDK Runtime Environment Temurin-21.0.12.1+1 (21.0.12.1+1) (build 21.0.12.1+1-LTS)
# Java VM: OpenJDK 64-Bit Server VM Temurin-21.0.12.1+1 (21.0.12.1+1-LTS, mixed mode, sharing, tiered, compressed oops, compressed class ptrs, g1 gc, windows-amd64)
# No core dump will be written. Minidumps are not enabled by default on client versions of Windows
#

---------------  S U M M A R Y ------------

Command Line: --add-opens=java.base/java.lang=ALL-UNNAMED --add-opens=java.base/java.lang.invoke=ALL-UNNAMED --add-opens=java.base/java.util=ALL-UNNAMED --add-opens=java.prefs/java.util.prefs=ALL-UNNAMED --add-exports=jdk.compiler/com.sun.tools.javac.api=ALL-UNNAMED --add-exports=jdk.compiler/com.sun.tools.javac.util=ALL-UNNAMED --add-opens=java.base/java.util=ALL-UNNAMED --add-opens=java.prefs/java.util.prefs=ALL-UNNAMED --add-opens=java.base/java.nio.charset=ALL-UNNAMED --add-opens=java.base/java.net=ALL-UNNAMED --add-opens=java.base/java.util.concurrent.atomic=ALL-UNNAMED --add-opens=java.xml/javax.xml.namespace=ALL-UNNAMED -Xmx1024m -Dfile.encoding=UTF-8 -Duser.country=US -Duser.language=en -Duser.variant -javaagent:C:\Users\LENOVO\.gradle\wrapper\dists\gradle-8.14-bin\38aieal9i53h9rfe7vjup95b9\gradle-8.14\lib\agents\gradle-instrumentation-agent-8.14.jar org.gradle.launcher.daemon.bootstrap.GradleDaemon 8.14

Host: AMD Ryzen 3 7320U with Radeon Graphics         , 8 cores, 5G,  Windows 11 , 64 bit Build 26100 (10.0.26100.9444)
Time: Fri Oct  2 21:25:17 2026 Nepal Standard Time elapsed time: 180.769471 seconds (0d 0h 3m 0s)

---------------  T H R E A D  ---------------

Current thread (0x000002c076e20b50):  JavaThread "C2 CompilerThread0" daemon [_thread_in_native, id=21628, stack(0x000000e88f400000,0x000000e88f500000) (1024K)]


Current CompileTask:
C2:180769 5218       4       java.lang.invoke.InvokerBytecodeGenerator::addMethod (725 bytes)

Stack: [0x000000e88f400000,0x000000e88f500000]
Native frames: (J=compiled Java code, j=interpreted, Vv=VM code, C=native code)
V  [jvm.dll+0x6d83e9]
V  [jvm.dll+0x8b5736]
V  [jvm.dll+0x8b7cee]
V  [jvm.dll+0x8b83d3]
V  [jvm.dll+0x284596]
V  [jvm.dll+0xc685d]
V  [jvm.dll+0xc6da1]
V  [jvm.dll+0x6fdd61]
V  [jvm.dll+0x24da2a]
V  [jvm.dll+0x24bbe6]
V  [jvm.dll+0x1cb4ae]
V  [jvm.dll+0x25baad]
V  [jvm.dll+0x25a03a]
V  [jvm.dll+0x3f8aae]
V  [jvm.dll+0x8600cd]
V  [jvm.dll+0x6d6c1d]
C  [ucrtbase.dll+0x2cd30]
C  [KERNEL32.DLL+0x2cd87]
C  [ntdll.dll+0xacaec]


---------------  P R O C E S S  ---------------

Threads class SMR info:
_java_thread_list=0x000002c07eb318a0, length=35, elements={
0x000002c060af0230, 0x000002c076e18f90, 0x000002c076e1a710, 0x000002c076e1dea0,
0x000002c076e1e900, 0x000002c076e1f360, 0x000002c076e1fdc0, 0x000002c076e20b50,
0x000002c076e383c0, 0x000002c07b1207f0, 0x000002c07b144ee0, 0x000002c07c9ef1a0,
0x000002c07bec8b20, 0x000002c07b212650, 0x000002c07b1a1800, 0x000002c07c0e03a0,
0x000002c076e81860, 0x000002c076e81ef0, 0x000002c076e82580, 0x000002c076e82c10,
0x000002c076e832a0, 0x000002c076e83930, 0x000002c076e83fc0, 0x000002c076e80b40,
0x000002c07c91f690, 0x000002c07c91dc50, 0x000002c07c91fd20, 0x000002c07c91e2e0,
0x000002c07c91f000, 0x000002c07c91cf30, 0x000002c07c921760, 0x000002c07c923830,
0x000002c07c921df0, 0x000002c07c922480, 0x000002c07c920a40
}

Java Threads: ( => current thread )
  0x000002c060af0230 JavaThread "main"                              [_thread_blocked, id=6484, stack(0x000000e88e600000,0x000000e88e700000) (1024K)]
  0x000002c076e18f90 JavaThread "Reference Handler"          daemon [_thread_blocked, id=14848, stack(0x000000e88ee00000,0x000000e88ef00000) (1024K)]
  0x000002c076e1a710 JavaThread "Finalizer"                  daemon [_thread_blocked, id=30700, stack(0x000000e88ef00000,0x000000e88f000000) (1024K)]
  0x000002c076e1dea0 JavaThread "Signal Dispatcher"          daemon [_thread_blocked, id=20836, stack(0x000000e88f000000,0x000000e88f100000) (1024K)]
  0x000002c076e1e900 JavaThread "Attach Listener"            daemon [_thread_blocked, id=17168, stack(0x000000e88f100000,0x000000e88f200000) (1024K)]
  0x000002c076e1f360 JavaThread "Service Thread"             daemon [_thread_blocked, id=3936, stack(0x000000e88f200000,0x000000e88f300000) (1024K)]
  0x000002c076e1fdc0 JavaThread "Monitor Deflation Thread"   daemon [_thread_blocked, id=20284, stack(0x000000e88f300000,0x000000e88f400000) (1024K)]
=>0x000002c076e20b50 JavaThread "C2 CompilerThread0"         daemon [_thread_in_native, id=21628, stack(0x000000e88f400000,0x000000e88f500000) (1024K)]
  0x000002c076e383c0 JavaThread "C1 CompilerThread0"         daemon [_thread_blocked, id=19220, stack(0x000000e88f500000,0x000000e88f600000) (1024K)]
  0x000002c07b1207f0 JavaThread "Common-Cleaner"             daemon [_thread_blocked, id=5740, stack(0x000000e88f600000,0x000000e88f700000) (1024K)]
  0x000002c07b144ee0 JavaThread "Notification Thread"        daemon [_thread_blocked, id=28900, stack(0x000000e88f700000,0x000000e88f800000) (1024K)]
  0x000002c07c9ef1a0 JavaThread "Daemon health stats"               [_thread_blocked, id=3476, stack(0x000000e88fc00000,0x000000e88fd00000) (1024K)]
  0x000002c07bec8b20 JavaThread "Incoming local TCP Connector on port 2249"        [_thread_in_native, id=17348, stack(0x000000e88fd00000,0x000000e88fe00000) (1024K)]
  0x000002c07b212650 JavaThread "Daemon periodic checks"            [_thread_blocked, id=3596, stack(0x000000e88fe00000,0x000000e88ff00000) (1024K)]
  0x000002c07b1a1800 JavaThread "Daemon"                            [_thread_blocked, id=25920, stack(0x000000e88ff00000,0x000000e890000000) (1024K)]
  0x000002c07c0e03a0 JavaThread "Handler for socket connection from /127.0.0.1:2249 to /127.0.0.1:2251"        [_thread_in_native, id=21424, stack(0x000000e890000000,0x000000e890100000) (1024K)]
  0x000002c076e81860 JavaThread "Cancel handler"                    [_thread_blocked, id=30896, stack(0x000000e890100000,0x000000e890200000) (1024K)]
  0x000002c076e81ef0 JavaThread "Daemon worker"                     [_thread_in_native, id=21292, stack(0x000000e890200000,0x000000e890300000) (1024K)]
  0x000002c076e82580 JavaThread "Asynchronous log dispatcher for DefaultDaemonConnection: socket connection from /127.0.0.1:2249 to /127.0.0.1:2251"        [_thread_blocked, id=25168, stack(0x000000e890300000,0x000000e890400000) (1024K)]
  0x000002c076e82c10 JavaThread "Stdin handler"                     [_thread_blocked, id=20904, stack(0x000000e890400000,0x000000e890500000) (1024K)]
  0x000002c076e832a0 JavaThread "Daemon client event forwarder"        [_thread_blocked, id=24172, stack(0x000000e890500000,0x000000e890600000) (1024K)]
  0x000002c076e83930 JavaThread "Cache worker for journal cache (C:\Users\LENOVO\.gradle\caches\journal-1)"        [_thread_blocked, id=29532, stack(0x000000e890900000,0x000000e890a00000) (1024K)]
  0x000002c076e83fc0 JavaThread "File lock request listener"        [_thread_in_native, id=18180, stack(0x000000e890a00000,0x000000e890b00000) (1024K)]
  0x000002c076e80b40 JavaThread "Cache worker for file hash cache (C:\Users\LENOVO\.gradle\caches\8.14\fileHashes)"        [_thread_blocked, id=6776, stack(0x000000e890b00000,0x000000e890c00000) (1024K)]
  0x000002c07c91f690 JavaThread "Cache worker for file hash cache (C:\Users\LENOVO\Desktop\HeliBoard-main\.gradle\8.14\fileHashes)"        [_thread_blocked, id=26668, stack(0x000000e88e500000,0x000000e88e600000) (1024K)]
  0x000002c07c91dc50 JavaThread "Cache worker for Build Output Cleanup Cache (C:\Users\LENOVO\Desktop\HeliBoard-main\.gradle\buildOutputCleanup)"        [_thread_blocked, id=6420, stack(0x000000e890d00000,0x000000e890e00000) (1024K)]
  0x000002c07c91fd20 JavaThread "File watcher server"        daemon [_thread_in_native, id=3740, stack(0x000000e890e00000,0x000000e890f00000) (1024K)]
  0x000002c07c91e2e0 JavaThread "File watcher consumer"      daemon [_thread_blocked, id=23408, stack(0x000000e890f00000,0x000000e891000000) (1024K)]
  0x000002c07c91f000 JavaThread "jar transforms"                    [_thread_blocked, id=29080, stack(0x000000e891000000,0x000000e891100000) (1024K)]
  0x000002c07c91cf30 JavaThread "File lock release action executor Thread 2"        [_thread_blocked, id=26812, stack(0x000000e890c00000,0x000000e890d00000) (1024K)]
  0x000002c07c921760 JavaThread "jar transforms Thread 2"           [_thread_blocked, id=30676, stack(0x000000e891100000,0x000000e891200000) (1024K)]
  0x000002c07c923830 JavaThread "Cache worker for checksums cache (C:\Users\LENOVO\Desktop\HeliBoard-main\.gradle\8.14\checksums)"        [_thread_blocked, id=1720, stack(0x000000e891200000,0x000000e891300000) (1024K)]
  0x000002c07c921df0 JavaThread "Cache worker for file content cache (C:\Users\LENOVO\.gradle\caches\8.14\fileContent)"        [_thread_blocked, id=13224, stack(0x000000e891300000,0x000000e891400000) (1024K)]
  0x000002c07c922480 JavaThread "Cache worker for cache directory md-supplier (C:\Users\LENOVO\.gradle\caches\8.14\md-supplier)"        [_thread_blocked, id=25044, stack(0x000000e891400000,0x000000e891500000) (1024K)]
  0x000002c07c920a40 JavaThread "Cache worker for cache directory md-rule (C:\Users\LENOVO\.gradle\caches\8.14\md-rule)"        [_thread_blocked, id=12932, stack(0x000000e891500000,0x000000e891600000) (1024K)]
Total: 35

Other Threads:
  0x000002c076df9690 VMThread "VM Thread"                           [id=20044, stack(0x000000e88ed00000,0x000000e88ee00000) (1024K)]
  0x000002c076de8fa0 WatcherThread "VM Periodic Task Thread"        [id=5804, stack(0x000000e88ec00000,0x000000e88ed00000) (1024K)]
  0x000002c060b288a0 WorkerThread "GC Thread#0"                     [id=13076, stack(0x000000e88e700000,0x000000e88e800000) (1024K)]
  0x000002c07b2ac700 WorkerThread "GC Thread#1"                     [id=29036, stack(0x000000e88f800000,0x000000e88f900000) (1024K)]
  0x000002c07b417540 WorkerThread "GC Thread#2"                     [id=12052, stack(0x000000e88f900000,0x000000e88fa00000) (1024K)]
  0x000002c07bdc9ff0 WorkerThread "GC Thread#3"                     [id=4224, stack(0x000000e88fa00000,0x000000e88fb00000) (1024K)]
  0x000002c07b0b91d0 WorkerThread "GC Thread#4"                     [id=16228, stack(0x000000e88fb00000,0x000000e88fc00000) (1024K)]
  0x000002c07caa3440 WorkerThread "GC Thread#5"                     [id=27328, stack(0x000000e890600000,0x000000e890700000) (1024K)]
  0x000002c07c987810 WorkerThread "GC Thread#6"                     [id=24076, stack(0x000000e890700000,0x000000e890800000) (1024K)]
  0x000002c07c987bc0 WorkerThread "GC Thread#7"                     [id=20440, stack(0x000000e890800000,0x000000e890900000) (1024K)]
  0x000002c060b31790 ConcurrentGCThread "G1 Main Marker"            [id=23000, stack(0x000000e88e800000,0x000000e88e900000) (1024K)]
  0x000002c060b331b0 WorkerThread "G1 Conc#0"                       [id=15696, stack(0x000000e88e900000,0x000000e88ea00000) (1024K)]
  0x000002c07ea49fd0 WorkerThread "G1 Conc#1"                       [id=27152, stack(0x000000e88e400000,0x000000e88e500000) (1024K)]
  0x000002c060ba4350 ConcurrentGCThread "G1 Refine#0"               [id=27260, stack(0x000000e88ea00000,0x000000e88eb00000) (1024K)]
  0x000002c076cc10a0 ConcurrentGCThread "G1 Service"                [id=18428, stack(0x000000e88eb00000,0x000000e88ec00000) (1024K)]
Total: 15

Threads with active compile tasks:
C2 CompilerThread0  180893 5218       4       java.lang.invoke.InvokerBytecodeGenerator::addMethod (725 bytes)
Total: 1

VM state: not at safepoint (normal execution)

VM Mutex/Monitor currently owned by a thread: None

Heap address: 0x00000000c0000000, size: 1024 MB, Compressed Oops mode: 32-bit

CDS archive(s) mapped at: [0x000002c000000000-0x000002c000ba0000-0x000002c000ba0000), size 12189696, SharedBaseAddress: 0x000002c000000000, ArchiveRelocationMode: 1.
Compressed class space mapped at: 0x000002c001000000-0x000002c041000000, reserved size: 1073741824
Narrow klass base: 0x000002c000000000, Narrow klass shift: 0, Narrow klass range: 0x100000000

GC Precious Log:
 CardTable entry size: 512
 Card Set container configuration: InlinePtr #cards 5 size 8 Array Of Cards #cards 12 size 40 Howl #buckets 4 coarsen threshold 1843 Howl Bitmap #cards 512 size 80 coarsen threshold 460 Card regions per heap region 1 cards per card region 2048
 CPUs: 8 total, 8 available
 Memory: 5965M
 Large Page Support: Disabled
 NUMA Support: Disabled
 Compressed Oops: Enabled (32-bit)
 Heap Region Size: 1M
 Heap Min Capacity: 8M
 Heap Initial Capacity: 94M
 Heap Max Capacity: 1G
 Pre-touch: Disabled
 Parallel Workers: 8
 Concurrent Workers: 2
 Concurrent Refinement Workers: 8
 Periodic GC: Disabled

Heap:
 garbage-first heap   total 98304K, used 64152K [0x00000000c0000000, 0x0000000100000000)
  region size 1024K, 32 young (32768K), 4 survivors (4096K)
 Metaspace       used 43219K, committed 44736K, reserved 1114112K
  class space    used 6211K, committed 6912K, reserved 1048576K

Heap Regions: E=young(eden), S=young(survivor), O=old, HS=humongous(starts), HC=humongous(continues), CS=collection set, F=free, TAMS=top-at-mark-start, PB=parsable bottom
|   0|0x00000000c0000000, 0x00000000c0100000, 0x00000000c0100000|100%|HS|  |TAMS 0x00000000c0000000| PB 0x00000000c0000000| Complete 
|   1|0x00000000c0100000, 0x00000000c0200000, 0x00000000c0200000|100%|HC|  |TAMS 0x00000000c0100000| PB 0x00000000c0100000| Complete 
|   2|0x00000000c0200000, 0x00000000c0300000, 0x00000000c0300000|100%|HC|  |TAMS 0x00000000c0200000| PB 0x00000000c0200000| Complete 
|   3|0x00000000c0300000, 0x00000000c0400000, 0x00000000c0400000|100%| O|  |TAMS 0x00000000c0300000| PB 0x00000000c0300000| Untracked 
|   4|0x00000000c0400000, 0x00000000c0500000, 0x00000000c0500000|100%| O|  |TAMS 0x00000000c0400000| PB 0x00000000c0400000| Untracked 
|   5|0x00000000c0500000, 0x00000000c0600000, 0x00000000c0600000|100%| O|  |TAMS 0x00000000c0500000| PB 0x00000000c0500000| Untracked 
|   6|0x00000000c0600000, 0x00000000c0700000, 0x00000000c0700000|100%|HS|  |TAMS 0x00000000c0600000| PB 0x00000000c0600000| Complete 
|   7|0x00000000c0700000, 0x00000000c0800000, 0x00000000c0800000|100%| O|  |TAMS 0x00000000c0700000| PB 0x00000000c0700000| Untracked 
|   8|0x00000000c0800000, 0x00000000c0900000, 0x00000000c0900000|100%| O|  |TAMS 0x00000000c0800000| PB 0x00000000c0800000| Untracked 
|   9|0x00000000c0900000, 0x00000000c0a00000, 0x00000000c0a00000|100%| O|  |TAMS 0x00000000c0900000| PB 0x00000000c0900000| Untracked 
|  10|0x00000000c0a00000, 0x00000000c0b00000, 0x00000000c0b00000|100%| O|  |TAMS 0x00000000c0a00000| PB 0x00000000c0a00000| Untracked 
|  11|0x00000000c0b00000, 0x00000000c0c00000, 0x00000000c0c00000|100%| O|  |TAMS 0x00000000c0b00000| PB 0x00000000c0b00000| Untracked 
|  12|0x00000000c0c00000, 0x00000000c0d00000, 0x00000000c0d00000|100%| O|  |TAMS 0x00000000c0c00000| PB 0x00000000c0c00000| Untracked 
|  13|0x00000000c0d00000, 0x00000000c0e00000, 0x00000000c0e00000|100%| O|  |TAMS 0x00000000c0d00000| PB 0x00000000c0d00000| Untracked 
|  14|0x00000000c0e00000, 0x00000000c0f00000, 0x00000000c0f00000|100%| O|  |TAMS 0x00000000c0e00000| PB 0x00000000c0e00000| Untracked 
|  15|0x00000000c0f00000, 0x00000000c1000000, 0x00000000c1000000|100%| O|  |TAMS 0x00000000c0f00000| PB 0x00000000c0f00000| Untracked 
|  16|0x00000000c1000000, 0x00000000c1100000, 0x00000000c1100000|100%| O|  |TAMS 0x00000000c1000000| PB 0x00000000c1000000| Untracked 
|  17|0x00000000c1100000, 0x00000000c1200000, 0x00000000c1200000|100%| O|  |TAMS 0x00000000c1100000| PB 0x00000000c1100000| Untracked 
|  18|0x00000000c1200000, 0x00000000c1300000, 0x00000000c1300000|100%| O|  |TAMS 0x00000000c1200000| PB 0x00000000c1200000| Untracked 
|  19|0x00000000c1300000, 0x00000000c1400000, 0x00000000c1400000|100%| O|  |TAMS 0x00000000c1300000| PB 0x00000000c1300000| Untracked 
|  20|0x00000000c1400000, 0x00000000c1500000, 0x00000000c1500000|100%| O|  |TAMS 0x00000000c1400000| PB 0x00000000c1400000| Untracked 
|  21|0x00000000c1500000, 0x00000000c1600000, 0x00000000c1600000|100%| O|  |TAMS 0x00000000c1500000| PB 0x00000000c1500000| Untracked 
|  22|0x00000000c1600000, 0x00000000c1700000, 0x00000000c1700000|100%| O|  |TAMS 0x00000000c1600000| PB 0x00000000c1600000| Untracked 
|  23|0x00000000c1700000, 0x00000000c1800000, 0x00000000c1800000|100%| O|  |TAMS 0x00000000c1700000| PB 0x00000000c1700000| Untracked 
|  24|0x00000000c1800000, 0x00000000c1900000, 0x00000000c1900000|100%| O|  |TAMS 0x00000000c1800000| PB 0x00000000c1800000| Untracked 
|  25|0x00000000c1900000, 0x00000000c1a00000, 0x00000000c1a00000|100%| O|Cm|TAMS 0x00000000c1900000| PB 0x00000000c1900000| Complete 
|  26|0x00000000c1a00000, 0x00000000c1b00000, 0x00000000c1b00000|100%| O|  |TAMS 0x00000000c1a00000| PB 0x00000000c1a00000| Untracked 
|  27|0x00000000c1b00000, 0x00000000c1c00000, 0x00000000c1c00000|100%| O|  |TAMS 0x00000000c1b00000| PB 0x00000000c1b00000| Untracked 
|  28|0x00000000c1c00000, 0x00000000c1d00000, 0x00000000c1d00000|100%| O|  |TAMS 0x00000000c1c00000| PB 0x00000000c1c00000| Untracked 
|  29|0x00000000c1d00000, 0x00000000c1e00000, 0x00000000c1e00000|100%| O|  |TAMS 0x00000000c1d00000| PB 0x00000000c1d00000| Untracked 
|  30|0x00000000c1e00000, 0x00000000c1eb0510, 0x00000000c1f00000| 68%| O|  |TAMS 0x00000000c1e00000| PB 0x00000000c1e00000| Untracked 
|  31|0x00000000c1f00000, 0x00000000c2000000, 0x00000000c2000000|100%|HS|  |TAMS 0x00000000c1f00000| PB 0x00000000c1f00000| Complete 
|  32|0x00000000c2000000, 0x00000000c2100000, 0x00000000c2100000|100%|HS|  |TAMS 0x00000000c2000000| PB 0x00000000c2000000| Complete 
|  33|0x00000000c2100000, 0x00000000c2100000, 0x00000000c2200000|  0%| F|  |TAMS 0x00000000c2100000| PB 0x00000000c2100000| Untracked 
|  34|0x00000000c2200000, 0x00000000c2200000, 0x00000000c2300000|  0%| F|  |TAMS 0x00000000c2200000| PB 0x00000000c2200000| Untracked 
|  35|0x00000000c2300000, 0x00000000c2300000, 0x00000000c2400000|  0%| F|  |TAMS 0x00000000c2300000| PB 0x00000000c2300000| Untracked 
|  36|0x00000000c2400000, 0x00000000c2400000, 0x00000000c2500000|  0%| F|  |TAMS 0x00000000c2400000| PB 0x00000000c2400000| Untracked 
|  37|0x00000000c2500000, 0x00000000c2500000, 0x00000000c2600000|  0%| F|  |TAMS 0x00000000c2500000| PB 0x00000000c2500000| Untracked 
|  38|0x00000000c2600000, 0x00000000c26f5d20, 0x00000000c2700000| 96%| S|CS|TAMS 0x00000000c2600000| PB 0x00000000c2600000| Complete 
|  39|0x00000000c2700000, 0x00000000c2800000, 0x00000000c2800000|100%| S|CS|TAMS 0x00000000c2700000| PB 0x00000000c2700000| Complete 
|  40|0x00000000c2800000, 0x00000000c2900000, 0x00000000c2900000|100%| S|CS|TAMS 0x00000000c2800000| PB 0x00000000c2800000| Complete 
|  41|0x00000000c2900000, 0x00000000c2a00000, 0x00000000c2a00000|100%| S|CS|TAMS 0x00000000c2900000| PB 0x00000000c2900000| Complete 
|  42|0x00000000c2a00000, 0x00000000c2a00000, 0x00000000c2b00000|  0%| F|  |TAMS 0x00000000c2a00000| PB 0x00000000c2a00000| Untracked 
|  43|0x00000000c2b00000, 0x00000000c2b00000, 0x00000000c2c00000|  0%| F|  |TAMS 0x00000000c2b00000| PB 0x00000000c2b00000| Untracked 
|  44|0x00000000c2c00000, 0x00000000c2c00000, 0x00000000c2d00000|  0%| F|  |TAMS 0x00000000c2c00000| PB 0x00000000c2c00000| Untracked 
|  45|0x00000000c2d00000, 0x00000000c2d00000, 0x00000000c2e00000|  0%| F|  |TAMS 0x00000000c2d00000| PB 0x00000000c2d00000| Untracked 
|  46|0x00000000c2e00000, 0x00000000c2e00000, 0x00000000c2f00000|  0%| F|  |TAMS 0x00000000c2e00000| PB 0x00000000c2e00000| Untracked 
|  47|0x00000000c2f00000, 0x00000000c2f00000, 0x00000000c3000000|  0%| F|  |TAMS 0x00000000c2f00000| PB 0x00000000c2f00000| Untracked 
|  48|0x00000000c3000000, 0x00000000c3000000, 0x00000000c3100000|  0%| F|  |TAMS 0x00000000c3000000| PB 0x00000000c3000000| Untracked 
|  49|0x00000000c3100000, 0x00000000c3100000, 0x00000000c3200000|  0%| F|  |TAMS 0x00000000c3100000| PB 0x00000000c3100000| Untracked 
|  50|0x00000000c3200000, 0x00000000c3200000, 0x00000000c3300000|  0%| F|  |TAMS 0x00000000c3200000| PB 0x00000000c3200000| Untracked 
|  51|0x00000000c3300000, 0x00000000c3300000, 0x00000000c3400000|  0%| F|  |TAMS 0x00000000c3300000| PB 0x00000000c3300000| Untracked 
|  52|0x00000000c3400000, 0x00000000c3400000, 0x00000000c3500000|  0%| F|  |TAMS 0x00000000c3400000| PB 0x00000000c3400000| Untracked 
|  53|0x00000000c3500000, 0x00000000c3500000, 0x00000000c3600000|  0%| F|  |TAMS 0x00000000c3500000| PB 0x00000000c3500000| Untracked 
|  54|0x00000000c3600000, 0x00000000c3600000, 0x00000000c3700000|  0%| F|  |TAMS 0x00000000c3600000| PB 0x00000000c3600000| Untracked 
|  55|0x00000000c3700000, 0x00000000c3700000, 0x00000000c3800000|  0%| F|  |TAMS 0x00000000c3700000| PB 0x00000000c3700000| Untracked 
|  56|0x00000000c3800000, 0x00000000c3800000, 0x00000000c3900000|  0%| F|  |TAMS 0x00000000c3800000| PB 0x00000000c3800000| Untracked 
|  57|0x00000000c3900000, 0x00000000c3900000, 0x00000000c3a00000|  0%| F|  |TAMS 0x00000000c3900000| PB 0x00000000c3900000| Untracked 
|  58|0x00000000c3a00000, 0x00000000c3a00000, 0x00000000c3b00000|  0%| F|  |TAMS 0x00000000c3a00000| PB 0x00000000c3a00000| Untracked 
|  59|0x00000000c3b00000, 0x00000000c3b00000, 0x00000000c3c00000|  0%| F|  |TAMS 0x00000000c3b00000| PB 0x00000000c3b00000| Untracked 
|  60|0x00000000c3c00000, 0x00000000c3c00000, 0x00000000c3d00000|  0%| F|  |TAMS 0x00000000c3c00000| PB 0x00000000c3c00000| Untracked 
|  61|0x00000000c3d00000, 0x00000000c3d00000, 0x00000000c3e00000|  0%| F|  |TAMS 0x00000000c3d00000| PB 0x00000000c3d00000| Untracked 
|  62|0x00000000c3e00000, 0x00000000c3e00000, 0x00000000c3f00000|  0%| F|  |TAMS 0x00000000c3e00000| PB 0x00000000c3e00000| Untracked 
|  63|0x00000000c3f00000, 0x00000000c3f00000, 0x00000000c4000000|  0%| F|  |TAMS 0x00000000c3f00000| PB 0x00000000c3f00000| Untracked 
|  64|0x00000000c4000000, 0x00000000c4000000, 0x00000000c4100000|  0%| F|  |TAMS 0x00000000c4000000| PB 0x00000000c4000000| Untracked 
|  65|0x00000000c4100000, 0x00000000c4100000, 0x00000000c4200000|  0%| F|  |TAMS 0x00000000c4100000| PB 0x00000000c4100000| Untracked 
|  66|0x00000000c4200000, 0x00000000c4200000, 0x00000000c4300000|  0%| F|  |TAMS 0x00000000c4200000| PB 0x00000000c4200000| Untracked 
|  67|0x00000000c4300000, 0x00000000c4300000, 0x00000000c4400000|  0%| F|  |TAMS 0x00000000c4300000| PB 0x00000000c4300000| Untracked 
|  68|0x00000000c4400000, 0x00000000c4480000, 0x00000000c4500000| 50%| E|  |TAMS 0x00000000c4400000| PB 0x00000000c4400000| Complete 
|  69|0x00000000c4500000, 0x00000000c4600000, 0x00000000c4600000|100%| E|CS|TAMS 0x00000000c4500000| PB 0x00000000c4500000| Complete 
|  70|0x00000000c4600000, 0x00000000c4700000, 0x00000000c4700000|100%| E|CS|TAMS 0x00000000c4600000| PB 0x00000000c4600000| Complete 
|  71|0x00000000c4700000, 0x00000000c4800000, 0x00000000c4800000|100%| E|CS|TAMS 0x00000000c4700000| PB 0x00000000c4700000| Complete 
|  72|0x00000000c4800000, 0x00000000c4900000, 0x00000000c4900000|100%| E|CS|TAMS 0x00000000c4800000| PB 0x00000000c4800000| Complete 
|  73|0x00000000c4900000, 0x00000000c4a00000, 0x00000000c4a00000|100%| E|  |TAMS 0x00000000c4900000| PB 0x00000000c4900000| Complete 
|  74|0x00000000c4a00000, 0x00000000c4b00000, 0x00000000c4b00000|100%| E|CS|TAMS 0x00000000c4a00000| PB 0x00000000c4a00000| Complete 
|  75|0x00000000c4b00000, 0x00000000c4c00000, 0x00000000c4c00000|100%| E|CS|TAMS 0x00000000c4b00000| PB 0x00000000c4b00000| Complete 
|  76|0x00000000c4c00000, 0x00000000c4d00000, 0x00000000c4d00000|100%| E|CS|TAMS 0x00000000c4c00000| PB 0x00000000c4c00000| Complete 
|  77|0x00000000c4d00000, 0x00000000c4e00000, 0x00000000c4e00000|100%| E|CS|TAMS 0x00000000c4d00000| PB 0x00000000c4d00000| Complete 
|  78|0x00000000c4e00000, 0x00000000c4f00000, 0x00000000c4f00000|100%| E|CS|TAMS 0x00000000c4e00000| PB 0x00000000c4e00000| Complete 
|  79|0x00000000c4f00000, 0x00000000c5000000, 0x00000000c5000000|100%| E|CS|TAMS 0x00000000c4f00000| PB 0x00000000c4f00000| Complete 
|  80|0x00000000c5000000, 0x00000000c5100000, 0x00000000c5100000|100%| E|CS|TAMS 0x00000000c5000000| PB 0x00000000c5000000| Complete 
|  81|0x00000000c5100000, 0x00000000c5200000, 0x00000000c5200000|100%| E|CS|TAMS 0x00000000c5100000| PB 0x00000000c5100000| Complete 
|  82|0x00000000c5200000, 0x00000000c5300000, 0x00000000c5300000|100%| E|CS|TAMS 0x00000000c5200000| PB 0x00000000c5200000| Complete 
|  83|0x00000000c5300000, 0x00000000c5400000, 0x00000000c5400000|100%| E|CS|TAMS 0x00000000c5300000| PB 0x00000000c5300000| Complete 
|  84|0x00000000c5400000, 0x00000000c5500000, 0x00000000c5500000|100%| E|CS|TAMS 0x00000000c5400000| PB 0x00000000c5400000| Complete 
|  85|0x00000000c5500000, 0x00000000c5600000, 0x00000000c5600000|100%| E|CS|TAMS 0x00000000c5500000| PB 0x00000000c5500000| Complete 
|  86|0x00000000c5600000, 0x00000000c5700000, 0x00000000c5700000|100%| E|CS|TAMS 0x00000000c5600000| PB 0x00000000c5600000| Complete 
|  87|0x00000000c5700000, 0x00000000c5800000, 0x00000000c5800000|100%| E|CS|TAMS 0x00000000c5700000| PB 0x00000000c5700000| Complete 
|  88|0x00000000c5800000, 0x00000000c5900000, 0x00000000c5900000|100%| E|CS|TAMS 0x00000000c5800000| PB 0x00000000c5800000| Complete 
|  89|0x00000000c5900000, 0x00000000c5a00000, 0x00000000c5a00000|100%| E|CS|TAMS 0x00000000c5900000| PB 0x00000000c5900000| Complete 
|  90|0x00000000c5a00000, 0x00000000c5b00000, 0x00000000c5b00000|100%| E|CS|TAMS 0x00000000c5a00000| PB 0x00000000c5a00000| Complete 
|  91|0x00000000c5b00000, 0x00000000c5c00000, 0x00000000c5c00000|100%| E|CS|TAMS 0x00000000c5b00000| PB 0x00000000c5b00000| Complete 
|  92|0x00000000c5c00000, 0x00000000c5d00000, 0x00000000c5d00000|100%| E|CS|TAMS 0x00000000c5c00000| PB 0x00000000c5c00000| Complete 
|  93|0x00000000c5d00000, 0x00000000c5e00000, 0x00000000c5e00000|100%| E|CS|TAMS 0x00000000c5d00000| PB 0x00000000c5d00000| Complete 
|  94|0x00000000c5e00000, 0x00000000c5f00000, 0x00000000c5f00000|100%| E|CS|TAMS 0x00000000c5e00000| PB 0x00000000c5e00000| Complete 
|  95|0x00000000c5f00000, 0x00000000c6000000, 0x00000000c6000000|100%| E|CS|TAMS 0x00000000c5f00000| PB 0x00000000c5f00000| Complete 

Card table byte_map: [0x000002c073220000,0x000002c073420000] _byte_map_base: 0x000002c072c20000

Marking Bits: (CMBitMap*) 0x000002c060b28eb0
 Bits: [0x000002c073420000, 0x000002c074420000)

Polling page: 0x000002c05e8f0000

Metaspace:

Usage:
  Non-class:     36.14 MB used.
      Class:      6.07 MB used.
       Both:     42.21 MB used.

Virtual space:
  Non-class space:       64.00 MB reserved,      36.94 MB ( 58%) committed,  1 nodes.
      Class space:        1.00 GB reserved,       6.75 MB ( <1%) committed,  1 nodes.
             Both:        1.06 GB reserved,      43.69 MB (  4%) committed. 

Chunk freelists:
   Non-Class:  11.05 MB
       Class:  9.19 MB
        Both:  20.24 MB

MaxMetaspaceSize: unlimited
CompressedClassSpaceSize: 1.00 GB
Initial GC threshold: 21.00 MB
Current GC threshold: 58.69 MB
CDS: on
 - commit_granule_bytes: 65536.
 - commit_granule_words: 8192.
 - virtual_space_node_default_size: 8388608.
 - enlarge_chunks_in_place: 1.
 - use_allocation_guard: 0.


Internal statistics:

num_allocs_failed_limit: 6.
num_arena_births: 2682.
num_arena_deaths: 0.
num_vsnodes_births: 2.
num_vsnodes_deaths: 0.
num_space_committed: 699.
num_space_uncommitted: 0.
num_chunks_returned_to_freelist: 6.
num_chunks_taken_from_freelist: 4702.
num_chunk_merges: 6.
num_chunk_splits: 3047.
num_chunks_enlarged: 1872.
num_inconsistent_stats: 0.

CodeHeap 'non-profiled nmethods': size=120000Kb used=2634Kb max_used=2634Kb free=117365Kb
 bounds [0x000002c06b7c0000, 0x000002c06ba70000, 0x000002c072cf0000]
CodeHeap 'profiled nmethods': size=120000Kb used=9002Kb max_used=9486Kb free=110997Kb
 bounds [0x000002c063cf0000, 0x000002c064650000, 0x000002c06b220000]
CodeHeap 'non-nmethods': size=5760Kb used=2565Kb max_used=2594Kb free=3194Kb
 bounds [0x000002c06b220000, 0x000002c06b4c0000, 0x000002c06b7c0000]
CodeCache: size=245760Kb, used=14201Kb, max_used=14714Kb, free=231556Kb
 total_blobs=5513, nmethods=4676, adapters=741, full_count=0
Compilation: enabled, stopped_count=0, restarted_count=0

Compilation events (20 events):
Event: 180.480 Thread 0x000002c076e383c0 nmethod 5214 0x000002c06416f810 code [0x000002c06416f9a0, 0x000002c06416fa98]
Event: 180.485 Thread 0x000002c076e383c0 5215       3       org.gradle.internal.event.AbstractBroadcastDispatch::dispatch (65 bytes)
Event: 180.486 Thread 0x000002c076e383c0 nmethod 5215 0x000002c063d7ad10 code [0x000002c063d7af20, 0x000002c063d7b578]
Event: 180.492 Thread 0x000002c076e383c0 5216       3       java.lang.reflect.Modifier::isSynthetic (14 bytes)
Event: 180.493 Thread 0x000002c076e383c0 nmethod 5216 0x000002c064254a10 code [0x000002c064254ba0, 0x000002c064254ce8]
Event: 180.512 Thread 0x000002c076e20b50 5217       4       java.util.Arrays::copyOfRange (90 bytes)
Event: 180.521 Thread 0x000002c076e20b50 nmethod 5217 0x000002c06b88cf10 code [0x000002c06b88d0c0, 0x000002c06b88d5d0]
Event: 180.521 Thread 0x000002c076e20b50 5218       4       java.lang.invoke.InvokerBytecodeGenerator::addMethod (725 bytes)
Event: 180.740 Thread 0x000002c076e383c0 5220       3       org.gradle.internal.hash.Hashing$MessageDigestHasher::putInt (15 bytes)
Event: 180.740 Thread 0x000002c076e383c0 nmethod 5220 0x000002c063db8410 code [0x000002c063db8620, 0x000002c063db8c30]
Event: 180.740 Thread 0x000002c076e383c0 5221       3       java.nio.HeapByteBuffer::putInt (31 bytes)
Event: 180.741 Thread 0x000002c076e383c0 nmethod 5221 0x000002c063db7290 code [0x000002c063db7500, 0x000002c063db7f20]
Event: 180.744 Thread 0x000002c076e383c0 5222       3       sun.security.provider.MD5::implCompress (13 bytes)
Event: 180.748 Thread 0x000002c076e383c0 nmethod 5222 0x000002c063e53210 code [0x000002c063e53400, 0x000002c063e53838]
Event: 180.748 Thread 0x000002c076e383c0 5224       3       org.gradle.internal.service.DefaultServiceRegistry$FactoryService::createServiceInstance (18 bytes)
Event: 180.749 Thread 0x000002c076e383c0 nmethod 5224 0x000002c063e52d10 code [0x000002c063e52ec0, 0x000002c063e53108]
Event: 180.749 Thread 0x000002c076e383c0 5223       3       sun.security.provider.MD5::implCompressCheck (18 bytes)
Event: 180.749 Thread 0x000002c076e383c0 nmethod 5223 0x000002c063e52610 code [0x000002c063e527e0, 0x000002c063e52b70]
Event: 180.754 Thread 0x000002c076e383c0 5225       3       java.lang.ThreadLocal$ThreadLocalMap::expungeStaleEntry (146 bytes)
Event: 180.755 Thread 0x000002c076e383c0 nmethod 5225 0x000002c063ec5390 code [0x000002c063ec55e0, 0x000002c063ec6380]

GC Heap History (20 events):
Event: 2.681 GC heap before
{Heap before GC invocations=0 (full 0):
 garbage-first heap   total 96256K, used 22528K [0x00000000c0000000, 0x0000000100000000)
  region size 1024K, 23 young (23552K), 0 survivors (0K)
 Metaspace       used 941K, committed 1088K, reserved 1114112K
  class space    used 73K, committed 128K, reserved 1048576K
}
Event: 2.736 GC heap after
{Heap after GC invocations=1 (full 0):
 garbage-first heap   total 96256K, used 1536K [0x00000000c0000000, 0x0000000100000000)
  region size 1024K, 2 young (2048K), 2 survivors (2048K)
 Metaspace       used 941K, committed 1088K, reserved 1114112K
  class space    used 73K, committed 128K, reserved 1048576K
}
Event: 6.833 GC heap before
{Heap before GC invocations=1 (full 0):
 garbage-first heap   total 96256K, used 35328K [0x00000000c0000000, 0x0000000100000000)
  region size 1024K, 33 young (33792K), 2 survivors (2048K)
 Metaspace       used 4385K, committed 4544K, reserved 1114112K
  class space    used 559K, committed 640K, reserved 1048576K
}
Event: 6.848 GC heap after
{Heap after GC invocations=2 (full 0):
 garbage-first heap   total 96256K, used 10820K [0x00000000c0000000, 0x0000000100000000)
  region size 1024K, 5 young (5120K), 5 survivors (5120K)
 Metaspace       used 4385K, committed 4544K, reserved 1114112K
  class space    used 559K, committed 640K, reserved 1048576K
}
Event: 9.459 GC heap before
{Heap before GC invocations=2 (full 0):
 garbage-first heap   total 96256K, used 49732K [0x00000000c0000000, 0x0000000100000000)
  region size 1024K, 41 young (41984K), 5 survivors (5120K)
 Metaspace       used 4457K, committed 4608K, reserved 1114112K
  class space    used 560K, committed 640K, reserved 1048576K
}
Event: 9.468 GC heap after
{Heap after GC invocations=3 (full 0):
 garbage-first heap   total 96256K, used 13318K [0x00000000c0000000, 0x0000000100000000)
  region size 1024K, 2 young (2048K), 2 survivors (2048K)
 Metaspace       used 4457K, committed 4608K, reserved 1114112K
  class space    used 560K, committed 640K, reserved 1048576K
}
Event: 18.149 GC heap before
{Heap before GC invocations=3 (full 0):
 garbage-first heap   total 96256K, used 68614K [0x00000000c0000000, 0x0000000100000000)
  region size 1024K, 56 young (57344K), 2 survivors (2048K)
 Metaspace       used 13565K, committed 13952K, reserved 1114112K
  class space    used 1867K, committed 2048K, reserved 1048576K
}
Event: 18.418 GC heap after
{Heap after GC invocations=4 (full 0):
 garbage-first heap   total 96256K, used 20247K [0x00000000c0000000, 0x0000000100000000)
  region size 1024K, 7 young (7168K), 7 survivors (7168K)
 Metaspace       used 13565K, committed 13952K, reserved 1114112K
  class space    used 1867K, committed 2048K, reserved 1048576K
}
Event: 59.607 GC heap before
{Heap before GC invocations=4 (full 0):
 garbage-first heap   total 96256K, used 70423K [0x00000000c0000000, 0x0000000100000000)
  region size 1024K, 56 young (57344K), 7 survivors (7168K)
 Metaspace       used 19971K, committed 20544K, reserved 1114112K
  class space    used 2907K, committed 3200K, reserved 1048576K
}
Event: 59.630 GC heap after
{Heap after GC invocations=5 (full 0):
 garbage-first heap   total 96256K, used 23781K [0x00000000c0000000, 0x0000000100000000)
  region size 1024K, 4 young (4096K), 4 survivors (4096K)
 Metaspace       used 19971K, committed 20544K, reserved 1114112K
  class space    used 2907K, committed 3200K, reserved 1048576K
}
Event: 60.555 GC heap before
{Heap before GC invocations=5 (full 0):
 garbage-first heap   total 96256K, used 30949K [0x00000000c0000000, 0x0000000100000000)
  region size 1024K, 12 young (12288K), 4 survivors (4096K)
 Metaspace       used 20911K, committed 21504K, reserved 1114112K
  class space    used 3057K, committed 3328K, reserved 1048576K
}
Event: 60.563 GC heap after
{Heap after GC invocations=6 (full 0):
 garbage-first heap   total 96256K, used 24129K [0x00000000c0000000, 0x0000000100000000)
  region size 1024K, 4 young (4096K), 4 survivors (4096K)
 Metaspace       used 20911K, committed 21504K, reserved 1114112K
  class space    used 3057K, committed 3328K, reserved 1048576K
}
Event: 64.470 GC heap before
{Heap before GC invocations=7 (full 0):
 garbage-first heap   total 81920K, used 69185K [0x00000000c0000000, 0x0000000100000000)
  region size 1024K, 48 young (49152K), 4 survivors (4096K)
 Metaspace       used 26922K, committed 27904K, reserved 1114112K
  class space    used 4013K, committed 4480K, reserved 1048576K
}
Event: 64.491 GC heap after
{Heap after GC invocations=8 (full 0):
 garbage-first heap   total 81920K, used 26869K [0x00000000c0000000, 0x0000000100000000)
  region size 1024K, 4 young (4096K), 4 survivors (4096K)
 Metaspace       used 26922K, committed 27904K, reserved 1114112K
  class space    used 4013K, committed 4480K, reserved 1048576K
}
Event: 68.368 GC heap before
{Heap before GC invocations=8 (full 0):
 garbage-first heap   total 81920K, used 67829K [0x00000000c0000000, 0x0000000100000000)
  region size 1024K, 45 young (46080K), 4 survivors (4096K)
 Metaspace       used 32398K, committed 33344K, reserved 1114112K
  class space    used 4599K, committed 5056K, reserved 1048576K
}
Event: 68.377 GC heap after
{Heap after GC invocations=9 (full 0):
 garbage-first heap   total 81920K, used 31192K [0x00000000c0000000, 0x0000000100000000)
  region size 1024K, 6 young (6144K), 6 survivors (6144K)
 Metaspace       used 32398K, committed 33344K, reserved 1114112K
  class space    used 4599K, committed 5056K, reserved 1048576K
}
Event: 166.745 GC heap before
{Heap before GC invocations=9 (full 0):
 garbage-first heap   total 81920K, used 62936K [0x00000000c0000000, 0x0000000100000000)
  region size 1024K, 38 young (38912K), 6 survivors (6144K)
 Metaspace       used 34942K, committed 35968K, reserved 1114112K
  class space    used 5021K, committed 5504K, reserved 1048576K
}
Event: 166.958 GC heap after
{Heap after GC invocations=10 (full 0):
 garbage-first heap   total 81920K, used 33239K [0x00000000c0000000, 0x0000000100000000)
  region size 1024K, 2 young (2048K), 2 survivors (2048K)
 Metaspace       used 34942K, committed 35968K, reserved 1114112K
  class space    used 5021K, committed 5504K, reserved 1048576K
}
Event: 175.849 GC heap before
{Heap before GC invocations=11 (full 0):
 garbage-first heap   total 81920K, used 75223K [0x00000000c0000000, 0x0000000100000000)
  region size 1024K, 38 young (38912K), 2 survivors (2048K)
 Metaspace       used 39305K, committed 40704K, reserved 1114112K
  class space    used 5655K, committed 6336K, reserved 1048576K
}
Event: 175.866 GC heap after
{Heap after GC invocations=12 (full 0):
 garbage-first heap   total 98304K, used 35480K [0x00000000c0000000, 0x0000000100000000)
  region size 1024K, 4 young (4096K), 4 survivors (4096K)
 Metaspace       used 39305K, committed 40704K, reserved 1114112K
  class space    used 5655K, committed 6336K, reserved 1048576K
}

Dll operation events (20 events):
Event: 0.990 Attempting to load shared library C:\Users\LENOVO\.antigravity-ide\extensions\redhat.java-1.56.0-win32-x64\jre\21.0.12.1-win32-x86_64\bin\nio.dll
Event: 1.009 Loaded shared library C:\Users\LENOVO\.antigravity-ide\extensions\redhat.java-1.56.0-win32-x64\jre\21.0.12.1-win32-x86_64\bin\nio.dll
Event: 1.073 Attempting to load shared library C:\Users\LENOVO\.antigravity-ide\extensions\redhat.java-1.56.0-win32-x64\jre\21.0.12.1-win32-x86_64\bin\zip.dll
Event: 1.073 Loaded shared library C:\Users\LENOVO\.antigravity-ide\extensions\redhat.java-1.56.0-win32-x64\jre\21.0.12.1-win32-x86_64\bin\zip.dll
Event: 2.444 Attempting to load shared library C:\Users\LENOVO\.antigravity-ide\extensions\redhat.java-1.56.0-win32-x64\jre\21.0.12.1-win32-x86_64\bin\jimage.dll
Event: 2.444 Loaded shared library C:\Users\LENOVO\.antigravity-ide\extensions\redhat.java-1.56.0-win32-x64\jre\21.0.12.1-win32-x86_64\bin\jimage.dll
Event: 3.700 Attempting to load shared library C:\Users\LENOVO\.antigravity-ide\extensions\redhat.java-1.56.0-win32-x64\jre\21.0.12.1-win32-x86_64\bin\verify.dll
Event: 3.704 Loaded shared library C:\Users\LENOVO\.antigravity-ide\extensions\redhat.java-1.56.0-win32-x64\jre\21.0.12.1-win32-x86_64\bin\verify.dll
Event: 4.116 Attempting to load shared library C:\Users\LENOVO\.gradle\native\1def1411415f61bf3af743bc5b6707747c0891f09f0c88961ee8f79bc544acac\windows-amd64\native-platform.dll
Event: 4.126 Loaded shared library C:\Users\LENOVO\.gradle\native\1def1411415f61bf3af743bc5b6707747c0891f09f0c88961ee8f79bc544acac\windows-amd64\native-platform.dll
Event: 4.174 Attempting to load shared library C:\Users\LENOVO\.gradle\native\0.2.7\x86_64-windows-gnu\gradle-fileevents.dll
Event: 4.180 Loaded shared library C:\Users\LENOVO\.gradle\native\0.2.7\x86_64-windows-gnu\gradle-fileevents.dll
Event: 11.595 Attempting to load shared library C:\Users\LENOVO\.antigravity-ide\extensions\redhat.java-1.56.0-win32-x64\jre\21.0.12.1-win32-x86_64\bin\management.dll
Event: 11.597 Loaded shared library C:\Users\LENOVO\.antigravity-ide\extensions\redhat.java-1.56.0-win32-x64\jre\21.0.12.1-win32-x86_64\bin\management.dll
Event: 11.615 Attempting to load shared library C:\Users\LENOVO\.antigravity-ide\extensions\redhat.java-1.56.0-win32-x64\jre\21.0.12.1-win32-x86_64\bin\management_ext.dll
Event: 11.622 Loaded shared library C:\Users\LENOVO\.antigravity-ide\extensions\redhat.java-1.56.0-win32-x64\jre\21.0.12.1-win32-x86_64\bin\management_ext.dll
Event: 12.885 Attempting to load shared library C:\Users\LENOVO\.antigravity-ide\extensions\redhat.java-1.56.0-win32-x64\jre\21.0.12.1-win32-x86_64\bin\extnet.dll
Event: 12.889 Loaded shared library C:\Users\LENOVO\.antigravity-ide\extensions\redhat.java-1.56.0-win32-x64\jre\21.0.12.1-win32-x86_64\bin\extnet.dll
Event: 14.798 Attempting to load shared library C:\Users\LENOVO\.antigravity-ide\extensions\redhat.java-1.56.0-win32-x64\jre\21.0.12.1-win32-x86_64\bin\sunmscapi.dll
Event: 14.943 Loaded shared library C:\Users\LENOVO\.antigravity-ide\extensions\redhat.java-1.56.0-win32-x64\jre\21.0.12.1-win32-x86_64\bin\sunmscapi.dll

Deoptimization events (20 events):
Event: 179.853 Thread 0x000002c076e81ef0 DEOPT PACKING pc=0x000002c06ba56cc0 sp=0x000000e8902f95e0
Event: 179.853 Thread 0x000002c076e81ef0 DEOPT UNPACKING pc=0x000002c06b274422 sp=0x000000e8902f9628 mode 2
Event: 179.860 Thread 0x000002c076e81ef0 DEOPT PACKING pc=0x000002c0641c6039 sp=0x000000e8902f7600
Event: 179.860 Thread 0x000002c076e81ef0 DEOPT UNPACKING pc=0x000002c06b274bc2 sp=0x000000e8902f6b00 mode 0
Event: 179.904 Thread 0x000002c076e81ef0 Uncommon trap: trap_request=0xffffffc6 fr.pc=0x000002c06ba56cc0 relative=0x0000000000003d20
Event: 179.904 Thread 0x000002c076e81ef0 Uncommon trap: reason=bimorphic_or_optimized_type_check action=maybe_recompile pc=0x000002c06ba56cc0 method=java.lang.ClassLoader.loadClass(Ljava/lang/String;Z)Ljava/lang/Class; @ 38 c2
Event: 179.904 Thread 0x000002c076e81ef0 DEOPT PACKING pc=0x000002c06ba56cc0 sp=0x000000e8902f95e0
Event: 179.904 Thread 0x000002c076e81ef0 DEOPT UNPACKING pc=0x000002c06b274422 sp=0x000000e8902f9628 mode 2
Event: 180.008 Thread 0x000002c076e81ef0 Uncommon trap: trap_request=0xffffff45 fr.pc=0x000002c06b87e0b4 relative=0x00000000000001f4
Event: 180.008 Thread 0x000002c076e81ef0 Uncommon trap: reason=unstable_if action=reinterpret pc=0x000002c06b87e0b4 method=java.net.URI$Parser.scan(IILjava/lang/String;)I @ 26 c2
Event: 180.008 Thread 0x000002c076e81ef0 DEOPT PACKING pc=0x000002c06b87e0b4 sp=0x000000e8902f8f40
Event: 180.008 Thread 0x000002c076e81ef0 DEOPT UNPACKING pc=0x000002c06b274422 sp=0x000000e8902f8ed0 mode 2
Event: 180.008 Thread 0x000002c076e81ef0 Uncommon trap: trap_request=0xffffff45 fr.pc=0x000002c06b84e82c relative=0x000000000000016c
Event: 180.008 Thread 0x000002c076e81ef0 Uncommon trap: reason=unstable_if action=reinterpret pc=0x000002c06b84e82c method=java.net.URI.match(CJJ)Z @ 45 c2
Event: 180.009 Thread 0x000002c076e81ef0 DEOPT PACKING pc=0x000002c06b84e82c sp=0x000000e8902f8cb0
Event: 180.009 Thread 0x000002c076e81ef0 DEOPT UNPACKING pc=0x000002c06b274422 sp=0x000000e8902f8bd8 mode 2
Event: 180.009 Thread 0x000002c076e81ef0 Uncommon trap: trap_request=0xffffff45 fr.pc=0x000002c06b7fc7f8 relative=0x0000000000000058
Event: 180.009 Thread 0x000002c076e81ef0 Uncommon trap: reason=unstable_if action=reinterpret pc=0x000002c06b7fc7f8 method=java.net.URI.match(CJJ)Z @ 19 c2
Event: 180.009 Thread 0x000002c076e81ef0 DEOPT PACKING pc=0x000002c06b7fc7f8 sp=0x000000e8902f8cc0
Event: 180.009 Thread 0x000002c076e81ef0 DEOPT UNPACKING pc=0x000002c06b274422 sp=0x000000e8902f8c50 mode 2

Classes loaded (20 events):
Event: 180.043 Loading class javax/net/ssl/TrustManager
Event: 180.043 Loading class javax/net/ssl/TrustManager done
Event: 180.047 Loading class javax/net/ssl/X509TrustManager
Event: 180.047 Loading class javax/net/ssl/X509TrustManager done
Event: 180.068 Loading class javax/net/ssl/SSLException
Event: 180.069 Loading class javax/net/ssl/SSLException done
Event: 180.069 Loading class javax/net/ssl/SSLPeerUnverifiedException
Event: 180.069 Loading class javax/net/ssl/SSLPeerUnverifiedException done
Event: 180.069 Loading class javax/naming/NamingException
Event: 180.069 Loading class javax/naming/NamingException done
Event: 180.069 Loading class javax/naming/InvalidNameException
Event: 180.069 Loading class javax/naming/InvalidNameException done
Event: 180.070 Loading class java/security/cert/CertificateParsingException
Event: 180.070 Loading class java/security/cert/CertificateException
Event: 180.070 Loading class java/security/cert/CertificateException done
Event: 180.070 Loading class java/security/cert/CertificateParsingException done
Event: 180.668 Loading class java/util/Collections$SynchronizedRandomAccessList
Event: 180.669 Loading class java/util/Collections$SynchronizedList
Event: 180.669 Loading class java/util/Collections$SynchronizedList done
Event: 180.669 Loading class java/util/Collections$SynchronizedRandomAccessList done

Classes unloaded (0 events):
No events

Classes redefined (0 events):
No events

Internal exceptions (20 events):
Event: 171.996 Thread 0x000002c076e81ef0 Exception <a 'java/lang/NoSuchMethodError'{0x00000000c3debef0}: 'java.lang.Object java.lang.invoke.DirectMethodHandle$Holder.newInvokeSpecial(java.lang.Object, java.lang.Object, java.lang.Object, java.lang.Object, java.lang.Object, java.lang.Object, java.lang.Object, java.lang.Object, java.lang.Object, java.lang.Object, java.lang.Object, java.lang.Object, java.lang.Object, java.lang.Object, java.lang.Object)'> (0x00000000c3debef0) 
thrown [s\src\hotspot\share\interpreter\linkResolver.cpp, line 773]
Event: 172.002 Thread 0x000002c076e81ef0 Exception <a 'java/lang/NoSuchMethodError'{0x00000000c3df22f8}: 'java.lang.Object java.lang.invoke.DirectMethodHandle$Holder.invokeSpecial(java.lang.Object, java.lang.Object, java.lang.Object, java.lang.Object, java.lang.Object, java.lang.Object, java.lang.Object, java.lang.Object, java.lang.Object, java.lang.Object, java.lang.Object, java.lang.Object, java.lang.Object, java.lang.Object, java.lang.Object, java.lang.Object)'> (0x00000000c3df22f8) 
thrown [s\src\hotspot\share\interpreter\linkResolver.cpp, li
Event: 172.009 Thread 0x000002c076e81ef0 Exception <a 'java/lang/NoSuchMethodError'{0x00000000c3df75e8}: 'java.lang.Object java.lang.invoke.DelegatingMethodHandle$Holder.reinvoke_L(java.lang.Object, java.lang.Object, java.lang.Object, java.lang.Object, java.lang.Object, java.lang.Object, java.lang.Object, java.lang.Object, java.lang.Object, java.lang.Object, java.lang.Object, java.lang.Object, java.lang.Object, java.lang.Object, java.lang.Object)'> (0x00000000c3df75e8) 
thrown [s\src\hotspot\share\interpreter\linkResolver.cpp, line 773]
Event: 173.666 Thread 0x000002c076e81ef0 Exception <a 'java/lang/NoSuchMethodError'{0x00000000c38f5f48}: 'java.lang.Object java.lang.invoke.DelegatingMethodHandle$Holder.reinvoke_L(java.lang.Object, java.lang.Object, java.lang.Object, java.lang.Object, java.lang.Object, java.lang.Object, java.lang.Object, java.lang.Object, java.lang.Object, java.lang.Object, java.lang.Object, java.lang.Object, java.lang.Object, java.lang.Object, java.lang.Object, java.lang.Object, java.lang.Object, java.lang.Object, java.lang.Object, java.lang.Object, java.lang.O
Event: 173.821 Thread 0x000002c076e81ef0 Exception <a 'java/lang/NoSuchMethodError'{0x00000000c37e0390}: 'java.lang.Object java.lang.invoke.DirectMethodHandle$Holder.invokeStatic(java.lang.Object, java.lang.Object, java.lang.Object, java.lang.Object, java.lang.Object, java.lang.Object, java.lang.Object, java.lang.Object, java.lang.Object, java.lang.Object, java.lang.Object, java.lang.Object, java.lang.Object, java.lang.Object, java.lang.Object, java.lang.Object, java.lang.Object, java.lang.Object, java.lang.Object, java.lang.Object, java.lang.Obj
Event: 173.862 Thread 0x000002c076e81ef0 Exception <a 'java/lang/NoSuchMethodError'{0x00000000c3616b30}: 'java.lang.Object java.lang.invoke.DirectMethodHandle$Holder.invokeStatic(java.lang.Object, java.lang.Object, java.lang.Object, java.lang.Object, java.lang.Object, java.lang.Object, java.lang.Object, java.lang.Object, java.lang.Object, java.lang.Object, java.lang.Object, java.lang.Object, java.lang.Object, java.lang.Object, java.lang.Object, java.lang.Object, java.lang.Object, java.lang.Object, java.lang.Object, java.lang.Object, java.lang.Obj
Event: 173.883 Thread 0x000002c076e81ef0 Exception <a 'java/lang/NoSuchMethodError'{0x00000000c364ea08}: 'java.lang.Object java.lang.invoke.DirectMethodHandle$Holder.invokeStatic(java.lang.Object, java.lang.Object, java.lang.Object, java.lang.Object, java.lang.Object, java.lang.Object, java.lang.Object, java.lang.Object, java.lang.Object, java.lang.Object, java.lang.Object, java.lang.Object, java.lang.Object, java.lang.Object, java.lang.Object, java.lang.Object, java.lang.Object, java.lang.Object, java.lang.Object, java.lang.Object, java.lang.Obj
Event: 173.897 Thread 0x000002c076e81ef0 Exception <a 'java/lang/NoSuchMethodError'{0x00000000c3687a78}: 'java.lang.Object java.lang.invoke.DirectMethodHandle$Holder.invokeStatic(java.lang.Object, java.lang.Object, java.lang.Object, java.lang.Object, java.lang.Object, java.lang.Object, java.lang.Object, java.lang.Object, java.lang.Object, java.lang.Object, java.lang.Object, java.lang.Object, java.lang.Object, java.lang.Object, java.lang.Object, java.lang.Object, java.lang.Object, java.lang.Object, java.lang.Object, java.lang.Object, java.lang.Obj
Event: 173.904 Thread 0x000002c076e81ef0 Exception <a 'java/lang/NoSuchMethodError'{0x00000000c36c3210}: 'java.lang.Object java.lang.invoke.DirectMethodHandle$Holder.invokeStatic(java.lang.Object, java.lang.Object, java.lang.Object, java.lang.Object, java.lang.Object, java.lang.Object, java.lang.Object, java.lang.Object, java.lang.Object, java.lang.Object, java.lang.Object, java.lang.Object, java.lang.Object, java.lang.Object, java.lang.Object, java.lang.Object, java.lang.Object, java.lang.Object, java.lang.Object, java.lang.Object, java.lang.Obj
Event: 173.932 Thread 0x000002c076e81ef0 Exception <a 'java/lang/NoSuchMethodError'{0x00000000c36ffc30}: 'java.lang.Object java.lang.invoke.DirectMethodHandle$Holder.invokeStatic(java.lang.Object, java.lang.Object, java.lang.Object, java.lang.Object, java.lang.Object, java.lang.Object, java.lang.Object, java.lang.Object, java.lang.Object, java.lang.Object, java.lang.Object, java.lang.Object, java.lang.Object, java.lang.Object, java.lang.Object, java.lang.Object, java.lang.Object, java.lang.Object, java.lang.Object, java.lang.Object, java.lang.Obj
Event: 173.946 Thread 0x000002c076e81ef0 Exception <a 'java/lang/NoSuchMethodError'{0x00000000c353dcb0}: 'java.lang.Object java.lang.invoke.DirectMethodHandle$Holder.invokeStatic(java.lang.Object, java.lang.Object, java.lang.Object, java.lang.Object, java.lang.Object, java.lang.Object, java.lang.Object, java.lang.Object, java.lang.Object, java.lang.Object, java.lang.Object, java.lang.Object, java.lang.Object, java.lang.Object, java.lang.Object, java.lang.Object, java.lang.Object, java.lang.Object, java.lang.Object, java.lang.Object, java.lang.Obj
Event: 173.968 Thread 0x000002c076e81ef0 Exception <a 'java/lang/NoSuchMethodError'{0x00000000c357d878}: 'java.lang.Object java.lang.invoke.DirectMethodHandle$Holder.invokeStatic(java.lang.Object, java.lang.Object, java.lang.Object, java.lang.Object, java.lang.Object, java.lang.Object, java.lang.Object, java.lang.Object, java.lang.Object, java.lang.Object, java.lang.Object, java.lang.Object, java.lang.Object, java.lang.Object, java.lang.Object, java.lang.Object, java.lang.Object, java.lang.Object, java.lang.Object, java.lang.Object, java.lang.Obj
Event: 174.065 Thread 0x000002c076e81ef0 Exception <a 'java/lang/NoSuchMethodError'{0x00000000c344f518}: 'java.lang.Object java.lang.invoke.DirectMethodHandle$Holder.newInvokeSpecial(java.lang.Object, java.lang.Object, java.lang.Object, java.lang.Object, java.lang.Object, java.lang.Object, java.lang.Object, java.lang.Object, java.lang.Object, java.lang.Object, java.lang.Object, java.lang.Object, java.lang.Object, java.lang.Object, java.lang.Object, java.lang.Object, java.lang.Object, java.lang.Object, java.lang.Object)'> (0x00000000c344f518) 
thr
Event: 174.066 Thread 0x000002c076e81ef0 Exception <a 'java/lang/NoSuchMethodError'{0x00000000c3455f10}: 'java.lang.Object java.lang.invoke.DirectMethodHandle$Holder.invokeSpecial(java.lang.Object, java.lang.Object, java.lang.Object, java.lang.Object, java.lang.Object, java.lang.Object, java.lang.Object, java.lang.Object, java.lang.Object, java.lang.Object, java.lang.Object, java.lang.Object, java.lang.Object, java.lang.Object, java.lang.Object, java.lang.Object, java.lang.Object, java.lang.Object, java.lang.Object, java.lang.Object)'> (0x0000000
Event: 174.072 Thread 0x000002c076e81ef0 Exception <a 'java/lang/NoSuchMethodError'{0x00000000c345b7d0}: 'java.lang.Object java.lang.invoke.DelegatingMethodHandle$Holder.reinvoke_L(java.lang.Object, java.lang.Object, java.lang.Object, java.lang.Object, java.lang.Object, java.lang.Object, java.lang.Object, java.lang.Object, java.lang.Object, java.lang.Object, java.lang.Object, java.lang.Object, java.lang.Object, java.lang.Object, java.lang.Object, java.lang.Object, java.lang.Object, java.lang.Object, java.lang.Object)'> (0x00000000c345b7d0) 
throw
Event: 179.090 Thread 0x000002c076e81ef0 Exception <a 'java/lang/NoSuchMethodError'{0x00000000c53af730}: 'long java.lang.invoke.DirectMethodHandle$Holder.invokeStatic(java.lang.Object, long)'> (0x00000000c53af730) 
thrown [s\src\hotspot\share\interpreter\linkResolver.cpp, line 773]
Event: 179.974 Thread 0x000002c076e81ef0 Exception <a 'java/lang/NoSuchMethodError'{0x00000000c4d53da0}: 'java.lang.Object java.lang.invoke.DirectMethodHandle$Holder.invokeVirtual(java.lang.Object, java.lang.Object, java.lang.Object, java.lang.Object, java.lang.Object, java.lang.Object, java.lang.Object, java.lang.Object, java.lang.Object, java.lang.Object, java.lang.Object, java.lang.Object, java.lang.Object, java.lang.Object, java.lang.Object, java.lang.Object, java.lang.Object)'> (0x00000000c4d53da0) 
thrown [s\src\hotspot\share\interpreter\li
Event: 179.975 Thread 0x000002c076e81ef0 Exception <a 'java/lang/NoSuchMethodError'{0x00000000c4d59e18}: 'java.lang.Object java.lang.invoke.DirectMethodHandle$Holder.invokeSpecial(java.lang.Object, java.lang.Object, java.lang.Object, java.lang.Object, java.lang.Object, java.lang.Object, java.lang.Object, java.lang.Object, java.lang.Object, java.lang.Object, java.lang.Object, java.lang.Object, java.lang.Object, java.lang.Object, java.lang.Object, java.lang.Object, java.lang.Object, java.lang.Object)'> (0x00000000c4d59e18) 
thrown [s\src\hotspot\sh
Event: 179.975 Thread 0x000002c076e81ef0 Exception <a 'java/lang/NoSuchMethodError'{0x00000000c4d5f3e0}: 'java.lang.Object java.lang.invoke.DelegatingMethodHandle$Holder.reinvoke_L(java.lang.Object, java.lang.Object, java.lang.Object, java.lang.Object, java.lang.Object, java.lang.Object, java.lang.Object, java.lang.Object, java.lang.Object, java.lang.Object, java.lang.Object, java.lang.Object, java.lang.Object, java.lang.Object, java.lang.Object, java.lang.Object, java.lang.Object)'> (0x00000000c4d5f3e0) 
thrown [s\src\hotspot\share\interpreter\l
Event: 180.603 Thread 0x000002c076e81ef0 Exception <a 'java/lang/NoSuchMethodError'{0x00000000c475d608}: 'java.lang.Object java.lang.invoke.Invokers$Holder.invoker(java.lang.Object, java.lang.Object, java.lang.Object, java.lang.Object, java.lang.Object, java.lang.Object)'> (0x00000000c475d608) 
thrown [s\src\hotspot\share\interpreter\linkResolver.cpp, line 773]

ZGC Phase Switch (0 events):
No events

VM Operations (20 events):
Event: 174.303 Executing safepoint VM operation: Cleanup
Event: 174.316 Executing safepoint VM operation: Cleanup done
Event: 175.324 Executing safepoint VM operation: Cleanup
Event: 175.372 Executing safepoint VM operation: Cleanup done
Event: 175.849 Executing safepoint VM operation: G1CollectForAllocation (G1 Evacuation Pause)
Event: 175.866 Executing safepoint VM operation: G1CollectForAllocation (G1 Evacuation Pause) done
Event: 176.161 Executing non-safepoint VM operation: HandshakeAllThreads (Deoptimize)
Event: 176.162 Executing non-safepoint VM operation: HandshakeAllThreads (Deoptimize) done
Event: 177.174 Executing safepoint VM operation: Cleanup
Event: 177.190 Executing safepoint VM operation: Cleanup done
Event: 178.204 Executing safepoint VM operation: Cleanup
Event: 178.251 Executing safepoint VM operation: Cleanup done
Event: 179.174 Executing non-safepoint VM operation: HandshakeAllThreads (Deoptimize)
Event: 179.175 Executing non-safepoint VM operation: HandshakeAllThreads (Deoptimize) done
Event: 180.191 Executing safepoint VM operation: Cleanup
Event: 180.191 Executing safepoint VM operation: Cleanup done
Event: 180.294 Executing non-safepoint VM operation: HandshakeAllThreads (HandshakeForDeflation)
Event: 180.300 Executing non-safepoint VM operation: HandshakeAllThreads (HandshakeForDeflation) done
Event: 180.300 Executing non-safepoint VM operation: RendezvousGCThreads
Event: 180.300 Executing non-safepoint VM operation: RendezvousGCThreads done

Memory protections (0 events):
No events

Nmethod flushes (20 events):
Event: 167.112 Thread 0x000002c076df9690 flushing  nmethod 0x000002c06b89a090
Event: 167.112 Thread 0x000002c076df9690 flushing  nmethod 0x000002c06b89b910
Event: 167.112 Thread 0x000002c076df9690 flushing  nmethod 0x000002c06b8da010
Event: 167.112 Thread 0x000002c076df9690 flushing  nmethod 0x000002c06b8e2390
Event: 167.112 Thread 0x000002c076df9690 flushing  nmethod 0x000002c063e57990
Event: 167.113 Thread 0x000002c076df9690 flushing  nmethod 0x000002c063e58010
Event: 167.113 Thread 0x000002c076df9690 flushing  nmethod 0x000002c063e5b210
Event: 167.113 Thread 0x000002c076df9690 flushing  nmethod 0x000002c063e5c790
Event: 167.113 Thread 0x000002c076df9690 flushing  nmethod 0x000002c063e5d710
Event: 167.113 Thread 0x000002c076df9690 flushing  nmethod 0x000002c063e5dd90
Event: 167.113 Thread 0x000002c076df9690 flushing  nmethod 0x000002c063e5ee10
Event: 167.114 Thread 0x000002c076df9690 flushing  nmethod 0x000002c063e87010
Event: 167.114 Thread 0x000002c076df9690 flushing  nmethod 0x000002c063e88c90
Event: 167.114 Thread 0x000002c076df9690 flushing  nmethod 0x000002c06414c990
Event: 167.115 Thread 0x000002c076df9690 flushing  nmethod 0x000002c064151690
Event: 167.115 Thread 0x000002c076df9690 flushing  nmethod 0x000002c064152a10
Event: 167.115 Thread 0x000002c076df9690 flushing  nmethod 0x000002c064155710
Event: 167.115 Thread 0x000002c076df9690 flushing  nmethod 0x000002c06426a690
Event: 167.115 Thread 0x000002c076df9690 flushing  nmethod 0x000002c06426ad90
Event: 167.115 Thread 0x000002c076df9690 flushing  nmethod 0x000002c06426cb90

Events (20 events):
Event: 16.709 Thread 0x000002c07b1a1800 Thread added: 0x000002c076e81ef0
Event: 16.739 Thread 0x000002c076e81ef0 Thread added: 0x000002c076e82580
Event: 16.749 Thread 0x000002c076e81ef0 Thread added: 0x000002c076e82c10
Event: 16.758 Thread 0x000002c076e81ef0 Thread added: 0x000002c076e832a0
Event: 19.040 Thread 0x000002c076e81ef0 Thread added: 0x000002c076e83930
Event: 19.075 Thread 0x000002c076e81ef0 Thread added: 0x000002c076e83fc0
Event: 19.196 Thread 0x000002c076e81ef0 Thread added: 0x000002c076e80b40
Event: 19.301 Thread 0x000002c076e83fc0 Thread added: 0x000002c076e811d0
Event: 61.244 Thread 0x000002c076e81ef0 Thread added: 0x000002c07c91f690
Event: 61.345 Thread 0x000002c076e81ef0 Thread added: 0x000002c07c91dc50
Event: 62.699 Thread 0x000002c076e81ef0 Thread added: 0x000002c07c91fd20
Event: 62.760 Thread 0x000002c076e81ef0 Thread added: 0x000002c07c91e2e0
Event: 85.755 Thread 0x000002c076e81ef0 Thread added: 0x000002c07c91f000
Event: 146.995 Thread 0x000002c076e811d0 Thread exited: 0x000002c076e811d0
Event: 151.990 Thread 0x000002c076e83fc0 Thread added: 0x000002c07c91cf30
Event: 154.222 Thread 0x000002c076e81ef0 Thread added: 0x000002c07c921760
Event: 164.673 Thread 0x000002c076e81ef0 Thread added: 0x000002c07c923830
Event: 166.634 Thread 0x000002c076e81ef0 Thread added: 0x000002c07c921df0
Event: 171.615 Thread 0x000002c076e81ef0 Thread added: 0x000002c07c922480
Event: 172.987 Thread 0x000002c076e81ef0 Thread added: 0x000002c07c920a40


Dynamic libraries:
0x00007ff68b060000 - 0x00007ff68b06e000 	C:\Users\LENOVO\.antigravity-ide\extensions\redhat.java-1.56.0-win32-x64\jre\21.0.12.1-win32-x86_64\bin\java.exe
0x00007ffba7f40000 - 0x00007ffba81a7000 	C:\WINDOWS\SYSTEM32\ntdll.dll
0x00007ffba6070000 - 0x00007ffba613b000 	C:\WINDOWS\System32\KERNEL32.DLL
0x00007ffba5490000 - 0x00007ffba5892000 	C:\WINDOWS\System32\KERNELBASE.dll
0x00007ffba5140000 - 0x00007ffba528c000 	C:\WINDOWS\System32\ucrtbase.dll
0x00007ffb98210000 - 0x00007ffb98228000 	C:\Users\LENOVO\.antigravity-ide\extensions\redhat.java-1.56.0-win32-x64\jre\21.0.12.1-win32-x86_64\bin\jli.dll
0x00007ffba5e00000 - 0x00007ffba5fcf000 	C:\WINDOWS\System32\USER32.dll
0x00007ffba59e0000 - 0x00007ffba5a07000 	C:\WINDOWS\System32\win32u.dll
0x00007ffba5d80000 - 0x00007ffba5dab000 	C:\WINDOWS\System32\GDI32.dll
0x00007ffba52a0000 - 0x00007ffba53c9000 	C:\WINDOWS\System32\gdi32full.dll
0x00007ffba5930000 - 0x00007ffba59d3000 	C:\WINDOWS\System32\msvcp_win.dll
0x00007ffb97910000 - 0x00007ffb9792e000 	C:\Users\LENOVO\.antigravity-ide\extensions\redhat.java-1.56.0-win32-x64\jre\21.0.12.1-win32-x86_64\bin\VCRUNTIME140.dll
0x00007ffb8ec40000 - 0x00007ffb8eed0000 	C:\WINDOWS\WinSxS\amd64_microsoft.windows.common-controls_6595b64144ccf1df_6.0.26100.9278_none_3e0d1ba8e3303201\COMCTL32.dll
0x00007ffba6840000 - 0x00007ffba68e9000 	C:\WINDOWS\System32\msvcrt.dll
0x00007ffba5dc0000 - 0x00007ffba5df1000 	C:\WINDOWS\System32\IMM32.DLL
0x00007ffb98200000 - 0x00007ffb9820c000 	C:\Users\LENOVO\.antigravity-ide\extensions\redhat.java-1.56.0-win32-x64\jre\21.0.12.1-win32-x86_64\bin\vcruntime140_1.dll
0x00007ffb763b0000 - 0x00007ffb7643d000 	C:\Users\LENOVO\.antigravity-ide\extensions\redhat.java-1.56.0-win32-x64\jre\21.0.12.1-win32-x86_64\bin\msvcp140.dll
0x00007ffb366c0000 - 0x00007ffb37462000 	C:\Users\LENOVO\.antigravity-ide\extensions\redhat.java-1.56.0-win32-x64\jre\21.0.12.1-win32-x86_64\bin\server\jvm.dll
0x00007ffba66f0000 - 0x00007ffba67ac000 	C:\WINDOWS\System32\ADVAPI32.dll
0x00007ffba7e30000 - 0x00007ffba7ed9000 	C:\WINDOWS\System32\sechost.dll
0x00007ffba5c60000 - 0x00007ffba5d78000 	C:\WINDOWS\System32\RPCRT4.dll
0x00007ffba7090000 - 0x00007ffba7110000 	C:\WINDOWS\System32\WS2_32.dll
0x00007ffba4f90000 - 0x00007ffba4fee000 	C:\WINDOWS\SYSTEM32\POWRPROF.dll
0x00007ffb983b0000 - 0x00007ffb983e6000 	C:\WINDOWS\SYSTEM32\WINMM.dll
0x00007ffb93ff0000 - 0x00007ffb93ffb000 	C:\WINDOWS\SYSTEM32\VERSION.dll
0x00007ffba4f70000 - 0x00007ffba4f85000 	C:\WINDOWS\SYSTEM32\UMPDC.dll
0x00007ffba3dd0000 - 0x00007ffba3deb000 	C:\WINDOWS\SYSTEM32\kernel.appcore.dll
0x00007ffb97640000 - 0x00007ffb9764a000 	C:\Users\LENOVO\.antigravity-ide\extensions\redhat.java-1.56.0-win32-x64\jre\21.0.12.1-win32-x86_64\bin\jimage.dll
0x00007ffba2480000 - 0x00007ffba26cc000 	C:\WINDOWS\SYSTEM32\DBGHELP.DLL
0x00007ffba7950000 - 0x00007ffba7cd5000 	C:\WINDOWS\System32\combase.dll
0x00007ffba62c0000 - 0x00007ffba6399000 	C:\WINDOWS\System32\OLEAUT32.dll
0x00007ffb8c4f0000 - 0x00007ffb8c52b000 	C:\WINDOWS\SYSTEM32\dbgcore.DLL
0x00007ffba5a10000 - 0x00007ffba5abc000 	C:\WINDOWS\System32\bcryptPrimitives.dll
0x00007ffb87510000 - 0x00007ffb8751f000 	C:\Users\LENOVO\.antigravity-ide\extensions\redhat.java-1.56.0-win32-x64\jre\21.0.12.1-win32-x86_64\bin\instrument.dll
0x00007ffb77ba0000 - 0x00007ffb77bc0000 	C:\Users\LENOVO\.antigravity-ide\extensions\redhat.java-1.56.0-win32-x64\jre\21.0.12.1-win32-x86_64\bin\java.dll
0x00007ffba68f0000 - 0x00007ffba7088000 	C:\WINDOWS\System32\SHELL32.dll
0x00007ffba2b60000 - 0x00007ffba340e000 	C:\WINDOWS\SYSTEM32\windows.storage.dll
0x00007ffba7d30000 - 0x00007ffba7e2b000 	C:\WINDOWS\System32\SHCORE.dll
0x00007ffba67d0000 - 0x00007ffba6836000 	C:\WINDOWS\System32\shlwapi.dll
0x00007ffba5060000 - 0x00007ffba5089000 	C:\WINDOWS\SYSTEM32\profapi.dll
0x00007ffb77b80000 - 0x00007ffb77b98000 	C:\Users\LENOVO\.antigravity-ide\extensions\redhat.java-1.56.0-win32-x64\jre\21.0.12.1-win32-x86_64\bin\zip.dll
0x00007ffb97630000 - 0x00007ffb97640000 	C:\Users\LENOVO\.antigravity-ide\extensions\redhat.java-1.56.0-win32-x64\jre\21.0.12.1-win32-x86_64\bin\net.dll
0x00007ffb9d7d0000 - 0x00007ffb9d8fa000 	C:\WINDOWS\SYSTEM32\WINHTTP.dll
0x00007ffba4370000 - 0x00007ffba43dc000 	C:\WINDOWS\system32\mswsock.dll
0x00007ffb759a0000 - 0x00007ffb759b6000 	C:\Users\LENOVO\.antigravity-ide\extensions\redhat.java-1.56.0-win32-x64\jre\21.0.12.1-win32-x86_64\bin\nio.dll
0x00007ffb87520000 - 0x00007ffb87530000 	C:\Users\LENOVO\.antigravity-ide\extensions\redhat.java-1.56.0-win32-x64\jre\21.0.12.1-win32-x86_64\bin\verify.dll
0x00007ffb75970000 - 0x00007ffb75997000 	C:\Users\LENOVO\.gradle\native\1def1411415f61bf3af743bc5b6707747c0891f09f0c88961ee8f79bc544acac\windows-amd64\native-platform.dll
0x00007ffb39e90000 - 0x00007ffb39f08000 	C:\Users\LENOVO\.gradle\native\0.2.7\x86_64-windows-gnu\gradle-fileevents.dll
0x00007ffb865b0000 - 0x00007ffb865ba000 	C:\Users\LENOVO\.antigravity-ide\extensions\redhat.java-1.56.0-win32-x64\jre\21.0.12.1-win32-x86_64\bin\management.dll
0x00007ffb7a950000 - 0x00007ffb7a95c000 	C:\Users\LENOVO\.antigravity-ide\extensions\redhat.java-1.56.0-win32-x64\jre\21.0.12.1-win32-x86_64\bin\management_ext.dll
0x00007ffba5db0000 - 0x00007ffba5db8000 	C:\WINDOWS\System32\PSAPI.DLL
0x00007ffba3780000 - 0x00007ffba37b3000 	C:\WINDOWS\SYSTEM32\IPHLPAPI.DLL
0x00007ffba7120000 - 0x00007ffba712a000 	C:\WINDOWS\System32\NSI.dll
0x00007ffb7a900000 - 0x00007ffb7a909000 	C:\Users\LENOVO\.antigravity-ide\extensions\redhat.java-1.56.0-win32-x64\jre\21.0.12.1-win32-x86_64\bin\extnet.dll
0x00007ffba4790000 - 0x00007ffba47ab000 	C:\WINDOWS\SYSTEM32\CRYPTSP.dll
0x00007ffba3d30000 - 0x00007ffba3d69000 	C:\WINDOWS\system32\rsaenh.dll
0x00007ffba4420000 - 0x00007ffba4454000 	C:\WINDOWS\SYSTEM32\USERENV.dll
0x00007ffba5030000 - 0x00007ffba505a000 	C:\WINDOWS\SYSTEM32\bcrypt.dll
0x00007ffba45d0000 - 0x00007ffba45dc000 	C:\WINDOWS\SYSTEM32\CRYPTBASE.dll
0x00007ffb47f00000 - 0x00007ffb47f0e000 	C:\Users\LENOVO\.antigravity-ide\extensions\redhat.java-1.56.0-win32-x64\jre\21.0.12.1-win32-x86_64\bin\sunmscapi.dll
0x00007ffba5ad0000 - 0x00007ffba5c4e000 	C:\WINDOWS\System32\CRYPT32.dll
0x00007ffba4900000 - 0x00007ffba4930000 	C:\WINDOWS\SYSTEM32\ncrypt.dll
0x00007ffba48b0000 - 0x00007ffba48ef000 	C:\WINDOWS\SYSTEM32\NTASN1.dll
0x00007ffb66b40000 - 0x00007ffb66b48000 	C:\WINDOWS\system32\wshunix.dll

JVMTI agents:
C:\Users\LENOVO\.gradle\wrapper\dists\gradle-8.14-bin\38aieal9i53h9rfe7vjup95b9\gradle-8.14\lib\agents\gradle-instrumentation-agent-8.14.jar path:C:\Users\LENOVO\.antigravity-ide\extensions\redhat.java-1.56.0-win32-x64\jre\21.0.12.1-win32-x86_64\bin\instrument.dll, loaded, initialized, instrumentlib options:none

dbghelp: loaded successfully - version: 4.0.5 - missing functions: none
symbol engine: initialized successfully - sym options: 0x614 - pdb path: .;C:\Users\LENOVO\.antigravity-ide\extensions\redhat.java-1.56.0-win32-x64\jre\21.0.12.1-win32-x86_64\bin;C:\WINDOWS\SYSTEM32;C:\WINDOWS\WinSxS\amd64_microsoft.windows.common-controls_6595b64144ccf1df_6.0.26100.9278_none_3e0d1ba8e3303201;C:\Users\LENOVO\.antigravity-ide\extensions\redhat.java-1.56.0-win32-x64\jre\21.0.12.1-win32-x86_64\bin\server;C:\Users\LENOVO\.gradle\native\1def1411415f61bf3af743bc5b6707747c0891f09f0c88961ee8f79bc544acac\windows-amd64;C:\Users\LENOVO\.gradle\native\0.2.7\x86_64-windows-gnu

VM Arguments:
jvm_args: --add-opens=java.base/java.lang=ALL-UNNAMED --add-opens=java.base/java.lang.invoke=ALL-UNNAMED --add-opens=java.base/java.util=ALL-UNNAMED --add-opens=java.prefs/java.util.prefs=ALL-UNNAMED --add-exports=jdk.compiler/com.sun.tools.javac.api=ALL-UNNAMED --add-exports=jdk.compiler/com.sun.tools.javac.util=ALL-UNNAMED --add-opens=java.base/java.util=ALL-UNNAMED --add-opens=java.prefs/java.util.prefs=ALL-UNNAMED --add-opens=java.base/java.nio.charset=ALL-UNNAMED --add-opens=java.base/java.net=ALL-UNNAMED --add-opens=java.base/java.util.concurrent.atomic=ALL-UNNAMED --add-opens=java.xml/javax.xml.namespace=ALL-UNNAMED -Xmx1024m -Dfile.encoding=UTF-8 -Duser.country=US -Duser.language=en -Duser.variant -javaagent:C:\Users\LENOVO\.gradle\wrapper\dists\gradle-8.14-bin\38aieal9i53h9rfe7vjup95b9\gradle-8.14\lib\agents\gradle-instrumentation-agent-8.14.jar 
java_command: org.gradle.launcher.daemon.bootstrap.GradleDaemon 8.14
java_class_path (initial): C:\Users\LENOVO\.gradle\wrapper\dists\gradle-8.14-bin\38aieal9i53h9rfe7vjup95b9\gradle-8.14\lib\gradle-daemon-main-8.14.jar
Launcher Type: SUN_STANDARD

[Global flags]
     intx CICompilerCount                          = 4                                         {product} {ergonomic}
     uint ConcGCThreads                            = 2                                         {product} {ergonomic}
     uint G1ConcRefinementThreads                  = 8                                         {product} {ergonomic}
   size_t G1HeapRegionSize                         = 1048576                                   {product} {ergonomic}
    uintx GCDrainStackTargetSize                   = 64                                        {product} {ergonomic}
   size_t InitialHeapSize                          = 98566144                                  {product} {ergonomic}
   size_t MarkStackSize                            = 4194304                                   {product} {ergonomic}
   size_t MaxHeapSize                              = 1073741824                                {product} {command line}
   size_t MaxNewSize                               = 643825664                                 {product} {ergonomic}
   size_t MinHeapDeltaBytes                        = 1048576                                   {product} {ergonomic}
   size_t MinHeapSize                              = 8388608                                   {product} {ergonomic}
    uintx NonNMethodCodeHeapSize                   = 5839372                                {pd product} {ergonomic}
    uintx NonProfiledCodeHeapSize                  = 122909434                              {pd product} {ergonomic}
    uintx ProfiledCodeHeapSize                     = 122909434                              {pd product} {ergonomic}
    uintx ReservedCodeCacheSize                    = 251658240                              {pd product} {ergonomic}
     bool SegmentedCodeCache                       = true                                      {product} {ergonomic}
   size_t SoftMaxHeapSize                          = 1073741824                             {manageable} {ergonomic}
     bool UseCompressedOops                        = true                           {product lp64_product} {ergonomic}
     bool UseG1GC                                  = true                                      {product} {ergonomic}
     bool UseLargePagesIndividualAllocation        = false                                  {pd product} {ergonomic}

Logging:
Log output configuration:
 #0: stdout all=warning uptime,level,tags foldmultilines=false
 #1: stderr all=off uptime,level,tags foldmultilines=false

Release file:
JAVA_VERSION="21.0.12.1" 
MODULES="java.base java.compiler java.datatransfer java.xml java.prefs java.desktop java.instrument java.logging java.management java.security.sasl java.naming java.rmi java.management.rmi java.net.http java.scripting java.security.jgss java.transaction.xa java.sql java.sql.rowset java.xml.crypto java.se java.smartcardio jdk.accessibility jdk.internal.jvmstat jdk.attach jdk.charsets jdk.internal.opt jdk.zipfs jdk.compiler jdk.crypto.ec jdk.crypto.cryptoki jdk.crypto.mscapi jdk.dynalink jdk.internal.ed jdk.editpad jdk.hotspot.agent jdk.httpserver jdk.internal.le jdk.internal.vm.ci jdk.internal.vm.compiler jdk.internal.vm.compiler.management jdk.jartool jdk.javadoc jdk.jcmd jdk.management jdk.management.agent jdk.jconsole jdk.jdeps jdk.jdwp.agent jdk.jdi jdk.jfr jdk.jshell jdk.jsobject jdk.jstatd jdk.localedata jdk.management.jfr jdk.naming.dns jdk.naming.rmi jdk.net jdk.nio.mapmode jdk.random jdk.sctp jdk.security.auth jdk.security.jgss jdk.unsupported jdk.unsupported.desktop jdk.xml.dom" 

Environment Variables:
JAVA_HOME=C:\Program Files\Android\Android Studio\jbr
PATH=C:\WINDOWS\system32;C:\WINDOWS;C:\WINDOWS\System32\Wbem;C:\WINDOWS\System32\WindowsPowerShell\v1.0\;C:\WINDOWS\System32\OpenSSH\;C:\Program Files\Docker\Docker\resources\bin;C:\Program Files\nodejs\;C:\Program Files\Git\cmd;C:\Users\LENOVO\AppData\Local\Programs\Python\Python312\Scripts\;C:\Users\LENOVO\AppData\Local\Programs\Python\Python312\;C:\Users\LENOVO\AppData\Local\Programs\Python\Launcher\;C:\Users\LENOVO\AppData\Local\Programs\Python\Python314\Scripts\;C:\Users\LENOVO\AppData\Local\Programs\Python\Python314\;C:\Users\LENOVO\AppData\Local\Microsoft\WindowsApps;C:\Users\LENOVO\AppData\Local\Programs\Antigravity\bin;C:\Users\LENOVO\AppData\Roaming\npm;C:\ScrcpyLauncher by praveen;C:\Users\LENOVO\AppData\Local\PowerToys\DSCModules\;C:\Users\LENOVO\AppData\Local\Programs\Antigravity IDE\bin
USERNAME=LENOVO
OS=Windows_NT
PROCESSOR_IDENTIFIER=AMD64 Family 23 Model 160 Stepping 0, AuthenticAMD
TMP=C:\Users\LENOVO\AppData\Local\Temp
TEMP=C:\Users\LENOVO\AppData\Local\Temp




Periodic native trim disabled

---------------  S Y S T E M  ---------------

OS:
 Windows 11 , 64 bit Build 26100 (10.0.26100.9444)
OS uptime: 8 days 1:41 hours
Hyper-V role detected

CPU: total 8 (initial active 8) (8 cores per cpu, 2 threads per core) family 23 model 160 stepping 0 microcode 0x8a0000a, cx8, cmov, fxsr, ht, mmx, 3dnowpref, sse, sse2, sse3, ssse3, sse4a, sse4.1, sse4.2, popcnt, lzcnt, tsc, tscinvbit, avx, avx2, aes, clmul, bmi1, bmi2, adx, sha, fma, vzeroupper, clflush, clflushopt, hv, rdtscp, rdpid, f16c
Processor Information for the first 8 processors :
  Max Mhz: 2401, Current Mhz: 2401, Mhz Limit: 2401

Memory: 4k page, system-wide physical 5965M (186M free)
TotalPageFile size 24397M (AvailPageFile size 0M)
current process WorkingSet (physical memory assigned to process): 113M, peak: 167M
current process commit charge ("private bytes"): 280M, peak: 280M

vm_info: OpenJDK 64-Bit Server VM (21.0.12.1+1-LTS) for windows-amd64 JRE (21.0.12.1+1-LTS), built on 2026-08-18T00:00:00Z by "admin" with MS VC++ 17.12 (VS2022)

END.
