#
# There is insufficient memory for the Java Runtime Environment to continue.
# Native memory allocation (malloc) failed to allocate 925136 bytes. Error detail: Chunk::new
# Possible reasons:
#   The system is out of physical RAM or swap space
#   This process is running with CompressedOops enabled, and the Java Heap may be blocking the growth of the native heap
# Possible solutions:
#   Reduce memory load on the system
#   Increase physical memory or swap space
#   Check if swap backing store is full
#   Decrease Java heap size (-Xmx/-Xms)
#   Decrease number of Java threads
#   Decrease Java thread stack sizes (-Xss)
#   Set larger code cache with -XX:ReservedCodeCacheSize=
#   JVM is running with Unscaled Compressed Oops mode in which the Java heap is
#     placed in the first 4GB address space. The Java Heap base address is the
#     maximum limit for the native heap growth. Please use -XX:HeapBaseMinAddress
#     to set the Java Heap base and to place the Java Heap above 4GB virtual address.
# This output file may be truncated or incomplete.
#
#  Out of Memory Error (arena.cpp:168), pid=26792, tid=29120
#
# JRE version: OpenJDK Runtime Environment Temurin-21.0.12.1+1 (21.0.12.1+1) (build 21.0.12.1+1-LTS)
# Java VM: OpenJDK 64-Bit Server VM Temurin-21.0.12.1+1 (21.0.12.1+1-LTS, mixed mode, sharing, tiered, compressed oops, compressed class ptrs, g1 gc, windows-amd64)
# No core dump will be written. Minidumps are not enabled by default on client versions of Windows
#

---------------  S U M M A R Y ------------

Command Line: --add-opens=java.base/java.lang=ALL-UNNAMED --add-opens=java.base/java.lang.invoke=ALL-UNNAMED --add-opens=java.base/java.util=ALL-UNNAMED --add-opens=java.prefs/java.util.prefs=ALL-UNNAMED --add-exports=jdk.compiler/com.sun.tools.javac.api=ALL-UNNAMED --add-exports=jdk.compiler/com.sun.tools.javac.util=ALL-UNNAMED --add-opens=java.base/java.util=ALL-UNNAMED --add-opens=java.prefs/java.util.prefs=ALL-UNNAMED --add-opens=java.base/java.nio.charset=ALL-UNNAMED --add-opens=java.base/java.net=ALL-UNNAMED --add-opens=java.base/java.util.concurrent.atomic=ALL-UNNAMED --add-opens=java.xml/javax.xml.namespace=ALL-UNNAMED -Xmx1024m -Dfile.encoding=UTF-8 -Duser.country=US -Duser.language=en -Duser.variant -javaagent:C:\Users\LENOVO\.gradle\wrapper\dists\gradle-8.14-bin\38aieal9i53h9rfe7vjup95b9\gradle-8.14\lib\agents\gradle-instrumentation-agent-8.14.jar org.gradle.launcher.daemon.bootstrap.GradleDaemon 8.14

Host: AMD Ryzen 3 7320U with Radeon Graphics         , 8 cores, 5G,  Windows 11 , 64 bit Build 26100 (10.0.26100.9444)
Time: Mon Sep 28 11:25:30 2026 Nepal Standard Time elapsed time: 98.792380 seconds (0d 0h 1m 38s)

---------------  T H R E A D  ---------------

Current thread (0x0000025d1edb2280):  JavaThread "C2 CompilerThread0" daemon [_thread_in_native, id=29120, stack(0x000000f2e1e00000,0x000000f2e1f00000) (1024K)]


Current CompileTask:
C2:98792 5129       4       java.util.regex.Pattern::compile (537 bytes)

Stack: [0x000000f2e1e00000,0x000000f2e1f00000]
Native frames: (J=compiled Java code, j=interpreted, Vv=VM code, C=native code)
V  [jvm.dll+0x6d83e9]
V  [jvm.dll+0x8b5736]
V  [jvm.dll+0x8b7cee]
V  [jvm.dll+0x8b83d3]
V  [jvm.dll+0x284596]
V  [jvm.dll+0xc685d]
V  [jvm.dll+0xc6da1]
V  [jvm.dll+0x3bf151]
V  [jvm.dll+0x38b6d2]
V  [jvm.dll+0x38ab1a]
V  [jvm.dll+0x24c700]
V  [jvm.dll+0x24bce0]
V  [jvm.dll+0x1cb4ae]
V  [jvm.dll+0x25baad]
V  [jvm.dll+0x25a03a]
V  [jvm.dll+0x3f8aae]
V  [jvm.dll+0x8600cd]
V  [jvm.dll+0x6d6c1d]
C  [ucrtbase.dll+0x2cd30]
C  [KERNEL32.DLL+0x2cd87]
C  [ntdll.dll+0xacaec]


---------------  P R O C E S S  ---------------

Threads class SMR info:
_java_thread_list=0x0000025d6758ff60, length=35, elements={
0x0000025d08a8e860, 0x0000025d1edaa6c0, 0x0000025d1edade50, 0x0000025d1edaf5d0,
0x0000025d1edb0030, 0x0000025d1edb0a90, 0x0000025d1edb14f0, 0x0000025d1edb2280,
0x0000025d1edb6620, 0x0000025d64184e30, 0x0000025d641c6aa0, 0x0000025d65997d00,
0x0000025d64dd97a0, 0x0000025d64a6a8a0, 0x0000025d65b87c80, 0x0000025d64da1ee0,
0x0000025d659712d0, 0x0000025d65972680, 0x0000025d65972d10, 0x0000025d6596f890,
0x0000025d6596ff20, 0x0000025d659705b0, 0x0000025d65971ff0, 0x0000025d65970c40,
0x0000025d65971960, 0x0000025d674fabc0, 0x0000025d674fb8e0, 0x0000025d674fa530,
0x0000025d674f9810, 0x0000025d674f8af0, 0x0000025d674fc600, 0x0000025d674f9180,
0x0000025d674fcc90, 0x0000025d674fd320, 0x0000025d674f9ea0
}

Java Threads: ( => current thread )
  0x0000025d08a8e860 JavaThread "main"                              [_thread_blocked, id=19160, stack(0x000000f2e1000000,0x000000f2e1100000) (1024K)]
  0x0000025d1edaa6c0 JavaThread "Reference Handler"          daemon [_thread_blocked, id=27096, stack(0x000000f2e1800000,0x000000f2e1900000) (1024K)]
  0x0000025d1edade50 JavaThread "Finalizer"                  daemon [_thread_blocked, id=15828, stack(0x000000f2e1900000,0x000000f2e1a00000) (1024K)]
  0x0000025d1edaf5d0 JavaThread "Signal Dispatcher"          daemon [_thread_blocked, id=31384, stack(0x000000f2e1a00000,0x000000f2e1b00000) (1024K)]
  0x0000025d1edb0030 JavaThread "Attach Listener"            daemon [_thread_blocked, id=25032, stack(0x000000f2e1b00000,0x000000f2e1c00000) (1024K)]
  0x0000025d1edb0a90 JavaThread "Service Thread"             daemon [_thread_blocked, id=10272, stack(0x000000f2e1c00000,0x000000f2e1d00000) (1024K)]
  0x0000025d1edb14f0 JavaThread "Monitor Deflation Thread"   daemon [_thread_blocked, id=24868, stack(0x000000f2e1d00000,0x000000f2e1e00000) (1024K)]
=>0x0000025d1edb2280 JavaThread "C2 CompilerThread0"         daemon [_thread_in_native, id=29120, stack(0x000000f2e1e00000,0x000000f2e1f00000) (1024K)]
  0x0000025d1edb6620 JavaThread "C1 CompilerThread0"         daemon [_thread_blocked, id=13792, stack(0x000000f2e1f00000,0x000000f2e2000000) (1024K)]
  0x0000025d64184e30 JavaThread "Common-Cleaner"             daemon [_thread_blocked, id=8284, stack(0x000000f2e2000000,0x000000f2e2100000) (1024K)]
  0x0000025d641c6aa0 JavaThread "Notification Thread"        daemon [_thread_blocked, id=30008, stack(0x000000f2e2100000,0x000000f2e2200000) (1024K)]
  0x0000025d65997d00 JavaThread "Daemon health stats"               [_thread_blocked, id=9512, stack(0x000000f2e2600000,0x000000f2e2700000) (1024K)]
  0x0000025d64dd97a0 JavaThread "Incoming local TCP Connector on port 10253"        [_thread_in_native, id=16852, stack(0x000000f2e2700000,0x000000f2e2800000) (1024K)]
  0x0000025d64a6a8a0 JavaThread "Daemon periodic checks"            [_thread_blocked, id=27848, stack(0x000000f2e2800000,0x000000f2e2900000) (1024K)]
  0x0000025d65b87c80 JavaThread "Daemon"                            [_thread_blocked, id=17672, stack(0x000000f2e2900000,0x000000f2e2a00000) (1024K)]
  0x0000025d64da1ee0 JavaThread "Handler for socket connection from /127.0.0.1:10253 to /127.0.0.1:10254"        [_thread_in_native, id=20700, stack(0x000000f2e2a00000,0x000000f2e2b00000) (1024K)]
  0x0000025d659712d0 JavaThread "Cancel handler"                    [_thread_blocked, id=24652, stack(0x000000f2e2b00000,0x000000f2e2c00000) (1024K)]
  0x0000025d65972680 JavaThread "Daemon worker"                     [_thread_in_vm, id=24000, stack(0x000000f2e2c00000,0x000000f2e2d00000) (1024K)]
  0x0000025d65972d10 JavaThread "Asynchronous log dispatcher for DefaultDaemonConnection: socket connection from /127.0.0.1:10253 to /127.0.0.1:10254"        [_thread_blocked, id=23940, stack(0x000000f2e2d00000,0x000000f2e2e00000) (1024K)]
  0x0000025d6596f890 JavaThread "Stdin handler"                     [_thread_blocked, id=12912, stack(0x000000f2e2e00000,0x000000f2e2f00000) (1024K)]
  0x0000025d6596ff20 JavaThread "Daemon client event forwarder"        [_thread_blocked, id=24904, stack(0x000000f2e2f00000,0x000000f2e3000000) (1024K)]
  0x0000025d659705b0 JavaThread "Cache worker for journal cache (C:\Users\LENOVO\.gradle\caches\journal-1)"        [_thread_blocked, id=16836, stack(0x000000f2e3300000,0x000000f2e3400000) (1024K)]
  0x0000025d65971ff0 JavaThread "File lock request listener"        [_thread_in_native, id=31544, stack(0x000000f2e3400000,0x000000f2e3500000) (1024K)]
  0x0000025d65970c40 JavaThread "Cache worker for file hash cache (C:\Users\LENOVO\.gradle\caches\8.14\fileHashes)"        [_thread_blocked, id=13560, stack(0x000000f2e3500000,0x000000f2e3600000) (1024K)]
  0x0000025d65971960 JavaThread "File lock release action executor"        [_thread_blocked, id=10640, stack(0x000000f2e3600000,0x000000f2e3700000) (1024K)]
  0x0000025d674fabc0 JavaThread "Cache worker for file hash cache (C:\Users\LENOVO\Desktop\HeliBoard-main\.gradle\8.14\fileHashes)"        [_thread_blocked, id=16436, stack(0x000000f2e3800000,0x000000f2e3900000) (1024K)]
  0x0000025d674fb8e0 JavaThread "Cache worker for Build Output Cleanup Cache (C:\Users\LENOVO\Desktop\HeliBoard-main\.gradle\buildOutputCleanup)"        [_thread_blocked, id=30412, stack(0x000000f2e3900000,0x000000f2e3a00000) (1024K)]
  0x0000025d674fa530 JavaThread "File watcher server"        daemon [_thread_in_native, id=30512, stack(0x000000f2e3a00000,0x000000f2e3b00000) (1024K)]
  0x0000025d674f9810 JavaThread "File watcher consumer"      daemon [_thread_blocked, id=24256, stack(0x000000f2e3b00000,0x000000f2e3c00000) (1024K)]
  0x0000025d674f8af0 JavaThread "jar transforms"                    [_thread_blocked, id=21028, stack(0x000000f2e0d00000,0x000000f2e0e00000) (1024K)]
  0x0000025d674fc600 JavaThread "jar transforms Thread 2"           [_thread_blocked, id=22460, stack(0x000000f2e0e00000,0x000000f2e0f00000) (1024K)]
  0x0000025d674f9180 JavaThread "Cache worker for checksums cache (C:\Users\LENOVO\Desktop\HeliBoard-main\.gradle\8.14\checksums)"        [_thread_blocked, id=27512, stack(0x000000f2e0f00000,0x000000f2e1000000) (1024K)]
  0x0000025d674fcc90 JavaThread "Cache worker for file content cache (C:\Users\LENOVO\.gradle\caches\8.14\fileContent)"        [_thread_blocked, id=11116, stack(0x000000f2e3c00000,0x000000f2e3d00000) (1024K)]
  0x0000025d674fd320 JavaThread "Cache worker for cache directory md-supplier (C:\Users\LENOVO\.gradle\caches\8.14\md-supplier)"        [_thread_blocked, id=22084, stack(0x000000f2e3d00000,0x000000f2e3e00000) (1024K)]
  0x0000025d674f9ea0 JavaThread "Cache worker for cache directory md-rule (C:\Users\LENOVO\.gradle\caches\8.14\md-rule)"        [_thread_blocked, id=30856, stack(0x000000f2e3e00000,0x000000f2e3f00000) (1024K)]
Total: 35

Other Threads:
  0x0000025d1ed8cb30 VMThread "VM Thread"                           [id=19716, stack(0x000000f2e1700000,0x000000f2e1800000) (1024K)]
  0x0000025d1ed794f0 WatcherThread "VM Periodic Task Thread"        [id=14396, stack(0x000000f2e1600000,0x000000f2e1700000) (1024K)]
  0x0000025d08ac9040 WorkerThread "GC Thread#0"                     [id=27748, stack(0x000000f2e1100000,0x000000f2e1200000) (1024K)]
  0x0000025d6422fb30 WorkerThread "GC Thread#1"                     [id=23696, stack(0x000000f2e2200000,0x000000f2e2300000) (1024K)]
  0x0000025d642cfc00 WorkerThread "GC Thread#2"                     [id=9364, stack(0x000000f2e2300000,0x000000f2e2400000) (1024K)]
  0x0000025d64cd6960 WorkerThread "GC Thread#3"                     [id=2536, stack(0x000000f2e2400000,0x000000f2e2500000) (1024K)]
  0x0000025d64f2f1b0 WorkerThread "GC Thread#4"                     [id=15208, stack(0x000000f2e2500000,0x000000f2e2600000) (1024K)]
  0x0000025d65c090c0 WorkerThread "GC Thread#5"                     [id=27732, stack(0x000000f2e3000000,0x000000f2e3100000) (1024K)]
  0x0000025d65c09470 WorkerThread "GC Thread#6"                     [id=17836, stack(0x000000f2e3100000,0x000000f2e3200000) (1024K)]
  0x0000025d65c09820 WorkerThread "GC Thread#7"                     [id=10564, stack(0x000000f2e3200000,0x000000f2e3300000) (1024K)]
  0x0000025d08ad1e40 ConcurrentGCThread "G1 Main Marker"            [id=18280, stack(0x000000f2e1200000,0x000000f2e1300000) (1024K)]
  0x0000025d08ad3770 WorkerThread "G1 Conc#0"                       [id=29900, stack(0x000000f2e1300000,0x000000f2e1400000) (1024K)]
  0x0000025d64f42f90 WorkerThread "G1 Conc#1"                       [id=15004, stack(0x000000f2e3700000,0x000000f2e3800000) (1024K)]
  0x0000025d1ec510a0 ConcurrentGCThread "G1 Refine#0"               [id=9872, stack(0x000000f2e1400000,0x000000f2e1500000) (1024K)]
  0x0000025d1ec518d0 ConcurrentGCThread "G1 Service"                [id=24928, stack(0x000000f2e1500000,0x000000f2e1600000) (1024K)]
Total: 15

Threads with active compile tasks:
C2 CompilerThread0  98840 5129       4       java.util.regex.Pattern::compile (537 bytes)
Total: 1

VM state: not at safepoint (normal execution)

VM Mutex/Monitor currently owned by a thread: None

Heap address: 0x00000000c0000000, size: 1024 MB, Compressed Oops mode: 32-bit

CDS archive(s) mapped at: [0x0000025d1f000000-0x0000025d1fba0000-0x0000025d1fba0000), size 12189696, SharedBaseAddress: 0x0000025d1f000000, ArchiveRelocationMode: 1.
Compressed class space mapped at: 0x0000025d20000000-0x0000025d60000000, reserved size: 1073741824
Narrow klass base: 0x0000025d1f000000, Narrow klass shift: 0, Narrow klass range: 0x100000000

GC Precious Log:
 CardTable entry size: 512
 Card Set container configuration: InlinePtr #cards 5 size 8 Array Of Cards #cards 12 size 40 Howl #buckets 4 coarsen threshold 1843 Howl Bitmap #cards 512 size 80 coarsen threshold 460 Card regions per heap region 1 cards per card region 2048
 CPUs: 8 total, 8 available
 Memory: 5965M
 Large Page Support: Disabled
 NUMA Support: Disabled
 Compressed Oops: Enabled (32-bit)
 Heap Region Size: 1M
 Heap Min Capacity: 8M
 Heap Initial Capacity: 94M
 Heap Max Capacity: 1G
 Pre-touch: Disabled
 Parallel Workers: 8
 Concurrent Workers: 2
 Concurrent Refinement Workers: 8
 Periodic GC: Disabled

Heap:
 garbage-first heap   total 86016K, used 49785K [0x00000000c0000000, 0x0000000100000000)
  region size 1024K, 19 young (19456K), 5 survivors (5120K)
 Metaspace       used 43797K, committed 45312K, reserved 1114112K
  class space    used 6307K, committed 7040K, reserved 1048576K

Heap Regions: E=young(eden), S=young(survivor), O=old, HS=humongous(starts), HC=humongous(continues), CS=collection set, F=free, TAMS=top-at-mark-start, PB=parsable bottom
|   0|0x00000000c0000000, 0x00000000c0100000, 0x00000000c0100000|100%|HS|  |TAMS 0x00000000c0000000| PB 0x00000000c0000000| Complete 
|   1|0x00000000c0100000, 0x00000000c0200000, 0x00000000c0200000|100%|HC|  |TAMS 0x00000000c0100000| PB 0x00000000c0100000| Complete 
|   2|0x00000000c0200000, 0x00000000c0300000, 0x00000000c0300000|100%|HC|  |TAMS 0x00000000c0200000| PB 0x00000000c0200000| Complete 
|   3|0x00000000c0300000, 0x00000000c0400000, 0x00000000c0400000|100%| O|  |TAMS 0x00000000c0300000| PB 0x00000000c0300000| Untracked 
|   4|0x00000000c0400000, 0x00000000c0500000, 0x00000000c0500000|100%| O|  |TAMS 0x00000000c0400000| PB 0x00000000c0400000| Untracked 
|   5|0x00000000c0500000, 0x00000000c0600000, 0x00000000c0600000|100%| O|  |TAMS 0x00000000c0500000| PB 0x00000000c0500000| Untracked 
|   6|0x00000000c0600000, 0x00000000c0700000, 0x00000000c0700000|100%|HS|  |TAMS 0x00000000c0600000| PB 0x00000000c0600000| Complete 
|   7|0x00000000c0700000, 0x00000000c0800000, 0x00000000c0800000|100%| O|  |TAMS 0x00000000c0700000| PB 0x00000000c0700000| Untracked 
|   8|0x00000000c0800000, 0x00000000c0900000, 0x00000000c0900000|100%| O|  |TAMS 0x00000000c0800000| PB 0x00000000c0800000| Untracked 
|   9|0x00000000c0900000, 0x00000000c0a00000, 0x00000000c0a00000|100%| O|  |TAMS 0x00000000c0900000| PB 0x00000000c0900000| Untracked 
|  10|0x00000000c0a00000, 0x00000000c0b00000, 0x00000000c0b00000|100%| O|  |TAMS 0x00000000c0a00000| PB 0x00000000c0a00000| Untracked 
|  11|0x00000000c0b00000, 0x00000000c0c00000, 0x00000000c0c00000|100%| O|  |TAMS 0x00000000c0b00000| PB 0x00000000c0b00000| Untracked 
|  12|0x00000000c0c00000, 0x00000000c0d00000, 0x00000000c0d00000|100%| O|  |TAMS 0x00000000c0c00000| PB 0x00000000c0c00000| Untracked 
|  13|0x00000000c0d00000, 0x00000000c0e00000, 0x00000000c0e00000|100%| O|  |TAMS 0x00000000c0d00000| PB 0x00000000c0d00000| Untracked 
|  14|0x00000000c0e00000, 0x00000000c0f00000, 0x00000000c0f00000|100%| O|  |TAMS 0x00000000c0e00000| PB 0x00000000c0e00000| Untracked 
|  15|0x00000000c0f00000, 0x00000000c1000000, 0x00000000c1000000|100%| O|  |TAMS 0x00000000c0f00000| PB 0x00000000c0f00000| Untracked 
|  16|0x00000000c1000000, 0x00000000c1100000, 0x00000000c1100000|100%| O|  |TAMS 0x00000000c1000000| PB 0x00000000c1000000| Untracked 
|  17|0x00000000c1100000, 0x00000000c1200000, 0x00000000c1200000|100%| O|  |TAMS 0x00000000c1100000| PB 0x00000000c1100000| Untracked 
|  18|0x00000000c1200000, 0x00000000c1300000, 0x00000000c1300000|100%| O|  |TAMS 0x00000000c1200000| PB 0x00000000c1200000| Untracked 
|  19|0x00000000c1300000, 0x00000000c1400000, 0x00000000c1400000|100%| O|  |TAMS 0x00000000c1300000| PB 0x00000000c1300000| Untracked 
|  20|0x00000000c1400000, 0x00000000c14fada8, 0x00000000c1500000| 97%| O|  |TAMS 0x00000000c1400000| PB 0x00000000c1400000| Untracked 
|  21|0x00000000c1500000, 0x00000000c1600000, 0x00000000c1600000|100%| O|  |TAMS 0x00000000c1500000| PB 0x00000000c1500000| Untracked 
|  22|0x00000000c1600000, 0x00000000c1700000, 0x00000000c1700000|100%| O|  |TAMS 0x00000000c1600000| PB 0x00000000c1600000| Untracked 
|  23|0x00000000c1700000, 0x00000000c1800000, 0x00000000c1800000|100%| O|  |TAMS 0x00000000c1700000| PB 0x00000000c1700000| Untracked 
|  24|0x00000000c1800000, 0x00000000c1800000, 0x00000000c1900000|  0%| F|  |TAMS 0x00000000c1800000| PB 0x00000000c1800000| Untracked 
|  25|0x00000000c1900000, 0x00000000c1a00000, 0x00000000c1a00000|100%| O|  |TAMS 0x00000000c1900000| PB 0x00000000c1900000| Untracked 
|  26|0x00000000c1a00000, 0x00000000c1b00000, 0x00000000c1b00000|100%| O|  |TAMS 0x00000000c1a00000| PB 0x00000000c1a00000| Untracked 
|  27|0x00000000c1b00000, 0x00000000c1c00000, 0x00000000c1c00000|100%| O|  |TAMS 0x00000000c1b00000| PB 0x00000000c1b00000| Untracked 
|  28|0x00000000c1c00000, 0x00000000c1d00000, 0x00000000c1d00000|100%| O|  |TAMS 0x00000000c1c00000| PB 0x00000000c1c00000| Untracked 
|  29|0x00000000c1d00000, 0x00000000c1e00000, 0x00000000c1e00000|100%| O|  |TAMS 0x00000000c1d00000| PB 0x00000000c1d00000| Untracked 
|  30|0x00000000c1e00000, 0x00000000c1f00000, 0x00000000c1f00000|100%| O|  |TAMS 0x00000000c1e00000| PB 0x00000000c1e00000| Untracked 
|  31|0x00000000c1f00000, 0x00000000c1f00000, 0x00000000c2000000|  0%| F|  |TAMS 0x00000000c1f00000| PB 0x00000000c1f00000| Untracked 
|  32|0x00000000c2000000, 0x00000000c2000000, 0x00000000c2100000|  0%| F|  |TAMS 0x00000000c2000000| PB 0x00000000c2000000| Untracked 
|  33|0x00000000c2100000, 0x00000000c2200000, 0x00000000c2200000|100%| O|  |TAMS 0x00000000c2100000| PB 0x00000000c2100000| Untracked 
|  34|0x00000000c2200000, 0x00000000c2257f50, 0x00000000c2300000| 34%| O|  |TAMS 0x00000000c2200000| PB 0x00000000c2200000| Untracked 
|  35|0x00000000c2300000, 0x00000000c2300000, 0x00000000c2400000|  0%| F|  |TAMS 0x00000000c2300000| PB 0x00000000c2300000| Untracked 
|  36|0x00000000c2400000, 0x00000000c244b9a0, 0x00000000c2500000| 29%| S|CS|TAMS 0x00000000c2400000| PB 0x00000000c2400000| Complete 
|  37|0x00000000c2500000, 0x00000000c2600000, 0x00000000c2600000|100%| S|CS|TAMS 0x00000000c2500000| PB 0x00000000c2500000| Complete 
|  38|0x00000000c2600000, 0x00000000c2600000, 0x00000000c2700000|  0%| F|  |TAMS 0x00000000c2600000| PB 0x00000000c2600000| Untracked 
|  39|0x00000000c2700000, 0x00000000c2700000, 0x00000000c2800000|  0%| F|  |TAMS 0x00000000c2700000| PB 0x00000000c2700000| Untracked 
|  40|0x00000000c2800000, 0x00000000c2800000, 0x00000000c2900000|  0%| F|  |TAMS 0x00000000c2800000| PB 0x00000000c2800000| Untracked 
|  41|0x00000000c2900000, 0x00000000c2900000, 0x00000000c2a00000|  0%| F|  |TAMS 0x00000000c2900000| PB 0x00000000c2900000| Untracked 
|  42|0x00000000c2a00000, 0x00000000c2b00000, 0x00000000c2b00000|100%| S|CS|TAMS 0x00000000c2a00000| PB 0x00000000c2a00000| Complete 
|  43|0x00000000c2b00000, 0x00000000c2c00000, 0x00000000c2c00000|100%| S|CS|TAMS 0x00000000c2b00000| PB 0x00000000c2b00000| Complete 
|  44|0x00000000c2c00000, 0x00000000c2d00000, 0x00000000c2d00000|100%| S|CS|TAMS 0x00000000c2c00000| PB 0x00000000c2c00000| Complete 
|  45|0x00000000c2d00000, 0x00000000c2d00000, 0x00000000c2e00000|  0%| F|  |TAMS 0x00000000c2d00000| PB 0x00000000c2d00000| Untracked 
|  46|0x00000000c2e00000, 0x00000000c2e00000, 0x00000000c2f00000|  0%| F|  |TAMS 0x00000000c2e00000| PB 0x00000000c2e00000| Untracked 
|  47|0x00000000c2f00000, 0x00000000c2f00000, 0x00000000c3000000|  0%| F|  |TAMS 0x00000000c2f00000| PB 0x00000000c2f00000| Untracked 
|  48|0x00000000c3000000, 0x00000000c3000000, 0x00000000c3100000|  0%| F|  |TAMS 0x00000000c3000000| PB 0x00000000c3000000| Untracked 
|  49|0x00000000c3100000, 0x00000000c3100000, 0x00000000c3200000|  0%| F|  |TAMS 0x00000000c3100000| PB 0x00000000c3100000| Untracked 
|  50|0x00000000c3200000, 0x00000000c3200000, 0x00000000c3300000|  0%| F|  |TAMS 0x00000000c3200000| PB 0x00000000c3200000| Untracked 
|  51|0x00000000c3300000, 0x00000000c3300000, 0x00000000c3400000|  0%| F|  |TAMS 0x00000000c3300000| PB 0x00000000c3300000| Untracked 
|  52|0x00000000c3400000, 0x00000000c3400000, 0x00000000c3500000|  0%| F|  |TAMS 0x00000000c3400000| PB 0x00000000c3400000| Untracked 
|  53|0x00000000c3500000, 0x00000000c3500000, 0x00000000c3600000|  0%| F|  |TAMS 0x00000000c3500000| PB 0x00000000c3500000| Untracked 
|  54|0x00000000c3600000, 0x00000000c3600000, 0x00000000c3700000|  0%| F|  |TAMS 0x00000000c3600000| PB 0x00000000c3600000| Untracked 
|  55|0x00000000c3700000, 0x00000000c3700000, 0x00000000c3800000|  0%| F|  |TAMS 0x00000000c3700000| PB 0x00000000c3700000| Untracked 
|  56|0x00000000c3800000, 0x00000000c3800000, 0x00000000c3900000|  0%| F|  |TAMS 0x00000000c3800000| PB 0x00000000c3800000| Untracked 
|  57|0x00000000c3900000, 0x00000000c3900000, 0x00000000c3a00000|  0%| F|  |TAMS 0x00000000c3900000| PB 0x00000000c3900000| Untracked 
|  58|0x00000000c3a00000, 0x00000000c3a00000, 0x00000000c3b00000|  0%| F|  |TAMS 0x00000000c3a00000| PB 0x00000000c3a00000| Untracked 
|  59|0x00000000c3b00000, 0x00000000c3b00000, 0x00000000c3c00000|  0%| F|  |TAMS 0x00000000c3b00000| PB 0x00000000c3b00000| Untracked 
|  60|0x00000000c3c00000, 0x00000000c3c00000, 0x00000000c3d00000|  0%| F|  |TAMS 0x00000000c3c00000| PB 0x00000000c3c00000| Untracked 
|  61|0x00000000c3d00000, 0x00000000c3d00000, 0x00000000c3e00000|  0%| F|  |TAMS 0x00000000c3d00000| PB 0x00000000c3d00000| Untracked 
|  62|0x00000000c3e00000, 0x00000000c3e00000, 0x00000000c3f00000|  0%| F|  |TAMS 0x00000000c3e00000| PB 0x00000000c3e00000| Untracked 
|  63|0x00000000c3f00000, 0x00000000c3f00000, 0x00000000c4000000|  0%| F|  |TAMS 0x00000000c3f00000| PB 0x00000000c3f00000| Untracked 
|  64|0x00000000c4000000, 0x00000000c4000000, 0x00000000c4100000|  0%| F|  |TAMS 0x00000000c4000000| PB 0x00000000c4000000| Untracked 
|  65|0x00000000c4100000, 0x00000000c4100000, 0x00000000c4200000|  0%| F|  |TAMS 0x00000000c4100000| PB 0x00000000c4100000| Untracked 
|  66|0x00000000c4200000, 0x00000000c4200000, 0x00000000c4300000|  0%| F|  |TAMS 0x00000000c4200000| PB 0x00000000c4200000| Untracked 
|  67|0x00000000c4300000, 0x00000000c4300000, 0x00000000c4400000|  0%| F|  |TAMS 0x00000000c4300000| PB 0x00000000c4300000| Untracked 
|  68|0x00000000c4400000, 0x00000000c4400000, 0x00000000c4500000|  0%| F|  |TAMS 0x00000000c4400000| PB 0x00000000c4400000| Untracked 
|  69|0x00000000c4500000, 0x00000000c4500000, 0x00000000c4600000|  0%| F|  |TAMS 0x00000000c4500000| PB 0x00000000c4500000| Untracked 
|  70|0x00000000c4600000, 0x00000000c46a9d18, 0x00000000c4700000| 66%| E|  |TAMS 0x00000000c4600000| PB 0x00000000c4600000| Complete 
|  71|0x00000000c4700000, 0x00000000c4800000, 0x00000000c4800000|100%| E|CS|TAMS 0x00000000c4700000| PB 0x00000000c4700000| Complete 
|  72|0x00000000c4800000, 0x00000000c4900000, 0x00000000c4900000|100%| E|CS|TAMS 0x00000000c4800000| PB 0x00000000c4800000| Complete 
|  73|0x00000000c4900000, 0x00000000c4a00000, 0x00000000c4a00000|100%| E|CS|TAMS 0x00000000c4900000| PB 0x00000000c4900000| Complete 
|  74|0x00000000c4a00000, 0x00000000c4b00000, 0x00000000c4b00000|100%| E|CS|TAMS 0x00000000c4a00000| PB 0x00000000c4a00000| Complete 
|  75|0x00000000c4b00000, 0x00000000c4c00000, 0x00000000c4c00000|100%| E|CS|TAMS 0x00000000c4b00000| PB 0x00000000c4b00000| Complete 
|  76|0x00000000c4c00000, 0x00000000c4d00000, 0x00000000c4d00000|100%| E|CS|TAMS 0x00000000c4c00000| PB 0x00000000c4c00000| Complete 
|  77|0x00000000c4d00000, 0x00000000c4e00000, 0x00000000c4e00000|100%| E|CS|TAMS 0x00000000c4d00000| PB 0x00000000c4d00000| Complete 
|  78|0x00000000c4e00000, 0x00000000c4f00000, 0x00000000c4f00000|100%| E|CS|TAMS 0x00000000c4e00000| PB 0x00000000c4e00000| Complete 
|  79|0x00000000c4f00000, 0x00000000c5000000, 0x00000000c5000000|100%| E|CS|TAMS 0x00000000c4f00000| PB 0x00000000c4f00000| Complete 
|  80|0x00000000c5000000, 0x00000000c5100000, 0x00000000c5100000|100%| E|CS|TAMS 0x00000000c5000000| PB 0x00000000c5000000| Complete 
|  81|0x00000000c5100000, 0x00000000c5200000, 0x00000000c5200000|100%| E|CS|TAMS 0x00000000c5100000| PB 0x00000000c5100000| Complete 
|  82|0x00000000c5200000, 0x00000000c5300000, 0x00000000c5300000|100%| E|CS|TAMS 0x00000000c5200000| PB 0x00000000c5200000| Complete 
|  93|0x00000000c5d00000, 0x00000000c5e00000, 0x00000000c5e00000|100%| E|CS|TAMS 0x00000000c5d00000| PB 0x00000000c5d00000| Complete 

Card table byte_map: [0x0000025d1b1c0000,0x0000025d1b3c0000] _byte_map_base: 0x0000025d1abc0000

Marking Bits: (CMBitMap*) 0x0000025d08ac9560
 Bits: [0x0000025d1b3c0000, 0x0000025d1c3c0000)

Polling page: 0x0000025d06b80000

Metaspace:

Usage:
  Non-class:     36.61 MB used.
      Class:      6.16 MB used.
       Both:     42.77 MB used.

Virtual space:
  Non-class space:       64.00 MB reserved,      37.38 MB ( 58%) committed,  1 nodes.
      Class space:        1.00 GB reserved,       6.88 MB ( <1%) committed,  1 nodes.
             Both:        1.06 GB reserved,      44.25 MB (  4%) committed. 

Chunk freelists:
   Non-Class:  10.44 MB
       Class:  9.09 MB
        Both:  19.53 MB

MaxMetaspaceSize: unlimited
CompressedClassSpaceSize: 1.00 GB
Initial GC threshold: 21.00 MB
Current GC threshold: 58.69 MB
CDS: on
 - commit_granule_bytes: 65536.
 - commit_granule_words: 8192.
 - virtual_space_node_default_size: 8388608.
 - enlarge_chunks_in_place: 1.
 - use_allocation_guard: 0.


Internal statistics:

num_allocs_failed_limit: 6.
num_arena_births: 2706.
num_arena_deaths: 0.
num_vsnodes_births: 2.
num_vsnodes_deaths: 0.
num_space_committed: 708.
num_space_uncommitted: 0.
num_chunks_returned_to_freelist: 6.
num_chunks_taken_from_freelist: 4780.
num_chunk_merges: 6.
num_chunk_splits: 3080.
num_chunks_enlarged: 1874.
num_inconsistent_stats: 0.

CodeHeap 'non-profiled nmethods': size=120000Kb used=2692Kb max_used=2692Kb free=117308Kb
 bounds [0x0000025d13760000, 0x0000025d13a10000, 0x0000025d1ac90000]
CodeHeap 'profiled nmethods': size=120000Kb used=8952Kb max_used=9124Kb free=111047Kb
 bounds [0x0000025d0bc90000, 0x0000025d0c5a0000, 0x0000025d131c0000]
CodeHeap 'non-nmethods': size=5760Kb used=2569Kb max_used=2604Kb free=3190Kb
 bounds [0x0000025d131c0000, 0x0000025d13450000, 0x0000025d13760000]
CodeCache: size=245760Kb, used=14213Kb, max_used=14420Kb, free=231545Kb
 total_blobs=5455, nmethods=4613, adapters=746, full_count=0
Compilation: enabled, stopped_count=0, restarted_count=0

Compilation events (20 events):
Event: 98.596 Thread 0x0000025d1edb6620 5132       3       java.util.UUID::<init> (15 bytes)
Event: 98.596 Thread 0x0000025d1edb6620 nmethod 5132 0x0000025d0bf71a90 code [0x0000025d0bf71c40, 0x0000025d0bf71db0]
Event: 98.596 Thread 0x0000025d1edb6620 5134       3       org.gradle.internal.remote.internal.inet.MultiChoiceAddressSerializer::read (95 bytes)
Event: 98.598 Thread 0x0000025d1edb6620 nmethod 5134 0x0000025d0bf6ff10 code [0x0000025d0bf70200, 0x0000025d0bf71418]
Event: 98.598 Thread 0x0000025d1edb6620 5135       3       org.gradle.internal.time.Time::clock (4 bytes)
Event: 98.599 Thread 0x0000025d1edb6620 nmethod 5135 0x0000025d0bec3f10 code [0x0000025d0bec40a0, 0x0000025d0bec4198]
Event: 98.599 Thread 0x0000025d1edb6620 5133       3       org.gradle.internal.remote.internal.inet.MultiChoiceAddress::<init> (27 bytes)
Event: 98.599 Thread 0x0000025d1edb6620 nmethod 5133 0x0000025d0bf6f990 code [0x0000025d0bf6fb40, 0x0000025d0bf6fe10]
Event: 98.750 Thread 0x0000025d1edb6620 5137       1       java.lang.Class::getClassLoader0 (5 bytes)
Event: 98.750 Thread 0x0000025d1edb6620 nmethod 5137 0x0000025d13a00410 code [0x0000025d13a005a0, 0x0000025d13a00668]
Event: 98.750 Thread 0x0000025d1edb6620 5138       3       jdk.internal.misc.VM::isModuleSystemInited (13 bytes)
Event: 98.751 Thread 0x0000025d1edb6620 nmethod 5138 0x0000025d0bf6f610 code [0x0000025d0bf6f7a0, 0x0000025d0bf6f8f0]
Event: 98.772 Thread 0x0000025d1edb6620 5139       1       java.lang.StackTraceElement::getClassName (5 bytes)
Event: 98.772 Thread 0x0000025d1edb6620 nmethod 5139 0x0000025d13a00710 code [0x0000025d13a008a0, 0x0000025d13a00968]
Event: 98.777 Thread 0x0000025d1edb6620 5140       3       java.lang.ModuleLayer::boot (4 bytes)
Event: 98.777 Thread 0x0000025d1edb6620 nmethod 5140 0x0000025d0bf6f310 code [0x0000025d0bf6f4a0, 0x0000025d0bf6f598]
Event: 98.784 Thread 0x0000025d1edb6620 5141       1       java.lang.StackTraceElement::getLineNumber (5 bytes)
Event: 98.784 Thread 0x0000025d1edb6620 nmethod 5141 0x0000025d13a00a10 code [0x0000025d13a00ba0, 0x0000025d13a00c68]
Event: 98.787 Thread 0x0000025d1edb6620 5142       1       java.lang.StackTraceElement::getFileName (5 bytes)
Event: 98.787 Thread 0x0000025d1edb6620 nmethod 5142 0x0000025d13a00d10 code [0x0000025d13a00ea0, 0x0000025d13a00f68]

GC Heap History (20 events):
Event: 2.461 GC heap before
{Heap before GC invocations=0 (full 0):
 garbage-first heap   total 96256K, used 23552K [0x00000000c0000000, 0x0000000100000000)
  region size 1024K, 23 young (23552K), 0 survivors (0K)
 Metaspace       used 1055K, committed 1152K, reserved 1114112K
  class space    used 81K, committed 128K, reserved 1048576K
}
Event: 2.513 GC heap after
{Heap after GC invocations=1 (full 0):
 garbage-first heap   total 96256K, used 1920K [0x00000000c0000000, 0x0000000100000000)
  region size 1024K, 2 young (2048K), 2 survivors (2048K)
 Metaspace       used 1055K, committed 1152K, reserved 1114112K
  class space    used 81K, committed 128K, reserved 1048576K
}
Event: 10.866 GC heap before
{Heap before GC invocations=1 (full 0):
 garbage-first heap   total 96256K, used 37760K [0x00000000c0000000, 0x0000000100000000)
  region size 1024K, 35 young (35840K), 2 survivors (2048K)
 Metaspace       used 4404K, committed 4608K, reserved 1114112K
  class space    used 557K, committed 640K, reserved 1048576K
}
Event: 10.880 GC heap after
{Heap after GC invocations=2 (full 0):
 garbage-first heap   total 96256K, used 10836K [0x00000000c0000000, 0x0000000100000000)
  region size 1024K, 5 young (5120K), 5 survivors (5120K)
 Metaspace       used 4404K, committed 4608K, reserved 1114112K
  class space    used 557K, committed 640K, reserved 1048576K
}
Event: 13.175 GC heap before
{Heap before GC invocations=2 (full 0):
 garbage-first heap   total 96256K, used 54868K [0x00000000c0000000, 0x0000000100000000)
  region size 1024K, 46 young (47104K), 5 survivors (5120K)
 Metaspace       used 4494K, committed 4672K, reserved 1114112K
  class space    used 559K, committed 640K, reserved 1048576K
}
Event: 13.188 GC heap after
{Heap after GC invocations=3 (full 0):
 garbage-first heap   total 96256K, used 16004K [0x00000000c0000000, 0x0000000100000000)
  region size 1024K, 4 young (4096K), 4 survivors (4096K)
 Metaspace       used 4494K, committed 4672K, reserved 1114112K
  class space    used 559K, committed 640K, reserved 1048576K
}
Event: 27.900 GC heap before
{Heap before GC invocations=3 (full 0):
 garbage-first heap   total 96256K, used 69252K [0x00000000c0000000, 0x0000000100000000)
  region size 1024K, 56 young (57344K), 4 survivors (4096K)
 Metaspace       used 14406K, committed 14912K, reserved 1114112K
  class space    used 2008K, committed 2240K, reserved 1048576K
}
Event: 28.014 GC heap after
{Heap after GC invocations=4 (full 0):
 garbage-first heap   total 96256K, used 21653K [0x00000000c0000000, 0x0000000100000000)
  region size 1024K, 6 young (6144K), 6 survivors (6144K)
 Metaspace       used 14406K, committed 14912K, reserved 1114112K
  class space    used 2008K, committed 2240K, reserved 1048576K
}
Event: 52.879 GC heap before
{Heap before GC invocations=4 (full 0):
 garbage-first heap   total 96256K, used 69781K [0x00000000c0000000, 0x0000000100000000)
  region size 1024K, 54 young (55296K), 6 survivors (6144K)
 Metaspace       used 20866K, committed 21504K, reserved 1114112K
  class space    used 3064K, committed 3392K, reserved 1048576K
}
Event: 52.926 GC heap after
{Heap after GC invocations=5 (full 0):
 garbage-first heap   total 96256K, used 25100K [0x00000000c0000000, 0x0000000100000000)
  region size 1024K, 4 young (4096K), 4 survivors (4096K)
 Metaspace       used 20866K, committed 21504K, reserved 1114112K
  class space    used 3064K, committed 3392K, reserved 1048576K
}
Event: 64.120 GC heap before
{Heap before GC invocations=6 (full 0):
 garbage-first heap   total 86016K, used 72204K [0x00000000c0000000, 0x0000000100000000)
  region size 1024K, 50 young (51200K), 4 survivors (4096K)
 Metaspace       used 27245K, committed 28224K, reserved 1114112K
  class space    used 4059K, committed 4544K, reserved 1048576K
}
Event: 64.131 GC heap after
{Heap after GC invocations=7 (full 0):
 garbage-first heap   total 86016K, used 27172K [0x00000000c0000000, 0x0000000100000000)
  region size 1024K, 6 young (6144K), 6 survivors (6144K)
 Metaspace       used 27245K, committed 28224K, reserved 1114112K
  class space    used 4059K, committed 4544K, reserved 1048576K
}
Event: 67.990 GC heap before
{Heap before GC invocations=7 (full 0):
 garbage-first heap   total 86016K, used 70180K [0x00000000c0000000, 0x0000000100000000)
  region size 1024K, 49 young (50176K), 6 survivors (6144K)
 Metaspace       used 32839K, committed 33792K, reserved 1114112K
  class space    used 4677K, committed 5120K, reserved 1048576K
}
Event: 68.003 GC heap after
{Heap after GC invocations=8 (full 0):
 garbage-first heap   total 86016K, used 32195K [0x00000000c0000000, 0x0000000100000000)
  region size 1024K, 7 young (7168K), 7 survivors (7168K)
 Metaspace       used 32839K, committed 33792K, reserved 1114112K
  class space    used 4677K, committed 5120K, reserved 1048576K
}
Event: 75.050 GC heap before
{Heap before GC invocations=8 (full 0):
 garbage-first heap   total 86016K, used 49603K [0x00000000c0000000, 0x0000000100000000)
  region size 1024K, 25 young (25600K), 7 survivors (7168K)
 Metaspace       used 34895K, committed 35968K, reserved 1114112K
  class space    used 5035K, committed 5568K, reserved 1048576K
}
Event: 75.064 GC heap after
{Heap after GC invocations=9 (full 0):
 garbage-first heap   total 86016K, used 33107K [0x00000000c0000000, 0x0000000100000000)
  region size 1024K, 2 young (2048K), 2 survivors (2048K)
 Metaspace       used 34895K, committed 35968K, reserved 1114112K
  class space    used 5035K, committed 5568K, reserved 1048576K
}
Event: 86.830 GC heap before
{Heap before GC invocations=10 (full 0):
 garbage-first heap   total 86016K, used 79187K [0x00000000c0000000, 0x0000000100000000)
  region size 1024K, 42 young (43008K), 2 survivors (2048K)
 Metaspace       used 39671K, committed 41088K, reserved 1114112K
  class space    used 5746K, committed 6400K, reserved 1048576K
}
Event: 86.855 GC heap after
{Heap after GC invocations=11 (full 0):
 garbage-first heap   total 86016K, used 35637K [0x00000000c0000000, 0x0000000100000000)
  region size 1024K, 4 young (4096K), 4 survivors (4096K)
 Metaspace       used 39671K, committed 41088K, reserved 1114112K
  class space    used 5746K, committed 6400K, reserved 1048576K
}
Event: 96.654 GC heap before
{Heap before GC invocations=11 (full 0):
 garbage-first heap   total 86016K, used 76597K [0x00000000c0000000, 0x0000000100000000)
  region size 1024K, 43 young (44032K), 4 survivors (4096K)
 Metaspace       used 43607K, committed 45120K, reserved 1114112K
  class space    used 6280K, committed 7040K, reserved 1048576K
}
Event: 96.680 GC heap after
{Heap after GC invocations=12 (full 0):
 garbage-first heap   total 86016K, used 36473K [0x00000000c0000000, 0x0000000100000000)
  region size 1024K, 5 young (5120K), 5 survivors (5120K)
 Metaspace       used 43607K, committed 45120K, reserved 1114112K
  class space    used 6280K, committed 7040K, reserved 1048576K
}

Dll operation events (20 events):
Event: 0.515 Attempting to load shared library C:\Users\LENOVO\.antigravity-ide\extensions\redhat.java-1.56.0-win32-x64\jre\21.0.12.1-win32-x86_64\bin\nio.dll
Event: 0.516 Loaded shared library C:\Users\LENOVO\.antigravity-ide\extensions\redhat.java-1.56.0-win32-x64\jre\21.0.12.1-win32-x86_64\bin\nio.dll
Event: 0.523 Attempting to load shared library C:\Users\LENOVO\.antigravity-ide\extensions\redhat.java-1.56.0-win32-x64\jre\21.0.12.1-win32-x86_64\bin\zip.dll
Event: 0.523 Loaded shared library C:\Users\LENOVO\.antigravity-ide\extensions\redhat.java-1.56.0-win32-x64\jre\21.0.12.1-win32-x86_64\bin\zip.dll
Event: 2.033 Attempting to load shared library C:\Users\LENOVO\.antigravity-ide\extensions\redhat.java-1.56.0-win32-x64\jre\21.0.12.1-win32-x86_64\bin\jimage.dll
Event: 2.033 Loaded shared library C:\Users\LENOVO\.antigravity-ide\extensions\redhat.java-1.56.0-win32-x64\jre\21.0.12.1-win32-x86_64\bin\jimage.dll
Event: 6.358 Attempting to load shared library C:\Users\LENOVO\.antigravity-ide\extensions\redhat.java-1.56.0-win32-x64\jre\21.0.12.1-win32-x86_64\bin\verify.dll
Event: 6.375 Loaded shared library C:\Users\LENOVO\.antigravity-ide\extensions\redhat.java-1.56.0-win32-x64\jre\21.0.12.1-win32-x86_64\bin\verify.dll
Event: 7.426 Attempting to load shared library C:\Users\LENOVO\.gradle\native\1def1411415f61bf3af743bc5b6707747c0891f09f0c88961ee8f79bc544acac\windows-amd64\native-platform.dll
Event: 7.438 Loaded shared library C:\Users\LENOVO\.gradle\native\1def1411415f61bf3af743bc5b6707747c0891f09f0c88961ee8f79bc544acac\windows-amd64\native-platform.dll
Event: 7.642 Attempting to load shared library C:\Users\LENOVO\.gradle\native\0.2.7\x86_64-windows-gnu\gradle-fileevents.dll
Event: 7.683 Loaded shared library C:\Users\LENOVO\.gradle\native\0.2.7\x86_64-windows-gnu\gradle-fileevents.dll
Event: 14.961 Attempting to load shared library C:\Users\LENOVO\.antigravity-ide\extensions\redhat.java-1.56.0-win32-x64\jre\21.0.12.1-win32-x86_64\bin\management.dll
Event: 14.963 Loaded shared library C:\Users\LENOVO\.antigravity-ide\extensions\redhat.java-1.56.0-win32-x64\jre\21.0.12.1-win32-x86_64\bin\management.dll
Event: 14.974 Attempting to load shared library C:\Users\LENOVO\.antigravity-ide\extensions\redhat.java-1.56.0-win32-x64\jre\21.0.12.1-win32-x86_64\bin\management_ext.dll
Event: 14.977 Loaded shared library C:\Users\LENOVO\.antigravity-ide\extensions\redhat.java-1.56.0-win32-x64\jre\21.0.12.1-win32-x86_64\bin\management_ext.dll
Event: 16.202 Attempting to load shared library C:\Users\LENOVO\.antigravity-ide\extensions\redhat.java-1.56.0-win32-x64\jre\21.0.12.1-win32-x86_64\bin\extnet.dll
Event: 16.207 Loaded shared library C:\Users\LENOVO\.antigravity-ide\extensions\redhat.java-1.56.0-win32-x64\jre\21.0.12.1-win32-x86_64\bin\extnet.dll
Event: 18.924 Attempting to load shared library C:\Users\LENOVO\.antigravity-ide\extensions\redhat.java-1.56.0-win32-x64\jre\21.0.12.1-win32-x86_64\bin\sunmscapi.dll
Event: 18.993 Loaded shared library C:\Users\LENOVO\.antigravity-ide\extensions\redhat.java-1.56.0-win32-x64\jre\21.0.12.1-win32-x86_64\bin\sunmscapi.dll

Deoptimization events (20 events):
Event: 97.264 Thread 0x0000025d65972680 DEOPT PACKING pc=0x0000025d0be61978 sp=0x000000f2e2cf89b0
Event: 97.264 Thread 0x0000025d65972680 DEOPT UNPACKING pc=0x0000025d13214bc2 sp=0x000000f2e2cf7e98 mode 0
Event: 97.265 Thread 0x0000025d65972680 DEOPT PACKING pc=0x0000025d0be61978 sp=0x000000f2e2cf89b0
Event: 97.265 Thread 0x0000025d65972680 DEOPT UNPACKING pc=0x0000025d13214bc2 sp=0x000000f2e2cf7e98 mode 0
Event: 97.266 Thread 0x0000025d65972680 DEOPT PACKING pc=0x0000025d0be61978 sp=0x000000f2e2cf87d0
Event: 97.266 Thread 0x0000025d65972680 DEOPT UNPACKING pc=0x0000025d13214bc2 sp=0x000000f2e2cf7cb8 mode 0
Event: 97.279 Thread 0x0000025d65972680 DEOPT PACKING pc=0x0000025d0be61978 sp=0x000000f2e2cf8880
Event: 97.279 Thread 0x0000025d65972680 DEOPT UNPACKING pc=0x0000025d13214bc2 sp=0x000000f2e2cf7d68 mode 0
Event: 98.656 Thread 0x0000025d65970c40 Uncommon trap: trap_request=0xffffffde fr.pc=0x0000025d138f1b34 relative=0x00000000000005d4
Event: 98.656 Thread 0x0000025d65970c40 Uncommon trap: reason=class_check action=maybe_recompile pc=0x0000025d138f1b34 method=java.lang.Throwable.<init>(Ljava/lang/String;Ljava/lang/Throwable;)V @ 24 c2
Event: 98.656 Thread 0x0000025d65970c40 DEOPT PACKING pc=0x0000025d138f1b34 sp=0x000000f2e35febf0
Event: 98.656 Thread 0x0000025d65970c40 DEOPT UNPACKING pc=0x0000025d13214422 sp=0x000000f2e35febb8 mode 2
Event: 98.702 Thread 0x0000025d65972680 Uncommon trap: trap_request=0xffffffde fr.pc=0x0000025d13889d94 relative=0x00000000000002b4
Event: 98.702 Thread 0x0000025d65972680 Uncommon trap: reason=class_check action=maybe_recompile pc=0x0000025d13889d94 method=java.util.Collections$SetFromMap.remove(Ljava/lang/Object;)Z @ 5 c2
Event: 98.702 Thread 0x0000025d65972680 DEOPT PACKING pc=0x0000025d13889d94 sp=0x000000f2e2cfa8d0
Event: 98.702 Thread 0x0000025d65972680 DEOPT UNPACKING pc=0x0000025d13214422 sp=0x000000f2e2cfa8b8 mode 2
Event: 98.703 Thread 0x0000025d65972680 Uncommon trap: trap_request=0xffffffde fr.pc=0x0000025d13889d94 relative=0x00000000000002b4
Event: 98.703 Thread 0x0000025d65972680 Uncommon trap: reason=class_check action=maybe_recompile pc=0x0000025d13889d94 method=java.util.Collections$SetFromMap.remove(Ljava/lang/Object;)Z @ 5 c2
Event: 98.703 Thread 0x0000025d65972680 DEOPT PACKING pc=0x0000025d13889d94 sp=0x000000f2e2cfb480
Event: 98.703 Thread 0x0000025d65972680 DEOPT UNPACKING pc=0x0000025d13214422 sp=0x000000f2e2cfb468 mode 2

Classes loaded (20 events):
Event: 92.248 Loading class javax/net/ssl/X509TrustManager
Event: 92.248 Loading class javax/net/ssl/X509TrustManager done
Event: 92.259 Loading class javax/net/ssl/SSLException
Event: 92.259 Loading class javax/net/ssl/SSLException done
Event: 92.259 Loading class javax/net/ssl/SSLPeerUnverifiedException
Event: 92.259 Loading class javax/net/ssl/SSLPeerUnverifiedException done
Event: 92.259 Loading class java/security/cert/CertificateParsingException
Event: 92.261 Loading class java/security/cert/CertificateException
Event: 92.262 Loading class java/security/cert/CertificateException done
Event: 92.262 Loading class java/security/cert/CertificateParsingException done
Event: 92.262 Loading class javax/naming/NamingException
Event: 92.263 Loading class javax/naming/NamingException done
Event: 92.263 Loading class javax/naming/InvalidNameException
Event: 92.264 Loading class javax/naming/InvalidNameException done
Event: 92.942 Loading class java/util/Collections$SynchronizedRandomAccessList
Event: 92.942 Loading class java/util/Collections$SynchronizedList
Event: 92.943 Loading class java/util/Collections$SynchronizedList done
Event: 92.943 Loading class java/util/Collections$SynchronizedRandomAccessList done
Event: 98.750 Loading class java/lang/StackTraceElement$HashedModules
Event: 98.750 Loading class java/lang/StackTraceElement$HashedModules done

Classes unloaded (0 events):
No events

Classes redefined (0 events):
No events

Internal exceptions (20 events):
Event: 81.067 Thread 0x0000025d65972680 Exception <a 'java/lang/NoSuchMethodError'{0x00000000c383b068}: 'java.lang.Object java.lang.invoke.DirectMethodHandle$Holder.invokeStatic(java.lang.Object, java.lang.Object, java.lang.Object, java.lang.Object, java.lang.Object, java.lang.Object, java.lang.Object, java.lang.Object, java.lang.Object, java.lang.Object, java.lang.Object, java.lang.Object, java.lang.Object, java.lang.Object, java.lang.Object, java.lang.Object, java.lang.Object, java.lang.Object, java.lang.Object, java.lang.Object, java.lang.Obj
Event: 81.093 Thread 0x0000025d65972680 Exception <a 'java/lang/NoSuchMethodError'{0x00000000c3873ef0}: 'java.lang.Object java.lang.invoke.DirectMethodHandle$Holder.invokeStatic(java.lang.Object, java.lang.Object, java.lang.Object, java.lang.Object, java.lang.Object, java.lang.Object, java.lang.Object, java.lang.Object, java.lang.Object, java.lang.Object, java.lang.Object, java.lang.Object, java.lang.Object, java.lang.Object, java.lang.Object, java.lang.Object, java.lang.Object, java.lang.Object, java.lang.Object, java.lang.Object, java.lang.Obj
Event: 81.121 Thread 0x0000025d65972680 Exception <a 'java/lang/NoSuchMethodError'{0x00000000c38af9e0}: 'java.lang.Object java.lang.invoke.DirectMethodHandle$Holder.invokeStatic(java.lang.Object, java.lang.Object, java.lang.Object, java.lang.Object, java.lang.Object, java.lang.Object, java.lang.Object, java.lang.Object, java.lang.Object, java.lang.Object, java.lang.Object, java.lang.Object, java.lang.Object, java.lang.Object, java.lang.Object, java.lang.Object, java.lang.Object, java.lang.Object, java.lang.Object, java.lang.Object, java.lang.Obj
Event: 81.141 Thread 0x0000025d65972680 Exception <a 'java/lang/NoSuchMethodError'{0x00000000c38ec4a0}: 'java.lang.Object java.lang.invoke.DirectMethodHandle$Holder.invokeStatic(java.lang.Object, java.lang.Object, java.lang.Object, java.lang.Object, java.lang.Object, java.lang.Object, java.lang.Object, java.lang.Object, java.lang.Object, java.lang.Object, java.lang.Object, java.lang.Object, java.lang.Object, java.lang.Object, java.lang.Object, java.lang.Object, java.lang.Object, java.lang.Object, java.lang.Object, java.lang.Object, java.lang.Obj
Event: 81.158 Thread 0x0000025d65972680 Exception <a 'java/lang/NoSuchMethodError'{0x00000000c372a5a0}: 'java.lang.Object java.lang.invoke.DirectMethodHandle$Holder.invokeStatic(java.lang.Object, java.lang.Object, java.lang.Object, java.lang.Object, java.lang.Object, java.lang.Object, java.lang.Object, java.lang.Object, java.lang.Object, java.lang.Object, java.lang.Object, java.lang.Object, java.lang.Object, java.lang.Object, java.lang.Object, java.lang.Object, java.lang.Object, java.lang.Object, java.lang.Object, java.lang.Object, java.lang.Obj
Event: 81.179 Thread 0x0000025d65972680 Exception <a 'java/lang/NoSuchMethodError'{0x00000000c376a0c0}: 'java.lang.Object java.lang.invoke.DirectMethodHandle$Holder.invokeStatic(java.lang.Object, java.lang.Object, java.lang.Object, java.lang.Object, java.lang.Object, java.lang.Object, java.lang.Object, java.lang.Object, java.lang.Object, java.lang.Object, java.lang.Object, java.lang.Object, java.lang.Object, java.lang.Object, java.lang.Object, java.lang.Object, java.lang.Object, java.lang.Object, java.lang.Object, java.lang.Object, java.lang.Obj
Event: 81.825 Thread 0x0000025d65972680 Exception <a 'java/lang/NoSuchMethodError'{0x00000000c364c0b8}: 'java.lang.Object java.lang.invoke.DirectMethodHandle$Holder.newInvokeSpecial(java.lang.Object, java.lang.Object, java.lang.Object, java.lang.Object, java.lang.Object, java.lang.Object, java.lang.Object, java.lang.Object, java.lang.Object, java.lang.Object, java.lang.Object, java.lang.Object, java.lang.Object, java.lang.Object, java.lang.Object, java.lang.Object, java.lang.Object, java.lang.Object, java.lang.Object)'> (0x00000000c364c0b8) 
thr
Event: 81.826 Thread 0x0000025d65972680 Exception <a 'java/lang/NoSuchMethodError'{0x00000000c3652a40}: 'java.lang.Object java.lang.invoke.DirectMethodHandle$Holder.invokeSpecial(java.lang.Object, java.lang.Object, java.lang.Object, java.lang.Object, java.lang.Object, java.lang.Object, java.lang.Object, java.lang.Object, java.lang.Object, java.lang.Object, java.lang.Object, java.lang.Object, java.lang.Object, java.lang.Object, java.lang.Object, java.lang.Object, java.lang.Object, java.lang.Object, java.lang.Object, java.lang.Object)'> (0x0000000
Event: 81.834 Thread 0x0000025d65972680 Exception <a 'java/lang/NoSuchMethodError'{0x00000000c3658290}: 'java.lang.Object java.lang.invoke.DelegatingMethodHandle$Holder.reinvoke_L(java.lang.Object, java.lang.Object, java.lang.Object, java.lang.Object, java.lang.Object, java.lang.Object, java.lang.Object, java.lang.Object, java.lang.Object, java.lang.Object, java.lang.Object, java.lang.Object, java.lang.Object, java.lang.Object, java.lang.Object, java.lang.Object, java.lang.Object, java.lang.Object, java.lang.Object)'> (0x00000000c3658290) 
throw
Event: 90.893 Thread 0x0000025d65972680 Exception <a 'java/lang/NoSuchMethodError'{0x00000000c4bb5500}: 'long java.lang.invoke.DirectMethodHandle$Holder.invokeStatic(java.lang.Object, long)'> (0x00000000c4bb5500) 
thrown [s\src\hotspot\share\interpreter\linkResolver.cpp, line 773]
Event: 92.151 Thread 0x0000025d65972680 Exception <a 'java/lang/NoSuchMethodError'{0x00000000c4552c60}: 'java.lang.Object java.lang.invoke.DirectMethodHandle$Holder.invokeVirtual(java.lang.Object, java.lang.Object, java.lang.Object, java.lang.Object, java.lang.Object, java.lang.Object, java.lang.Object, java.lang.Object, java.lang.Object, java.lang.Object, java.lang.Object, java.lang.Object, java.lang.Object, java.lang.Object, java.lang.Object, java.lang.Object, java.lang.Object)'> (0x00000000c4552c60) 
thrown [s\src\hotspot\share\interpreter\li
Event: 92.158 Thread 0x0000025d65972680 Exception <a 'java/lang/NoSuchMethodError'{0x00000000c4558c68}: 'java.lang.Object java.lang.invoke.DirectMethodHandle$Holder.invokeSpecial(java.lang.Object, java.lang.Object, java.lang.Object, java.lang.Object, java.lang.Object, java.lang.Object, java.lang.Object, java.lang.Object, java.lang.Object, java.lang.Object, java.lang.Object, java.lang.Object, java.lang.Object, java.lang.Object, java.lang.Object, java.lang.Object, java.lang.Object, java.lang.Object)'> (0x00000000c4558c68) 
thrown [s\src\hotspot\sh
Event: 92.160 Thread 0x0000025d65972680 Exception <a 'java/lang/NoSuchMethodError'{0x00000000c455e1c0}: 'java.lang.Object java.lang.invoke.DelegatingMethodHandle$Holder.reinvoke_L(java.lang.Object, java.lang.Object, java.lang.Object, java.lang.Object, java.lang.Object, java.lang.Object, java.lang.Object, java.lang.Object, java.lang.Object, java.lang.Object, java.lang.Object, java.lang.Object, java.lang.Object, java.lang.Object, java.lang.Object, java.lang.Object, java.lang.Object)'> (0x00000000c455e1c0) 
thrown [s\src\hotspot\share\interpreter\l
Event: 92.886 Thread 0x0000025d65972680 Exception <a 'java/lang/NoSuchMethodError'{0x00000000c3f441f0}: 'java.lang.Object java.lang.invoke.Invokers$Holder.invoker(java.lang.Object, java.lang.Object, java.lang.Object, java.lang.Object, java.lang.Object, java.lang.Object)'> (0x00000000c3f441f0) 
thrown [s\src\hotspot\share\interpreter\linkResolver.cpp, line 773]
Event: 93.014 Thread 0x0000025d65972680 Exception <a 'java/lang/NoSuchMethodError'{0x00000000c3e68bd8}: 'java.lang.Object java.lang.invoke.DirectMethodHandle$Holder.invokeSpecial(java.lang.Object, java.lang.Object, java.lang.Object, java.lang.Object, java.lang.Object, java.lang.Object, java.lang.Object, java.lang.Object, java.lang.Object, java.lang.Object, java.lang.Object, java.lang.Object, java.lang.Object, java.lang.Object, java.lang.Object, java.lang.Object, java.lang.Object, java.lang.Object, java.lang.Object, java.lang.Object, java.lang.Ob
Event: 93.018 Thread 0x0000025d65972680 Exception <a 'java/lang/NoSuchMethodError'{0x00000000c3e6ec40}: 'java.lang.Object java.lang.invoke.DelegatingMethodHandle$Holder.reinvoke_L(java.lang.Object, java.lang.Object, java.lang.Object, java.lang.Object, java.lang.Object, java.lang.Object, java.lang.Object, java.lang.Object, java.lang.Object, java.lang.Object, java.lang.Object, java.lang.Object, java.lang.Object, java.lang.Object, java.lang.Object, java.lang.Object, java.lang.Object, java.lang.Object, java.lang.Object, java.lang.Object, java.lang.O
Event: 93.019 Thread 0x0000025d65972680 Exception <a 'java/lang/NoSuchMethodError'{0x00000000c3e79d48}: 'java.lang.Object java.lang.invoke.Invokers$Holder.invoker(java.lang.Object, java.lang.Object, java.lang.Object, java.lang.Object, java.lang.Object, java.lang.Object, java.lang.Object, java.lang.Object, java.lang.Object, java.lang.Object, java.lang.Object, java.lang.Object, java.lang.Object, java.lang.Object, java.lang.Object, java.lang.Object, java.lang.Object, java.lang.Object, java.lang.Object, java.lang.Object, java.lang.Object, java.lang.
Event: 93.020 Thread 0x0000025d65972680 Exception <a 'java/lang/NoSuchMethodError'{0x00000000c3e808c0}: 'java.lang.Object java.lang.invoke.DelegatingMethodHandle$Holder.delegate(java.lang.Object, java.lang.Object, java.lang.Object, java.lang.Object, java.lang.Object, java.lang.Object, java.lang.Object, java.lang.Object, java.lang.Object, java.lang.Object, java.lang.Object, java.lang.Object, java.lang.Object, java.lang.Object, java.lang.Object, java.lang.Object, java.lang.Object, java.lang.Object, java.lang.Object, java.lang.Object, java.lang.Obj
Event: 98.653 Thread 0x0000025d65970c40 Exception <a 'java/io/IOException'{0x00000000c47f8ec0}> (0x00000000c47f8ec0) 
thrown [s\src\hotspot\share\prims\jni.cpp, line 520]
Event: 98.692 Thread 0x0000025d65972680 Exception <a 'java/lang/NoSuchMethodError'{0x00000000c4761b58}: 'void java.lang.invoke.DirectMethodHandle$Holder.invokeInterface(java.lang.Object, java.lang.Object, java.lang.Object, java.lang.Object)'> (0x00000000c4761b58) 
thrown [s\src\hotspot\share\interpreter\linkResolver.cpp, line 773]

ZGC Phase Switch (0 events):
No events

VM Operations (20 events):
Event: 89.928 Executing safepoint VM operation: Cleanup
Event: 89.943 Executing safepoint VM operation: Cleanup done
Event: 90.951 Executing safepoint VM operation: Cleanup
Event: 90.951 Executing safepoint VM operation: Cleanup done
Event: 91.020 Executing non-safepoint VM operation: HandshakeAllThreads (Deoptimize)
Event: 91.020 Executing non-safepoint VM operation: HandshakeAllThreads (Deoptimize) done
Event: 92.032 Executing safepoint VM operation: Cleanup
Event: 92.032 Executing safepoint VM operation: Cleanup done
Event: 93.037 Executing safepoint VM operation: Cleanup
Event: 93.037 Executing safepoint VM operation: Cleanup done
Event: 94.050 Executing safepoint VM operation: Cleanup
Event: 94.051 Executing safepoint VM operation: Cleanup done
Event: 96.069 Executing safepoint VM operation: Cleanup
Event: 96.069 Executing safepoint VM operation: Cleanup done
Event: 96.654 Executing safepoint VM operation: G1CollectForAllocation (G1 Evacuation Pause)
Event: 96.680 Executing safepoint VM operation: G1CollectForAllocation (G1 Evacuation Pause) done
Event: 97.692 Executing safepoint VM operation: Cleanup
Event: 97.693 Executing safepoint VM operation: Cleanup done
Event: 98.701 Executing safepoint VM operation: Cleanup
Event: 98.701 Executing safepoint VM operation: Cleanup done

Memory protections (0 events):
No events

Nmethod flushes (20 events):
Event: 75.109 Thread 0x0000025d1ed8cb30 flushing  nmethod 0x0000025d0bd33510
Event: 75.109 Thread 0x0000025d1ed8cb30 flushing  nmethod 0x0000025d0bdf3f90
Event: 75.109 Thread 0x0000025d1ed8cb30 flushing  nmethod 0x0000025d0bdf4f10
Event: 75.109 Thread 0x0000025d1ed8cb30 flushing  nmethod 0x0000025d0bdf5590
Event: 75.109 Thread 0x0000025d1ed8cb30 flushing  nmethod 0x0000025d0bdf6610
Event: 75.109 Thread 0x0000025d1ed8cb30 flushing  nmethod 0x0000025d0bdf8610
Event: 75.109 Thread 0x0000025d1ed8cb30 flushing  nmethod 0x0000025d0bdf9c10
Event: 75.109 Thread 0x0000025d1ed8cb30 flushing  nmethod 0x0000025d0be02b10
Event: 75.109 Thread 0x0000025d1ed8cb30 flushing  nmethod 0x0000025d0be76890
Event: 75.109 Thread 0x0000025d1ed8cb30 flushing  nmethod 0x0000025d0be76d90
Event: 75.109 Thread 0x0000025d1ed8cb30 flushing  nmethod 0x0000025d0be78110
Event: 75.109 Thread 0x0000025d1ed8cb30 flushing  nmethod 0x0000025d0be9d310
Event: 75.109 Thread 0x0000025d1ed8cb30 flushing  nmethod 0x0000025d0be9ec10
Event: 75.109 Thread 0x0000025d1ed8cb30 flushing  nmethod 0x0000025d0be9f290
Event: 75.109 Thread 0x0000025d1ed8cb30 flushing  nmethod 0x0000025d0bf6e810
Event: 75.109 Thread 0x0000025d1ed8cb30 flushing  nmethod 0x0000025d0bfda590
Event: 75.109 Thread 0x0000025d1ed8cb30 flushing  nmethod 0x0000025d0c0dd710
Event: 75.109 Thread 0x0000025d1ed8cb30 flushing  nmethod 0x0000025d0c189890
Event: 75.109 Thread 0x0000025d1ed8cb30 flushing  nmethod 0x0000025d0c18e710
Event: 75.109 Thread 0x0000025d1ed8cb30 flushing  nmethod 0x0000025d0c1c6810

Events (20 events):
Event: 20.189 Thread 0x0000025d65b87c80 Thread added: 0x0000025d64da1ee0
Event: 21.935 Thread 0x0000025d65b87c80 Thread added: 0x0000025d659712d0
Event: 22.155 Thread 0x0000025d65b87c80 Thread added: 0x0000025d65972680
Event: 22.264 Thread 0x0000025d65972680 Thread added: 0x0000025d65972d10
Event: 22.306 Thread 0x0000025d65972680 Thread added: 0x0000025d6596f890
Event: 22.328 Thread 0x0000025d65972680 Thread added: 0x0000025d6596ff20
Event: 29.107 Thread 0x0000025d65972680 Thread added: 0x0000025d659705b0
Event: 29.313 Thread 0x0000025d65972680 Thread added: 0x0000025d65971ff0
Event: 31.127 Thread 0x0000025d65972680 Thread added: 0x0000025d65970c40
Event: 31.167 Thread 0x0000025d65971ff0 Thread added: 0x0000025d65971960
Event: 53.992 Thread 0x0000025d65972680 Thread added: 0x0000025d674fabc0
Event: 54.370 Thread 0x0000025d65972680 Thread added: 0x0000025d674fb8e0
Event: 57.765 Thread 0x0000025d65972680 Thread added: 0x0000025d674fa530
Event: 57.899 Thread 0x0000025d65972680 Thread added: 0x0000025d674f9810
Event: 70.268 Thread 0x0000025d65972680 Thread added: 0x0000025d674f8af0
Event: 73.002 Thread 0x0000025d65972680 Thread added: 0x0000025d674fc600
Event: 74.482 Thread 0x0000025d65972680 Thread added: 0x0000025d674f9180
Event: 74.917 Thread 0x0000025d65972680 Thread added: 0x0000025d674fcc90
Event: 77.970 Thread 0x0000025d65972680 Thread added: 0x0000025d674fd320
Event: 80.444 Thread 0x0000025d65972680 Thread added: 0x0000025d674f9ea0


Dynamic libraries:
0x00007ff69d5b0000 - 0x00007ff69d5be000 	C:\Users\LENOVO\.antigravity-ide\extensions\redhat.java-1.56.0-win32-x64\jre\21.0.12.1-win32-x86_64\bin\java.exe
0x00007ffba7f40000 - 0x00007ffba81a7000 	C:\WINDOWS\SYSTEM32\ntdll.dll
0x00007ffba6070000 - 0x00007ffba613b000 	C:\WINDOWS\System32\KERNEL32.DLL
0x00007ffba5490000 - 0x00007ffba5892000 	C:\WINDOWS\System32\KERNELBASE.dll
0x00007ffba5140000 - 0x00007ffba528c000 	C:\WINDOWS\System32\ucrtbase.dll
0x00007ffb86800000 - 0x00007ffb86818000 	C:\Users\LENOVO\.antigravity-ide\extensions\redhat.java-1.56.0-win32-x64\jre\21.0.12.1-win32-x86_64\bin\jli.dll
0x00007ffba5e00000 - 0x00007ffba5fcf000 	C:\WINDOWS\System32\USER32.dll
0x00007ffba59e0000 - 0x00007ffba5a07000 	C:\WINDOWS\System32\win32u.dll
0x00007ffba5d80000 - 0x00007ffba5dab000 	C:\WINDOWS\System32\GDI32.dll
0x00007ffba52a0000 - 0x00007ffba53c9000 	C:\WINDOWS\System32\gdi32full.dll
0x00007ffba5930000 - 0x00007ffba59d3000 	C:\WINDOWS\System32\msvcp_win.dll
0x00007ffb8b2d0000 - 0x00007ffb8b2ee000 	C:\Users\LENOVO\.antigravity-ide\extensions\redhat.java-1.56.0-win32-x64\jre\21.0.12.1-win32-x86_64\bin\VCRUNTIME140.dll
0x00007ffb8ec40000 - 0x00007ffb8eed0000 	C:\WINDOWS\WinSxS\amd64_microsoft.windows.common-controls_6595b64144ccf1df_6.0.26100.9278_none_3e0d1ba8e3303201\COMCTL32.dll
0x00007ffba6840000 - 0x00007ffba68e9000 	C:\WINDOWS\System32\msvcrt.dll
0x00007ffba5dc0000 - 0x00007ffba5df1000 	C:\WINDOWS\System32\IMM32.DLL
0x00007ffb933d0000 - 0x00007ffb933dc000 	C:\Users\LENOVO\.antigravity-ide\extensions\redhat.java-1.56.0-win32-x64\jre\21.0.12.1-win32-x86_64\bin\vcruntime140_1.dll
0x00007ffb4a830000 - 0x00007ffb4a8bd000 	C:\Users\LENOVO\.antigravity-ide\extensions\redhat.java-1.56.0-win32-x64\jre\21.0.12.1-win32-x86_64\bin\msvcp140.dll
0x00007ffac5e60000 - 0x00007ffac6c02000 	C:\Users\LENOVO\.antigravity-ide\extensions\redhat.java-1.56.0-win32-x64\jre\21.0.12.1-win32-x86_64\bin\server\jvm.dll
0x00007ffba66f0000 - 0x00007ffba67ac000 	C:\WINDOWS\System32\ADVAPI32.dll
0x00007ffba7e30000 - 0x00007ffba7ed9000 	C:\WINDOWS\System32\sechost.dll
0x00007ffba5c60000 - 0x00007ffba5d78000 	C:\WINDOWS\System32\RPCRT4.dll
0x00007ffba7090000 - 0x00007ffba7110000 	C:\WINDOWS\System32\WS2_32.dll
0x00007ffb983b0000 - 0x00007ffb983e6000 	C:\WINDOWS\SYSTEM32\WINMM.dll
0x00007ffb93ff0000 - 0x00007ffb93ffb000 	C:\WINDOWS\SYSTEM32\VERSION.dll
0x00007ffba4f90000 - 0x00007ffba4fee000 	C:\WINDOWS\SYSTEM32\POWRPROF.dll
0x00007ffba4f70000 - 0x00007ffba4f85000 	C:\WINDOWS\SYSTEM32\UMPDC.dll
0x00007ffba3dd0000 - 0x00007ffba3deb000 	C:\WINDOWS\SYSTEM32\kernel.appcore.dll
0x00007ffb8aef0000 - 0x00007ffb8aefa000 	C:\Users\LENOVO\.antigravity-ide\extensions\redhat.java-1.56.0-win32-x64\jre\21.0.12.1-win32-x86_64\bin\jimage.dll
0x00007ffba2480000 - 0x00007ffba26cc000 	C:\WINDOWS\SYSTEM32\DBGHELP.DLL
0x00007ffba7950000 - 0x00007ffba7cd5000 	C:\WINDOWS\System32\combase.dll
0x00007ffba62c0000 - 0x00007ffba6399000 	C:\WINDOWS\System32\OLEAUT32.dll
0x00007ffb8c4f0000 - 0x00007ffb8c52b000 	C:\WINDOWS\SYSTEM32\dbgcore.DLL
0x00007ffba5a10000 - 0x00007ffba5abc000 	C:\WINDOWS\System32\bcryptPrimitives.dll
0x00007ffb833e0000 - 0x00007ffb833ef000 	C:\Users\LENOVO\.antigravity-ide\extensions\redhat.java-1.56.0-win32-x64\jre\21.0.12.1-win32-x86_64\bin\instrument.dll
0x00007ffb85ab0000 - 0x00007ffb85ad0000 	C:\Users\LENOVO\.antigravity-ide\extensions\redhat.java-1.56.0-win32-x64\jre\21.0.12.1-win32-x86_64\bin\java.dll
0x00007ffba68f0000 - 0x00007ffba7088000 	C:\WINDOWS\System32\SHELL32.dll
0x00007ffba2b60000 - 0x00007ffba340e000 	C:\WINDOWS\SYSTEM32\windows.storage.dll
0x00007ffba7d30000 - 0x00007ffba7e2b000 	C:\WINDOWS\System32\SHCORE.dll
0x00007ffba67d0000 - 0x00007ffba6836000 	C:\WINDOWS\System32\shlwapi.dll
0x00007ffba5060000 - 0x00007ffba5089000 	C:\WINDOWS\SYSTEM32\profapi.dll
0x00007ffb72140000 - 0x00007ffb72158000 	C:\Users\LENOVO\.antigravity-ide\extensions\redhat.java-1.56.0-win32-x64\jre\21.0.12.1-win32-x86_64\bin\zip.dll
0x00007ffb833f0000 - 0x00007ffb83400000 	C:\Users\LENOVO\.antigravity-ide\extensions\redhat.java-1.56.0-win32-x64\jre\21.0.12.1-win32-x86_64\bin\net.dll
0x00007ffb9d7d0000 - 0x00007ffb9d8fa000 	C:\WINDOWS\SYSTEM32\WINHTTP.dll
0x00007ffba4370000 - 0x00007ffba43dc000 	C:\WINDOWS\system32\mswsock.dll
0x00007ffb721a0000 - 0x00007ffb721b6000 	C:\Users\LENOVO\.antigravity-ide\extensions\redhat.java-1.56.0-win32-x64\jre\21.0.12.1-win32-x86_64\bin\nio.dll
0x00007ffb72520000 - 0x00007ffb72530000 	C:\Users\LENOVO\.antigravity-ide\extensions\redhat.java-1.56.0-win32-x64\jre\21.0.12.1-win32-x86_64\bin\verify.dll
0x00007ffb4bb90000 - 0x00007ffb4bbb7000 	C:\Users\LENOVO\.gradle\native\1def1411415f61bf3af743bc5b6707747c0891f09f0c88961ee8f79bc544acac\windows-amd64\native-platform.dll
0x00007ffb48850000 - 0x00007ffb488c8000 	C:\Users\LENOVO\.gradle\native\0.2.7\x86_64-windows-gnu\gradle-fileevents.dll
0x00007ffb72160000 - 0x00007ffb7216a000 	C:\Users\LENOVO\.antigravity-ide\extensions\redhat.java-1.56.0-win32-x64\jre\21.0.12.1-win32-x86_64\bin\management.dll
0x00007ffb6c490000 - 0x00007ffb6c49c000 	C:\Users\LENOVO\.antigravity-ide\extensions\redhat.java-1.56.0-win32-x64\jre\21.0.12.1-win32-x86_64\bin\management_ext.dll
0x00007ffba5db0000 - 0x00007ffba5db8000 	C:\WINDOWS\System32\PSAPI.DLL
0x00007ffba3780000 - 0x00007ffba37b3000 	C:\WINDOWS\SYSTEM32\IPHLPAPI.DLL
0x00007ffba7120000 - 0x00007ffba712a000 	C:\WINDOWS\System32\NSI.dll
0x00007ffb66b60000 - 0x00007ffb66b69000 	C:\Users\LENOVO\.antigravity-ide\extensions\redhat.java-1.56.0-win32-x64\jre\21.0.12.1-win32-x86_64\bin\extnet.dll
0x00007ffba4790000 - 0x00007ffba47ab000 	C:\WINDOWS\SYSTEM32\CRYPTSP.dll
0x00007ffba3d30000 - 0x00007ffba3d69000 	C:\WINDOWS\system32\rsaenh.dll
0x00007ffba4420000 - 0x00007ffba4454000 	C:\WINDOWS\SYSTEM32\USERENV.dll
0x00007ffba5030000 - 0x00007ffba505a000 	C:\WINDOWS\SYSTEM32\bcrypt.dll
0x00007ffba45d0000 - 0x00007ffba45dc000 	C:\WINDOWS\SYSTEM32\CRYPTBASE.dll
0x00007ffb4be20000 - 0x00007ffb4be2e000 	C:\Users\LENOVO\.antigravity-ide\extensions\redhat.java-1.56.0-win32-x64\jre\21.0.12.1-win32-x86_64\bin\sunmscapi.dll
0x00007ffba5ad0000 - 0x00007ffba5c4e000 	C:\WINDOWS\System32\CRYPT32.dll
0x00007ffba4900000 - 0x00007ffba4930000 	C:\WINDOWS\SYSTEM32\ncrypt.dll
0x00007ffba48b0000 - 0x00007ffba48ef000 	C:\WINDOWS\SYSTEM32\NTASN1.dll
0x00007ffb7b120000 - 0x00007ffb7b128000 	C:\WINDOWS\system32\wshunix.dll

JVMTI agents:
C:\Users\LENOVO\.gradle\wrapper\dists\gradle-8.14-bin\38aieal9i53h9rfe7vjup95b9\gradle-8.14\lib\agents\gradle-instrumentation-agent-8.14.jar path:C:\Users\LENOVO\.antigravity-ide\extensions\redhat.java-1.56.0-win32-x64\jre\21.0.12.1-win32-x86_64\bin\instrument.dll, loaded, initialized, instrumentlib options:none

dbghelp: loaded successfully - version: 4.0.5 - missing functions: none
symbol engine: initialized successfully - sym options: 0x614 - pdb path: .;C:\Users\LENOVO\.antigravity-ide\extensions\redhat.java-1.56.0-win32-x64\jre\21.0.12.1-win32-x86_64\bin;C:\WINDOWS\SYSTEM32;C:\WINDOWS\WinSxS\amd64_microsoft.windows.common-controls_6595b64144ccf1df_6.0.26100.9278_none_3e0d1ba8e3303201;C:\Users\LENOVO\.antigravity-ide\extensions\redhat.java-1.56.0-win32-x64\jre\21.0.12.1-win32-x86_64\bin\server;C:\Users\LENOVO\.gradle\native\1def1411415f61bf3af743bc5b6707747c0891f09f0c88961ee8f79bc544acac\windows-amd64;C:\Users\LENOVO\.gradle\native\0.2.7\x86_64-windows-gnu

VM Arguments:
jvm_args: --add-opens=java.base/java.lang=ALL-UNNAMED --add-opens=java.base/java.lang.invoke=ALL-UNNAMED --add-opens=java.base/java.util=ALL-UNNAMED --add-opens=java.prefs/java.util.prefs=ALL-UNNAMED --add-exports=jdk.compiler/com.sun.tools.javac.api=ALL-UNNAMED --add-exports=jdk.compiler/com.sun.tools.javac.util=ALL-UNNAMED --add-opens=java.base/java.util=ALL-UNNAMED --add-opens=java.prefs/java.util.prefs=ALL-UNNAMED --add-opens=java.base/java.nio.charset=ALL-UNNAMED --add-opens=java.base/java.net=ALL-UNNAMED --add-opens=java.base/java.util.concurrent.atomic=ALL-UNNAMED --add-opens=java.xml/javax.xml.namespace=ALL-UNNAMED -Xmx1024m -Dfile.encoding=UTF-8 -Duser.country=US -Duser.language=en -Duser.variant -javaagent:C:\Users\LENOVO\.gradle\wrapper\dists\gradle-8.14-bin\38aieal9i53h9rfe7vjup95b9\gradle-8.14\lib\agents\gradle-instrumentation-agent-8.14.jar 
java_command: org.gradle.launcher.daemon.bootstrap.GradleDaemon 8.14
java_class_path (initial): C:\Users\LENOVO\.gradle\wrapper\dists\gradle-8.14-bin\38aieal9i53h9rfe7vjup95b9\gradle-8.14\lib\gradle-daemon-main-8.14.jar
Launcher Type: SUN_STANDARD

[Global flags]
     intx CICompilerCount                          = 4                                         {product} {ergonomic}
     uint ConcGCThreads                            = 2                                         {product} {ergonomic}
     uint G1ConcRefinementThreads                  = 8                                         {product} {ergonomic}
   size_t G1HeapRegionSize                         = 1048576                                   {product} {ergonomic}
    uintx GCDrainStackTargetSize                   = 64                                        {product} {ergonomic}
   size_t InitialHeapSize                          = 98566144                                  {product} {ergonomic}
   size_t MarkStackSize                            = 4194304                                   {product} {ergonomic}
   size_t MaxHeapSize                              = 1073741824                                {product} {command line}
   size_t MaxNewSize                               = 643825664                                 {product} {ergonomic}
   size_t MinHeapDeltaBytes                        = 1048576                                   {product} {ergonomic}
   size_t MinHeapSize                              = 8388608                                   {product} {ergonomic}
    uintx NonNMethodCodeHeapSize                   = 5839372                                {pd product} {ergonomic}
    uintx NonProfiledCodeHeapSize                  = 122909434                              {pd product} {ergonomic}
    uintx ProfiledCodeHeapSize                     = 122909434                              {pd product} {ergonomic}
    uintx ReservedCodeCacheSize                    = 251658240                              {pd product} {ergonomic}
     bool SegmentedCodeCache                       = true                                      {product} {ergonomic}
   size_t SoftMaxHeapSize                          = 1073741824                             {manageable} {ergonomic}
     bool UseCompressedOops                        = true                           {product lp64_product} {ergonomic}
     bool UseG1GC                                  = true                                      {product} {ergonomic}
     bool UseLargePagesIndividualAllocation        = false                                  {pd product} {ergonomic}

Logging:
Log output configuration:
 #0: stdout all=warning uptime,level,tags foldmultilines=false
 #1: stderr all=off uptime,level,tags foldmultilines=false

Release file:
JAVA_VERSION="21.0.12.1" 
MODULES="java.base java.compiler java.datatransfer java.xml java.prefs java.desktop java.instrument java.logging java.management java.security.sasl java.naming java.rmi java.management.rmi java.net.http java.scripting java.security.jgss java.transaction.xa java.sql java.sql.rowset java.xml.crypto java.se java.smartcardio jdk.accessibility jdk.internal.jvmstat jdk.attach jdk.charsets jdk.internal.opt jdk.zipfs jdk.compiler jdk.crypto.ec jdk.crypto.cryptoki jdk.crypto.mscapi jdk.dynalink jdk.internal.ed jdk.editpad jdk.hotspot.agent jdk.httpserver jdk.internal.le jdk.internal.vm.ci jdk.internal.vm.compiler jdk.internal.vm.compiler.management jdk.jartool jdk.javadoc jdk.jcmd jdk.management jdk.management.agent jdk.jconsole jdk.jdeps jdk.jdwp.agent jdk.jdi jdk.jfr jdk.jshell jdk.jsobject jdk.jstatd jdk.localedata jdk.management.jfr jdk.naming.dns jdk.naming.rmi jdk.net jdk.nio.mapmode jdk.random jdk.sctp jdk.security.auth jdk.security.jgss jdk.unsupported jdk.unsupported.desktop jdk.xml.dom" 

Environment Variables:
JAVA_HOME=C:\Program Files\Android\Android Studio\jbr
PATH=C:\WINDOWS\system32;C:\WINDOWS;C:\WINDOWS\System32\Wbem;C:\WINDOWS\System32\WindowsPowerShell\v1.0\;C:\WINDOWS\System32\OpenSSH\;C:\Program Files\Docker\Docker\resources\bin;C:\Program Files\nodejs\;C:\Program Files\Git\cmd;C:\Users\LENOVO\AppData\Local\Programs\Python\Python312\Scripts\;C:\Users\LENOVO\AppData\Local\Programs\Python\Python312\;C:\Users\LENOVO\AppData\Local\Programs\Python\Launcher\;C:\Users\LENOVO\AppData\Local\Programs\Python\Python314\Scripts\;C:\Users\LENOVO\AppData\Local\Programs\Python\Python314\;C:\Users\LENOVO\AppData\Local\Microsoft\WindowsApps;C:\Users\LENOVO\AppData\Local\Programs\Antigravity\bin;C:\Users\LENOVO\AppData\Roaming\npm;C:\ScrcpyLauncher by praveen;C:\Users\LENOVO\AppData\Local\PowerToys\DSCModules\;C:\Users\LENOVO\AppData\Local\Programs\Antigravity IDE\bin
USERNAME=LENOVO
OS=Windows_NT
PROCESSOR_IDENTIFIER=AMD64 Family 23 Model 160 Stepping 0, AuthenticAMD
TMP=C:\Users\LENOVO\AppData\Local\Temp
TEMP=C:\Users\LENOVO\AppData\Local\Temp




Periodic native trim disabled

---------------  S Y S T E M  ---------------

OS:
 Windows 11 , 64 bit Build 26100 (10.0.26100.9444)
OS uptime: 3 days 15:41 hours
Hyper-V role detected

CPU: total 8 (initial active 8) (8 cores per cpu, 2 threads per core) family 23 model 160 stepping 0 microcode 0x8a0000a, cx8, cmov, fxsr, ht, mmx, 3dnowpref, sse, sse2, sse3, ssse3, sse4a, sse4.1, sse4.2, popcnt, lzcnt, tsc, tscinvbit, avx, avx2, aes, clmul, bmi1, bmi2, adx, sha, fma, vzeroupper, clflush, clflushopt, hv, rdtscp, rdpid, f16c
Processor Information for the first 8 processors :
  Max Mhz: 2401, Current Mhz: 2401, Mhz Limit: 2401

Memory: 4k page, system-wide physical 5965M (370M free)
TotalPageFile size 24397M (AvailPageFile size 1M)
current process WorkingSet (physical memory assigned to process): 154M, peak: 165M
current process commit charge ("private bytes"): 271M, peak: 279M

vm_info: OpenJDK 64-Bit Server VM (21.0.12.1+1-LTS) for windows-amd64 JRE (21.0.12.1+1-LTS), built on 2026-08-18T00:00:00Z by "admin" with MS VC++ 17.12 (VS2022)

END.
