#
# There is insufficient memory for the Java Runtime Environment to continue.
# Native memory allocation (malloc) failed to allocate 2013984 bytes. Error detail: Chunk::new
# Possible reasons:
#   The system is out of physical RAM or swap space
#   This process is running with CompressedOops enabled, and the Java Heap may be blocking the growth of the native heap
# Possible solutions:
#   Reduce memory load on the system
#   Increase physical memory or swap space
#   Check if swap backing store is full
#   Decrease Java heap size (-Xmx/-Xms)
#   Decrease number of Java threads
#   Decrease Java thread stack sizes (-Xss)
#   Set larger code cache with -XX:ReservedCodeCacheSize=
#   JVM is running with Unscaled Compressed Oops mode in which the Java heap is
#     placed in the first 4GB address space. The Java Heap base address is the
#     maximum limit for the native heap growth. Please use -XX:HeapBaseMinAddress
#     to set the Java Heap base and to place the Java Heap above 4GB virtual address.
# This output file may be truncated or incomplete.
#
#  Out of Memory Error (arena.cpp:168), pid=31644, tid=13364
#
# JRE version: OpenJDK Runtime Environment Temurin-21.0.12.1+1 (21.0.12.1+1) (build 21.0.12.1+1-LTS)
# Java VM: OpenJDK 64-Bit Server VM Temurin-21.0.12.1+1 (21.0.12.1+1-LTS, mixed mode, sharing, tiered, compressed oops, compressed class ptrs, g1 gc, windows-amd64)
# No core dump will be written. Minidumps are not enabled by default on client versions of Windows
#

---------------  S U M M A R Y ------------

Command Line: --add-opens=java.base/java.lang=ALL-UNNAMED --add-opens=java.base/java.lang.invoke=ALL-UNNAMED --add-opens=java.base/java.util=ALL-UNNAMED --add-opens=java.prefs/java.util.prefs=ALL-UNNAMED --add-exports=jdk.compiler/com.sun.tools.javac.api=ALL-UNNAMED --add-exports=jdk.compiler/com.sun.tools.javac.util=ALL-UNNAMED --add-opens=java.base/java.util=ALL-UNNAMED --add-opens=java.prefs/java.util.prefs=ALL-UNNAMED --add-opens=java.base/java.nio.charset=ALL-UNNAMED --add-opens=java.base/java.net=ALL-UNNAMED --add-opens=java.base/java.util.concurrent.atomic=ALL-UNNAMED --add-opens=java.xml/javax.xml.namespace=ALL-UNNAMED -Xmx1024m -Dfile.encoding=UTF-8 -Duser.country=US -Duser.language=en -Duser.variant -javaagent:C:\Users\LENOVO\.gradle\wrapper\dists\gradle-8.14-bin\38aieal9i53h9rfe7vjup95b9\gradle-8.14\lib\agents\gradle-instrumentation-agent-8.14.jar org.gradle.launcher.daemon.bootstrap.GradleDaemon 8.14

Host: AMD Ryzen 3 7320U with Radeon Graphics         , 8 cores, 5G,  Windows 11 , 64 bit Build 26100 (10.0.26100.9444)
Time: Fri Oct  2 21:15:59 2026 Nepal Standard Time elapsed time: 20.391971 seconds (0d 0h 0m 20s)

---------------  T H R E A D  ---------------

Current thread (0x00000236c1a577a0):  JavaThread "C2 CompilerThread0" daemon [_thread_in_native, id=13364, stack(0x000000d787300000,0x000000d787400000) (1024K)]


Current CompileTask:
C2:20392 5028   !   4       sun.reflect.annotation.AnnotationParser::parseAnnotations (37 bytes)

Stack: [0x000000d787300000,0x000000d787400000]
Native frames: (J=compiled Java code, j=interpreted, Vv=VM code, C=native code)
V  [jvm.dll+0x6d83e9]
V  [jvm.dll+0x8b5736]
V  [jvm.dll+0x8b7cee]
V  [jvm.dll+0x8b83d3]
V  [jvm.dll+0x284596]
V  [jvm.dll+0xc685d]
V  [jvm.dll+0xc6da1]
V  [jvm.dll+0x3bf18b]
V  [jvm.dll+0x38b6d2]
V  [jvm.dll+0x38ab1a]
V  [jvm.dll+0x24c700]
V  [jvm.dll+0x24bce0]
V  [jvm.dll+0x1cb4ae]
V  [jvm.dll+0x25baad]
V  [jvm.dll+0x25a03a]
V  [jvm.dll+0x3f8aae]
V  [jvm.dll+0x8600cd]
V  [jvm.dll+0x6d6c1d]
C  [ucrtbase.dll+0x2cd30]
C  [KERNEL32.DLL+0x2cd87]
C  [ntdll.dll+0xacaec]


---------------  P R O C E S S  ---------------

Threads class SMR info:
_java_thread_list=0x000002370b093a10, length=35, elements={
0x00000236ab71d4c0, 0x00000236c1a46bd0, 0x00000236c1a48350, 0x00000236c1a49ad0,
0x00000236c1a4c540, 0x00000236c1a51cd0, 0x00000236c1a52730, 0x00000236c1a577a0,
0x00000236c1a5c430, 0x00000236c1c4a7e0, 0x00000236c1ce5090, 0x00000237077c84f0,
0x0000023707e09ce0, 0x0000023707e44620, 0x00000237078f3490, 0x00000236c1ea1060,
0x000002370854a1c0, 0x000002370854a850, 0x000002370854b570, 0x00000237085494a0,
0x000002370854c920, 0x000002370854aee0, 0x0000023708549b30, 0x000002370854bc00,
0x00000237093e5f20, 0x00000237093e72d0, 0x00000237093e5890, 0x00000237093e4b70,
0x00000237093e44e0, 0x00000237093e7960, 0x00000237093e7ff0, 0x00000237093e65b0,
0x00000237093e8680, 0x00000237093e5200, 0x00000237093eb470
}

Java Threads: ( => current thread )
  0x00000236ab71d4c0 JavaThread "main"                              [_thread_blocked, id=27192, stack(0x000000d786500000,0x000000d786600000) (1024K)]
  0x00000236c1a46bd0 JavaThread "Reference Handler"          daemon [_thread_blocked, id=20412, stack(0x000000d786d00000,0x000000d786e00000) (1024K)]
  0x00000236c1a48350 JavaThread "Finalizer"                  daemon [_thread_blocked, id=8316, stack(0x000000d786e00000,0x000000d786f00000) (1024K)]
  0x00000236c1a49ad0 JavaThread "Signal Dispatcher"          daemon [_thread_blocked, id=23688, stack(0x000000d786f00000,0x000000d787000000) (1024K)]
  0x00000236c1a4c540 JavaThread "Attach Listener"            daemon [_thread_blocked, id=21280, stack(0x000000d787000000,0x000000d787100000) (1024K)]
  0x00000236c1a51cd0 JavaThread "Service Thread"             daemon [_thread_blocked, id=25356, stack(0x000000d787100000,0x000000d787200000) (1024K)]
  0x00000236c1a52730 JavaThread "Monitor Deflation Thread"   daemon [_thread_blocked, id=19936, stack(0x000000d787200000,0x000000d787300000) (1024K)]
=>0x00000236c1a577a0 JavaThread "C2 CompilerThread0"         daemon [_thread_in_native, id=13364, stack(0x000000d787300000,0x000000d787400000) (1024K)]
  0x00000236c1a5c430 JavaThread "C1 CompilerThread0"         daemon [_thread_blocked, id=7444, stack(0x000000d787400000,0x000000d787500000) (1024K)]
  0x00000236c1c4a7e0 JavaThread "Common-Cleaner"             daemon [_thread_blocked, id=7404, stack(0x000000d787500000,0x000000d787600000) (1024K)]
  0x00000236c1ce5090 JavaThread "Notification Thread"        daemon [_thread_blocked, id=28012, stack(0x000000d787600000,0x000000d787700000) (1024K)]
  0x00000237077c84f0 JavaThread "Daemon health stats"               [_thread_blocked, id=11688, stack(0x000000d787b00000,0x000000d787c00000) (1024K)]
  0x0000023707e09ce0 JavaThread "Incoming local TCP Connector on port 45870"        [_thread_in_native, id=30384, stack(0x000000d787c00000,0x000000d787d00000) (1024K)]
  0x0000023707e44620 JavaThread "Daemon periodic checks"            [_thread_blocked, id=31004, stack(0x000000d787d00000,0x000000d787e00000) (1024K)]
  0x00000237078f3490 JavaThread "Daemon"                            [_thread_blocked, id=26828, stack(0x000000d787e00000,0x000000d787f00000) (1024K)]
  0x00000236c1ea1060 JavaThread "Handler for socket connection from /127.0.0.1:45870 to /127.0.0.1:45872"        [_thread_in_native, id=22060, stack(0x000000d787f00000,0x000000d788000000) (1024K)]
  0x000002370854a1c0 JavaThread "Cancel handler"                    [_thread_blocked, id=28764, stack(0x000000d788000000,0x000000d788100000) (1024K)]
  0x000002370854a850 JavaThread "Daemon worker"                     [_thread_in_Java, id=6776, stack(0x000000d788100000,0x000000d788200000) (1024K)]
  0x000002370854b570 JavaThread "Asynchronous log dispatcher for DefaultDaemonConnection: socket connection from /127.0.0.1:45870 to /127.0.0.1:45872"        [_thread_blocked, id=6036, stack(0x000000d788200000,0x000000d788300000) (1024K)]
  0x00000237085494a0 JavaThread "Stdin handler"                     [_thread_blocked, id=16424, stack(0x000000d788300000,0x000000d788400000) (1024K)]
  0x000002370854c920 JavaThread "Daemon client event forwarder"        [_thread_blocked, id=8396, stack(0x000000d788400000,0x000000d788500000) (1024K)]
  0x000002370854aee0 JavaThread "Cache worker for journal cache (C:\Users\LENOVO\.gradle\caches\journal-1)"        [_thread_blocked, id=11040, stack(0x000000d788500000,0x000000d788600000) (1024K)]
  0x0000023708549b30 JavaThread "File lock request listener"        [_thread_in_native, id=17068, stack(0x000000d788600000,0x000000d788700000) (1024K)]
  0x000002370854bc00 JavaThread "Cache worker for file hash cache (C:\Users\LENOVO\.gradle\caches\8.14\fileHashes)"        [_thread_blocked, id=25092, stack(0x000000d788a00000,0x000000d788b00000) (1024K)]
  0x00000237093e5f20 JavaThread "File lock release action executor"        [_thread_blocked, id=26044, stack(0x000000d788b00000,0x000000d788c00000) (1024K)]
  0x00000237093e72d0 JavaThread "Cache worker for file hash cache (C:\Users\LENOVO\Desktop\HeliBoard-main\.gradle\8.14\fileHashes)"        [_thread_blocked, id=17476, stack(0x000000d788d00000,0x000000d788e00000) (1024K)]
  0x00000237093e5890 JavaThread "Cache worker for Build Output Cleanup Cache (C:\Users\LENOVO\Desktop\HeliBoard-main\.gradle\buildOutputCleanup)"        [_thread_blocked, id=18112, stack(0x000000d788e00000,0x000000d788f00000) (1024K)]
  0x00000237093e4b70 JavaThread "File watcher server"        daemon [_thread_in_native, id=23800, stack(0x000000d788f00000,0x000000d789000000) (1024K)]
  0x00000237093e44e0 JavaThread "File watcher consumer"      daemon [_thread_blocked, id=14352, stack(0x000000d789000000,0x000000d789100000) (1024K)]
  0x00000237093e7960 JavaThread "jar transforms"                    [_thread_blocked, id=2976, stack(0x000000d789100000,0x000000d789200000) (1024K)]
  0x00000237093e7ff0 JavaThread "jar transforms Thread 2"           [_thread_blocked, id=29892, stack(0x000000d789200000,0x000000d789300000) (1024K)]
  0x00000237093e65b0 JavaThread "Cache worker for checksums cache (C:\Users\LENOVO\Desktop\HeliBoard-main\.gradle\8.14\checksums)"        [_thread_blocked, id=10192, stack(0x000000d789300000,0x000000d789400000) (1024K)]
  0x00000237093e8680 JavaThread "Cache worker for file content cache (C:\Users\LENOVO\.gradle\caches\8.14\fileContent)"        [_thread_blocked, id=14460, stack(0x000000d789400000,0x000000d789500000) (1024K)]
  0x00000237093e5200 JavaThread "Cache worker for cache directory md-supplier (C:\Users\LENOVO\.gradle\caches\8.14\md-supplier)"        [_thread_blocked, id=18892, stack(0x000000d789500000,0x000000d789600000) (1024K)]
  0x00000237093eb470 JavaThread "Cache worker for cache directory md-rule (C:\Users\LENOVO\.gradle\caches\8.14\md-rule)"        [_thread_blocked, id=8428, stack(0x000000d789600000,0x000000d789700000) (1024K)]
Total: 35

Other Threads:
  0x00000236c1a2c300 VMThread "VM Thread"                           [id=22908, stack(0x000000d786c00000,0x000000d786d00000) (1024K)]
  0x00000236c1a19e30 WatcherThread "VM Periodic Task Thread"        [id=29924, stack(0x000000d786b00000,0x000000d786c00000) (1024K)]
  0x00000236ab758a40 WorkerThread "GC Thread#0"                     [id=32084, stack(0x000000d786600000,0x000000d786700000) (1024K)]
  0x00000236c1d1fdf0 WorkerThread "GC Thread#1"                     [id=31740, stack(0x000000d787700000,0x000000d787800000) (1024K)]
  0x00000236c1d4e4e0 WorkerThread "GC Thread#2"                     [id=19896, stack(0x000000d787800000,0x000000d787900000) (1024K)]
  0x0000023707b81a50 WorkerThread "GC Thread#3"                     [id=1920, stack(0x000000d787900000,0x000000d787a00000) (1024K)]
  0x0000023707b81e00 WorkerThread "GC Thread#4"                     [id=11652, stack(0x000000d787a00000,0x000000d787b00000) (1024K)]
  0x000002370867fca0 WorkerThread "GC Thread#5"                     [id=16584, stack(0x000000d788700000,0x000000d788800000) (1024K)]
  0x0000023708680b60 WorkerThread "GC Thread#6"                     [id=21368, stack(0x000000d788800000,0x000000d788900000) (1024K)]
  0x00000237086807b0 WorkerThread "GC Thread#7"                     [id=25088, stack(0x000000d788900000,0x000000d788a00000) (1024K)]
  0x00000236ab761840 ConcurrentGCThread "G1 Main Marker"            [id=23964, stack(0x000000d786700000,0x000000d786800000) (1024K)]
  0x00000236ab763170 WorkerThread "G1 Conc#0"                       [id=27336, stack(0x000000d786800000,0x000000d786900000) (1024K)]
  0x0000023708dce700 WorkerThread "G1 Conc#1"                       [id=19588, stack(0x000000d788c00000,0x000000d788d00000) (1024K)]
  0x00000236c18f10a0 ConcurrentGCThread "G1 Refine#0"               [id=26800, stack(0x000000d786900000,0x000000d786a00000) (1024K)]
  0x00000236ab7d7780 ConcurrentGCThread "G1 Service"                [id=29196, stack(0x000000d786a00000,0x000000d786b00000) (1024K)]
Total: 15

Threads with active compile tasks:
C2 CompilerThread0  20439 5028   !   4       sun.reflect.annotation.AnnotationParser::parseAnnotations (37 bytes)
Total: 1

VM state: not at safepoint (normal execution)

VM Mutex/Monitor currently owned by a thread: None

Heap address: 0x00000000c0000000, size: 1024 MB, Compressed Oops mode: 32-bit

CDS archive(s) mapped at: [0x00000236c2000000-0x00000236c2ba0000-0x00000236c2ba0000), size 12189696, SharedBaseAddress: 0x00000236c2000000, ArchiveRelocationMode: 1.
Compressed class space mapped at: 0x00000236c3000000-0x0000023703000000, reserved size: 1073741824
Narrow klass base: 0x00000236c2000000, Narrow klass shift: 0, Narrow klass range: 0x100000000

GC Precious Log:
 CardTable entry size: 512
 Card Set container configuration: InlinePtr #cards 5 size 8 Array Of Cards #cards 12 size 40 Howl #buckets 4 coarsen threshold 1843 Howl Bitmap #cards 512 size 80 coarsen threshold 460 Card regions per heap region 1 cards per card region 2048
 CPUs: 8 total, 8 available
 Memory: 5965M
 Large Page Support: Disabled
 NUMA Support: Disabled
 Compressed Oops: Enabled (32-bit)
 Heap Region Size: 1M
 Heap Min Capacity: 8M
 Heap Initial Capacity: 94M
 Heap Max Capacity: 1G
 Pre-touch: Disabled
 Parallel Workers: 8
 Concurrent Workers: 2
 Concurrent Refinement Workers: 8
 Periodic GC: Disabled

Heap:
 garbage-first heap   total 86016K, used 60179K [0x00000000c0000000, 0x0000000100000000)
  region size 1024K, 29 young (29696K), 5 survivors (5120K)
 Metaspace       used 44804K, committed 46464K, reserved 1114112K
  class space    used 6504K, committed 7296K, reserved 1048576K

Heap Regions: E=young(eden), S=young(survivor), O=old, HS=humongous(starts), HC=humongous(continues), CS=collection set, F=free, TAMS=top-at-mark-start, PB=parsable bottom
|   0|0x00000000c0000000, 0x00000000c0100000, 0x00000000c0100000|100%|HS|  |TAMS 0x00000000c0000000| PB 0x00000000c0000000| Complete 
|   1|0x00000000c0100000, 0x00000000c0200000, 0x00000000c0200000|100%|HC|  |TAMS 0x00000000c0100000| PB 0x00000000c0100000| Complete 
|   2|0x00000000c0200000, 0x00000000c0300000, 0x00000000c0300000|100%|HC|  |TAMS 0x00000000c0200000| PB 0x00000000c0200000| Complete 
|   3|0x00000000c0300000, 0x00000000c0400000, 0x00000000c0400000|100%| O|  |TAMS 0x00000000c0300000| PB 0x00000000c0300000| Untracked 
|   4|0x00000000c0400000, 0x00000000c0500000, 0x00000000c0500000|100%| O|  |TAMS 0x00000000c0400000| PB 0x00000000c0400000| Untracked 
|   5|0x00000000c0500000, 0x00000000c0600000, 0x00000000c0600000|100%| O|  |TAMS 0x00000000c0500000| PB 0x00000000c0500000| Untracked 
|   6|0x00000000c0600000, 0x00000000c0700000, 0x00000000c0700000|100%|HS|  |TAMS 0x00000000c0600000| PB 0x00000000c0600000| Complete 
|   7|0x00000000c0700000, 0x00000000c0800000, 0x00000000c0800000|100%| O|  |TAMS 0x00000000c0700000| PB 0x00000000c0700000| Untracked 
|   8|0x00000000c0800000, 0x00000000c0900000, 0x00000000c0900000|100%| O|  |TAMS 0x00000000c0800000| PB 0x00000000c0800000| Untracked 
|   9|0x00000000c0900000, 0x00000000c0a00000, 0x00000000c0a00000|100%| O|  |TAMS 0x00000000c0900000| PB 0x00000000c0900000| Untracked 
|  10|0x00000000c0a00000, 0x00000000c0b00000, 0x00000000c0b00000|100%| O|  |TAMS 0x00000000c0a00000| PB 0x00000000c0a00000| Untracked 
|  11|0x00000000c0b00000, 0x00000000c0c00000, 0x00000000c0c00000|100%| O|  |TAMS 0x00000000c0b00000| PB 0x00000000c0b00000| Untracked 
|  12|0x00000000c0c00000, 0x00000000c0d00000, 0x00000000c0d00000|100%| O|  |TAMS 0x00000000c0c00000| PB 0x00000000c0c00000| Untracked 
|  13|0x00000000c0d00000, 0x00000000c0e00000, 0x00000000c0e00000|100%| O|  |TAMS 0x00000000c0d00000| PB 0x00000000c0d00000| Untracked 
|  14|0x00000000c0e00000, 0x00000000c0f00000, 0x00000000c0f00000|100%| O|  |TAMS 0x00000000c0e00000| PB 0x00000000c0e00000| Untracked 
|  15|0x00000000c0f00000, 0x00000000c1000000, 0x00000000c1000000|100%| O|  |TAMS 0x00000000c0f00000| PB 0x00000000c0f00000| Untracked 
|  16|0x00000000c1000000, 0x00000000c1100000, 0x00000000c1100000|100%| O|  |TAMS 0x00000000c1000000| PB 0x00000000c1000000| Untracked 
|  17|0x00000000c1100000, 0x00000000c1200000, 0x00000000c1200000|100%| O|  |TAMS 0x00000000c1100000| PB 0x00000000c1100000| Untracked 
|  18|0x00000000c1200000, 0x00000000c1300000, 0x00000000c1300000|100%| O|  |TAMS 0x00000000c1200000| PB 0x00000000c1200000| Untracked 
|  19|0x00000000c1300000, 0x00000000c1400000, 0x00000000c1400000|100%| O|  |TAMS 0x00000000c1300000| PB 0x00000000c1300000| Untracked 
|  20|0x00000000c1400000, 0x00000000c1400000, 0x00000000c1500000|  0%| F|  |TAMS 0x00000000c1400000| PB 0x00000000c1400000| Untracked 
|  21|0x00000000c1500000, 0x00000000c1600000, 0x00000000c1600000|100%| O|  |TAMS 0x00000000c1500000| PB 0x00000000c1500000| Untracked 
|  22|0x00000000c1600000, 0x00000000c1700000, 0x00000000c1700000|100%| O|  |TAMS 0x00000000c1600000| PB 0x00000000c1600000| Untracked 
|  23|0x00000000c1700000, 0x00000000c1800000, 0x00000000c1800000|100%| O|  |TAMS 0x00000000c1700000| PB 0x00000000c1700000| Untracked 
|  24|0x00000000c1800000, 0x00000000c1900000, 0x00000000c1900000|100%| O|  |TAMS 0x00000000c1800000| PB 0x00000000c1800000| Untracked 
|  25|0x00000000c1900000, 0x00000000c1a00000, 0x00000000c1a00000|100%| O|  |TAMS 0x00000000c1900000| PB 0x00000000c1900000| Untracked 
|  26|0x00000000c1a00000, 0x00000000c1b00000, 0x00000000c1b00000|100%| O|  |TAMS 0x00000000c1a00000| PB 0x00000000c1a00000| Untracked 
|  27|0x00000000c1b00000, 0x00000000c1c00000, 0x00000000c1c00000|100%| O|  |TAMS 0x00000000c1b00000| PB 0x00000000c1b00000| Untracked 
|  28|0x00000000c1c00000, 0x00000000c1d00000, 0x00000000c1d00000|100%| O|  |TAMS 0x00000000c1c00000| PB 0x00000000c1c00000| Untracked 
|  29|0x00000000c1d00000, 0x00000000c1e00000, 0x00000000c1e00000|100%| O|  |TAMS 0x00000000c1d00000| PB 0x00000000c1d00000| Untracked 
|  30|0x00000000c1e00000, 0x00000000c1f00000, 0x00000000c1f00000|100%| O|  |TAMS 0x00000000c1e00000| PB 0x00000000c1e00000| Untracked 
|  31|0x00000000c1f00000, 0x00000000c1f00000, 0x00000000c2000000|  0%| F|  |TAMS 0x00000000c1f00000| PB 0x00000000c1f00000| Untracked 
|  32|0x00000000c2000000, 0x00000000c2000000, 0x00000000c2100000|  0%| F|  |TAMS 0x00000000c2000000| PB 0x00000000c2000000| Untracked 
|  33|0x00000000c2100000, 0x00000000c2200000, 0x00000000c2200000|100%| O|  |TAMS 0x00000000c2100000| PB 0x00000000c2100000| Untracked 
|  34|0x00000000c2200000, 0x00000000c22a04d8, 0x00000000c2300000| 62%| O|  |TAMS 0x00000000c2200000| PB 0x00000000c2200000| Untracked 
|  35|0x00000000c2300000, 0x00000000c2300000, 0x00000000c2400000|  0%| F|  |TAMS 0x00000000c2300000| PB 0x00000000c2300000| Untracked 
|  36|0x00000000c2400000, 0x00000000c24248b0, 0x00000000c2500000| 14%| S|CS|TAMS 0x00000000c2400000| PB 0x00000000c2400000| Complete 
|  37|0x00000000c2500000, 0x00000000c2500000, 0x00000000c2600000|  0%| F|  |TAMS 0x00000000c2500000| PB 0x00000000c2500000| Untracked 
|  38|0x00000000c2600000, 0x00000000c2600000, 0x00000000c2700000|  0%| F|  |TAMS 0x00000000c2600000| PB 0x00000000c2600000| Untracked 
|  39|0x00000000c2700000, 0x00000000c2700000, 0x00000000c2800000|  0%| F|  |TAMS 0x00000000c2700000| PB 0x00000000c2700000| Untracked 
|  40|0x00000000c2800000, 0x00000000c2800000, 0x00000000c2900000|  0%| F|  |TAMS 0x00000000c2800000| PB 0x00000000c2800000| Untracked 
|  41|0x00000000c2900000, 0x00000000c2900000, 0x00000000c2a00000|  0%| F|  |TAMS 0x00000000c2900000| PB 0x00000000c2900000| Untracked 
|  42|0x00000000c2a00000, 0x00000000c2b00000, 0x00000000c2b00000|100%| S|CS|TAMS 0x00000000c2a00000| PB 0x00000000c2a00000| Complete 
|  43|0x00000000c2b00000, 0x00000000c2c00000, 0x00000000c2c00000|100%| S|CS|TAMS 0x00000000c2b00000| PB 0x00000000c2b00000| Complete 
|  44|0x00000000c2c00000, 0x00000000c2d00000, 0x00000000c2d00000|100%| S|CS|TAMS 0x00000000c2c00000| PB 0x00000000c2c00000| Complete 
|  45|0x00000000c2d00000, 0x00000000c2e00000, 0x00000000c2e00000|100%| S|CS|TAMS 0x00000000c2d00000| PB 0x00000000c2d00000| Complete 
|  46|0x00000000c2e00000, 0x00000000c2e00000, 0x00000000c2f00000|  0%| F|  |TAMS 0x00000000c2e00000| PB 0x00000000c2e00000| Untracked 
|  47|0x00000000c2f00000, 0x00000000c2f00000, 0x00000000c3000000|  0%| F|  |TAMS 0x00000000c2f00000| PB 0x00000000c2f00000| Untracked 
|  48|0x00000000c3000000, 0x00000000c3000000, 0x00000000c3100000|  0%| F|  |TAMS 0x00000000c3000000| PB 0x00000000c3000000| Untracked 
|  49|0x00000000c3100000, 0x00000000c3100000, 0x00000000c3200000|  0%| F|  |TAMS 0x00000000c3100000| PB 0x00000000c3100000| Untracked 
|  50|0x00000000c3200000, 0x00000000c3200000, 0x00000000c3300000|  0%| F|  |TAMS 0x00000000c3200000| PB 0x00000000c3200000| Untracked 
|  51|0x00000000c3300000, 0x00000000c3300000, 0x00000000c3400000|  0%| F|  |TAMS 0x00000000c3300000| PB 0x00000000c3300000| Untracked 
|  52|0x00000000c3400000, 0x00000000c3400000, 0x00000000c3500000|  0%| F|  |TAMS 0x00000000c3400000| PB 0x00000000c3400000| Untracked 
|  53|0x00000000c3500000, 0x00000000c3500000, 0x00000000c3600000|  0%| F|  |TAMS 0x00000000c3500000| PB 0x00000000c3500000| Untracked 
|  54|0x00000000c3600000, 0x00000000c3600000, 0x00000000c3700000|  0%| F|  |TAMS 0x00000000c3600000| PB 0x00000000c3600000| Untracked 
|  55|0x00000000c3700000, 0x00000000c3700000, 0x00000000c3800000|  0%| F|  |TAMS 0x00000000c3700000| PB 0x00000000c3700000| Untracked 
|  56|0x00000000c3800000, 0x00000000c3800000, 0x00000000c3900000|  0%| F|  |TAMS 0x00000000c3800000| PB 0x00000000c3800000| Untracked 
|  57|0x00000000c3900000, 0x00000000c3900000, 0x00000000c3a00000|  0%| F|  |TAMS 0x00000000c3900000| PB 0x00000000c3900000| Untracked 
|  58|0x00000000c3a00000, 0x00000000c3a00000, 0x00000000c3b00000|  0%| F|  |TAMS 0x00000000c3a00000| PB 0x00000000c3a00000| Untracked 
|  59|0x00000000c3b00000, 0x00000000c3b00000, 0x00000000c3c00000|  0%| F|  |TAMS 0x00000000c3b00000| PB 0x00000000c3b00000| Untracked 
|  60|0x00000000c3c00000, 0x00000000c3d00000, 0x00000000c3d00000|100%| E|  |TAMS 0x00000000c3c00000| PB 0x00000000c3c00000| Complete 
|  61|0x00000000c3d00000, 0x00000000c3e00000, 0x00000000c3e00000|100%| E|CS|TAMS 0x00000000c3d00000| PB 0x00000000c3d00000| Complete 
|  62|0x00000000c3e00000, 0x00000000c3f00000, 0x00000000c3f00000|100%| E|CS|TAMS 0x00000000c3e00000| PB 0x00000000c3e00000| Complete 
|  63|0x00000000c3f00000, 0x00000000c4000000, 0x00000000c4000000|100%| E|CS|TAMS 0x00000000c3f00000| PB 0x00000000c3f00000| Complete 
|  64|0x00000000c4000000, 0x00000000c4100000, 0x00000000c4100000|100%| E|CS|TAMS 0x00000000c4000000| PB 0x00000000c4000000| Complete 
|  65|0x00000000c4100000, 0x00000000c4200000, 0x00000000c4200000|100%| E|CS|TAMS 0x00000000c4100000| PB 0x00000000c4100000| Complete 
|  66|0x00000000c4200000, 0x00000000c4300000, 0x00000000c4300000|100%| E|CS|TAMS 0x00000000c4200000| PB 0x00000000c4200000| Complete 
|  67|0x00000000c4300000, 0x00000000c4400000, 0x00000000c4400000|100%| E|CS|TAMS 0x00000000c4300000| PB 0x00000000c4300000| Complete 
|  68|0x00000000c4400000, 0x00000000c4500000, 0x00000000c4500000|100%| E|CS|TAMS 0x00000000c4400000| PB 0x00000000c4400000| Complete 
|  69|0x00000000c4500000, 0x00000000c4600000, 0x00000000c4600000|100%| E|CS|TAMS 0x00000000c4500000| PB 0x00000000c4500000| Complete 
|  70|0x00000000c4600000, 0x00000000c4700000, 0x00000000c4700000|100%| E|CS|TAMS 0x00000000c4600000| PB 0x00000000c4600000| Complete 
|  71|0x00000000c4700000, 0x00000000c4800000, 0x00000000c4800000|100%| E|CS|TAMS 0x00000000c4700000| PB 0x00000000c4700000| Complete 
|  72|0x00000000c4800000, 0x00000000c4900000, 0x00000000c4900000|100%| E|CS|TAMS 0x00000000c4800000| PB 0x00000000c4800000| Complete 
|  73|0x00000000c4900000, 0x00000000c4a00000, 0x00000000c4a00000|100%| E|CS|TAMS 0x00000000c4900000| PB 0x00000000c4900000| Complete 
|  74|0x00000000c4a00000, 0x00000000c4b00000, 0x00000000c4b00000|100%| E|CS|TAMS 0x00000000c4a00000| PB 0x00000000c4a00000| Complete 
|  75|0x00000000c4b00000, 0x00000000c4c00000, 0x00000000c4c00000|100%| E|CS|TAMS 0x00000000c4b00000| PB 0x00000000c4b00000| Complete 
|  76|0x00000000c4c00000, 0x00000000c4d00000, 0x00000000c4d00000|100%| E|CS|TAMS 0x00000000c4c00000| PB 0x00000000c4c00000| Complete 
|  77|0x00000000c4d00000, 0x00000000c4e00000, 0x00000000c4e00000|100%| E|CS|TAMS 0x00000000c4d00000| PB 0x00000000c4d00000| Complete 
|  78|0x00000000c4e00000, 0x00000000c4f00000, 0x00000000c4f00000|100%| E|CS|TAMS 0x00000000c4e00000| PB 0x00000000c4e00000| Complete 
|  79|0x00000000c4f00000, 0x00000000c5000000, 0x00000000c5000000|100%| E|CS|TAMS 0x00000000c4f00000| PB 0x00000000c4f00000| Complete 
|  80|0x00000000c5000000, 0x00000000c5100000, 0x00000000c5100000|100%| E|CS|TAMS 0x00000000c5000000| PB 0x00000000c5000000| Complete 
|  81|0x00000000c5100000, 0x00000000c5200000, 0x00000000c5200000|100%| E|CS|TAMS 0x00000000c5100000| PB 0x00000000c5100000| Complete 
|  82|0x00000000c5200000, 0x00000000c5300000, 0x00000000c5300000|100%| E|CS|TAMS 0x00000000c5200000| PB 0x00000000c5200000| Complete 
|  93|0x00000000c5d00000, 0x00000000c5e00000, 0x00000000c5e00000|100%| E|CS|TAMS 0x00000000c5d00000| PB 0x00000000c5d00000| Complete 

Card table byte_map: [0x00000236bde50000,0x00000236be050000] _byte_map_base: 0x00000236bd850000

Marking Bits: (CMBitMap*) 0x00000236ab758f60
 Bits: [0x00000236be050000, 0x00000236bf050000)

Polling page: 0x00000236aaee0000

Metaspace:

Usage:
  Non-class:     37.41 MB used.
      Class:      6.35 MB used.
       Both:     43.76 MB used.

Virtual space:
  Non-class space:       64.00 MB reserved,      38.25 MB ( 60%) committed,  1 nodes.
      Class space:        1.00 GB reserved,       7.12 MB ( <1%) committed,  1 nodes.
             Both:        1.06 GB reserved,      45.38 MB (  4%) committed. 

Chunk freelists:
   Non-Class:  9.04 MB
       Class:  8.85 MB
        Both:  17.89 MB

MaxMetaspaceSize: unlimited
CompressedClassSpaceSize: 1.00 GB
Initial GC threshold: 21.00 MB
Current GC threshold: 58.75 MB
CDS: on
 - commit_granule_bytes: 65536.
 - commit_granule_words: 8192.
 - virtual_space_node_default_size: 8388608.
 - enlarge_chunks_in_place: 1.
 - use_allocation_guard: 0.


Internal statistics:

num_allocs_failed_limit: 6.
num_arena_births: 2936.
num_arena_deaths: 0.
num_vsnodes_births: 2.
num_vsnodes_deaths: 0.
num_space_committed: 726.
num_space_uncommitted: 0.
num_chunks_returned_to_freelist: 6.
num_chunks_taken_from_freelist: 5110.
num_chunk_merges: 6.
num_chunk_splits: 3279.
num_chunks_enlarged: 1963.
num_inconsistent_stats: 0.

CodeHeap 'non-profiled nmethods': size=120000Kb used=2612Kb max_used=2612Kb free=117387Kb
 bounds [0x00000236b63f0000, 0x00000236b6680000, 0x00000236bd920000]
CodeHeap 'profiled nmethods': size=120000Kb used=8912Kb max_used=8912Kb free=111087Kb
 bounds [0x00000236ae920000, 0x00000236af1f0000, 0x00000236b5e50000]
CodeHeap 'non-nmethods': size=5760Kb used=2576Kb max_used=2591Kb free=3183Kb
 bounds [0x00000236b5e50000, 0x00000236b60f0000, 0x00000236b63f0000]
CodeCache: size=245760Kb, used=14100Kb, max_used=14115Kb, free=231657Kb
 total_blobs=5443, nmethods=4595, adapters=752, full_count=0
Compilation: enabled, stopped_count=0, restarted_count=0

Compilation events (20 events):
Event: 20.256 Thread 0x00000236c1a5c430 5079       3       java.lang.Class::getMethods (26 bytes)
Event: 20.256 Thread 0x00000236c1a5c430 nmethod 5079 0x00000236aed3c590 code [0x00000236aed3c760, 0x00000236aed3c9b8]
Event: 20.278 Thread 0x00000236c1a5c430 5080       3       com.google.common.collect.AbstractMapBasedMultimap$WrappedCollection$WrappedIterator::hasNext (14 bytes)
Event: 20.278 Thread 0x00000236c1a5c430 nmethod 5080 0x00000236aed3bb10 code [0x00000236aed3bd00, 0x00000236aed3c130]
Event: 20.278 Thread 0x00000236c1a5c430 5081       3       java.util.TimSort::sort (229 bytes)
Event: 20.279 Thread 0x00000236c1a5c430 nmethod 5081 0x00000236aea98b10 code [0x00000236aea98d60, 0x00000236aea99460]
Event: 20.309 Thread 0x00000236c1a5c430 5082       3       java.lang.invoke.SimpleMethodHandle::make (10 bytes)
Event: 20.310 Thread 0x00000236c1a5c430 nmethod 5082 0x00000236aea98690 code [0x00000236aea98840, 0x00000236aea98a30]
Event: 20.310 Thread 0x00000236c1a5c430 5083       3       java.lang.invoke.SimpleMethodHandle::<init> (7 bytes)
Event: 20.310 Thread 0x00000236c1a5c430 nmethod 5083 0x00000236aea98210 code [0x00000236aea983c0, 0x00000236aea98580]
Event: 20.324 Thread 0x00000236c1a5c430 5084       3       com.google.common.collect.RegularImmutableMap::get (64 bytes)
Event: 20.325 Thread 0x00000236c1a5c430 nmethod 5084 0x00000236aea97890 code [0x00000236aea97aa0, 0x00000236aea98030]
Event: 20.378 Thread 0x00000236c1a5c430 5085       3       sun.reflect.generics.repository.AbstractRepository::getReifier (8 bytes)
Event: 20.378 Thread 0x00000236c1a5c430 nmethod 5085 0x00000236aea97290 code [0x00000236aea97440, 0x00000236aea97730]
Event: 20.379 Thread 0x00000236c1a5c430 5086       3       java.lang.reflect.Method::toShortSignature (78 bytes)
Event: 20.380 Thread 0x00000236c1a5c430 nmethod 5086 0x00000236aea96510 code [0x00000236aea96780, 0x00000236aea96ef0]
Event: 20.381 Thread 0x00000236c1a5c430 5087       1       org.gradle.internal.instantiation.generator.AbstractClassGenerator$PropertyMetadata::access$1400 (5 bytes)
Event: 20.382 Thread 0x00000236c1a5c430 nmethod 5087 0x00000236b667b890 code [0x00000236b667ba20, 0x00000236b667bad0]
Event: 20.385 Thread 0x00000236c1a5c430 5089       1       org.gradle.internal.instantiation.generator.AbstractClassGenerator$GeneratedClassImpl::getOuterType (5 bytes)
Event: 20.385 Thread 0x00000236c1a5c430 nmethod 5089 0x00000236b667bb90 code [0x00000236b667bd20, 0x00000236b667bde8]

GC Heap History (20 events):
Event: 2.441 GC heap before
{Heap before GC invocations=0 (full 0):
 garbage-first heap   total 96256K, used 22528K [0x00000000c0000000, 0x0000000100000000)
  region size 1024K, 23 young (23552K), 0 survivors (0K)
 Metaspace       used 934K, committed 1088K, reserved 1114112K
  class space    used 73K, committed 128K, reserved 1048576K
}
Event: 2.472 GC heap after
{Heap after GC invocations=1 (full 0):
 garbage-first heap   total 96256K, used 1536K [0x00000000c0000000, 0x0000000100000000)
  region size 1024K, 2 young (2048K), 2 survivors (2048K)
 Metaspace       used 934K, committed 1088K, reserved 1114112K
  class space    used 73K, committed 128K, reserved 1048576K
}
Event: 4.293 GC heap before
{Heap before GC invocations=1 (full 0):
 garbage-first heap   total 96256K, used 39424K [0x00000000c0000000, 0x0000000100000000)
  region size 1024K, 37 young (37888K), 2 survivors (2048K)
 Metaspace       used 4385K, committed 4544K, reserved 1114112K
  class space    used 559K, committed 640K, reserved 1048576K
}
Event: 4.305 GC heap after
{Heap after GC invocations=2 (full 0):
 garbage-first heap   total 96256K, used 10997K [0x00000000c0000000, 0x0000000100000000)
  region size 1024K, 5 young (5120K), 5 survivors (5120K)
 Metaspace       used 4385K, committed 4544K, reserved 1114112K
  class space    used 559K, committed 640K, reserved 1048576K
}
Event: 5.380 GC heap before
{Heap before GC invocations=2 (full 0):
 garbage-first heap   total 96256K, used 56053K [0x00000000c0000000, 0x0000000100000000)
  region size 1024K, 47 young (48128K), 5 survivors (5120K)
 Metaspace       used 4597K, committed 4800K, reserved 1114112K
  class space    used 584K, committed 704K, reserved 1048576K
}
Event: 5.389 GC heap after
{Heap after GC invocations=3 (full 0):
 garbage-first heap   total 96256K, used 16167K [0x00000000c0000000, 0x0000000100000000)
  region size 1024K, 4 young (4096K), 4 survivors (4096K)
 Metaspace       used 4597K, committed 4800K, reserved 1114112K
  class space    used 584K, committed 704K, reserved 1048576K
}
Event: 8.256 GC heap before
{Heap before GC invocations=3 (full 0):
 garbage-first heap   total 96256K, used 69415K [0x00000000c0000000, 0x0000000100000000)
  region size 1024K, 56 young (57344K), 4 survivors (4096K)
 Metaspace       used 14846K, committed 15360K, reserved 1114112K
  class space    used 2078K, committed 2304K, reserved 1048576K
}
Event: 8.263 GC heap after
{Heap after GC invocations=4 (full 0):
 garbage-first heap   total 96256K, used 21615K [0x00000000c0000000, 0x0000000100000000)
  region size 1024K, 6 young (6144K), 6 survivors (6144K)
 Metaspace       used 14846K, committed 15360K, reserved 1114112K
  class space    used 2078K, committed 2304K, reserved 1048576K
}
Event: 10.007 GC heap before
{Heap before GC invocations=4 (full 0):
 garbage-first heap   total 96256K, used 66671K [0x00000000c0000000, 0x0000000100000000)
  region size 1024K, 51 young (52224K), 6 survivors (6144K)
 Metaspace       used 20821K, committed 21504K, reserved 1114112K
  class space    used 3078K, committed 3392K, reserved 1048576K
}
Event: 10.014 GC heap after
{Heap after GC invocations=5 (full 0):
 garbage-first heap   total 96256K, used 24570K [0x00000000c0000000, 0x0000000100000000)
  region size 1024K, 4 young (4096K), 4 survivors (4096K)
 Metaspace       used 20821K, committed 21504K, reserved 1114112K
  class space    used 3078K, committed 3392K, reserved 1048576K
}
Event: 12.476 GC heap before
{Heap before GC invocations=6 (full 0):
 garbage-first heap   total 86016K, used 71674K [0x00000000c0000000, 0x0000000100000000)
  region size 1024K, 50 young (51200K), 4 survivors (4096K)
 Metaspace       used 27464K, committed 28480K, reserved 1114112K
  class space    used 4102K, committed 4608K, reserved 1048576K
}
Event: 12.484 GC heap after
{Heap after GC invocations=7 (full 0):
 garbage-first heap   total 86016K, used 27139K [0x00000000c0000000, 0x0000000100000000)
  region size 1024K, 6 young (6144K), 6 survivors (6144K)
 Metaspace       used 27464K, committed 28480K, reserved 1114112K
  class space    used 4102K, committed 4608K, reserved 1048576K
}
Event: 14.004 GC heap before
{Heap before GC invocations=7 (full 0):
 garbage-first heap   total 86016K, used 69123K [0x00000000c0000000, 0x0000000100000000)
  region size 1024K, 48 young (49152K), 6 survivors (6144K)
 Metaspace       used 32845K, committed 33856K, reserved 1114112K
  class space    used 4696K, committed 5184K, reserved 1048576K
}
Event: 14.012 GC heap after
{Heap after GC invocations=8 (full 0):
 garbage-first heap   total 86016K, used 31078K [0x00000000c0000000, 0x0000000100000000)
  region size 1024K, 6 young (6144K), 6 survivors (6144K)
 Metaspace       used 32845K, committed 33856K, reserved 1114112K
  class space    used 4696K, committed 5184K, reserved 1048576K
}
Event: 14.896 GC heap before
{Heap before GC invocations=8 (full 0):
 garbage-first heap   total 86016K, used 48486K [0x00000000c0000000, 0x0000000100000000)
  region size 1024K, 24 young (24576K), 6 survivors (6144K)
 Metaspace       used 34893K, committed 35968K, reserved 1114112K
  class space    used 5048K, committed 5568K, reserved 1048576K
}
Event: 14.903 GC heap after
{Heap after GC invocations=9 (full 0):
 garbage-first heap   total 86016K, used 33251K [0x00000000c0000000, 0x0000000100000000)
  region size 1024K, 2 young (2048K), 2 survivors (2048K)
 Metaspace       used 34893K, committed 35968K, reserved 1114112K
  class space    used 5048K, committed 5568K, reserved 1048576K
}
Event: 17.360 GC heap before
{Heap before GC invocations=10 (full 0):
 garbage-first heap   total 86016K, used 79331K [0x00000000c0000000, 0x0000000100000000)
  region size 1024K, 42 young (43008K), 2 survivors (2048K)
 Metaspace       used 39674K, committed 41088K, reserved 1114112K
  class space    used 5766K, committed 6464K, reserved 1048576K
}
Event: 17.367 GC heap after
{Heap after GC invocations=11 (full 0):
 garbage-first heap   total 86016K, used 35606K [0x00000000c0000000, 0x0000000100000000)
  region size 1024K, 5 young (5120K), 5 survivors (5120K)
 Metaspace       used 39674K, committed 41088K, reserved 1114112K
  class space    used 5766K, committed 6464K, reserved 1048576K
}
Event: 19.355 GC heap before
{Heap before GC invocations=11 (full 0):
 garbage-first heap   total 86016K, used 76566K [0x00000000c0000000, 0x0000000100000000)
  region size 1024K, 43 young (44032K), 5 survivors (5120K)
 Metaspace       used 43576K, committed 45120K, reserved 1114112K
  class space    used 6295K, committed 7040K, reserved 1048576K
}
Event: 19.362 GC heap after
{Heap after GC invocations=12 (full 0):
 garbage-first heap   total 86016K, used 36627K [0x00000000c0000000, 0x0000000100000000)
  region size 1024K, 5 young (5120K), 5 survivors (5120K)
 Metaspace       used 43576K, committed 45120K, reserved 1114112K
  class space    used 6295K, committed 7040K, reserved 1048576K
}

Dll operation events (20 events):
Event: 0.877 Attempting to load shared library C:\Users\LENOVO\.antigravity-ide\extensions\redhat.java-1.56.0-win32-x64\jre\21.0.12.1-win32-x86_64\bin\nio.dll
Event: 0.883 Loaded shared library C:\Users\LENOVO\.antigravity-ide\extensions\redhat.java-1.56.0-win32-x64\jre\21.0.12.1-win32-x86_64\bin\nio.dll
Event: 0.889 Attempting to load shared library C:\Users\LENOVO\.antigravity-ide\extensions\redhat.java-1.56.0-win32-x64\jre\21.0.12.1-win32-x86_64\bin\zip.dll
Event: 0.889 Loaded shared library C:\Users\LENOVO\.antigravity-ide\extensions\redhat.java-1.56.0-win32-x64\jre\21.0.12.1-win32-x86_64\bin\zip.dll
Event: 2.294 Attempting to load shared library C:\Users\LENOVO\.antigravity-ide\extensions\redhat.java-1.56.0-win32-x64\jre\21.0.12.1-win32-x86_64\bin\jimage.dll
Event: 2.294 Loaded shared library C:\Users\LENOVO\.antigravity-ide\extensions\redhat.java-1.56.0-win32-x64\jre\21.0.12.1-win32-x86_64\bin\jimage.dll
Event: 3.030 Attempting to load shared library C:\Users\LENOVO\.antigravity-ide\extensions\redhat.java-1.56.0-win32-x64\jre\21.0.12.1-win32-x86_64\bin\verify.dll
Event: 3.032 Loaded shared library C:\Users\LENOVO\.antigravity-ide\extensions\redhat.java-1.56.0-win32-x64\jre\21.0.12.1-win32-x86_64\bin\verify.dll
Event: 3.247 Attempting to load shared library C:\Users\LENOVO\.gradle\native\1def1411415f61bf3af743bc5b6707747c0891f09f0c88961ee8f79bc544acac\windows-amd64\native-platform.dll
Event: 3.250 Loaded shared library C:\Users\LENOVO\.gradle\native\1def1411415f61bf3af743bc5b6707747c0891f09f0c88961ee8f79bc544acac\windows-amd64\native-platform.dll
Event: 3.272 Attempting to load shared library C:\Users\LENOVO\.gradle\native\0.2.7\x86_64-windows-gnu\gradle-fileevents.dll
Event: 3.276 Loaded shared library C:\Users\LENOVO\.gradle\native\0.2.7\x86_64-windows-gnu\gradle-fileevents.dll
Event: 5.969 Attempting to load shared library C:\Users\LENOVO\.antigravity-ide\extensions\redhat.java-1.56.0-win32-x64\jre\21.0.12.1-win32-x86_64\bin\management.dll
Event: 5.972 Loaded shared library C:\Users\LENOVO\.antigravity-ide\extensions\redhat.java-1.56.0-win32-x64\jre\21.0.12.1-win32-x86_64\bin\management.dll
Event: 5.978 Attempting to load shared library C:\Users\LENOVO\.antigravity-ide\extensions\redhat.java-1.56.0-win32-x64\jre\21.0.12.1-win32-x86_64\bin\management_ext.dll
Event: 5.983 Loaded shared library C:\Users\LENOVO\.antigravity-ide\extensions\redhat.java-1.56.0-win32-x64\jre\21.0.12.1-win32-x86_64\bin\management_ext.dll
Event: 6.260 Attempting to load shared library C:\Users\LENOVO\.antigravity-ide\extensions\redhat.java-1.56.0-win32-x64\jre\21.0.12.1-win32-x86_64\bin\extnet.dll
Event: 6.262 Loaded shared library C:\Users\LENOVO\.antigravity-ide\extensions\redhat.java-1.56.0-win32-x64\jre\21.0.12.1-win32-x86_64\bin\extnet.dll
Event: 6.920 Attempting to load shared library C:\Users\LENOVO\.antigravity-ide\extensions\redhat.java-1.56.0-win32-x64\jre\21.0.12.1-win32-x86_64\bin\sunmscapi.dll
Event: 6.958 Loaded shared library C:\Users\LENOVO\.antigravity-ide\extensions\redhat.java-1.56.0-win32-x64\jre\21.0.12.1-win32-x86_64\bin\sunmscapi.dll

Deoptimization events (20 events):
Event: 19.716 Thread 0x000002370854a850 Uncommon trap: trap_request=0xffffffde fr.pc=0x00000236b65d3534 relative=0x0000000000001894
Event: 19.716 Thread 0x000002370854a850 Uncommon trap: reason=class_check action=maybe_recompile pc=0x00000236b65d3534 method=jdk.internal.loader.URLClassPath.getLoader(I)Ljdk/internal/loader/URLClassPath$Loader; @ 88 c2
Event: 19.716 Thread 0x000002370854a850 DEOPT PACKING pc=0x00000236b65d3534 sp=0x000000d7881f9510
Event: 19.716 Thread 0x000002370854a850 DEOPT UNPACKING pc=0x00000236b5ea4422 sp=0x000000d7881f9500 mode 2
Event: 19.716 Thread 0x000002370854a850 Uncommon trap: trap_request=0xffffffde fr.pc=0x00000236b662c594 relative=0x0000000000003fd4
Event: 19.716 Thread 0x000002370854a850 Uncommon trap: reason=class_check action=maybe_recompile pc=0x00000236b662c594 method=jdk.internal.loader.URLClassPath.getResource(Ljava/lang/String;Z)Ljdk/internal/loader/Resource; @ 53 c2
Event: 19.716 Thread 0x000002370854a850 DEOPT PACKING pc=0x00000236b662c594 sp=0x000000d7881f95d0
Event: 19.716 Thread 0x000002370854a850 DEOPT UNPACKING pc=0x00000236b5ea4422 sp=0x000000d7881f9538 mode 2
Event: 19.747 Thread 0x000002370854a850 Uncommon trap: trap_request=0xfffffff4 fr.pc=0x00000236b66544b0 relative=0x00000000000001f0
Event: 19.747 Thread 0x000002370854a850 Uncommon trap: reason=null_check action=make_not_entrant pc=0x00000236b66544b0 method=java.lang.invoke.InvokerBytecodeGenerator.isStaticallyNameable(Ljava/lang/Class;)Z @ 11 c2
Event: 19.747 Thread 0x000002370854a850 DEOPT PACKING pc=0x00000236b66544b0 sp=0x000000d7881f8580
Event: 19.747 Thread 0x000002370854a850 DEOPT UNPACKING pc=0x00000236b5ea4422 sp=0x000000d7881f84f8 mode 2
Event: 19.858 Thread 0x000002370854a850 Uncommon trap: trap_request=0xffffff45 fr.pc=0x00000236b6582534 relative=0x0000000000000574
Event: 19.858 Thread 0x000002370854a850 Uncommon trap: reason=unstable_if action=reinterpret pc=0x00000236b6582534 method=java.lang.invoke.InvokerBytecodeGenerator.storeInsnOpcode(Ljava/lang/invoke/LambdaForm$BasicType;)I @ 8 c2
Event: 19.858 Thread 0x000002370854a850 DEOPT PACKING pc=0x00000236b6582534 sp=0x000000d7881f6880
Event: 19.858 Thread 0x000002370854a850 DEOPT UNPACKING pc=0x00000236b5ea4422 sp=0x000000d7881f67c8 mode 2
Event: 19.859 Thread 0x000002370854a850 Uncommon trap: trap_request=0xffffff3d fr.pc=0x00000236b65bc6f4 relative=0x0000000000000c74
Event: 19.859 Thread 0x000002370854a850 Uncommon trap: reason=unstable_fused_if action=reinterpret pc=0x00000236b65bc6f4 method=org.objectweb.asm.ByteVector.putUTF8(Ljava/lang/String;)Lorg/objectweb/asm/ByteVector; @ 93 c2
Event: 19.859 Thread 0x000002370854a850 DEOPT PACKING pc=0x00000236b65bc6f4 sp=0x000000d7881f7260
Event: 19.859 Thread 0x000002370854a850 DEOPT UNPACKING pc=0x00000236b5ea4422 sp=0x000000d7881f71b8 mode 2

Classes loaded (20 events):
Event: 18.369 Loading class javax/net/ssl/X509TrustManager
Event: 18.369 Loading class javax/net/ssl/X509TrustManager done
Event: 18.376 Loading class javax/net/ssl/SSLException
Event: 18.377 Loading class javax/net/ssl/SSLException done
Event: 18.377 Loading class javax/net/ssl/SSLPeerUnverifiedException
Event: 18.377 Loading class javax/net/ssl/SSLPeerUnverifiedException done
Event: 18.377 Loading class javax/naming/NamingException
Event: 18.379 Loading class javax/naming/NamingException done
Event: 18.379 Loading class javax/naming/InvalidNameException
Event: 18.380 Loading class javax/naming/InvalidNameException done
Event: 18.380 Loading class java/security/cert/CertificateParsingException
Event: 18.381 Loading class java/security/cert/CertificateException
Event: 18.381 Loading class java/security/cert/CertificateException done
Event: 18.381 Loading class java/security/cert/CertificateParsingException done
Event: 18.582 Loading class java/security/CodeSigner
Event: 18.582 Loading class java/security/CodeSigner done
Event: 18.806 Loading class java/util/Collections$SynchronizedRandomAccessList
Event: 18.809 Loading class java/util/Collections$SynchronizedList
Event: 18.811 Loading class java/util/Collections$SynchronizedList done
Event: 18.811 Loading class java/util/Collections$SynchronizedRandomAccessList done

Classes unloaded (0 events):
No events

Classes redefined (0 events):
No events

Internal exceptions (20 events):
Event: 16.489 Thread 0x000002370854a850 Exception <a 'java/lang/NoSuchMethodError'{0x00000000c38c3260}: 'java.lang.Object java.lang.invoke.DirectMethodHandle$Holder.invokeStatic(java.lang.Object, java.lang.Object, java.lang.Object, java.lang.Object, java.lang.Object, java.lang.Object, java.lang.Object, java.lang.Object, java.lang.Object, java.lang.Object, java.lang.Object, java.lang.Object, java.lang.Object, java.lang.Object, java.lang.Object, java.lang.Object, java.lang.Object, java.lang.Object, java.lang.Object, java.lang.Object, java.lang.Obj
Event: 16.518 Thread 0x000002370854a850 Exception <a 'java/lang/NoSuchMethodError'{0x00000000c3794840}: 'java.lang.Object java.lang.invoke.DirectMethodHandle$Holder.newInvokeSpecial(java.lang.Object, java.lang.Object, java.lang.Object, java.lang.Object, java.lang.Object, java.lang.Object, java.lang.Object, java.lang.Object, java.lang.Object, java.lang.Object, java.lang.Object, java.lang.Object, java.lang.Object, java.lang.Object, java.lang.Object, java.lang.Object, java.lang.Object, java.lang.Object, java.lang.Object)'> (0x00000000c3794840) 
thr
Event: 16.519 Thread 0x000002370854a850 Exception <a 'java/lang/NoSuchMethodError'{0x00000000c379b210}: 'java.lang.Object java.lang.invoke.DirectMethodHandle$Holder.invokeSpecial(java.lang.Object, java.lang.Object, java.lang.Object, java.lang.Object, java.lang.Object, java.lang.Object, java.lang.Object, java.lang.Object, java.lang.Object, java.lang.Object, java.lang.Object, java.lang.Object, java.lang.Object, java.lang.Object, java.lang.Object, java.lang.Object, java.lang.Object, java.lang.Object, java.lang.Object, java.lang.Object)'> (0x0000000
Event: 16.520 Thread 0x000002370854a850 Exception <a 'java/lang/NoSuchMethodError'{0x00000000c37a0a60}: 'java.lang.Object java.lang.invoke.DelegatingMethodHandle$Holder.reinvoke_L(java.lang.Object, java.lang.Object, java.lang.Object, java.lang.Object, java.lang.Object, java.lang.Object, java.lang.Object, java.lang.Object, java.lang.Object, java.lang.Object, java.lang.Object, java.lang.Object, java.lang.Object, java.lang.Object, java.lang.Object, java.lang.Object, java.lang.Object, java.lang.Object, java.lang.Object)'> (0x00000000c37a0a60) 
throw
Event: 17.863 Thread 0x000002370854a850 Exception <a 'java/lang/NoSuchMethodError'{0x00000000c4cf9468}: 'long java.lang.invoke.DirectMethodHandle$Holder.invokeStatic(java.lang.Object, long)'> (0x00000000c4cf9468) 
thrown [s\src\hotspot\share\interpreter\linkResolver.cpp, line 773]
Event: 18.325 Thread 0x000002370854a850 Exception <a 'java/lang/NoSuchMethodError'{0x00000000c46992d8}: 'java.lang.Object java.lang.invoke.DirectMethodHandle$Holder.invokeVirtual(java.lang.Object, java.lang.Object, java.lang.Object, java.lang.Object, java.lang.Object, java.lang.Object, java.lang.Object, java.lang.Object, java.lang.Object, java.lang.Object, java.lang.Object, java.lang.Object, java.lang.Object, java.lang.Object, java.lang.Object, java.lang.Object, java.lang.Object)'> (0x00000000c46992d8) 
thrown [s\src\hotspot\share\interpreter\li
Event: 18.328 Thread 0x000002370854a850 Exception <a 'java/lang/NoSuchMethodError'{0x00000000c469f2e0}: 'java.lang.Object java.lang.invoke.DirectMethodHandle$Holder.invokeSpecial(java.lang.Object, java.lang.Object, java.lang.Object, java.lang.Object, java.lang.Object, java.lang.Object, java.lang.Object, java.lang.Object, java.lang.Object, java.lang.Object, java.lang.Object, java.lang.Object, java.lang.Object, java.lang.Object, java.lang.Object, java.lang.Object, java.lang.Object, java.lang.Object)'> (0x00000000c469f2e0) 
thrown [s\src\hotspot\sh
Event: 18.330 Thread 0x000002370854a850 Exception <a 'java/lang/NoSuchMethodError'{0x00000000c46a4838}: 'java.lang.Object java.lang.invoke.DelegatingMethodHandle$Holder.reinvoke_L(java.lang.Object, java.lang.Object, java.lang.Object, java.lang.Object, java.lang.Object, java.lang.Object, java.lang.Object, java.lang.Object, java.lang.Object, java.lang.Object, java.lang.Object, java.lang.Object, java.lang.Object, java.lang.Object, java.lang.Object, java.lang.Object, java.lang.Object)'> (0x00000000c46a4838) 
thrown [s\src\hotspot\share\interpreter\l
Event: 18.738 Thread 0x000002370854a850 Exception <a 'java/lang/NoSuchMethodError'{0x00000000c40a8e18}: 'java.lang.Object java.lang.invoke.Invokers$Holder.invoker(java.lang.Object, java.lang.Object, java.lang.Object, java.lang.Object, java.lang.Object, java.lang.Object)'> (0x00000000c40a8e18) 
thrown [s\src\hotspot\share\interpreter\linkResolver.cpp, line 773]
Event: 18.887 Thread 0x000002370854a850 Exception <a 'java/lang/NoSuchMethodError'{0x00000000c3fcdd60}: 'java.lang.Object java.lang.invoke.DirectMethodHandle$Holder.invokeSpecial(java.lang.Object, java.lang.Object, java.lang.Object, java.lang.Object, java.lang.Object, java.lang.Object, java.lang.Object, java.lang.Object, java.lang.Object, java.lang.Object, java.lang.Object, java.lang.Object, java.lang.Object, java.lang.Object, java.lang.Object, java.lang.Object, java.lang.Object, java.lang.Object, java.lang.Object, java.lang.Object, java.lang.Ob
Event: 18.888 Thread 0x000002370854a850 Exception <a 'java/lang/NoSuchMethodError'{0x00000000c3fd3dc8}: 'java.lang.Object java.lang.invoke.DelegatingMethodHandle$Holder.reinvoke_L(java.lang.Object, java.lang.Object, java.lang.Object, java.lang.Object, java.lang.Object, java.lang.Object, java.lang.Object, java.lang.Object, java.lang.Object, java.lang.Object, java.lang.Object, java.lang.Object, java.lang.Object, java.lang.Object, java.lang.Object, java.lang.Object, java.lang.Object, java.lang.Object, java.lang.Object, java.lang.Object, java.lang.O
Event: 18.888 Thread 0x000002370854a850 Exception <a 'java/lang/NoSuchMethodError'{0x00000000c3fdeed0}: 'java.lang.Object java.lang.invoke.Invokers$Holder.invoker(java.lang.Object, java.lang.Object, java.lang.Object, java.lang.Object, java.lang.Object, java.lang.Object, java.lang.Object, java.lang.Object, java.lang.Object, java.lang.Object, java.lang.Object, java.lang.Object, java.lang.Object, java.lang.Object, java.lang.Object, java.lang.Object, java.lang.Object, java.lang.Object, java.lang.Object, java.lang.Object, java.lang.Object, java.lang.
Event: 18.889 Thread 0x000002370854a850 Exception <a 'java/lang/NoSuchMethodError'{0x00000000c3fe57e8}: 'java.lang.Object java.lang.invoke.DelegatingMethodHandle$Holder.delegate(java.lang.Object, java.lang.Object, java.lang.Object, java.lang.Object, java.lang.Object, java.lang.Object, java.lang.Object, java.lang.Object, java.lang.Object, java.lang.Object, java.lang.Object, java.lang.Object, java.lang.Object, java.lang.Object, java.lang.Object, java.lang.Object, java.lang.Object, java.lang.Object, java.lang.Object, java.lang.Object, java.lang.Obj
Event: 19.747 Thread 0x000002370854a850 Implicit null exception at 0x00000236b66542f2 to 0x00000236b66544a0
Event: 19.767 Thread 0x000002370854a850 Exception <a 'java/lang/NoSuchMethodError'{0x00000000c4460dd8}: 'java.lang.Object java.lang.invoke.DirectMethodHandle$Holder.invokeVirtual(java.lang.Object, java.lang.Object, java.lang.Object, java.lang.Object, java.lang.Object, java.lang.Object, java.lang.Object, java.lang.Object, java.lang.Object, java.lang.Object, java.lang.Object, java.lang.Object, java.lang.Object, java.lang.Object, java.lang.Object)'> (0x00000000c4460dd8) 
thrown [s\src\hotspot\share\interpreter\linkResolver.cpp, line 773]
Event: 19.795 Thread 0x000002370854a850 Exception <a 'java/lang/NoSuchMethodError'{0x00000000c433a768}: 'java.lang.Object java.lang.invoke.DirectMethodHandle$Holder.newInvokeSpecial(java.lang.Object, java.lang.Object, java.lang.Object, java.lang.Object, java.lang.Object, java.lang.Object, java.lang.Object, java.lang.Object, java.lang.Object, java.lang.Object, java.lang.Object, java.lang.Object, java.lang.Object)'> (0x00000000c433a768) 
thrown [s\src\hotspot\share\interpreter\linkResolver.cpp, line 773]
Event: 19.944 Thread 0x000002370854a850 Exception <a 'java/lang/NoSuchMethodError'{0x00000000c4019c10}: 'java.lang.Object java.lang.invoke.DirectMethodHandle$Holder.newInvokeSpecial(java.lang.Object, java.lang.Object, java.lang.Object, java.lang.Object, int)'> (0x00000000c4019c10) 
thrown [s\src\hotspot\share\interpreter\linkResolver.cpp, line 773]
Event: 19.945 Thread 0x000002370854a850 Exception <a 'java/lang/NoSuchMethodError'{0x00000000c401e9d8}: 'java.lang.Object java.lang.invoke.DirectMethodHandle$Holder.invokeSpecial(java.lang.Object, java.lang.Object, java.lang.Object, java.lang.Object, java.lang.Object, int)'> (0x00000000c401e9d8) 
thrown [s\src\hotspot\share\interpreter\linkResolver.cpp, line 773]
Event: 19.946 Thread 0x000002370854a850 Exception <a 'java/lang/NoSuchMethodError'{0x00000000c4023158}: 'java.lang.Object java.lang.invoke.Invokers$Holder.linkToTargetMethod(java.lang.Object, java.lang.Object, java.lang.Object, int, java.lang.Object)'> (0x00000000c4023158) 
thrown [s\src\hotspot\share\interpreter\linkResolver.cpp, line 773]
Event: 20.230 Thread 0x000002370854a850 Exception <a 'java/lang/NoSuchMethodError'{0x00000000c3e392e0}: 'int java.lang.invoke.DirectMethodHandle$Holder.invokeInterface(java.lang.Object, java.lang.Object, java.lang.Object, java.lang.Object)'> (0x00000000c3e392e0) 
thrown [s\src\hotspot\share\interpreter\linkResolver.cpp, line 773]

ZGC Phase Switch (0 events):
No events

VM Operations (20 events):
Event: 14.923 Executing safepoint VM operation: G1PauseRemark
Event: 14.929 Executing safepoint VM operation: G1PauseRemark done
Event: 14.938 Executing safepoint VM operation: G1PauseCleanup
Event: 14.938 Executing safepoint VM operation: G1PauseCleanup done
Event: 15.946 Executing safepoint VM operation: Cleanup
Event: 15.946 Executing safepoint VM operation: Cleanup done
Event: 16.958 Executing safepoint VM operation: Cleanup
Event: 16.958 Executing safepoint VM operation: Cleanup done
Event: 17.254 Executing non-safepoint VM operation: HandshakeAllThreads (Deoptimize)
Event: 17.255 Executing non-safepoint VM operation: HandshakeAllThreads (Deoptimize) done
Event: 17.360 Executing safepoint VM operation: G1CollectForAllocation (G1 Evacuation Pause)
Event: 17.367 Executing safepoint VM operation: G1CollectForAllocation (G1 Evacuation Pause) done
Event: 17.890 Executing non-safepoint VM operation: HandshakeAllThreads (Deoptimize)
Event: 17.890 Executing non-safepoint VM operation: HandshakeAllThreads (Deoptimize) done
Event: 18.905 Executing safepoint VM operation: Cleanup
Event: 18.905 Executing safepoint VM operation: Cleanup done
Event: 19.355 Executing safepoint VM operation: G1CollectForAllocation (G1 Evacuation Pause)
Event: 19.362 Executing safepoint VM operation: G1CollectForAllocation (G1 Evacuation Pause) done
Event: 20.224 Executing non-safepoint VM operation: HandshakeAllThreads (Deoptimize)
Event: 20.224 Executing non-safepoint VM operation: HandshakeAllThreads (Deoptimize) done

Memory protections (0 events):
No events

Nmethod flushes (20 events):
Event: 14.928 Thread 0x00000236c1a2c300 flushing  nmethod 0x00000236ae9ff810
Event: 14.928 Thread 0x00000236c1a2c300 flushing  nmethod 0x00000236aea00910
Event: 14.928 Thread 0x00000236c1a2c300 flushing  nmethod 0x00000236aeb53d90
Event: 14.928 Thread 0x00000236c1a2c300 flushing  nmethod 0x00000236aeb56a90
Event: 14.928 Thread 0x00000236c1a2c300 flushing  nmethod 0x00000236aeb57e10
Event: 14.928 Thread 0x00000236c1a2c300 flushing  nmethod 0x00000236aeb5a390
Event: 14.928 Thread 0x00000236c1a2c300 flushing  nmethod 0x00000236aeb5b790
Event: 14.928 Thread 0x00000236c1a2c300 flushing  nmethod 0x00000236aebd5d90
Event: 14.928 Thread 0x00000236c1a2c300 flushing  nmethod 0x00000236aec00810
Event: 14.928 Thread 0x00000236c1a2c300 flushing  nmethod 0x00000236aec70a10
Event: 14.928 Thread 0x00000236c1a2c300 flushing  nmethod 0x00000236aec73790
Event: 14.928 Thread 0x00000236c1a2c300 flushing  nmethod 0x00000236aec74d90
Event: 14.928 Thread 0x00000236c1a2c300 flushing  nmethod 0x00000236aec78790
Event: 14.928 Thread 0x00000236c1a2c300 flushing  nmethod 0x00000236aecfef90
Event: 14.928 Thread 0x00000236c1a2c300 flushing  nmethod 0x00000236aed00110
Event: 14.928 Thread 0x00000236c1a2c300 flushing  nmethod 0x00000236aed01010
Event: 14.928 Thread 0x00000236c1a2c300 flushing  nmethod 0x00000236aed01890
Event: 14.928 Thread 0x00000236c1a2c300 flushing  nmethod 0x00000236aed3bb10
Event: 14.928 Thread 0x00000236c1a2c300 flushing  nmethod 0x00000236aed46210
Event: 14.928 Thread 0x00000236c1a2c300 flushing  nmethod 0x00000236aed46b10

Events (20 events):
Event: 7.115 Thread 0x00000237078f3490 Thread added: 0x00000236c1ea1060
Event: 7.235 Thread 0x00000237078f3490 Thread added: 0x000002370854a1c0
Event: 7.289 Thread 0x00000237078f3490 Thread added: 0x000002370854a850
Event: 7.308 Thread 0x000002370854a850 Thread added: 0x000002370854b570
Event: 7.317 Thread 0x000002370854a850 Thread added: 0x00000237085494a0
Event: 7.323 Thread 0x000002370854a850 Thread added: 0x000002370854c920
Event: 8.234 Thread 0x000002370854a850 Thread added: 0x000002370854aee0
Event: 8.256 Thread 0x000002370854a850 Thread added: 0x0000023708549b30
Event: 8.313 Thread 0x000002370854a850 Thread added: 0x000002370854bc00
Event: 9.608 Thread 0x0000023708549b30 Thread added: 0x00000237093e5f20
Event: 10.404 Thread 0x000002370854a850 Thread added: 0x00000237093e72d0
Event: 10.468 Thread 0x000002370854a850 Thread added: 0x00000237093e5890
Event: 11.046 Thread 0x000002370854a850 Thread added: 0x00000237093e4b70
Event: 11.081 Thread 0x000002370854a850 Thread added: 0x00000237093e44e0
Event: 14.293 Thread 0x000002370854a850 Thread added: 0x00000237093e7960
Event: 14.392 Thread 0x000002370854a850 Thread added: 0x00000237093e7ff0
Event: 14.687 Thread 0x000002370854a850 Thread added: 0x00000237093e65b0
Event: 14.827 Thread 0x000002370854a850 Thread added: 0x00000237093e8680
Event: 16.108 Thread 0x000002370854a850 Thread added: 0x00000237093e5200
Event: 16.376 Thread 0x000002370854a850 Thread added: 0x00000237093eb470


Dynamic libraries:
0x00007ff68b060000 - 0x00007ff68b06e000 	C:\Users\LENOVO\.antigravity-ide\extensions\redhat.java-1.56.0-win32-x64\jre\21.0.12.1-win32-x86_64\bin\java.exe
0x00007ffba7f40000 - 0x00007ffba81a7000 	C:\WINDOWS\SYSTEM32\ntdll.dll
0x00007ffba6070000 - 0x00007ffba613b000 	C:\WINDOWS\System32\KERNEL32.DLL
0x00007ffba5490000 - 0x00007ffba5892000 	C:\WINDOWS\System32\KERNELBASE.dll
0x00007ffba5140000 - 0x00007ffba528c000 	C:\WINDOWS\System32\ucrtbase.dll
0x00007ffb98210000 - 0x00007ffb98228000 	C:\Users\LENOVO\.antigravity-ide\extensions\redhat.java-1.56.0-win32-x64\jre\21.0.12.1-win32-x86_64\bin\jli.dll
0x00007ffba5e00000 - 0x00007ffba5fcf000 	C:\WINDOWS\System32\USER32.dll
0x00007ffba59e0000 - 0x00007ffba5a07000 	C:\WINDOWS\System32\win32u.dll
0x00007ffba5d80000 - 0x00007ffba5dab000 	C:\WINDOWS\System32\GDI32.dll
0x00007ffba52a0000 - 0x00007ffba53c9000 	C:\WINDOWS\System32\gdi32full.dll
0x00007ffba5930000 - 0x00007ffba59d3000 	C:\WINDOWS\System32\msvcp_win.dll
0x00007ffb8ec40000 - 0x00007ffb8eed0000 	C:\WINDOWS\WinSxS\amd64_microsoft.windows.common-controls_6595b64144ccf1df_6.0.26100.9278_none_3e0d1ba8e3303201\COMCTL32.dll
0x00007ffba6840000 - 0x00007ffba68e9000 	C:\WINDOWS\System32\msvcrt.dll
0x00007ffb97910000 - 0x00007ffb9792e000 	C:\Users\LENOVO\.antigravity-ide\extensions\redhat.java-1.56.0-win32-x64\jre\21.0.12.1-win32-x86_64\bin\VCRUNTIME140.dll
0x00007ffba5dc0000 - 0x00007ffba5df1000 	C:\WINDOWS\System32\IMM32.DLL
0x00007ffb98200000 - 0x00007ffb9820c000 	C:\Users\LENOVO\.antigravity-ide\extensions\redhat.java-1.56.0-win32-x64\jre\21.0.12.1-win32-x86_64\bin\vcruntime140_1.dll
0x00007ffb763b0000 - 0x00007ffb7643d000 	C:\Users\LENOVO\.antigravity-ide\extensions\redhat.java-1.56.0-win32-x64\jre\21.0.12.1-win32-x86_64\bin\msvcp140.dll
0x00007ffb366c0000 - 0x00007ffb37462000 	C:\Users\LENOVO\.antigravity-ide\extensions\redhat.java-1.56.0-win32-x64\jre\21.0.12.1-win32-x86_64\bin\server\jvm.dll
0x00007ffba66f0000 - 0x00007ffba67ac000 	C:\WINDOWS\System32\ADVAPI32.dll
0x00007ffba7e30000 - 0x00007ffba7ed9000 	C:\WINDOWS\System32\sechost.dll
0x00007ffba5c60000 - 0x00007ffba5d78000 	C:\WINDOWS\System32\RPCRT4.dll
0x00007ffba7090000 - 0x00007ffba7110000 	C:\WINDOWS\System32\WS2_32.dll
0x00007ffba4f90000 - 0x00007ffba4fee000 	C:\WINDOWS\SYSTEM32\POWRPROF.dll
0x00007ffb93ff0000 - 0x00007ffb93ffb000 	C:\WINDOWS\SYSTEM32\VERSION.dll
0x00007ffb983b0000 - 0x00007ffb983e6000 	C:\WINDOWS\SYSTEM32\WINMM.dll
0x00007ffba4f70000 - 0x00007ffba4f85000 	C:\WINDOWS\SYSTEM32\UMPDC.dll
0x00007ffba3dd0000 - 0x00007ffba3deb000 	C:\WINDOWS\SYSTEM32\kernel.appcore.dll
0x00007ffb97640000 - 0x00007ffb9764a000 	C:\Users\LENOVO\.antigravity-ide\extensions\redhat.java-1.56.0-win32-x64\jre\21.0.12.1-win32-x86_64\bin\jimage.dll
0x00007ffba2480000 - 0x00007ffba26cc000 	C:\WINDOWS\SYSTEM32\DBGHELP.DLL
0x00007ffba7950000 - 0x00007ffba7cd5000 	C:\WINDOWS\System32\combase.dll
0x00007ffba62c0000 - 0x00007ffba6399000 	C:\WINDOWS\System32\OLEAUT32.dll
0x00007ffb8c4f0000 - 0x00007ffb8c52b000 	C:\WINDOWS\SYSTEM32\dbgcore.DLL
0x00007ffba5a10000 - 0x00007ffba5abc000 	C:\WINDOWS\System32\bcryptPrimitives.dll
0x00007ffb87510000 - 0x00007ffb8751f000 	C:\Users\LENOVO\.antigravity-ide\extensions\redhat.java-1.56.0-win32-x64\jre\21.0.12.1-win32-x86_64\bin\instrument.dll
0x00007ffb77ba0000 - 0x00007ffb77bc0000 	C:\Users\LENOVO\.antigravity-ide\extensions\redhat.java-1.56.0-win32-x64\jre\21.0.12.1-win32-x86_64\bin\java.dll
0x00007ffba68f0000 - 0x00007ffba7088000 	C:\WINDOWS\System32\SHELL32.dll
0x00007ffba2b60000 - 0x00007ffba340e000 	C:\WINDOWS\SYSTEM32\windows.storage.dll
0x00007ffba7d30000 - 0x00007ffba7e2b000 	C:\WINDOWS\System32\SHCORE.dll
0x00007ffba67d0000 - 0x00007ffba6836000 	C:\WINDOWS\System32\shlwapi.dll
0x00007ffba5060000 - 0x00007ffba5089000 	C:\WINDOWS\SYSTEM32\profapi.dll
0x00007ffb77b80000 - 0x00007ffb77b98000 	C:\Users\LENOVO\.antigravity-ide\extensions\redhat.java-1.56.0-win32-x64\jre\21.0.12.1-win32-x86_64\bin\zip.dll
0x00007ffb97630000 - 0x00007ffb97640000 	C:\Users\LENOVO\.antigravity-ide\extensions\redhat.java-1.56.0-win32-x64\jre\21.0.12.1-win32-x86_64\bin\net.dll
0x00007ffb9d7d0000 - 0x00007ffb9d8fa000 	C:\WINDOWS\SYSTEM32\WINHTTP.dll
0x00007ffba4370000 - 0x00007ffba43dc000 	C:\WINDOWS\system32\mswsock.dll
0x00007ffb759a0000 - 0x00007ffb759b6000 	C:\Users\LENOVO\.antigravity-ide\extensions\redhat.java-1.56.0-win32-x64\jre\21.0.12.1-win32-x86_64\bin\nio.dll
0x00007ffb87520000 - 0x00007ffb87530000 	C:\Users\LENOVO\.antigravity-ide\extensions\redhat.java-1.56.0-win32-x64\jre\21.0.12.1-win32-x86_64\bin\verify.dll
0x00007ffb75970000 - 0x00007ffb75997000 	C:\Users\LENOVO\.gradle\native\1def1411415f61bf3af743bc5b6707747c0891f09f0c88961ee8f79bc544acac\windows-amd64\native-platform.dll
0x00007ffb39e90000 - 0x00007ffb39f08000 	C:\Users\LENOVO\.gradle\native\0.2.7\x86_64-windows-gnu\gradle-fileevents.dll
0x00007ffb865b0000 - 0x00007ffb865ba000 	C:\Users\LENOVO\.antigravity-ide\extensions\redhat.java-1.56.0-win32-x64\jre\21.0.12.1-win32-x86_64\bin\management.dll
0x00007ffb7a950000 - 0x00007ffb7a95c000 	C:\Users\LENOVO\.antigravity-ide\extensions\redhat.java-1.56.0-win32-x64\jre\21.0.12.1-win32-x86_64\bin\management_ext.dll
0x00007ffba5db0000 - 0x00007ffba5db8000 	C:\WINDOWS\System32\PSAPI.DLL
0x00007ffba3780000 - 0x00007ffba37b3000 	C:\WINDOWS\SYSTEM32\IPHLPAPI.DLL
0x00007ffba7120000 - 0x00007ffba712a000 	C:\WINDOWS\System32\NSI.dll
0x00007ffb7a900000 - 0x00007ffb7a909000 	C:\Users\LENOVO\.antigravity-ide\extensions\redhat.java-1.56.0-win32-x64\jre\21.0.12.1-win32-x86_64\bin\extnet.dll
0x00007ffba4790000 - 0x00007ffba47ab000 	C:\WINDOWS\SYSTEM32\CRYPTSP.dll
0x00007ffba3d30000 - 0x00007ffba3d69000 	C:\WINDOWS\system32\rsaenh.dll
0x00007ffba4420000 - 0x00007ffba4454000 	C:\WINDOWS\SYSTEM32\USERENV.dll
0x00007ffba5030000 - 0x00007ffba505a000 	C:\WINDOWS\SYSTEM32\bcrypt.dll
0x00007ffba45d0000 - 0x00007ffba45dc000 	C:\WINDOWS\SYSTEM32\CRYPTBASE.dll
0x00007ffb47f00000 - 0x00007ffb47f0e000 	C:\Users\LENOVO\.antigravity-ide\extensions\redhat.java-1.56.0-win32-x64\jre\21.0.12.1-win32-x86_64\bin\sunmscapi.dll
0x00007ffba5ad0000 - 0x00007ffba5c4e000 	C:\WINDOWS\System32\CRYPT32.dll
0x00007ffba4900000 - 0x00007ffba4930000 	C:\WINDOWS\SYSTEM32\ncrypt.dll
0x00007ffba48b0000 - 0x00007ffba48ef000 	C:\WINDOWS\SYSTEM32\NTASN1.dll
0x00007ffb66b40000 - 0x00007ffb66b48000 	C:\WINDOWS\system32\wshunix.dll

JVMTI agents:
C:\Users\LENOVO\.gradle\wrapper\dists\gradle-8.14-bin\38aieal9i53h9rfe7vjup95b9\gradle-8.14\lib\agents\gradle-instrumentation-agent-8.14.jar path:C:\Users\LENOVO\.antigravity-ide\extensions\redhat.java-1.56.0-win32-x64\jre\21.0.12.1-win32-x86_64\bin\instrument.dll, loaded, initialized, instrumentlib options:none

dbghelp: loaded successfully - version: 4.0.5 - missing functions: none
symbol engine: initialized successfully - sym options: 0x614 - pdb path: .;C:\Users\LENOVO\.antigravity-ide\extensions\redhat.java-1.56.0-win32-x64\jre\21.0.12.1-win32-x86_64\bin;C:\WINDOWS\SYSTEM32;C:\WINDOWS\WinSxS\amd64_microsoft.windows.common-controls_6595b64144ccf1df_6.0.26100.9278_none_3e0d1ba8e3303201;C:\Users\LENOVO\.antigravity-ide\extensions\redhat.java-1.56.0-win32-x64\jre\21.0.12.1-win32-x86_64\bin\server;C:\Users\LENOVO\.gradle\native\1def1411415f61bf3af743bc5b6707747c0891f09f0c88961ee8f79bc544acac\windows-amd64;C:\Users\LENOVO\.gradle\native\0.2.7\x86_64-windows-gnu

VM Arguments:
jvm_args: --add-opens=java.base/java.lang=ALL-UNNAMED --add-opens=java.base/java.lang.invoke=ALL-UNNAMED --add-opens=java.base/java.util=ALL-UNNAMED --add-opens=java.prefs/java.util.prefs=ALL-UNNAMED --add-exports=jdk.compiler/com.sun.tools.javac.api=ALL-UNNAMED --add-exports=jdk.compiler/com.sun.tools.javac.util=ALL-UNNAMED --add-opens=java.base/java.util=ALL-UNNAMED --add-opens=java.prefs/java.util.prefs=ALL-UNNAMED --add-opens=java.base/java.nio.charset=ALL-UNNAMED --add-opens=java.base/java.net=ALL-UNNAMED --add-opens=java.base/java.util.concurrent.atomic=ALL-UNNAMED --add-opens=java.xml/javax.xml.namespace=ALL-UNNAMED -Xmx1024m -Dfile.encoding=UTF-8 -Duser.country=US -Duser.language=en -Duser.variant -javaagent:C:\Users\LENOVO\.gradle\wrapper\dists\gradle-8.14-bin\38aieal9i53h9rfe7vjup95b9\gradle-8.14\lib\agents\gradle-instrumentation-agent-8.14.jar 
java_command: org.gradle.launcher.daemon.bootstrap.GradleDaemon 8.14
java_class_path (initial): C:\Users\LENOVO\.gradle\wrapper\dists\gradle-8.14-bin\38aieal9i53h9rfe7vjup95b9\gradle-8.14\lib\gradle-daemon-main-8.14.jar
Launcher Type: SUN_STANDARD

[Global flags]
     intx CICompilerCount                          = 4                                         {product} {ergonomic}
     uint ConcGCThreads                            = 2                                         {product} {ergonomic}
     uint G1ConcRefinementThreads                  = 8                                         {product} {ergonomic}
   size_t G1HeapRegionSize                         = 1048576                                   {product} {ergonomic}
    uintx GCDrainStackTargetSize                   = 64                                        {product} {ergonomic}
   size_t InitialHeapSize                          = 98566144                                  {product} {ergonomic}
   size_t MarkStackSize                            = 4194304                                   {product} {ergonomic}
   size_t MaxHeapSize                              = 1073741824                                {product} {command line}
   size_t MaxNewSize                               = 643825664                                 {product} {ergonomic}
   size_t MinHeapDeltaBytes                        = 1048576                                   {product} {ergonomic}
   size_t MinHeapSize                              = 8388608                                   {product} {ergonomic}
    uintx NonNMethodCodeHeapSize                   = 5839372                                {pd product} {ergonomic}
    uintx NonProfiledCodeHeapSize                  = 122909434                              {pd product} {ergonomic}
    uintx ProfiledCodeHeapSize                     = 122909434                              {pd product} {ergonomic}
    uintx ReservedCodeCacheSize                    = 251658240                              {pd product} {ergonomic}
     bool SegmentedCodeCache                       = true                                      {product} {ergonomic}
   size_t SoftMaxHeapSize                          = 1073741824                             {manageable} {ergonomic}
     bool UseCompressedOops                        = true                           {product lp64_product} {ergonomic}
     bool UseG1GC                                  = true                                      {product} {ergonomic}
     bool UseLargePagesIndividualAllocation        = false                                  {pd product} {ergonomic}

Logging:
Log output configuration:
 #0: stdout all=warning uptime,level,tags foldmultilines=false
 #1: stderr all=off uptime,level,tags foldmultilines=false

Release file:
JAVA_VERSION="21.0.12.1" 
MODULES="java.base java.compiler java.datatransfer java.xml java.prefs java.desktop java.instrument java.logging java.management java.security.sasl java.naming java.rmi java.management.rmi java.net.http java.scripting java.security.jgss java.transaction.xa java.sql java.sql.rowset java.xml.crypto java.se java.smartcardio jdk.accessibility jdk.internal.jvmstat jdk.attach jdk.charsets jdk.internal.opt jdk.zipfs jdk.compiler jdk.crypto.ec jdk.crypto.cryptoki jdk.crypto.mscapi jdk.dynalink jdk.internal.ed jdk.editpad jdk.hotspot.agent jdk.httpserver jdk.internal.le jdk.internal.vm.ci jdk.internal.vm.compiler jdk.internal.vm.compiler.management jdk.jartool jdk.javadoc jdk.jcmd jdk.management jdk.management.agent jdk.jconsole jdk.jdeps jdk.jdwp.agent jdk.jdi jdk.jfr jdk.jshell jdk.jsobject jdk.jstatd jdk.localedata jdk.management.jfr jdk.naming.dns jdk.naming.rmi jdk.net jdk.nio.mapmode jdk.random jdk.sctp jdk.security.auth jdk.security.jgss jdk.unsupported jdk.unsupported.desktop jdk.xml.dom" 

Environment Variables:
JAVA_HOME=C:\Program Files\Android\Android Studio\jbr
PATH=C:\WINDOWS\system32;C:\WINDOWS;C:\WINDOWS\System32\Wbem;C:\WINDOWS\System32\WindowsPowerShell\v1.0\;C:\WINDOWS\System32\OpenSSH\;C:\Program Files\Docker\Docker\resources\bin;C:\Program Files\nodejs\;C:\Program Files\Git\cmd;C:\Users\LENOVO\AppData\Local\Programs\Python\Python312\Scripts\;C:\Users\LENOVO\AppData\Local\Programs\Python\Python312\;C:\Users\LENOVO\AppData\Local\Programs\Python\Launcher\;C:\Users\LENOVO\AppData\Local\Programs\Python\Python314\Scripts\;C:\Users\LENOVO\AppData\Local\Programs\Python\Python314\;C:\Users\LENOVO\AppData\Local\Microsoft\WindowsApps;C:\Users\LENOVO\AppData\Local\Programs\Antigravity\bin;C:\Users\LENOVO\AppData\Roaming\npm;C:\ScrcpyLauncher by praveen;C:\Users\LENOVO\AppData\Local\PowerToys\DSCModules\;C:\Users\LENOVO\AppData\Local\Programs\Antigravity IDE\bin
USERNAME=LENOVO
OS=Windows_NT
PROCESSOR_IDENTIFIER=AMD64 Family 23 Model 160 Stepping 0, AuthenticAMD
TMP=C:\Users\LENOVO\AppData\Local\Temp
TEMP=C:\Users\LENOVO\AppData\Local\Temp




Periodic native trim disabled

---------------  S Y S T E M  ---------------

OS:
 Windows 11 , 64 bit Build 26100 (10.0.26100.9444)
OS uptime: 8 days 1:32 hours
Hyper-V role detected

CPU: total 8 (initial active 8) (8 cores per cpu, 2 threads per core) family 23 model 160 stepping 0 microcode 0x8a0000a, cx8, cmov, fxsr, ht, mmx, 3dnowpref, sse, sse2, sse3, ssse3, sse4a, sse4.1, sse4.2, popcnt, lzcnt, tsc, tscinvbit, avx, avx2, aes, clmul, bmi1, bmi2, adx, sha, fma, vzeroupper, clflush, clflushopt, hv, rdtscp, rdpid, f16c
Processor Information for the first 8 processors :
  Max Mhz: 2401, Current Mhz: 2401, Mhz Limit: 2401

Memory: 4k page, system-wide physical 5965M (17M free)
TotalPageFile size 24397M (AvailPageFile size 2M)
current process WorkingSet (physical memory assigned to process): 181M, peak: 222M
current process commit charge ("private bytes"): 281M, peak: 283M

vm_info: OpenJDK 64-Bit Server VM (21.0.12.1+1-LTS) for windows-amd64 JRE (21.0.12.1+1-LTS), built on 2026-08-18T00:00:00Z by "admin" with MS VC++ 17.12 (VS2022)

END.
