#
# There is insufficient memory for the Java Runtime Environment to continue.
# Native memory allocation (malloc) failed to allocate 1276016 bytes. Error detail: Chunk::new
# Possible reasons:
#   The system is out of physical RAM or swap space
#   This process is running with CompressedOops enabled, and the Java Heap may be blocking the growth of the native heap
# Possible solutions:
#   Reduce memory load on the system
#   Increase physical memory or swap space
#   Check if swap backing store is full
#   Decrease Java heap size (-Xmx/-Xms)
#   Decrease number of Java threads
#   Decrease Java thread stack sizes (-Xss)
#   Set larger code cache with -XX:ReservedCodeCacheSize=
#   JVM is running with Unscaled Compressed Oops mode in which the Java heap is
#     placed in the first 4GB address space. The Java Heap base address is the
#     maximum limit for the native heap growth. Please use -XX:HeapBaseMinAddress
#     to set the Java Heap base and to place the Java Heap above 4GB virtual address.
# This output file may be truncated or incomplete.
#
#  Out of Memory Error (arena.cpp:168), pid=24616, tid=7328
#
# JRE version: OpenJDK Runtime Environment Temurin-21.0.12.1+1 (21.0.12.1+1) (build 21.0.12.1+1-LTS)
# Java VM: OpenJDK 64-Bit Server VM Temurin-21.0.12.1+1 (21.0.12.1+1-LTS, mixed mode, sharing, tiered, compressed oops, compressed class ptrs, g1 gc, windows-amd64)
# No core dump will be written. Minidumps are not enabled by default on client versions of Windows
#

---------------  S U M M A R Y ------------

Command Line: --add-opens=java.base/java.lang=ALL-UNNAMED --add-opens=java.base/java.lang.invoke=ALL-UNNAMED --add-opens=java.base/java.util=ALL-UNNAMED --add-opens=java.prefs/java.util.prefs=ALL-UNNAMED --add-exports=jdk.compiler/com.sun.tools.javac.api=ALL-UNNAMED --add-exports=jdk.compiler/com.sun.tools.javac.util=ALL-UNNAMED --add-opens=java.base/java.util=ALL-UNNAMED --add-opens=java.prefs/java.util.prefs=ALL-UNNAMED --add-opens=java.base/java.nio.charset=ALL-UNNAMED --add-opens=java.base/java.net=ALL-UNNAMED --add-opens=java.base/java.util.concurrent.atomic=ALL-UNNAMED --add-opens=java.xml/javax.xml.namespace=ALL-UNNAMED -Xmx1024m -Dfile.encoding=UTF-8 -Duser.country=US -Duser.language=en -Duser.variant -javaagent:C:\Users\LENOVO\.gradle\wrapper\dists\gradle-8.14-bin\38aieal9i53h9rfe7vjup95b9\gradle-8.14\lib\agents\gradle-instrumentation-agent-8.14.jar org.gradle.launcher.daemon.bootstrap.GradleDaemon 8.14

Host: AMD Ryzen 3 7320U with Radeon Graphics         , 8 cores, 5G,  Windows 11 , 64 bit Build 26100 (10.0.26100.9444)
Time: Mon Sep 28 13:32:27 2026 Nepal Standard Time elapsed time: 37.423166 seconds (0d 0h 0m 37s)

---------------  T H R E A D  ---------------

Current thread (0x00000255fe4df770):  JavaThread "C2 CompilerThread0" daemon [_thread_in_native, id=7328, stack(0x000000bcb8900000,0x000000bcb8a00000) (1024K)]


Current CompileTask:
C2:37423 5291   !   4       java.net.URLClassLoader$1::run (81 bytes)

Stack: [0x000000bcb8900000,0x000000bcb8a00000]
Native frames: (J=compiled Java code, j=interpreted, Vv=VM code, C=native code)
V  [jvm.dll+0x6d83e9]
V  [jvm.dll+0x8b5736]
V  [jvm.dll+0x8b7cee]
V  [jvm.dll+0x8b83d3]
V  [jvm.dll+0x284596]
V  [jvm.dll+0xc685d]
V  [jvm.dll+0xc6da1]
V  [jvm.dll+0x3bf151]
V  [jvm.dll+0x1e3f42]
V  [jvm.dll+0x24c853]
V  [jvm.dll+0x24bce0]
V  [jvm.dll+0x1cb4ae]
V  [jvm.dll+0x25baad]
V  [jvm.dll+0x25a03a]
V  [jvm.dll+0x3f8aae]
V  [jvm.dll+0x8600cd]
V  [jvm.dll+0x6d6c1d]
C  [ucrtbase.dll+0x2cd30]
C  [KERNEL32.DLL+0x2cd87]
C  [ntdll.dll+0xacaec]


---------------  P R O C E S S  ---------------

Threads class SMR info:
_java_thread_list=0x00000255c7256540, length=35, elements={
0x00000255e816d480, 0x00000255fe4d9390, 0x00000255fe4dbe00, 0x00000255fe4dcac0,
0x00000255fe4dd520, 0x00000255fe4ddf80, 0x00000255fe4de9e0, 0x00000255fe4df770,
0x00000255fe4f4930, 0x00000255fe67afc0, 0x00000255fe6c1bc0, 0x00000255c5de1dc0,
0x00000255c5e55570, 0x00000255fe9a9500, 0x00000255fea62830, 0x00000255c526aff0,
0x00000255fea7b300, 0x00000255fea45e70, 0x00000255fea44430, 0x00000255fea43710,
0x00000255fea46500, 0x00000255fea457e0, 0x00000255fea43da0, 0x00000255fea43080,
0x00000255fea44ac0, 0x00000255c6424ad0, 0x00000255c6423090, 0x00000255c6421650,
0x00000255c6422a00, 0x00000255c6423db0, 0x00000255c6424440, 0x00000255c6421ce0,
0x00000255c6425160, 0x00000255c64257f0, 0x00000255c6422370
}

Java Threads: ( => current thread )
  0x00000255e816d480 JavaThread "main"                              [_thread_blocked, id=3088, stack(0x000000bcb7b00000,0x000000bcb7c00000) (1024K)]
  0x00000255fe4d9390 JavaThread "Reference Handler"          daemon [_thread_blocked, id=32420, stack(0x000000bcb8300000,0x000000bcb8400000) (1024K)]
  0x00000255fe4dbe00 JavaThread "Finalizer"                  daemon [_thread_blocked, id=32720, stack(0x000000bcb8400000,0x000000bcb8500000) (1024K)]
  0x00000255fe4dcac0 JavaThread "Signal Dispatcher"          daemon [_thread_blocked, id=31876, stack(0x000000bcb8500000,0x000000bcb8600000) (1024K)]
  0x00000255fe4dd520 JavaThread "Attach Listener"            daemon [_thread_blocked, id=23808, stack(0x000000bcb8600000,0x000000bcb8700000) (1024K)]
  0x00000255fe4ddf80 JavaThread "Service Thread"             daemon [_thread_blocked, id=10808, stack(0x000000bcb8700000,0x000000bcb8800000) (1024K)]
  0x00000255fe4de9e0 JavaThread "Monitor Deflation Thread"   daemon [_thread_blocked, id=22184, stack(0x000000bcb8800000,0x000000bcb8900000) (1024K)]
=>0x00000255fe4df770 JavaThread "C2 CompilerThread0"         daemon [_thread_in_native, id=7328, stack(0x000000bcb8900000,0x000000bcb8a00000) (1024K)]
  0x00000255fe4f4930 JavaThread "C1 CompilerThread0"         daemon [_thread_blocked, id=15856, stack(0x000000bcb8a00000,0x000000bcb8b00000) (1024K)]
  0x00000255fe67afc0 JavaThread "Common-Cleaner"             daemon [_thread_blocked, id=22020, stack(0x000000bcb8b00000,0x000000bcb8c00000) (1024K)]
  0x00000255fe6c1bc0 JavaThread "Notification Thread"        daemon [_thread_blocked, id=6364, stack(0x000000bcb8c00000,0x000000bcb8d00000) (1024K)]
  0x00000255c5de1dc0 JavaThread "Daemon health stats"               [_thread_blocked, id=22676, stack(0x000000bcb9100000,0x000000bcb9200000) (1024K)]
  0x00000255c5e55570 JavaThread "Incoming local TCP Connector on port 34318"        [_thread_in_native, id=29344, stack(0x000000bcb9200000,0x000000bcb9300000) (1024K)]
  0x00000255fe9a9500 JavaThread "Daemon periodic checks"            [_thread_blocked, id=28484, stack(0x000000bcb9300000,0x000000bcb9400000) (1024K)]
  0x00000255fea62830 JavaThread "Daemon"                            [_thread_blocked, id=6324, stack(0x000000bcb9400000,0x000000bcb9500000) (1024K)]
  0x00000255c526aff0 JavaThread "Handler for socket connection from /127.0.0.1:34318 to /127.0.0.1:34319"        [_thread_in_native, id=26940, stack(0x000000bcb9500000,0x000000bcb9600000) (1024K)]
  0x00000255fea7b300 JavaThread "Cancel handler"                    [_thread_blocked, id=4008, stack(0x000000bcb9600000,0x000000bcb9700000) (1024K)]
  0x00000255fea45e70 JavaThread "Daemon worker"                     [_thread_in_native, id=30544, stack(0x000000bcb9700000,0x000000bcb9800000) (1024K)]
  0x00000255fea44430 JavaThread "Asynchronous log dispatcher for DefaultDaemonConnection: socket connection from /127.0.0.1:34318 to /127.0.0.1:34319"        [_thread_blocked, id=3996, stack(0x000000bcb9800000,0x000000bcb9900000) (1024K)]
  0x00000255fea43710 JavaThread "Stdin handler"                     [_thread_blocked, id=9840, stack(0x000000bcb9900000,0x000000bcb9a00000) (1024K)]
  0x00000255fea46500 JavaThread "Daemon client event forwarder"        [_thread_blocked, id=2432, stack(0x000000bcb9a00000,0x000000bcb9b00000) (1024K)]
  0x00000255fea457e0 JavaThread "Cache worker for journal cache (C:\Users\LENOVO\.gradle\caches\journal-1)"        [_thread_blocked, id=14884, stack(0x000000bcb9e00000,0x000000bcb9f00000) (1024K)]
  0x00000255fea43da0 JavaThread "File lock request listener"        [_thread_in_native, id=2220, stack(0x000000bcb9f00000,0x000000bcba000000) (1024K)]
  0x00000255fea43080 JavaThread "File lock release action executor"        [_thread_blocked, id=28156, stack(0x000000bcba000000,0x000000bcba100000) (1024K)]
  0x00000255fea44ac0 JavaThread "Cache worker for file hash cache (C:\Users\LENOVO\.gradle\caches\8.14\fileHashes)"        [_thread_blocked, id=1668, stack(0x000000bcba100000,0x000000bcba200000) (1024K)]
  0x00000255c6424ad0 JavaThread "Cache worker for file hash cache (C:\Users\LENOVO\Desktop\HeliBoard-main\.gradle\8.14\fileHashes)"        [_thread_blocked, id=31000, stack(0x000000bcba300000,0x000000bcba400000) (1024K)]
  0x00000255c6423090 JavaThread "Cache worker for Build Output Cleanup Cache (C:\Users\LENOVO\Desktop\HeliBoard-main\.gradle\buildOutputCleanup)"        [_thread_blocked, id=29772, stack(0x000000bcba400000,0x000000bcba500000) (1024K)]
  0x00000255c6421650 JavaThread "File watcher server"        daemon [_thread_in_native, id=32372, stack(0x000000bcba500000,0x000000bcba600000) (1024K)]
  0x00000255c6422a00 JavaThread "File watcher consumer"      daemon [_thread_blocked, id=21832, stack(0x000000bcba600000,0x000000bcba700000) (1024K)]
  0x00000255c6423db0 JavaThread "jar transforms"                    [_thread_blocked, id=19432, stack(0x000000bcba700000,0x000000bcba800000) (1024K)]
  0x00000255c6424440 JavaThread "jar transforms Thread 2"           [_thread_blocked, id=11028, stack(0x000000bcba800000,0x000000bcba900000) (1024K)]
  0x00000255c6421ce0 JavaThread "Cache worker for checksums cache (C:\Users\LENOVO\Desktop\HeliBoard-main\.gradle\8.14\checksums)"        [_thread_blocked, id=17972, stack(0x000000bcba900000,0x000000bcbaa00000) (1024K)]
  0x00000255c6425160 JavaThread "Cache worker for file content cache (C:\Users\LENOVO\.gradle\caches\8.14\fileContent)"        [_thread_blocked, id=31988, stack(0x000000bcbaa00000,0x000000bcbab00000) (1024K)]
  0x00000255c64257f0 JavaThread "Cache worker for cache directory md-supplier (C:\Users\LENOVO\.gradle\caches\8.14\md-supplier)"        [_thread_blocked, id=18620, stack(0x000000bcbab00000,0x000000bcbac00000) (1024K)]
  0x00000255c6422370 JavaThread "Cache worker for cache directory md-rule (C:\Users\LENOVO\.gradle\caches\8.14\md-rule)"        [_thread_blocked, id=24548, stack(0x000000bcbac00000,0x000000bcbad00000) (1024K)]
Total: 35

Other Threads:
  0x00000255fe4b7e70 VMThread "VM Thread"                           [id=28872, stack(0x000000bcb8200000,0x000000bcb8300000) (1024K)]
  0x00000255fe4a86d0 WatcherThread "VM Periodic Task Thread"        [id=26392, stack(0x000000bcb8100000,0x000000bcb8200000) (1024K)]
  0x00000255e81a89e0 WorkerThread "GC Thread#0"                     [id=20308, stack(0x000000bcb7c00000,0x000000bcb7d00000) (1024K)]
  0x00000255fe87b9a0 WorkerThread "GC Thread#1"                     [id=14444, stack(0x000000bcb8d00000,0x000000bcb8e00000) (1024K)]
  0x00000255fe836970 WorkerThread "GC Thread#2"                     [id=32272, stack(0x000000bcb8e00000,0x000000bcb8f00000) (1024K)]
  0x00000255c5116570 WorkerThread "GC Thread#3"                     [id=15444, stack(0x000000bcb8f00000,0x000000bcb9000000) (1024K)]
  0x00000255c5116d30 WorkerThread "GC Thread#4"                     [id=8524, stack(0x000000bcb9000000,0x000000bcb9100000) (1024K)]
  0x00000255c54e4440 WorkerThread "GC Thread#5"                     [id=20292, stack(0x000000bcb9b00000,0x000000bcb9c00000) (1024K)]
  0x00000255c6026ed0 WorkerThread "GC Thread#6"                     [id=15064, stack(0x000000bcb9c00000,0x000000bcb9d00000) (1024K)]
  0x00000255c54def30 WorkerThread "GC Thread#7"                     [id=32248, stack(0x000000bcb9d00000,0x000000bcb9e00000) (1024K)]
  0x00000255e81b17e0 ConcurrentGCThread "G1 Main Marker"            [id=10660, stack(0x000000bcb7d00000,0x000000bcb7e00000) (1024K)]
  0x00000255e81b3110 WorkerThread "G1 Conc#0"                       [id=31932, stack(0x000000bcb7e00000,0x000000bcb7f00000) (1024K)]
  0x00000255feb228c0 WorkerThread "G1 Conc#1"                       [id=19168, stack(0x000000bcba200000,0x000000bcba300000) (1024K)]
  0x00000255e822e510 ConcurrentGCThread "G1 Refine#0"               [id=32708, stack(0x000000bcb7f00000,0x000000bcb8000000) (1024K)]
  0x00000255fe370550 ConcurrentGCThread "G1 Service"                [id=31776, stack(0x000000bcb8000000,0x000000bcb8100000) (1024K)]
Total: 15

Threads with active compile tasks:
C2 CompilerThread0  37480 5291   !   4       java.net.URLClassLoader$1::run (81 bytes)
C1 CompilerThread0  37480 5596       3       com.esotericsoftware.kryo.io.Output::writeUtf8Length (405 bytes)
Total: 2

VM state: not at safepoint (normal execution)

VM Mutex/Monitor currently owned by a thread: None

Heap address: 0x00000000c0000000, size: 1024 MB, Compressed Oops mode: 32-bit

CDS archive(s) mapped at: [0x0000025580000000-0x0000025580ba0000-0x0000025580ba0000), size 12189696, SharedBaseAddress: 0x0000025580000000, ArchiveRelocationMode: 1.
Compressed class space mapped at: 0x0000025581000000-0x00000255c1000000, reserved size: 1073741824
Narrow klass base: 0x0000025580000000, Narrow klass shift: 0, Narrow klass range: 0x100000000

GC Precious Log:
 CardTable entry size: 512
 Card Set container configuration: InlinePtr #cards 5 size 8 Array Of Cards #cards 12 size 40 Howl #buckets 4 coarsen threshold 1843 Howl Bitmap #cards 512 size 80 coarsen threshold 460 Card regions per heap region 1 cards per card region 2048
 CPUs: 8 total, 8 available
 Memory: 5965M
 Large Page Support: Disabled
 NUMA Support: Disabled
 Compressed Oops: Enabled (32-bit)
 Heap Region Size: 1M
 Heap Min Capacity: 8M
 Heap Initial Capacity: 94M
 Heap Max Capacity: 1G
 Pre-touch: Disabled
 Parallel Workers: 8
 Concurrent Workers: 2
 Concurrent Refinement Workers: 8
 Periodic GC: Disabled

Heap:
 garbage-first heap   total 86016K, used 58300K [0x00000000c0000000, 0x0000000100000000)
  region size 1024K, 25 young (25600K), 3 survivors (3072K)
 Metaspace       used 48763K, committed 50432K, reserved 1114112K
  class space    used 7107K, committed 7936K, reserved 1048576K

Heap Regions: E=young(eden), S=young(survivor), O=old, HS=humongous(starts), HC=humongous(continues), CS=collection set, F=free, TAMS=top-at-mark-start, PB=parsable bottom
|   0|0x00000000c0000000, 0x00000000c0100000, 0x00000000c0100000|100%|HS|  |TAMS 0x00000000c0000000| PB 0x00000000c0000000| Complete 
|   1|0x00000000c0100000, 0x00000000c0200000, 0x00000000c0200000|100%|HC|  |TAMS 0x00000000c0100000| PB 0x00000000c0100000| Complete 
|   2|0x00000000c0200000, 0x00000000c0300000, 0x00000000c0300000|100%|HC|  |TAMS 0x00000000c0200000| PB 0x00000000c0200000| Complete 
|   3|0x00000000c0300000, 0x00000000c0400000, 0x00000000c0400000|100%| O|  |TAMS 0x00000000c0300000| PB 0x00000000c0300000| Untracked 
|   4|0x00000000c0400000, 0x00000000c0500000, 0x00000000c0500000|100%| O|  |TAMS 0x00000000c0400000| PB 0x00000000c0400000| Untracked 
|   5|0x00000000c0500000, 0x00000000c0600000, 0x00000000c0600000|100%| O|  |TAMS 0x00000000c0500000| PB 0x00000000c0500000| Untracked 
|   6|0x00000000c0600000, 0x00000000c0700000, 0x00000000c0700000|100%|HS|  |TAMS 0x00000000c0600000| PB 0x00000000c0600000| Complete 
|   7|0x00000000c0700000, 0x00000000c0800000, 0x00000000c0800000|100%| O|  |TAMS 0x00000000c0700000| PB 0x00000000c0700000| Untracked 
|   8|0x00000000c0800000, 0x00000000c0900000, 0x00000000c0900000|100%| O|  |TAMS 0x00000000c0800000| PB 0x00000000c0800000| Untracked 
|   9|0x00000000c0900000, 0x00000000c0a00000, 0x00000000c0a00000|100%| O|  |TAMS 0x00000000c0900000| PB 0x00000000c0900000| Untracked 
|  10|0x00000000c0a00000, 0x00000000c0b00000, 0x00000000c0b00000|100%| O|  |TAMS 0x00000000c0a00000| PB 0x00000000c0a00000| Untracked 
|  11|0x00000000c0b00000, 0x00000000c0c00000, 0x00000000c0c00000|100%| O|  |TAMS 0x00000000c0b00000| PB 0x00000000c0b00000| Untracked 
|  12|0x00000000c0c00000, 0x00000000c0d00000, 0x00000000c0d00000|100%| O|  |TAMS 0x00000000c0c00000| PB 0x00000000c0c00000| Untracked 
|  13|0x00000000c0d00000, 0x00000000c0e00000, 0x00000000c0e00000|100%| O|  |TAMS 0x00000000c0d00000| PB 0x00000000c0d00000| Untracked 
|  14|0x00000000c0e00000, 0x00000000c0f00000, 0x00000000c0f00000|100%| O|  |TAMS 0x00000000c0e00000| PB 0x00000000c0e00000| Untracked 
|  15|0x00000000c0f00000, 0x00000000c1000000, 0x00000000c1000000|100%| O|  |TAMS 0x00000000c0f00000| PB 0x00000000c0f00000| Untracked 
|  16|0x00000000c1000000, 0x00000000c1100000, 0x00000000c1100000|100%| O|  |TAMS 0x00000000c1000000| PB 0x00000000c1000000| Untracked 
|  17|0x00000000c1100000, 0x00000000c1200000, 0x00000000c1200000|100%| O|  |TAMS 0x00000000c1100000| PB 0x00000000c1100000| Untracked 
|  18|0x00000000c1200000, 0x00000000c1300000, 0x00000000c1300000|100%| O|  |TAMS 0x00000000c1200000| PB 0x00000000c1200000| Untracked 
|  19|0x00000000c1300000, 0x00000000c1400000, 0x00000000c1400000|100%| O|  |TAMS 0x00000000c1300000| PB 0x00000000c1300000| Untracked 
|  20|0x00000000c1400000, 0x00000000c1500000, 0x00000000c1500000|100%| O|  |TAMS 0x00000000c1400000| PB 0x00000000c1400000| Untracked 
|  21|0x00000000c1500000, 0x00000000c1600000, 0x00000000c1600000|100%| O|  |TAMS 0x00000000c1500000| PB 0x00000000c1500000| Untracked 
|  22|0x00000000c1600000, 0x00000000c1700000, 0x00000000c1700000|100%| O|  |TAMS 0x00000000c1600000| PB 0x00000000c1600000| Untracked 
|  23|0x00000000c1700000, 0x00000000c1800000, 0x00000000c1800000|100%| O|  |TAMS 0x00000000c1700000| PB 0x00000000c1700000| Untracked 
|  24|0x00000000c1800000, 0x00000000c1900000, 0x00000000c1900000|100%| O|  |TAMS 0x00000000c1800000| PB 0x00000000c1800000| Untracked 
|  25|0x00000000c1900000, 0x00000000c1a00000, 0x00000000c1a00000|100%| O|  |TAMS 0x00000000c1900000| PB 0x00000000c1900000| Untracked 
|  26|0x00000000c1a00000, 0x00000000c1b00000, 0x00000000c1b00000|100%| O|  |TAMS 0x00000000c1a00000| PB 0x00000000c1a00000| Untracked 
|  27|0x00000000c1b00000, 0x00000000c1c00000, 0x00000000c1c00000|100%| O|  |TAMS 0x00000000c1b00000| PB 0x00000000c1b00000| Untracked 
|  28|0x00000000c1c00000, 0x00000000c1d00000, 0x00000000c1d00000|100%| O|  |TAMS 0x00000000c1c00000| PB 0x00000000c1c00000| Untracked 
|  29|0x00000000c1d00000, 0x00000000c1e00000, 0x00000000c1e00000|100%| O|  |TAMS 0x00000000c1d00000| PB 0x00000000c1d00000| Untracked 
|  30|0x00000000c1e00000, 0x00000000c1f00000, 0x00000000c1f00000|100%| O|  |TAMS 0x00000000c1e00000| PB 0x00000000c1e00000| Untracked 
|  31|0x00000000c1f00000, 0x00000000c1f7e928, 0x00000000c2000000| 49%| O|  |TAMS 0x00000000c1f00000| PB 0x00000000c1f00000| Untracked 
|  32|0x00000000c2000000, 0x00000000c2100000, 0x00000000c2100000|100%| O|  |TAMS 0x00000000c2000000| PB 0x00000000c2000000| Untracked 
|  33|0x00000000c2100000, 0x00000000c2200000, 0x00000000c2200000|100%| O|  |TAMS 0x00000000c2100000| PB 0x00000000c2100000| Untracked 
|  34|0x00000000c2200000, 0x00000000c2200000, 0x00000000c2300000|  0%| F|  |TAMS 0x00000000c2200000| PB 0x00000000c2200000| Untracked 
|  35|0x00000000c2300000, 0x00000000c2300000, 0x00000000c2400000|  0%| F|  |TAMS 0x00000000c2300000| PB 0x00000000c2300000| Untracked 
|  36|0x00000000c2400000, 0x00000000c2400000, 0x00000000c2500000|  0%| F|  |TAMS 0x00000000c2400000| PB 0x00000000c2400000| Untracked 
|  37|0x00000000c2500000, 0x00000000c2500000, 0x00000000c2600000|  0%| F|  |TAMS 0x00000000c2500000| PB 0x00000000c2500000| Untracked 
|  38|0x00000000c2600000, 0x00000000c26708f0, 0x00000000c2700000| 43%| S|CS|TAMS 0x00000000c2600000| PB 0x00000000c2600000| Complete 
|  39|0x00000000c2700000, 0x00000000c2800000, 0x00000000c2800000|100%| S|CS|TAMS 0x00000000c2700000| PB 0x00000000c2700000| Complete 
|  40|0x00000000c2800000, 0x00000000c2900000, 0x00000000c2900000|100%| S|CS|TAMS 0x00000000c2800000| PB 0x00000000c2800000| Complete 
|  41|0x00000000c2900000, 0x00000000c2900000, 0x00000000c2a00000|  0%| F|  |TAMS 0x00000000c2900000| PB 0x00000000c2900000| Untracked 
|  42|0x00000000c2a00000, 0x00000000c2a00000, 0x00000000c2b00000|  0%| F|  |TAMS 0x00000000c2a00000| PB 0x00000000c2a00000| Untracked 
|  43|0x00000000c2b00000, 0x00000000c2b00000, 0x00000000c2c00000|  0%| F|  |TAMS 0x00000000c2b00000| PB 0x00000000c2b00000| Untracked 
|  44|0x00000000c2c00000, 0x00000000c2c00000, 0x00000000c2d00000|  0%| F|  |TAMS 0x00000000c2c00000| PB 0x00000000c2c00000| Untracked 
|  45|0x00000000c2d00000, 0x00000000c2d00000, 0x00000000c2e00000|  0%| F|  |TAMS 0x00000000c2d00000| PB 0x00000000c2d00000| Untracked 
|  46|0x00000000c2e00000, 0x00000000c2e00000, 0x00000000c2f00000|  0%| F|  |TAMS 0x00000000c2e00000| PB 0x00000000c2e00000| Untracked 
|  47|0x00000000c2f00000, 0x00000000c2f00000, 0x00000000c3000000|  0%| F|  |TAMS 0x00000000c2f00000| PB 0x00000000c2f00000| Untracked 
|  48|0x00000000c3000000, 0x00000000c3000000, 0x00000000c3100000|  0%| F|  |TAMS 0x00000000c3000000| PB 0x00000000c3000000| Untracked 
|  49|0x00000000c3100000, 0x00000000c3100000, 0x00000000c3200000|  0%| F|  |TAMS 0x00000000c3100000| PB 0x00000000c3100000| Untracked 
|  50|0x00000000c3200000, 0x00000000c3200000, 0x00000000c3300000|  0%| F|  |TAMS 0x00000000c3200000| PB 0x00000000c3200000| Untracked 
|  51|0x00000000c3300000, 0x00000000c3300000, 0x00000000c3400000|  0%| F|  |TAMS 0x00000000c3300000| PB 0x00000000c3300000| Untracked 
|  52|0x00000000c3400000, 0x00000000c3400000, 0x00000000c3500000|  0%| F|  |TAMS 0x00000000c3400000| PB 0x00000000c3400000| Untracked 
|  53|0x00000000c3500000, 0x00000000c3500000, 0x00000000c3600000|  0%| F|  |TAMS 0x00000000c3500000| PB 0x00000000c3500000| Untracked 
|  54|0x00000000c3600000, 0x00000000c3600000, 0x00000000c3700000|  0%| F|  |TAMS 0x00000000c3600000| PB 0x00000000c3600000| Untracked 
|  55|0x00000000c3700000, 0x00000000c3700000, 0x00000000c3800000|  0%| F|  |TAMS 0x00000000c3700000| PB 0x00000000c3700000| Untracked 
|  56|0x00000000c3800000, 0x00000000c3800000, 0x00000000c3900000|  0%| F|  |TAMS 0x00000000c3800000| PB 0x00000000c3800000| Untracked 
|  57|0x00000000c3900000, 0x00000000c3900000, 0x00000000c3a00000|  0%| F|  |TAMS 0x00000000c3900000| PB 0x00000000c3900000| Untracked 
|  58|0x00000000c3a00000, 0x00000000c3a00000, 0x00000000c3b00000|  0%| F|  |TAMS 0x00000000c3a00000| PB 0x00000000c3a00000| Untracked 
|  59|0x00000000c3b00000, 0x00000000c3b00000, 0x00000000c3c00000|  0%| F|  |TAMS 0x00000000c3b00000| PB 0x00000000c3b00000| Untracked 
|  60|0x00000000c3c00000, 0x00000000c3c00000, 0x00000000c3d00000|  0%| F|  |TAMS 0x00000000c3c00000| PB 0x00000000c3c00000| Untracked 
|  61|0x00000000c3d00000, 0x00000000c3d00000, 0x00000000c3e00000|  0%| F|  |TAMS 0x00000000c3d00000| PB 0x00000000c3d00000| Untracked 
|  62|0x00000000c3e00000, 0x00000000c3e020e8, 0x00000000c3f00000|  0%| E|  |TAMS 0x00000000c3e00000| PB 0x00000000c3e00000| Complete 
|  63|0x00000000c3f00000, 0x00000000c4000000, 0x00000000c4000000|100%| E|CS|TAMS 0x00000000c3f00000| PB 0x00000000c3f00000| Complete 
|  64|0x00000000c4000000, 0x00000000c4100000, 0x00000000c4100000|100%| E|CS|TAMS 0x00000000c4000000| PB 0x00000000c4000000| Complete 
|  65|0x00000000c4100000, 0x00000000c4200000, 0x00000000c4200000|100%| E|CS|TAMS 0x00000000c4100000| PB 0x00000000c4100000| Complete 
|  66|0x00000000c4200000, 0x00000000c4300000, 0x00000000c4300000|100%| E|CS|TAMS 0x00000000c4200000| PB 0x00000000c4200000| Complete 
|  67|0x00000000c4300000, 0x00000000c4400000, 0x00000000c4400000|100%| E|CS|TAMS 0x00000000c4300000| PB 0x00000000c4300000| Complete 
|  68|0x00000000c4400000, 0x00000000c4500000, 0x00000000c4500000|100%| E|CS|TAMS 0x00000000c4400000| PB 0x00000000c4400000| Complete 
|  69|0x00000000c4500000, 0x00000000c4600000, 0x00000000c4600000|100%| E|CS|TAMS 0x00000000c4500000| PB 0x00000000c4500000| Complete 
|  70|0x00000000c4600000, 0x00000000c4700000, 0x00000000c4700000|100%| E|CS|TAMS 0x00000000c4600000| PB 0x00000000c4600000| Complete 
|  71|0x00000000c4700000, 0x00000000c4800000, 0x00000000c4800000|100%| E|CS|TAMS 0x00000000c4700000| PB 0x00000000c4700000| Complete 
|  72|0x00000000c4800000, 0x00000000c4900000, 0x00000000c4900000|100%| E|CS|TAMS 0x00000000c4800000| PB 0x00000000c4800000| Complete 
|  73|0x00000000c4900000, 0x00000000c4a00000, 0x00000000c4a00000|100%| E|CS|TAMS 0x00000000c4900000| PB 0x00000000c4900000| Complete 
|  74|0x00000000c4a00000, 0x00000000c4b00000, 0x00000000c4b00000|100%| E|CS|TAMS 0x00000000c4a00000| PB 0x00000000c4a00000| Complete 
|  75|0x00000000c4b00000, 0x00000000c4c00000, 0x00000000c4c00000|100%| E|CS|TAMS 0x00000000c4b00000| PB 0x00000000c4b00000| Complete 
|  76|0x00000000c4c00000, 0x00000000c4d00000, 0x00000000c4d00000|100%| E|CS|TAMS 0x00000000c4c00000| PB 0x00000000c4c00000| Complete 
|  77|0x00000000c4d00000, 0x00000000c4e00000, 0x00000000c4e00000|100%| E|CS|TAMS 0x00000000c4d00000| PB 0x00000000c4d00000| Complete 
|  78|0x00000000c4e00000, 0x00000000c4f00000, 0x00000000c4f00000|100%| E|CS|TAMS 0x00000000c4e00000| PB 0x00000000c4e00000| Complete 
|  79|0x00000000c4f00000, 0x00000000c5000000, 0x00000000c5000000|100%| E|CS|TAMS 0x00000000c4f00000| PB 0x00000000c4f00000| Complete 
|  80|0x00000000c5000000, 0x00000000c5100000, 0x00000000c5100000|100%| E|CS|TAMS 0x00000000c5000000| PB 0x00000000c5000000| Complete 
|  81|0x00000000c5100000, 0x00000000c5200000, 0x00000000c5200000|100%| E|CS|TAMS 0x00000000c5100000| PB 0x00000000c5100000| Complete 
|  82|0x00000000c5200000, 0x00000000c5300000, 0x00000000c5300000|100%| E|CS|TAMS 0x00000000c5200000| PB 0x00000000c5200000| Complete 
|  93|0x00000000c5d00000, 0x00000000c5e00000, 0x00000000c5e00000|100%| E|CS|TAMS 0x00000000c5d00000| PB 0x00000000c5d00000| Complete 

Card table byte_map: [0x00000255fa8a0000,0x00000255faaa0000] _byte_map_base: 0x00000255fa2a0000

Marking Bits: (CMBitMap*) 0x00000255e81a8f00
 Bits: [0x00000255faaa0000, 0x00000255fbaa0000)

Polling page: 0x00000255e5f90000

Metaspace:

Usage:
  Non-class:     40.68 MB used.
      Class:      6.94 MB used.
       Both:     47.62 MB used.

Virtual space:
  Non-class space:       64.00 MB reserved,      41.50 MB ( 65%) committed,  1 nodes.
      Class space:        1.00 GB reserved,       7.75 MB ( <1%) committed,  1 nodes.
             Both:        1.06 GB reserved,      49.25 MB (  5%) committed. 

Chunk freelists:
   Non-Class:  5.83 MB
       Class:  8.22 MB
        Both:  14.05 MB

MaxMetaspaceSize: unlimited
CompressedClassSpaceSize: 1.00 GB
Initial GC threshold: 21.00 MB
Current GC threshold: 58.69 MB
CDS: on
 - commit_granule_bytes: 65536.
 - commit_granule_words: 8192.
 - virtual_space_node_default_size: 8388608.
 - enlarge_chunks_in_place: 1.
 - use_allocation_guard: 0.


Internal statistics:

num_allocs_failed_limit: 6.
num_arena_births: 3092.
num_arena_deaths: 0.
num_vsnodes_births: 2.
num_vsnodes_deaths: 0.
num_space_committed: 788.
num_space_uncommitted: 0.
num_chunks_returned_to_freelist: 6.
num_chunks_taken_from_freelist: 5480.
num_chunk_merges: 6.
num_chunk_splits: 3532.
num_chunks_enlarged: 2131.
num_inconsistent_stats: 0.

CodeHeap 'non-profiled nmethods': size=120000Kb used=2946Kb max_used=2946Kb free=117053Kb
 bounds [0x00000255f2e40000, 0x00000255f3130000, 0x00000255fa370000]
CodeHeap 'profiled nmethods': size=120000Kb used=9730Kb max_used=9730Kb free=110269Kb
 bounds [0x00000255eb370000, 0x00000255ebd00000, 0x00000255f28a0000]
CodeHeap 'non-nmethods': size=5760Kb used=2598Kb max_used=2648Kb free=3161Kb
 bounds [0x00000255f28a0000, 0x00000255f2b40000, 0x00000255f2e40000]
CodeCache: size=245760Kb, used=15274Kb, max_used=15324Kb, free=230483Kb
 total_blobs=5924, nmethods=5057, adapters=771, full_count=0
Compilation: enabled, stopped_count=0, restarted_count=0

Compilation events (20 events):
Event: 37.059 Thread 0x00000255fe4f4930 5582       1       org.gradle.cache.internal.filelock.FileLockOutcome::isLockWasAcquired (2 bytes)
Event: 37.060 Thread 0x00000255fe4f4930 nmethod 5582 0x00000255f311f590 code [0x00000255f311f720, 0x00000255f311f7e8]
Event: 37.060 Thread 0x00000255fe4f4930 5583       1       org.gradle.internal.time.ExponentialBackoff$Result$2::isSuccessful (2 bytes)
Event: 37.060 Thread 0x00000255fe4f4930 nmethod 5583 0x00000255f311f890 code [0x00000255f311fa20, 0x00000255f311fae8]
Event: 37.078 Thread 0x00000255fe4f4930 5584       1       com.google.common.cache.LocalCache$StrongValueReference::isActive (2 bytes)
Event: 37.079 Thread 0x00000255fe4f4930 nmethod 5584 0x00000255f311fb90 code [0x00000255f311fd20, 0x00000255f311fde8]
Event: 37.079 Thread 0x00000255fe4f4930 5585       1       com.google.common.cache.RemovalCause$1::wasEvicted (2 bytes)
Event: 37.079 Thread 0x00000255fe4f4930 nmethod 5585 0x00000255f311fe90 code [0x00000255f3120020, 0x00000255f31200e8]
Event: 37.189 Thread 0x00000255fe4f4930 5586       1       org.gradle.cache.internal.filelock.DefaultLockStateSerializer::getVersion (2 bytes)
Event: 37.189 Thread 0x00000255fe4f4930 nmethod 5586 0x00000255f3120590 code [0x00000255f3120720, 0x00000255f31207e8]
Event: 37.364 Thread 0x00000255fe4f4930 5589   !   3       org.gradle.cache.internal.btree.FileBackedBlockStore::read (72 bytes)
Event: 37.365 Thread 0x00000255fe4f4930 nmethod 5589 0x00000255ebcec010 code [0x00000255ebcec280, 0x00000255ebcecd98]
Event: 37.365 Thread 0x00000255fe4f4930 5590       3       org.gradle.cache.internal.btree.FreeListBlockStore$2::create (29 bytes)
Event: 37.366 Thread 0x00000255fe4f4930 nmethod 5590 0x00000255ebced310 code [0x00000255ebced520, 0x00000255ebcedca8]
Event: 37.366 Thread 0x00000255fe4f4930 5591       3       org.gradle.cache.internal.btree.ByteInput::start (42 bytes)
Event: 37.367 Thread 0x00000255fe4f4930 nmethod 5591 0x00000255ebcedf10 code [0x00000255ebcee160, 0x00000255ebceeb70]
Event: 37.367 Thread 0x00000255fe4f4930 5592       3       org.gradle.cache.internal.btree.ByteInput$ResettableBufferedInputStream::clear (11 bytes)
Event: 37.367 Thread 0x00000255fe4f4930 nmethod 5592 0x00000255ebceee90 code [0x00000255ebcef020, 0x00000255ebcef138]
Event: 37.367 Thread 0x00000255fe4f4930 5593       1       org.gradle.cache.internal.DefaultCacheFactory$DirCacheReference::access$500 (5 bytes)
Event: 37.367 Thread 0x00000255fe4f4930 nmethod 5593 0x00000255f3120890 code [0x00000255f3120a20, 0x00000255f3120ad0]

GC Heap History (20 events):
Event: 2.392 GC heap before
{Heap before GC invocations=1 (full 0):
 garbage-first heap   total 96256K, used 39424K [0x00000000c0000000, 0x0000000100000000)
  region size 1024K, 37 young (37888K), 2 survivors (2048K)
 Metaspace       used 4392K, committed 4544K, reserved 1114112K
  class space    used 558K, committed 640K, reserved 1048576K
}
Event: 2.402 GC heap after
{Heap after GC invocations=2 (full 0):
 garbage-first heap   total 96256K, used 10735K [0x00000000c0000000, 0x0000000100000000)
  region size 1024K, 5 young (5120K), 5 survivors (5120K)
 Metaspace       used 4392K, committed 4544K, reserved 1114112K
  class space    used 558K, committed 640K, reserved 1048576K
}
Event: 3.415 GC heap before
{Heap before GC invocations=2 (full 0):
 garbage-first heap   total 96256K, used 55791K [0x00000000c0000000, 0x0000000100000000)
  region size 1024K, 47 young (48128K), 5 survivors (5120K)
 Metaspace       used 4605K, committed 4864K, reserved 1114112K
  class space    used 581K, committed 704K, reserved 1048576K
}
Event: 3.428 GC heap after
{Heap after GC invocations=3 (full 0):
 garbage-first heap   total 96256K, used 16608K [0x00000000c0000000, 0x0000000100000000)
  region size 1024K, 5 young (5120K), 5 survivors (5120K)
 Metaspace       used 4605K, committed 4864K, reserved 1114112K
  class space    used 581K, committed 704K, reserved 1048576K
}
Event: 11.518 GC heap before
{Heap before GC invocations=3 (full 0):
 garbage-first heap   total 96256K, used 68832K [0x00000000c0000000, 0x0000000100000000)
  region size 1024K, 56 young (57344K), 5 survivors (5120K)
 Metaspace       used 14770K, committed 15168K, reserved 1114112K
  class space    used 2063K, committed 2240K, reserved 1048576K
}
Event: 11.664 GC heap after
{Heap after GC invocations=4 (full 0):
 garbage-first heap   total 96256K, used 21492K [0x00000000c0000000, 0x0000000100000000)
  region size 1024K, 6 young (6144K), 6 survivors (6144K)
 Metaspace       used 14770K, committed 15168K, reserved 1114112K
  class space    used 2063K, committed 2240K, reserved 1048576K
}
Event: 16.690 GC heap before
{Heap before GC invocations=4 (full 0):
 garbage-first heap   total 96256K, used 66548K [0x00000000c0000000, 0x0000000100000000)
  region size 1024K, 51 young (52224K), 6 survivors (6144K)
 Metaspace       used 20854K, committed 21504K, reserved 1114112K
  class space    used 3070K, committed 3392K, reserved 1048576K
}
Event: 16.700 GC heap after
{Heap after GC invocations=5 (full 0):
 garbage-first heap   total 96256K, used 24688K [0x00000000c0000000, 0x0000000100000000)
  region size 1024K, 4 young (4096K), 4 survivors (4096K)
 Metaspace       used 20854K, committed 21504K, reserved 1114112K
  class space    used 3070K, committed 3392K, reserved 1048576K
}
Event: 20.337 GC heap before
{Heap before GC invocations=6 (full 0):
 garbage-first heap   total 86016K, used 71792K [0x00000000c0000000, 0x0000000100000000)
  region size 1024K, 50 young (51200K), 4 survivors (4096K)
 Metaspace       used 27063K, committed 28096K, reserved 1114112K
  class space    used 4049K, committed 4544K, reserved 1048576K
}
Event: 20.350 GC heap after
{Heap after GC invocations=7 (full 0):
 garbage-first heap   total 86016K, used 26916K [0x00000000c0000000, 0x0000000100000000)
  region size 1024K, 6 young (6144K), 6 survivors (6144K)
 Metaspace       used 27063K, committed 28096K, reserved 1114112K
  class space    used 4049K, committed 4544K, reserved 1048576K
}
Event: 22.058 GC heap before
{Heap before GC invocations=7 (full 0):
 garbage-first heap   total 86016K, used 69924K [0x00000000c0000000, 0x0000000100000000)
  region size 1024K, 49 young (50176K), 6 survivors (6144K)
 Metaspace       used 32650K, committed 33664K, reserved 1114112K
  class space    used 4655K, committed 5120K, reserved 1048576K
}
Event: 22.076 GC heap after
{Heap after GC invocations=8 (full 0):
 garbage-first heap   total 86016K, used 31051K [0x00000000c0000000, 0x0000000100000000)
  region size 1024K, 7 young (7168K), 7 survivors (7168K)
 Metaspace       used 32650K, committed 33664K, reserved 1114112K
  class space    used 4655K, committed 5120K, reserved 1048576K
}
Event: 25.973 GC heap before
{Heap before GC invocations=8 (full 0):
 garbage-first heap   total 86016K, used 49483K [0x00000000c0000000, 0x0000000100000000)
  region size 1024K, 26 young (26624K), 7 survivors (7168K)
 Metaspace       used 34887K, committed 35968K, reserved 1114112K
  class space    used 5045K, committed 5568K, reserved 1048576K
}
Event: 25.982 GC heap after
{Heap after GC invocations=9 (full 0):
 garbage-first heap   total 86016K, used 31974K [0x00000000c0000000, 0x0000000100000000)
  region size 1024K, 2 young (2048K), 2 survivors (2048K)
 Metaspace       used 34887K, committed 35968K, reserved 1114112K
  class space    used 5045K, committed 5568K, reserved 1048576K
}
Event: 28.119 GC heap before
{Heap before GC invocations=10 (full 0):
 garbage-first heap   total 86016K, used 79078K [0x00000000c0000000, 0x0000000100000000)
  region size 1024K, 43 young (44032K), 2 survivors (2048K)
 Metaspace       used 39726K, committed 41152K, reserved 1114112K
  class space    used 5765K, committed 6464K, reserved 1048576K
}
Event: 28.125 GC heap after
{Heap after GC invocations=11 (full 0):
 garbage-first heap   total 86016K, used 34626K [0x00000000c0000000, 0x0000000100000000)
  region size 1024K, 5 young (5120K), 5 survivors (5120K)
 Metaspace       used 39726K, committed 41152K, reserved 1114112K
  class space    used 5765K, committed 6464K, reserved 1048576K
}
Event: 30.807 GC heap before
{Heap before GC invocations=11 (full 0):
 garbage-first heap   total 86016K, used 75586K [0x00000000c0000000, 0x0000000100000000)
  region size 1024K, 44 young (45056K), 5 survivors (5120K)
 Metaspace       used 43572K, committed 45120K, reserved 1114112K
  class space    used 6285K, committed 7040K, reserved 1048576K
}
Event: 30.815 GC heap after
{Heap after GC invocations=12 (full 0):
 garbage-first heap   total 86016K, used 35645K [0x00000000c0000000, 0x0000000100000000)
  region size 1024K, 5 young (5120K), 5 survivors (5120K)
 Metaspace       used 43572K, committed 45120K, reserved 1114112K
  class space    used 6285K, committed 7040K, reserved 1048576K
}
Event: 34.599 GC heap before
{Heap before GC invocations=12 (full 0):
 garbage-first heap   total 86016K, used 75581K [0x00000000c0000000, 0x0000000100000000)
  region size 1024K, 44 young (45056K), 5 survivors (5120K)
 Metaspace       used 46619K, committed 48320K, reserved 1114112K
  class space    used 6809K, committed 7616K, reserved 1048576K
}
Event: 34.608 GC heap after
{Heap after GC invocations=13 (full 0):
 garbage-first heap   total 86016K, used 36796K [0x00000000c0000000, 0x0000000100000000)
  region size 1024K, 3 young (3072K), 3 survivors (3072K)
 Metaspace       used 46619K, committed 48320K, reserved 1114112K
  class space    used 6809K, committed 7616K, reserved 1048576K
}

Dll operation events (20 events):
Event: 0.220 Attempting to load shared library C:\Users\LENOVO\.antigravity-ide\extensions\redhat.java-1.56.0-win32-x64\jre\21.0.12.1-win32-x86_64\bin\nio.dll
Event: 0.221 Loaded shared library C:\Users\LENOVO\.antigravity-ide\extensions\redhat.java-1.56.0-win32-x64\jre\21.0.12.1-win32-x86_64\bin\nio.dll
Event: 0.229 Attempting to load shared library C:\Users\LENOVO\.antigravity-ide\extensions\redhat.java-1.56.0-win32-x64\jre\21.0.12.1-win32-x86_64\bin\zip.dll
Event: 0.229 Loaded shared library C:\Users\LENOVO\.antigravity-ide\extensions\redhat.java-1.56.0-win32-x64\jre\21.0.12.1-win32-x86_64\bin\zip.dll
Event: 0.807 Attempting to load shared library C:\Users\LENOVO\.antigravity-ide\extensions\redhat.java-1.56.0-win32-x64\jre\21.0.12.1-win32-x86_64\bin\jimage.dll
Event: 0.807 Loaded shared library C:\Users\LENOVO\.antigravity-ide\extensions\redhat.java-1.56.0-win32-x64\jre\21.0.12.1-win32-x86_64\bin\jimage.dll
Event: 1.252 Attempting to load shared library C:\Users\LENOVO\.antigravity-ide\extensions\redhat.java-1.56.0-win32-x64\jre\21.0.12.1-win32-x86_64\bin\verify.dll
Event: 1.253 Loaded shared library C:\Users\LENOVO\.antigravity-ide\extensions\redhat.java-1.56.0-win32-x64\jre\21.0.12.1-win32-x86_64\bin\verify.dll
Event: 1.463 Attempting to load shared library C:\Users\LENOVO\.gradle\native\1def1411415f61bf3af743bc5b6707747c0891f09f0c88961ee8f79bc544acac\windows-amd64\native-platform.dll
Event: 1.464 Loaded shared library C:\Users\LENOVO\.gradle\native\1def1411415f61bf3af743bc5b6707747c0891f09f0c88961ee8f79bc544acac\windows-amd64\native-platform.dll
Event: 1.488 Attempting to load shared library C:\Users\LENOVO\.gradle\native\0.2.7\x86_64-windows-gnu\gradle-fileevents.dll
Event: 1.489 Loaded shared library C:\Users\LENOVO\.gradle\native\0.2.7\x86_64-windows-gnu\gradle-fileevents.dll
Event: 4.455 Attempting to load shared library C:\Users\LENOVO\.antigravity-ide\extensions\redhat.java-1.56.0-win32-x64\jre\21.0.12.1-win32-x86_64\bin\management.dll
Event: 4.461 Loaded shared library C:\Users\LENOVO\.antigravity-ide\extensions\redhat.java-1.56.0-win32-x64\jre\21.0.12.1-win32-x86_64\bin\management.dll
Event: 4.466 Attempting to load shared library C:\Users\LENOVO\.antigravity-ide\extensions\redhat.java-1.56.0-win32-x64\jre\21.0.12.1-win32-x86_64\bin\management_ext.dll
Event: 4.471 Loaded shared library C:\Users\LENOVO\.antigravity-ide\extensions\redhat.java-1.56.0-win32-x64\jre\21.0.12.1-win32-x86_64\bin\management_ext.dll
Event: 5.692 Attempting to load shared library C:\Users\LENOVO\.antigravity-ide\extensions\redhat.java-1.56.0-win32-x64\jre\21.0.12.1-win32-x86_64\bin\extnet.dll
Event: 5.693 Loaded shared library C:\Users\LENOVO\.antigravity-ide\extensions\redhat.java-1.56.0-win32-x64\jre\21.0.12.1-win32-x86_64\bin\extnet.dll
Event: 7.083 Attempting to load shared library C:\Users\LENOVO\.antigravity-ide\extensions\redhat.java-1.56.0-win32-x64\jre\21.0.12.1-win32-x86_64\bin\sunmscapi.dll
Event: 7.096 Loaded shared library C:\Users\LENOVO\.antigravity-ide\extensions\redhat.java-1.56.0-win32-x64\jre\21.0.12.1-win32-x86_64\bin\sunmscapi.dll

Deoptimization events (20 events):
Event: 35.748 Thread 0x00000255fea45e70 DEOPT PACKING pc=0x00000255ebc4b602 sp=0x000000bcb97f62f0
Event: 35.748 Thread 0x00000255fea45e70 DEOPT UNPACKING pc=0x00000255f28f4bc2 sp=0x000000bcb97f5778 mode 0
Event: 36.144 Thread 0x00000255fea45e70 DEOPT PACKING pc=0x00000255ebc4b602 sp=0x000000bcb97f6320
Event: 36.145 Thread 0x00000255fea45e70 DEOPT UNPACKING pc=0x00000255f28f4bc2 sp=0x000000bcb97f57a8 mode 0
Event: 36.508 Thread 0x00000255fea45e70 Uncommon trap: trap_request=0xffffffc6 fr.pc=0x00000255f2e90f04 relative=0x00000000000014a4
Event: 36.508 Thread 0x00000255fea45e70 Uncommon trap: reason=bimorphic_or_optimized_type_check action=maybe_recompile pc=0x00000255f2e90f04 method=java.util.concurrent.ConcurrentHashMap.computeIfAbsent(Ljava/lang/Object;Ljava/util/function/Function;)Ljava/lang/Object; @ 241 c2
Event: 36.508 Thread 0x00000255fea45e70 DEOPT PACKING pc=0x00000255f2e90f04 sp=0x000000bcb97f71e0
Event: 36.508 Thread 0x00000255fea45e70 DEOPT UNPACKING pc=0x00000255f28f4422 sp=0x000000bcb97f7178 mode 2
Event: 36.508 Thread 0x00000255fea45e70 Uncommon trap: trap_request=0xffffffc6 fr.pc=0x00000255f2e90f04 relative=0x00000000000014a4
Event: 36.508 Thread 0x00000255fea45e70 Uncommon trap: reason=bimorphic_or_optimized_type_check action=maybe_recompile pc=0x00000255f2e90f04 method=java.util.concurrent.ConcurrentHashMap.computeIfAbsent(Ljava/lang/Object;Ljava/util/function/Function;)Ljava/lang/Object; @ 241 c2
Event: 36.508 Thread 0x00000255fea45e70 DEOPT PACKING pc=0x00000255f2e90f04 sp=0x000000bcb97f71d0
Event: 36.508 Thread 0x00000255fea45e70 DEOPT UNPACKING pc=0x00000255f28f4422 sp=0x000000bcb97f7168 mode 2
Event: 36.508 Thread 0x00000255fea45e70 Uncommon trap: trap_request=0xffffffc6 fr.pc=0x00000255f2e90f04 relative=0x00000000000014a4
Event: 36.508 Thread 0x00000255fea45e70 Uncommon trap: reason=bimorphic_or_optimized_type_check action=maybe_recompile pc=0x00000255f2e90f04 method=java.util.concurrent.ConcurrentHashMap.computeIfAbsent(Ljava/lang/Object;Ljava/util/function/Function;)Ljava/lang/Object; @ 241 c2
Event: 36.508 Thread 0x00000255fea45e70 DEOPT PACKING pc=0x00000255f2e90f04 sp=0x000000bcb97f71c0
Event: 36.508 Thread 0x00000255fea45e70 DEOPT UNPACKING pc=0x00000255f28f4422 sp=0x000000bcb97f7158 mode 2
Event: 36.508 Thread 0x00000255fea45e70 Uncommon trap: trap_request=0xffffffc6 fr.pc=0x00000255f2e90f04 relative=0x00000000000014a4
Event: 36.508 Thread 0x00000255fea45e70 Uncommon trap: reason=bimorphic_or_optimized_type_check action=maybe_recompile pc=0x00000255f2e90f04 method=java.util.concurrent.ConcurrentHashMap.computeIfAbsent(Ljava/lang/Object;Ljava/util/function/Function;)Ljava/lang/Object; @ 241 c2
Event: 36.508 Thread 0x00000255fea45e70 DEOPT PACKING pc=0x00000255f2e90f04 sp=0x000000bcb97f71c0
Event: 36.508 Thread 0x00000255fea45e70 DEOPT UNPACKING pc=0x00000255f28f4422 sp=0x000000bcb97f7158 mode 2

Classes loaded (20 events):
Event: 29.207 Loading class javax/naming/NamingException
Event: 29.208 Loading class javax/naming/NamingException done
Event: 29.208 Loading class javax/naming/InvalidNameException
Event: 29.208 Loading class javax/naming/InvalidNameException done
Event: 29.418 Loading class java/security/CodeSigner
Event: 29.418 Loading class java/security/CodeSigner done
Event: 29.534 Loading class java/util/Collections$SynchronizedRandomAccessList
Event: 29.534 Loading class java/util/Collections$SynchronizedList
Event: 29.534 Loading class java/util/Collections$SynchronizedList done
Event: 29.534 Loading class java/util/Collections$SynchronizedRandomAccessList done
Event: 33.943 Loading class java/util/concurrent/atomic/AtomicReferenceFieldUpdater
Event: 33.943 Loading class java/util/concurrent/atomic/AtomicReferenceFieldUpdater done
Event: 33.943 Loading class java/util/concurrent/atomic/AtomicReferenceFieldUpdater$AtomicReferenceFieldUpdaterImpl
Event: 33.943 Loading class java/util/concurrent/atomic/AtomicReferenceFieldUpdater$AtomicReferenceFieldUpdaterImpl done
Event: 33.943 Loading class java/util/concurrent/atomic/AtomicReferenceFieldUpdater$AtomicReferenceFieldUpdaterImpl$1
Event: 33.944 Loading class java/util/concurrent/atomic/AtomicReferenceFieldUpdater$AtomicReferenceFieldUpdaterImpl$1 done
Event: 35.206 Loading class java/io/DeleteOnExitHook
Event: 35.206 Loading class java/io/DeleteOnExitHook done
Event: 35.207 Loading class java/io/DeleteOnExitHook$1
Event: 35.207 Loading class java/io/DeleteOnExitHook$1 done

Classes unloaded (0 events):
No events

Classes redefined (0 events):
No events

Internal exceptions (20 events):
Event: 29.599 Thread 0x00000255fea45e70 Exception <a 'java/lang/NoSuchMethodError'{0x00000000c3f4b4e8}: 'java.lang.Object java.lang.invoke.DelegatingMethodHandle$Holder.delegate(java.lang.Object, java.lang.Object, java.lang.Object, java.lang.Object, java.lang.Object, java.lang.Object, java.lang.Object, java.lang.Object, java.lang.Object, java.lang.Object, java.lang.Object, java.lang.Object, java.lang.Object, java.lang.Object, java.lang.Object, java.lang.Object, java.lang.Object, java.lang.Object, java.lang.Object, java.lang.Object, java.lang.Obj
Event: 33.013 Thread 0x00000255fea45e70 Exception <a 'java/lang/NoSuchMethodError'{0x00000000c451b9a8}: 'java.lang.Object java.lang.invoke.DirectMethodHandle$Holder.invokeVirtual(java.lang.Object, java.lang.Object, java.lang.Object, java.lang.Object, java.lang.Object, java.lang.Object, java.lang.Object, java.lang.Object, java.lang.Object, java.lang.Object, java.lang.Object, java.lang.Object, java.lang.Object, java.lang.Object, java.lang.Object)'> (0x00000000c451b9a8) 
thrown [s\src\hotspot\share\interpreter\linkResolver.cpp, line 773]
Event: 33.044 Thread 0x00000255fea45e70 Exception <a 'java/lang/NoSuchMethodError'{0x00000000c445a0f0}: 'java.lang.Object java.lang.invoke.DirectMethodHandle$Holder.newInvokeSpecial(java.lang.Object, java.lang.Object, java.lang.Object, java.lang.Object, java.lang.Object, java.lang.Object, java.lang.Object, java.lang.Object, java.lang.Object, java.lang.Object, java.lang.Object, java.lang.Object, java.lang.Object)'> (0x00000000c445a0f0) 
thrown [s\src\hotspot\share\interpreter\linkResolver.cpp, line 773]
Event: 33.213 Thread 0x00000255fea45e70 Exception <a 'java/lang/NoSuchMethodError'{0x00000000c413cc88}: 'java.lang.Object java.lang.invoke.DirectMethodHandle$Holder.newInvokeSpecial(java.lang.Object, java.lang.Object, java.lang.Object, java.lang.Object, int)'> (0x00000000c413cc88) 
thrown [s\src\hotspot\share\interpreter\linkResolver.cpp, line 773]
Event: 33.214 Thread 0x00000255fea45e70 Exception <a 'java/lang/NoSuchMethodError'{0x00000000c4141a50}: 'java.lang.Object java.lang.invoke.DirectMethodHandle$Holder.invokeSpecial(java.lang.Object, java.lang.Object, java.lang.Object, java.lang.Object, java.lang.Object, int)'> (0x00000000c4141a50) 
thrown [s\src\hotspot\share\interpreter\linkResolver.cpp, line 773]
Event: 33.214 Thread 0x00000255fea45e70 Exception <a 'java/lang/NoSuchMethodError'{0x00000000c41461d0}: 'java.lang.Object java.lang.invoke.Invokers$Holder.linkToTargetMethod(java.lang.Object, java.lang.Object, java.lang.Object, int, java.lang.Object)'> (0x00000000c41461d0) 
thrown [s\src\hotspot\share\interpreter\linkResolver.cpp, line 773]
Event: 33.344 Thread 0x00000255fea45e70 Exception <a 'java/lang/NoSuchMethodError'{0x00000000c3f583a0}: 'int java.lang.invoke.DirectMethodHandle$Holder.invokeInterface(java.lang.Object, java.lang.Object, java.lang.Object, java.lang.Object)'> (0x00000000c3f583a0) 
thrown [s\src\hotspot\share\interpreter\linkResolver.cpp, line 773]
Event: 33.455 Thread 0x00000255fea45e70 Exception <a 'java/lang/NoSuchMethodError'{0x00000000c3d629f8}: 'java.lang.Object java.lang.invoke.DirectMethodHandle$Holder.invokeStatic(java.lang.Object, long, java.lang.Object)'> (0x00000000c3d629f8) 
thrown [s\src\hotspot\share\interpreter\linkResolver.cpp, line 773]
Event: 33.456 Thread 0x00000255fea45e70 Exception <a 'java/lang/NoSuchMethodError'{0x00000000c3d69ea0}: 'java.lang.Object java.lang.invoke.DirectMethodHandle$Holder.newInvokeSpecial(java.lang.Object, long)'> (0x00000000c3d69ea0) 
thrown [s\src\hotspot\share\interpreter\linkResolver.cpp, line 773]
Event: 33.479 Thread 0x00000255fea45e70 Exception <a 'java/lang/NoSuchMethodError'{0x00000000c3dcf138}: 'java.lang.Object java.lang.invoke.DirectMethodHandle$Holder.newInvokeSpecial(java.lang.Object, java.lang.Object, java.lang.Object, java.lang.Object, java.lang.Object, long, java.lang.Object)'> (0x00000000c3dcf138) 
thrown [s\src\hotspot\share\interpreter\linkResolver.cpp, line 773]
Event: 33.482 Thread 0x00000255fea45e70 Exception <a 'java/lang/NoSuchMethodError'{0x00000000c3dd7b80}: 'java.lang.Object java.lang.invoke.Invokers$Holder.linkToTargetMethod(java.lang.Object, java.lang.Object, java.lang.Object, java.lang.Object, long, java.lang.Object, java.lang.Object)'> (0x00000000c3dd7b80) 
thrown [s\src\hotspot\share\interpreter\linkResolver.cpp, line 773]
Event: 33.504 Thread 0x00000255fea45e70 Exception <a 'java/lang/NoSuchMethodError'{0x00000000c3c1da30}: 'java.lang.Object java.lang.invoke.DirectMethodHandle$Holder.newInvokeSpecial(java.lang.Object, java.lang.Object, java.lang.Object, long, java.lang.Object)'> (0x00000000c3c1da30) 
thrown [s\src\hotspot\share\interpreter\linkResolver.cpp, line 773]
Event: 33.505 Thread 0x00000255fea45e70 Exception <a 'java/lang/NoSuchMethodError'{0x00000000c3c228e0}: 'java.lang.Object java.lang.invoke.DirectMethodHandle$Holder.invokeSpecial(java.lang.Object, java.lang.Object, java.lang.Object, java.lang.Object, long, java.lang.Object)'> (0x00000000c3c228e0) 
thrown [s\src\hotspot\share\interpreter\linkResolver.cpp, line 773]
Event: 33.506 Thread 0x00000255fea45e70 Exception <a 'java/lang/NoSuchMethodError'{0x00000000c3c26e60}: 'java.lang.Object java.lang.invoke.Invokers$Holder.linkToTargetMethod(java.lang.Object, java.lang.Object, long, java.lang.Object, java.lang.Object)'> (0x00000000c3c26e60) 
thrown [s\src\hotspot\share\interpreter\linkResolver.cpp, line 773]
Event: 33.607 Thread 0x00000255fea45e70 Exception <a 'java/lang/NoSuchMethodError'{0x00000000c3a713e8}: 'java.lang.Object java.lang.invoke.DirectMethodHandle$Holder.newInvokeSpecial(java.lang.Object, java.lang.Object, java.lang.Object, java.lang.Object, java.lang.Object, java.lang.Object, java.lang.Object, java.lang.Object, java.lang.Object, java.lang.Object, java.lang.Object, java.lang.Object, java.lang.Object, java.lang.Object, java.lang.Object, java.lang.Object, java.lang.Object, java.lang.Object, java.lang.Object, java.lang.Object, java.lang
Event: 34.451 Thread 0x00000255fea45e70 Exception <a 'java/lang/NoSuchMethodError'{0x00000000c2f91770}: 'java.lang.Object java.lang.invoke.DirectMethodHandle$Holder.newInvokeSpecial(java.lang.Object, int, java.lang.Object)'> (0x00000000c2f91770) 
thrown [s\src\hotspot\share\interpreter\linkResolver.cpp, line 773]
Event: 34.979 Thread 0x00000255fea45e70 Exception <a 'java/lang/NoSuchMethodError'{0x00000000c4d15660}: 'java.lang.Object java.lang.invoke.DirectMethodHandle$Holder.invokeSpecial(java.lang.Object, java.lang.Object, long, java.lang.Object, java.lang.Object)'> (0x00000000c4d15660) 
thrown [s\src\hotspot\share\interpreter\linkResolver.cpp, line 773]
Event: 35.128 Thread 0x00000255fea45e70 Exception <a 'java/lang/NoSuchMethodError'{0x00000000c4deccb8}: 'java.lang.Object java.lang.invoke.DirectMethodHandle$Holder.newInvokeSpecial(java.lang.Object, java.lang.Object, java.lang.Object, int, java.lang.Object)'> (0x00000000c4deccb8) 
thrown [s\src\hotspot\share\interpreter\linkResolver.cpp, line 773]
Event: 35.129 Thread 0x00000255fea45e70 Exception <a 'java/lang/NoSuchMethodError'{0x00000000c4df1428}: 'java.lang.Object java.lang.invoke.Invokers$Holder.linkToTargetMethod(java.lang.Object, java.lang.Object, int, java.lang.Object, java.lang.Object)'> (0x00000000c4df1428) 
thrown [s\src\hotspot\share\interpreter\linkResolver.cpp, line 773]
Event: 35.690 Thread 0x00000255fea45e70 Exception <a 'java/lang/NoSuchMethodError'{0x00000000c4759b58}: 'int java.lang.invoke.DirectMethodHandle$Holder.invokeSpecialIFC(java.lang.Object, java.lang.Object, java.lang.Object)'> (0x00000000c4759b58) 
thrown [s\src\hotspot\share\interpreter\linkResolver.cpp, line 773]

ZGC Phase Switch (0 events):
No events

VM Operations (20 events):
Event: 29.816 Executing safepoint VM operation: Cleanup
Event: 29.816 Executing safepoint VM operation: Cleanup done
Event: 30.807 Executing safepoint VM operation: G1CollectForAllocation (G1 Evacuation Pause)
Event: 30.815 Executing safepoint VM operation: G1CollectForAllocation (G1 Evacuation Pause) done
Event: 31.815 Executing safepoint VM operation: Cleanup
Event: 31.815 Executing safepoint VM operation: Cleanup done
Event: 32.830 Executing safepoint VM operation: Cleanup
Event: 32.846 Executing safepoint VM operation: Cleanup done
Event: 33.339 Executing non-safepoint VM operation: HandshakeAllThreads (Deoptimize)
Event: 33.339 Executing non-safepoint VM operation: HandshakeAllThreads (Deoptimize) done
Event: 34.352 Executing safepoint VM operation: Cleanup
Event: 34.430 Executing safepoint VM operation: Cleanup done
Event: 34.580 Executing safepoint VM operation: G1CollectForAllocation (G1 Evacuation Pause)
Event: 34.608 Executing safepoint VM operation: G1CollectForAllocation (G1 Evacuation Pause) done
Event: 34.828 Executing non-safepoint VM operation: HandshakeAllThreads (Deoptimize)
Event: 34.828 Executing non-safepoint VM operation: HandshakeAllThreads (Deoptimize) done
Event: 35.833 Executing safepoint VM operation: Cleanup
Event: 35.833 Executing safepoint VM operation: Cleanup done
Event: 36.838 Executing safepoint VM operation: Cleanup
Event: 36.838 Executing safepoint VM operation: Cleanup done

Memory protections (0 events):
No events

Nmethod flushes (20 events):
Event: 26.013 Thread 0x00000255fe4b7e70 flushing  nmethod 0x00000255eb515310
Event: 26.013 Thread 0x00000255fe4b7e70 flushing  nmethod 0x00000255eb515c10
Event: 26.013 Thread 0x00000255fe4b7e70 flushing  nmethod 0x00000255eb516c90
Event: 26.013 Thread 0x00000255fe4b7e70 flushing  nmethod 0x00000255eb519f90
Event: 26.013 Thread 0x00000255fe4b7e70 flushing  nmethod 0x00000255eb51ab90
Event: 26.013 Thread 0x00000255fe4b7e70 flushing  nmethod 0x00000255eb522810
Event: 26.013 Thread 0x00000255fe4b7e70 flushing  nmethod 0x00000255eb525190
Event: 26.013 Thread 0x00000255fe4b7e70 flushing  nmethod 0x00000255eb528910
Event: 26.013 Thread 0x00000255fe4b7e70 flushing  nmethod 0x00000255eb528d90
Event: 26.013 Thread 0x00000255fe4b7e70 flushing  nmethod 0x00000255eb55ab10
Event: 26.013 Thread 0x00000255fe4b7e70 flushing  nmethod 0x00000255eb55c090
Event: 26.013 Thread 0x00000255fe4b7e70 flushing  nmethod 0x00000255eb55c510
Event: 26.013 Thread 0x00000255fe4b7e70 flushing  nmethod 0x00000255eb572810
Event: 26.013 Thread 0x00000255fe4b7e70 flushing  nmethod 0x00000255eb5c8790
Event: 26.013 Thread 0x00000255fe4b7e70 flushing  nmethod 0x00000255eb757b10
Event: 26.013 Thread 0x00000255fe4b7e70 flushing  nmethod 0x00000255eb758e10
Event: 26.013 Thread 0x00000255fe4b7e70 flushing  nmethod 0x00000255eb759690
Event: 26.013 Thread 0x00000255fe4b7e70 flushing  nmethod 0x00000255eb7a5990
Event: 26.013 Thread 0x00000255fe4b7e70 flushing  nmethod 0x00000255eb7a5c90
Event: 26.013 Thread 0x00000255fe4b7e70 flushing  nmethod 0x00000255eb7a7610

Events (20 events):
Event: 7.784 Thread 0x00000255fea62830 Thread added: 0x00000255c526aff0
Event: 8.808 Thread 0x00000255fea62830 Thread added: 0x00000255fea7b300
Event: 8.892 Thread 0x00000255fea62830 Thread added: 0x00000255fea45e70
Event: 8.939 Thread 0x00000255fea45e70 Thread added: 0x00000255fea44430
Event: 8.954 Thread 0x00000255fea45e70 Thread added: 0x00000255fea43710
Event: 8.967 Thread 0x00000255fea45e70 Thread added: 0x00000255fea46500
Event: 11.671 Thread 0x00000255fea45e70 Thread added: 0x00000255fea457e0
Event: 11.734 Thread 0x00000255fea45e70 Thread added: 0x00000255fea43da0
Event: 11.862 Thread 0x00000255fea43da0 Thread added: 0x00000255fea43080
Event: 11.900 Thread 0x00000255fea45e70 Thread added: 0x00000255fea44ac0
Event: 17.138 Thread 0x00000255fea45e70 Thread added: 0x00000255c6424ad0
Event: 17.433 Thread 0x00000255fea45e70 Thread added: 0x00000255c6423090
Event: 18.533 Thread 0x00000255fea45e70 Thread added: 0x00000255c6421650
Event: 18.584 Thread 0x00000255fea45e70 Thread added: 0x00000255c6422a00
Event: 24.170 Thread 0x00000255fea45e70 Thread added: 0x00000255c6423db0
Event: 24.944 Thread 0x00000255fea45e70 Thread added: 0x00000255c6424440
Event: 25.575 Thread 0x00000255fea45e70 Thread added: 0x00000255c6421ce0
Event: 25.729 Thread 0x00000255fea45e70 Thread added: 0x00000255c6425160
Event: 27.027 Thread 0x00000255fea45e70 Thread added: 0x00000255c64257f0
Event: 27.250 Thread 0x00000255fea45e70 Thread added: 0x00000255c6422370


Dynamic libraries:
0x00007ff69d5b0000 - 0x00007ff69d5be000 	C:\Users\LENOVO\.antigravity-ide\extensions\redhat.java-1.56.0-win32-x64\jre\21.0.12.1-win32-x86_64\bin\java.exe
0x00007ffba7f40000 - 0x00007ffba81a7000 	C:\WINDOWS\SYSTEM32\ntdll.dll
0x00007ffba6070000 - 0x00007ffba613b000 	C:\WINDOWS\System32\KERNEL32.DLL
0x00007ffba5490000 - 0x00007ffba5892000 	C:\WINDOWS\System32\KERNELBASE.dll
0x00007ffba5140000 - 0x00007ffba528c000 	C:\WINDOWS\System32\ucrtbase.dll
0x00007ffb86800000 - 0x00007ffb86818000 	C:\Users\LENOVO\.antigravity-ide\extensions\redhat.java-1.56.0-win32-x64\jre\21.0.12.1-win32-x86_64\bin\jli.dll
0x00007ffb8b2d0000 - 0x00007ffb8b2ee000 	C:\Users\LENOVO\.antigravity-ide\extensions\redhat.java-1.56.0-win32-x64\jre\21.0.12.1-win32-x86_64\bin\VCRUNTIME140.dll
0x00007ffba5e00000 - 0x00007ffba5fcf000 	C:\WINDOWS\System32\USER32.dll
0x00007ffba59e0000 - 0x00007ffba5a07000 	C:\WINDOWS\System32\win32u.dll
0x00007ffba5d80000 - 0x00007ffba5dab000 	C:\WINDOWS\System32\GDI32.dll
0x00007ffba52a0000 - 0x00007ffba53c9000 	C:\WINDOWS\System32\gdi32full.dll
0x00007ffba5930000 - 0x00007ffba59d3000 	C:\WINDOWS\System32\msvcp_win.dll
0x00007ffb8ec40000 - 0x00007ffb8eed0000 	C:\WINDOWS\WinSxS\amd64_microsoft.windows.common-controls_6595b64144ccf1df_6.0.26100.9278_none_3e0d1ba8e3303201\COMCTL32.dll
0x00007ffba6840000 - 0x00007ffba68e9000 	C:\WINDOWS\System32\msvcrt.dll
0x00007ffba5dc0000 - 0x00007ffba5df1000 	C:\WINDOWS\System32\IMM32.DLL
0x00007ffb933d0000 - 0x00007ffb933dc000 	C:\Users\LENOVO\.antigravity-ide\extensions\redhat.java-1.56.0-win32-x64\jre\21.0.12.1-win32-x86_64\bin\vcruntime140_1.dll
0x00007ffb4a830000 - 0x00007ffb4a8bd000 	C:\Users\LENOVO\.antigravity-ide\extensions\redhat.java-1.56.0-win32-x64\jre\21.0.12.1-win32-x86_64\bin\msvcp140.dll
0x00007ffac5e60000 - 0x00007ffac6c02000 	C:\Users\LENOVO\.antigravity-ide\extensions\redhat.java-1.56.0-win32-x64\jre\21.0.12.1-win32-x86_64\bin\server\jvm.dll
0x00007ffba66f0000 - 0x00007ffba67ac000 	C:\WINDOWS\System32\ADVAPI32.dll
0x00007ffba7e30000 - 0x00007ffba7ed9000 	C:\WINDOWS\System32\sechost.dll
0x00007ffba5c60000 - 0x00007ffba5d78000 	C:\WINDOWS\System32\RPCRT4.dll
0x00007ffba7090000 - 0x00007ffba7110000 	C:\WINDOWS\System32\WS2_32.dll
0x00007ffba4f90000 - 0x00007ffba4fee000 	C:\WINDOWS\SYSTEM32\POWRPROF.dll
0x00007ffb983b0000 - 0x00007ffb983e6000 	C:\WINDOWS\SYSTEM32\WINMM.dll
0x00007ffb93ff0000 - 0x00007ffb93ffb000 	C:\WINDOWS\SYSTEM32\VERSION.dll
0x00007ffba4f70000 - 0x00007ffba4f85000 	C:\WINDOWS\SYSTEM32\UMPDC.dll
0x00007ffba3dd0000 - 0x00007ffba3deb000 	C:\WINDOWS\SYSTEM32\kernel.appcore.dll
0x00007ffb8aef0000 - 0x00007ffb8aefa000 	C:\Users\LENOVO\.antigravity-ide\extensions\redhat.java-1.56.0-win32-x64\jre\21.0.12.1-win32-x86_64\bin\jimage.dll
0x00007ffba2480000 - 0x00007ffba26cc000 	C:\WINDOWS\SYSTEM32\DBGHELP.DLL
0x00007ffba7950000 - 0x00007ffba7cd5000 	C:\WINDOWS\System32\combase.dll
0x00007ffba62c0000 - 0x00007ffba6399000 	C:\WINDOWS\System32\OLEAUT32.dll
0x00007ffb8c4f0000 - 0x00007ffb8c52b000 	C:\WINDOWS\SYSTEM32\dbgcore.DLL
0x00007ffba5a10000 - 0x00007ffba5abc000 	C:\WINDOWS\System32\bcryptPrimitives.dll
0x00007ffb833e0000 - 0x00007ffb833ef000 	C:\Users\LENOVO\.antigravity-ide\extensions\redhat.java-1.56.0-win32-x64\jre\21.0.12.1-win32-x86_64\bin\instrument.dll
0x00007ffb85ab0000 - 0x00007ffb85ad0000 	C:\Users\LENOVO\.antigravity-ide\extensions\redhat.java-1.56.0-win32-x64\jre\21.0.12.1-win32-x86_64\bin\java.dll
0x00007ffba68f0000 - 0x00007ffba7088000 	C:\WINDOWS\System32\SHELL32.dll
0x00007ffba2b60000 - 0x00007ffba340e000 	C:\WINDOWS\SYSTEM32\windows.storage.dll
0x00007ffba7d30000 - 0x00007ffba7e2b000 	C:\WINDOWS\System32\SHCORE.dll
0x00007ffba67d0000 - 0x00007ffba6836000 	C:\WINDOWS\System32\shlwapi.dll
0x00007ffba5060000 - 0x00007ffba5089000 	C:\WINDOWS\SYSTEM32\profapi.dll
0x00007ffb72140000 - 0x00007ffb72158000 	C:\Users\LENOVO\.antigravity-ide\extensions\redhat.java-1.56.0-win32-x64\jre\21.0.12.1-win32-x86_64\bin\zip.dll
0x00007ffb833f0000 - 0x00007ffb83400000 	C:\Users\LENOVO\.antigravity-ide\extensions\redhat.java-1.56.0-win32-x64\jre\21.0.12.1-win32-x86_64\bin\net.dll
0x00007ffb9d7d0000 - 0x00007ffb9d8fa000 	C:\WINDOWS\SYSTEM32\WINHTTP.dll
0x00007ffba4370000 - 0x00007ffba43dc000 	C:\WINDOWS\system32\mswsock.dll
0x00007ffb721a0000 - 0x00007ffb721b6000 	C:\Users\LENOVO\.antigravity-ide\extensions\redhat.java-1.56.0-win32-x64\jre\21.0.12.1-win32-x86_64\bin\nio.dll
0x00007ffb72520000 - 0x00007ffb72530000 	C:\Users\LENOVO\.antigravity-ide\extensions\redhat.java-1.56.0-win32-x64\jre\21.0.12.1-win32-x86_64\bin\verify.dll
0x00007ffb4bb90000 - 0x00007ffb4bbb7000 	C:\Users\LENOVO\.gradle\native\1def1411415f61bf3af743bc5b6707747c0891f09f0c88961ee8f79bc544acac\windows-amd64\native-platform.dll
0x00007ffb4a110000 - 0x00007ffb4a188000 	C:\Users\LENOVO\.gradle\native\0.2.7\x86_64-windows-gnu\gradle-fileevents.dll
0x00007ffb72160000 - 0x00007ffb7216a000 	C:\Users\LENOVO\.antigravity-ide\extensions\redhat.java-1.56.0-win32-x64\jre\21.0.12.1-win32-x86_64\bin\management.dll
0x00007ffb6c490000 - 0x00007ffb6c49c000 	C:\Users\LENOVO\.antigravity-ide\extensions\redhat.java-1.56.0-win32-x64\jre\21.0.12.1-win32-x86_64\bin\management_ext.dll
0x00007ffba5db0000 - 0x00007ffba5db8000 	C:\WINDOWS\System32\PSAPI.DLL
0x00007ffba3780000 - 0x00007ffba37b3000 	C:\WINDOWS\SYSTEM32\IPHLPAPI.DLL
0x00007ffba7120000 - 0x00007ffba712a000 	C:\WINDOWS\System32\NSI.dll
0x00007ffb66b60000 - 0x00007ffb66b69000 	C:\Users\LENOVO\.antigravity-ide\extensions\redhat.java-1.56.0-win32-x64\jre\21.0.12.1-win32-x86_64\bin\extnet.dll
0x00007ffba4790000 - 0x00007ffba47ab000 	C:\WINDOWS\SYSTEM32\CRYPTSP.dll
0x00007ffba3d30000 - 0x00007ffba3d69000 	C:\WINDOWS\system32\rsaenh.dll
0x00007ffba4420000 - 0x00007ffba4454000 	C:\WINDOWS\SYSTEM32\USERENV.dll
0x00007ffba5030000 - 0x00007ffba505a000 	C:\WINDOWS\SYSTEM32\bcrypt.dll
0x00007ffba45d0000 - 0x00007ffba45dc000 	C:\WINDOWS\SYSTEM32\CRYPTBASE.dll
0x00007ffb4ab20000 - 0x00007ffb4ab2e000 	C:\Users\LENOVO\.antigravity-ide\extensions\redhat.java-1.56.0-win32-x64\jre\21.0.12.1-win32-x86_64\bin\sunmscapi.dll
0x00007ffba5ad0000 - 0x00007ffba5c4e000 	C:\WINDOWS\System32\CRYPT32.dll
0x00007ffba4900000 - 0x00007ffba4930000 	C:\WINDOWS\SYSTEM32\ncrypt.dll
0x00007ffba48b0000 - 0x00007ffba48ef000 	C:\WINDOWS\SYSTEM32\NTASN1.dll
0x00007ffb7b120000 - 0x00007ffb7b128000 	C:\WINDOWS\system32\wshunix.dll

JVMTI agents:
C:\Users\LENOVO\.gradle\wrapper\dists\gradle-8.14-bin\38aieal9i53h9rfe7vjup95b9\gradle-8.14\lib\agents\gradle-instrumentation-agent-8.14.jar path:C:\Users\LENOVO\.antigravity-ide\extensions\redhat.java-1.56.0-win32-x64\jre\21.0.12.1-win32-x86_64\bin\instrument.dll, loaded, initialized, instrumentlib options:none

dbghelp: loaded successfully - version: 4.0.5 - missing functions: none
symbol engine: initialized successfully - sym options: 0x614 - pdb path: .;C:\Users\LENOVO\.antigravity-ide\extensions\redhat.java-1.56.0-win32-x64\jre\21.0.12.1-win32-x86_64\bin;C:\WINDOWS\SYSTEM32;C:\WINDOWS\WinSxS\amd64_microsoft.windows.common-controls_6595b64144ccf1df_6.0.26100.9278_none_3e0d1ba8e3303201;C:\Users\LENOVO\.antigravity-ide\extensions\redhat.java-1.56.0-win32-x64\jre\21.0.12.1-win32-x86_64\bin\server;C:\Users\LENOVO\.gradle\native\1def1411415f61bf3af743bc5b6707747c0891f09f0c88961ee8f79bc544acac\windows-amd64;C:\Users\LENOVO\.gradle\native\0.2.7\x86_64-windows-gnu

VM Arguments:
jvm_args: --add-opens=java.base/java.lang=ALL-UNNAMED --add-opens=java.base/java.lang.invoke=ALL-UNNAMED --add-opens=java.base/java.util=ALL-UNNAMED --add-opens=java.prefs/java.util.prefs=ALL-UNNAMED --add-exports=jdk.compiler/com.sun.tools.javac.api=ALL-UNNAMED --add-exports=jdk.compiler/com.sun.tools.javac.util=ALL-UNNAMED --add-opens=java.base/java.util=ALL-UNNAMED --add-opens=java.prefs/java.util.prefs=ALL-UNNAMED --add-opens=java.base/java.nio.charset=ALL-UNNAMED --add-opens=java.base/java.net=ALL-UNNAMED --add-opens=java.base/java.util.concurrent.atomic=ALL-UNNAMED --add-opens=java.xml/javax.xml.namespace=ALL-UNNAMED -Xmx1024m -Dfile.encoding=UTF-8 -Duser.country=US -Duser.language=en -Duser.variant -javaagent:C:\Users\LENOVO\.gradle\wrapper\dists\gradle-8.14-bin\38aieal9i53h9rfe7vjup95b9\gradle-8.14\lib\agents\gradle-instrumentation-agent-8.14.jar 
java_command: org.gradle.launcher.daemon.bootstrap.GradleDaemon 8.14
java_class_path (initial): C:\Users\LENOVO\.gradle\wrapper\dists\gradle-8.14-bin\38aieal9i53h9rfe7vjup95b9\gradle-8.14\lib\gradle-daemon-main-8.14.jar
Launcher Type: SUN_STANDARD

[Global flags]
     intx CICompilerCount                          = 4                                         {product} {ergonomic}
     uint ConcGCThreads                            = 2                                         {product} {ergonomic}
     uint G1ConcRefinementThreads                  = 8                                         {product} {ergonomic}
   size_t G1HeapRegionSize                         = 1048576                                   {product} {ergonomic}
    uintx GCDrainStackTargetSize                   = 64                                        {product} {ergonomic}
   size_t InitialHeapSize                          = 98566144                                  {product} {ergonomic}
   size_t MarkStackSize                            = 4194304                                   {product} {ergonomic}
   size_t MaxHeapSize                              = 1073741824                                {product} {command line}
   size_t MaxNewSize                               = 643825664                                 {product} {ergonomic}
   size_t MinHeapDeltaBytes                        = 1048576                                   {product} {ergonomic}
   size_t MinHeapSize                              = 8388608                                   {product} {ergonomic}
    uintx NonNMethodCodeHeapSize                   = 5839372                                {pd product} {ergonomic}
    uintx NonProfiledCodeHeapSize                  = 122909434                              {pd product} {ergonomic}
    uintx ProfiledCodeHeapSize                     = 122909434                              {pd product} {ergonomic}
    uintx ReservedCodeCacheSize                    = 251658240                              {pd product} {ergonomic}
     bool SegmentedCodeCache                       = true                                      {product} {ergonomic}
   size_t SoftMaxHeapSize                          = 1073741824                             {manageable} {ergonomic}
     bool UseCompressedOops                        = true                           {product lp64_product} {ergonomic}
     bool UseG1GC                                  = true                                      {product} {ergonomic}
     bool UseLargePagesIndividualAllocation        = false                                  {pd product} {ergonomic}

Logging:
Log output configuration:
 #0: stdout all=warning uptime,level,tags foldmultilines=false
 #1: stderr all=off uptime,level,tags foldmultilines=false

Release file:
JAVA_VERSION="21.0.12.1" 
MODULES="java.base java.compiler java.datatransfer java.xml java.prefs java.desktop java.instrument java.logging java.management java.security.sasl java.naming java.rmi java.management.rmi java.net.http java.scripting java.security.jgss java.transaction.xa java.sql java.sql.rowset java.xml.crypto java.se java.smartcardio jdk.accessibility jdk.internal.jvmstat jdk.attach jdk.charsets jdk.internal.opt jdk.zipfs jdk.compiler jdk.crypto.ec jdk.crypto.cryptoki jdk.crypto.mscapi jdk.dynalink jdk.internal.ed jdk.editpad jdk.hotspot.agent jdk.httpserver jdk.internal.le jdk.internal.vm.ci jdk.internal.vm.compiler jdk.internal.vm.compiler.management jdk.jartool jdk.javadoc jdk.jcmd jdk.management jdk.management.agent jdk.jconsole jdk.jdeps jdk.jdwp.agent jdk.jdi jdk.jfr jdk.jshell jdk.jsobject jdk.jstatd jdk.localedata jdk.management.jfr jdk.naming.dns jdk.naming.rmi jdk.net jdk.nio.mapmode jdk.random jdk.sctp jdk.security.auth jdk.security.jgss jdk.unsupported jdk.unsupported.desktop jdk.xml.dom" 

Environment Variables:
JAVA_HOME=C:\Program Files\Android\Android Studio\jbr
PATH=C:\WINDOWS\system32;C:\WINDOWS;C:\WINDOWS\System32\Wbem;C:\WINDOWS\System32\WindowsPowerShell\v1.0\;C:\WINDOWS\System32\OpenSSH\;C:\Program Files\Docker\Docker\resources\bin;C:\Program Files\nodejs\;C:\Program Files\Git\cmd;C:\Users\LENOVO\AppData\Local\Programs\Python\Python312\Scripts\;C:\Users\LENOVO\AppData\Local\Programs\Python\Python312\;C:\Users\LENOVO\AppData\Local\Programs\Python\Launcher\;C:\Users\LENOVO\AppData\Local\Programs\Python\Python314\Scripts\;C:\Users\LENOVO\AppData\Local\Programs\Python\Python314\;C:\Users\LENOVO\AppData\Local\Microsoft\WindowsApps;C:\Users\LENOVO\AppData\Local\Programs\Antigravity\bin;C:\Users\LENOVO\AppData\Roaming\npm;C:\ScrcpyLauncher by praveen;C:\Users\LENOVO\AppData\Local\PowerToys\DSCModules\;C:\Users\LENOVO\AppData\Local\Programs\Antigravity IDE\bin
USERNAME=LENOVO
OS=Windows_NT
PROCESSOR_IDENTIFIER=AMD64 Family 23 Model 160 Stepping 0, AuthenticAMD
TMP=C:\Users\LENOVO\AppData\Local\Temp
TEMP=C:\Users\LENOVO\AppData\Local\Temp




Periodic native trim disabled

---------------  S Y S T E M  ---------------

OS:
 Windows 11 , 64 bit Build 26100 (10.0.26100.9444)
OS uptime: 3 days 17:48 hours
Hyper-V role detected

CPU: total 8 (initial active 8) (8 cores per cpu, 2 threads per core) family 23 model 160 stepping 0 microcode 0x8a0000a, cx8, cmov, fxsr, ht, mmx, 3dnowpref, sse, sse2, sse3, ssse3, sse4a, sse4.1, sse4.2, popcnt, lzcnt, tsc, tscinvbit, avx, avx2, aes, clmul, bmi1, bmi2, adx, sha, fma, vzeroupper, clflush, clflushopt, hv, rdtscp, rdpid, f16c
Processor Information for the first 8 processors :
  Max Mhz: 2401, Current Mhz: 2401, Mhz Limit: 2401

Memory: 4k page, system-wide physical 5965M (180M free)
TotalPageFile size 24397M (AvailPageFile size 4M)
current process WorkingSet (physical memory assigned to process): 219M, peak: 220M
current process commit charge ("private bytes"): 299M, peak: 301M

vm_info: OpenJDK 64-Bit Server VM (21.0.12.1+1-LTS) for windows-amd64 JRE (21.0.12.1+1-LTS), built on 2026-08-18T00:00:00Z by "admin" with MS VC++ 17.12 (VS2022)

END.
