#
# There is insufficient memory for the Java Runtime Environment to continue.
# Native memory allocation (malloc) failed to allocate 32744 bytes. Error detail: Chunk::new
# Possible reasons:
#   The system is out of physical RAM or swap space
#   This process is running with CompressedOops enabled, and the Java Heap may be blocking the growth of the native heap
# Possible solutions:
#   Reduce memory load on the system
#   Increase physical memory or swap space
#   Check if swap backing store is full
#   Decrease Java heap size (-Xmx/-Xms)
#   Decrease number of Java threads
#   Decrease Java thread stack sizes (-Xss)
#   Set larger code cache with -XX:ReservedCodeCacheSize=
#   JVM is running with Unscaled Compressed Oops mode in which the Java heap is
#     placed in the first 4GB address space. The Java Heap base address is the
#     maximum limit for the native heap growth. Please use -XX:HeapBaseMinAddress
#     to set the Java Heap base and to place the Java Heap above 4GB virtual address.
# This output file may be truncated or incomplete.
#
#  Out of Memory Error (arena.cpp:168), pid=26580, tid=12524
#
# JRE version: OpenJDK Runtime Environment Temurin-21.0.12.1+1 (21.0.12.1+1) (build 21.0.12.1+1-LTS)
# Java VM: OpenJDK 64-Bit Server VM Temurin-21.0.12.1+1 (21.0.12.1+1-LTS, mixed mode, sharing, tiered, compressed oops, compressed class ptrs, g1 gc, windows-amd64)
# No core dump will be written. Minidumps are not enabled by default on client versions of Windows
#

---------------  S U M M A R Y ------------

Command Line: --add-opens=java.base/java.lang=ALL-UNNAMED --add-opens=java.base/java.lang.invoke=ALL-UNNAMED --add-opens=java.base/java.util=ALL-UNNAMED --add-opens=java.prefs/java.util.prefs=ALL-UNNAMED --add-exports=jdk.compiler/com.sun.tools.javac.api=ALL-UNNAMED --add-exports=jdk.compiler/com.sun.tools.javac.util=ALL-UNNAMED --add-opens=java.base/java.util=ALL-UNNAMED --add-opens=java.prefs/java.util.prefs=ALL-UNNAMED --add-opens=java.base/java.nio.charset=ALL-UNNAMED --add-opens=java.base/java.net=ALL-UNNAMED --add-opens=java.base/java.util.concurrent.atomic=ALL-UNNAMED --add-opens=java.xml/javax.xml.namespace=ALL-UNNAMED -Xmx1024m -Dfile.encoding=UTF-8 -Duser.country=US -Duser.language=en -Duser.variant -javaagent:C:\Users\LENOVO\.gradle\wrapper\dists\gradle-8.14-bin\38aieal9i53h9rfe7vjup95b9\gradle-8.14\lib\agents\gradle-instrumentation-agent-8.14.jar org.gradle.launcher.daemon.bootstrap.GradleDaemon 8.14

Host: AMD Ryzen 3 7320U with Radeon Graphics         , 8 cores, 5G,  Windows 11 , 64 bit Build 26100 (10.0.26100.9444)
Time: Thu Oct  8 16:58:23 2026 Nepal Standard Time elapsed time: 425.710268 seconds (0d 0h 7m 5s)

---------------  T H R E A D  ---------------

Current thread (0x000001a87b8d20e0):  JavaThread "C2 CompilerThread0" daemon [_thread_in_native, id=12524, stack(0x00000016afe00000,0x00000016aff00000) (1024K)]


Current CompileTask:
C2:425710 9626   !   4       jdk.internal.loader.Resource::getBytes (244 bytes)

Stack: [0x00000016afe00000,0x00000016aff00000]
Native frames: (J=compiled Java code, j=interpreted, Vv=VM code, C=native code)
V  [jvm.dll+0x6d83e9]
V  [jvm.dll+0x8b5736]
V  [jvm.dll+0x8b7cee]
V  [jvm.dll+0x8b83d3]
V  [jvm.dll+0x284596]
V  [jvm.dll+0xc685d]
V  [jvm.dll+0xc6da1]
V  [jvm.dll+0xc6985]
V  [jvm.dll+0x89f18c]
V  [jvm.dll+0x60502c]
V  [jvm.dll+0x600238]
V  [jvm.dll+0x5ffffd]
V  [jvm.dll+0x5ff168]
V  [jvm.dll+0x255d67]
V  [jvm.dll+0x24ddab]
V  [jvm.dll+0x24bbe6]
V  [jvm.dll+0x1cb4ae]
V  [jvm.dll+0x25baad]
V  [jvm.dll+0x25a03a]
V  [jvm.dll+0x3f8aae]
V  [jvm.dll+0x8600cd]
V  [jvm.dll+0x6d6c1d]
C  [ucrtbase.dll+0x2cd30]
C  [KERNEL32.DLL+0x2cd87]
C  [ntdll.dll+0xacaec]


---------------  P R O C E S S  ---------------

Threads class SMR info:
_java_thread_list=0x000001a8474fd9d0, length=75, elements={
0x000001a8656a23c0, 0x000001a87b8ca520, 0x000001a87b8cbca0, 0x000001a87b8cc700,
0x000001a87b8cfe90, 0x000001a87b8d08f0, 0x000001a87b8d1350, 0x000001a87b8d20e0,
0x000001a87b93d4a0, 0x000001a845126b40, 0x000001a8451813d0, 0x000001a84541e8e0,
0x000001a8454b2340, 0x000001a8450734c0, 0x000001a846532900, 0x000001a846532f70,
0x000001a8468761c0, 0x000001a846876850, 0x000001a846875b30, 0x000001a846876ee0,
0x000001a846878fb0, 0x000001a846877570, 0x000001a846877c00, 0x000001a846878290,
0x000001a846878920, 0x000001a8464652b0, 0x000001a846465940, 0x000001a846465fd0,
0x000001a846466cf0, 0x000001a846463870, 0x000001a846467380, 0x000001a846463f00,
0x000001a846467a10, 0x000001a846464590, 0x000001a846469450, 0x000001a84646a800,
0x000001a84646ae90, 0x000001a848658ac0, 0x000001a8486597e0, 0x000001a848659150,
0x000001a848659e70, 0x000001a84865a500, 0x000001a848657080, 0x000001a84865ab90,
0x000001a848657710, 0x000001a84865b220, 0x000001a848657da0, 0x000001a84865b8b0,
0x000001a848658430, 0x000001a84865d980, 0x000001a84865e010, 0x000001a84865cc60,
0x000001a84865c5d0, 0x000001a84865d2f0, 0x000001a84865e6a0, 0x000001a84865bf40,
0x000001a848ca8890, 0x000001a848ca7b70, 0x000001a848ca6130, 0x000001a848ca8f20,
0x000001a848ca5aa0, 0x000001a848ca95b0, 0x000001a848ca9c40, 0x000001a848ca67c0,
0x000001a848ca6e50, 0x000001a848caa2d0, 0x000001a848caa960, 0x000001a848ca74e0,
0x000001a848cac3a0, 0x000001a848caaff0, 0x000001a848cab680, 0x000001a848caca30,
0x000001a848cabd10, 0x000001a848cad0c0, 0x000001a84914a040
}

Java Threads: ( => current thread )
  0x000001a8656a23c0 JavaThread "main"                              [_thread_blocked, id=22560, stack(0x00000016aef00000,0x00000016af000000) (1024K)]
  0x000001a87b8ca520 JavaThread "Reference Handler"          daemon [_thread_blocked, id=25572, stack(0x00000016af800000,0x00000016af900000) (1024K)]
  0x000001a87b8cbca0 JavaThread "Finalizer"                  daemon [_thread_blocked, id=25424, stack(0x00000016af900000,0x00000016afa00000) (1024K)]
  0x000001a87b8cc700 JavaThread "Signal Dispatcher"          daemon [_thread_blocked, id=25552, stack(0x00000016afa00000,0x00000016afb00000) (1024K)]
  0x000001a87b8cfe90 JavaThread "Attach Listener"            daemon [_thread_blocked, id=23608, stack(0x00000016afb00000,0x00000016afc00000) (1024K)]
  0x000001a87b8d08f0 JavaThread "Service Thread"             daemon [_thread_blocked, id=17004, stack(0x00000016afc00000,0x00000016afd00000) (1024K)]
  0x000001a87b8d1350 JavaThread "Monitor Deflation Thread"   daemon [_thread_blocked, id=22720, stack(0x00000016afd00000,0x00000016afe00000) (1024K)]
=>0x000001a87b8d20e0 JavaThread "C2 CompilerThread0"         daemon [_thread_in_native, id=12524, stack(0x00000016afe00000,0x00000016aff00000) (1024K)]
  0x000001a87b93d4a0 JavaThread "C1 CompilerThread0"         daemon [_thread_blocked, id=25772, stack(0x00000016aff00000,0x00000016b0000000) (1024K)]
  0x000001a845126b40 JavaThread "Common-Cleaner"             daemon [_thread_blocked, id=5984, stack(0x00000016b0000000,0x00000016b0100000) (1024K)]
  0x000001a8451813d0 JavaThread "Notification Thread"        daemon [_thread_blocked, id=26072, stack(0x00000016b0100000,0x00000016b0200000) (1024K)]
  0x000001a84541e8e0 JavaThread "Daemon health stats"               [_thread_blocked, id=24780, stack(0x00000016b0600000,0x00000016b0700000) (1024K)]
  0x000001a8454b2340 JavaThread "Incoming local TCP Connector on port 4298"        [_thread_in_native, id=10144, stack(0x00000016b0700000,0x00000016b0800000) (1024K)]
  0x000001a8450734c0 JavaThread "Daemon periodic checks"            [_thread_blocked, id=13104, stack(0x00000016b0800000,0x00000016b0900000) (1024K)]
  0x000001a846532900 JavaThread "Daemon"                            [_thread_blocked, id=24368, stack(0x00000016b0900000,0x00000016b0a00000) (1024K)]
  0x000001a846532f70 JavaThread "Handler for socket connection from /127.0.0.1:4298 to /127.0.0.1:4299"        [_thread_in_native, id=22640, stack(0x00000016b0a00000,0x00000016b0b00000) (1024K)]
  0x000001a8468761c0 JavaThread "Cancel handler"                    [_thread_blocked, id=24700, stack(0x00000016b0b00000,0x00000016b0c00000) (1024K)]
  0x000001a846876850 JavaThread "Daemon worker"                     [_thread_in_vm, id=10428, stack(0x00000016b0c00000,0x00000016b0d00000) (1024K)]
  0x000001a846875b30 JavaThread "Asynchronous log dispatcher for DefaultDaemonConnection: socket connection from /127.0.0.1:4298 to /127.0.0.1:4299"        [_thread_blocked, id=18196, stack(0x00000016b0d00000,0x00000016b0e00000) (1024K)]
  0x000001a846876ee0 JavaThread "Stdin handler"                     [_thread_blocked, id=14788, stack(0x00000016b0e00000,0x00000016b0f00000) (1024K)]
  0x000001a846878fb0 JavaThread "Daemon client event forwarder"        [_thread_blocked, id=25352, stack(0x00000016b0f00000,0x00000016b1000000) (1024K)]
  0x000001a846877570 JavaThread "Cache worker for journal cache (C:\Users\LENOVO\.gradle\caches\journal-1)"        [_thread_blocked, id=18752, stack(0x00000016b1300000,0x00000016b1400000) (1024K)]
  0x000001a846877c00 JavaThread "File lock request listener"        [_thread_in_native, id=21868, stack(0x00000016b1400000,0x00000016b1500000) (1024K)]
  0x000001a846878290 JavaThread "File lock release action executor"        [_thread_blocked, id=13280, stack(0x00000016b1500000,0x00000016b1600000) (1024K)]
  0x000001a846878920 JavaThread "Cache worker for file hash cache (C:\Users\LENOVO\.gradle\caches\8.14\fileHashes)"        [_thread_blocked, id=15148, stack(0x00000016b1600000,0x00000016b1700000) (1024K)]
  0x000001a8464652b0 JavaThread "Cache worker for file hash cache (C:\Users\LENOVO\Desktop\HeliBoard-main\.gradle\8.14\fileHashes)"        [_thread_blocked, id=24372, stack(0x00000016b1800000,0x00000016b1900000) (1024K)]
  0x000001a846465940 JavaThread "Cache worker for Build Output Cleanup Cache (C:\Users\LENOVO\Desktop\HeliBoard-main\.gradle\buildOutputCleanup)"        [_thread_blocked, id=23424, stack(0x00000016b1900000,0x00000016b1a00000) (1024K)]
  0x000001a846465fd0 JavaThread "File watcher server"        daemon [_thread_in_native, id=15248, stack(0x00000016aee00000,0x00000016aef00000) (1024K)]
  0x000001a846466cf0 JavaThread "File watcher consumer"      daemon [_thread_blocked, id=5412, stack(0x00000016af000000,0x00000016af100000) (1024K)]
  0x000001a846463870 JavaThread "jar transforms"                    [_thread_blocked, id=2228, stack(0x00000016b1a00000,0x00000016b1b00000) (1024K)]
  0x000001a846467380 JavaThread "jar transforms Thread 2"           [_thread_blocked, id=25068, stack(0x00000016b1b00000,0x00000016b1c00000) (1024K)]
  0x000001a846463f00 JavaThread "Cache worker for checksums cache (C:\Users\LENOVO\Desktop\HeliBoard-main\.gradle\8.14\checksums)"        [_thread_blocked, id=20272, stack(0x00000016b1c00000,0x00000016b1d00000) (1024K)]
  0x000001a846467a10 JavaThread "Cache worker for file content cache (C:\Users\LENOVO\.gradle\caches\8.14\fileContent)"        [_thread_blocked, id=24816, stack(0x00000016b1d00000,0x00000016b1e00000) (1024K)]
  0x000001a846464590 JavaThread "Cache worker for cache directory md-supplier (C:\Users\LENOVO\.gradle\caches\8.14\md-supplier)"        [_thread_blocked, id=19268, stack(0x00000016b1e00000,0x00000016b1f00000) (1024K)]
  0x000001a846469450 JavaThread "Cache worker for cache directory md-rule (C:\Users\LENOVO\.gradle\caches\8.14\md-rule)"        [_thread_blocked, id=25636, stack(0x00000016b1f00000,0x00000016b2000000) (1024K)]
  0x000001a84646a800 JavaThread "Unconstrained build operations"        [_thread_blocked, id=26752, stack(0x00000016b2000000,0x00000016b2100000) (1024K)]
  0x000001a84646ae90 JavaThread "Unconstrained build operations Thread 2"        [_thread_blocked, id=26772, stack(0x00000016b2100000,0x00000016b2200000) (1024K)]
  0x000001a848658ac0 JavaThread "Unconstrained build operations Thread 3"        [_thread_blocked, id=26776, stack(0x00000016b2200000,0x00000016b2300000) (1024K)]
  0x000001a8486597e0 JavaThread "Unconstrained build operations Thread 4"        [_thread_blocked, id=26780, stack(0x00000016b2300000,0x00000016b2400000) (1024K)]
  0x000001a848659150 JavaThread "Unconstrained build operations Thread 5"        [_thread_blocked, id=26784, stack(0x00000016b2400000,0x00000016b2500000) (1024K)]
  0x000001a848659e70 JavaThread "Unconstrained build operations Thread 6"        [_thread_blocked, id=26788, stack(0x00000016b2500000,0x00000016b2600000) (1024K)]
  0x000001a84865a500 JavaThread "Unconstrained build operations Thread 7"        [_thread_blocked, id=26792, stack(0x00000016b2600000,0x00000016b2700000) (1024K)]
  0x000001a848657080 JavaThread "Unconstrained build operations Thread 8"        [_thread_blocked, id=6920, stack(0x00000016b2700000,0x00000016b2800000) (1024K)]
  0x000001a84865ab90 JavaThread "Unconstrained build operations Thread 9"        [_thread_blocked, id=1644, stack(0x00000016b2800000,0x00000016b2900000) (1024K)]
  0x000001a848657710 JavaThread "Unconstrained build operations Thread 10"        [_thread_blocked, id=18524, stack(0x00000016b2900000,0x00000016b2a00000) (1024K)]
  0x000001a84865b220 JavaThread "Unconstrained build operations Thread 11"        [_thread_blocked, id=24136, stack(0x00000016b2a00000,0x00000016b2b00000) (1024K)]
  0x000001a848657da0 JavaThread "Unconstrained build operations Thread 12"        [_thread_blocked, id=23592, stack(0x00000016b2b00000,0x00000016b2c00000) (1024K)]
  0x000001a84865b8b0 JavaThread "Unconstrained build operations Thread 13"        [_thread_blocked, id=25420, stack(0x00000016b2c00000,0x00000016b2d00000) (1024K)]
  0x000001a848658430 JavaThread "Unconstrained build operations Thread 14"        [_thread_blocked, id=17948, stack(0x00000016b2d00000,0x00000016b2e00000) (1024K)]
  0x000001a84865d980 JavaThread "Unconstrained build operations Thread 15"        [_thread_blocked, id=27708, stack(0x00000016b2e00000,0x00000016b2f00000) (1024K)]
  0x000001a84865e010 JavaThread "Unconstrained build operations Thread 16"        [_thread_blocked, id=27712, stack(0x00000016b2f00000,0x00000016b3000000) (1024K)]
  0x000001a84865cc60 JavaThread "Unconstrained build operations Thread 17"        [_thread_blocked, id=27716, stack(0x00000016b3000000,0x00000016b3100000) (1024K)]
  0x000001a84865c5d0 JavaThread "Unconstrained build operations Thread 18"        [_thread_blocked, id=27720, stack(0x00000016b3100000,0x00000016b3200000) (1024K)]
  0x000001a84865d2f0 JavaThread "Unconstrained build operations Thread 19"        [_thread_blocked, id=27724, stack(0x00000016b3200000,0x00000016b3300000) (1024K)]
  0x000001a84865e6a0 JavaThread "Unconstrained build operations Thread 20"        [_thread_blocked, id=27728, stack(0x00000016b3300000,0x00000016b3400000) (1024K)]
  0x000001a84865bf40 JavaThread "Unconstrained build operations Thread 21"        [_thread_blocked, id=27732, stack(0x00000016b3400000,0x00000016b3500000) (1024K)]
  0x000001a848ca8890 JavaThread "Unconstrained build operations Thread 22"        [_thread_blocked, id=28100, stack(0x00000016b3700000,0x00000016b3800000) (1024K)]
  0x000001a848ca7b70 JavaThread "Unconstrained build operations Thread 23"        [_thread_blocked, id=28708, stack(0x00000016b3800000,0x00000016b3900000) (1024K)]
  0x000001a848ca6130 JavaThread "Unconstrained build operations Thread 24"        [_thread_blocked, id=16268, stack(0x00000016b3900000,0x00000016b3a00000) (1024K)]
  0x000001a848ca8f20 JavaThread "Unconstrained build operations Thread 25"        [_thread_blocked, id=29580, stack(0x00000016b3a00000,0x00000016b3b00000) (1024K)]
  0x000001a848ca5aa0 JavaThread "Unconstrained build operations Thread 26"        [_thread_blocked, id=16524, stack(0x00000016b3b00000,0x00000016b3c00000) (1024K)]
  0x000001a848ca95b0 JavaThread "Unconstrained build operations Thread 27"        [_thread_blocked, id=14008, stack(0x00000016b3c00000,0x00000016b3d00000) (1024K)]
  0x000001a848ca9c40 JavaThread "Unconstrained build operations Thread 28"        [_thread_blocked, id=1396, stack(0x00000016b3d00000,0x00000016b3e00000) (1024K)]
  0x000001a848ca67c0 JavaThread "Unconstrained build operations Thread 29"        [_thread_blocked, id=5516, stack(0x00000016b3600000,0x00000016b3700000) (1024K)]
  0x000001a848ca6e50 JavaThread "Unconstrained build operations Thread 30"        [_thread_blocked, id=23732, stack(0x00000016b3e00000,0x00000016b3f00000) (1024K)]
  0x000001a848caa2d0 JavaThread "Unconstrained build operations Thread 31"        [_thread_blocked, id=27580, stack(0x00000016b3f00000,0x00000016b4000000) (1024K)]
  0x000001a848caa960 JavaThread "Unconstrained build operations Thread 32"        [_thread_blocked, id=22032, stack(0x00000016b4000000,0x00000016b4100000) (1024K)]
  0x000001a848ca74e0 JavaThread "Unconstrained build operations Thread 33"        [_thread_blocked, id=28892, stack(0x00000016b4100000,0x00000016b4200000) (1024K)]
  0x000001a848cac3a0 JavaThread "Unconstrained build operations Thread 34"        [_thread_blocked, id=28940, stack(0x00000016b4200000,0x00000016b4300000) (1024K)]
  0x000001a848caaff0 JavaThread "Unconstrained build operations Thread 35"        [_thread_blocked, id=26588, stack(0x00000016b4300000,0x00000016b4400000) (1024K)]
  0x000001a848cab680 JavaThread "Unconstrained build operations Thread 36"        [_thread_blocked, id=21936, stack(0x00000016b4400000,0x00000016b4500000) (1024K)]
  0x000001a848caca30 JavaThread "Unconstrained build operations Thread 37"        [_thread_blocked, id=28112, stack(0x00000016b4500000,0x00000016b4600000) (1024K)]
  0x000001a848cabd10 JavaThread "Unconstrained build operations Thread 38"        [_thread_blocked, id=28192, stack(0x00000016b4600000,0x00000016b4700000) (1024K)]
  0x000001a848cad0c0 JavaThread "Unconstrained build operations Thread 39"        [_thread_blocked, id=26016, stack(0x00000016b4700000,0x00000016b4800000) (1024K)]
  0x000001a84914a040 JavaThread "Memory manager"                    [_thread_blocked, id=25044, stack(0x00000016b4800000,0x00000016b4900000) (1024K)]
Total: 75

Other Threads:
  0x000001a87b8aac20 VMThread "VM Thread"                           [id=26416, stack(0x00000016af700000,0x00000016af800000) (1024K)]
  0x000001a87b899380 WatcherThread "VM Periodic Task Thread"        [id=24660, stack(0x00000016af600000,0x00000016af700000) (1024K)]
  0x000001a8656da980 WorkerThread "GC Thread#0"                     [id=18952, stack(0x00000016af100000,0x00000016af200000) (1024K)]
  0x000001a84527b000 WorkerThread "GC Thread#1"                     [id=20100, stack(0x00000016b0200000,0x00000016b0300000) (1024K)]
  0x000001a845409460 WorkerThread "GC Thread#2"                     [id=23128, stack(0x00000016b0300000,0x00000016b0400000) (1024K)]
  0x000001a845409810 WorkerThread "GC Thread#3"                     [id=19544, stack(0x00000016b0400000,0x00000016b0500000) (1024K)]
  0x000001a845463820 WorkerThread "GC Thread#4"                     [id=6968, stack(0x00000016b0500000,0x00000016b0600000) (1024K)]
  0x000001a8465a7a90 WorkerThread "GC Thread#5"                     [id=23524, stack(0x00000016b1000000,0x00000016b1100000) (1024K)]
  0x000001a8465a81f0 WorkerThread "GC Thread#6"                     [id=23988, stack(0x00000016b1100000,0x00000016b1200000) (1024K)]
  0x000001a8465a7e40 WorkerThread "GC Thread#7"                     [id=24128, stack(0x00000016b1200000,0x00000016b1300000) (1024K)]
  0x000001a8656e1960 ConcurrentGCThread "G1 Main Marker"            [id=23436, stack(0x00000016af200000,0x00000016af300000) (1024K)]
  0x000001a86320d510 WorkerThread "G1 Conc#0"                       [id=20036, stack(0x00000016af300000,0x00000016af400000) (1024K)]
  0x000001a8487e3690 WorkerThread "G1 Conc#1"                       [id=23220, stack(0x00000016b1700000,0x00000016b1800000) (1024K)]
  0x000001a87b7710a0 ConcurrentGCThread "G1 Refine#0"               [id=24056, stack(0x00000016af400000,0x00000016af500000) (1024K)]
  0x000001a87b771b20 ConcurrentGCThread "G1 Service"                [id=25340, stack(0x00000016af500000,0x00000016af600000) (1024K)]
Total: 15

Threads with active compile tasks:
C2 CompilerThread0  425788 9626   !   4       jdk.internal.loader.Resource::getBytes (244 bytes)
Total: 1

VM state: not at safepoint (normal execution)

VM Mutex/Monitor currently owned by a thread: None

Heap address: 0x00000000c0000000, size: 1024 MB, Compressed Oops mode: 32-bit

CDS archive(s) mapped at: [0x000001a800000000-0x000001a800ba0000-0x000001a800ba0000), size 12189696, SharedBaseAddress: 0x000001a800000000, ArchiveRelocationMode: 1.
Compressed class space mapped at: 0x000001a801000000-0x000001a841000000, reserved size: 1073741824
Narrow klass base: 0x000001a800000000, Narrow klass shift: 0, Narrow klass range: 0x100000000

GC Precious Log:
 CardTable entry size: 512
 Card Set container configuration: InlinePtr #cards 5 size 8 Array Of Cards #cards 12 size 40 Howl #buckets 4 coarsen threshold 1843 Howl Bitmap #cards 512 size 80 coarsen threshold 460 Card regions per heap region 1 cards per card region 2048
 CPUs: 8 total, 8 available
 Memory: 5965M
 Large Page Support: Disabled
 NUMA Support: Disabled
 Compressed Oops: Enabled (32-bit)
 Heap Region Size: 1M
 Heap Min Capacity: 8M
 Heap Initial Capacity: 94M
 Heap Max Capacity: 1G
 Pre-touch: Disabled
 Parallel Workers: 8
 Concurrent Workers: 2
 Concurrent Refinement Workers: 8
 Periodic GC: Disabled

Heap:
 garbage-first heap   total 121856K, used 89187K [0x00000000c0000000, 0x0000000100000000)
  region size 1024K, 18 young (18432K), 5 survivors (5120K)
 Metaspace       used 64560K, committed 66432K, reserved 1114112K
  class space    used 9084K, committed 9984K, reserved 1048576K

Heap Regions: E=young(eden), S=young(survivor), O=old, HS=humongous(starts), HC=humongous(continues), CS=collection set, F=free, TAMS=top-at-mark-start, PB=parsable bottom
|   0|0x00000000c0000000, 0x00000000c0100000, 0x00000000c0100000|100%|HS|  |TAMS 0x00000000c0000000| PB 0x00000000c0000000| Complete 
|   1|0x00000000c0100000, 0x00000000c0200000, 0x00000000c0200000|100%|HC|  |TAMS 0x00000000c0100000| PB 0x00000000c0100000| Complete 
|   2|0x00000000c0200000, 0x00000000c0300000, 0x00000000c0300000|100%|HC|  |TAMS 0x00000000c0200000| PB 0x00000000c0200000| Complete 
|   3|0x00000000c0300000, 0x00000000c0400000, 0x00000000c0400000|100%| O|  |TAMS 0x00000000c0300000| PB 0x00000000c0300000| Untracked 
|   4|0x00000000c0400000, 0x00000000c0500000, 0x00000000c0500000|100%| O|  |TAMS 0x00000000c0400000| PB 0x00000000c0400000| Untracked 
|   5|0x00000000c0500000, 0x00000000c0600000, 0x00000000c0600000|100%| O|  |TAMS 0x00000000c0500000| PB 0x00000000c0500000| Untracked 
|   6|0x00000000c0600000, 0x00000000c0700000, 0x00000000c0700000|100%|HS|  |TAMS 0x00000000c0600000| PB 0x00000000c0600000| Complete 
|   7|0x00000000c0700000, 0x00000000c0800000, 0x00000000c0800000|100%| O|  |TAMS 0x00000000c0700000| PB 0x00000000c0700000| Untracked 
|   8|0x00000000c0800000, 0x00000000c0900000, 0x00000000c0900000|100%| O|  |TAMS 0x00000000c0800000| PB 0x00000000c0800000| Untracked 
|   9|0x00000000c0900000, 0x00000000c0a00000, 0x00000000c0a00000|100%| O|  |TAMS 0x00000000c0900000| PB 0x00000000c0900000| Untracked 
|  10|0x00000000c0a00000, 0x00000000c0b00000, 0x00000000c0b00000|100%| O|  |TAMS 0x00000000c0a00000| PB 0x00000000c0a00000| Untracked 
|  11|0x00000000c0b00000, 0x00000000c0c00000, 0x00000000c0c00000|100%| O|  |TAMS 0x00000000c0b00000| PB 0x00000000c0b00000| Untracked 
|  12|0x00000000c0c00000, 0x00000000c0d00000, 0x00000000c0d00000|100%| O|  |TAMS 0x00000000c0c00000| PB 0x00000000c0c00000| Untracked 
|  13|0x00000000c0d00000, 0x00000000c0e00000, 0x00000000c0e00000|100%| O|  |TAMS 0x00000000c0d00000| PB 0x00000000c0d00000| Untracked 
|  14|0x00000000c0e00000, 0x00000000c0f00000, 0x00000000c0f00000|100%| O|  |TAMS 0x00000000c0e00000| PB 0x00000000c0e00000| Untracked 
|  15|0x00000000c0f00000, 0x00000000c1000000, 0x00000000c1000000|100%| O|  |TAMS 0x00000000c0f00000| PB 0x00000000c0f00000| Untracked 
|  16|0x00000000c1000000, 0x00000000c1100000, 0x00000000c1100000|100%| O|  |TAMS 0x00000000c1000000| PB 0x00000000c1000000| Untracked 
|  17|0x00000000c1100000, 0x00000000c1200000, 0x00000000c1200000|100%| O|  |TAMS 0x00000000c1100000| PB 0x00000000c1100000| Untracked 
|  18|0x00000000c1200000, 0x00000000c1300000, 0x00000000c1300000|100%| O|  |TAMS 0x00000000c1200000| PB 0x00000000c1200000| Untracked 
|  19|0x00000000c1300000, 0x00000000c1400000, 0x00000000c1400000|100%| O|  |TAMS 0x00000000c1300000| PB 0x00000000c1300000| Untracked 
|  20|0x00000000c1400000, 0x00000000c14e7360, 0x00000000c1500000| 90%| O|Cm|TAMS 0x00000000c1400000| PB 0x00000000c1400000| Complete 
|  21|0x00000000c1500000, 0x00000000c1600000, 0x00000000c1600000|100%| O|  |TAMS 0x00000000c1500000| PB 0x00000000c1500000| Untracked 
|  22|0x00000000c1600000, 0x00000000c1700000, 0x00000000c1700000|100%| O|  |TAMS 0x00000000c1600000| PB 0x00000000c1600000| Untracked 
|  23|0x00000000c1700000, 0x00000000c1800000, 0x00000000c1800000|100%| O|  |TAMS 0x00000000c1700000| PB 0x00000000c1700000| Untracked 
|  24|0x00000000c1800000, 0x00000000c1900000, 0x00000000c1900000|100%| O|  |TAMS 0x00000000c1800000| PB 0x00000000c1800000| Untracked 
|  25|0x00000000c1900000, 0x00000000c1a00000, 0x00000000c1a00000|100%| O|  |TAMS 0x00000000c1900000| PB 0x00000000c1900000| Untracked 
|  26|0x00000000c1a00000, 0x00000000c1b00000, 0x00000000c1b00000|100%| O|  |TAMS 0x00000000c1a00000| PB 0x00000000c1a00000| Untracked 
|  27|0x00000000c1b00000, 0x00000000c1c00000, 0x00000000c1c00000|100%| O|  |TAMS 0x00000000c1b00000| PB 0x00000000c1b00000| Untracked 
|  28|0x00000000c1c00000, 0x00000000c1d00000, 0x00000000c1d00000|100%| O|  |TAMS 0x00000000c1c00000| PB 0x00000000c1c00000| Untracked 
|  29|0x00000000c1d00000, 0x00000000c1e00000, 0x00000000c1e00000|100%| O|  |TAMS 0x00000000c1d00000| PB 0x00000000c1d00000| Untracked 
|  30|0x00000000c1e00000, 0x00000000c1f00000, 0x00000000c1f00000|100%| O|  |TAMS 0x00000000c1e00000| PB 0x00000000c1e00000| Untracked 
|  31|0x00000000c1f00000, 0x00000000c2000000, 0x00000000c2000000|100%| O|  |TAMS 0x00000000c1f00000| PB 0x00000000c1f00000| Untracked 
|  32|0x00000000c2000000, 0x00000000c2100000, 0x00000000c2100000|100%| O|  |TAMS 0x00000000c2000000| PB 0x00000000c2000000| Untracked 
|  33|0x00000000c2100000, 0x00000000c2200000, 0x00000000c2200000|100%| O|  |TAMS 0x00000000c2100000| PB 0x00000000c2100000| Untracked 
|  34|0x00000000c2200000, 0x00000000c2300000, 0x00000000c2300000|100%| O|  |TAMS 0x00000000c2200000| PB 0x00000000c2200000| Untracked 
|  35|0x00000000c2300000, 0x00000000c2400000, 0x00000000c2400000|100%| O|  |TAMS 0x00000000c2300000| PB 0x00000000c2300000| Untracked 
|  36|0x00000000c2400000, 0x00000000c2500000, 0x00000000c2500000|100%| O|  |TAMS 0x00000000c2400000| PB 0x00000000c2400000| Untracked 
|  37|0x00000000c2500000, 0x00000000c2600000, 0x00000000c2600000|100%| O|  |TAMS 0x00000000c2500000| PB 0x00000000c2500000| Untracked 
|  38|0x00000000c2600000, 0x00000000c2700000, 0x00000000c2700000|100%| O|  |TAMS 0x00000000c2600000| PB 0x00000000c2600000| Untracked 
|  39|0x00000000c2700000, 0x00000000c2800000, 0x00000000c2800000|100%| O|  |TAMS 0x00000000c2700000| PB 0x00000000c2700000| Untracked 
|  40|0x00000000c2800000, 0x00000000c2900000, 0x00000000c2900000|100%| O|  |TAMS 0x00000000c2800000| PB 0x00000000c2800000| Untracked 
|  41|0x00000000c2900000, 0x00000000c2a00000, 0x00000000c2a00000|100%| O|  |TAMS 0x00000000c2900000| PB 0x00000000c2900000| Untracked 
|  42|0x00000000c2a00000, 0x00000000c2b00000, 0x00000000c2b00000|100%| O|  |TAMS 0x00000000c2a00000| PB 0x00000000c2a00000| Untracked 
|  43|0x00000000c2b00000, 0x00000000c2c00000, 0x00000000c2c00000|100%| O|  |TAMS 0x00000000c2b00000| PB 0x00000000c2b00000| Untracked 
|  44|0x00000000c2c00000, 0x00000000c2d00000, 0x00000000c2d00000|100%| O|  |TAMS 0x00000000c2c00000| PB 0x00000000c2c00000| Untracked 
|  45|0x00000000c2d00000, 0x00000000c2e00000, 0x00000000c2e00000|100%| O|  |TAMS 0x00000000c2d00000| PB 0x00000000c2d00000| Untracked 
|  46|0x00000000c2e00000, 0x00000000c2f00000, 0x00000000c2f00000|100%|HS|  |TAMS 0x00000000c2e00000| PB 0x00000000c2e00000| Complete 
|  47|0x00000000c2f00000, 0x00000000c3000000, 0x00000000c3000000|100%|HS|  |TAMS 0x00000000c2f00000| PB 0x00000000c2f00000| Complete 
|  48|0x00000000c3000000, 0x00000000c3100000, 0x00000000c3100000|100%|HC|  |TAMS 0x00000000c3000000| PB 0x00000000c3000000| Complete 
|  49|0x00000000c3100000, 0x00000000c3200000, 0x00000000c3200000|100%|HS|  |TAMS 0x00000000c3100000| PB 0x00000000c3100000| Complete 
|  50|0x00000000c3200000, 0x00000000c3300000, 0x00000000c3300000|100%|HS|  |TAMS 0x00000000c3200000| PB 0x00000000c3200000| Complete 
|  51|0x00000000c3300000, 0x00000000c3400000, 0x00000000c3400000|100%| O|  |TAMS 0x00000000c3300000| PB 0x00000000c3300000| Untracked 
|  52|0x00000000c3400000, 0x00000000c3500000, 0x00000000c3500000|100%| O|  |TAMS 0x00000000c3400000| PB 0x00000000c3400000| Untracked 
|  53|0x00000000c3500000, 0x00000000c3600000, 0x00000000c3600000|100%|HS|  |TAMS 0x00000000c3500000| PB 0x00000000c3500000| Complete 
|  54|0x00000000c3600000, 0x00000000c3700000, 0x00000000c3700000|100%|HS|  |TAMS 0x00000000c3600000| PB 0x00000000c3600000| Complete 
|  55|0x00000000c3700000, 0x00000000c3800000, 0x00000000c3800000|100%|HS|  |TAMS 0x00000000c3700000| PB 0x00000000c3700000| Complete 
|  56|0x00000000c3800000, 0x00000000c3900000, 0x00000000c3900000|100%|HS|  |TAMS 0x00000000c3800000| PB 0x00000000c3800000| Complete 
|  57|0x00000000c3900000, 0x00000000c3a00000, 0x00000000c3a00000|100%|HC|  |TAMS 0x00000000c3900000| PB 0x00000000c3900000| Complete 
|  58|0x00000000c3a00000, 0x00000000c3b00000, 0x00000000c3b00000|100%| O|  |TAMS 0x00000000c3a00000| PB 0x00000000c3a00000| Untracked 
|  59|0x00000000c3b00000, 0x00000000c3c00000, 0x00000000c3c00000|100%| O|Cm|TAMS 0x00000000c3b00000| PB 0x00000000c3b00000| Complete 
|  60|0x00000000c3c00000, 0x00000000c3c318b8, 0x00000000c3d00000| 19%| O|  |TAMS 0x00000000c3c00000| PB 0x00000000c3c00000| Untracked 
|  61|0x00000000c3d00000, 0x00000000c3e00000, 0x00000000c3e00000|100%|HS|  |TAMS 0x00000000c3d00000| PB 0x00000000c3d00000| Complete 
|  62|0x00000000c3e00000, 0x00000000c3f00000, 0x00000000c3f00000|100%|HS|  |TAMS 0x00000000c3e00000| PB 0x00000000c3e00000| Complete 
|  63|0x00000000c3f00000, 0x00000000c4000000, 0x00000000c4000000|100%|HS|  |TAMS 0x00000000c3f00000| PB 0x00000000c3f00000| Complete 
|  64|0x00000000c4000000, 0x00000000c4100000, 0x00000000c4100000|100%|HS|  |TAMS 0x00000000c4000000| PB 0x00000000c4000000| Complete 
|  65|0x00000000c4100000, 0x00000000c4200000, 0x00000000c4200000|100%|HS|  |TAMS 0x00000000c4100000| PB 0x00000000c4100000| Complete 
|  66|0x00000000c4200000, 0x00000000c4300000, 0x00000000c4300000|100%|HS|  |TAMS 0x00000000c4200000| PB 0x00000000c4200000| Complete 
|  67|0x00000000c4300000, 0x00000000c4400000, 0x00000000c4400000|100%| S|CS|TAMS 0x00000000c4300000| PB 0x00000000c4300000| Complete 
|  68|0x00000000c4400000, 0x00000000c4500000, 0x00000000c4500000|100%| S|CS|TAMS 0x00000000c4400000| PB 0x00000000c4400000| Complete 
|  69|0x00000000c4500000, 0x00000000c4500000, 0x00000000c4600000|  0%| F|  |TAMS 0x00000000c4500000| PB 0x00000000c4500000| Untracked 
|  70|0x00000000c4600000, 0x00000000c4600000, 0x00000000c4700000|  0%| F|  |TAMS 0x00000000c4600000| PB 0x00000000c4600000| Untracked 
|  71|0x00000000c4700000, 0x00000000c4700000, 0x00000000c4800000|  0%| F|  |TAMS 0x00000000c4700000| PB 0x00000000c4700000| Untracked 
|  72|0x00000000c4800000, 0x00000000c4900000, 0x00000000c4900000|100%| S|CS|TAMS 0x00000000c4800000| PB 0x00000000c4800000| Complete 
|  73|0x00000000c4900000, 0x00000000c4a00000, 0x00000000c4a00000|100%| S|CS|TAMS 0x00000000c4900000| PB 0x00000000c4900000| Complete 
|  74|0x00000000c4a00000, 0x00000000c4b00000, 0x00000000c4b00000|100%| S|CS|TAMS 0x00000000c4a00000| PB 0x00000000c4a00000| Complete 
|  75|0x00000000c4b00000, 0x00000000c4b00000, 0x00000000c4c00000|  0%| F|  |TAMS 0x00000000c4b00000| PB 0x00000000c4b00000| Untracked 
|  76|0x00000000c4c00000, 0x00000000c4c00000, 0x00000000c4d00000|  0%| F|  |TAMS 0x00000000c4c00000| PB 0x00000000c4c00000| Untracked 
|  77|0x00000000c4d00000, 0x00000000c4d00000, 0x00000000c4e00000|  0%| F|  |TAMS 0x00000000c4d00000| PB 0x00000000c4d00000| Untracked 
|  78|0x00000000c4e00000, 0x00000000c4e00000, 0x00000000c4f00000|  0%| F|  |TAMS 0x00000000c4e00000| PB 0x00000000c4e00000| Untracked 
|  79|0x00000000c4f00000, 0x00000000c4f00000, 0x00000000c5000000|  0%| F|  |TAMS 0x00000000c4f00000| PB 0x00000000c4f00000| Untracked 
|  80|0x00000000c5000000, 0x00000000c5000000, 0x00000000c5100000|  0%| F|  |TAMS 0x00000000c5000000| PB 0x00000000c5000000| Untracked 
|  81|0x00000000c5100000, 0x00000000c5100000, 0x00000000c5200000|  0%| F|  |TAMS 0x00000000c5100000| PB 0x00000000c5100000| Untracked 
|  82|0x00000000c5200000, 0x00000000c5200000, 0x00000000c5300000|  0%| F|  |TAMS 0x00000000c5200000| PB 0x00000000c5200000| Untracked 
|  83|0x00000000c5300000, 0x00000000c5300000, 0x00000000c5400000|  0%| F|  |TAMS 0x00000000c5300000| PB 0x00000000c5300000| Untracked 
|  84|0x00000000c5400000, 0x00000000c5400000, 0x00000000c5500000|  0%| F|  |TAMS 0x00000000c5400000| PB 0x00000000c5400000| Untracked 
|  85|0x00000000c5500000, 0x00000000c5500000, 0x00000000c5600000|  0%| F|  |TAMS 0x00000000c5500000| PB 0x00000000c5500000| Untracked 
|  86|0x00000000c5600000, 0x00000000c5600000, 0x00000000c5700000|  0%| F|  |TAMS 0x00000000c5600000| PB 0x00000000c5600000| Untracked 
|  87|0x00000000c5700000, 0x00000000c5700000, 0x00000000c5800000|  0%| F|  |TAMS 0x00000000c5700000| PB 0x00000000c5700000| Untracked 
|  88|0x00000000c5800000, 0x00000000c5800000, 0x00000000c5900000|  0%| F|  |TAMS 0x00000000c5800000| PB 0x00000000c5800000| Untracked 
|  89|0x00000000c5900000, 0x00000000c5900000, 0x00000000c5a00000|  0%| F|  |TAMS 0x00000000c5900000| PB 0x00000000c5900000| Untracked 
|  90|0x00000000c5a00000, 0x00000000c5a00000, 0x00000000c5b00000|  0%| F|  |TAMS 0x00000000c5a00000| PB 0x00000000c5a00000| Untracked 
|  91|0x00000000c5b00000, 0x00000000c5b00000, 0x00000000c5c00000|  0%| F|  |TAMS 0x00000000c5b00000| PB 0x00000000c5b00000| Untracked 
|  92|0x00000000c5c00000, 0x00000000c5c00000, 0x00000000c5d00000|  0%| F|  |TAMS 0x00000000c5c00000| PB 0x00000000c5c00000| Untracked 
|  93|0x00000000c5d00000, 0x00000000c5d00000, 0x00000000c5e00000|  0%| F|  |TAMS 0x00000000c5d00000| PB 0x00000000c5d00000| Untracked 
|  94|0x00000000c5e00000, 0x00000000c5e00000, 0x00000000c5f00000|  0%| F|  |TAMS 0x00000000c5e00000| PB 0x00000000c5e00000| Untracked 
|  95|0x00000000c5f00000, 0x00000000c5f00000, 0x00000000c6000000|  0%| F|  |TAMS 0x00000000c5f00000| PB 0x00000000c5f00000| Untracked 
|  96|0x00000000c6000000, 0x00000000c6000000, 0x00000000c6100000|  0%| F|  |TAMS 0x00000000c6000000| PB 0x00000000c6000000| Untracked 
|  97|0x00000000c6100000, 0x00000000c6100000, 0x00000000c6200000|  0%| F|  |TAMS 0x00000000c6100000| PB 0x00000000c6100000| Untracked 
|  98|0x00000000c6200000, 0x00000000c6200000, 0x00000000c6300000|  0%| F|  |TAMS 0x00000000c6200000| PB 0x00000000c6200000| Untracked 
|  99|0x00000000c6300000, 0x00000000c6300000, 0x00000000c6400000|  0%| F|  |TAMS 0x00000000c6300000| PB 0x00000000c6300000| Untracked 
| 100|0x00000000c6400000, 0x00000000c6400000, 0x00000000c6500000|  0%| F|  |TAMS 0x00000000c6400000| PB 0x00000000c6400000| Untracked 
| 101|0x00000000c6500000, 0x00000000c6500000, 0x00000000c6600000|  0%| F|  |TAMS 0x00000000c6500000| PB 0x00000000c6500000| Untracked 
| 102|0x00000000c6600000, 0x00000000c6700000, 0x00000000c6700000|100%| E|CS|TAMS 0x00000000c6600000| PB 0x00000000c6600000| Complete 
| 103|0x00000000c6700000, 0x00000000c6800000, 0x00000000c6800000|100%| E|CS|TAMS 0x00000000c6700000| PB 0x00000000c6700000| Complete 
| 104|0x00000000c6800000, 0x00000000c6900000, 0x00000000c6900000|100%| E|  |TAMS 0x00000000c6800000| PB 0x00000000c6800000| Complete 
| 105|0x00000000c6900000, 0x00000000c6a00000, 0x00000000c6a00000|100%| E|CS|TAMS 0x00000000c6900000| PB 0x00000000c6900000| Complete 
| 106|0x00000000c6a00000, 0x00000000c6b00000, 0x00000000c6b00000|100%| E|CS|TAMS 0x00000000c6a00000| PB 0x00000000c6a00000| Complete 
| 107|0x00000000c6b00000, 0x00000000c6c00000, 0x00000000c6c00000|100%| E|CS|TAMS 0x00000000c6b00000| PB 0x00000000c6b00000| Complete 
| 108|0x00000000c6c00000, 0x00000000c6d00000, 0x00000000c6d00000|100%| E|CS|TAMS 0x00000000c6c00000| PB 0x00000000c6c00000| Complete 
| 109|0x00000000c6d00000, 0x00000000c6e00000, 0x00000000c6e00000|100%| E|CS|TAMS 0x00000000c6d00000| PB 0x00000000c6d00000| Complete 
| 110|0x00000000c6e00000, 0x00000000c6f00000, 0x00000000c6f00000|100%| E|CS|TAMS 0x00000000c6e00000| PB 0x00000000c6e00000| Complete 
| 111|0x00000000c6f00000, 0x00000000c7000000, 0x00000000c7000000|100%| E|CS|TAMS 0x00000000c6f00000| PB 0x00000000c6f00000| Complete 
| 112|0x00000000c7000000, 0x00000000c7100000, 0x00000000c7100000|100%| E|CS|TAMS 0x00000000c7000000| PB 0x00000000c7000000| Complete 
|1018|0x00000000ffa00000, 0x00000000ffb00000, 0x00000000ffb00000|100%| E|CS|TAMS 0x00000000ffa00000| PB 0x00000000ffa00000| Complete 
|1019|0x00000000ffb00000, 0x00000000ffc00000, 0x00000000ffc00000|100%| E|CS|TAMS 0x00000000ffb00000| PB 0x00000000ffb00000| Complete 
|1020|0x00000000ffc00000, 0x00000000ffd00000, 0x00000000ffd00000|100%| O|  |TAMS 0x00000000ffc00000| PB 0x00000000ffc00000| Untracked 
|1021|0x00000000ffd00000, 0x00000000ffe00000, 0x00000000ffe00000|100%| O|  |TAMS 0x00000000ffd00000| PB 0x00000000ffd00000| Untracked 
|1022|0x00000000ffe00000, 0x00000000fff00000, 0x00000000fff00000|100%| O|  |TAMS 0x00000000ffe00000| PB 0x00000000ffe00000| Untracked 
|1023|0x00000000fff00000, 0x0000000100000000, 0x0000000100000000|100%| O|  |TAMS 0x00000000fff00000| PB 0x00000000fff00000| Untracked 

Card table byte_map: [0x000001a877cc0000,0x000001a877ec0000] _byte_map_base: 0x000001a8776c0000

Marking Bits: (CMBitMap*) 0x000001a8656db090
 Bits: [0x000001a877ec0000, 0x000001a878ec0000)

Polling page: 0x000001a863430000

Metaspace:

Usage:
  Non-class:     54.18 MB used.
      Class:      8.87 MB used.
       Both:     63.05 MB used.

Virtual space:
  Non-class space:       64.00 MB reserved,      55.12 MB ( 86%) committed,  1 nodes.
      Class space:        1.00 GB reserved,       9.75 MB ( <1%) committed,  1 nodes.
             Both:        1.06 GB reserved,      64.88 MB (  6%) committed. 

Chunk freelists:
   Non-Class:  8.56 MB
       Class:  6.19 MB
        Both:  14.75 MB

MaxMetaspaceSize: unlimited
CompressedClassSpaceSize: 1.00 GB
Initial GC threshold: 21.00 MB
Current GC threshold: 108.12 MB
CDS: on
 - commit_granule_bytes: 65536.
 - commit_granule_words: 8192.
 - virtual_space_node_default_size: 8388608.
 - enlarge_chunks_in_place: 1.
 - use_allocation_guard: 0.


Internal statistics:

num_allocs_failed_limit: 6.
num_arena_births: 3524.
num_arena_deaths: 2.
num_vsnodes_births: 2.
num_vsnodes_deaths: 0.
num_space_committed: 1038.
num_space_uncommitted: 0.
num_chunks_returned_to_freelist: 9.
num_chunks_taken_from_freelist: 6624.
num_chunk_merges: 6.
num_chunk_splits: 4286.
num_chunks_enlarged: 2584.
num_inconsistent_stats: 0.

CodeHeap 'non-profiled nmethods': size=120000Kb used=4555Kb max_used=4674Kb free=115444Kb
 bounds [0x000001a870370000, 0x000001a870810000, 0x000001a8778a0000]
CodeHeap 'profiled nmethods': size=120000Kb used=14564Kb max_used=15106Kb free=105435Kb
 bounds [0x000001a8688a0000, 0x000001a869770000, 0x000001a86fdd0000]
CodeHeap 'non-nmethods': size=5760Kb used=2655Kb max_used=2682Kb free=3104Kb
 bounds [0x000001a86fdd0000, 0x000001a870080000, 0x000001a870370000]
CodeCache: size=245760Kb, used=21774Kb, max_used=22462Kb, free=223983Kb
 total_blobs=8978, nmethods=8058, adapters=824, full_count=0
Compilation: enabled, stopped_count=0, restarted_count=0

Compilation events (20 events):
Event: 424.759 Thread 0x000001a87b8d20e0 nmethod 9618 0x000001a8704a0c10 code [0x000001a8704a0da0, 0x000001a8704a1020]
Event: 424.759 Thread 0x000001a87b8d20e0 9617 %     4       java.math.BigInteger::montReduce @ 9 (99 bytes)
Event: 424.774 Thread 0x000001a87b8d20e0 nmethod 9617% 0x000001a870549e10 code [0x000001a870549fe0, 0x000001a87054a7f0]
Event: 424.825 Thread 0x000001a87b8d20e0 9620       4       java.util.LinkedList::node (65 bytes)
Event: 424.827 Thread 0x000001a87b8d20e0 nmethod 9620 0x000001a8704f0410 code [0x000001a8704f05a0, 0x000001a8704f06f0]
Event: 424.855 Thread 0x000001a87b8d20e0 9621  s    4       java.util.Hashtable::get (69 bytes)
Event: 424.861 Thread 0x000001a87b8d20e0 nmethod 9621 0x000001a87051ed10 code [0x000001a87051ef00, 0x000001a87051f4f8]
Event: 424.862 Thread 0x000001a87b8d20e0 9622  s    4       java.util.Hashtable::put (104 bytes)
Event: 424.874 Thread 0x000001a87b8d20e0 nmethod 9622 0x000001a8703e1990 code [0x000001a8703e1be0, 0x000001a8703e2740]
Event: 424.874 Thread 0x000001a87b8d20e0 9623       4       java.util.Hashtable::addEntry (87 bytes)
Event: 424.880 Thread 0x000001a87b8d20e0 nmethod 9623 0x000001a87077da90 code [0x000001a87077dc80, 0x000001a87077e0c0]
Event: 425.063 Thread 0x000001a87b93d4a0 9624       3       java.io.File::<init> (47 bytes)
Event: 425.063 Thread 0x000001a87b93d4a0 nmethod 9624 0x000001a8692ed310 code [0x000001a8692ed500, 0x000001a8692ed888]
Event: 425.075 Thread 0x000001a87b93d4a0 9625       3       java.io.WinNTFileSystem::prefixLength (91 bytes)
Event: 425.076 Thread 0x000001a87b93d4a0 nmethod 9625 0x000001a8689fa610 code [0x000001a8689fa920, 0x000001a8689fbc70]
Event: 425.462 Thread 0x000001a87b8d20e0 9626   !   4       jdk.internal.loader.Resource::getBytes (244 bytes)
Event: 425.514 Thread 0x000001a87b93d4a0 9627  s    3       jdk.internal.loader.Resource::cachedInputStream (20 bytes)
Event: 425.514 Thread 0x000001a87b93d4a0 nmethod 9627 0x000001a868dc0f90 code [0x000001a868dc1140, 0x000001a868dc1470]
Event: 425.547 Thread 0x000001a87b93d4a0 9628       3       java.util.jar.JarFile::maybeInstantiateVerifier (42 bytes)
Event: 425.548 Thread 0x000001a87b93d4a0 nmethod 9628 0x000001a869477290 code [0x000001a869477460, 0x000001a8694777c8]

GC Heap History (20 events):
Event: 320.560 GC heap before
{Heap before GC invocations=16 (full 0):
 garbage-first heap   total 88064K, used 78059K [0x00000000c0000000, 0x0000000100000000)
  region size 1024K, 36 young (36864K), 2 survivors (2048K)
 Metaspace       used 51381K, committed 53120K, reserved 1114112K
  class space    used 7350K, committed 8192K, reserved 1048576K
}
Event: 320.683 GC heap after
{Heap after GC invocations=17 (full 0):
 garbage-first heap   total 88064K, used 48301K [0x00000000c0000000, 0x0000000100000000)
  region size 1024K, 5 young (5120K), 5 survivors (5120K)
 Metaspace       used 51381K, committed 53120K, reserved 1114112K
  class space    used 7350K, committed 8192K, reserved 1048576K
}
Event: 323.231 GC heap before
{Heap before GC invocations=18 (full 0):
 garbage-first heap   total 88064K, used 76973K [0x00000000c0000000, 0x0000000100000000)
  region size 1024K, 34 young (34816K), 5 survivors (5120K)
 Metaspace       used 51395K, committed 53120K, reserved 1114112K
  class space    used 7350K, committed 8192K, reserved 1048576K
}
Event: 323.238 GC heap after
{Heap after GC invocations=19 (full 0):
 garbage-first heap   total 88064K, used 49664K [0x00000000c0000000, 0x0000000100000000)
  region size 1024K, 4 young (4096K), 4 survivors (4096K)
 Metaspace       used 51395K, committed 53120K, reserved 1114112K
  class space    used 7350K, committed 8192K, reserved 1048576K
}
Event: 324.577 GC heap before
{Heap before GC invocations=19 (full 0):
 garbage-first heap   total 88064K, used 77312K [0x00000000c0000000, 0x0000000100000000)
  region size 1024K, 32 young (32768K), 4 survivors (4096K)
 Metaspace       used 51398K, committed 53120K, reserved 1114112K
  class space    used 7351K, committed 8192K, reserved 1048576K
}
Event: 324.581 GC heap after
{Heap after GC invocations=20 (full 0):
 garbage-first heap   total 88064K, used 50155K [0x00000000c0000000, 0x0000000100000000)
  region size 1024K, 4 young (4096K), 4 survivors (4096K)
 Metaspace       used 51398K, committed 53120K, reserved 1114112K
  class space    used 7351K, committed 8192K, reserved 1048576K
}
Event: 341.227 GC heap before
{Heap before GC invocations=20 (full 0):
 garbage-first heap   total 88064K, used 77803K [0x00000000c0000000, 0x0000000100000000)
  region size 1024K, 32 young (32768K), 4 survivors (4096K)
 Metaspace       used 53833K, committed 55552K, reserved 1114112K
  class space    used 7688K, committed 8576K, reserved 1048576K
}
Event: 341.250 GC heap after
{Heap after GC invocations=21 (full 0):
 garbage-first heap   total 88064K, used 48807K [0x00000000c0000000, 0x0000000100000000)
  region size 1024K, 2 young (2048K), 2 survivors (2048K)
 Metaspace       used 53833K, committed 55552K, reserved 1114112K
  class space    used 7688K, committed 8576K, reserved 1048576K
}
Event: 391.966 GC heap before
{Heap before GC invocations=22 (full 0):
 garbage-first heap   total 88064K, used 82599K [0x00000000c0000000, 0x0000000100000000)
  region size 1024K, 31 young (31744K), 2 survivors (2048K)
 Metaspace       used 55653K, committed 57408K, reserved 1114112K
  class space    used 7918K, committed 8768K, reserved 1048576K
}
Event: 392.130 GC heap after
{Heap after GC invocations=23 (full 0):
 garbage-first heap   total 90112K, used 57310K [0x00000000c0000000, 0x0000000100000000)
  region size 1024K, 4 young (4096K), 4 survivors (4096K)
 Metaspace       used 55653K, committed 57408K, reserved 1114112K
  class space    used 7918K, committed 8768K, reserved 1048576K
}
Event: 406.083 GC heap before
{Heap before GC invocations=23 (full 0):
 garbage-first heap   total 90112K, used 83934K [0x00000000c0000000, 0x0000000100000000)
  region size 1024K, 27 young (27648K), 4 survivors (4096K)
 Metaspace       used 56023K, committed 57856K, reserved 1114112K
  class space    used 7977K, committed 8896K, reserved 1048576K
}
Event: 406.106 GC heap after
{Heap after GC invocations=24 (full 0):
 garbage-first heap   total 96256K, used 65107K [0x00000000c0000000, 0x0000000100000000)
  region size 1024K, 4 young (4096K), 4 survivors (4096K)
 Metaspace       used 56023K, committed 57856K, reserved 1114112K
  class space    used 7977K, committed 8896K, reserved 1048576K
}
Event: 406.726 GC heap before
{Heap before GC invocations=24 (full 0):
 garbage-first heap   total 96256K, used 72275K [0x00000000c0000000, 0x0000000100000000)
  region size 1024K, 13 young (13312K), 4 survivors (4096K)
 Metaspace       used 56058K, committed 57920K, reserved 1114112K
  class space    used 7985K, committed 8896K, reserved 1048576K
}
Event: 406.751 GC heap after
{Heap after GC invocations=25 (full 0):
 garbage-first heap   total 96256K, used 65669K [0x00000000c0000000, 0x0000000100000000)
  region size 1024K, 1 young (1024K), 1 survivors (1024K)
 Metaspace       used 56058K, committed 57920K, reserved 1114112K
  class space    used 7985K, committed 8896K, reserved 1048576K
}
Event: 409.584 GC heap before
{Heap before GC invocations=26 (full 0):
 garbage-first heap   total 112640K, used 87173K [0x00000000c0000000, 0x0000000100000000)
  region size 1024K, 21 young (21504K), 1 survivors (1024K)
 Metaspace       used 57591K, committed 59456K, reserved 1114112K
  class space    used 8159K, committed 9088K, reserved 1048576K
}
Event: 409.589 GC heap after
{Heap after GC invocations=27 (full 0):
 garbage-first heap   total 112640K, used 68918K [0x00000000c0000000, 0x0000000100000000)
  region size 1024K, 2 young (2048K), 2 survivors (2048K)
 Metaspace       used 57591K, committed 59456K, reserved 1114112K
  class space    used 8159K, committed 9088K, reserved 1048576K
}
Event: 414.886 GC heap before
{Heap before GC invocations=27 (full 0):
 garbage-first heap   total 112640K, used 98614K [0x00000000c0000000, 0x0000000100000000)
  region size 1024K, 32 young (32768K), 2 survivors (2048K)
 Metaspace       used 60858K, committed 62720K, reserved 1114112K
  class space    used 8531K, committed 9472K, reserved 1048576K
}
Event: 414.920 GC heap after
{Heap after GC invocations=28 (full 0):
 garbage-first heap   total 112640K, used 68177K [0x00000000c0000000, 0x0000000100000000)
  region size 1024K, 3 young (3072K), 3 survivors (3072K)
 Metaspace       used 60858K, committed 62720K, reserved 1114112K
  class space    used 8531K, committed 9472K, reserved 1048576K
}
Event: 423.813 GC heap before
{Heap before GC invocations=28 (full 0):
 garbage-first heap   total 112640K, used 97873K [0x00000000c0000000, 0x0000000100000000)
  region size 1024K, 34 young (34816K), 3 survivors (3072K)
 Metaspace       used 64468K, committed 66432K, reserved 1114112K
  class space    used 9057K, committed 9984K, reserved 1048576K
}
Event: 423.827 GC heap after
{Heap after GC invocations=29 (full 0):
 garbage-first heap   total 112640K, used 70755K [0x00000000c0000000, 0x0000000100000000)
  region size 1024K, 5 young (5120K), 5 survivors (5120K)
 Metaspace       used 64468K, committed 66432K, reserved 1114112K
  class space    used 9057K, committed 9984K, reserved 1048576K
}

Dll operation events (20 events):
Event: 4.158 Attempting to load shared library C:\Users\LENOVO\.antigravity-ide\extensions\redhat.java-1.56.0-win32-x64\jre\21.0.12.1-win32-x86_64\bin\nio.dll
Event: 4.159 Loaded shared library C:\Users\LENOVO\.antigravity-ide\extensions\redhat.java-1.56.0-win32-x64\jre\21.0.12.1-win32-x86_64\bin\nio.dll
Event: 4.165 Attempting to load shared library C:\Users\LENOVO\.antigravity-ide\extensions\redhat.java-1.56.0-win32-x64\jre\21.0.12.1-win32-x86_64\bin\zip.dll
Event: 4.165 Loaded shared library C:\Users\LENOVO\.antigravity-ide\extensions\redhat.java-1.56.0-win32-x64\jre\21.0.12.1-win32-x86_64\bin\zip.dll
Event: 11.092 Attempting to load shared library C:\Users\LENOVO\.antigravity-ide\extensions\redhat.java-1.56.0-win32-x64\jre\21.0.12.1-win32-x86_64\bin\jimage.dll
Event: 11.092 Loaded shared library C:\Users\LENOVO\.antigravity-ide\extensions\redhat.java-1.56.0-win32-x64\jre\21.0.12.1-win32-x86_64\bin\jimage.dll
Event: 13.391 Attempting to load shared library C:\Users\LENOVO\.antigravity-ide\extensions\redhat.java-1.56.0-win32-x64\jre\21.0.12.1-win32-x86_64\bin\verify.dll
Event: 13.402 Loaded shared library C:\Users\LENOVO\.antigravity-ide\extensions\redhat.java-1.56.0-win32-x64\jre\21.0.12.1-win32-x86_64\bin\verify.dll
Event: 14.222 Attempting to load shared library C:\Users\LENOVO\.gradle\native\1def1411415f61bf3af743bc5b6707747c0891f09f0c88961ee8f79bc544acac\windows-amd64\native-platform.dll
Event: 14.225 Loaded shared library C:\Users\LENOVO\.gradle\native\1def1411415f61bf3af743bc5b6707747c0891f09f0c88961ee8f79bc544acac\windows-amd64\native-platform.dll
Event: 14.270 Attempting to load shared library C:\Users\LENOVO\.gradle\native\0.2.7\x86_64-windows-gnu\gradle-fileevents.dll
Event: 14.275 Loaded shared library C:\Users\LENOVO\.gradle\native\0.2.7\x86_64-windows-gnu\gradle-fileevents.dll
Event: 38.531 Attempting to load shared library C:\Users\LENOVO\.antigravity-ide\extensions\redhat.java-1.56.0-win32-x64\jre\21.0.12.1-win32-x86_64\bin\management.dll
Event: 38.539 Loaded shared library C:\Users\LENOVO\.antigravity-ide\extensions\redhat.java-1.56.0-win32-x64\jre\21.0.12.1-win32-x86_64\bin\management.dll
Event: 38.551 Attempting to load shared library C:\Users\LENOVO\.antigravity-ide\extensions\redhat.java-1.56.0-win32-x64\jre\21.0.12.1-win32-x86_64\bin\management_ext.dll
Event: 38.555 Loaded shared library C:\Users\LENOVO\.antigravity-ide\extensions\redhat.java-1.56.0-win32-x64\jre\21.0.12.1-win32-x86_64\bin\management_ext.dll
Event: 43.371 Attempting to load shared library C:\Users\LENOVO\.antigravity-ide\extensions\redhat.java-1.56.0-win32-x64\jre\21.0.12.1-win32-x86_64\bin\extnet.dll
Event: 43.374 Loaded shared library C:\Users\LENOVO\.antigravity-ide\extensions\redhat.java-1.56.0-win32-x64\jre\21.0.12.1-win32-x86_64\bin\extnet.dll
Event: 49.549 Attempting to load shared library C:\Users\LENOVO\.antigravity-ide\extensions\redhat.java-1.56.0-win32-x64\jre\21.0.12.1-win32-x86_64\bin\sunmscapi.dll
Event: 49.574 Loaded shared library C:\Users\LENOVO\.antigravity-ide\extensions\redhat.java-1.56.0-win32-x64\jre\21.0.12.1-win32-x86_64\bin\sunmscapi.dll

Deoptimization events (20 events):
Event: 424.692 Thread 0x000001a846876850 DEOPT PACKING pc=0x000001a8690e6970 sp=0x00000016b0cf20d0
Event: 424.692 Thread 0x000001a846876850 DEOPT UNPACKING pc=0x000001a86fe24bc2 sp=0x00000016b0cf1550 mode 0
Event: 424.700 Thread 0x000001a846876850 DEOPT PACKING pc=0x000001a868a5506b sp=0x00000016b0cf1fc0
Event: 424.703 Thread 0x000001a846876850 DEOPT UNPACKING pc=0x000001a86fe24bc2 sp=0x00000016b0cf1440 mode 0
Event: 424.705 Thread 0x000001a846876850 DEOPT PACKING pc=0x000001a8690e6970 sp=0x00000016b0cf20d0
Event: 424.705 Thread 0x000001a846876850 DEOPT UNPACKING pc=0x000001a86fe24bc2 sp=0x00000016b0cf1550 mode 0
Event: 424.709 Thread 0x000001a846876850 DEOPT PACKING pc=0x000001a868a5506b sp=0x00000016b0cf1fc0
Event: 424.709 Thread 0x000001a846876850 DEOPT UNPACKING pc=0x000001a86fe24bc2 sp=0x00000016b0cf1440 mode 0
Event: 424.709 Thread 0x000001a846876850 DEOPT PACKING pc=0x000001a8690e6970 sp=0x00000016b0cf20d0
Event: 424.709 Thread 0x000001a846876850 DEOPT UNPACKING pc=0x000001a86fe24bc2 sp=0x00000016b0cf1550 mode 0
Event: 424.710 Thread 0x000001a846876850 DEOPT PACKING pc=0x000001a868a5506b sp=0x00000016b0cf1fc0
Event: 424.710 Thread 0x000001a846876850 DEOPT UNPACKING pc=0x000001a86fe24bc2 sp=0x00000016b0cf1440 mode 0
Event: 424.710 Thread 0x000001a846876850 DEOPT PACKING pc=0x000001a8690e6970 sp=0x00000016b0cf20d0
Event: 424.710 Thread 0x000001a846876850 DEOPT UNPACKING pc=0x000001a86fe24bc2 sp=0x00000016b0cf1550 mode 0
Event: 424.723 Thread 0x000001a846876850 DEOPT PACKING pc=0x000001a868a5506b sp=0x00000016b0cf1fc0
Event: 424.723 Thread 0x000001a846876850 DEOPT UNPACKING pc=0x000001a86fe24bc2 sp=0x00000016b0cf1440 mode 0
Event: 424.737 Thread 0x000001a846876850 DEOPT PACKING pc=0x000001a868a5506b sp=0x00000016b0cf1fc0
Event: 424.737 Thread 0x000001a846876850 DEOPT UNPACKING pc=0x000001a86fe24bc2 sp=0x00000016b0cf1440 mode 0
Event: 424.740 Thread 0x000001a846876850 DEOPT PACKING pc=0x000001a868a5506b sp=0x00000016b0cf1fc0
Event: 424.740 Thread 0x000001a846876850 DEOPT UNPACKING pc=0x000001a86fe24bc2 sp=0x00000016b0cf1440 mode 0

Classes loaded (20 events):
Event: 423.515 Loading class sun/security/util/KeyUtil
Event: 423.515 Loading class sun/security/util/KeyUtil done
Event: 423.516 Loading class sun/security/util/Length
Event: 423.516 Loading class sun/security/util/Length done
Event: 423.516 Loading class javax/crypto/SecretKey
Event: 423.517 Loading class javax/crypto/SecretKey done
Event: 423.530 Loading class java/util/Base64
Event: 423.532 Loading class java/util/Base64 done
Event: 423.532 Loading class java/util/Base64$Decoder
Event: 423.544 Loading class java/util/Base64$Decoder done
Event: 423.544 Loading class java/util/Base64$Encoder
Event: 423.544 Loading class java/util/Base64$Encoder done
Event: 423.562 Loading class java/util/jar/JarVerifier$VerifierStream
Event: 423.562 Loading class java/util/jar/JarVerifier$VerifierStream done
Event: 423.564 Loading class sun/security/util/ManifestEntryVerifier$SunProviderHolder
Event: 423.564 Loading class sun/security/util/ManifestEntryVerifier$SunProviderHolder done
Event: 424.463 Loading class sun/security/util/MemoryCache$QueueCacheEntry
Event: 424.474 Loading class sun/security/util/MemoryCache$QueueCacheEntry done
Event: 425.041 Loading class java/security/KeyStore$ProtectionParameter
Event: 425.041 Loading class java/security/KeyStore$ProtectionParameter done

Classes unloaded (1 events):
Event: 424.041 Thread 0x000001a87b8aac20 Unloading class 0x000001a8018cac00 'java/lang/invoke/LambdaForm$DMH+0x000001a8018cac00'

Classes redefined (0 events):
No events

Internal exceptions (20 events):
Event: 239.796 Thread 0x000001a846876850 Exception <a 'java/lang/NoSuchMethodError'{0x00000000c393d5e0}: 'java.lang.Object java.lang.invoke.Invokers$Holder.linkToTargetMethod(java.lang.Object, java.lang.Object, java.lang.Object, int, java.lang.Object, java.lang.Object)'> (0x00000000c393d5e0) 
thrown [s\src\hotspot\share\interpreter\linkResolver.cpp, line 773]
Event: 252.396 Thread 0x000001a846876850 Exception <a 'java/lang/NoSuchMethodError'{0x00000000c3b70e30}: 'java.lang.Object java.lang.invoke.DirectMethodHandle$Holder.invokeSpecialIFC(java.lang.Object, java.lang.Object, java.lang.Object)'> (0x00000000c3b70e30) 
thrown [s\src\hotspot\share\interpreter\linkResolver.cpp, line 773]
Event: 393.688 Thread 0x000001a846876850 Exception <a 'java/lang/ClassNotFoundException'{0x00000000c51a1368}: sun/misc/SharedSecrets> (0x00000000c51a1368) 
thrown [s\src\hotspot\share\classfile\systemDictionary.cpp, line 313]
Event: 394.625 Thread 0x000001a846876850 Exception <a 'java/lang/NoSuchMethodError'{0x00000000c51deb18}: 'java.lang.Object java.lang.invoke.DirectMethodHandle$Holder.newInvokeSpecial(java.lang.Object, java.lang.Object, java.lang.Object, java.lang.Object, java.lang.Object, java.lang.Object, java.lang.Object, java.lang.Object, java.lang.Object, java.lang.Object, java.lang.Object, java.lang.Object, java.lang.Object, java.lang.Object, java.lang.Object, java.lang.Object, java.lang.Object, java.lang.Object)'> (0x00000000c51deb18) 
thrown [s\src\hotspot
Event: 394.681 Thread 0x000001a846876850 Exception <a 'java/lang/NoSuchMethodError'{0x00000000c51e5620}: 'java.lang.Object java.lang.invoke.DirectMethodHandle$Holder.invokeSpecial(java.lang.Object, java.lang.Object, java.lang.Object, java.lang.Object, java.lang.Object, java.lang.Object, java.lang.Object, java.lang.Object, java.lang.Object, java.lang.Object, java.lang.Object, java.lang.Object, java.lang.Object, java.lang.Object, java.lang.Object, java.lang.Object, java.lang.Object, java.lang.Object, java.lang.Object)'> (0x00000000c51e5620) 
thrown
Event: 394.692 Thread 0x000001a846876850 Exception <a 'java/lang/NoSuchMethodError'{0x00000000c51eaf88}: 'java.lang.Object java.lang.invoke.DelegatingMethodHandle$Holder.reinvoke_L(java.lang.Object, java.lang.Object, java.lang.Object, java.lang.Object, java.lang.Object, java.lang.Object, java.lang.Object, java.lang.Object, java.lang.Object, java.lang.Object, java.lang.Object, java.lang.Object, java.lang.Object, java.lang.Object, java.lang.Object, java.lang.Object, java.lang.Object, java.lang.Object)'> (0x00000000c51eaf88) 
thrown [s\src\hotspot\s
Event: 395.275 Thread 0x000001a846876850 Exception <a 'java/lang/NoSuchMethodError'{0x00000000c508cb68}: 'void java.lang.invoke.DirectMethodHandle$Holder.invokeInterface(java.lang.Object, java.lang.Object, java.lang.Object, java.lang.Object)'> (0x00000000c508cb68) 
thrown [s\src\hotspot\share\interpreter\linkResolver.cpp, line 773]
Event: 396.767 Thread 0x000001a846876850 Implicit null exception at 0x000001a8706b925d to 0x000001a8706b96f0
Event: 396.771 Thread 0x000001a846876850 Implicit null exception at 0x000001a8706ba1bf to 0x000001a8706ba658
Event: 399.020 Thread 0x000001a848ca95b0 Exception <a 'java/lang/NoSuchMethodError'{0x00000000c48d7568}: 'void java.lang.invoke.DirectMethodHandle$Holder.invokeVirtual(java.lang.Object, java.lang.Object)'> (0x00000000c48d7568) 
thrown [s\src\hotspot\share\interpreter\linkResolver.cpp, line 773]
Event: 399.020 Thread 0x000001a848ca9c40 Exception <a 'java/lang/NoSuchMethodError'{0x00000000c48cef58}: 'void java.lang.invoke.DirectMethodHandle$Holder.invokeVirtual(java.lang.Object, java.lang.Object)'> (0x00000000c48cef58) 
thrown [s\src\hotspot\share\interpreter\linkResolver.cpp, line 773]
Event: 406.606 Thread 0x000001a846876850 Exception <a 'java/lang/ClassNotFoundException'{0x00000000c4eeb7a0}: org/gradle/api/internal/plugins/DefaultObjectConfigurationActionBeanInfo> (0x00000000c4eeb7a0) 
thrown [s\src\hotspot\share\classfile\systemDictionary.cpp, line 313]
Event: 406.612 Thread 0x000001a846876850 Exception <a 'java/lang/ClassNotFoundException'{0x00000000c4d001a8}: org/gradle/api/internal/plugins/DefaultObjectConfigurationActionCustomizer> (0x00000000c4d001a8) 
thrown [s\src\hotspot\share\classfile\systemDictionary.cpp, line 313]
Event: 406.643 Thread 0x000001a846876850 Implicit null exception at 0x000001a8704efff2 to 0x000001a8704f0270
Event: 406.649 Thread 0x000001a846876850 Exception <a 'java/lang/NoSuchMethodError'{0x00000000c4d0deb0}: 'int java.lang.invoke.DirectMethodHandle$Holder.invokeSpecial(java.lang.Object, java.lang.Object, java.lang.Object, int)'> (0x00000000c4d0deb0) 
thrown [s\src\hotspot\share\interpreter\linkResolver.cpp, line 773]
Event: 406.664 Thread 0x000001a846876850 Exception <a 'java/lang/NoSuchMethodError'{0x00000000c4d1ee10}: 'java.lang.Object java.lang.invoke.DirectMethodHandle$Holder.invokeStatic(java.lang.Object, java.lang.Object, java.lang.Object, java.lang.Object, int)'> (0x00000000c4d1ee10) 
thrown [s\src\hotspot\share\interpreter\linkResolver.cpp, line 773]
Event: 411.838 Thread 0x000001a846876850 Exception <a 'java/lang/NoSuchMethodError'{0x00000000c5d08d00}: 'int java.lang.invoke.DirectMethodHandle$Holder.invokeSpecialIFC(java.lang.Object, java.lang.Object, java.lang.Object, java.lang.Object, java.lang.Object)'> (0x00000000c5d08d00) 
thrown [s\src\hotspot\share\interpreter\linkResolver.cpp, line 773]
Event: 418.945 Thread 0x000001a846876850 Exception <a 'java/lang/NoSuchMethodError'{0x00000000c5a0ebd8}: 'java.lang.Object java.lang.invoke.DirectMethodHandle$Holder.newInvokeSpecial(java.lang.Object, java.lang.Object, java.lang.Object, java.lang.Object, java.lang.Object, java.lang.Object, java.lang.Object, java.lang.Object, java.lang.Object, java.lang.Object, java.lang.Object, java.lang.Object, java.lang.Object, java.lang.Object, java.lang.Object, java.lang.Object)'> (0x00000000c5a0ebd8) 
thrown [s\src\hotspot\share\interpreter\linkResolver.cpp,
Event: 418.955 Thread 0x000001a846876850 Exception <a 'java/lang/NoSuchMethodError'{0x00000000c5a15850}: 'java.lang.Object java.lang.invoke.DirectMethodHandle$Holder.invokeSpecial(java.lang.Object, java.lang.Object, java.lang.Object, java.lang.Object, java.lang.Object, java.lang.Object, java.lang.Object, java.lang.Object, java.lang.Object, java.lang.Object, java.lang.Object, java.lang.Object, java.lang.Object, java.lang.Object, java.lang.Object, java.lang.Object, java.lang.Object)'> (0x00000000c5a15850) 
thrown [s\src\hotspot\share\interpreter\li
Event: 418.962 Thread 0x000001a846876850 Exception <a 'java/lang/NoSuchMethodError'{0x00000000c5a1b6e0}: 'java.lang.Object java.lang.invoke.DelegatingMethodHandle$Holder.reinvoke_L(java.lang.Object, java.lang.Object, java.lang.Object, java.lang.Object, java.lang.Object, java.lang.Object, java.lang.Object, java.lang.Object, java.lang.Object, java.lang.Object, java.lang.Object, java.lang.Object, java.lang.Object, java.lang.Object, java.lang.Object, java.lang.Object)'> (0x00000000c5a1b6e0) 
thrown [s\src\hotspot\share\interpreter\linkResolver.cpp, l

ZGC Phase Switch (0 events):
No events

VM Operations (20 events):
Event: 421.429 Executing safepoint VM operation: Cleanup
Event: 421.430 Executing safepoint VM operation: Cleanup done
Event: 421.430 Executing non-safepoint VM operation: RendezvousGCThreads
Event: 421.430 Executing non-safepoint VM operation: RendezvousGCThreads done
Event: 422.327 Executing non-safepoint VM operation: HandshakeAllThreads (Deoptimize)
Event: 422.327 Executing non-safepoint VM operation: HandshakeAllThreads (Deoptimize) done
Event: 423.127 Executing non-safepoint VM operation: HandshakeAllThreads (Deoptimize)
Event: 423.127 Executing non-safepoint VM operation: HandshakeAllThreads (Deoptimize) done
Event: 423.127 Executing safepoint VM operation: Cleanup
Event: 423.127 Executing safepoint VM operation: Cleanup done
Event: 423.129 Executing non-safepoint VM operation: HandshakeAllThreads (Deoptimize)
Event: 423.130 Executing non-safepoint VM operation: HandshakeAllThreads (Deoptimize) done
Event: 423.812 Executing safepoint VM operation: G1TryInitiateConcMark (G1 Humongous Allocation)
Event: 423.827 Executing safepoint VM operation: G1TryInitiateConcMark (G1 Humongous Allocation) done
Event: 424.040 Executing safepoint VM operation: G1PauseRemark
Event: 424.182 Executing safepoint VM operation: G1PauseRemark done
Event: 424.306 Executing safepoint VM operation: G1PauseCleanup
Event: 424.344 Executing safepoint VM operation: G1PauseCleanup done
Event: 425.353 Executing safepoint VM operation: Cleanup
Event: 425.353 Executing safepoint VM operation: Cleanup done

Memory protections (0 events):
No events

Nmethod flushes (20 events):
Event: 424.180 Thread 0x000001a87b8aac20 flushing  nmethod 0x000001a870549e10
Event: 424.180 Thread 0x000001a87b8aac20 flushing  nmethod 0x000001a87054b790
Event: 424.180 Thread 0x000001a87b8aac20 flushing  nmethod 0x000001a868950210
Event: 424.180 Thread 0x000001a87b8aac20 flushing  nmethod 0x000001a868950d10
Event: 424.180 Thread 0x000001a87b8aac20 flushing  nmethod 0x000001a868951090
Event: 424.180 Thread 0x000001a87b8aac20 flushing  nmethod 0x000001a86898f710
Event: 424.180 Thread 0x000001a87b8aac20 flushing  nmethod 0x000001a8689d7b10
Event: 424.180 Thread 0x000001a87b8aac20 flushing  nmethod 0x000001a868da7f90
Event: 424.180 Thread 0x000001a87b8aac20 flushing  nmethod 0x000001a868e4d710
Event: 424.180 Thread 0x000001a87b8aac20 flushing  nmethod 0x000001a868e66310
Event: 424.180 Thread 0x000001a87b8aac20 flushing  nmethod 0x000001a8691f8810
Event: 424.180 Thread 0x000001a87b8aac20 flushing  nmethod 0x000001a8691fb710
Event: 424.180 Thread 0x000001a87b8aac20 flushing  nmethod 0x000001a869303e90
Event: 424.180 Thread 0x000001a87b8aac20 flushing  nmethod 0x000001a869388090
Event: 424.180 Thread 0x000001a87b8aac20 flushing  nmethod 0x000001a8693b1e90
Event: 424.180 Thread 0x000001a87b8aac20 flushing  nmethod 0x000001a869449d10
Event: 424.180 Thread 0x000001a87b8aac20 flushing  nmethod 0x000001a86944b310
Event: 424.180 Thread 0x000001a87b8aac20 flushing  nmethod 0x000001a8694b1d10
Event: 424.180 Thread 0x000001a87b8aac20 flushing  nmethod 0x000001a8694b8290
Event: 424.180 Thread 0x000001a87b8aac20 flushing  nmethod 0x000001a8694b9190

Events (20 events):
Event: 252.437 Thread 0x000001a846876850 Thread added: 0x000001a84865bf40
Event: 398.872 Thread 0x000001a846876850 Thread added: 0x000001a848ca8890
Event: 398.873 Thread 0x000001a846876850 Thread added: 0x000001a848ca7b70
Event: 398.874 Thread 0x000001a846876850 Thread added: 0x000001a848ca6130
Event: 398.875 Thread 0x000001a846876850 Thread added: 0x000001a848ca8f20
Event: 398.876 Thread 0x000001a846876850 Thread added: 0x000001a848ca5aa0
Event: 398.881 Thread 0x000001a846876850 Thread added: 0x000001a848ca95b0
Event: 398.882 Thread 0x000001a846876850 Thread added: 0x000001a848ca9c40
Event: 401.725 Thread 0x000001a846876850 Thread added: 0x000001a848ca67c0
Event: 401.784 Thread 0x000001a846876850 Thread added: 0x000001a848ca6e50
Event: 401.834 Thread 0x000001a846876850 Thread added: 0x000001a848caa2d0
Event: 401.844 Thread 0x000001a846876850 Thread added: 0x000001a848caa960
Event: 404.849 Thread 0x000001a846876850 Thread added: 0x000001a848ca74e0
Event: 404.850 Thread 0x000001a846876850 Thread added: 0x000001a848cac3a0
Event: 404.855 Thread 0x000001a846876850 Thread added: 0x000001a848caaff0
Event: 404.857 Thread 0x000001a846876850 Thread added: 0x000001a848cab680
Event: 404.866 Thread 0x000001a846876850 Thread added: 0x000001a848caca30
Event: 404.872 Thread 0x000001a846876850 Thread added: 0x000001a848cabd10
Event: 404.882 Thread 0x000001a846876850 Thread added: 0x000001a848cad0c0
Event: 419.993 Thread 0x000001a846876850 Thread added: 0x000001a84914a040


Dynamic libraries:
0x00007ff6244a0000 - 0x00007ff6244ae000 	C:\Users\LENOVO\.antigravity-ide\extensions\redhat.java-1.56.0-win32-x64\jre\21.0.12.1-win32-x86_64\bin\java.exe
0x00007ffc54f00000 - 0x00007ffc55167000 	C:\WINDOWS\SYSTEM32\ntdll.dll
0x00007ffc53e50000 - 0x00007ffc53f1b000 	C:\WINDOWS\System32\KERNEL32.DLL
0x00007ffc52810000 - 0x00007ffc52c12000 	C:\WINDOWS\System32\KERNELBASE.dll
0x00007ffc52560000 - 0x00007ffc526ac000 	C:\WINDOWS\System32\ucrtbase.dll
0x00007ffc2e5d0000 - 0x00007ffc2e5e8000 	C:\Users\LENOVO\.antigravity-ide\extensions\redhat.java-1.56.0-win32-x64\jre\21.0.12.1-win32-x86_64\bin\jli.dll
0x00007ffc54bd0000 - 0x00007ffc54d9f000 	C:\WINDOWS\System32\USER32.dll
0x00007ffc522f0000 - 0x00007ffc52317000 	C:\WINDOWS\System32\win32u.dll
0x00007ffc53280000 - 0x00007ffc532ab000 	C:\WINDOWS\System32\GDI32.dll
0x00007ffc52100000 - 0x00007ffc52229000 	C:\WINDOWS\System32\gdi32full.dll
0x00007ffc52320000 - 0x00007ffc523c3000 	C:\WINDOWS\System32\msvcp_win.dll
0x00007ffc46c90000 - 0x00007ffc46cae000 	C:\Users\LENOVO\.antigravity-ide\extensions\redhat.java-1.56.0-win32-x64\jre\21.0.12.1-win32-x86_64\bin\VCRUNTIME140.dll
0x00007ffc328b0000 - 0x00007ffc32b40000 	C:\WINDOWS\WinSxS\amd64_microsoft.windows.common-controls_6595b64144ccf1df_6.0.26100.9278_none_3e0d1ba8e3303201\COMCTL32.dll
0x00007ffc531c0000 - 0x00007ffc53269000 	C:\WINDOWS\System32\msvcrt.dll
0x00007ffc52fd0000 - 0x00007ffc53001000 	C:\WINDOWS\System32\IMM32.DLL
0x00007ffc4be20000 - 0x00007ffc4be2c000 	C:\Users\LENOVO\.antigravity-ide\extensions\redhat.java-1.56.0-win32-x64\jre\21.0.12.1-win32-x86_64\bin\vcruntime140_1.dll
0x00007ffc063c0000 - 0x00007ffc0644d000 	C:\Users\LENOVO\.antigravity-ide\extensions\redhat.java-1.56.0-win32-x64\jre\21.0.12.1-win32-x86_64\bin\msvcp140.dll
0x00007ffb90070000 - 0x00007ffb90e12000 	C:\Users\LENOVO\.antigravity-ide\extensions\redhat.java-1.56.0-win32-x64\jre\21.0.12.1-win32-x86_64\bin\server\jvm.dll
0x00007ffc532c0000 - 0x00007ffc5337c000 	C:\WINDOWS\System32\ADVAPI32.dll
0x00007ffc53010000 - 0x00007ffc530b9000 	C:\WINDOWS\System32\sechost.dll
0x00007ffc549a0000 - 0x00007ffc54ab8000 	C:\WINDOWS\System32\RPCRT4.dll
0x00007ffc54e30000 - 0x00007ffc54eb0000 	C:\WINDOWS\System32\WS2_32.dll
0x00007ffc51f60000 - 0x00007ffc51fbe000 	C:\WINDOWS\SYSTEM32\POWRPROF.dll
0x00007ffc43c50000 - 0x00007ffc43c86000 	C:\WINDOWS\SYSTEM32\WINMM.dll
0x00007ffc3cb50000 - 0x00007ffc3cb5b000 	C:\WINDOWS\SYSTEM32\VERSION.dll
0x00007ffc51f40000 - 0x00007ffc51f55000 	C:\WINDOWS\SYSTEM32\UMPDC.dll
0x00007ffc50d90000 - 0x00007ffc50dab000 	C:\WINDOWS\SYSTEM32\kernel.appcore.dll
0x00007ffc4b220000 - 0x00007ffc4b22a000 	C:\Users\LENOVO\.antigravity-ide\extensions\redhat.java-1.56.0-win32-x64\jre\21.0.12.1-win32-x86_64\bin\jimage.dll
0x00007ffc4f290000 - 0x00007ffc4f4dc000 	C:\WINDOWS\SYSTEM32\DBGHELP.DLL
0x00007ffc52c40000 - 0x00007ffc52fc5000 	C:\WINDOWS\System32\combase.dll
0x00007ffc54760000 - 0x00007ffc54839000 	C:\WINDOWS\System32\OLEAUT32.dll
0x00007ffc4bdb0000 - 0x00007ffc4bdeb000 	C:\WINDOWS\SYSTEM32\dbgcore.DLL
0x00007ffc52230000 - 0x00007ffc522dc000 	C:\WINDOWS\System32\bcryptPrimitives.dll
0x00007ffc467b0000 - 0x00007ffc467bf000 	C:\Users\LENOVO\.antigravity-ide\extensions\redhat.java-1.56.0-win32-x64\jre\21.0.12.1-win32-x86_64\bin\instrument.dll
0x00007ffc18100000 - 0x00007ffc18120000 	C:\Users\LENOVO\.antigravity-ide\extensions\redhat.java-1.56.0-win32-x64\jre\21.0.12.1-win32-x86_64\bin\java.dll
0x00007ffc533e0000 - 0x00007ffc53b78000 	C:\WINDOWS\System32\SHELL32.dll
0x00007ffc4fb20000 - 0x00007ffc503ce000 	C:\WINDOWS\SYSTEM32\windows.storage.dll
0x00007ffc53d50000 - 0x00007ffc53e4b000 	C:\WINDOWS\System32\SHCORE.dll
0x00007ffc54ad0000 - 0x00007ffc54b36000 	C:\WINDOWS\System32\shlwapi.dll
0x00007ffc52020000 - 0x00007ffc52049000 	C:\WINDOWS\SYSTEM32\profapi.dll
0x00007ffc2e480000 - 0x00007ffc2e498000 	C:\Users\LENOVO\.antigravity-ide\extensions\redhat.java-1.56.0-win32-x64\jre\21.0.12.1-win32-x86_64\bin\zip.dll
0x00007ffc46c80000 - 0x00007ffc46c90000 	C:\Users\LENOVO\.antigravity-ide\extensions\redhat.java-1.56.0-win32-x64\jre\21.0.12.1-win32-x86_64\bin\net.dll
0x00007ffc42380000 - 0x00007ffc424aa000 	C:\WINDOWS\SYSTEM32\WINHTTP.dll
0x00007ffc51330000 - 0x00007ffc5139c000 	C:\WINDOWS\system32\mswsock.dll
0x00007ffc17050000 - 0x00007ffc17066000 	C:\Users\LENOVO\.antigravity-ide\extensions\redhat.java-1.56.0-win32-x64\jre\21.0.12.1-win32-x86_64\bin\nio.dll
0x00007ffc32680000 - 0x00007ffc32690000 	C:\Users\LENOVO\.antigravity-ide\extensions\redhat.java-1.56.0-win32-x64\jre\21.0.12.1-win32-x86_64\bin\verify.dll
0x00007ffc157b0000 - 0x00007ffc157d7000 	C:\Users\LENOVO\.gradle\native\1def1411415f61bf3af743bc5b6707747c0891f09f0c88961ee8f79bc544acac\windows-amd64\native-platform.dll
0x00007ffbee240000 - 0x00007ffbee2b8000 	C:\Users\LENOVO\.gradle\native\0.2.7\x86_64-windows-gnu\gradle-fileevents.dll
0x00007ffc214a0000 - 0x00007ffc214aa000 	C:\Users\LENOVO\.antigravity-ide\extensions\redhat.java-1.56.0-win32-x64\jre\21.0.12.1-win32-x86_64\bin\management.dll
0x00007ffc213e0000 - 0x00007ffc213ec000 	C:\Users\LENOVO\.antigravity-ide\extensions\redhat.java-1.56.0-win32-x64\jre\21.0.12.1-win32-x86_64\bin\management_ext.dll
0x00007ffc54ac0000 - 0x00007ffc54ac8000 	C:\WINDOWS\System32\PSAPI.DLL
0x00007ffc50740000 - 0x00007ffc50773000 	C:\WINDOWS\SYSTEM32\IPHLPAPI.DLL
0x00007ffc532b0000 - 0x00007ffc532ba000 	C:\WINDOWS\System32\NSI.dll
0x00007ffc23bd0000 - 0x00007ffc23bd9000 	C:\Users\LENOVO\.antigravity-ide\extensions\redhat.java-1.56.0-win32-x64\jre\21.0.12.1-win32-x86_64\bin\extnet.dll
0x00007ffc51750000 - 0x00007ffc5176b000 	C:\WINDOWS\SYSTEM32\CRYPTSP.dll
0x00007ffc50cf0000 - 0x00007ffc50d29000 	C:\WINDOWS\system32\rsaenh.dll
0x00007ffc513e0000 - 0x00007ffc51414000 	C:\WINDOWS\SYSTEM32\USERENV.dll
0x00007ffc51ff0000 - 0x00007ffc5201a000 	C:\WINDOWS\SYSTEM32\bcrypt.dll
0x00007ffc51590000 - 0x00007ffc5159c000 	C:\WINDOWS\SYSTEM32\CRYPTBASE.dll
0x00007ffc2a070000 - 0x00007ffc2a07e000 	C:\Users\LENOVO\.antigravity-ide\extensions\redhat.java-1.56.0-win32-x64\jre\21.0.12.1-win32-x86_64\bin\sunmscapi.dll
0x00007ffc523d0000 - 0x00007ffc5254e000 	C:\WINDOWS\System32\CRYPT32.dll
0x00007ffc518c0000 - 0x00007ffc518f0000 	C:\WINDOWS\SYSTEM32\ncrypt.dll
0x00007ffc51870000 - 0x00007ffc518af000 	C:\WINDOWS\SYSTEM32\NTASN1.dll
0x00007ffc35030000 - 0x00007ffc35038000 	C:\WINDOWS\system32\wshunix.dll

JVMTI agents:
C:\Users\LENOVO\.gradle\wrapper\dists\gradle-8.14-bin\38aieal9i53h9rfe7vjup95b9\gradle-8.14\lib\agents\gradle-instrumentation-agent-8.14.jar path:C:\Users\LENOVO\.antigravity-ide\extensions\redhat.java-1.56.0-win32-x64\jre\21.0.12.1-win32-x86_64\bin\instrument.dll, loaded, initialized, instrumentlib options:none

dbghelp: loaded successfully - version: 4.0.5 - missing functions: none
symbol engine: initialized successfully - sym options: 0x614 - pdb path: .;C:\Users\LENOVO\.antigravity-ide\extensions\redhat.java-1.56.0-win32-x64\jre\21.0.12.1-win32-x86_64\bin;C:\WINDOWS\SYSTEM32;C:\WINDOWS\WinSxS\amd64_microsoft.windows.common-controls_6595b64144ccf1df_6.0.26100.9278_none_3e0d1ba8e3303201;C:\Users\LENOVO\.antigravity-ide\extensions\redhat.java-1.56.0-win32-x64\jre\21.0.12.1-win32-x86_64\bin\server;C:\Users\LENOVO\.gradle\native\1def1411415f61bf3af743bc5b6707747c0891f09f0c88961ee8f79bc544acac\windows-amd64;C:\Users\LENOVO\.gradle\native\0.2.7\x86_64-windows-gnu

VM Arguments:
jvm_args: --add-opens=java.base/java.lang=ALL-UNNAMED --add-opens=java.base/java.lang.invoke=ALL-UNNAMED --add-opens=java.base/java.util=ALL-UNNAMED --add-opens=java.prefs/java.util.prefs=ALL-UNNAMED --add-exports=jdk.compiler/com.sun.tools.javac.api=ALL-UNNAMED --add-exports=jdk.compiler/com.sun.tools.javac.util=ALL-UNNAMED --add-opens=java.base/java.util=ALL-UNNAMED --add-opens=java.prefs/java.util.prefs=ALL-UNNAMED --add-opens=java.base/java.nio.charset=ALL-UNNAMED --add-opens=java.base/java.net=ALL-UNNAMED --add-opens=java.base/java.util.concurrent.atomic=ALL-UNNAMED --add-opens=java.xml/javax.xml.namespace=ALL-UNNAMED -Xmx1024m -Dfile.encoding=UTF-8 -Duser.country=US -Duser.language=en -Duser.variant -javaagent:C:\Users\LENOVO\.gradle\wrapper\dists\gradle-8.14-bin\38aieal9i53h9rfe7vjup95b9\gradle-8.14\lib\agents\gradle-instrumentation-agent-8.14.jar 
java_command: org.gradle.launcher.daemon.bootstrap.GradleDaemon 8.14
java_class_path (initial): C:\Users\LENOVO\.gradle\wrapper\dists\gradle-8.14-bin\38aieal9i53h9rfe7vjup95b9\gradle-8.14\lib\gradle-daemon-main-8.14.jar
Launcher Type: SUN_STANDARD

[Global flags]
     intx CICompilerCount                          = 4                                         {product} {ergonomic}
     uint ConcGCThreads                            = 2                                         {product} {ergonomic}
     uint G1ConcRefinementThreads                  = 8                                         {product} {ergonomic}
   size_t G1HeapRegionSize                         = 1048576                                   {product} {ergonomic}
    uintx GCDrainStackTargetSize                   = 64                                        {product} {ergonomic}
   size_t InitialHeapSize                          = 98566144                                  {product} {ergonomic}
   size_t MarkStackSize                            = 4194304                                   {product} {ergonomic}
   size_t MaxHeapSize                              = 1073741824                                {product} {command line}
   size_t MaxNewSize                               = 643825664                                 {product} {ergonomic}
   size_t MinHeapDeltaBytes                        = 1048576                                   {product} {ergonomic}
   size_t MinHeapSize                              = 8388608                                   {product} {ergonomic}
    uintx NonNMethodCodeHeapSize                   = 5839372                                {pd product} {ergonomic}
    uintx NonProfiledCodeHeapSize                  = 122909434                              {pd product} {ergonomic}
    uintx ProfiledCodeHeapSize                     = 122909434                              {pd product} {ergonomic}
    uintx ReservedCodeCacheSize                    = 251658240                              {pd product} {ergonomic}
     bool SegmentedCodeCache                       = true                                      {product} {ergonomic}
   size_t SoftMaxHeapSize                          = 1073741824                             {manageable} {ergonomic}
     bool UseCompressedOops                        = true                           {product lp64_product} {ergonomic}
     bool UseG1GC                                  = true                                      {product} {ergonomic}
     bool UseLargePagesIndividualAllocation        = false                                  {pd product} {ergonomic}

Logging:
Log output configuration:
 #0: stdout all=warning uptime,level,tags foldmultilines=false
 #1: stderr all=off uptime,level,tags foldmultilines=false

Release file:
JAVA_VERSION="21.0.12.1" 
MODULES="java.base java.compiler java.datatransfer java.xml java.prefs java.desktop java.instrument java.logging java.management java.security.sasl java.naming java.rmi java.management.rmi java.net.http java.scripting java.security.jgss java.transaction.xa java.sql java.sql.rowset java.xml.crypto java.se java.smartcardio jdk.accessibility jdk.internal.jvmstat jdk.attach jdk.charsets jdk.internal.opt jdk.zipfs jdk.compiler jdk.crypto.ec jdk.crypto.cryptoki jdk.crypto.mscapi jdk.dynalink jdk.internal.ed jdk.editpad jdk.hotspot.agent jdk.httpserver jdk.internal.le jdk.internal.vm.ci jdk.internal.vm.compiler jdk.internal.vm.compiler.management jdk.jartool jdk.javadoc jdk.jcmd jdk.management jdk.management.agent jdk.jconsole jdk.jdeps jdk.jdwp.agent jdk.jdi jdk.jfr jdk.jshell jdk.jsobject jdk.jstatd jdk.localedata jdk.management.jfr jdk.naming.dns jdk.naming.rmi jdk.net jdk.nio.mapmode jdk.random jdk.sctp jdk.security.auth jdk.security.jgss jdk.unsupported jdk.unsupported.desktop jdk.xml.dom" 

Environment Variables:
JAVA_HOME=C:\Program Files\Android\Android Studio\jbr
PATH=C:\WINDOWS\system32;C:\WINDOWS;C:\WINDOWS\System32\Wbem;C:\WINDOWS\System32\WindowsPowerShell\v1.0\;C:\WINDOWS\System32\OpenSSH\;C:\Program Files\Docker\Docker\resources\bin;C:\Program Files\nodejs\;C:\Program Files\Git\cmd;C:\Users\LENOVO\AppData\Local\Programs\Python\Python312\Scripts\;C:\Users\LENOVO\AppData\Local\Programs\Python\Python312\;C:\Users\LENOVO\AppData\Local\Programs\Python\Launcher\;C:\Users\LENOVO\AppData\Local\Programs\Python\Python314\Scripts\;C:\Users\LENOVO\AppData\Local\Programs\Python\Python314\;C:\Users\LENOVO\AppData\Local\Microsoft\WindowsApps;C:\Users\LENOVO\AppData\Local\Programs\Antigravity\bin;C:\Users\LENOVO\AppData\Roaming\npm;C:\ScrcpyLauncher by praveen;C:\Users\LENOVO\AppData\Local\PowerToys\DSCModules\;C:\Users\LENOVO\AppData\Local\Programs\Antigravity IDE\bin
USERNAME=LENOVO
OS=Windows_NT
PROCESSOR_IDENTIFIER=AMD64 Family 23 Model 160 Stepping 0, AuthenticAMD
TMP=C:\Users\LENOVO\AppData\Local\Temp
TEMP=C:\Users\LENOVO\AppData\Local\Temp




Periodic native trim disabled

---------------  S Y S T E M  ---------------

OS:
 Windows 11 , 64 bit Build 26100 (10.0.26100.9444)
OS uptime: 3 days 21:04 hours
Hyper-V role detected

CPU: total 8 (initial active 8) (8 cores per cpu, 2 threads per core) family 23 model 160 stepping 0 microcode 0x8a0000a, cx8, cmov, fxsr, ht, mmx, 3dnowpref, sse, sse2, sse3, ssse3, sse4a, sse4.1, sse4.2, popcnt, lzcnt, tsc, tscinvbit, avx, avx2, aes, clmul, bmi1, bmi2, adx, sha, fma, vzeroupper, clflush, clflushopt, hv, rdtscp, rdpid, f16c
Processor Information for the first 8 processors :
  Max Mhz: 2401, Current Mhz: 2401, Mhz Limit: 2401

Memory: 4k page, system-wide physical 5965M (30M free)
TotalPageFile size 24397M (AvailPageFile size 13M)
current process WorkingSet (physical memory assigned to process): 224M, peak: 224M
current process commit charge ("private bytes"): 357M, peak: 357M

vm_info: OpenJDK 64-Bit Server VM (21.0.12.1+1-LTS) for windows-amd64 JRE (21.0.12.1+1-LTS), built on 2026-08-18T00:00:00Z by "admin" with MS VC++ 17.12 (VS2022)

END.
