#
# There is insufficient memory for the Java Runtime Environment to continue.
# Native memory allocation (malloc) failed to allocate 69296 bytes. Error detail: Chunk::new
# Possible reasons:
#   The system is out of physical RAM or swap space
#   This process is running with CompressedOops enabled, and the Java Heap may be blocking the growth of the native heap
# Possible solutions:
#   Reduce memory load on the system
#   Increase physical memory or swap space
#   Check if swap backing store is full
#   Decrease Java heap size (-Xmx/-Xms)
#   Decrease number of Java threads
#   Decrease Java thread stack sizes (-Xss)
#   Set larger code cache with -XX:ReservedCodeCacheSize=
#   JVM is running with Unscaled Compressed Oops mode in which the Java heap is
#     placed in the first 4GB address space. The Java Heap base address is the
#     maximum limit for the native heap growth. Please use -XX:HeapBaseMinAddress
#     to set the Java Heap base and to place the Java Heap above 4GB virtual address.
# This output file may be truncated or incomplete.
#
#  Out of Memory Error (arena.cpp:168), pid=22444, tid=21712
#
# JRE version: OpenJDK Runtime Environment Temurin-21.0.12.1+1 (21.0.12.1+1) (build 21.0.12.1+1-LTS)
# Java VM: OpenJDK 64-Bit Server VM Temurin-21.0.12.1+1 (21.0.12.1+1-LTS, mixed mode, sharing, tiered, compressed oops, compressed class ptrs, g1 gc, windows-amd64)
# No core dump will be written. Minidumps are not enabled by default on client versions of Windows
#

---------------  S U M M A R Y ------------

Command Line: --add-opens=java.base/java.lang=ALL-UNNAMED --add-opens=java.base/java.lang.invoke=ALL-UNNAMED --add-opens=java.base/java.util=ALL-UNNAMED --add-opens=java.prefs/java.util.prefs=ALL-UNNAMED --add-exports=jdk.compiler/com.sun.tools.javac.api=ALL-UNNAMED --add-exports=jdk.compiler/com.sun.tools.javac.util=ALL-UNNAMED --add-opens=java.base/java.util=ALL-UNNAMED --add-opens=java.prefs/java.util.prefs=ALL-UNNAMED --add-opens=java.base/java.nio.charset=ALL-UNNAMED --add-opens=java.base/java.net=ALL-UNNAMED --add-opens=java.base/java.util.concurrent.atomic=ALL-UNNAMED --add-opens=java.xml/javax.xml.namespace=ALL-UNNAMED -Xmx1024m -Dfile.encoding=UTF-8 -Duser.country=US -Duser.language=en -Duser.variant -javaagent:C:\Users\LENOVO\.gradle\wrapper\dists\gradle-8.14-bin\38aieal9i53h9rfe7vjup95b9\gradle-8.14\lib\agents\gradle-instrumentation-agent-8.14.jar org.gradle.launcher.daemon.bootstrap.GradleDaemon 8.14

Host: AMD Ryzen 3 7320U with Radeon Graphics         , 8 cores, 5G,  Windows 11 , 64 bit Build 26100 (10.0.26100.9444)
Time: Fri Oct  2 21:25:16 2026 Nepal Standard Time elapsed time: 129.840796 seconds (0d 0h 2m 9s)

---------------  T H R E A D  ---------------

Current thread (0x000001d5bd943170):  JavaThread "C2 CompilerThread0" daemon [_thread_in_native, id=21712, stack(0x0000009be2900000,0x0000009be2a00000) (1024K)]


Current CompileTask:
C2:129840 4003       4       java.net.URLStreamHandler::toExternalForm (156 bytes)

Stack: [0x0000009be2900000,0x0000009be2a00000]
Native frames: (J=compiled Java code, j=interpreted, Vv=VM code, C=native code)
V  [jvm.dll+0x6d83e9]
V  [jvm.dll+0x8b5736]
V  [jvm.dll+0x8b7cee]
V  [jvm.dll+0x8b83d3]
V  [jvm.dll+0x284596]
V  [jvm.dll+0xc685d]
V  [jvm.dll+0xc6da1]
V  [jvm.dll+0x5df599]
V  [jvm.dll+0x38b701]
V  [jvm.dll+0x38ab1a]
V  [jvm.dll+0x24c700]
V  [jvm.dll+0x24bce0]
V  [jvm.dll+0x1cb4ae]
V  [jvm.dll+0x25baad]
V  [jvm.dll+0x25a03a]
V  [jvm.dll+0x3f8aae]
V  [jvm.dll+0x8600cd]
V  [jvm.dll+0x6d6c1d]
C  [ucrtbase.dll+0x2cd30]
C  [KERNEL32.DLL+0x2cd87]
C  [ntdll.dll+0xacaec]


---------------  P R O C E S S  ---------------

Threads class SMR info:
_java_thread_list=0x000001d58639fd30, length=29, elements={
0x000001d5a52d7a20, 0x000001d5bd93cff0, 0x000001d5bd93fa60, 0x000001d5bd9404c0,
0x000001d5bd940f20, 0x000001d5bd941980, 0x000001d5bd9423e0, 0x000001d5bd943170,
0x000001d5bd958b90, 0x000001d5bdb46ea0, 0x000001d5bdbdba10, 0x000001d5bdb32ed0,
0x000001d5bdc90740, 0x000001d58425e960, 0x000001d584084a30, 0x000001d584085470,
0x000001d5850c8620, 0x000001d5850c7270, 0x000001d5850c8cb0, 0x000001d5850c5ec0,
0x000001d5850c7f90, 0x000001d5850c9340, 0x000001d5850c6550, 0x000001d5850c7900,
0x000001d5850c6be0, 0x000001d584d622c0, 0x000001d584d62950, 0x000001d584d60f10,
0x000001d584d62fe0
}

Java Threads: ( => current thread )
  0x000001d5a52d7a20 JavaThread "main"                              [_thread_blocked, id=28996, stack(0x0000009be1b00000,0x0000009be1c00000) (1024K)]
  0x000001d5bd93cff0 JavaThread "Reference Handler"          daemon [_thread_blocked, id=22800, stack(0x0000009be2300000,0x0000009be2400000) (1024K)]
  0x000001d5bd93fa60 JavaThread "Finalizer"                  daemon [_thread_blocked, id=6176, stack(0x0000009be2400000,0x0000009be2500000) (1024K)]
  0x000001d5bd9404c0 JavaThread "Signal Dispatcher"          daemon [_thread_blocked, id=18500, stack(0x0000009be2500000,0x0000009be2600000) (1024K)]
  0x000001d5bd940f20 JavaThread "Attach Listener"            daemon [_thread_blocked, id=9468, stack(0x0000009be2600000,0x0000009be2700000) (1024K)]
  0x000001d5bd941980 JavaThread "Service Thread"             daemon [_thread_blocked, id=22816, stack(0x0000009be2700000,0x0000009be2800000) (1024K)]
  0x000001d5bd9423e0 JavaThread "Monitor Deflation Thread"   daemon [_thread_blocked, id=30568, stack(0x0000009be2800000,0x0000009be2900000) (1024K)]
=>0x000001d5bd943170 JavaThread "C2 CompilerThread0"         daemon [_thread_in_native, id=21712, stack(0x0000009be2900000,0x0000009be2a00000) (1024K)]
  0x000001d5bd958b90 JavaThread "C1 CompilerThread0"         daemon [_thread_blocked, id=20536, stack(0x0000009be2a00000,0x0000009be2b00000) (1024K)]
  0x000001d5bdb46ea0 JavaThread "Common-Cleaner"             daemon [_thread_blocked, id=15680, stack(0x0000009be2b00000,0x0000009be2c00000) (1024K)]
  0x000001d5bdbdba10 JavaThread "Notification Thread"        daemon [_thread_blocked, id=26404, stack(0x0000009be2c00000,0x0000009be2d00000) (1024K)]
  0x000001d5bdb32ed0 JavaThread "Daemon health stats"               [_thread_blocked, id=26832, stack(0x0000009be3100000,0x0000009be3200000) (1024K)]
  0x000001d5bdc90740 JavaThread "Incoming local TCP Connector on port 2267"        [_thread_in_native, id=11144, stack(0x0000009be3200000,0x0000009be3300000) (1024K)]
  0x000001d58425e960 JavaThread "Daemon periodic checks"            [_thread_blocked, id=14056, stack(0x0000009be3300000,0x0000009be3400000) (1024K)]
  0x000001d584084a30 JavaThread "Daemon"                            [_thread_blocked, id=32544, stack(0x0000009be3400000,0x0000009be3500000) (1024K)]
  0x000001d584085470 JavaThread "Handler for socket connection from /127.0.0.1:2267 to /127.0.0.1:2268"        [_thread_in_native, id=13452, stack(0x0000009be3500000,0x0000009be3600000) (1024K)]
  0x000001d5850c8620 JavaThread "Cancel handler"                    [_thread_blocked, id=1436, stack(0x0000009be3600000,0x0000009be3700000) (1024K)]
  0x000001d5850c7270 JavaThread "Daemon worker"                     [_thread_in_vm, id=29404, stack(0x0000009be3700000,0x0000009be3800000) (1024K)]
  0x000001d5850c8cb0 JavaThread "Asynchronous log dispatcher for DefaultDaemonConnection: socket connection from /127.0.0.1:2267 to /127.0.0.1:2268"        [_thread_blocked, id=7864, stack(0x0000009be3800000,0x0000009be3900000) (1024K)]
  0x000001d5850c5ec0 JavaThread "Stdin handler"                     [_thread_blocked, id=7284, stack(0x0000009be3900000,0x0000009be3a00000) (1024K)]
  0x000001d5850c7f90 JavaThread "Daemon client event forwarder"        [_thread_blocked, id=10164, stack(0x0000009be3a00000,0x0000009be3b00000) (1024K)]
  0x000001d5850c9340 JavaThread "Cache worker for journal cache (C:\Users\LENOVO\.gradle\caches\journal-1)"        [_thread_blocked, id=7132, stack(0x0000009be3d00000,0x0000009be3e00000) (1024K)]
  0x000001d5850c6550 JavaThread "File lock request listener"        [_thread_in_native, id=1200, stack(0x0000009be3e00000,0x0000009be3f00000) (1024K)]
  0x000001d5850c7900 JavaThread "Cache worker for file hash cache (C:\Users\LENOVO\.gradle\caches\8.14\fileHashes)"        [_thread_blocked, id=31528, stack(0x0000009be3f00000,0x0000009be4000000) (1024K)]
  0x000001d5850c6be0 JavaThread "File lock release action executor"        [_thread_blocked, id=25684, stack(0x0000009be4000000,0x0000009be4100000) (1024K)]
  0x000001d584d622c0 JavaThread "Cache worker for file hash cache (C:\Users\LENOVO\Desktop\HeliBoard-main\.gradle\8.14\fileHashes)"        [_thread_blocked, id=21604, stack(0x0000009be1a00000,0x0000009be1b00000) (1024K)]
  0x000001d584d62950 JavaThread "Cache worker for Build Output Cleanup Cache (C:\Users\LENOVO\Desktop\HeliBoard-main\.gradle\buildOutputCleanup)"        [_thread_blocked, id=12568, stack(0x0000009be4100000,0x0000009be4200000) (1024K)]
  0x000001d584d60f10 JavaThread "File watcher server"        daemon [_thread_in_native, id=27984, stack(0x0000009be4200000,0x0000009be4300000) (1024K)]
  0x000001d584d62fe0 JavaThread "File watcher consumer"      daemon [_thread_blocked, id=4108, stack(0x0000009be4300000,0x0000009be4400000) (1024K)]
Total: 29

Other Threads:
  0x000001d5bd923050 VMThread "VM Thread"                           [id=10268, stack(0x0000009be2200000,0x0000009be2300000) (1024K)]
  0x000001d5bd90f660 WatcherThread "VM Periodic Task Thread"        [id=28040, stack(0x0000009be2100000,0x0000009be2200000) (1024K)]
  0x000001d5a76385a0 WorkerThread "GC Thread#0"                     [id=24588, stack(0x0000009be1c00000,0x0000009be1d00000) (1024K)]
  0x000001d5bdc4ad90 WorkerThread "GC Thread#1"                     [id=4468, stack(0x0000009be2d00000,0x0000009be2e00000) (1024K)]
  0x000001d5ff071320 WorkerThread "GC Thread#2"                     [id=8488, stack(0x0000009be2e00000,0x0000009be2f00000) (1024K)]
  0x000001d58410cba0 WorkerThread "GC Thread#3"                     [id=13980, stack(0x0000009be2f00000,0x0000009be3000000) (1024K)]
  0x000001d584067420 WorkerThread "GC Thread#4"                     [id=8740, stack(0x0000009be3000000,0x0000009be3100000) (1024K)]
  0x000001d584c29ab0 WorkerThread "GC Thread#5"                     [id=17360, stack(0x0000009be1900000,0x0000009be1a00000) (1024K)]
  0x000001d584c29e60 WorkerThread "GC Thread#6"                     [id=16856, stack(0x0000009be3b00000,0x0000009be3c00000) (1024K)]
  0x000001d584c2a210 WorkerThread "GC Thread#7"                     [id=8808, stack(0x0000009be3c00000,0x0000009be3d00000) (1024K)]
  0x000001d5a76413a0 ConcurrentGCThread "G1 Main Marker"            [id=9156, stack(0x0000009be1d00000,0x0000009be1e00000) (1024K)]
  0x000001d5a7642cd0 WorkerThread "G1 Conc#0"                       [id=18340, stack(0x0000009be1e00000,0x0000009be1f00000) (1024K)]
  0x000001d585aa17c0 WorkerThread "G1 Conc#1"                       [id=17800, stack(0x0000009be1800000,0x0000009be1900000) (1024K)]
  0x000001d5bd7e14a0 ConcurrentGCThread "G1 Refine#0"               [id=25836, stack(0x0000009be1f00000,0x0000009be2000000) (1024K)]
  0x000001d5a76b7bc0 ConcurrentGCThread "G1 Service"                [id=32632, stack(0x0000009be2000000,0x0000009be2100000) (1024K)]
Total: 15

Threads with active compile tasks:
C2 CompilerThread0  129995 4003       4       java.net.URLStreamHandler::toExternalForm (156 bytes)
Total: 1

VM state: not at safepoint (normal execution)

VM Mutex/Monitor currently owned by a thread: None

Heap address: 0x00000000c0000000, size: 1024 MB, Compressed Oops mode: 32-bit

CDS archive(s) mapped at: [0x000001d5be000000-0x000001d5beba0000-0x000001d5beba0000), size 12189696, SharedBaseAddress: 0x000001d5be000000, ArchiveRelocationMode: 1.
Compressed class space mapped at: 0x000001d5bf000000-0x000001d5ff000000, reserved size: 1073741824
Narrow klass base: 0x000001d5be000000, Narrow klass shift: 0, Narrow klass range: 0x100000000

GC Precious Log:
 CardTable entry size: 512
 Card Set container configuration: InlinePtr #cards 5 size 8 Array Of Cards #cards 12 size 40 Howl #buckets 4 coarsen threshold 1843 Howl Bitmap #cards 512 size 80 coarsen threshold 460 Card regions per heap region 1 cards per card region 2048
 CPUs: 8 total, 8 available
 Memory: 5965M
 Large Page Support: Disabled
 NUMA Support: Disabled
 Compressed Oops: Enabled (32-bit)
 Heap Region Size: 1M
 Heap Min Capacity: 8M
 Heap Initial Capacity: 94M
 Heap Max Capacity: 1G
 Pre-touch: Disabled
 Parallel Workers: 8
 Concurrent Workers: 2
 Concurrent Refinement Workers: 8
 Periodic GC: Disabled

Heap:
 garbage-first heap   total 86016K, used 31130K [0x00000000c0000000, 0x0000000100000000)
  region size 1024K, 11 young (11264K), 6 survivors (6144K)
 Metaspace       used 28036K, committed 28992K, reserved 1114112K
  class space    used 4158K, committed 4608K, reserved 1048576K

Heap Regions: E=young(eden), S=young(survivor), O=old, HS=humongous(starts), HC=humongous(continues), CS=collection set, F=free, TAMS=top-at-mark-start, PB=parsable bottom
|   0|0x00000000c0000000, 0x00000000c0100000, 0x00000000c0100000|100%|HS|  |TAMS 0x00000000c0000000| PB 0x00000000c0000000| Complete 
|   1|0x00000000c0100000, 0x00000000c0200000, 0x00000000c0200000|100%|HC|  |TAMS 0x00000000c0100000| PB 0x00000000c0100000| Complete 
|   2|0x00000000c0200000, 0x00000000c0300000, 0x00000000c0300000|100%|HC|  |TAMS 0x00000000c0200000| PB 0x00000000c0200000| Complete 
|   3|0x00000000c0300000, 0x00000000c0400000, 0x00000000c0400000|100%| O|  |TAMS 0x00000000c0300000| PB 0x00000000c0300000| Untracked 
|   4|0x00000000c0400000, 0x00000000c0500000, 0x00000000c0500000|100%| O|  |TAMS 0x00000000c0400000| PB 0x00000000c0400000| Untracked 
|   5|0x00000000c0500000, 0x00000000c0600000, 0x00000000c0600000|100%| O|  |TAMS 0x00000000c0500000| PB 0x00000000c0500000| Untracked 
|   6|0x00000000c0600000, 0x00000000c0700000, 0x00000000c0700000|100%|HS|  |TAMS 0x00000000c0600000| PB 0x00000000c0600000| Complete 
|   7|0x00000000c0700000, 0x00000000c0800000, 0x00000000c0800000|100%| O|  |TAMS 0x00000000c0700000| PB 0x00000000c0700000| Untracked 
|   8|0x00000000c0800000, 0x00000000c0900000, 0x00000000c0900000|100%| O|  |TAMS 0x00000000c0800000| PB 0x00000000c0800000| Untracked 
|   9|0x00000000c0900000, 0x00000000c0a00000, 0x00000000c0a00000|100%| O|  |TAMS 0x00000000c0900000| PB 0x00000000c0900000| Untracked 
|  10|0x00000000c0a00000, 0x00000000c0b00000, 0x00000000c0b00000|100%| O|  |TAMS 0x00000000c0a00000| PB 0x00000000c0a00000| Untracked 
|  11|0x00000000c0b00000, 0x00000000c0c00000, 0x00000000c0c00000|100%| O|  |TAMS 0x00000000c0b00000| PB 0x00000000c0b00000| Untracked 
|  12|0x00000000c0c00000, 0x00000000c0d00000, 0x00000000c0d00000|100%| O|  |TAMS 0x00000000c0c00000| PB 0x00000000c0c00000| Untracked 
|  13|0x00000000c0d00000, 0x00000000c0e00000, 0x00000000c0e00000|100%| O|  |TAMS 0x00000000c0d00000| PB 0x00000000c0d00000| Untracked 
|  14|0x00000000c0e00000, 0x00000000c0f00000, 0x00000000c0f00000|100%| O|  |TAMS 0x00000000c0e00000| PB 0x00000000c0e00000| Untracked 
|  15|0x00000000c0f00000, 0x00000000c1000000, 0x00000000c1000000|100%| O|  |TAMS 0x00000000c0f00000| PB 0x00000000c0f00000| Untracked 
|  16|0x00000000c1000000, 0x00000000c1100000, 0x00000000c1100000|100%| O|  |TAMS 0x00000000c1000000| PB 0x00000000c1000000| Untracked 
|  17|0x00000000c1100000, 0x00000000c1200000, 0x00000000c1200000|100%| O|  |TAMS 0x00000000c1100000| PB 0x00000000c1100000| Untracked 
|  18|0x00000000c1200000, 0x00000000c1300000, 0x00000000c1300000|100%| O|  |TAMS 0x00000000c1200000| PB 0x00000000c1200000| Untracked 
|  19|0x00000000c1300000, 0x00000000c1400000, 0x00000000c1400000|100%| O|  |TAMS 0x00000000c1300000| PB 0x00000000c1300000| Untracked 
|  20|0x00000000c1400000, 0x00000000c1500000, 0x00000000c1500000|100%| O|Cm|TAMS 0x00000000c1400000| PB 0x00000000c1400000| Complete 
|  21|0x00000000c1500000, 0x00000000c1500000, 0x00000000c1600000|  0%| F|  |TAMS 0x00000000c1500000| PB 0x00000000c1500000| Untracked 
|  22|0x00000000c1600000, 0x00000000c1600000, 0x00000000c1700000|  0%| F|  |TAMS 0x00000000c1600000| PB 0x00000000c1600000| Untracked 
|  23|0x00000000c1700000, 0x00000000c1700000, 0x00000000c1800000|  0%| F|  |TAMS 0x00000000c1700000| PB 0x00000000c1700000| Untracked 
|  24|0x00000000c1800000, 0x00000000c1800000, 0x00000000c1900000|  0%| F|  |TAMS 0x00000000c1800000| PB 0x00000000c1800000| Untracked 
|  25|0x00000000c1900000, 0x00000000c1900000, 0x00000000c1a00000|  0%| F|  |TAMS 0x00000000c1900000| PB 0x00000000c1900000| Untracked 
|  26|0x00000000c1a00000, 0x00000000c1a00000, 0x00000000c1b00000|  0%| F|  |TAMS 0x00000000c1a00000| PB 0x00000000c1a00000| Untracked 
|  27|0x00000000c1b00000, 0x00000000c1b00000, 0x00000000c1c00000|  0%| F|  |TAMS 0x00000000c1b00000| PB 0x00000000c1b00000| Untracked 
|  28|0x00000000c1c00000, 0x00000000c1c66ba0, 0x00000000c1d00000| 40%| S|CS|TAMS 0x00000000c1c00000| PB 0x00000000c1c00000| Complete 
|  29|0x00000000c1d00000, 0x00000000c1e00000, 0x00000000c1e00000|100%| S|CS|TAMS 0x00000000c1d00000| PB 0x00000000c1d00000| Complete 
|  30|0x00000000c1e00000, 0x00000000c1f00000, 0x00000000c1f00000|100%| S|CS|TAMS 0x00000000c1e00000| PB 0x00000000c1e00000| Complete 
|  31|0x00000000c1f00000, 0x00000000c2000000, 0x00000000c2000000|100%| S|CS|TAMS 0x00000000c1f00000| PB 0x00000000c1f00000| Complete 
|  32|0x00000000c2000000, 0x00000000c2100000, 0x00000000c2100000|100%| S|CS|TAMS 0x00000000c2000000| PB 0x00000000c2000000| Complete 
|  33|0x00000000c2100000, 0x00000000c2200000, 0x00000000c2200000|100%| S|CS|TAMS 0x00000000c2100000| PB 0x00000000c2100000| Complete 
|  34|0x00000000c2200000, 0x00000000c2200000, 0x00000000c2300000|  0%| F|  |TAMS 0x00000000c2200000| PB 0x00000000c2200000| Untracked 
|  35|0x00000000c2300000, 0x00000000c2300000, 0x00000000c2400000|  0%| F|  |TAMS 0x00000000c2300000| PB 0x00000000c2300000| Untracked 
|  36|0x00000000c2400000, 0x00000000c2400000, 0x00000000c2500000|  0%| F|  |TAMS 0x00000000c2400000| PB 0x00000000c2400000| Untracked 
|  37|0x00000000c2500000, 0x00000000c2500000, 0x00000000c2600000|  0%| F|  |TAMS 0x00000000c2500000| PB 0x00000000c2500000| Untracked 
|  38|0x00000000c2600000, 0x00000000c2600000, 0x00000000c2700000|  0%| F|  |TAMS 0x00000000c2600000| PB 0x00000000c2600000| Untracked 
|  39|0x00000000c2700000, 0x00000000c2700000, 0x00000000c2800000|  0%| F|  |TAMS 0x00000000c2700000| PB 0x00000000c2700000| Untracked 
|  40|0x00000000c2800000, 0x00000000c2800000, 0x00000000c2900000|  0%| F|  |TAMS 0x00000000c2800000| PB 0x00000000c2800000| Untracked 
|  41|0x00000000c2900000, 0x00000000c2900000, 0x00000000c2a00000|  0%| F|  |TAMS 0x00000000c2900000| PB 0x00000000c2900000| Untracked 
|  42|0x00000000c2a00000, 0x00000000c2a00000, 0x00000000c2b00000|  0%| F|  |TAMS 0x00000000c2a00000| PB 0x00000000c2a00000| Untracked 
|  43|0x00000000c2b00000, 0x00000000c2b00000, 0x00000000c2c00000|  0%| F|  |TAMS 0x00000000c2b00000| PB 0x00000000c2b00000| Untracked 
|  44|0x00000000c2c00000, 0x00000000c2c00000, 0x00000000c2d00000|  0%| F|  |TAMS 0x00000000c2c00000| PB 0x00000000c2c00000| Untracked 
|  45|0x00000000c2d00000, 0x00000000c2d00000, 0x00000000c2e00000|  0%| F|  |TAMS 0x00000000c2d00000| PB 0x00000000c2d00000| Untracked 
|  46|0x00000000c2e00000, 0x00000000c2e00000, 0x00000000c2f00000|  0%| F|  |TAMS 0x00000000c2e00000| PB 0x00000000c2e00000| Untracked 
|  47|0x00000000c2f00000, 0x00000000c2f00000, 0x00000000c3000000|  0%| F|  |TAMS 0x00000000c2f00000| PB 0x00000000c2f00000| Untracked 
|  48|0x00000000c3000000, 0x00000000c3000000, 0x00000000c3100000|  0%| F|  |TAMS 0x00000000c3000000| PB 0x00000000c3000000| Untracked 
|  49|0x00000000c3100000, 0x00000000c3100000, 0x00000000c3200000|  0%| F|  |TAMS 0x00000000c3100000| PB 0x00000000c3100000| Untracked 
|  50|0x00000000c3200000, 0x00000000c3200000, 0x00000000c3300000|  0%| F|  |TAMS 0x00000000c3200000| PB 0x00000000c3200000| Untracked 
|  51|0x00000000c3300000, 0x00000000c3300000, 0x00000000c3400000|  0%| F|  |TAMS 0x00000000c3300000| PB 0x00000000c3300000| Untracked 
|  52|0x00000000c3400000, 0x00000000c3400000, 0x00000000c3500000|  0%| F|  |TAMS 0x00000000c3400000| PB 0x00000000c3400000| Untracked 
|  53|0x00000000c3500000, 0x00000000c3500000, 0x00000000c3600000|  0%| F|  |TAMS 0x00000000c3500000| PB 0x00000000c3500000| Untracked 
|  54|0x00000000c3600000, 0x00000000c3600000, 0x00000000c3700000|  0%| F|  |TAMS 0x00000000c3600000| PB 0x00000000c3600000| Untracked 
|  55|0x00000000c3700000, 0x00000000c3700000, 0x00000000c3800000|  0%| F|  |TAMS 0x00000000c3700000| PB 0x00000000c3700000| Untracked 
|  56|0x00000000c3800000, 0x00000000c3800000, 0x00000000c3900000|  0%| F|  |TAMS 0x00000000c3800000| PB 0x00000000c3800000| Untracked 
|  57|0x00000000c3900000, 0x00000000c3900000, 0x00000000c3a00000|  0%| F|  |TAMS 0x00000000c3900000| PB 0x00000000c3900000| Untracked 
|  58|0x00000000c3a00000, 0x00000000c3a00000, 0x00000000c3b00000|  0%| F|  |TAMS 0x00000000c3a00000| PB 0x00000000c3a00000| Untracked 
|  59|0x00000000c3b00000, 0x00000000c3b00000, 0x00000000c3c00000|  0%| F|  |TAMS 0x00000000c3b00000| PB 0x00000000c3b00000| Untracked 
|  60|0x00000000c3c00000, 0x00000000c3c00000, 0x00000000c3d00000|  0%| F|  |TAMS 0x00000000c3c00000| PB 0x00000000c3c00000| Untracked 
|  61|0x00000000c3d00000, 0x00000000c3d00000, 0x00000000c3e00000|  0%| F|  |TAMS 0x00000000c3d00000| PB 0x00000000c3d00000| Untracked 
|  62|0x00000000c3e00000, 0x00000000c3e00000, 0x00000000c3f00000|  0%| F|  |TAMS 0x00000000c3e00000| PB 0x00000000c3e00000| Untracked 
|  63|0x00000000c3f00000, 0x00000000c3f00000, 0x00000000c4000000|  0%| F|  |TAMS 0x00000000c3f00000| PB 0x00000000c3f00000| Untracked 
|  64|0x00000000c4000000, 0x00000000c4000000, 0x00000000c4100000|  0%| F|  |TAMS 0x00000000c4000000| PB 0x00000000c4000000| Untracked 
|  65|0x00000000c4100000, 0x00000000c4100000, 0x00000000c4200000|  0%| F|  |TAMS 0x00000000c4100000| PB 0x00000000c4100000| Untracked 
|  66|0x00000000c4200000, 0x00000000c4200000, 0x00000000c4300000|  0%| F|  |TAMS 0x00000000c4200000| PB 0x00000000c4200000| Untracked 
|  67|0x00000000c4300000, 0x00000000c4300000, 0x00000000c4400000|  0%| F|  |TAMS 0x00000000c4300000| PB 0x00000000c4300000| Untracked 
|  68|0x00000000c4400000, 0x00000000c4400000, 0x00000000c4500000|  0%| F|  |TAMS 0x00000000c4400000| PB 0x00000000c4400000| Untracked 
|  69|0x00000000c4500000, 0x00000000c4500000, 0x00000000c4600000|  0%| F|  |TAMS 0x00000000c4500000| PB 0x00000000c4500000| Untracked 
|  70|0x00000000c4600000, 0x00000000c4600000, 0x00000000c4700000|  0%| F|  |TAMS 0x00000000c4600000| PB 0x00000000c4600000| Untracked 
|  71|0x00000000c4700000, 0x00000000c4700000, 0x00000000c4800000|  0%| F|  |TAMS 0x00000000c4700000| PB 0x00000000c4700000| Untracked 
|  72|0x00000000c4800000, 0x00000000c4800000, 0x00000000c4900000|  0%| F|  |TAMS 0x00000000c4800000| PB 0x00000000c4800000| Untracked 
|  73|0x00000000c4900000, 0x00000000c4900000, 0x00000000c4a00000|  0%| F|  |TAMS 0x00000000c4900000| PB 0x00000000c4900000| Untracked 
|  74|0x00000000c4a00000, 0x00000000c4a00000, 0x00000000c4b00000|  0%| F|  |TAMS 0x00000000c4a00000| PB 0x00000000c4a00000| Untracked 
|  75|0x00000000c4b00000, 0x00000000c4b00000, 0x00000000c4c00000|  0%| F|  |TAMS 0x00000000c4b00000| PB 0x00000000c4b00000| Untracked 
|  76|0x00000000c4c00000, 0x00000000c4c00000, 0x00000000c4d00000|  0%| F|  |TAMS 0x00000000c4c00000| PB 0x00000000c4c00000| Untracked 
|  77|0x00000000c4d00000, 0x00000000c4d00000, 0x00000000c4e00000|  0%| F|  |TAMS 0x00000000c4d00000| PB 0x00000000c4d00000| Untracked 
|  78|0x00000000c4e00000, 0x00000000c4e00000, 0x00000000c4f00000|  0%| F|  |TAMS 0x00000000c4e00000| PB 0x00000000c4e00000| Untracked 
|  86|0x00000000c5600000, 0x00000000c5692e80, 0x00000000c5700000| 57%| E|  |TAMS 0x00000000c5600000| PB 0x00000000c5600000| Complete 
|  87|0x00000000c5700000, 0x00000000c5800000, 0x00000000c5800000|100%| E|CS|TAMS 0x00000000c5700000| PB 0x00000000c5700000| Complete 
|  88|0x00000000c5800000, 0x00000000c5900000, 0x00000000c5900000|100%| E|CS|TAMS 0x00000000c5800000| PB 0x00000000c5800000| Complete 
|  89|0x00000000c5900000, 0x00000000c5a00000, 0x00000000c5a00000|100%| E|CS|TAMS 0x00000000c5900000| PB 0x00000000c5900000| Complete 
|  93|0x00000000c5d00000, 0x00000000c5e00000, 0x00000000c5e00000|100%| E|CS|TAMS 0x00000000c5d00000| PB 0x00000000c5d00000| Complete 

Card table byte_map: [0x000001d5b9d40000,0x000001d5b9f40000] _byte_map_base: 0x000001d5b9740000

Marking Bits: (CMBitMap*) 0x000001d5a7638ac0
 Bits: [0x000001d5b9f40000, 0x000001d5baf40000)

Polling page: 0x000001d5a5690000

Metaspace:

Usage:
  Non-class:     23.33 MB used.
      Class:      4.06 MB used.
       Both:     27.39 MB used.

Virtual space:
  Non-class space:       64.00 MB reserved,      23.81 MB ( 37%) committed,  1 nodes.
      Class space:        1.00 GB reserved,       4.50 MB ( <1%) committed,  1 nodes.
             Both:        1.06 GB reserved,      28.31 MB (  3%) committed. 

Chunk freelists:
   Non-Class:  7.55 MB
       Class:  11.33 MB
        Both:  18.88 MB

MaxMetaspaceSize: unlimited
CompressedClassSpaceSize: 1.00 GB
Initial GC threshold: 21.00 MB
Current GC threshold: 35.12 MB
CDS: on
 - commit_granule_bytes: 65536.
 - commit_granule_words: 8192.
 - virtual_space_node_default_size: 8388608.
 - enlarge_chunks_in_place: 1.
 - use_allocation_guard: 0.


Internal statistics:

num_allocs_failed_limit: 3.
num_arena_births: 1522.
num_arena_deaths: 0.
num_vsnodes_births: 2.
num_vsnodes_deaths: 0.
num_space_committed: 453.
num_space_uncommitted: 0.
num_chunks_returned_to_freelist: 3.
num_chunks_taken_from_freelist: 2775.
num_chunk_merges: 3.
num_chunk_splits: 1791.
num_chunks_enlarged: 1114.
num_inconsistent_stats: 0.

CodeHeap 'non-profiled nmethods': size=120000Kb used=2122Kb max_used=2122Kb free=117877Kb
 bounds [0x000001d5b22d0000, 0x000001d5b2540000, 0x000001d5b9800000]
CodeHeap 'profiled nmethods': size=120000Kb used=8051Kb max_used=8051Kb free=111948Kb
 bounds [0x000001d5aa800000, 0x000001d5aafe0000, 0x000001d5b1d30000]
CodeHeap 'non-nmethods': size=5760Kb used=1436Kb max_used=1463Kb free=4323Kb
 bounds [0x000001d5b1d30000, 0x000001d5b1fa0000, 0x000001d5b22d0000]
CodeCache: size=245760Kb, used=11609Kb, max_used=11636Kb, free=234148Kb
 total_blobs=4610, nmethods=4021, adapters=493, full_count=0
Compilation: enabled, stopped_count=0, restarted_count=0

Compilation events (20 events):
Event: 129.781 Thread 0x000001d5bd958b90 4012       3       java.lang.PublicMethods$MethodList::merge (192 bytes)
Event: 129.787 Thread 0x000001d5bd958b90 nmethod 4012 0x000001d5aafd7c90 code [0x000001d5aafd7f00, 0x000001d5aafd8970]
Event: 129.787 Thread 0x000001d5bd958b90 4013       3       java.util.WeakHashMap::matchesKey (33 bytes)
Event: 129.787 Thread 0x000001d5bd958b90 nmethod 4013 0x000001d5aafd8d10 code [0x000001d5aafd8f00, 0x000001d5aafd9408]
Event: 129.787 Thread 0x000001d5bd958b90 4011       3       java.lang.PublicMethods$Key::<init> (24 bytes)
Event: 129.788 Thread 0x000001d5bd958b90 nmethod 4011 0x000001d5aafd9590 code [0x000001d5aafd9760, 0x000001d5aafd9a80]
Event: 129.792 Thread 0x000001d5bd958b90 4014       3       org.codehaus.groovy.util.LockableObject::<init> (5 bytes)
Event: 129.793 Thread 0x000001d5bd958b90 nmethod 4014 0x000001d5aafd9c10 code [0x000001d5aafd9dc0, 0x000001d5aafd9fe8]
Event: 129.793 Thread 0x000001d5bd958b90 4015       3       org.codehaus.groovy.util.LazyReference::<init> (17 bytes)
Event: 129.794 Thread 0x000001d5bd958b90 nmethod 4015 0x000001d5aafda110 code [0x000001d5aafda2e0, 0x000001d5aafda628]
Event: 129.794 Thread 0x000001d5bd958b90 4016       3       java.util.concurrent.atomic.AtomicInteger::incrementAndGet (14 bytes)
Event: 129.794 Thread 0x000001d5bd958b90 nmethod 4016 0x000001d5aafda790 code [0x000001d5aafda920, 0x000001d5aafdaa40]
Event: 129.802 Thread 0x000001d5bd958b90 4017       3       org.codehaus.groovy.util.LazyReference::get (44 bytes)
Event: 129.802 Thread 0x000001d5bd958b90 nmethod 4017 0x000001d5aafdab10 code [0x000001d5aafdad00, 0x000001d5aafdb0e0]
Event: 129.814 Thread 0x000001d5bd958b90 4018       1       org.codehaus.groovy.util.ReferenceManager::getReferenceQueue (5 bytes)
Event: 129.814 Thread 0x000001d5bd958b90 nmethod 4018 0x000001d5b24e1c90 code [0x000001d5b24e1e20, 0x000001d5b24e1ee8]
Event: 129.816 Thread 0x000001d5bd958b90 4019       1       org.codehaus.groovy.util.ReferenceBundle::getType (5 bytes)
Event: 129.816 Thread 0x000001d5bd958b90 nmethod 4019 0x000001d5b24e1f90 code [0x000001d5b24e2120, 0x000001d5b24e21e8]
Event: 129.816 Thread 0x000001d5bd958b90 4020       1       org.codehaus.groovy.util.ReferenceBundle::getManager (5 bytes)
Event: 129.816 Thread 0x000001d5bd958b90 nmethod 4020 0x000001d5b24e2290 code [0x000001d5b24e2420, 0x000001d5b24e24e8]

GC Heap History (14 events):
Event: 3.088 GC heap before
{Heap before GC invocations=0 (full 0):
 garbage-first heap   total 96256K, used 22528K [0x00000000c0000000, 0x0000000100000000)
  region size 1024K, 23 young (23552K), 0 survivors (0K)
 Metaspace       used 944K, committed 1088K, reserved 1114112K
  class space    used 73K, committed 128K, reserved 1048576K
}
Event: 3.383 GC heap after
{Heap after GC invocations=1 (full 0):
 garbage-first heap   total 96256K, used 1536K [0x00000000c0000000, 0x0000000100000000)
  region size 1024K, 2 young (2048K), 2 survivors (2048K)
 Metaspace       used 944K, committed 1088K, reserved 1114112K
  class space    used 73K, committed 128K, reserved 1048576K
}
Event: 8.476 GC heap before
{Heap before GC invocations=1 (full 0):
 garbage-first heap   total 96256K, used 39424K [0x00000000c0000000, 0x0000000100000000)
  region size 1024K, 37 young (37888K), 2 survivors (2048K)
 Metaspace       used 4400K, committed 4544K, reserved 1114112K
  class space    used 558K, committed 640K, reserved 1048576K
}
Event: 8.488 GC heap after
{Heap after GC invocations=2 (full 0):
 garbage-first heap   total 96256K, used 10852K [0x00000000c0000000, 0x0000000100000000)
  region size 1024K, 5 young (5120K), 5 survivors (5120K)
 Metaspace       used 4400K, committed 4544K, reserved 1114112K
  class space    used 558K, committed 640K, reserved 1048576K
}
Event: 10.409 GC heap before
{Heap before GC invocations=2 (full 0):
 garbage-first heap   total 96256K, used 55908K [0x00000000c0000000, 0x0000000100000000)
  region size 1024K, 47 young (48128K), 5 survivors (5120K)
 Metaspace       used 4613K, committed 4864K, reserved 1114112K
  class space    used 582K, committed 704K, reserved 1048576K
}
Event: 10.422 GC heap after
{Heap after GC invocations=3 (full 0):
 garbage-first heap   total 96256K, used 16648K [0x00000000c0000000, 0x0000000100000000)
  region size 1024K, 5 young (5120K), 5 survivors (5120K)
 Metaspace       used 4613K, committed 4864K, reserved 1114112K
  class space    used 582K, committed 704K, reserved 1048576K
}
Event: 31.918 GC heap before
{Heap before GC invocations=3 (full 0):
 garbage-first heap   total 96256K, used 68872K [0x00000000c0000000, 0x0000000100000000)
  region size 1024K, 56 young (57344K), 5 survivors (5120K)
 Metaspace       used 14821K, committed 15232K, reserved 1114112K
  class space    used 2064K, committed 2240K, reserved 1048576K
}
Event: 32.055 GC heap after
{Heap after GC invocations=4 (full 0):
 garbage-first heap   total 96256K, used 21650K [0x00000000c0000000, 0x0000000100000000)
  region size 1024K, 6 young (6144K), 6 survivors (6144K)
 Metaspace       used 14821K, committed 15232K, reserved 1114112K
  class space    used 2064K, committed 2240K, reserved 1048576K
}
Event: 118.188 GC heap before
{Heap before GC invocations=4 (full 0):
 garbage-first heap   total 96256K, used 71826K [0x00000000c0000000, 0x0000000100000000)
  region size 1024K, 55 young (56320K), 6 survivors (6144K)
 Metaspace       used 20432K, committed 21120K, reserved 1114112K
  class space    used 2990K, committed 3328K, reserved 1048576K
}
Event: 118.224 GC heap after
{Heap after GC invocations=5 (full 0):
 garbage-first heap   total 96256K, used 24424K [0x00000000c0000000, 0x0000000100000000)
  region size 1024K, 3 young (3072K), 3 survivors (3072K)
 Metaspace       used 20432K, committed 21120K, reserved 1114112K
  class space    used 2990K, committed 3328K, reserved 1048576K
}
Event: 119.260 GC heap before
{Heap before GC invocations=5 (full 0):
 garbage-first heap   total 96256K, used 27496K [0x00000000c0000000, 0x0000000100000000)
  region size 1024K, 7 young (7168K), 3 survivors (3072K)
 Metaspace       used 20843K, committed 21504K, reserved 1114112K
  class space    used 3046K, committed 3392K, reserved 1048576K
}
Event: 119.273 GC heap after
{Heap after GC invocations=6 (full 0):
 garbage-first heap   total 96256K, used 24724K [0x00000000c0000000, 0x0000000100000000)
  region size 1024K, 4 young (4096K), 4 survivors (4096K)
 Metaspace       used 20843K, committed 21504K, reserved 1114112K
  class space    used 3046K, committed 3392K, reserved 1048576K
}
Event: 129.393 GC heap before
{Heap before GC invocations=7 (full 0):
 garbage-first heap   total 86016K, used 71828K [0x00000000c0000000, 0x0000000100000000)
  region size 1024K, 50 young (51200K), 4 survivors (4096K)
 Metaspace       used 27258K, committed 28224K, reserved 1114112K
  class space    used 4046K, committed 4480K, reserved 1048576K
}
Event: 129.413 GC heap after
{Heap after GC invocations=8 (full 0):
 garbage-first heap   total 86016K, used 27034K [0x00000000c0000000, 0x0000000100000000)
  region size 1024K, 6 young (6144K), 6 survivors (6144K)
 Metaspace       used 27258K, committed 28224K, reserved 1114112K
  class space    used 4046K, committed 4480K, reserved 1048576K
}

Dll operation events (20 events):
Event: 1.104 Attempting to load shared library C:\Users\LENOVO\.antigravity-ide\extensions\redhat.java-1.56.0-win32-x64\jre\21.0.12.1-win32-x86_64\bin\nio.dll
Event: 1.109 Loaded shared library C:\Users\LENOVO\.antigravity-ide\extensions\redhat.java-1.56.0-win32-x64\jre\21.0.12.1-win32-x86_64\bin\nio.dll
Event: 1.115 Attempting to load shared library C:\Users\LENOVO\.antigravity-ide\extensions\redhat.java-1.56.0-win32-x64\jre\21.0.12.1-win32-x86_64\bin\zip.dll
Event: 1.115 Loaded shared library C:\Users\LENOVO\.antigravity-ide\extensions\redhat.java-1.56.0-win32-x64\jre\21.0.12.1-win32-x86_64\bin\zip.dll
Event: 2.799 Attempting to load shared library C:\Users\LENOVO\.antigravity-ide\extensions\redhat.java-1.56.0-win32-x64\jre\21.0.12.1-win32-x86_64\bin\jimage.dll
Event: 2.799 Loaded shared library C:\Users\LENOVO\.antigravity-ide\extensions\redhat.java-1.56.0-win32-x64\jre\21.0.12.1-win32-x86_64\bin\jimage.dll
Event: 4.478 Attempting to load shared library C:\Users\LENOVO\.antigravity-ide\extensions\redhat.java-1.56.0-win32-x64\jre\21.0.12.1-win32-x86_64\bin\verify.dll
Event: 4.481 Loaded shared library C:\Users\LENOVO\.antigravity-ide\extensions\redhat.java-1.56.0-win32-x64\jre\21.0.12.1-win32-x86_64\bin\verify.dll
Event: 5.030 Attempting to load shared library C:\Users\LENOVO\.gradle\native\1def1411415f61bf3af743bc5b6707747c0891f09f0c88961ee8f79bc544acac\windows-amd64\native-platform.dll
Event: 5.050 Loaded shared library C:\Users\LENOVO\.gradle\native\1def1411415f61bf3af743bc5b6707747c0891f09f0c88961ee8f79bc544acac\windows-amd64\native-platform.dll
Event: 5.094 Attempting to load shared library C:\Users\LENOVO\.gradle\native\0.2.7\x86_64-windows-gnu\gradle-fileevents.dll
Event: 5.109 Loaded shared library C:\Users\LENOVO\.gradle\native\0.2.7\x86_64-windows-gnu\gradle-fileevents.dll
Event: 11.660 Attempting to load shared library C:\Users\LENOVO\.antigravity-ide\extensions\redhat.java-1.56.0-win32-x64\jre\21.0.12.1-win32-x86_64\bin\management.dll
Event: 11.664 Loaded shared library C:\Users\LENOVO\.antigravity-ide\extensions\redhat.java-1.56.0-win32-x64\jre\21.0.12.1-win32-x86_64\bin\management.dll
Event: 11.669 Attempting to load shared library C:\Users\LENOVO\.antigravity-ide\extensions\redhat.java-1.56.0-win32-x64\jre\21.0.12.1-win32-x86_64\bin\management_ext.dll
Event: 11.686 Loaded shared library C:\Users\LENOVO\.antigravity-ide\extensions\redhat.java-1.56.0-win32-x64\jre\21.0.12.1-win32-x86_64\bin\management_ext.dll
Event: 14.902 Attempting to load shared library C:\Users\LENOVO\.antigravity-ide\extensions\redhat.java-1.56.0-win32-x64\jre\21.0.12.1-win32-x86_64\bin\extnet.dll
Event: 14.917 Loaded shared library C:\Users\LENOVO\.antigravity-ide\extensions\redhat.java-1.56.0-win32-x64\jre\21.0.12.1-win32-x86_64\bin\extnet.dll
Event: 19.584 Attempting to load shared library C:\Users\LENOVO\.antigravity-ide\extensions\redhat.java-1.56.0-win32-x64\jre\21.0.12.1-win32-x86_64\bin\sunmscapi.dll
Event: 19.628 Loaded shared library C:\Users\LENOVO\.antigravity-ide\extensions\redhat.java-1.56.0-win32-x64\jre\21.0.12.1-win32-x86_64\bin\sunmscapi.dll

Deoptimization events (20 events):
Event: 128.664 Thread 0x000001d5850c7270 DEOPT PACKING pc=0x000001d5b22dff48 sp=0x0000009be37f97e0
Event: 128.664 Thread 0x000001d5850c7270 DEOPT UNPACKING pc=0x000001d5b1d84422 sp=0x0000009be37f9778 mode 2
Event: 129.579 Thread 0x000001d5850c7270 DEOPT PACKING pc=0x000001d5aace69b9 sp=0x0000009be37f88a0
Event: 129.579 Thread 0x000001d5850c7270 DEOPT UNPACKING pc=0x000001d5b1d84bc2 sp=0x0000009be37f7da0 mode 0
Event: 129.614 Thread 0x000001d5850c7270 Uncommon trap: trap_request=0xffffffde fr.pc=0x000001d5b23de1bc relative=0x0000000000000adc
Event: 129.614 Thread 0x000001d5850c7270 Uncommon trap: reason=class_check action=maybe_recompile pc=0x000001d5b23de1bc method=java.io.BufferedInputStream.implRead([BII)I @ 100 c2
Event: 129.614 Thread 0x000001d5850c7270 DEOPT PACKING pc=0x000001d5b23de1bc sp=0x0000009be37f8c70
Event: 129.614 Thread 0x000001d5850c7270 DEOPT UNPACKING pc=0x000001d5b1d84422 sp=0x0000009be37f8c38 mode 2
Event: 129.614 Thread 0x000001d5850c7270 Uncommon trap: trap_request=0xffffffde fr.pc=0x000001d5b23de1bc relative=0x0000000000000adc
Event: 129.614 Thread 0x000001d5850c7270 Uncommon trap: reason=class_check action=maybe_recompile pc=0x000001d5b23de1bc method=java.io.BufferedInputStream.implRead([BII)I @ 100 c2
Event: 129.614 Thread 0x000001d5850c7270 DEOPT PACKING pc=0x000001d5b23de1bc sp=0x0000009be37f8c70
Event: 129.614 Thread 0x000001d5850c7270 DEOPT UNPACKING pc=0x000001d5b1d84422 sp=0x0000009be37f8c38 mode 2
Event: 129.615 Thread 0x000001d5850c7270 Uncommon trap: trap_request=0xffffffde fr.pc=0x000001d5b23de1bc relative=0x0000000000000adc
Event: 129.615 Thread 0x000001d5850c7270 Uncommon trap: reason=class_check action=maybe_recompile pc=0x000001d5b23de1bc method=java.io.BufferedInputStream.implRead([BII)I @ 100 c2
Event: 129.615 Thread 0x000001d5850c7270 DEOPT PACKING pc=0x000001d5b23de1bc sp=0x0000009be37f8c70
Event: 129.615 Thread 0x000001d5850c7270 DEOPT UNPACKING pc=0x000001d5b1d84422 sp=0x0000009be37f8c38 mode 2
Event: 129.615 Thread 0x000001d5850c7270 Uncommon trap: trap_request=0xffffffde fr.pc=0x000001d5b23de1bc relative=0x0000000000000adc
Event: 129.615 Thread 0x000001d5850c7270 Uncommon trap: reason=class_check action=maybe_recompile pc=0x000001d5b23de1bc method=java.io.BufferedInputStream.implRead([BII)I @ 100 c2
Event: 129.615 Thread 0x000001d5850c7270 DEOPT PACKING pc=0x000001d5b23de1bc sp=0x0000009be37f8c10
Event: 129.616 Thread 0x000001d5850c7270 DEOPT UNPACKING pc=0x000001d5b1d84422 sp=0x0000009be37f8bd8 mode 2

Classes loaded (20 events):
Event: 129.198 Loading class jdk/internal/reflect/MethodHandleIntegerFieldAccessorImpl
Event: 129.200 Loading class jdk/internal/reflect/MethodHandleIntegerFieldAccessorImpl done
Event: 129.236 Loading class java/lang/IllegalAccessError
Event: 129.237 Loading class java/lang/IllegalAccessError done
Event: 129.361 Loading class java/beans/PropertyDescriptor
Event: 129.364 Loading class java/beans/PropertyDescriptor done
Event: 129.528 Loading class java/lang/InstantiationException
Event: 129.529 Loading class java/lang/InstantiationException done
Event: 129.535 Loading class java/util/EventListener
Event: 129.540 Loading class java/util/EventListener done
Event: 129.600 Loading class java/io/PrintWriter
Event: 129.601 Loading class java/io/PrintWriter done
Event: 129.601 Loading class java/util/TimerTask
Event: 129.604 Loading class java/util/TimerTask done
Event: 129.604 Loading class java/util/Timer
Event: 129.605 Loading class java/util/Timer done
Event: 129.606 Loading class java/lang/Process
Event: 129.607 Loading class java/lang/Process done
Event: 129.735 Loading class java/security/AccessControlException
Event: 129.736 Loading class java/security/AccessControlException done

Classes unloaded (0 events):
No events

Classes redefined (0 events):
No events

Internal exceptions (20 events):
Event: 121.148 Thread 0x000001d5850c7270 Exception <a 'java/lang/NoSuchMethodError'{0x00000000c47ffd20}: 'java.lang.Object java.lang.invoke.Invokers$Holder.invoker(java.lang.Object, java.lang.Object, java.lang.Object, java.lang.Object, java.lang.Object, java.lang.Object, java.lang.Object, java.lang.Object, java.lang.Object, java.lang.Object, java.lang.Object, java.lang.Object, java.lang.Object, java.lang.Object, java.lang.Object, java.lang.Object, java.lang.Object, java.lang.Object, java.lang.Object, java.lang.Object, java.lang.Object, java.lang.
Event: 121.151 Thread 0x000001d5850c7270 Exception <a 'java/lang/NoSuchMethodError'{0x00000000c4680a98}: 'java.lang.Object java.lang.invoke.DelegatingMethodHandle$Holder.delegate(java.lang.Object, java.lang.Object, java.lang.Object, java.lang.Object, java.lang.Object, java.lang.Object, java.lang.Object, java.lang.Object, java.lang.Object, java.lang.Object, java.lang.Object, java.lang.Object, java.lang.Object, java.lang.Object, java.lang.Object, java.lang.Object, java.lang.Object, java.lang.Object, java.lang.Object, java.lang.Object, java.lang.Obj
Event: 121.618 Thread 0x000001d5850c7270 Exception <a 'java/lang/NoSuchMethodError'{0x00000000c44a0dc8}: 'java.lang.Object java.lang.invoke.DirectMethodHandle$Holder.invokeStaticInit(java.lang.Object, java.lang.Object, java.lang.Object, java.lang.Object)'> (0x00000000c44a0dc8) 
thrown [s\src\hotspot\share\interpreter\linkResolver.cpp, line 773]
Event: 122.046 Thread 0x000001d5850c7270 Exception <a 'java/lang/NoSuchMethodError'{0x00000000c42398e8}: 'java.lang.Object java.lang.invoke.DirectMethodHandle$Holder.newInvokeSpecial(java.lang.Object, java.lang.Object, java.lang.Object, java.lang.Object, java.lang.Object, java.lang.Object, java.lang.Object, java.lang.Object)'> (0x00000000c42398e8) 
thrown [s\src\hotspot\share\interpreter\linkResolver.cpp, line 773]
Event: 122.404 Thread 0x000001d5850c7270 Exception <a 'java/lang/IncompatibleClassChangeError'{0x00000000c416be70}: Found class java.lang.Object, but interface was expected> (0x00000000c416be70) 
thrown [s\src\hotspot\share\interpreter\linkResolver.cpp, line 840]
Event: 122.608 Thread 0x000001d5850c7270 Exception <a 'java/lang/NoSuchMethodError'{0x00000000c41ce310}: 'java.lang.Object java.lang.invoke.DirectMethodHandle$Holder.invokeVirtual(java.lang.Object, java.lang.Object, java.lang.Object, java.lang.Object, java.lang.Object, java.lang.Object, java.lang.Object, java.lang.Object, java.lang.Object, java.lang.Object, java.lang.Object, java.lang.Object, java.lang.Object)'> (0x00000000c41ce310) 
thrown [s\src\hotspot\share\interpreter\linkResolver.cpp, line 773]
Event: 122.618 Thread 0x000001d5850c7270 Exception <a 'java/lang/NoSuchMethodError'{0x00000000c41d3548}: 'java.lang.Object java.lang.invoke.DirectMethodHandle$Holder.invokeSpecial(java.lang.Object, java.lang.Object, java.lang.Object, java.lang.Object, java.lang.Object, java.lang.Object, java.lang.Object, java.lang.Object, java.lang.Object, java.lang.Object, java.lang.Object, java.lang.Object, java.lang.Object, java.lang.Object)'> (0x00000000c41d3548) 
thrown [s\src\hotspot\share\interpreter\linkResolver.cpp, line 773]
Event: 122.630 Thread 0x000001d5850c7270 Exception <a 'java/lang/NoSuchMethodError'{0x00000000c41d8298}: 'java.lang.Object java.lang.invoke.DelegatingMethodHandle$Holder.reinvoke_L(java.lang.Object, java.lang.Object, java.lang.Object, java.lang.Object, java.lang.Object, java.lang.Object, java.lang.Object, java.lang.Object, java.lang.Object, java.lang.Object, java.lang.Object, java.lang.Object, java.lang.Object)'> (0x00000000c41d8298) 
thrown [s\src\hotspot\share\interpreter\linkResolver.cpp, line 773]
Event: 123.173 Thread 0x000001d5850c7270 Exception <a 'java/lang/NoSuchMethodError'{0x00000000c3f792f0}: 'void java.lang.invoke.DirectMethodHandle$Holder.invokeStaticInit(java.lang.Object, java.lang.Object)'> (0x00000000c3f792f0) 
thrown [s\src\hotspot\share\interpreter\linkResolver.cpp, line 773]
Event: 123.796 Thread 0x000001d5850c7270 Exception <a 'java/lang/NoSuchMethodError'{0x00000000c3b63b50}: 'java.lang.Object java.lang.invoke.DirectMethodHandle$Holder.newInvokeSpecial(java.lang.Object, java.lang.Object, java.lang.Object, java.lang.Object, java.lang.Object, java.lang.Object, java.lang.Object, java.lang.Object, java.lang.Object)'> (0x00000000c3b63b50) 
thrown [s\src\hotspot\share\interpreter\linkResolver.cpp, line 773]
Event: 124.696 Thread 0x000001d5850c7270 Exception <a 'java/lang/NoSuchMethodError'{0x00000000c386e860}: 'int java.lang.invoke.DirectMethodHandle$Holder.invokeVirtual(java.lang.Object, java.lang.Object)'> (0x00000000c386e860) 
thrown [s\src\hotspot\share\interpreter\linkResolver.cpp, line 773]
Event: 125.175 Thread 0x000001d5850c7270 Exception <a 'java/lang/NoSuchMethodError'{0x00000000c374fcc0}: 'java.lang.Object java.lang.invoke.DirectMethodHandle$Holder.newInvokeSpecial(java.lang.Object, java.lang.Object, java.lang.Object, int)'> (0x00000000c374fcc0) 
thrown [s\src\hotspot\share\interpreter\linkResolver.cpp, line 773]
Event: 125.179 Thread 0x000001d5850c7270 Exception <a 'java/lang/NoSuchMethodError'{0x00000000c37540e8}: 'java.lang.Object java.lang.invoke.DirectMethodHandle$Holder.invokeSpecial(java.lang.Object, java.lang.Object, java.lang.Object, java.lang.Object, int)'> (0x00000000c37540e8) 
thrown [s\src\hotspot\share\interpreter\linkResolver.cpp, line 773]
Event: 125.193 Thread 0x000001d5850c7270 Exception <a 'java/lang/NoSuchMethodError'{0x00000000c3757cf0}: 'java.lang.Object java.lang.invoke.Invokers$Holder.linkToTargetMethod(java.lang.Object, java.lang.Object, int, java.lang.Object)'> (0x00000000c3757cf0) 
thrown [s\src\hotspot\share\interpreter\linkResolver.cpp, line 773]
Event: 125.250 Thread 0x000001d5850c7270 Exception <a 'java/lang/NoSuchMethodError'{0x00000000c3780938}: 'java.lang.Object java.lang.invoke.DirectMethodHandle$Holder.invokeStatic(java.lang.Object, java.lang.Object, int, java.lang.Object)'> (0x00000000c3780938) 
thrown [s\src\hotspot\share\interpreter\linkResolver.cpp, line 773]
Event: 126.685 Thread 0x000001d5850c7270 Exception <a 'java/lang/NoSuchMethodError'{0x00000000c2f1ebe8}: 'void java.lang.invoke.DirectMethodHandle$Holder.invokeInterface(java.lang.Object, java.lang.Object, java.lang.Object, java.lang.Object, java.lang.Object)'> (0x00000000c2f1ebe8) 
thrown [s\src\hotspot\share\interpreter\linkResolver.cpp, line 773]
Event: 126.822 Thread 0x000001d5850c7270 Exception <a 'java/lang/NoSuchMethodError'{0x00000000c2f7a698}: 'void java.lang.invoke.DirectMethodHandle$Holder.invokeStatic(java.lang.Object, java.lang.Object, java.lang.Object, java.lang.Object, java.lang.Object, java.lang.Object)'> (0x00000000c2f7a698) 
thrown [s\src\hotspot\share\interpreter\linkResolver.cpp, line 773]
Event: 129.175 Thread 0x000001d5850c7270 Exception <a 'java/lang/NoSuchMethodError'{0x00000000c24f5ae8}: 'java.lang.Object java.lang.invoke.DirectMethodHandle$Holder.newInvokeSpecial(java.lang.Object, java.lang.Object, int, int)'> (0x00000000c24f5ae8) 
thrown [s\src\hotspot\share\interpreter\linkResolver.cpp, line 773]
Event: 129.201 Thread 0x000001d5850c7270 Exception <a 'java/lang/NoSuchMethodError'{0x00000000c2330a70}: 'void java.lang.invoke.DirectMethodHandle$Holder.invokeSpecial(java.lang.Object, java.lang.Object, int)'> (0x00000000c2330a70) 
thrown [s\src\hotspot\share\interpreter\linkResolver.cpp, line 773]
Event: 129.202 Thread 0x000001d5850c7270 Exception <a 'java/lang/NoSuchMethodError'{0x00000000c2334d60}: 'void java.lang.invoke.Invokers$Holder.invokeExact_MT(java.lang.Object, int, java.lang.Object)'> (0x00000000c2334d60) 
thrown [s\src\hotspot\share\interpreter\linkResolver.cpp, line 773]

ZGC Phase Switch (0 events):
No events

VM Operations (20 events):
Event: 122.388 Executing safepoint VM operation: Cleanup
Event: 122.403 Executing safepoint VM operation: Cleanup done
Event: 123.416 Executing safepoint VM operation: Cleanup
Event: 123.417 Executing safepoint VM operation: Cleanup done
Event: 124.425 Executing safepoint VM operation: Cleanup
Event: 124.425 Executing safepoint VM operation: Cleanup done
Event: 125.434 Executing safepoint VM operation: Cleanup
Event: 125.450 Executing safepoint VM operation: Cleanup done
Event: 126.289 Executing non-safepoint VM operation: HandshakeAllThreads (Deoptimize)
Event: 126.289 Executing non-safepoint VM operation: HandshakeAllThreads (Deoptimize) done
Event: 127.304 Executing safepoint VM operation: Cleanup
Event: 127.336 Executing safepoint VM operation: Cleanup done
Event: 128.348 Executing safepoint VM operation: Cleanup
Event: 128.364 Executing safepoint VM operation: Cleanup done
Event: 129.017 Executing non-safepoint VM operation: HandshakeAllThreads (Deoptimize)
Event: 129.017 Executing non-safepoint VM operation: HandshakeAllThreads (Deoptimize) done
Event: 129.391 Executing safepoint VM operation: G1CollectForAllocation (G1 Evacuation Pause)
Event: 129.414 Executing safepoint VM operation: G1CollectForAllocation (G1 Evacuation Pause) done
Event: 129.741 Executing non-safepoint VM operation: HandshakeAllThreads (Deoptimize)
Event: 129.742 Executing non-safepoint VM operation: HandshakeAllThreads (Deoptimize) done

Memory protections (0 events):
No events

Nmethod flushes (0 events):
No events

Events (20 events):
Event: 1.069 Thread 0x000001d5a52d7a20 Thread added: 0x000001d5bdb46ea0
Event: 1.212 Thread 0x000001d5a52d7a20 Thread added: 0x000001d5bdbdba10
Event: 11.919 Thread 0x000001d5a52d7a20 Thread added: 0x000001d5bdb32ed0
Event: 16.221 Thread 0x000001d5a52d7a20 Thread added: 0x000001d5bdc90740
Event: 17.472 Thread 0x000001d5a52d7a20 Thread added: 0x000001d58425e960
Event: 19.873 Thread 0x000001d5bdc90740 Thread added: 0x000001d584084a30
Event: 20.849 Thread 0x000001d584084a30 Thread added: 0x000001d584085470
Event: 21.617 Thread 0x000001d584084a30 Thread added: 0x000001d5850c8620
Event: 23.653 Thread 0x000001d584084a30 Thread added: 0x000001d5850c7270
Event: 23.845 Thread 0x000001d5850c7270 Thread added: 0x000001d5850c8cb0
Event: 23.970 Thread 0x000001d5850c7270 Thread added: 0x000001d5850c5ec0
Event: 23.983 Thread 0x000001d5850c7270 Thread added: 0x000001d5850c7f90
Event: 32.102 Thread 0x000001d5850c7270 Thread added: 0x000001d5850c9340
Event: 32.302 Thread 0x000001d5850c7270 Thread added: 0x000001d5850c6550
Event: 32.560 Thread 0x000001d5850c7270 Thread added: 0x000001d5850c7900
Event: 33.121 Thread 0x000001d5850c6550 Thread added: 0x000001d5850c6be0
Event: 120.727 Thread 0x000001d5850c7270 Thread added: 0x000001d584d622c0
Event: 121.025 Thread 0x000001d5850c7270 Thread added: 0x000001d584d62950
Event: 124.476 Thread 0x000001d5850c7270 Thread added: 0x000001d584d60f10
Event: 124.656 Thread 0x000001d5850c7270 Thread added: 0x000001d584d62fe0


Dynamic libraries:
0x00007ff68b060000 - 0x00007ff68b06e000 	C:\Users\LENOVO\.antigravity-ide\extensions\redhat.java-1.56.0-win32-x64\jre\21.0.12.1-win32-x86_64\bin\java.exe
0x00007ffba7f40000 - 0x00007ffba81a7000 	C:\WINDOWS\SYSTEM32\ntdll.dll
0x00007ffba6070000 - 0x00007ffba613b000 	C:\WINDOWS\System32\KERNEL32.DLL
0x00007ffba5490000 - 0x00007ffba5892000 	C:\WINDOWS\System32\KERNELBASE.dll
0x00007ffba5140000 - 0x00007ffba528c000 	C:\WINDOWS\System32\ucrtbase.dll
0x00007ffb97910000 - 0x00007ffb9792e000 	C:\Users\LENOVO\.antigravity-ide\extensions\redhat.java-1.56.0-win32-x64\jre\21.0.12.1-win32-x86_64\bin\VCRUNTIME140.dll
0x00007ffb98210000 - 0x00007ffb98228000 	C:\Users\LENOVO\.antigravity-ide\extensions\redhat.java-1.56.0-win32-x64\jre\21.0.12.1-win32-x86_64\bin\jli.dll
0x00007ffba5e00000 - 0x00007ffba5fcf000 	C:\WINDOWS\System32\USER32.dll
0x00007ffba59e0000 - 0x00007ffba5a07000 	C:\WINDOWS\System32\win32u.dll
0x00007ffba5d80000 - 0x00007ffba5dab000 	C:\WINDOWS\System32\GDI32.dll
0x00007ffb8ec40000 - 0x00007ffb8eed0000 	C:\WINDOWS\WinSxS\amd64_microsoft.windows.common-controls_6595b64144ccf1df_6.0.26100.9278_none_3e0d1ba8e3303201\COMCTL32.dll
0x00007ffba52a0000 - 0x00007ffba53c9000 	C:\WINDOWS\System32\gdi32full.dll
0x00007ffba5930000 - 0x00007ffba59d3000 	C:\WINDOWS\System32\msvcp_win.dll
0x00007ffba6840000 - 0x00007ffba68e9000 	C:\WINDOWS\System32\msvcrt.dll
0x00007ffba5dc0000 - 0x00007ffba5df1000 	C:\WINDOWS\System32\IMM32.DLL
0x00007ffb98200000 - 0x00007ffb9820c000 	C:\Users\LENOVO\.antigravity-ide\extensions\redhat.java-1.56.0-win32-x64\jre\21.0.12.1-win32-x86_64\bin\vcruntime140_1.dll
0x00007ffb763b0000 - 0x00007ffb7643d000 	C:\Users\LENOVO\.antigravity-ide\extensions\redhat.java-1.56.0-win32-x64\jre\21.0.12.1-win32-x86_64\bin\msvcp140.dll
0x00007ffb366c0000 - 0x00007ffb37462000 	C:\Users\LENOVO\.antigravity-ide\extensions\redhat.java-1.56.0-win32-x64\jre\21.0.12.1-win32-x86_64\bin\server\jvm.dll
0x00007ffba66f0000 - 0x00007ffba67ac000 	C:\WINDOWS\System32\ADVAPI32.dll
0x00007ffba7e30000 - 0x00007ffba7ed9000 	C:\WINDOWS\System32\sechost.dll
0x00007ffba5c60000 - 0x00007ffba5d78000 	C:\WINDOWS\System32\RPCRT4.dll
0x00007ffba7090000 - 0x00007ffba7110000 	C:\WINDOWS\System32\WS2_32.dll
0x00007ffba4f90000 - 0x00007ffba4fee000 	C:\WINDOWS\SYSTEM32\POWRPROF.dll
0x00007ffb983b0000 - 0x00007ffb983e6000 	C:\WINDOWS\SYSTEM32\WINMM.dll
0x00007ffb93ff0000 - 0x00007ffb93ffb000 	C:\WINDOWS\SYSTEM32\VERSION.dll
0x00007ffba4f70000 - 0x00007ffba4f85000 	C:\WINDOWS\SYSTEM32\UMPDC.dll
0x00007ffba3dd0000 - 0x00007ffba3deb000 	C:\WINDOWS\SYSTEM32\kernel.appcore.dll
0x00007ffb97640000 - 0x00007ffb9764a000 	C:\Users\LENOVO\.antigravity-ide\extensions\redhat.java-1.56.0-win32-x64\jre\21.0.12.1-win32-x86_64\bin\jimage.dll
0x00007ffba2480000 - 0x00007ffba26cc000 	C:\WINDOWS\SYSTEM32\DBGHELP.DLL
0x00007ffba7950000 - 0x00007ffba7cd5000 	C:\WINDOWS\System32\combase.dll
0x00007ffba62c0000 - 0x00007ffba6399000 	C:\WINDOWS\System32\OLEAUT32.dll
0x00007ffb8c4f0000 - 0x00007ffb8c52b000 	C:\WINDOWS\SYSTEM32\dbgcore.DLL
0x00007ffba5a10000 - 0x00007ffba5abc000 	C:\WINDOWS\System32\bcryptPrimitives.dll
0x00007ffb87510000 - 0x00007ffb8751f000 	C:\Users\LENOVO\.antigravity-ide\extensions\redhat.java-1.56.0-win32-x64\jre\21.0.12.1-win32-x86_64\bin\instrument.dll
0x00007ffb77ba0000 - 0x00007ffb77bc0000 	C:\Users\LENOVO\.antigravity-ide\extensions\redhat.java-1.56.0-win32-x64\jre\21.0.12.1-win32-x86_64\bin\java.dll
0x00007ffba68f0000 - 0x00007ffba7088000 	C:\WINDOWS\System32\SHELL32.dll
0x00007ffba2b60000 - 0x00007ffba340e000 	C:\WINDOWS\SYSTEM32\windows.storage.dll
0x00007ffba7d30000 - 0x00007ffba7e2b000 	C:\WINDOWS\System32\SHCORE.dll
0x00007ffba67d0000 - 0x00007ffba6836000 	C:\WINDOWS\System32\shlwapi.dll
0x00007ffba5060000 - 0x00007ffba5089000 	C:\WINDOWS\SYSTEM32\profapi.dll
0x00007ffb77b80000 - 0x00007ffb77b98000 	C:\Users\LENOVO\.antigravity-ide\extensions\redhat.java-1.56.0-win32-x64\jre\21.0.12.1-win32-x86_64\bin\zip.dll
0x00007ffb97630000 - 0x00007ffb97640000 	C:\Users\LENOVO\.antigravity-ide\extensions\redhat.java-1.56.0-win32-x64\jre\21.0.12.1-win32-x86_64\bin\net.dll
0x00007ffb9d7d0000 - 0x00007ffb9d8fa000 	C:\WINDOWS\SYSTEM32\WINHTTP.dll
0x00007ffba4370000 - 0x00007ffba43dc000 	C:\WINDOWS\system32\mswsock.dll
0x00007ffb759a0000 - 0x00007ffb759b6000 	C:\Users\LENOVO\.antigravity-ide\extensions\redhat.java-1.56.0-win32-x64\jre\21.0.12.1-win32-x86_64\bin\nio.dll
0x00007ffb87520000 - 0x00007ffb87530000 	C:\Users\LENOVO\.antigravity-ide\extensions\redhat.java-1.56.0-win32-x64\jre\21.0.12.1-win32-x86_64\bin\verify.dll
0x00007ffb75970000 - 0x00007ffb75997000 	C:\Users\LENOVO\.gradle\native\1def1411415f61bf3af743bc5b6707747c0891f09f0c88961ee8f79bc544acac\windows-amd64\native-platform.dll
0x00007ffb39e90000 - 0x00007ffb39f08000 	C:\Users\LENOVO\.gradle\native\0.2.7\x86_64-windows-gnu\gradle-fileevents.dll
0x00007ffb865b0000 - 0x00007ffb865ba000 	C:\Users\LENOVO\.antigravity-ide\extensions\redhat.java-1.56.0-win32-x64\jre\21.0.12.1-win32-x86_64\bin\management.dll
0x00007ffb7a950000 - 0x00007ffb7a95c000 	C:\Users\LENOVO\.antigravity-ide\extensions\redhat.java-1.56.0-win32-x64\jre\21.0.12.1-win32-x86_64\bin\management_ext.dll
0x00007ffba5db0000 - 0x00007ffba5db8000 	C:\WINDOWS\System32\PSAPI.DLL
0x00007ffba3780000 - 0x00007ffba37b3000 	C:\WINDOWS\SYSTEM32\IPHLPAPI.DLL
0x00007ffba7120000 - 0x00007ffba712a000 	C:\WINDOWS\System32\NSI.dll
0x00007ffb7a900000 - 0x00007ffb7a909000 	C:\Users\LENOVO\.antigravity-ide\extensions\redhat.java-1.56.0-win32-x64\jre\21.0.12.1-win32-x86_64\bin\extnet.dll
0x00007ffba4790000 - 0x00007ffba47ab000 	C:\WINDOWS\SYSTEM32\CRYPTSP.dll
0x00007ffba3d30000 - 0x00007ffba3d69000 	C:\WINDOWS\system32\rsaenh.dll
0x00007ffba4420000 - 0x00007ffba4454000 	C:\WINDOWS\SYSTEM32\USERENV.dll
0x00007ffba5030000 - 0x00007ffba505a000 	C:\WINDOWS\SYSTEM32\bcrypt.dll
0x00007ffba45d0000 - 0x00007ffba45dc000 	C:\WINDOWS\SYSTEM32\CRYPTBASE.dll
0x00007ffb47f00000 - 0x00007ffb47f0e000 	C:\Users\LENOVO\.antigravity-ide\extensions\redhat.java-1.56.0-win32-x64\jre\21.0.12.1-win32-x86_64\bin\sunmscapi.dll
0x00007ffba5ad0000 - 0x00007ffba5c4e000 	C:\WINDOWS\System32\CRYPT32.dll
0x00007ffba4900000 - 0x00007ffba4930000 	C:\WINDOWS\SYSTEM32\ncrypt.dll
0x00007ffba48b0000 - 0x00007ffba48ef000 	C:\WINDOWS\SYSTEM32\NTASN1.dll
0x00007ffb66b40000 - 0x00007ffb66b48000 	C:\WINDOWS\system32\wshunix.dll

JVMTI agents:
C:\Users\LENOVO\.gradle\wrapper\dists\gradle-8.14-bin\38aieal9i53h9rfe7vjup95b9\gradle-8.14\lib\agents\gradle-instrumentation-agent-8.14.jar path:C:\Users\LENOVO\.antigravity-ide\extensions\redhat.java-1.56.0-win32-x64\jre\21.0.12.1-win32-x86_64\bin\instrument.dll, loaded, initialized, instrumentlib options:none

dbghelp: loaded successfully - version: 4.0.5 - missing functions: none
symbol engine: initialized successfully - sym options: 0x614 - pdb path: .;C:\Users\LENOVO\.antigravity-ide\extensions\redhat.java-1.56.0-win32-x64\jre\21.0.12.1-win32-x86_64\bin;C:\WINDOWS\SYSTEM32;C:\WINDOWS\WinSxS\amd64_microsoft.windows.common-controls_6595b64144ccf1df_6.0.26100.9278_none_3e0d1ba8e3303201;C:\Users\LENOVO\.antigravity-ide\extensions\redhat.java-1.56.0-win32-x64\jre\21.0.12.1-win32-x86_64\bin\server;C:\Users\LENOVO\.gradle\native\1def1411415f61bf3af743bc5b6707747c0891f09f0c88961ee8f79bc544acac\windows-amd64;C:\Users\LENOVO\.gradle\native\0.2.7\x86_64-windows-gnu

VM Arguments:
jvm_args: --add-opens=java.base/java.lang=ALL-UNNAMED --add-opens=java.base/java.lang.invoke=ALL-UNNAMED --add-opens=java.base/java.util=ALL-UNNAMED --add-opens=java.prefs/java.util.prefs=ALL-UNNAMED --add-exports=jdk.compiler/com.sun.tools.javac.api=ALL-UNNAMED --add-exports=jdk.compiler/com.sun.tools.javac.util=ALL-UNNAMED --add-opens=java.base/java.util=ALL-UNNAMED --add-opens=java.prefs/java.util.prefs=ALL-UNNAMED --add-opens=java.base/java.nio.charset=ALL-UNNAMED --add-opens=java.base/java.net=ALL-UNNAMED --add-opens=java.base/java.util.concurrent.atomic=ALL-UNNAMED --add-opens=java.xml/javax.xml.namespace=ALL-UNNAMED -Xmx1024m -Dfile.encoding=UTF-8 -Duser.country=US -Duser.language=en -Duser.variant -javaagent:C:\Users\LENOVO\.gradle\wrapper\dists\gradle-8.14-bin\38aieal9i53h9rfe7vjup95b9\gradle-8.14\lib\agents\gradle-instrumentation-agent-8.14.jar 
java_command: org.gradle.launcher.daemon.bootstrap.GradleDaemon 8.14
java_class_path (initial): C:\Users\LENOVO\.gradle\wrapper\dists\gradle-8.14-bin\38aieal9i53h9rfe7vjup95b9\gradle-8.14\lib\gradle-daemon-main-8.14.jar
Launcher Type: SUN_STANDARD

[Global flags]
     intx CICompilerCount                          = 4                                         {product} {ergonomic}
     uint ConcGCThreads                            = 2                                         {product} {ergonomic}
     uint G1ConcRefinementThreads                  = 8                                         {product} {ergonomic}
   size_t G1HeapRegionSize                         = 1048576                                   {product} {ergonomic}
    uintx GCDrainStackTargetSize                   = 64                                        {product} {ergonomic}
   size_t InitialHeapSize                          = 98566144                                  {product} {ergonomic}
   size_t MarkStackSize                            = 4194304                                   {product} {ergonomic}
   size_t MaxHeapSize                              = 1073741824                                {product} {command line}
   size_t MaxNewSize                               = 643825664                                 {product} {ergonomic}
   size_t MinHeapDeltaBytes                        = 1048576                                   {product} {ergonomic}
   size_t MinHeapSize                              = 8388608                                   {product} {ergonomic}
    uintx NonNMethodCodeHeapSize                   = 5839372                                {pd product} {ergonomic}
    uintx NonProfiledCodeHeapSize                  = 122909434                              {pd product} {ergonomic}
    uintx ProfiledCodeHeapSize                     = 122909434                              {pd product} {ergonomic}
    uintx ReservedCodeCacheSize                    = 251658240                              {pd product} {ergonomic}
     bool SegmentedCodeCache                       = true                                      {product} {ergonomic}
   size_t SoftMaxHeapSize                          = 1073741824                             {manageable} {ergonomic}
     bool UseCompressedOops                        = true                           {product lp64_product} {ergonomic}
     bool UseG1GC                                  = true                                      {product} {ergonomic}
     bool UseLargePagesIndividualAllocation        = false                                  {pd product} {ergonomic}

Logging:
Log output configuration:
 #0: stdout all=warning uptime,level,tags foldmultilines=false
 #1: stderr all=off uptime,level,tags foldmultilines=false

Release file:
JAVA_VERSION="21.0.12.1" 
MODULES="java.base java.compiler java.datatransfer java.xml java.prefs java.desktop java.instrument java.logging java.management java.security.sasl java.naming java.rmi java.management.rmi java.net.http java.scripting java.security.jgss java.transaction.xa java.sql java.sql.rowset java.xml.crypto java.se java.smartcardio jdk.accessibility jdk.internal.jvmstat jdk.attach jdk.charsets jdk.internal.opt jdk.zipfs jdk.compiler jdk.crypto.ec jdk.crypto.cryptoki jdk.crypto.mscapi jdk.dynalink jdk.internal.ed jdk.editpad jdk.hotspot.agent jdk.httpserver jdk.internal.le jdk.internal.vm.ci jdk.internal.vm.compiler jdk.internal.vm.compiler.management jdk.jartool jdk.javadoc jdk.jcmd jdk.management jdk.management.agent jdk.jconsole jdk.jdeps jdk.jdwp.agent jdk.jdi jdk.jfr jdk.jshell jdk.jsobject jdk.jstatd jdk.localedata jdk.management.jfr jdk.naming.dns jdk.naming.rmi jdk.net jdk.nio.mapmode jdk.random jdk.sctp jdk.security.auth jdk.security.jgss jdk.unsupported jdk.unsupported.desktop jdk.xml.dom" 

Environment Variables:
JAVA_HOME=C:\Program Files\Android\Android Studio\jbr
PATH=C:\WINDOWS\system32;C:\WINDOWS;C:\WINDOWS\System32\Wbem;C:\WINDOWS\System32\WindowsPowerShell\v1.0\;C:\WINDOWS\System32\OpenSSH\;C:\Program Files\Docker\Docker\resources\bin;C:\Program Files\nodejs\;C:\Program Files\Git\cmd;C:\Users\LENOVO\AppData\Local\Programs\Python\Python312\Scripts\;C:\Users\LENOVO\AppData\Local\Programs\Python\Python312\;C:\Users\LENOVO\AppData\Local\Programs\Python\Launcher\;C:\Users\LENOVO\AppData\Local\Programs\Python\Python314\Scripts\;C:\Users\LENOVO\AppData\Local\Programs\Python\Python314\;C:\Users\LENOVO\AppData\Local\Microsoft\WindowsApps;C:\Users\LENOVO\AppData\Local\Programs\Antigravity\bin;C:\Users\LENOVO\AppData\Roaming\npm;C:\ScrcpyLauncher by praveen;C:\Users\LENOVO\AppData\Local\PowerToys\DSCModules\;C:\Users\LENOVO\AppData\Local\Programs\Antigravity IDE\bin
USERNAME=LENOVO
OS=Windows_NT
PROCESSOR_IDENTIFIER=AMD64 Family 23 Model 160 Stepping 0, AuthenticAMD
TMP=C:\Users\LENOVO\AppData\Local\Temp
TEMP=C:\Users\LENOVO\AppData\Local\Temp




Periodic native trim disabled

---------------  S Y S T E M  ---------------

OS:
 Windows 11 , 64 bit Build 26100 (10.0.26100.9444)
OS uptime: 8 days 1:41 hours
Hyper-V role detected

CPU: total 8 (initial active 8) (8 cores per cpu, 2 threads per core) family 23 model 160 stepping 0 microcode 0x8a0000a, cx8, cmov, fxsr, ht, mmx, 3dnowpref, sse, sse2, sse3, ssse3, sse4a, sse4.1, sse4.2, popcnt, lzcnt, tsc, tscinvbit, avx, avx2, aes, clmul, bmi1, bmi2, adx, sha, fma, vzeroupper, clflush, clflushopt, hv, rdtscp, rdpid, f16c
Processor Information for the first 8 processors :
  Max Mhz: 2401, Current Mhz: 2401, Mhz Limit: 2401

Memory: 4k page, system-wide physical 5965M (88M free)
TotalPageFile size 24397M (AvailPageFile size 2M)
current process WorkingSet (physical memory assigned to process): 106M, peak: 119M
current process commit charge ("private bytes"): 236M, peak: 249M

vm_info: OpenJDK 64-Bit Server VM (21.0.12.1+1-LTS) for windows-amd64 JRE (21.0.12.1+1-LTS), built on 2026-08-18T00:00:00Z by "admin" with MS VC++ 17.12 (VS2022)

END.
