#
# There is insufficient memory for the Java Runtime Environment to continue.
# Native memory allocation (malloc) failed to allocate 32744 bytes. Error detail: Chunk::new
# Possible reasons:
#   The system is out of physical RAM or swap space
#   This process is running with CompressedOops enabled, and the Java Heap may be blocking the growth of the native heap
# Possible solutions:
#   Reduce memory load on the system
#   Increase physical memory or swap space
#   Check if swap backing store is full
#   Decrease Java heap size (-Xmx/-Xms)
#   Decrease number of Java threads
#   Decrease Java thread stack sizes (-Xss)
#   Set larger code cache with -XX:ReservedCodeCacheSize=
#   JVM is running with Unscaled Compressed Oops mode in which the Java heap is
#     placed in the first 4GB address space. The Java Heap base address is the
#     maximum limit for the native heap growth. Please use -XX:HeapBaseMinAddress
#     to set the Java Heap base and to place the Java Heap above 4GB virtual address.
# This output file may be truncated or incomplete.
#
#  Out of Memory Error (arena.cpp:168), pid=18668, tid=23192
#
# JRE version: OpenJDK Runtime Environment Temurin-21.0.12.1+1 (21.0.12.1+1) (build 21.0.12.1+1-LTS)
# Java VM: OpenJDK 64-Bit Server VM Temurin-21.0.12.1+1 (21.0.12.1+1-LTS, mixed mode, sharing, tiered, compressed oops, compressed class ptrs, g1 gc, windows-amd64)
# No core dump will be written. Minidumps are not enabled by default on client versions of Windows
#

---------------  S U M M A R Y ------------

Command Line: --add-opens=java.base/java.lang=ALL-UNNAMED --add-opens=java.base/java.lang.invoke=ALL-UNNAMED --add-opens=java.base/java.util=ALL-UNNAMED --add-opens=java.prefs/java.util.prefs=ALL-UNNAMED --add-exports=jdk.compiler/com.sun.tools.javac.api=ALL-UNNAMED --add-exports=jdk.compiler/com.sun.tools.javac.util=ALL-UNNAMED --add-opens=java.base/java.util=ALL-UNNAMED --add-opens=java.prefs/java.util.prefs=ALL-UNNAMED --add-opens=java.base/java.nio.charset=ALL-UNNAMED --add-opens=java.base/java.net=ALL-UNNAMED --add-opens=java.base/java.util.concurrent.atomic=ALL-UNNAMED --add-opens=java.xml/javax.xml.namespace=ALL-UNNAMED -Xmx1024m -Dfile.encoding=UTF-8 -Duser.country=US -Duser.language=en -Duser.variant -javaagent:C:\Users\LENOVO\.gradle\wrapper\dists\gradle-8.14-bin\38aieal9i53h9rfe7vjup95b9\gradle-8.14\lib\agents\gradle-instrumentation-agent-8.14.jar org.gradle.launcher.daemon.bootstrap.GradleDaemon 8.14

Host: AMD Ryzen 3 7320U with Radeon Graphics         , 8 cores, 5G,  Windows 11 , 64 bit Build 26100 (10.0.26100.9444)
Time: Sun Sep 27 20:30:59 2026 Nepal Standard Time elapsed time: 118.319261 seconds (0d 0h 1m 58s)

---------------  T H R E A D  ---------------

Current thread (0x000001c2bf923e40):  JavaThread "C2 CompilerThread0" daemon [_thread_in_native, id=23192, stack(0x0000002f15200000,0x0000002f15300000) (1024K)]


Current CompileTask:
C2:118319 11873       4       java.util.TreeSet::add (22 bytes)

Stack: [0x0000002f15200000,0x0000002f15300000]
Native frames: (J=compiled Java code, j=interpreted, Vv=VM code, C=native code)
V  [jvm.dll+0x6d83e9]
V  [jvm.dll+0x8b5736]
V  [jvm.dll+0x8b7cee]
V  [jvm.dll+0x8b83d3]
V  [jvm.dll+0x284596]
V  [jvm.dll+0xc685d]
V  [jvm.dll+0xc6da1]
V  [jvm.dll+0xd41cd]
V  [jvm.dll+0x5eeedd]
V  [jvm.dll+0x5edafd]
V  [jvm.dll+0x5ed21e]
V  [jvm.dll+0x5ed231]
V  [jvm.dll+0x5ed231]
V  [jvm.dll+0x5ff5e3]
V  [jvm.dll+0x255d67]
V  [jvm.dll+0x25612d]
V  [jvm.dll+0x24e6a0]
V  [jvm.dll+0x24bbe6]
V  [jvm.dll+0x1cb4ae]
V  [jvm.dll+0x25baad]
V  [jvm.dll+0x25a03a]
V  [jvm.dll+0x3f8aae]
V  [jvm.dll+0x8600cd]
V  [jvm.dll+0x6d6c1d]
C  [ucrtbase.dll+0x2cd30]
C  [KERNEL32.DLL+0x2cd87]
C  [ntdll.dll+0xacaec]


---------------  P R O C E S S  ---------------

Threads class SMR info:
_java_thread_list=0x000001c308bf4180, length=77, elements={
0x000001c2a7347450, 0x000001c2bf91c280, 0x000001c2bf91da00, 0x000001c2bf91e460,
0x000001c2bf920ed0, 0x000001c2bf921930, 0x000001c2bf9230b0, 0x000001c2bf923e40,
0x000001c2bf99da90, 0x000001c2bfbc7310, 0x000001c2bfae77c0, 0x000001c30665b3c0,
0x000001c2bfc45e80, 0x000001c30663f350, 0x000001c306539c80, 0x000001c30653a8a0,
0x000001c305a4ff50, 0x000001c305a4f230, 0x000001c305a4f8c0, 0x000001c305a4d160,
0x000001c305a505e0, 0x000001c305a4de80, 0x000001c305a4e510, 0x000001c305a4d7f0,
0x000001c3077bd130, 0x000001c3077beb70, 0x000001c3077bde50, 0x000001c3077be4e0,
0x000001c3077bf200, 0x000001c3077bff20, 0x000001c3077bcaa0, 0x000001c3077c33a0,
0x000001c3077c0c40, 0x000001c3077c1960, 0x000001c3077c1ff0, 0x000001c3077c40c0,
0x000001c3077c12d0, 0x000001c30a2586e0, 0x000001c30a2579c0, 0x000001c30a257330,
0x000001c30a258050, 0x000001c30a256ca0, 0x000001c30a258d70, 0x000001c30a255f80,
0x000001c30a2558f0, 0x000001c30a259400, 0x000001c30a256610, 0x000001c30a25bb60,
0x000001c30a25c1f0, 0x000001c30a25ae40, 0x000001c30a25a7b0, 0x000001c30a25a120,
0x000001c30a25b4d0, 0x000001c30a25cf10, 0x000001c30a259a90, 0x000001c30a25c880,
0x000001c3098592c0, 0x000001c309857f10, 0x000001c3098585a0, 0x000001c3098571f0,
0x000001c309859fe0, 0x000001c309856b60, 0x000001c30985a670, 0x000001c30985ad00,
0x000001c309857880, 0x000001c30985c0b0, 0x000001c30985cdd0, 0x000001c30985e180,
0x000001c30985d460, 0x000001c30985daf0, 0x000001c30985ba20, 0x000001c30985b390,
0x000001c30985c740, 0x000001c308d2fa50, 0x000001c308d300e0, 0x000001c308d30e00,
0x000001c308d2ed30
}

Java Threads: ( => current thread )
  0x000001c2a7347450 JavaThread "main"                              [_thread_blocked, id=17104, stack(0x0000002f14400000,0x0000002f14500000) (1024K)]
  0x000001c2bf91c280 JavaThread "Reference Handler"          daemon [_thread_blocked, id=20592, stack(0x0000002f14c00000,0x0000002f14d00000) (1024K)]
  0x000001c2bf91da00 JavaThread "Finalizer"                  daemon [_thread_blocked, id=8160, stack(0x0000002f14d00000,0x0000002f14e00000) (1024K)]
  0x000001c2bf91e460 JavaThread "Signal Dispatcher"          daemon [_thread_blocked, id=13360, stack(0x0000002f14e00000,0x0000002f14f00000) (1024K)]
  0x000001c2bf920ed0 JavaThread "Attach Listener"            daemon [_thread_blocked, id=15440, stack(0x0000002f14f00000,0x0000002f15000000) (1024K)]
  0x000001c2bf921930 JavaThread "Service Thread"             daemon [_thread_blocked, id=16992, stack(0x0000002f15000000,0x0000002f15100000) (1024K)]
  0x000001c2bf9230b0 JavaThread "Monitor Deflation Thread"   daemon [_thread_blocked, id=25100, stack(0x0000002f15100000,0x0000002f15200000) (1024K)]
=>0x000001c2bf923e40 JavaThread "C2 CompilerThread0"         daemon [_thread_in_native, id=23192, stack(0x0000002f15200000,0x0000002f15300000) (1024K)]
  0x000001c2bf99da90 JavaThread "C1 CompilerThread0"         daemon [_thread_blocked, id=14020, stack(0x0000002f15300000,0x0000002f15400000) (1024K)]
  0x000001c2bfbc7310 JavaThread "Common-Cleaner"             daemon [_thread_blocked, id=22908, stack(0x0000002f15400000,0x0000002f15500000) (1024K)]
  0x000001c2bfae77c0 JavaThread "Notification Thread"        daemon [_thread_blocked, id=17072, stack(0x0000002f15500000,0x0000002f15600000) (1024K)]
  0x000001c30665b3c0 JavaThread "Daemon health stats"               [_thread_blocked, id=10284, stack(0x0000002f15a00000,0x0000002f15b00000) (1024K)]
  0x000001c2bfc45e80 JavaThread "Incoming local TCP Connector on port 17823"        [_thread_in_native, id=14556, stack(0x0000002f15b00000,0x0000002f15c00000) (1024K)]
  0x000001c30663f350 JavaThread "Daemon periodic checks"            [_thread_blocked, id=9796, stack(0x0000002f15c00000,0x0000002f15d00000) (1024K)]
  0x000001c306539c80 JavaThread "Daemon"                            [_thread_blocked, id=9568, stack(0x0000002f15d00000,0x0000002f15e00000) (1024K)]
  0x000001c30653a8a0 JavaThread "Handler for socket connection from /127.0.0.1:17823 to /127.0.0.1:17829"        [_thread_in_native, id=12472, stack(0x0000002f15e00000,0x0000002f15f00000) (1024K)]
  0x000001c305a4ff50 JavaThread "Cancel handler"                    [_thread_blocked, id=4160, stack(0x0000002f15f00000,0x0000002f16000000) (1024K)]
  0x000001c305a4f230 JavaThread "Daemon worker"                     [_thread_in_vm, id=6792, stack(0x0000002f16000000,0x0000002f16100000) (1024K)]
  0x000001c305a4f8c0 JavaThread "Asynchronous log dispatcher for DefaultDaemonConnection: socket connection from /127.0.0.1:17823 to /127.0.0.1:17829"        [_thread_blocked, id=13184, stack(0x0000002f16100000,0x0000002f16200000) (1024K)]
  0x000001c305a4d160 JavaThread "Stdin handler"                     [_thread_blocked, id=20016, stack(0x0000002f16200000,0x0000002f16300000) (1024K)]
  0x000001c305a505e0 JavaThread "Daemon client event forwarder"        [_thread_blocked, id=19408, stack(0x0000002f16300000,0x0000002f16400000) (1024K)]
  0x000001c305a4de80 JavaThread "Cache worker for journal cache (C:\Users\LENOVO\.gradle\caches\journal-1)"        [_thread_blocked, id=24648, stack(0x0000002f16400000,0x0000002f16500000) (1024K)]
  0x000001c305a4e510 JavaThread "File lock request listener"        [_thread_in_native, id=21852, stack(0x0000002f16500000,0x0000002f16600000) (1024K)]
  0x000001c305a4d7f0 JavaThread "Cache worker for file hash cache (C:\Users\LENOVO\.gradle\caches\8.14\fileHashes)"        [_thread_blocked, id=13848, stack(0x0000002f16900000,0x0000002f16a00000) (1024K)]
  0x000001c3077bd130 JavaThread "File lock release action executor Thread 2"        [_thread_blocked, id=20792, stack(0x0000002f16b00000,0x0000002f16c00000) (1024K)]
  0x000001c3077beb70 JavaThread "Cache worker for file hash cache (C:\Users\LENOVO\Desktop\HeliBoard-main\.gradle\8.14\fileHashes)"        [_thread_blocked, id=18188, stack(0x0000002f16d00000,0x0000002f16e00000) (1024K)]
  0x000001c3077bde50 JavaThread "Cache worker for Build Output Cleanup Cache (C:\Users\LENOVO\Desktop\HeliBoard-main\.gradle\buildOutputCleanup)"        [_thread_blocked, id=10812, stack(0x0000002f16e00000,0x0000002f16f00000) (1024K)]
  0x000001c3077be4e0 JavaThread "File watcher server"        daemon [_thread_in_native, id=1892, stack(0x0000002f16f00000,0x0000002f17000000) (1024K)]
  0x000001c3077bf200 JavaThread "File watcher consumer"      daemon [_thread_blocked, id=9576, stack(0x0000002f17000000,0x0000002f17100000) (1024K)]
  0x000001c3077bff20 JavaThread "jar transforms"                    [_thread_blocked, id=8752, stack(0x0000002f17100000,0x0000002f17200000) (1024K)]
  0x000001c3077bcaa0 JavaThread "jar transforms Thread 2"           [_thread_blocked, id=1560, stack(0x0000002f17200000,0x0000002f17300000) (1024K)]
  0x000001c3077c33a0 JavaThread "Cache worker for checksums cache (C:\Users\LENOVO\Desktop\HeliBoard-main\.gradle\8.14\checksums)"        [_thread_blocked, id=8904, stack(0x0000002f17300000,0x0000002f17400000) (1024K)]
  0x000001c3077c0c40 JavaThread "Cache worker for file content cache (C:\Users\LENOVO\.gradle\caches\8.14\fileContent)"        [_thread_blocked, id=2512, stack(0x0000002f17400000,0x0000002f17500000) (1024K)]
  0x000001c3077c1960 JavaThread "Cache worker for cache directory md-supplier (C:\Users\LENOVO\.gradle\caches\8.14\md-supplier)"        [_thread_blocked, id=25164, stack(0x0000002f17500000,0x0000002f17600000) (1024K)]
  0x000001c3077c1ff0 JavaThread "Cache worker for cache directory md-rule (C:\Users\LENOVO\.gradle\caches\8.14\md-rule)"        [_thread_blocked, id=20860, stack(0x0000002f17600000,0x0000002f17700000) (1024K)]
  0x000001c3077c40c0 JavaThread "Unconstrained build operations"        [_thread_blocked, id=25040, stack(0x0000002f14200000,0x0000002f14300000) (1024K)]
  0x000001c3077c12d0 JavaThread "Unconstrained build operations Thread 2"        [_thread_blocked, id=21160, stack(0x0000002f14300000,0x0000002f14400000) (1024K)]
  0x000001c30a2586e0 JavaThread "Unconstrained build operations Thread 3"        [_thread_blocked, id=16112, stack(0x0000002f17700000,0x0000002f17800000) (1024K)]
  0x000001c30a2579c0 JavaThread "Unconstrained build operations Thread 4"        [_thread_blocked, id=19512, stack(0x0000002f17800000,0x0000002f17900000) (1024K)]
  0x000001c30a257330 JavaThread "Unconstrained build operations Thread 5"        [_thread_blocked, id=23544, stack(0x0000002f17900000,0x0000002f17a00000) (1024K)]
  0x000001c30a258050 JavaThread "Unconstrained build operations Thread 6"        [_thread_blocked, id=10896, stack(0x0000002f17a00000,0x0000002f17b00000) (1024K)]
  0x000001c30a256ca0 JavaThread "Unconstrained build operations Thread 7"        [_thread_blocked, id=11580, stack(0x0000002f17b00000,0x0000002f17c00000) (1024K)]
  0x000001c30a258d70 JavaThread "Unconstrained build operations Thread 8"        [_thread_blocked, id=17540, stack(0x0000002f17c00000,0x0000002f17d00000) (1024K)]
  0x000001c30a255f80 JavaThread "Unconstrained build operations Thread 9"        [_thread_blocked, id=16980, stack(0x0000002f17d00000,0x0000002f17e00000) (1024K)]
  0x000001c30a2558f0 JavaThread "Unconstrained build operations Thread 10"        [_thread_blocked, id=16172, stack(0x0000002f17e00000,0x0000002f17f00000) (1024K)]
  0x000001c30a259400 JavaThread "Unconstrained build operations Thread 11"        [_thread_blocked, id=24380, stack(0x0000002f17f00000,0x0000002f18000000) (1024K)]
  0x000001c30a256610 JavaThread "Unconstrained build operations Thread 12"        [_thread_blocked, id=15304, stack(0x0000002f18000000,0x0000002f18100000) (1024K)]
  0x000001c30a25bb60 JavaThread "Unconstrained build operations Thread 13"        [_thread_blocked, id=20400, stack(0x0000002f18100000,0x0000002f18200000) (1024K)]
  0x000001c30a25c1f0 JavaThread "Unconstrained build operations Thread 14"        [_thread_blocked, id=1512, stack(0x0000002f18200000,0x0000002f18300000) (1024K)]
  0x000001c30a25ae40 JavaThread "Unconstrained build operations Thread 15"        [_thread_blocked, id=23060, stack(0x0000002f18500000,0x0000002f18600000) (1024K)]
  0x000001c30a25a7b0 JavaThread "Unconstrained build operations Thread 16"        [_thread_blocked, id=16532, stack(0x0000002f18600000,0x0000002f18700000) (1024K)]
  0x000001c30a25a120 JavaThread "Unconstrained build operations Thread 17"        [_thread_blocked, id=6592, stack(0x0000002f18700000,0x0000002f18800000) (1024K)]
  0x000001c30a25b4d0 JavaThread "Unconstrained build operations Thread 18"        [_thread_blocked, id=18692, stack(0x0000002f18800000,0x0000002f18900000) (1024K)]
  0x000001c30a25cf10 JavaThread "Unconstrained build operations Thread 19"        [_thread_blocked, id=14568, stack(0x0000002f18900000,0x0000002f18a00000) (1024K)]
  0x000001c30a259a90 JavaThread "Unconstrained build operations Thread 20"        [_thread_blocked, id=16668, stack(0x0000002f18a00000,0x0000002f18b00000) (1024K)]
  0x000001c30a25c880 JavaThread "Unconstrained build operations Thread 21"        [_thread_blocked, id=22352, stack(0x0000002f18b00000,0x0000002f18c00000) (1024K)]
  0x000001c3098592c0 JavaThread "Unconstrained build operations Thread 22"        [_thread_blocked, id=14112, stack(0x0000002f18300000,0x0000002f18400000) (1024K)]
  0x000001c309857f10 JavaThread "Unconstrained build operations Thread 23"        [_thread_blocked, id=24720, stack(0x0000002f18400000,0x0000002f18500000) (1024K)]
  0x000001c3098585a0 JavaThread "Unconstrained build operations Thread 24"        [_thread_blocked, id=23376, stack(0x0000002f18c00000,0x0000002f18d00000) (1024K)]
  0x000001c3098571f0 JavaThread "Unconstrained build operations Thread 25"        [_thread_blocked, id=21812, stack(0x0000002f18d00000,0x0000002f18e00000) (1024K)]
  0x000001c309859fe0 JavaThread "Unconstrained build operations Thread 26"        [_thread_blocked, id=24724, stack(0x0000002f18e00000,0x0000002f18f00000) (1024K)]
  0x000001c309856b60 JavaThread "Unconstrained build operations Thread 27"        [_thread_blocked, id=10144, stack(0x0000002f18f00000,0x0000002f19000000) (1024K)]
  0x000001c30985a670 JavaThread "Unconstrained build operations Thread 28"        [_thread_blocked, id=22564, stack(0x0000002f19000000,0x0000002f19100000) (1024K)]
  0x000001c30985ad00 JavaThread "Unconstrained build operations Thread 29"        [_thread_blocked, id=19376, stack(0x0000002f19100000,0x0000002f19200000) (1024K)]
  0x000001c309857880 JavaThread "Unconstrained build operations Thread 30"        [_thread_blocked, id=15996, stack(0x0000002f19200000,0x0000002f19300000) (1024K)]
  0x000001c30985c0b0 JavaThread "Unconstrained build operations Thread 31"        [_thread_blocked, id=22492, stack(0x0000002f19300000,0x0000002f19400000) (1024K)]
  0x000001c30985cdd0 JavaThread "Unconstrained build operations Thread 32"        [_thread_blocked, id=24256, stack(0x0000002f19400000,0x0000002f19500000) (1024K)]
  0x000001c30985e180 JavaThread "Unconstrained build operations Thread 33"        [_thread_blocked, id=19168, stack(0x0000002f19500000,0x0000002f19600000) (1024K)]
  0x000001c30985d460 JavaThread "Unconstrained build operations Thread 34"        [_thread_blocked, id=18540, stack(0x0000002f19600000,0x0000002f19700000) (1024K)]
  0x000001c30985daf0 JavaThread "Unconstrained build operations Thread 35"        [_thread_blocked, id=22032, stack(0x0000002f19700000,0x0000002f19800000) (1024K)]
  0x000001c30985ba20 JavaThread "Unconstrained build operations Thread 36"        [_thread_blocked, id=24352, stack(0x0000002f19800000,0x0000002f19900000) (1024K)]
  0x000001c30985b390 JavaThread "Unconstrained build operations Thread 37"        [_thread_blocked, id=14988, stack(0x0000002f19900000,0x0000002f19a00000) (1024K)]
  0x000001c30985c740 JavaThread "Unconstrained build operations Thread 38"        [_thread_blocked, id=11328, stack(0x0000002f19a00000,0x0000002f19b00000) (1024K)]
  0x000001c308d2fa50 JavaThread "Unconstrained build operations Thread 39"        [_thread_blocked, id=22952, stack(0x0000002f19b00000,0x0000002f19c00000) (1024K)]
  0x000001c308d300e0 JavaThread "Memory manager"                    [_thread_blocked, id=19480, stack(0x0000002f19c00000,0x0000002f19d00000) (1024K)]
  0x000001c308d30e00 JavaThread "build event listener"              [_thread_blocked, id=19984, stack(0x0000002f19d00000,0x0000002f19e00000) (1024K)]
  0x000001c308d2ed30 JavaThread "Problems report writer"            [_thread_blocked, id=23388, stack(0x0000002f16a00000,0x0000002f16b00000) (1024K)]
Total: 77

Other Threads:
  0x000001c2bf8fce20 VMThread "VM Thread"                           [id=23364, stack(0x0000002f14b00000,0x0000002f14c00000) (1024K)]
  0x000001c2bf8e8720 WatcherThread "VM Periodic Task Thread"        [id=25192, stack(0x0000002f14a00000,0x0000002f14b00000) (1024K)]
  0x000001c2a9638440 WorkerThread "GC Thread#0"                     [id=3720, stack(0x0000002f14500000,0x0000002f14600000) (1024K)]
  0x000001c2bfd90250 WorkerThread "GC Thread#1"                     [id=7568, stack(0x0000002f15600000,0x0000002f15700000) (1024K)]
  0x000001c305077910 WorkerThread "GC Thread#2"                     [id=4404, stack(0x0000002f15700000,0x0000002f15800000) (1024K)]
  0x000001c30569d690 WorkerThread "GC Thread#3"                     [id=2296, stack(0x0000002f15800000,0x0000002f15900000) (1024K)]
  0x000001c3056a3b00 WorkerThread "GC Thread#4"                     [id=20444, stack(0x0000002f15900000,0x0000002f15a00000) (1024K)]
  0x000001c305d039d0 WorkerThread "GC Thread#5"                     [id=24992, stack(0x0000002f16600000,0x0000002f16700000) (1024K)]
  0x000001c306b541b0 WorkerThread "GC Thread#6"                     [id=4920, stack(0x0000002f16700000,0x0000002f16800000) (1024K)]
  0x000001c306b54560 WorkerThread "GC Thread#7"                     [id=13516, stack(0x0000002f16800000,0x0000002f16900000) (1024K)]
  0x000001c2a9641240 ConcurrentGCThread "G1 Main Marker"            [id=15164, stack(0x0000002f14600000,0x0000002f14700000) (1024K)]
  0x000001c2a9642b70 WorkerThread "G1 Conc#0"                       [id=9372, stack(0x0000002f14700000,0x0000002f14800000) (1024K)]
  0x000001c3079929b0 WorkerThread "G1 Conc#1"                       [id=10000, stack(0x0000002f16c00000,0x0000002f16d00000) (1024K)]
  0x000001c2bf7c10a0 ConcurrentGCThread "G1 Refine#0"               [id=25240, stack(0x0000002f14800000,0x0000002f14900000) (1024K)]
  0x000001c2a96b46a0 ConcurrentGCThread "G1 Service"                [id=2728, stack(0x0000002f14900000,0x0000002f14a00000) (1024K)]
Total: 15

Threads with active compile tasks:
C2 CompilerThread0  118397 11873       4       java.util.TreeSet::add (22 bytes)
Total: 1

VM state: not at safepoint (normal execution)

VM Mutex/Monitor currently owned by a thread: None

Heap address: 0x00000000c0000000, size: 1024 MB, Compressed Oops mode: 32-bit

CDS archive(s) mapped at: [0x000001c2c0000000-0x000001c2c0ba0000-0x000001c2c0ba0000), size 12189696, SharedBaseAddress: 0x000001c2c0000000, ArchiveRelocationMode: 1.
Compressed class space mapped at: 0x000001c2c1000000-0x000001c301000000, reserved size: 1073741824
Narrow klass base: 0x000001c2c0000000, Narrow klass shift: 0, Narrow klass range: 0x100000000

GC Precious Log:
 CardTable entry size: 512
 Card Set container configuration: InlinePtr #cards 5 size 8 Array Of Cards #cards 12 size 40 Howl #buckets 4 coarsen threshold 1843 Howl Bitmap #cards 512 size 80 coarsen threshold 460 Card regions per heap region 1 cards per card region 2048
 CPUs: 8 total, 8 available
 Memory: 5965M
 Large Page Support: Disabled
 NUMA Support: Disabled
 Compressed Oops: Enabled (32-bit)
 Heap Region Size: 1M
 Heap Min Capacity: 8M
 Heap Initial Capacity: 94M
 Heap Max Capacity: 1G
 Pre-touch: Disabled
 Parallel Workers: 8
 Concurrent Workers: 2
 Concurrent Refinement Workers: 8
 Periodic GC: Disabled

Heap:
 garbage-first heap   total 150528K, used 108279K [0x00000000c0000000, 0x0000000100000000)
  region size 1024K, 24 young (24576K), 5 survivors (5120K)
 Metaspace       used 90106K, committed 92352K, reserved 1179648K
  class space    used 12750K, committed 13888K, reserved 1048576K

Heap Regions: E=young(eden), S=young(survivor), O=old, HS=humongous(starts), HC=humongous(continues), CS=collection set, F=free, TAMS=top-at-mark-start, PB=parsable bottom
|   0|0x00000000c0000000, 0x00000000c0100000, 0x00000000c0100000|100%|HS|  |TAMS 0x00000000c0000000| PB 0x00000000c0000000| Complete 
|   1|0x00000000c0100000, 0x00000000c0200000, 0x00000000c0200000|100%|HC|  |TAMS 0x00000000c0100000| PB 0x00000000c0100000| Complete 
|   2|0x00000000c0200000, 0x00000000c0300000, 0x00000000c0300000|100%|HC|  |TAMS 0x00000000c0200000| PB 0x00000000c0200000| Complete 
|   3|0x00000000c0300000, 0x00000000c0400000, 0x00000000c0400000|100%| O|  |TAMS 0x00000000c0300000| PB 0x00000000c0300000| Untracked 
|   4|0x00000000c0400000, 0x00000000c0500000, 0x00000000c0500000|100%| O|  |TAMS 0x00000000c0400000| PB 0x00000000c0400000| Untracked 
|   5|0x00000000c0500000, 0x00000000c0600000, 0x00000000c0600000|100%| O|  |TAMS 0x00000000c0500000| PB 0x00000000c0500000| Untracked 
|   6|0x00000000c0600000, 0x00000000c0700000, 0x00000000c0700000|100%|HS|  |TAMS 0x00000000c0600000| PB 0x00000000c0600000| Complete 
|   7|0x00000000c0700000, 0x00000000c0800000, 0x00000000c0800000|100%| O|  |TAMS 0x00000000c0700000| PB 0x00000000c0700000| Untracked 
|   8|0x00000000c0800000, 0x00000000c0900000, 0x00000000c0900000|100%| O|  |TAMS 0x00000000c0800000| PB 0x00000000c0800000| Untracked 
|   9|0x00000000c0900000, 0x00000000c0a00000, 0x00000000c0a00000|100%| O|  |TAMS 0x00000000c0900000| PB 0x00000000c0900000| Untracked 
|  10|0x00000000c0a00000, 0x00000000c0b00000, 0x00000000c0b00000|100%| O|  |TAMS 0x00000000c0a00000| PB 0x00000000c0a00000| Untracked 
|  11|0x00000000c0b00000, 0x00000000c0c00000, 0x00000000c0c00000|100%|HS|  |TAMS 0x00000000c0b00000| PB 0x00000000c0b00000| Complete 
|  12|0x00000000c0c00000, 0x00000000c0d00000, 0x00000000c0d00000|100%| O|  |TAMS 0x00000000c0c00000| PB 0x00000000c0c00000| Untracked 
|  13|0x00000000c0d00000, 0x00000000c0e00000, 0x00000000c0e00000|100%| O|  |TAMS 0x00000000c0d00000| PB 0x00000000c0d00000| Untracked 
|  14|0x00000000c0e00000, 0x00000000c0f00000, 0x00000000c0f00000|100%| O|  |TAMS 0x00000000c0e00000| PB 0x00000000c0e00000| Untracked 
|  15|0x00000000c0f00000, 0x00000000c1000000, 0x00000000c1000000|100%| O|  |TAMS 0x00000000c0f00000| PB 0x00000000c0f00000| Untracked 
|  16|0x00000000c1000000, 0x00000000c1100000, 0x00000000c1100000|100%| O|  |TAMS 0x00000000c1000000| PB 0x00000000c1000000| Untracked 
|  17|0x00000000c1100000, 0x00000000c1200000, 0x00000000c1200000|100%| O|  |TAMS 0x00000000c1100000| PB 0x00000000c1100000| Untracked 
|  18|0x00000000c1200000, 0x00000000c1300000, 0x00000000c1300000|100%| O|  |TAMS 0x00000000c1200000| PB 0x00000000c1200000| Untracked 
|  19|0x00000000c1300000, 0x00000000c1400000, 0x00000000c1400000|100%| O|  |TAMS 0x00000000c1300000| PB 0x00000000c1300000| Untracked 
|  20|0x00000000c1400000, 0x00000000c1500000, 0x00000000c1500000|100%| O|  |TAMS 0x00000000c1400000| PB 0x00000000c1400000| Untracked 
|  21|0x00000000c1500000, 0x00000000c1600000, 0x00000000c1600000|100%| O|  |TAMS 0x00000000c1500000| PB 0x00000000c1500000| Untracked 
|  22|0x00000000c1600000, 0x00000000c1700000, 0x00000000c1700000|100%| O|  |TAMS 0x00000000c1600000| PB 0x00000000c1600000| Untracked 
|  23|0x00000000c1700000, 0x00000000c1800000, 0x00000000c1800000|100%| O|  |TAMS 0x00000000c1700000| PB 0x00000000c1700000| Untracked 
|  24|0x00000000c1800000, 0x00000000c1900000, 0x00000000c1900000|100%| O|  |TAMS 0x00000000c1800000| PB 0x00000000c1800000| Untracked 
|  25|0x00000000c1900000, 0x00000000c1a00000, 0x00000000c1a00000|100%| O|  |TAMS 0x00000000c1900000| PB 0x00000000c1900000| Untracked 
|  26|0x00000000c1a00000, 0x00000000c1b00000, 0x00000000c1b00000|100%| O|  |TAMS 0x00000000c1a00000| PB 0x00000000c1a00000| Untracked 
|  27|0x00000000c1b00000, 0x00000000c1c00000, 0x00000000c1c00000|100%| O|  |TAMS 0x00000000c1b00000| PB 0x00000000c1b00000| Untracked 
|  28|0x00000000c1c00000, 0x00000000c1d00000, 0x00000000c1d00000|100%| O|  |TAMS 0x00000000c1c00000| PB 0x00000000c1c00000| Untracked 
|  29|0x00000000c1d00000, 0x00000000c1e00000, 0x00000000c1e00000|100%| O|  |TAMS 0x00000000c1d00000| PB 0x00000000c1d00000| Untracked 
|  30|0x00000000c1e00000, 0x00000000c1f00000, 0x00000000c1f00000|100%| O|  |TAMS 0x00000000c1e00000| PB 0x00000000c1e00000| Untracked 
|  31|0x00000000c1f00000, 0x00000000c2000000, 0x00000000c2000000|100%| O|  |TAMS 0x00000000c1f00000| PB 0x00000000c1f00000| Untracked 
|  32|0x00000000c2000000, 0x00000000c2100000, 0x00000000c2100000|100%|HS|  |TAMS 0x00000000c2000000| PB 0x00000000c2000000| Complete 
|  33|0x00000000c2100000, 0x00000000c2200000, 0x00000000c2200000|100%| O|  |TAMS 0x00000000c2100000| PB 0x00000000c2100000| Untracked 
|  34|0x00000000c2200000, 0x00000000c2300000, 0x00000000c2300000|100%| O|  |TAMS 0x00000000c2200000| PB 0x00000000c2200000| Untracked 
|  35|0x00000000c2300000, 0x00000000c2400000, 0x00000000c2400000|100%| O|  |TAMS 0x00000000c2300000| PB 0x00000000c2300000| Untracked 
|  36|0x00000000c2400000, 0x00000000c2500000, 0x00000000c2500000|100%| O|  |TAMS 0x00000000c2400000| PB 0x00000000c2400000| Untracked 
|  37|0x00000000c2500000, 0x00000000c2600000, 0x00000000c2600000|100%| O|  |TAMS 0x00000000c2500000| PB 0x00000000c2500000| Untracked 
|  38|0x00000000c2600000, 0x00000000c2700000, 0x00000000c2700000|100%| O|  |TAMS 0x00000000c2600000| PB 0x00000000c2600000| Untracked 
|  39|0x00000000c2700000, 0x00000000c2800000, 0x00000000c2800000|100%| O|  |TAMS 0x00000000c2700000| PB 0x00000000c2700000| Untracked 
|  40|0x00000000c2800000, 0x00000000c2900000, 0x00000000c2900000|100%| O|  |TAMS 0x00000000c2800000| PB 0x00000000c2800000| Untracked 
|  41|0x00000000c2900000, 0x00000000c2a00000, 0x00000000c2a00000|100%| O|  |TAMS 0x00000000c2900000| PB 0x00000000c2900000| Untracked 
|  42|0x00000000c2a00000, 0x00000000c2b00000, 0x00000000c2b00000|100%| O|  |TAMS 0x00000000c2a00000| PB 0x00000000c2a00000| Untracked 
|  43|0x00000000c2b00000, 0x00000000c2c00000, 0x00000000c2c00000|100%| O|  |TAMS 0x00000000c2b00000| PB 0x00000000c2b00000| Untracked 
|  44|0x00000000c2c00000, 0x00000000c2d00000, 0x00000000c2d00000|100%| O|  |TAMS 0x00000000c2c00000| PB 0x00000000c2c00000| Untracked 
|  45|0x00000000c2d00000, 0x00000000c2e00000, 0x00000000c2e00000|100%| O|  |TAMS 0x00000000c2d00000| PB 0x00000000c2d00000| Untracked 
|  46|0x00000000c2e00000, 0x00000000c2f00000, 0x00000000c2f00000|100%| O|  |TAMS 0x00000000c2e00000| PB 0x00000000c2e00000| Untracked 
|  47|0x00000000c2f00000, 0x00000000c3000000, 0x00000000c3000000|100%| O|Cm|TAMS 0x00000000c2f00000| PB 0x00000000c2f00000| Complete 
|  48|0x00000000c3000000, 0x00000000c3100000, 0x00000000c3100000|100%|HS|  |TAMS 0x00000000c3000000| PB 0x00000000c3000000| Complete 
|  49|0x00000000c3100000, 0x00000000c3200000, 0x00000000c3200000|100%|HC|  |TAMS 0x00000000c3100000| PB 0x00000000c3100000| Complete 
|  50|0x00000000c3200000, 0x00000000c3300000, 0x00000000c3300000|100%|HS|  |TAMS 0x00000000c3200000| PB 0x00000000c3200000| Complete 
|  51|0x00000000c3300000, 0x00000000c3400000, 0x00000000c3400000|100%|HS|  |TAMS 0x00000000c3300000| PB 0x00000000c3300000| Complete 
|  52|0x00000000c3400000, 0x00000000c3500000, 0x00000000c3500000|100%| O|  |TAMS 0x00000000c3400000| PB 0x00000000c3400000| Untracked 
|  53|0x00000000c3500000, 0x00000000c3600000, 0x00000000c3600000|100%| O|  |TAMS 0x00000000c3500000| PB 0x00000000c3500000| Untracked 
|  54|0x00000000c3600000, 0x00000000c3700000, 0x00000000c3700000|100%|HS|  |TAMS 0x00000000c3600000| PB 0x00000000c3600000| Complete 
|  55|0x00000000c3700000, 0x00000000c3800000, 0x00000000c3800000|100%|HC|  |TAMS 0x00000000c3700000| PB 0x00000000c3700000| Complete 
|  56|0x00000000c3800000, 0x00000000c3900000, 0x00000000c3900000|100%| O|  |TAMS 0x00000000c3800000| PB 0x00000000c3800000| Untracked 
|  57|0x00000000c3900000, 0x00000000c3a00000, 0x00000000c3a00000|100%| O|Cm|TAMS 0x00000000c3900000| PB 0x00000000c3900000| Complete 
|  58|0x00000000c3a00000, 0x00000000c3b00000, 0x00000000c3b00000|100%| O|  |TAMS 0x00000000c3a00000| PB 0x00000000c3a00000| Untracked 
|  59|0x00000000c3b00000, 0x00000000c3c00000, 0x00000000c3c00000|100%|HS|  |TAMS 0x00000000c3b00000| PB 0x00000000c3b00000| Complete 
|  60|0x00000000c3c00000, 0x00000000c3d00000, 0x00000000c3d00000|100%|HS|  |TAMS 0x00000000c3c00000| PB 0x00000000c3c00000| Complete 
|  61|0x00000000c3d00000, 0x00000000c3e00000, 0x00000000c3e00000|100%| O|  |TAMS 0x00000000c3d00000| PB 0x00000000c3d00000| Untracked 
|  62|0x00000000c3e00000, 0x00000000c3f00000, 0x00000000c3f00000|100%| O|  |TAMS 0x00000000c3e00000| PB 0x00000000c3e00000| Untracked 
|  63|0x00000000c3f00000, 0x00000000c4000000, 0x00000000c4000000|100%| O|  |TAMS 0x00000000c3f00000| PB 0x00000000c3f00000| Untracked 
|  64|0x00000000c4000000, 0x00000000c4100000, 0x00000000c4100000|100%| O|  |TAMS 0x00000000c4000000| PB 0x00000000c4000000| Untracked 
|  65|0x00000000c4100000, 0x00000000c4200000, 0x00000000c4200000|100%| O|  |TAMS 0x00000000c4100000| PB 0x00000000c4100000| Untracked 
|  66|0x00000000c4200000, 0x00000000c4300000, 0x00000000c4300000|100%| O|  |TAMS 0x00000000c4200000| PB 0x00000000c4200000| Untracked 
|  67|0x00000000c4300000, 0x00000000c4400000, 0x00000000c4400000|100%| O|  |TAMS 0x00000000c4300000| PB 0x00000000c4300000| Untracked 
|  68|0x00000000c4400000, 0x00000000c4500000, 0x00000000c4500000|100%| O|  |TAMS 0x00000000c4400000| PB 0x00000000c4400000| Untracked 
|  69|0x00000000c4500000, 0x00000000c4600000, 0x00000000c4600000|100%|HS|  |TAMS 0x00000000c4500000| PB 0x00000000c4500000| Complete 
|  70|0x00000000c4600000, 0x00000000c4700000, 0x00000000c4700000|100%| O|  |TAMS 0x00000000c4600000| PB 0x00000000c4600000| Untracked 
|  71|0x00000000c4700000, 0x00000000c4800000, 0x00000000c4800000|100%| O|  |TAMS 0x00000000c4700000| PB 0x00000000c4700000| Untracked 
|  72|0x00000000c4800000, 0x00000000c4900000, 0x00000000c4900000|100%| O|  |TAMS 0x00000000c4800000| PB 0x00000000c4800000| Untracked 
|  73|0x00000000c4900000, 0x00000000c4a00000, 0x00000000c4a00000|100%| O|  |TAMS 0x00000000c4900000| PB 0x00000000c4900000| Untracked 
|  74|0x00000000c4a00000, 0x00000000c4b00000, 0x00000000c4b00000|100%| O|  |TAMS 0x00000000c4a00000| PB 0x00000000c4a00000| Untracked 
|  75|0x00000000c4b00000, 0x00000000c4bf1280, 0x00000000c4c00000| 94%| O|  |TAMS 0x00000000c4b00000| PB 0x00000000c4b00000| Untracked 
|  76|0x00000000c4c00000, 0x00000000c4d00000, 0x00000000c4d00000|100%| O|  |TAMS 0x00000000c4c00000| PB 0x00000000c4c00000| Untracked 
|  77|0x00000000c4d00000, 0x00000000c4e00000, 0x00000000c4e00000|100%| O|Cm|TAMS 0x00000000c4d00000| PB 0x00000000c4d00000| Complete 
|  78|0x00000000c4e00000, 0x00000000c4f00000, 0x00000000c4f00000|100%| O|  |TAMS 0x00000000c4e00000| PB 0x00000000c4e00000| Untracked 
|  79|0x00000000c4f00000, 0x00000000c4f00000, 0x00000000c5000000|  0%| F|  |TAMS 0x00000000c4f00000| PB 0x00000000c4f00000| Untracked 
|  80|0x00000000c5000000, 0x00000000c5000000, 0x00000000c5100000|  0%| F|  |TAMS 0x00000000c5000000| PB 0x00000000c5000000| Untracked 
|  81|0x00000000c5100000, 0x00000000c51cca38, 0x00000000c5200000| 79%| S|CS|TAMS 0x00000000c5100000| PB 0x00000000c5100000| Complete 
|  82|0x00000000c5200000, 0x00000000c5200000, 0x00000000c5300000|  0%| F|  |TAMS 0x00000000c5200000| PB 0x00000000c5200000| Untracked 
|  83|0x00000000c5300000, 0x00000000c5300000, 0x00000000c5400000|  0%| F|  |TAMS 0x00000000c5300000| PB 0x00000000c5300000| Untracked 
|  84|0x00000000c5400000, 0x00000000c5500000, 0x00000000c5500000|100%| O|  |TAMS 0x00000000c5400000| PB 0x00000000c5400000| Untracked 
|  85|0x00000000c5500000, 0x00000000c5500000, 0x00000000c5600000|  0%| F|  |TAMS 0x00000000c5500000| PB 0x00000000c5500000| Untracked 
|  86|0x00000000c5600000, 0x00000000c5600000, 0x00000000c5700000|  0%| F|  |TAMS 0x00000000c5600000| PB 0x00000000c5600000| Untracked 
|  87|0x00000000c5700000, 0x00000000c5700000, 0x00000000c5800000|  0%| F|  |TAMS 0x00000000c5700000| PB 0x00000000c5700000| Untracked 
|  88|0x00000000c5800000, 0x00000000c5800000, 0x00000000c5900000|  0%| F|  |TAMS 0x00000000c5800000| PB 0x00000000c5800000| Untracked 
|  89|0x00000000c5900000, 0x00000000c5900000, 0x00000000c5a00000|  0%| F|  |TAMS 0x00000000c5900000| PB 0x00000000c5900000| Untracked 
|  90|0x00000000c5a00000, 0x00000000c5b00000, 0x00000000c5b00000|100%| S|CS|TAMS 0x00000000c5a00000| PB 0x00000000c5a00000| Complete 
|  91|0x00000000c5b00000, 0x00000000c5c00000, 0x00000000c5c00000|100%| S|CS|TAMS 0x00000000c5b00000| PB 0x00000000c5b00000| Complete 
|  92|0x00000000c5c00000, 0x00000000c5d00000, 0x00000000c5d00000|100%| S|CS|TAMS 0x00000000c5c00000| PB 0x00000000c5c00000| Complete 
|  93|0x00000000c5d00000, 0x00000000c5e00000, 0x00000000c5e00000|100%| S|CS|TAMS 0x00000000c5d00000| PB 0x00000000c5d00000| Complete 
|  94|0x00000000c5e00000, 0x00000000c5e00000, 0x00000000c5f00000|  0%| F|  |TAMS 0x00000000c5e00000| PB 0x00000000c5e00000| Untracked 
|  95|0x00000000c5f00000, 0x00000000c5f00000, 0x00000000c6000000|  0%| F|  |TAMS 0x00000000c5f00000| PB 0x00000000c5f00000| Untracked 
|  96|0x00000000c6000000, 0x00000000c6000000, 0x00000000c6100000|  0%| F|  |TAMS 0x00000000c6000000| PB 0x00000000c6000000| Untracked 
|  97|0x00000000c6100000, 0x00000000c6100000, 0x00000000c6200000|  0%| F|  |TAMS 0x00000000c6100000| PB 0x00000000c6100000| Untracked 
|  98|0x00000000c6200000, 0x00000000c6200000, 0x00000000c6300000|  0%| F|  |TAMS 0x00000000c6200000| PB 0x00000000c6200000| Untracked 
|  99|0x00000000c6300000, 0x00000000c6300000, 0x00000000c6400000|  0%| F|  |TAMS 0x00000000c6300000| PB 0x00000000c6300000| Untracked 
| 100|0x00000000c6400000, 0x00000000c6400000, 0x00000000c6500000|  0%| F|  |TAMS 0x00000000c6400000| PB 0x00000000c6400000| Untracked 
| 101|0x00000000c6500000, 0x00000000c6500000, 0x00000000c6600000|  0%| F|  |TAMS 0x00000000c6500000| PB 0x00000000c6500000| Untracked 
| 102|0x00000000c6600000, 0x00000000c6600000, 0x00000000c6700000|  0%| F|  |TAMS 0x00000000c6600000| PB 0x00000000c6600000| Untracked 
| 103|0x00000000c6700000, 0x00000000c6700000, 0x00000000c6800000|  0%| F|  |TAMS 0x00000000c6700000| PB 0x00000000c6700000| Untracked 
| 104|0x00000000c6800000, 0x00000000c6800000, 0x00000000c6900000|  0%| F|  |TAMS 0x00000000c6800000| PB 0x00000000c6800000| Untracked 
| 105|0x00000000c6900000, 0x00000000c6900000, 0x00000000c6a00000|  0%| F|  |TAMS 0x00000000c6900000| PB 0x00000000c6900000| Untracked 
| 106|0x00000000c6a00000, 0x00000000c6a00000, 0x00000000c6b00000|  0%| F|  |TAMS 0x00000000c6a00000| PB 0x00000000c6a00000| Untracked 
| 107|0x00000000c6b00000, 0x00000000c6b00000, 0x00000000c6c00000|  0%| F|  |TAMS 0x00000000c6b00000| PB 0x00000000c6b00000| Untracked 
| 108|0x00000000c6c00000, 0x00000000c6c00000, 0x00000000c6d00000|  0%| F|  |TAMS 0x00000000c6c00000| PB 0x00000000c6c00000| Untracked 
| 109|0x00000000c6d00000, 0x00000000c6d00000, 0x00000000c6e00000|  0%| F|  |TAMS 0x00000000c6d00000| PB 0x00000000c6d00000| Untracked 
| 110|0x00000000c6e00000, 0x00000000c6e00000, 0x00000000c6f00000|  0%| F|  |TAMS 0x00000000c6e00000| PB 0x00000000c6e00000| Untracked 
| 111|0x00000000c6f00000, 0x00000000c6f00000, 0x00000000c7000000|  0%| F|  |TAMS 0x00000000c6f00000| PB 0x00000000c6f00000| Untracked 
| 112|0x00000000c7000000, 0x00000000c7000000, 0x00000000c7100000|  0%| F|  |TAMS 0x00000000c7000000| PB 0x00000000c7000000| Untracked 
| 113|0x00000000c7100000, 0x00000000c7100000, 0x00000000c7200000|  0%| F|  |TAMS 0x00000000c7100000| PB 0x00000000c7100000| Untracked 
| 114|0x00000000c7200000, 0x00000000c7200000, 0x00000000c7300000|  0%| F|  |TAMS 0x00000000c7200000| PB 0x00000000c7200000| Untracked 
| 115|0x00000000c7300000, 0x00000000c7300000, 0x00000000c7400000|  0%| F|  |TAMS 0x00000000c7300000| PB 0x00000000c7300000| Untracked 
| 116|0x00000000c7400000, 0x00000000c7400000, 0x00000000c7500000|  0%| F|  |TAMS 0x00000000c7400000| PB 0x00000000c7400000| Untracked 
| 117|0x00000000c7500000, 0x00000000c7500000, 0x00000000c7600000|  0%| F|  |TAMS 0x00000000c7500000| PB 0x00000000c7500000| Untracked 
| 118|0x00000000c7600000, 0x00000000c7600000, 0x00000000c7700000|  0%| F|  |TAMS 0x00000000c7600000| PB 0x00000000c7600000| Untracked 
| 119|0x00000000c7700000, 0x00000000c7700000, 0x00000000c7800000|  0%| F|  |TAMS 0x00000000c7700000| PB 0x00000000c7700000| Untracked 
| 120|0x00000000c7800000, 0x00000000c7800000, 0x00000000c7900000|  0%| F|  |TAMS 0x00000000c7800000| PB 0x00000000c7800000| Untracked 
| 121|0x00000000c7900000, 0x00000000c7900000, 0x00000000c7a00000|  0%| F|  |TAMS 0x00000000c7900000| PB 0x00000000c7900000| Untracked 
| 122|0x00000000c7a00000, 0x00000000c7a00000, 0x00000000c7b00000|  0%| F|  |TAMS 0x00000000c7a00000| PB 0x00000000c7a00000| Untracked 
| 123|0x00000000c7b00000, 0x00000000c7b00000, 0x00000000c7c00000|  0%| F|  |TAMS 0x00000000c7b00000| PB 0x00000000c7b00000| Untracked 
| 124|0x00000000c7c00000, 0x00000000c7c00000, 0x00000000c7d00000|  0%| F|  |TAMS 0x00000000c7c00000| PB 0x00000000c7c00000| Untracked 
| 125|0x00000000c7d00000, 0x00000000c7e00000, 0x00000000c7e00000|100%| E|  |TAMS 0x00000000c7d00000| PB 0x00000000c7d00000| Complete 
| 126|0x00000000c7e00000, 0x00000000c7f00000, 0x00000000c7f00000|100%| E|CS|TAMS 0x00000000c7e00000| PB 0x00000000c7e00000| Complete 
| 127|0x00000000c7f00000, 0x00000000c8000000, 0x00000000c8000000|100%| E|CS|TAMS 0x00000000c7f00000| PB 0x00000000c7f00000| Complete 
| 128|0x00000000c8000000, 0x00000000c8100000, 0x00000000c8100000|100%| E|CS|TAMS 0x00000000c8000000| PB 0x00000000c8000000| Complete 
| 129|0x00000000c8100000, 0x00000000c8200000, 0x00000000c8200000|100%| E|CS|TAMS 0x00000000c8100000| PB 0x00000000c8100000| Complete 
| 130|0x00000000c8200000, 0x00000000c8300000, 0x00000000c8300000|100%| E|CS|TAMS 0x00000000c8200000| PB 0x00000000c8200000| Complete 
| 131|0x00000000c8300000, 0x00000000c8400000, 0x00000000c8400000|100%| E|CS|TAMS 0x00000000c8300000| PB 0x00000000c8300000| Complete 
| 132|0x00000000c8400000, 0x00000000c8500000, 0x00000000c8500000|100%| E|CS|TAMS 0x00000000c8400000| PB 0x00000000c8400000| Complete 
| 133|0x00000000c8500000, 0x00000000c8600000, 0x00000000c8600000|100%| E|CS|TAMS 0x00000000c8500000| PB 0x00000000c8500000| Complete 
| 134|0x00000000c8600000, 0x00000000c8700000, 0x00000000c8700000|100%| E|CS|TAMS 0x00000000c8600000| PB 0x00000000c8600000| Complete 
| 135|0x00000000c8700000, 0x00000000c8800000, 0x00000000c8800000|100%| E|CS|TAMS 0x00000000c8700000| PB 0x00000000c8700000| Complete 
| 136|0x00000000c8800000, 0x00000000c8900000, 0x00000000c8900000|100%| E|CS|TAMS 0x00000000c8800000| PB 0x00000000c8800000| Complete 
| 137|0x00000000c8900000, 0x00000000c8a00000, 0x00000000c8a00000|100%| E|CS|TAMS 0x00000000c8900000| PB 0x00000000c8900000| Complete 
| 138|0x00000000c8a00000, 0x00000000c8b00000, 0x00000000c8b00000|100%| E|CS|TAMS 0x00000000c8a00000| PB 0x00000000c8a00000| Complete 
| 139|0x00000000c8b00000, 0x00000000c8c00000, 0x00000000c8c00000|100%| E|CS|TAMS 0x00000000c8b00000| PB 0x00000000c8b00000| Complete 
| 140|0x00000000c8c00000, 0x00000000c8d00000, 0x00000000c8d00000|100%| E|CS|TAMS 0x00000000c8c00000| PB 0x00000000c8c00000| Complete 
| 141|0x00000000c8d00000, 0x00000000c8e00000, 0x00000000c8e00000|100%| E|CS|TAMS 0x00000000c8d00000| PB 0x00000000c8d00000| Complete 
|1019|0x00000000ffb00000, 0x00000000ffc00000, 0x00000000ffc00000|100%| E|CS|TAMS 0x00000000ffb00000| PB 0x00000000ffb00000| Complete 
|1020|0x00000000ffc00000, 0x00000000ffd00000, 0x00000000ffd00000|100%| O|  |TAMS 0x00000000ffc00000| PB 0x00000000ffc00000| Untracked 
|1021|0x00000000ffd00000, 0x00000000ffe00000, 0x00000000ffe00000|100%| E|CS|TAMS 0x00000000ffd00000| PB 0x00000000ffd00000| Complete 
|1022|0x00000000ffe00000, 0x00000000fff00000, 0x00000000fff00000|100%| O|  |TAMS 0x00000000ffe00000| PB 0x00000000ffe00000| Untracked 
|1023|0x00000000fff00000, 0x0000000100000000, 0x0000000100000000|100%| O|  |TAMS 0x00000000fff00000| PB 0x00000000fff00000| Untracked 

Card table byte_map: [0x000001c2bbd30000,0x000001c2bbf30000] _byte_map_base: 0x000001c2bb730000

Marking Bits: (CMBitMap*) 0x000001c2a9638960
 Bits: [0x000001c2bbf30000, 0x000001c2bcf30000)

Polling page: 0x000001c2a7680000

Metaspace:

Usage:
  Non-class:     75.54 MB used.
      Class:     12.45 MB used.
       Both:     87.99 MB used.

Virtual space:
  Non-class space:      128.00 MB reserved,      76.62 MB ( 60%) committed,  2 nodes.
      Class space:        1.00 GB reserved,      13.56 MB (  1%) committed,  1 nodes.
             Both:        1.12 GB reserved,      90.19 MB (  8%) committed. 

Chunk freelists:
   Non-Class:  3.08 MB
       Class:  2.41 MB
        Both:  5.48 MB

MaxMetaspaceSize: unlimited
CompressedClassSpaceSize: 1.00 GB
Initial GC threshold: 21.00 MB
Current GC threshold: 149.00 MB
CDS: on
 - commit_granule_bytes: 65536.
 - commit_granule_words: 8192.
 - virtual_space_node_default_size: 8388608.
 - enlarge_chunks_in_place: 1.
 - use_allocation_guard: 0.


Internal statistics:

num_allocs_failed_limit: 6.
num_arena_births: 4088.
num_arena_deaths: 2.
num_vsnodes_births: 3.
num_vsnodes_deaths: 0.
num_space_committed: 1443.
num_space_uncommitted: 0.
num_chunks_returned_to_freelist: 8.
num_chunks_taken_from_freelist: 8342.
num_chunk_merges: 6.
num_chunk_splits: 5445.
num_chunks_enlarged: 3393.
num_inconsistent_stats: 0.

CodeHeap 'non-profiled nmethods': size=120000Kb used=5812Kb max_used=5812Kb free=114188Kb
 bounds [0x000001c2b42d0000, 0x000001c2b4880000, 0x000001c2bb800000]
CodeHeap 'profiled nmethods': size=120000Kb used=18767Kb max_used=18767Kb free=101233Kb
 bounds [0x000001c2ac800000, 0x000001c2ada60000, 0x000001c2b3d30000]
CodeHeap 'non-nmethods': size=5760Kb used=2750Kb max_used=2790Kb free=3009Kb
 bounds [0x000001c2b3d30000, 0x000001c2b3ff0000, 0x000001c2b42d0000]
CodeCache: size=245760Kb, used=27329Kb, max_used=27369Kb, free=218430Kb
 total_blobs=10993, nmethods=9986, adapters=911, full_count=0
Compilation: enabled, stopped_count=0, restarted_count=0

Compilation events (20 events):
Event: 117.674 Thread 0x000001c2bf923e40 nmethod 11860 0x000001c2b4879390 code [0x000001c2b4879780, 0x000001c2b487b280]
Event: 117.674 Thread 0x000001c2bf923e40 11866       4       org.gradle.api.internal.artifacts.configurations.DefaultLegacyConfiguration_Decorated::getName (40 bytes)
Event: 117.675 Thread 0x000001c2bf923e40 nmethod 11866 0x000001c2b487c410 code [0x000001c2b487c5a0, 0x000001c2b487c658]
Event: 118.288 Thread 0x000001c2bf99da90 11872       3       org.gradle.api.internal.provider.Collectors$SingleElement::<init> (10 bytes)
Event: 118.289 Thread 0x000001c2bf99da90 nmethod 11872 0x000001c2ad0dbf10 code [0x000001c2ad0dc0c0, 0x000001c2ad0dc278]
Event: 118.289 Thread 0x000001c2bf923e40 11873       4       java.util.TreeSet::add (22 bytes)
Event: 118.290 Thread 0x000001c2bf99da90 11874       3       org.gradle.api.internal.DefaultDomainObjectCollection::addEagerAction (32 bytes)
Event: 118.290 Thread 0x000001c2bf99da90 nmethod 11874 0x000001c2acfb0490 code [0x000001c2acfb0680, 0x000001c2acfb0b40]
Event: 118.290 Thread 0x000001c2bf99da90 11875       3       org.gradle.api.internal.collections.DefaultCollectionEventRegister::registerEagerAddAction (7 bytes)
Event: 118.291 Thread 0x000001c2bf99da90 nmethod 11875 0x000001c2acbc6a90 code [0x000001c2acbc6c60, 0x000001c2acbc6fa8]
Event: 118.299 Thread 0x000001c2bf99da90 11877       1       org.gradle.api.internal.provider.ValueSupplier$Present::getWithoutSideEffect (5 bytes)
Event: 118.299 Thread 0x000001c2bf99da90 nmethod 11877 0x000001c2b487c710 code [0x000001c2b487c8a0, 0x000001c2b487c968]
Event: 118.300 Thread 0x000001c2bf99da90 11878       3       org.gradle.api.internal.provider.AbstractMinimalProvider::map (11 bytes)
Event: 118.300 Thread 0x000001c2bf99da90 nmethod 11878 0x000001c2acfafe90 code [0x000001c2acfb0040, 0x000001c2acfb0378]
Event: 118.300 Thread 0x000001c2bf99da90 11879       3       org.gradle.api.internal.provider.AbstractMinimalProvider::map (6 bytes)
Event: 118.300 Thread 0x000001c2bf99da90 nmethod 11879 0x000001c2acfafa90 code [0x000001c2acfafc40, 0x000001c2acfafe08]
Event: 118.307 Thread 0x000001c2bf99da90 11880       1       org.gradle.api.internal.provider.TransformBackedProvider::getType (5 bytes)
Event: 118.308 Thread 0x000001c2bf99da90 nmethod 11880 0x000001c2b487ca10 code [0x000001c2b487cba0, 0x000001c2b487cc68]
Event: 118.311 Thread 0x000001c2bf99da90 11881       1       com.android.build.gradle.internal.services.ProjectServices::getProjectInfo (5 bytes)
Event: 118.314 Thread 0x000001c2bf99da90 nmethod 11881 0x000001c2b487cd10 code [0x000001c2b487cea0, 0x000001c2b487cf68]

GC Heap History (20 events):
Event: 79.283 GC heap before
{Heap before GC invocations=27 (full 0):
 garbage-first heap   total 116736K, used 102104K [0x00000000c0000000, 0x0000000100000000)
  region size 1024K, 35 young (35840K), 3 survivors (3072K)
 Metaspace       used 64220K, committed 66240K, reserved 1114112K
  class space    used 9070K, committed 10048K, reserved 1048576K
}
Event: 79.289 GC heap after
{Heap after GC invocations=28 (full 0):
 garbage-first heap   total 116736K, used 73597K [0x00000000c0000000, 0x0000000100000000)
  region size 1024K, 5 young (5120K), 5 survivors (5120K)
 Metaspace       used 64220K, committed 66240K, reserved 1114112K
  class space    used 9070K, committed 10048K, reserved 1048576K
}
Event: 80.719 GC heap before
{Heap before GC invocations=29 (full 0):
 garbage-first heap   total 122880K, used 111485K [0x00000000c0000000, 0x0000000100000000)
  region size 1024K, 36 young (36864K), 5 survivors (5120K)
 Metaspace       used 65863K, committed 67840K, reserved 1114112K
  class space    used 9303K, committed 10304K, reserved 1048576K
}
Event: 80.725 GC heap after
{Heap after GC invocations=30 (full 0):
 garbage-first heap   total 122880K, used 77594K [0x00000000c0000000, 0x0000000100000000)
  region size 1024K, 5 young (5120K), 5 survivors (5120K)
 Metaspace       used 65863K, committed 67840K, reserved 1114112K
  class space    used 9303K, committed 10304K, reserved 1048576K
}
Event: 85.184 GC heap before
{Heap before GC invocations=30 (full 0):
 garbage-first heap   total 122880K, used 110362K [0x00000000c0000000, 0x0000000100000000)
  region size 1024K, 37 young (37888K), 5 survivors (5120K)
 Metaspace       used 68289K, committed 70336K, reserved 1114112K
  class space    used 9605K, committed 10624K, reserved 1048576K
}
Event: 85.194 GC heap after
{Heap after GC invocations=31 (full 0):
 garbage-first heap   total 122880K, used 78584K [0x00000000c0000000, 0x0000000100000000)
  region size 1024K, 3 young (3072K), 3 survivors (3072K)
 Metaspace       used 68289K, committed 70336K, reserved 1114112K
  class space    used 9605K, committed 10624K, reserved 1048576K
}
Event: 88.828 GC heap before
{Heap before GC invocations=31 (full 0):
 garbage-first heap   total 122880K, used 110328K [0x00000000c0000000, 0x0000000100000000)
  region size 1024K, 34 young (34816K), 3 survivors (3072K)
 Metaspace       used 72143K, committed 74112K, reserved 1114112K
  class space    used 10129K, committed 11072K, reserved 1048576K
}
Event: 88.836 GC heap after
{Heap after GC invocations=32 (full 0):
 garbage-first heap   total 122880K, used 79707K [0x00000000c0000000, 0x0000000100000000)
  region size 1024K, 4 young (4096K), 4 survivors (4096K)
 Metaspace       used 72143K, committed 74112K, reserved 1114112K
  class space    used 10129K, committed 11072K, reserved 1048576K
}
Event: 90.976 GC heap before
{Heap before GC invocations=33 (full 0):
 garbage-first heap   total 135168K, used 112475K [0x00000000c0000000, 0x0000000100000000)
  region size 1024K, 36 young (36864K), 4 survivors (4096K)
 Metaspace       used 74657K, committed 76672K, reserved 1114112K
  class space    used 10484K, committed 11456K, reserved 1048576K
}
Event: 90.981 GC heap after
{Heap after GC invocations=34 (full 0):
 garbage-first heap   total 135168K, used 80746K [0x00000000c0000000, 0x0000000100000000)
  region size 1024K, 3 young (3072K), 3 survivors (3072K)
 Metaspace       used 74657K, committed 76672K, reserved 1114112K
  class space    used 10484K, committed 11456K, reserved 1048576K
}
Event: 93.727 GC heap before
{Heap before GC invocations=34 (full 0):
 garbage-first heap   total 135168K, used 123754K [0x00000000c0000000, 0x0000000100000000)
  region size 1024K, 45 young (46080K), 3 survivors (3072K)
 Metaspace       used 76659K, committed 78784K, reserved 1179648K
  class space    used 10781K, committed 11840K, reserved 1048576K
}
Event: 93.736 GC heap after
{Heap after GC invocations=35 (full 0):
 garbage-first heap   total 135168K, used 83718K [0x00000000c0000000, 0x0000000100000000)
  region size 1024K, 6 young (6144K), 6 survivors (6144K)
 Metaspace       used 76659K, committed 78784K, reserved 1179648K
  class space    used 10781K, committed 11840K, reserved 1048576K
}
Event: 96.326 GC heap before
{Heap before GC invocations=35 (full 0):
 garbage-first heap   total 135168K, used 122630K [0x00000000c0000000, 0x0000000100000000)
  region size 1024K, 45 young (46080K), 6 survivors (6144K)
 Metaspace       used 79638K, committed 81728K, reserved 1179648K
  class space    used 11123K, committed 12160K, reserved 1048576K
}
Event: 96.334 GC heap after
{Heap after GC invocations=36 (full 0):
 garbage-first heap   total 135168K, used 85979K [0x00000000c0000000, 0x0000000100000000)
  region size 1024K, 3 young (3072K), 3 survivors (3072K)
 Metaspace       used 79638K, committed 81728K, reserved 1179648K
  class space    used 11123K, committed 12160K, reserved 1048576K
}
Event: 99.364 GC heap before
{Heap before GC invocations=37 (full 0):
 garbage-first heap   total 145408K, used 123867K [0x00000000c0000000, 0x0000000100000000)
  region size 1024K, 40 young (40960K), 3 survivors (3072K)
 Metaspace       used 82639K, committed 84736K, reserved 1179648K
  class space    used 11586K, committed 12672K, reserved 1048576K
}
Event: 99.368 GC heap after
{Heap after GC invocations=38 (full 0):
 garbage-first heap   total 145408K, used 86697K [0x00000000c0000000, 0x0000000100000000)
  region size 1024K, 4 young (4096K), 4 survivors (4096K)
 Metaspace       used 82639K, committed 84736K, reserved 1179648K
  class space    used 11586K, committed 12672K, reserved 1048576K
}
Event: 105.124 GC heap before
{Heap before GC invocations=38 (full 0):
 garbage-first heap   total 145408K, used 132777K [0x00000000c0000000, 0x0000000100000000)
  region size 1024K, 49 young (50176K), 4 survivors (4096K)
 Metaspace       used 86542K, committed 88704K, reserved 1179648K
  class space    used 12249K, committed 13312K, reserved 1048576K
}
Event: 105.130 GC heap after
{Heap after GC invocations=39 (full 0):
 garbage-first heap   total 145408K, used 87830K [0x00000000c0000000, 0x0000000100000000)
  region size 1024K, 7 young (7168K), 7 survivors (7168K)
 Metaspace       used 86542K, committed 88704K, reserved 1179648K
  class space    used 12249K, committed 13312K, reserved 1048576K
}
Event: 110.851 GC heap before
{Heap before GC invocations=39 (full 0):
 garbage-first heap   total 145408K, used 133910K [0x00000000c0000000, 0x0000000100000000)
  region size 1024K, 52 young (53248K), 7 survivors (7168K)
 Metaspace       used 89218K, committed 91456K, reserved 1179648K
  class space    used 12584K, committed 13696K, reserved 1048576K
}
Event: 110.866 GC heap after
{Heap after GC invocations=40 (full 0):
 garbage-first heap   total 145408K, used 89847K [0x00000000c0000000, 0x0000000100000000)
  region size 1024K, 5 young (5120K), 5 survivors (5120K)
 Metaspace       used 89218K, committed 91456K, reserved 1179648K
  class space    used 12584K, committed 13696K, reserved 1048576K
}

Dll operation events (20 events):
Event: 1.390 Attempting to load shared library C:\Users\LENOVO\.antigravity-ide\extensions\redhat.java-1.56.0-win32-x64\jre\21.0.12.1-win32-x86_64\bin\nio.dll
Event: 1.391 Loaded shared library C:\Users\LENOVO\.antigravity-ide\extensions\redhat.java-1.56.0-win32-x64\jre\21.0.12.1-win32-x86_64\bin\nio.dll
Event: 1.401 Attempting to load shared library C:\Users\LENOVO\.antigravity-ide\extensions\redhat.java-1.56.0-win32-x64\jre\21.0.12.1-win32-x86_64\bin\zip.dll
Event: 1.401 Loaded shared library C:\Users\LENOVO\.antigravity-ide\extensions\redhat.java-1.56.0-win32-x64\jre\21.0.12.1-win32-x86_64\bin\zip.dll
Event: 3.565 Attempting to load shared library C:\Users\LENOVO\.antigravity-ide\extensions\redhat.java-1.56.0-win32-x64\jre\21.0.12.1-win32-x86_64\bin\jimage.dll
Event: 3.565 Loaded shared library C:\Users\LENOVO\.antigravity-ide\extensions\redhat.java-1.56.0-win32-x64\jre\21.0.12.1-win32-x86_64\bin\jimage.dll
Event: 6.226 Attempting to load shared library C:\Users\LENOVO\.antigravity-ide\extensions\redhat.java-1.56.0-win32-x64\jre\21.0.12.1-win32-x86_64\bin\verify.dll
Event: 6.228 Loaded shared library C:\Users\LENOVO\.antigravity-ide\extensions\redhat.java-1.56.0-win32-x64\jre\21.0.12.1-win32-x86_64\bin\verify.dll
Event: 7.025 Attempting to load shared library C:\Users\LENOVO\.gradle\native\1def1411415f61bf3af743bc5b6707747c0891f09f0c88961ee8f79bc544acac\windows-amd64\native-platform.dll
Event: 7.027 Loaded shared library C:\Users\LENOVO\.gradle\native\1def1411415f61bf3af743bc5b6707747c0891f09f0c88961ee8f79bc544acac\windows-amd64\native-platform.dll
Event: 7.091 Attempting to load shared library C:\Users\LENOVO\.gradle\native\0.2.7\x86_64-windows-gnu\gradle-fileevents.dll
Event: 7.096 Loaded shared library C:\Users\LENOVO\.gradle\native\0.2.7\x86_64-windows-gnu\gradle-fileevents.dll
Event: 16.135 Attempting to load shared library C:\Users\LENOVO\.antigravity-ide\extensions\redhat.java-1.56.0-win32-x64\jre\21.0.12.1-win32-x86_64\bin\management.dll
Event: 16.142 Loaded shared library C:\Users\LENOVO\.antigravity-ide\extensions\redhat.java-1.56.0-win32-x64\jre\21.0.12.1-win32-x86_64\bin\management.dll
Event: 16.163 Attempting to load shared library C:\Users\LENOVO\.antigravity-ide\extensions\redhat.java-1.56.0-win32-x64\jre\21.0.12.1-win32-x86_64\bin\management_ext.dll
Event: 16.166 Loaded shared library C:\Users\LENOVO\.antigravity-ide\extensions\redhat.java-1.56.0-win32-x64\jre\21.0.12.1-win32-x86_64\bin\management_ext.dll
Event: 20.279 Attempting to load shared library C:\Users\LENOVO\.antigravity-ide\extensions\redhat.java-1.56.0-win32-x64\jre\21.0.12.1-win32-x86_64\bin\extnet.dll
Event: 20.281 Loaded shared library C:\Users\LENOVO\.antigravity-ide\extensions\redhat.java-1.56.0-win32-x64\jre\21.0.12.1-win32-x86_64\bin\extnet.dll
Event: 23.808 Attempting to load shared library C:\Users\LENOVO\.antigravity-ide\extensions\redhat.java-1.56.0-win32-x64\jre\21.0.12.1-win32-x86_64\bin\sunmscapi.dll
Event: 23.829 Loaded shared library C:\Users\LENOVO\.antigravity-ide\extensions\redhat.java-1.56.0-win32-x64\jre\21.0.12.1-win32-x86_64\bin\sunmscapi.dll

Deoptimization events (20 events):
Event: 108.342 Thread 0x000001c305a4f230 Uncommon trap: trap_request=0xfffffff4 fr.pc=0x000001c2b483adf0 relative=0x00000000000000d0
Event: 108.342 Thread 0x000001c305a4f230 Uncommon trap: reason=null_check action=make_not_entrant pc=0x000001c2b483adf0 method=java.lang.Class.isEnum()Z @ 1 c2
Event: 108.342 Thread 0x000001c305a4f230 DEOPT PACKING pc=0x000001c2b483adf0 sp=0x0000002f160f7b50
Event: 108.342 Thread 0x000001c305a4f230 DEOPT UNPACKING pc=0x000001c2b3d84422 sp=0x0000002f160f7af0 mode 2
Event: 109.059 Thread 0x000001c305a4f230 Uncommon trap: trap_request=0xffffff45 fr.pc=0x000001c2b47f3b00 relative=0x0000000000000060
Event: 109.059 Thread 0x000001c305a4f230 Uncommon trap: reason=unstable_if action=reinterpret pc=0x000001c2b47f3b00 method=java.lang.StringConcatHelper.stringOf(Ljava/lang/Object;)Ljava/lang/String; @ 1 c2
Event: 109.059 Thread 0x000001c305a4f230 DEOPT PACKING pc=0x000001c2b47f3b00 sp=0x0000002f160f8540
Event: 109.059 Thread 0x000001c305a4f230 DEOPT UNPACKING pc=0x000001c2b3d84422 sp=0x0000002f160f84d0 mode 2
Event: 112.153 Thread 0x000001c305a4f230 Uncommon trap: trap_request=0xffffff45 fr.pc=0x000001c2b484670c relative=0x00000000000009ac
Event: 112.153 Thread 0x000001c305a4f230 Uncommon trap: reason=unstable_if action=reinterpret pc=0x000001c2b484670c method=com.google.common.collect.ImmutableSet$RegularSetBuilderImpl.hashFloodingDetected([Ljava/lang/Object;)Z @ 25 c2
Event: 112.153 Thread 0x000001c305a4f230 DEOPT PACKING pc=0x000001c2b484670c sp=0x0000002f160f80b0
Event: 112.153 Thread 0x000001c305a4f230 DEOPT UNPACKING pc=0x000001c2b3d84422 sp=0x0000002f160f7f88 mode 2
Event: 116.675 Thread 0x000001c305a4f230 Uncommon trap: trap_request=0xffffff45 fr.pc=0x000001c2b473ad50 relative=0x00000000000003d0
Event: 116.675 Thread 0x000001c305a4f230 Uncommon trap: reason=unstable_if action=reinterpret pc=0x000001c2b473ad50 method=java.lang.StringConcatHelper.simpleConcat(Ljava/lang/Object;Ljava/lang/Object;)Ljava/lang/String; @ 30 c2
Event: 116.675 Thread 0x000001c305a4f230 DEOPT PACKING pc=0x000001c2b473ad50 sp=0x0000002f160f8790
Event: 116.675 Thread 0x000001c305a4f230 DEOPT UNPACKING pc=0x000001c2b3d84422 sp=0x0000002f160f8748 mode 2
Event: 118.191 Thread 0x000001c305a4f230 Uncommon trap: trap_request=0xffffff45 fr.pc=0x000001c2b4387398 relative=0x0000000000000078
Event: 118.191 Thread 0x000001c305a4f230 Uncommon trap: reason=unstable_if action=reinterpret pc=0x000001c2b4387398 method=org.gradle.api.internal.artifacts.ivyservice.moduleconverter.DefaultRootComponentMetadataBuilder$MetadataHolder.validateMutation(Lorg/gradle/api/internal/artifacts/configura
Event: 118.191 Thread 0x000001c305a4f230 DEOPT PACKING pc=0x000001c2b4387398 sp=0x0000002f160f8470
Event: 118.191 Thread 0x000001c305a4f230 DEOPT UNPACKING pc=0x000001c2b3d84422 sp=0x0000002f160f83f0 mode 2

Classes loaded (20 events):
Event: 97.914 Loading class java/util/concurrent/atomic/AtomicIntegerArray
Event: 97.915 Loading class java/util/concurrent/atomic/AtomicIntegerArray done
Event: 97.919 Loading class java/util/Currency
Event: 97.920 Loading class java/util/Currency done
Event: 97.947 Loading class java/util/concurrent/atomic/AtomicLongArray
Event: 97.948 Loading class java/util/concurrent/atomic/AtomicLongArray done
Event: 98.130 Loading class sun/reflect/generics/repository/FieldRepository
Event: 98.130 Loading class sun/reflect/generics/repository/FieldRepository done
Event: 98.182 Loading class jdk/internal/vm/annotation/ForceInline
Event: 98.183 Loading class jdk/internal/vm/annotation/ForceInline done
Event: 98.398 Loading class java/util/regex/Pattern$Caret
Event: 98.399 Loading class java/util/regex/Pattern$Caret done
Event: 104.750 Loading class java/net/Proxy
Event: 104.750 Loading class java/net/Proxy done
Event: 104.750 Loading class java/net/Proxy$Type
Event: 104.750 Loading class java/net/Proxy$Type done
Event: 105.063 Loading class java/io/FileReader
Event: 105.063 Loading class java/io/FileReader done
Event: 113.341 Loading class java/io/CharArrayWriter
Event: 113.342 Loading class java/io/CharArrayWriter done

Classes unloaded (1 events):
Event: 79.349 Thread 0x000001c2bf8fce20 Unloading class 0x000001c2c18a6400 'java/lang/invoke/LambdaForm$DMH+0x000001c2c18a6400'

Classes redefined (0 events):
No events

Internal exceptions (20 events):
Event: 91.739 Thread 0x000001c305a4f230 Exception <a 'java/lang/NoSuchMethodError'{0x00000000c74f21d0}: 'java.lang.Object java.lang.invoke.DirectMethodHandle$Holder.invokeStaticInit(java.lang.Object, int)'> (0x00000000c74f21d0) 
thrown [s\src\hotspot\share\interpreter\linkResolver.cpp, line 773]
Event: 91.745 Thread 0x000001c305a4f230 Exception <a 'java/lang/NoSuchMethodError'{0x00000000c74ff008}: 'java.lang.Object java.lang.invoke.DirectMethodHandle$Holder.invokeStatic(java.lang.Object, int, java.lang.Object)'> (0x00000000c74ff008) 
thrown [s\src\hotspot\share\interpreter\linkResolver.cpp, line 773]
Event: 91.746 Thread 0x000001c305a4f230 Exception <a 'java/lang/NoSuchMethodError'{0x00000000c7303830}: 'java.lang.Object java.lang.invoke.DirectMethodHandle$Holder.invokeStaticInit(java.lang.Object, int, java.lang.Object)'> (0x00000000c7303830) 
thrown [s\src\hotspot\share\interpreter\linkResolver.cpp, line 773]
Event: 96.347 Thread 0x000001c305a4f230 Exception <a 'java/lang/NoSuchMethodError'{0x00000000ffd30340}: 'java.lang.Object java.lang.invoke.DirectMethodHandle$Holder.newInvokeSpecial(java.lang.Object, java.lang.Object, java.lang.Object, java.lang.Object, java.lang.Object, java.lang.Object, java.lang.Object, java.lang.Object, java.lang.Object, java.lang.Object, java.lang.Object, java.lang.Object, java.lang.Object, java.lang.Object)'> (0x00000000ffd30340) 
thrown [s\src\hotspot\share\interpreter\linkResolver.cpp, line 773]
Event: 98.185 Thread 0x000001c305a4f230 Exception <a 'java/lang/NoSuchMethodError'{0x00000000c75903c8}: 'void java.lang.invoke.Invokers$Holder.invokeExact_MT(java.lang.Object, java.lang.Object, java.lang.Object, java.lang.Object)'> (0x00000000c75903c8) 
thrown [s\src\hotspot\share\interpreter\linkResolver.cpp, line 773]
Event: 100.388 Thread 0x000001c305a4f230 Implicit null exception at 0x000001c2b43782b5 to 0x000001c2b4379f4c
Event: 104.578 Thread 0x000001c305a4f230 Exception <a 'java/lang/NoSuchMethodError'{0x00000000c5f89070}: 'java.lang.Object java.lang.invoke.Invokers$Holder.invokeExact_MT(java.lang.Object, java.lang.Object, java.lang.Object, int, java.lang.Object, java.lang.Object)'> (0x00000000c5f89070) 
thrown [s\src\hotspot\share\interpreter\linkResolver.cpp, line 773]
Event: 105.286 Thread 0x000001c305a4f230 Exception <a 'java/lang/NoSuchMethodError'{0x00000000ffbfd320}: 'void java.lang.invoke.DelegatingMethodHandle$Holder.reinvoke_L(java.lang.Object, java.lang.Object, int)'> (0x00000000ffbfd320) 
thrown [s\src\hotspot\share\interpreter\linkResolver.cpp, line 773]
Event: 105.287 Thread 0x000001c305a4f230 Exception <a 'java/lang/NoSuchMethodError'{0x00000000c8808ab8}: 'void java.lang.invoke.Invokers$Holder.invokeExact_MT(java.lang.Object, java.lang.Object, int, java.lang.Object)'> (0x00000000c8808ab8) 
thrown [s\src\hotspot\share\interpreter\linkResolver.cpp, line 773]
Event: 108.342 Thread 0x000001c305a4f230 Implicit null exception at 0x000001c2b483ad5e to 0x000001c2b483ade1
Event: 109.961 Thread 0x000001c305a4f230 Exception <a 'java/lang/ClassNotFoundException'{0x00000000c65fdcb0}: com/android/build/gradle/internal/api/ApkVariantOutputImpl_DecoratedBeanInfo> (0x00000000c65fdcb0) 
thrown [s\src\hotspot\share\classfile\systemDictionary.cpp, line 313]
Event: 109.962 Thread 0x000001c305a4f230 Exception <a 'java/lang/ClassNotFoundException'{0x00000000c640a8a8}: com/android/build/gradle/internal/api/ApkVariantOutputImplBeanInfo> (0x00000000c640a8a8) 
thrown [s\src\hotspot\share\classfile\systemDictionary.cpp, line 313]
Event: 109.966 Thread 0x000001c305a4f230 Exception <a 'java/lang/ClassNotFoundException'{0x00000000c6417240}: com/android/build/gradle/internal/api/BaseVariantOutputImplBeanInfo> (0x00000000c6417240) 
thrown [s\src\hotspot\share\classfile\systemDictionary.cpp, line 313]
Event: 109.967 Thread 0x000001c305a4f230 Exception <a 'java/lang/ClassNotFoundException'{0x00000000c6423bb0}: com/android/build/gradle/internal/api/BaseVariantOutputImplCustomizer> (0x00000000c6423bb0) 
thrown [s\src\hotspot\share\classfile\systemDictionary.cpp, line 313]
Event: 109.985 Thread 0x000001c305a4f230 Exception <a 'java/lang/ClassNotFoundException'{0x00000000c6443e28}: com/android/build/gradle/internal/api/ApkVariantOutputImplCustomizer> (0x00000000c6443e28) 
thrown [s\src\hotspot\share\classfile\systemDictionary.cpp, line 313]
Event: 109.988 Thread 0x000001c305a4f230 Exception <a 'java/lang/ClassNotFoundException'{0x00000000c645fa58}: com/android/build/gradle/internal/api/ApkVariantOutputImpl_DecoratedCustomizer> (0x00000000c645fa58) 
thrown [s\src\hotspot\share\classfile\systemDictionary.cpp, line 313]
Event: 111.073 Thread 0x000001c305a4f230 Exception <a 'java/lang/ClassNotFoundException'{0x00000000ffdcaeb0}: com/android/build/gradle/internal/api/ReadOnlyBuildTypeBeanInfo> (0x00000000ffdcaeb0) 
thrown [s\src\hotspot\share\classfile\systemDictionary.cpp, line 313]
Event: 111.074 Thread 0x000001c305a4f230 Exception <a 'java/lang/ClassNotFoundException'{0x00000000ffdd77e8}: com/android/build/gradle/internal/api/ReadOnlyBaseConfigBeanInfo> (0x00000000ffdd77e8) 
thrown [s\src\hotspot\share\classfile\systemDictionary.cpp, line 313]
Event: 111.075 Thread 0x000001c305a4f230 Exception <a 'java/lang/ClassNotFoundException'{0x00000000ffde4130}: com/android/build/gradle/internal/api/ReadOnlyBaseConfigCustomizer> (0x00000000ffde4130) 
thrown [s\src\hotspot\share\classfile\systemDictionary.cpp, line 313]
Event: 111.079 Thread 0x000001c305a4f230 Exception <a 'java/lang/ClassNotFoundException'{0x00000000ffb01d88}: com/android/build/gradle/internal/api/ReadOnlyBuildTypeCustomizer> (0x00000000ffb01d88) 
thrown [s\src\hotspot\share\classfile\systemDictionary.cpp, line 313]

ZGC Phase Switch (0 events):
No events

VM Operations (20 events):
Event: 110.209 Executing safepoint VM operation: Cleanup
Event: 110.244 Executing safepoint VM operation: Cleanup done
Event: 110.851 Executing safepoint VM operation: G1CollectForAllocation (G1 Evacuation Pause)
Event: 110.866 Executing safepoint VM operation: G1CollectForAllocation (G1 Evacuation Pause) done
Event: 111.037 Executing safepoint VM operation: G1PauseRemark
Event: 111.069 Executing safepoint VM operation: G1PauseRemark done
Event: 111.104 Executing safepoint VM operation: G1PauseCleanup
Event: 111.109 Executing safepoint VM operation: G1PauseCleanup done
Event: 112.121 Executing safepoint VM operation: Cleanup
Event: 112.137 Executing safepoint VM operation: Cleanup done
Event: 113.145 Executing safepoint VM operation: Cleanup
Event: 113.161 Executing safepoint VM operation: Cleanup done
Event: 114.167 Executing safepoint VM operation: Cleanup
Event: 114.353 Executing safepoint VM operation: Cleanup done
Event: 115.366 Executing safepoint VM operation: Cleanup
Event: 115.366 Executing safepoint VM operation: Cleanup done
Event: 117.373 Executing safepoint VM operation: Cleanup
Event: 117.389 Executing safepoint VM operation: Cleanup done
Event: 118.182 Executing non-safepoint VM operation: HandshakeAllThreads (Deoptimize)
Event: 118.182 Executing non-safepoint VM operation: HandshakeAllThreads (Deoptimize) done

Memory protections (0 events):
No events

Nmethod flushes (20 events):
Event: 111.064 Thread 0x000001c2bf8fce20 flushing  nmethod 0x000001c2acca7910
Event: 111.064 Thread 0x000001c2bf8fce20 flushing  nmethod 0x000001c2ad0a9010
Event: 111.064 Thread 0x000001c2bf8fce20 flushing  nmethod 0x000001c2ad144710
Event: 111.064 Thread 0x000001c2bf8fce20 flushing  nmethod 0x000001c2ad187090
Event: 111.064 Thread 0x000001c2bf8fce20 flushing  nmethod 0x000001c2ad199b10
Event: 111.064 Thread 0x000001c2bf8fce20 flushing  nmethod 0x000001c2ad19a290
Event: 111.064 Thread 0x000001c2bf8fce20 flushing  nmethod 0x000001c2ad268e90
Event: 111.064 Thread 0x000001c2bf8fce20 flushing  nmethod 0x000001c2ad280590
Event: 111.064 Thread 0x000001c2bf8fce20 flushing  nmethod 0x000001c2ad280a10
Event: 111.064 Thread 0x000001c2bf8fce20 flushing  nmethod 0x000001c2ad281710
Event: 111.064 Thread 0x000001c2bf8fce20 flushing  nmethod 0x000001c2ad2e6b90
Event: 111.064 Thread 0x000001c2bf8fce20 flushing  nmethod 0x000001c2ad338690
Event: 111.064 Thread 0x000001c2bf8fce20 flushing  nmethod 0x000001c2ad339390
Event: 111.064 Thread 0x000001c2bf8fce20 flushing  nmethod 0x000001c2ad339710
Event: 111.064 Thread 0x000001c2bf8fce20 flushing  nmethod 0x000001c2ad33b810
Event: 111.064 Thread 0x000001c2bf8fce20 flushing  nmethod 0x000001c2ad43e310
Event: 111.064 Thread 0x000001c2bf8fce20 flushing  nmethod 0x000001c2ad442410
Event: 111.064 Thread 0x000001c2bf8fce20 flushing  nmethod 0x000001c2ad44ea90
Event: 111.064 Thread 0x000001c2bf8fce20 flushing  nmethod 0x000001c2ad631310
Event: 111.064 Thread 0x000001c2bf8fce20 flushing  nmethod 0x000001c2ad78ce10

Events (20 events):
Event: 74.021 Thread 0x000001c305a4f230 Thread added: 0x000001c3098585a0
Event: 74.022 Thread 0x000001c305a4f230 Thread added: 0x000001c3098571f0
Event: 74.024 Thread 0x000001c305a4f230 Thread added: 0x000001c309859fe0
Event: 74.026 Thread 0x000001c305a4f230 Thread added: 0x000001c309856b60
Event: 74.026 Thread 0x000001c305a4f230 Thread added: 0x000001c30985a670
Event: 74.093 Thread 0x000001c305a4f230 Thread added: 0x000001c30985ad00
Event: 74.110 Thread 0x000001c305a4f230 Thread added: 0x000001c309857880
Event: 74.113 Thread 0x000001c305a4f230 Thread added: 0x000001c30985c0b0
Event: 74.115 Thread 0x000001c305a4f230 Thread added: 0x000001c30985cdd0
Event: 74.151 Thread 0x000001c305a4f230 Thread added: 0x000001c30985e180
Event: 74.154 Thread 0x000001c305a4f230 Thread added: 0x000001c30985d460
Event: 74.160 Thread 0x000001c305a4f230 Thread added: 0x000001c30985daf0
Event: 74.165 Thread 0x000001c305a4f230 Thread added: 0x000001c30985ba20
Event: 74.166 Thread 0x000001c305a4f230 Thread added: 0x000001c30985b390
Event: 74.168 Thread 0x000001c305a4f230 Thread added: 0x000001c30985c740
Event: 74.169 Thread 0x000001c305a4f230 Thread added: 0x000001c308d2fa50
Event: 78.620 Thread 0x000001c305a4f230 Thread added: 0x000001c308d300e0
Event: 88.660 Thread 0x000001c305a4f230 Thread added: 0x000001c308d30e00
Event: 93.372 Thread 0x000001c305a4eba0 Thread exited: 0x000001c305a4eba0
Event: 94.969 Thread 0x000001c305a4f230 Thread added: 0x000001c308d2ed30


Dynamic libraries:
0x00007ff601410000 - 0x00007ff60141e000 	C:\Users\LENOVO\.antigravity-ide\extensions\redhat.java-1.56.0-win32-x64\jre\21.0.12.1-win32-x86_64\bin\java.exe
0x00007ffba7f40000 - 0x00007ffba81a7000 	C:\WINDOWS\SYSTEM32\ntdll.dll
0x00007ffba6070000 - 0x00007ffba613b000 	C:\WINDOWS\System32\KERNEL32.DLL
0x00007ffba5490000 - 0x00007ffba5892000 	C:\WINDOWS\System32\KERNELBASE.dll
0x00007ffba5140000 - 0x00007ffba528c000 	C:\WINDOWS\System32\ucrtbase.dll
0x00007ffb2ff40000 - 0x00007ffb2ff58000 	C:\Users\LENOVO\.antigravity-ide\extensions\redhat.java-1.56.0-win32-x64\jre\21.0.12.1-win32-x86_64\bin\jli.dll
0x00007ffba5e00000 - 0x00007ffba5fcf000 	C:\WINDOWS\System32\USER32.dll
0x00007ffba59e0000 - 0x00007ffba5a07000 	C:\WINDOWS\System32\win32u.dll
0x00007ffba5d80000 - 0x00007ffba5dab000 	C:\WINDOWS\System32\GDI32.dll
0x00007ffba52a0000 - 0x00007ffba53c9000 	C:\WINDOWS\System32\gdi32full.dll
0x00007ffb2ff60000 - 0x00007ffb2ff7e000 	C:\Users\LENOVO\.antigravity-ide\extensions\redhat.java-1.56.0-win32-x64\jre\21.0.12.1-win32-x86_64\bin\VCRUNTIME140.dll
0x00007ffba5930000 - 0x00007ffba59d3000 	C:\WINDOWS\System32\msvcp_win.dll
0x00007ffb8ec40000 - 0x00007ffb8eed0000 	C:\WINDOWS\WinSxS\amd64_microsoft.windows.common-controls_6595b64144ccf1df_6.0.26100.9278_none_3e0d1ba8e3303201\COMCTL32.dll
0x00007ffba6840000 - 0x00007ffba68e9000 	C:\WINDOWS\System32\msvcrt.dll
0x00007ffba5dc0000 - 0x00007ffba5df1000 	C:\WINDOWS\System32\IMM32.DLL
0x00007ffb4dd30000 - 0x00007ffb4dd3c000 	C:\Users\LENOVO\.antigravity-ide\extensions\redhat.java-1.56.0-win32-x64\jre\21.0.12.1-win32-x86_64\bin\vcruntime140_1.dll
0x00007ffb18b20000 - 0x00007ffb18bad000 	C:\Users\LENOVO\.antigravity-ide\extensions\redhat.java-1.56.0-win32-x64\jre\21.0.12.1-win32-x86_64\bin\msvcp140.dll
0x00007ffaf47b0000 - 0x00007ffaf5552000 	C:\Users\LENOVO\.antigravity-ide\extensions\redhat.java-1.56.0-win32-x64\jre\21.0.12.1-win32-x86_64\bin\server\jvm.dll
0x00007ffba66f0000 - 0x00007ffba67ac000 	C:\WINDOWS\System32\ADVAPI32.dll
0x00007ffba7e30000 - 0x00007ffba7ed9000 	C:\WINDOWS\System32\sechost.dll
0x00007ffba5c60000 - 0x00007ffba5d78000 	C:\WINDOWS\System32\RPCRT4.dll
0x00007ffba7090000 - 0x00007ffba7110000 	C:\WINDOWS\System32\WS2_32.dll
0x00007ffba4f90000 - 0x00007ffba4fee000 	C:\WINDOWS\SYSTEM32\POWRPROF.dll
0x00007ffb983b0000 - 0x00007ffb983e6000 	C:\WINDOWS\SYSTEM32\WINMM.dll
0x00007ffb93ff0000 - 0x00007ffb93ffb000 	C:\WINDOWS\SYSTEM32\VERSION.dll
0x00007ffba4f70000 - 0x00007ffba4f85000 	C:\WINDOWS\SYSTEM32\UMPDC.dll
0x00007ffba3dd0000 - 0x00007ffba3deb000 	C:\WINDOWS\SYSTEM32\kernel.appcore.dll
0x00007ffb4d740000 - 0x00007ffb4d74a000 	C:\Users\LENOVO\.antigravity-ide\extensions\redhat.java-1.56.0-win32-x64\jre\21.0.12.1-win32-x86_64\bin\jimage.dll
0x00007ffba2480000 - 0x00007ffba26cc000 	C:\WINDOWS\SYSTEM32\DBGHELP.DLL
0x00007ffba7950000 - 0x00007ffba7cd5000 	C:\WINDOWS\System32\combase.dll
0x00007ffba62c0000 - 0x00007ffba6399000 	C:\WINDOWS\System32\OLEAUT32.dll
0x00007ffb8c4f0000 - 0x00007ffb8c52b000 	C:\WINDOWS\SYSTEM32\dbgcore.DLL
0x00007ffba5a10000 - 0x00007ffba5abc000 	C:\WINDOWS\System32\bcryptPrimitives.dll
0x00007ffb49c90000 - 0x00007ffb49c9f000 	C:\Users\LENOVO\.antigravity-ide\extensions\redhat.java-1.56.0-win32-x64\jre\21.0.12.1-win32-x86_64\bin\instrument.dll
0x00007ffb2ff20000 - 0x00007ffb2ff40000 	C:\Users\LENOVO\.antigravity-ide\extensions\redhat.java-1.56.0-win32-x64\jre\21.0.12.1-win32-x86_64\bin\java.dll
0x00007ffba68f0000 - 0x00007ffba7088000 	C:\WINDOWS\System32\SHELL32.dll
0x00007ffba2b60000 - 0x00007ffba340e000 	C:\WINDOWS\SYSTEM32\windows.storage.dll
0x00007ffba7d30000 - 0x00007ffba7e2b000 	C:\WINDOWS\System32\SHCORE.dll
0x00007ffba67d0000 - 0x00007ffba6836000 	C:\WINDOWS\System32\shlwapi.dll
0x00007ffba5060000 - 0x00007ffba5089000 	C:\WINDOWS\SYSTEM32\profapi.dll
0x00007ffb29820000 - 0x00007ffb29838000 	C:\Users\LENOVO\.antigravity-ide\extensions\redhat.java-1.56.0-win32-x64\jre\21.0.12.1-win32-x86_64\bin\zip.dll
0x00007ffb4bc60000 - 0x00007ffb4bc70000 	C:\Users\LENOVO\.antigravity-ide\extensions\redhat.java-1.56.0-win32-x64\jre\21.0.12.1-win32-x86_64\bin\net.dll
0x00007ffb9d7d0000 - 0x00007ffb9d8fa000 	C:\WINDOWS\SYSTEM32\WINHTTP.dll
0x00007ffba4370000 - 0x00007ffba43dc000 	C:\WINDOWS\system32\mswsock.dll
0x00007ffb297b0000 - 0x00007ffb297c6000 	C:\Users\LENOVO\.antigravity-ide\extensions\redhat.java-1.56.0-win32-x64\jre\21.0.12.1-win32-x86_64\bin\nio.dll
0x00007ffb66b60000 - 0x00007ffb66b70000 	C:\Users\LENOVO\.antigravity-ide\extensions\redhat.java-1.56.0-win32-x64\jre\21.0.12.1-win32-x86_64\bin\verify.dll
0x00007ffb4bb90000 - 0x00007ffb4bbb7000 	C:\Users\LENOVO\.gradle\native\1def1411415f61bf3af743bc5b6707747c0891f09f0c88961ee8f79bc544acac\windows-amd64\native-platform.dll
0x00007ffb06220000 - 0x00007ffb06298000 	C:\Users\LENOVO\.gradle\native\0.2.7\x86_64-windows-gnu\gradle-fileevents.dll
0x00007ffb9c400000 - 0x00007ffb9c40a000 	C:\Users\LENOVO\.antigravity-ide\extensions\redhat.java-1.56.0-win32-x64\jre\21.0.12.1-win32-x86_64\bin\management.dll
0x00007ffb4d460000 - 0x00007ffb4d46c000 	C:\Users\LENOVO\.antigravity-ide\extensions\redhat.java-1.56.0-win32-x64\jre\21.0.12.1-win32-x86_64\bin\management_ext.dll
0x00007ffba5db0000 - 0x00007ffba5db8000 	C:\WINDOWS\System32\PSAPI.DLL
0x00007ffba3780000 - 0x00007ffba37b3000 	C:\WINDOWS\SYSTEM32\IPHLPAPI.DLL
0x00007ffba7120000 - 0x00007ffba712a000 	C:\WINDOWS\System32\NSI.dll
0x00007ffb98370000 - 0x00007ffb98379000 	C:\Users\LENOVO\.antigravity-ide\extensions\redhat.java-1.56.0-win32-x64\jre\21.0.12.1-win32-x86_64\bin\extnet.dll
0x00007ffba4790000 - 0x00007ffba47ab000 	C:\WINDOWS\SYSTEM32\CRYPTSP.dll
0x00007ffba3d30000 - 0x00007ffba3d69000 	C:\WINDOWS\system32\rsaenh.dll
0x00007ffba4420000 - 0x00007ffba4454000 	C:\WINDOWS\SYSTEM32\USERENV.dll
0x00007ffba5030000 - 0x00007ffba505a000 	C:\WINDOWS\SYSTEM32\bcrypt.dll
0x00007ffba45d0000 - 0x00007ffba45dc000 	C:\WINDOWS\SYSTEM32\CRYPTBASE.dll
0x00007ffb98380000 - 0x00007ffb9838e000 	C:\Users\LENOVO\.antigravity-ide\extensions\redhat.java-1.56.0-win32-x64\jre\21.0.12.1-win32-x86_64\bin\sunmscapi.dll
0x00007ffba5ad0000 - 0x00007ffba5c4e000 	C:\WINDOWS\System32\CRYPT32.dll
0x00007ffba4900000 - 0x00007ffba4930000 	C:\WINDOWS\SYSTEM32\ncrypt.dll
0x00007ffba48b0000 - 0x00007ffba48ef000 	C:\WINDOWS\SYSTEM32\NTASN1.dll
0x00007ffb7b120000 - 0x00007ffb7b128000 	C:\WINDOWS\system32\wshunix.dll

JVMTI agents:
C:\Users\LENOVO\.gradle\wrapper\dists\gradle-8.14-bin\38aieal9i53h9rfe7vjup95b9\gradle-8.14\lib\agents\gradle-instrumentation-agent-8.14.jar path:C:\Users\LENOVO\.antigravity-ide\extensions\redhat.java-1.56.0-win32-x64\jre\21.0.12.1-win32-x86_64\bin\instrument.dll, loaded, initialized, instrumentlib options:none

dbghelp: loaded successfully - version: 4.0.5 - missing functions: none
symbol engine: initialized successfully - sym options: 0x614 - pdb path: .;C:\Users\LENOVO\.antigravity-ide\extensions\redhat.java-1.56.0-win32-x64\jre\21.0.12.1-win32-x86_64\bin;C:\WINDOWS\SYSTEM32;C:\WINDOWS\WinSxS\amd64_microsoft.windows.common-controls_6595b64144ccf1df_6.0.26100.9278_none_3e0d1ba8e3303201;C:\Users\LENOVO\.antigravity-ide\extensions\redhat.java-1.56.0-win32-x64\jre\21.0.12.1-win32-x86_64\bin\server;C:\Users\LENOVO\.gradle\native\1def1411415f61bf3af743bc5b6707747c0891f09f0c88961ee8f79bc544acac\windows-amd64;C:\Users\LENOVO\.gradle\native\0.2.7\x86_64-windows-gnu

VM Arguments:
jvm_args: --add-opens=java.base/java.lang=ALL-UNNAMED --add-opens=java.base/java.lang.invoke=ALL-UNNAMED --add-opens=java.base/java.util=ALL-UNNAMED --add-opens=java.prefs/java.util.prefs=ALL-UNNAMED --add-exports=jdk.compiler/com.sun.tools.javac.api=ALL-UNNAMED --add-exports=jdk.compiler/com.sun.tools.javac.util=ALL-UNNAMED --add-opens=java.base/java.util=ALL-UNNAMED --add-opens=java.prefs/java.util.prefs=ALL-UNNAMED --add-opens=java.base/java.nio.charset=ALL-UNNAMED --add-opens=java.base/java.net=ALL-UNNAMED --add-opens=java.base/java.util.concurrent.atomic=ALL-UNNAMED --add-opens=java.xml/javax.xml.namespace=ALL-UNNAMED -Xmx1024m -Dfile.encoding=UTF-8 -Duser.country=US -Duser.language=en -Duser.variant -javaagent:C:\Users\LENOVO\.gradle\wrapper\dists\gradle-8.14-bin\38aieal9i53h9rfe7vjup95b9\gradle-8.14\lib\agents\gradle-instrumentation-agent-8.14.jar 
java_command: org.gradle.launcher.daemon.bootstrap.GradleDaemon 8.14
java_class_path (initial): C:\Users\LENOVO\.gradle\wrapper\dists\gradle-8.14-bin\38aieal9i53h9rfe7vjup95b9\gradle-8.14\lib\gradle-daemon-main-8.14.jar
Launcher Type: SUN_STANDARD

[Global flags]
     intx CICompilerCount                          = 4                                         {product} {ergonomic}
     uint ConcGCThreads                            = 2                                         {product} {ergonomic}
     uint G1ConcRefinementThreads                  = 8                                         {product} {ergonomic}
   size_t G1HeapRegionSize                         = 1048576                                   {product} {ergonomic}
    uintx GCDrainStackTargetSize                   = 64                                        {product} {ergonomic}
   size_t InitialHeapSize                          = 98566144                                  {product} {ergonomic}
   size_t MarkStackSize                            = 4194304                                   {product} {ergonomic}
   size_t MaxHeapSize                              = 1073741824                                {product} {command line}
   size_t MaxNewSize                               = 643825664                                 {product} {ergonomic}
   size_t MinHeapDeltaBytes                        = 1048576                                   {product} {ergonomic}
   size_t MinHeapSize                              = 8388608                                   {product} {ergonomic}
    uintx NonNMethodCodeHeapSize                   = 5839372                                {pd product} {ergonomic}
    uintx NonProfiledCodeHeapSize                  = 122909434                              {pd product} {ergonomic}
    uintx ProfiledCodeHeapSize                     = 122909434                              {pd product} {ergonomic}
    uintx ReservedCodeCacheSize                    = 251658240                              {pd product} {ergonomic}
     bool SegmentedCodeCache                       = true                                      {product} {ergonomic}
   size_t SoftMaxHeapSize                          = 1073741824                             {manageable} {ergonomic}
     bool UseCompressedOops                        = true                           {product lp64_product} {ergonomic}
     bool UseG1GC                                  = true                                      {product} {ergonomic}
     bool UseLargePagesIndividualAllocation        = false                                  {pd product} {ergonomic}

Logging:
Log output configuration:
 #0: stdout all=warning uptime,level,tags foldmultilines=false
 #1: stderr all=off uptime,level,tags foldmultilines=false

Release file:
JAVA_VERSION="21.0.12.1" 
MODULES="java.base java.compiler java.datatransfer java.xml java.prefs java.desktop java.instrument java.logging java.management java.security.sasl java.naming java.rmi java.management.rmi java.net.http java.scripting java.security.jgss java.transaction.xa java.sql java.sql.rowset java.xml.crypto java.se java.smartcardio jdk.accessibility jdk.internal.jvmstat jdk.attach jdk.charsets jdk.internal.opt jdk.zipfs jdk.compiler jdk.crypto.ec jdk.crypto.cryptoki jdk.crypto.mscapi jdk.dynalink jdk.internal.ed jdk.editpad jdk.hotspot.agent jdk.httpserver jdk.internal.le jdk.internal.vm.ci jdk.internal.vm.compiler jdk.internal.vm.compiler.management jdk.jartool jdk.javadoc jdk.jcmd jdk.management jdk.management.agent jdk.jconsole jdk.jdeps jdk.jdwp.agent jdk.jdi jdk.jfr jdk.jshell jdk.jsobject jdk.jstatd jdk.localedata jdk.management.jfr jdk.naming.dns jdk.naming.rmi jdk.net jdk.nio.mapmode jdk.random jdk.sctp jdk.security.auth jdk.security.jgss jdk.unsupported jdk.unsupported.desktop jdk.xml.dom" 

Environment Variables:
JAVA_HOME=C:\Program Files\Android\Android Studio\jbr
PATH=C:\WINDOWS\system32;C:\WINDOWS;C:\WINDOWS\System32\Wbem;C:\WINDOWS\System32\WindowsPowerShell\v1.0\;C:\WINDOWS\System32\OpenSSH\;C:\Program Files\Docker\Docker\resources\bin;C:\Program Files\nodejs\;C:\Program Files\Git\cmd;C:\Users\LENOVO\AppData\Local\Programs\Python\Python312\Scripts\;C:\Users\LENOVO\AppData\Local\Programs\Python\Python312\;C:\Users\LENOVO\AppData\Local\Programs\Python\Launcher\;C:\Users\LENOVO\AppData\Local\Programs\Python\Python314\Scripts\;C:\Users\LENOVO\AppData\Local\Programs\Python\Python314\;C:\Users\LENOVO\AppData\Local\Microsoft\WindowsApps;C:\Users\LENOVO\AppData\Local\Programs\Antigravity\bin;C:\Users\LENOVO\AppData\Roaming\npm;C:\ScrcpyLauncher by praveen;C:\Users\LENOVO\AppData\Local\PowerToys\DSCModules\;C:\Users\LENOVO\AppData\Local\Programs\Antigravity IDE\bin
USERNAME=LENOVO
OS=Windows_NT
PROCESSOR_IDENTIFIER=AMD64 Family 23 Model 160 Stepping 0, AuthenticAMD
TMP=C:\Users\LENOVO\AppData\Local\Temp
TEMP=C:\Users\LENOVO\AppData\Local\Temp




Periodic native trim disabled

---------------  S Y S T E M  ---------------

OS:
 Windows 11 , 64 bit Build 26100 (10.0.26100.9444)
OS uptime: 3 days 0:47 hours
Hyper-V role detected

CPU: total 8 (initial active 8) (8 cores per cpu, 2 threads per core) family 23 model 160 stepping 0 microcode 0x8a0000a, cx8, cmov, fxsr, ht, mmx, 3dnowpref, sse, sse2, sse3, ssse3, sse4a, sse4.1, sse4.2, popcnt, lzcnt, tsc, tscinvbit, avx, avx2, aes, clmul, bmi1, bmi2, adx, sha, fma, vzeroupper, clflush, clflushopt, hv, rdtscp, rdpid, f16c
Processor Information for the first 8 processors :
  Max Mhz: 2401, Current Mhz: 2401, Mhz Limit: 2401

Memory: 4k page, system-wide physical 5965M (259M free)
TotalPageFile size 24397M (AvailPageFile size 14M)
current process WorkingSet (physical memory assigned to process): 118M, peak: 294M
current process commit charge ("private bytes"): 426M, peak: 445M

vm_info: OpenJDK 64-Bit Server VM (21.0.12.1+1-LTS) for windows-amd64 JRE (21.0.12.1+1-LTS), built on 2026-08-18T00:00:00Z by "admin" with MS VC++ 17.12 (VS2022)

END.
