#
# There is insufficient memory for the Java Runtime Environment to continue.
# Native memory allocation (malloc) failed to allocate 1126736 bytes. Error detail: Chunk::new
# Possible reasons:
#   The system is out of physical RAM or swap space
#   This process is running with CompressedOops enabled, and the Java Heap may be blocking the growth of the native heap
# Possible solutions:
#   Reduce memory load on the system
#   Increase physical memory or swap space
#   Check if swap backing store is full
#   Decrease Java heap size (-Xmx/-Xms)
#   Decrease number of Java threads
#   Decrease Java thread stack sizes (-Xss)
#   Set larger code cache with -XX:ReservedCodeCacheSize=
#   JVM is running with Unscaled Compressed Oops mode in which the Java heap is
#     placed in the first 4GB address space. The Java Heap base address is the
#     maximum limit for the native heap growth. Please use -XX:HeapBaseMinAddress
#     to set the Java Heap base and to place the Java Heap above 4GB virtual address.
# This output file may be truncated or incomplete.
#
#  Out of Memory Error (arena.cpp:168), pid=31452, tid=25876
#
# JRE version: OpenJDK Runtime Environment Temurin-21.0.12.1+1 (21.0.12.1+1) (build 21.0.12.1+1-LTS)
# Java VM: OpenJDK 64-Bit Server VM Temurin-21.0.12.1+1 (21.0.12.1+1-LTS, mixed mode, sharing, tiered, compressed oops, compressed class ptrs, g1 gc, windows-amd64)
# No core dump will be written. Minidumps are not enabled by default on client versions of Windows
#

---------------  S U M M A R Y ------------

Command Line: --add-opens=java.base/java.lang=ALL-UNNAMED --add-opens=java.base/java.lang.invoke=ALL-UNNAMED --add-opens=java.base/java.util=ALL-UNNAMED --add-opens=java.prefs/java.util.prefs=ALL-UNNAMED --add-exports=jdk.compiler/com.sun.tools.javac.api=ALL-UNNAMED --add-exports=jdk.compiler/com.sun.tools.javac.util=ALL-UNNAMED --add-opens=java.base/java.util=ALL-UNNAMED --add-opens=java.prefs/java.util.prefs=ALL-UNNAMED --add-opens=java.base/java.nio.charset=ALL-UNNAMED --add-opens=java.base/java.net=ALL-UNNAMED --add-opens=java.base/java.util.concurrent.atomic=ALL-UNNAMED --add-opens=java.xml/javax.xml.namespace=ALL-UNNAMED -Xmx1024m -Dfile.encoding=UTF-8 -Duser.country=US -Duser.language=en -Duser.variant -javaagent:C:\Users\LENOVO\.gradle\wrapper\dists\gradle-8.14-bin\38aieal9i53h9rfe7vjup95b9\gradle-8.14\lib\agents\gradle-instrumentation-agent-8.14.jar org.gradle.launcher.daemon.bootstrap.GradleDaemon 8.14

Host: AMD Ryzen 3 7320U with Radeon Graphics         , 8 cores, 5G,  Windows 11 , 64 bit Build 26100 (10.0.26100.9444)
Time: Mon Sep 28 13:11:34 2026 Nepal Standard Time elapsed time: 62.960969 seconds (0d 0h 1m 2s)

---------------  T H R E A D  ---------------

Current thread (0x000001d436f02910):  JavaThread "C2 CompilerThread0" daemon [_thread_in_native, id=25876, stack(0x0000005e4a500000,0x0000005e4a600000) (1024K)]


Current CompileTask:
C2:62961 6884       4       java.lang.invoke.MethodType::makeImpl (109 bytes)

Stack: [0x0000005e4a500000,0x0000005e4a600000]
Native frames: (J=compiled Java code, j=interpreted, Vv=VM code, C=native code)
V  [jvm.dll+0x6d83e9]
V  [jvm.dll+0x8b5736]
V  [jvm.dll+0x8b7cee]
V  [jvm.dll+0x8b83d3]
V  [jvm.dll+0x284596]
V  [jvm.dll+0xc685d]
V  [jvm.dll+0xc6da1]
V  [jvm.dll+0x3bf151]
V  [jvm.dll+0x1e3f42]
V  [jvm.dll+0x24c853]
V  [jvm.dll+0x24bce0]
V  [jvm.dll+0x1cb4ae]
V  [jvm.dll+0x25baad]
V  [jvm.dll+0x25a03a]
V  [jvm.dll+0x3f8aae]
V  [jvm.dll+0x8600cd]
V  [jvm.dll+0x6d6c1d]
C  [ucrtbase.dll+0x2cd30]
C  [KERNEL32.DLL+0x2cd87]
C  [ntdll.dll+0xacaec]


---------------  P R O C E S S  ---------------

Threads class SMR info:
_java_thread_list=0x000001d47ea77920, length=49, elements={
0x000001d420be2280, 0x000001d436ef9390, 0x000001d436efab10, 0x000001d436efedd0,
0x000001d436f006c0, 0x000001d436f01120, 0x000001d436f01b80, 0x000001d436f02910,
0x000001d436f6fd60, 0x000001d47c218f40, 0x000001d47c26d7a0, 0x000001d47d782f20,
0x000001d47d81a540, 0x000001d47cdd7fd0, 0x000001d47d80f3e0, 0x000001d47db0afe0,
0x000001d47c1e9a90, 0x000001d47dae2de0, 0x000001d47dae4190, 0x000001d47dae5540,
0x000001d47dae20c0, 0x000001d47dae3b00, 0x000001d47dae4820, 0x000001d47dae3470,
0x000001d47dae2750, 0x000001d47ecb9190, 0x000001d47ecbb260, 0x000001d47ecb9820,
0x000001d47ecb9eb0, 0x000001d47ecbabd0, 0x000001d47ecbb8f0, 0x000001d47ecbbf80,
0x000001d47ecb8b00, 0x000001d47ecbe050, 0x000001d47ecbfa90, 0x000001d47ecbcca0,
0x000001d47ecbd330, 0x000001d47ecbe6e0, 0x000001d47ecbd9c0, 0x000001d47ee81170,
0x000001d47ee7ea10, 0x000001d47ee80ae0, 0x000001d47ee81e90, 0x000001d47ee81800,
0x000001d47ee7f0a0, 0x000001d47ee82520, 0x000001d47ee82bb0, 0x000001d47ee7f730,
0x000001d47ee83240
}

Java Threads: ( => current thread )
  0x000001d420be2280 JavaThread "main"                              [_thread_blocked, id=2860, stack(0x0000005e49700000,0x0000005e49800000) (1024K)]
  0x000001d436ef9390 JavaThread "Reference Handler"          daemon [_thread_blocked, id=23548, stack(0x0000005e49f00000,0x0000005e4a000000) (1024K)]
  0x000001d436efab10 JavaThread "Finalizer"                  daemon [_thread_blocked, id=6220, stack(0x0000005e4a000000,0x0000005e4a100000) (1024K)]
  0x000001d436efedd0 JavaThread "Signal Dispatcher"          daemon [_thread_blocked, id=16204, stack(0x0000005e4a100000,0x0000005e4a200000) (1024K)]
  0x000001d436f006c0 JavaThread "Attach Listener"            daemon [_thread_blocked, id=31628, stack(0x0000005e4a200000,0x0000005e4a300000) (1024K)]
  0x000001d436f01120 JavaThread "Service Thread"             daemon [_thread_blocked, id=26180, stack(0x0000005e4a300000,0x0000005e4a400000) (1024K)]
  0x000001d436f01b80 JavaThread "Monitor Deflation Thread"   daemon [_thread_blocked, id=10308, stack(0x0000005e4a400000,0x0000005e4a500000) (1024K)]
=>0x000001d436f02910 JavaThread "C2 CompilerThread0"         daemon [_thread_in_native, id=25876, stack(0x0000005e4a500000,0x0000005e4a600000) (1024K)]
  0x000001d436f6fd60 JavaThread "C1 CompilerThread0"         daemon [_thread_blocked, id=11064, stack(0x0000005e4a600000,0x0000005e4a700000) (1024K)]
  0x000001d47c218f40 JavaThread "Common-Cleaner"             daemon [_thread_blocked, id=26728, stack(0x0000005e4a700000,0x0000005e4a800000) (1024K)]
  0x000001d47c26d7a0 JavaThread "Notification Thread"        daemon [_thread_blocked, id=28896, stack(0x0000005e4a800000,0x0000005e4a900000) (1024K)]
  0x000001d47d782f20 JavaThread "Daemon health stats"               [_thread_blocked, id=31352, stack(0x0000005e4ad00000,0x0000005e4ae00000) (1024K)]
  0x000001d47d81a540 JavaThread "Incoming local TCP Connector on port 27486"        [_thread_in_native, id=20152, stack(0x0000005e4ae00000,0x0000005e4af00000) (1024K)]
  0x000001d47cdd7fd0 JavaThread "Daemon periodic checks"            [_thread_blocked, id=29420, stack(0x0000005e4af00000,0x0000005e4b000000) (1024K)]
  0x000001d47d80f3e0 JavaThread "Daemon"                            [_thread_blocked, id=22596, stack(0x0000005e4b000000,0x0000005e4b100000) (1024K)]
  0x000001d47db0afe0 JavaThread "Handler for socket connection from /127.0.0.1:27486 to /127.0.0.1:27487"        [_thread_in_native, id=17044, stack(0x0000005e4b100000,0x0000005e4b200000) (1024K)]
  0x000001d47c1e9a90 JavaThread "Cancel handler"                    [_thread_blocked, id=8892, stack(0x0000005e4b200000,0x0000005e4b300000) (1024K)]
  0x000001d47dae2de0 JavaThread "Daemon worker"                     [_thread_blocked, id=11644, stack(0x0000005e4b300000,0x0000005e4b400000) (1024K)]
  0x000001d47dae4190 JavaThread "Asynchronous log dispatcher for DefaultDaemonConnection: socket connection from /127.0.0.1:27486 to /127.0.0.1:27487"        [_thread_blocked, id=25332, stack(0x0000005e4b400000,0x0000005e4b500000) (1024K)]
  0x000001d47dae5540 JavaThread "Stdin handler"                     [_thread_blocked, id=17144, stack(0x0000005e4b500000,0x0000005e4b600000) (1024K)]
  0x000001d47dae20c0 JavaThread "Daemon client event forwarder"        [_thread_blocked, id=15516, stack(0x0000005e4b600000,0x0000005e4b700000) (1024K)]
  0x000001d47dae3b00 JavaThread "Cache worker for journal cache (C:\Users\LENOVO\.gradle\caches\journal-1)"        [_thread_blocked, id=29708, stack(0x0000005e4b700000,0x0000005e4b800000) (1024K)]
  0x000001d47dae4820 JavaThread "File lock request listener"        [_thread_in_native, id=20864, stack(0x0000005e4bb00000,0x0000005e4bc00000) (1024K)]
  0x000001d47dae3470 JavaThread "File lock release action executor"        [_thread_blocked, id=26908, stack(0x0000005e4bc00000,0x0000005e4bd00000) (1024K)]
  0x000001d47dae2750 JavaThread "Cache worker for file hash cache (C:\Users\LENOVO\.gradle\caches\8.14\fileHashes)"        [_thread_in_Java, id=20528, stack(0x0000005e4bd00000,0x0000005e4be00000) (1024K)]
  0x000001d47ecb9190 JavaThread "Cache worker for file hash cache (C:\Users\LENOVO\Desktop\HeliBoard-main\.gradle\8.14\fileHashes)"        [_thread_blocked, id=16836, stack(0x0000005e4bf00000,0x0000005e4c000000) (1024K)]
  0x000001d47ecbb260 JavaThread "Cache worker for Build Output Cleanup Cache (C:\Users\LENOVO\Desktop\HeliBoard-main\.gradle\buildOutputCleanup)"        [_thread_blocked, id=23012, stack(0x0000005e4c000000,0x0000005e4c100000) (1024K)]
  0x000001d47ecb9820 JavaThread "File watcher server"        daemon [_thread_in_native, id=1592, stack(0x0000005e4c100000,0x0000005e4c200000) (1024K)]
  0x000001d47ecb9eb0 JavaThread "File watcher consumer"      daemon [_thread_blocked, id=14816, stack(0x0000005e4c200000,0x0000005e4c300000) (1024K)]
  0x000001d47ecbabd0 JavaThread "jar transforms"                    [_thread_blocked, id=13916, stack(0x0000005e4c300000,0x0000005e4c400000) (1024K)]
  0x000001d47ecbb8f0 JavaThread "jar transforms Thread 2"           [_thread_blocked, id=20812, stack(0x0000005e4c400000,0x0000005e4c500000) (1024K)]
  0x000001d47ecbbf80 JavaThread "Cache worker for checksums cache (C:\Users\LENOVO\Desktop\HeliBoard-main\.gradle\8.14\checksums)"        [_thread_blocked, id=5668, stack(0x0000005e4c500000,0x0000005e4c600000) (1024K)]
  0x000001d47ecb8b00 JavaThread "Cache worker for file content cache (C:\Users\LENOVO\.gradle\caches\8.14\fileContent)"        [_thread_blocked, id=11048, stack(0x0000005e4c600000,0x0000005e4c700000) (1024K)]
  0x000001d47ecbe050 JavaThread "Cache worker for cache directory md-supplier (C:\Users\LENOVO\.gradle\caches\8.14\md-supplier)"        [_thread_blocked, id=10368, stack(0x0000005e4c700000,0x0000005e4c800000) (1024K)]
  0x000001d47ecbfa90 JavaThread "Cache worker for cache directory md-rule (C:\Users\LENOVO\.gradle\caches\8.14\md-rule)"        [_thread_blocked, id=27360, stack(0x0000005e4c800000,0x0000005e4c900000) (1024K)]
  0x000001d47ecbcca0 JavaThread "Unconstrained build operations"        [_thread_blocked, id=7644, stack(0x0000005e4c900000,0x0000005e4ca00000) (1024K)]
  0x000001d47ecbd330 JavaThread "Unconstrained build operations Thread 2"        [_thread_blocked, id=25972, stack(0x0000005e4ca00000,0x0000005e4cb00000) (1024K)]
  0x000001d47ecbe6e0 JavaThread "Unconstrained build operations Thread 3"        [_thread_blocked, id=30812, stack(0x0000005e4cb00000,0x0000005e4cc00000) (1024K)]
  0x000001d47ecbd9c0 JavaThread "Unconstrained build operations Thread 4"        [_thread_blocked, id=24552, stack(0x0000005e4cc00000,0x0000005e4cd00000) (1024K)]
  0x000001d47ee81170 JavaThread "Unconstrained build operations Thread 5"        [_thread_blocked, id=22268, stack(0x0000005e4cd00000,0x0000005e4ce00000) (1024K)]
  0x000001d47ee7ea10 JavaThread "Unconstrained build operations Thread 6"        [_thread_blocked, id=26756, stack(0x0000005e4ce00000,0x0000005e4cf00000) (1024K)]
  0x000001d47ee80ae0 JavaThread "Unconstrained build operations Thread 7"        [_thread_blocked, id=29380, stack(0x0000005e4cf00000,0x0000005e4d000000) (1024K)]
  0x000001d47ee81e90 JavaThread "Unconstrained build operations Thread 8"        [_thread_blocked, id=16168, stack(0x0000005e49500000,0x0000005e49600000) (1024K)]
  0x000001d47ee81800 JavaThread "Unconstrained build operations Thread 9"        [_thread_blocked, id=18116, stack(0x0000005e49600000,0x0000005e49700000) (1024K)]
  0x000001d47ee7f0a0 JavaThread "Unconstrained build operations Thread 10"        [_thread_in_Java, id=20952, stack(0x0000005e4d000000,0x0000005e4d100000) (1024K)]
  0x000001d47ee82520 JavaThread "Unconstrained build operations Thread 11"        [_thread_blocked, id=30076, stack(0x0000005e4d100000,0x0000005e4d200000) (1024K)]
  0x000001d47ee82bb0 JavaThread "Unconstrained build operations Thread 12"        [_thread_blocked, id=28688, stack(0x0000005e4d200000,0x0000005e4d300000) (1024K)]
  0x000001d47ee7f730 JavaThread "Unconstrained build operations Thread 13"        [_thread_blocked, id=19556, stack(0x0000005e4d300000,0x0000005e4d400000) (1024K)]
  0x000001d47ee83240 JavaThread "Unconstrained build operations Thread 14"        [_thread_in_vm, id=15988, stack(0x0000005e4d400000,0x0000005e4d500000) (1024K)]
Total: 49

Other Threads:
  0x000001d436ed5fb0 VMThread "VM Thread"                           [id=17848, stack(0x0000005e49e00000,0x0000005e49f00000) (1024K)]
  0x000001d420c9e820 WatcherThread "VM Periodic Task Thread"        [id=3388, stack(0x0000005e49d00000,0x0000005e49e00000) (1024K)]
  0x000001d420c1c7f0 WorkerThread "GC Thread#0"                     [id=13612, stack(0x0000005e49800000,0x0000005e49900000) (1024K)]
  0x000001d47c3e69d0 WorkerThread "GC Thread#1"                     [id=23480, stack(0x0000005e4a900000,0x0000005e4aa00000) (1024K)]
  0x000001d47c54fee0 WorkerThread "GC Thread#2"                     [id=18572, stack(0x0000005e4aa00000,0x0000005e4ab00000) (1024K)]
  0x000001d47cd2dc90 WorkerThread "GC Thread#3"                     [id=20968, stack(0x0000005e4ab00000,0x0000005e4ac00000) (1024K)]
  0x000001d47cbe7d70 WorkerThread "GC Thread#4"                     [id=7128, stack(0x0000005e4ac00000,0x0000005e4ad00000) (1024K)]
  0x000001d47e117dc0 WorkerThread "GC Thread#5"                     [id=30100, stack(0x0000005e4b800000,0x0000005e4b900000) (1024K)]
  0x000001d47e118170 WorkerThread "GC Thread#6"                     [id=23244, stack(0x0000005e4b900000,0x0000005e4ba00000) (1024K)]
  0x000001d47d74bec0 WorkerThread "GC Thread#7"                     [id=18648, stack(0x0000005e4ba00000,0x0000005e4bb00000) (1024K)]
  0x000001d420c216c0 ConcurrentGCThread "G1 Main Marker"            [id=18324, stack(0x0000005e49900000,0x0000005e49a00000) (1024K)]
  0x000001d420c224d0 WorkerThread "G1 Conc#0"                       [id=9996, stack(0x0000005e49a00000,0x0000005e49b00000) (1024K)]
  0x000001d47eef6b70 WorkerThread "G1 Conc#1"                       [id=20468, stack(0x0000005e4be00000,0x0000005e4bf00000) (1024K)]
  0x000001d420c94540 ConcurrentGCThread "G1 Refine#0"               [id=22304, stack(0x0000005e49b00000,0x0000005e49c00000) (1024K)]
  0x000001d436da10a0 ConcurrentGCThread "G1 Service"                [id=19472, stack(0x0000005e49c00000,0x0000005e49d00000) (1024K)]
Total: 15

Threads with active compile tasks:
C2 CompilerThread0  62998 6884       4       java.lang.invoke.MethodType::makeImpl (109 bytes)
Total: 1

VM state: not at safepoint (normal execution)

VM Mutex/Monitor currently owned by a thread: None

Heap address: 0x00000000c0000000, size: 1024 MB, Compressed Oops mode: 32-bit

CDS archive(s) mapped at: [0x000001d437000000-0x000001d437ba0000-0x000001d437ba0000), size 12189696, SharedBaseAddress: 0x000001d437000000, ArchiveRelocationMode: 1.
Compressed class space mapped at: 0x000001d438000000-0x000001d478000000, reserved size: 1073741824
Narrow klass base: 0x000001d437000000, Narrow klass shift: 0, Narrow klass range: 0x100000000

GC Precious Log:
 CardTable entry size: 512
 Card Set container configuration: InlinePtr #cards 5 size 8 Array Of Cards #cards 12 size 40 Howl #buckets 4 coarsen threshold 1843 Howl Bitmap #cards 512 size 80 coarsen threshold 460 Card regions per heap region 1 cards per card region 2048
 CPUs: 8 total, 8 available
 Memory: 5965M
 Large Page Support: Disabled
 NUMA Support: Disabled
 Compressed Oops: Enabled (32-bit)
 Heap Region Size: 1M
 Heap Min Capacity: 8M
 Heap Initial Capacity: 94M
 Heap Max Capacity: 1G
 Pre-touch: Disabled
 Parallel Workers: 8
 Concurrent Workers: 2
 Concurrent Refinement Workers: 8
 Periodic GC: Disabled

Heap:
 garbage-first heap   total 86016K, used 55468K [0x00000000c0000000, 0x0000000100000000)
  region size 1024K, 21 young (21504K), 6 survivors (6144K)
 Metaspace       used 50505K, committed 52224K, reserved 1114112K
  class space    used 7335K, committed 8192K, reserved 1048576K

Heap Regions: E=young(eden), S=young(survivor), O=old, HS=humongous(starts), HC=humongous(continues), CS=collection set, F=free, TAMS=top-at-mark-start, PB=parsable bottom
|   0|0x00000000c0000000, 0x00000000c0100000, 0x00000000c0100000|100%|HS|  |TAMS 0x00000000c0000000| PB 0x00000000c0000000| Complete 
|   1|0x00000000c0100000, 0x00000000c0200000, 0x00000000c0200000|100%|HC|  |TAMS 0x00000000c0100000| PB 0x00000000c0100000| Complete 
|   2|0x00000000c0200000, 0x00000000c0300000, 0x00000000c0300000|100%|HC|  |TAMS 0x00000000c0200000| PB 0x00000000c0200000| Complete 
|   3|0x00000000c0300000, 0x00000000c0400000, 0x00000000c0400000|100%| O|  |TAMS 0x00000000c0300000| PB 0x00000000c0300000| Untracked 
|   4|0x00000000c0400000, 0x00000000c0500000, 0x00000000c0500000|100%| O|  |TAMS 0x00000000c0400000| PB 0x00000000c0400000| Untracked 
|   5|0x00000000c0500000, 0x00000000c0600000, 0x00000000c0600000|100%| O|  |TAMS 0x00000000c0500000| PB 0x00000000c0500000| Untracked 
|   6|0x00000000c0600000, 0x00000000c0700000, 0x00000000c0700000|100%|HS|  |TAMS 0x00000000c0600000| PB 0x00000000c0600000| Complete 
|   7|0x00000000c0700000, 0x00000000c0800000, 0x00000000c0800000|100%| O|  |TAMS 0x00000000c0700000| PB 0x00000000c0700000| Untracked 
|   8|0x00000000c0800000, 0x00000000c0900000, 0x00000000c0900000|100%| O|  |TAMS 0x00000000c0800000| PB 0x00000000c0800000| Untracked 
|   9|0x00000000c0900000, 0x00000000c0a00000, 0x00000000c0a00000|100%| O|  |TAMS 0x00000000c0900000| PB 0x00000000c0900000| Untracked 
|  10|0x00000000c0a00000, 0x00000000c0b00000, 0x00000000c0b00000|100%| O|  |TAMS 0x00000000c0a00000| PB 0x00000000c0a00000| Untracked 
|  11|0x00000000c0b00000, 0x00000000c0c00000, 0x00000000c0c00000|100%| O|  |TAMS 0x00000000c0b00000| PB 0x00000000c0b00000| Untracked 
|  12|0x00000000c0c00000, 0x00000000c0d00000, 0x00000000c0d00000|100%| O|  |TAMS 0x00000000c0c00000| PB 0x00000000c0c00000| Untracked 
|  13|0x00000000c0d00000, 0x00000000c0e00000, 0x00000000c0e00000|100%| O|  |TAMS 0x00000000c0d00000| PB 0x00000000c0d00000| Untracked 
|  14|0x00000000c0e00000, 0x00000000c0f00000, 0x00000000c0f00000|100%| O|  |TAMS 0x00000000c0e00000| PB 0x00000000c0e00000| Untracked 
|  15|0x00000000c0f00000, 0x00000000c1000000, 0x00000000c1000000|100%| O|  |TAMS 0x00000000c0f00000| PB 0x00000000c0f00000| Untracked 
|  16|0x00000000c1000000, 0x00000000c1100000, 0x00000000c1100000|100%| O|  |TAMS 0x00000000c1000000| PB 0x00000000c1000000| Untracked 
|  17|0x00000000c1100000, 0x00000000c1200000, 0x00000000c1200000|100%| O|  |TAMS 0x00000000c1100000| PB 0x00000000c1100000| Untracked 
|  18|0x00000000c1200000, 0x00000000c1300000, 0x00000000c1300000|100%| O|  |TAMS 0x00000000c1200000| PB 0x00000000c1200000| Untracked 
|  19|0x00000000c1300000, 0x00000000c1400000, 0x00000000c1400000|100%| O|  |TAMS 0x00000000c1300000| PB 0x00000000c1300000| Untracked 
|  20|0x00000000c1400000, 0x00000000c14f8300, 0x00000000c1500000| 96%| O|  |TAMS 0x00000000c1400000| PB 0x00000000c1400000| Untracked 
|  21|0x00000000c1500000, 0x00000000c1600000, 0x00000000c1600000|100%| O|  |TAMS 0x00000000c1500000| PB 0x00000000c1500000| Untracked 
|  22|0x00000000c1600000, 0x00000000c1700000, 0x00000000c1700000|100%| O|  |TAMS 0x00000000c1600000| PB 0x00000000c1600000| Untracked 
|  23|0x00000000c1700000, 0x00000000c1800000, 0x00000000c1800000|100%| O|  |TAMS 0x00000000c1700000| PB 0x00000000c1700000| Untracked 
|  24|0x00000000c1800000, 0x00000000c1900000, 0x00000000c1900000|100%| O|  |TAMS 0x00000000c1800000| PB 0x00000000c1800000| Untracked 
|  25|0x00000000c1900000, 0x00000000c1a00000, 0x00000000c1a00000|100%| O|  |TAMS 0x00000000c1900000| PB 0x00000000c1900000| Untracked 
|  26|0x00000000c1a00000, 0x00000000c1a32e00, 0x00000000c1b00000| 19%| O|  |TAMS 0x00000000c1a00000| PB 0x00000000c1a00000| Untracked 
|  27|0x00000000c1b00000, 0x00000000c1c00000, 0x00000000c1c00000|100%| O|  |TAMS 0x00000000c1b00000| PB 0x00000000c1b00000| Untracked 
|  28|0x00000000c1c00000, 0x00000000c1d00000, 0x00000000c1d00000|100%| O|  |TAMS 0x00000000c1c00000| PB 0x00000000c1c00000| Untracked 
|  29|0x00000000c1d00000, 0x00000000c1e00000, 0x00000000c1e00000|100%| O|  |TAMS 0x00000000c1d00000| PB 0x00000000c1d00000| Untracked 
|  30|0x00000000c1e00000, 0x00000000c1f00000, 0x00000000c1f00000|100%| O|  |TAMS 0x00000000c1e00000| PB 0x00000000c1e00000| Untracked 
|  31|0x00000000c1f00000, 0x00000000c2000000, 0x00000000c2000000|100%| O|  |TAMS 0x00000000c1f00000| PB 0x00000000c1f00000| Untracked 
|  32|0x00000000c2000000, 0x00000000c2100000, 0x00000000c2100000|100%| O|  |TAMS 0x00000000c2000000| PB 0x00000000c2000000| Untracked 
|  33|0x00000000c2100000, 0x00000000c2200000, 0x00000000c2200000|100%| O|  |TAMS 0x00000000c2100000| PB 0x00000000c2100000| Untracked 
|  34|0x00000000c2200000, 0x00000000c2300000, 0x00000000c2300000|100%| O|  |TAMS 0x00000000c2200000| PB 0x00000000c2200000| Untracked 
|  35|0x00000000c2300000, 0x00000000c2400000, 0x00000000c2400000|100%| O|  |TAMS 0x00000000c2300000| PB 0x00000000c2300000| Untracked 
|  36|0x00000000c2400000, 0x00000000c2400000, 0x00000000c2500000|  0%| F|  |TAMS 0x00000000c2400000| PB 0x00000000c2400000| Untracked 
|  37|0x00000000c2500000, 0x00000000c2600000, 0x00000000c2600000|100%| S|CS|TAMS 0x00000000c2500000| PB 0x00000000c2500000| Complete 
|  38|0x00000000c2600000, 0x00000000c2700000, 0x00000000c2700000|100%| S|CS|TAMS 0x00000000c2600000| PB 0x00000000c2600000| Complete 
|  39|0x00000000c2700000, 0x00000000c2800000, 0x00000000c2800000|100%| S|CS|TAMS 0x00000000c2700000| PB 0x00000000c2700000| Complete 
|  40|0x00000000c2800000, 0x00000000c2800000, 0x00000000c2900000|  0%| F|  |TAMS 0x00000000c2800000| PB 0x00000000c2800000| Untracked 
|  41|0x00000000c2900000, 0x00000000c2900000, 0x00000000c2a00000|  0%| F|  |TAMS 0x00000000c2900000| PB 0x00000000c2900000| Untracked 
|  42|0x00000000c2a00000, 0x00000000c2a00000, 0x00000000c2b00000|  0%| F|  |TAMS 0x00000000c2a00000| PB 0x00000000c2a00000| Untracked 
|  43|0x00000000c2b00000, 0x00000000c2c00000, 0x00000000c2c00000|100%| S|CS|TAMS 0x00000000c2b00000| PB 0x00000000c2b00000| Complete 
|  44|0x00000000c2c00000, 0x00000000c2d00000, 0x00000000c2d00000|100%| S|CS|TAMS 0x00000000c2c00000| PB 0x00000000c2c00000| Complete 
|  45|0x00000000c2d00000, 0x00000000c2e00000, 0x00000000c2e00000|100%| S|CS|TAMS 0x00000000c2d00000| PB 0x00000000c2d00000| Complete 
|  46|0x00000000c2e00000, 0x00000000c2e00000, 0x00000000c2f00000|  0%| F|  |TAMS 0x00000000c2e00000| PB 0x00000000c2e00000| Untracked 
|  47|0x00000000c2f00000, 0x00000000c2f00000, 0x00000000c3000000|  0%| F|  |TAMS 0x00000000c2f00000| PB 0x00000000c2f00000| Untracked 
|  48|0x00000000c3000000, 0x00000000c3000000, 0x00000000c3100000|  0%| F|  |TAMS 0x00000000c3000000| PB 0x00000000c3000000| Untracked 
|  49|0x00000000c3100000, 0x00000000c3100000, 0x00000000c3200000|  0%| F|  |TAMS 0x00000000c3100000| PB 0x00000000c3100000| Untracked 
|  50|0x00000000c3200000, 0x00000000c3200000, 0x00000000c3300000|  0%| F|  |TAMS 0x00000000c3200000| PB 0x00000000c3200000| Untracked 
|  51|0x00000000c3300000, 0x00000000c3300000, 0x00000000c3400000|  0%| F|  |TAMS 0x00000000c3300000| PB 0x00000000c3300000| Untracked 
|  52|0x00000000c3400000, 0x00000000c3400000, 0x00000000c3500000|  0%| F|  |TAMS 0x00000000c3400000| PB 0x00000000c3400000| Untracked 
|  53|0x00000000c3500000, 0x00000000c3500000, 0x00000000c3600000|  0%| F|  |TAMS 0x00000000c3500000| PB 0x00000000c3500000| Untracked 
|  54|0x00000000c3600000, 0x00000000c3600000, 0x00000000c3700000|  0%| F|  |TAMS 0x00000000c3600000| PB 0x00000000c3600000| Untracked 
|  55|0x00000000c3700000, 0x00000000c3700000, 0x00000000c3800000|  0%| F|  |TAMS 0x00000000c3700000| PB 0x00000000c3700000| Untracked 
|  56|0x00000000c3800000, 0x00000000c3800000, 0x00000000c3900000|  0%| F|  |TAMS 0x00000000c3800000| PB 0x00000000c3800000| Untracked 
|  57|0x00000000c3900000, 0x00000000c3900000, 0x00000000c3a00000|  0%| F|  |TAMS 0x00000000c3900000| PB 0x00000000c3900000| Untracked 
|  58|0x00000000c3a00000, 0x00000000c3a00000, 0x00000000c3b00000|  0%| F|  |TAMS 0x00000000c3a00000| PB 0x00000000c3a00000| Untracked 
|  59|0x00000000c3b00000, 0x00000000c3b00000, 0x00000000c3c00000|  0%| F|  |TAMS 0x00000000c3b00000| PB 0x00000000c3b00000| Untracked 
|  60|0x00000000c3c00000, 0x00000000c3c00000, 0x00000000c3d00000|  0%| F|  |TAMS 0x00000000c3c00000| PB 0x00000000c3c00000| Untracked 
|  61|0x00000000c3d00000, 0x00000000c3d00000, 0x00000000c3e00000|  0%| F|  |TAMS 0x00000000c3d00000| PB 0x00000000c3d00000| Untracked 
|  62|0x00000000c3e00000, 0x00000000c3e00000, 0x00000000c3f00000|  0%| F|  |TAMS 0x00000000c3e00000| PB 0x00000000c3e00000| Untracked 
|  63|0x00000000c3f00000, 0x00000000c3f00000, 0x00000000c4000000|  0%| F|  |TAMS 0x00000000c3f00000| PB 0x00000000c3f00000| Untracked 
|  64|0x00000000c4000000, 0x00000000c4000000, 0x00000000c4100000|  0%| F|  |TAMS 0x00000000c4000000| PB 0x00000000c4000000| Untracked 
|  65|0x00000000c4100000, 0x00000000c4100000, 0x00000000c4200000|  0%| F|  |TAMS 0x00000000c4100000| PB 0x00000000c4100000| Untracked 
|  66|0x00000000c4200000, 0x00000000c4200000, 0x00000000c4300000|  0%| F|  |TAMS 0x00000000c4200000| PB 0x00000000c4200000| Untracked 
|  67|0x00000000c4300000, 0x00000000c4300000, 0x00000000c4400000|  0%| F|  |TAMS 0x00000000c4300000| PB 0x00000000c4300000| Untracked 
|  68|0x00000000c4400000, 0x00000000c4400000, 0x00000000c4500000|  0%| F|  |TAMS 0x00000000c4400000| PB 0x00000000c4400000| Untracked 
|  69|0x00000000c4500000, 0x00000000c45351a8, 0x00000000c4600000| 20%| E|  |TAMS 0x00000000c4500000| PB 0x00000000c4500000| Complete 
|  70|0x00000000c4600000, 0x00000000c4700000, 0x00000000c4700000|100%| E|CS|TAMS 0x00000000c4600000| PB 0x00000000c4600000| Complete 
|  71|0x00000000c4700000, 0x00000000c4800000, 0x00000000c4800000|100%| E|CS|TAMS 0x00000000c4700000| PB 0x00000000c4700000| Complete 
|  72|0x00000000c4800000, 0x00000000c4900000, 0x00000000c4900000|100%| E|CS|TAMS 0x00000000c4800000| PB 0x00000000c4800000| Complete 
|  73|0x00000000c4900000, 0x00000000c4a00000, 0x00000000c4a00000|100%| E|CS|TAMS 0x00000000c4900000| PB 0x00000000c4900000| Complete 
|  74|0x00000000c4a00000, 0x00000000c4b00000, 0x00000000c4b00000|100%| E|CS|TAMS 0x00000000c4a00000| PB 0x00000000c4a00000| Complete 
|  75|0x00000000c4b00000, 0x00000000c4c00000, 0x00000000c4c00000|100%| E|CS|TAMS 0x00000000c4b00000| PB 0x00000000c4b00000| Complete 
|  76|0x00000000c4c00000, 0x00000000c4d00000, 0x00000000c4d00000|100%| E|CS|TAMS 0x00000000c4c00000| PB 0x00000000c4c00000| Complete 
|  87|0x00000000c5700000, 0x00000000c57ffe90, 0x00000000c5800000| 99%| E|  |TAMS 0x00000000c5700000| PB 0x00000000c5700000| Complete 
|  88|0x00000000c5800000, 0x00000000c5900000, 0x00000000c5900000|100%| E|CS|TAMS 0x00000000c5800000| PB 0x00000000c5800000| Complete 
|  89|0x00000000c5900000, 0x00000000c5a00000, 0x00000000c5a00000|100%| E|CS|TAMS 0x00000000c5900000| PB 0x00000000c5900000| Complete 
|  90|0x00000000c5a00000, 0x00000000c5b00000, 0x00000000c5b00000|100%| E|CS|TAMS 0x00000000c5a00000| PB 0x00000000c5a00000| Complete 
|  91|0x00000000c5b00000, 0x00000000c5c00000, 0x00000000c5c00000|100%| E|CS|TAMS 0x00000000c5b00000| PB 0x00000000c5b00000| Complete 
|  92|0x00000000c5c00000, 0x00000000c5d00000, 0x00000000c5d00000|100%| E|CS|TAMS 0x00000000c5c00000| PB 0x00000000c5c00000| Complete 
|  93|0x00000000c5d00000, 0x00000000c5e00000, 0x00000000c5e00000|100%| E|CS|TAMS 0x00000000c5d00000| PB 0x00000000c5d00000| Complete 

Card table byte_map: [0x000001d433310000,0x000001d433510000] _byte_map_base: 0x000001d432d10000

Marking Bits: (CMBitMap*) 0x000001d420c1ce00
 Bits: [0x000001d433510000, 0x000001d434510000)

Polling page: 0x000001d41eeb0000

Metaspace:

Usage:
  Non-class:     42.16 MB used.
      Class:      7.16 MB used.
       Both:     49.32 MB used.

Virtual space:
  Non-class space:       64.00 MB reserved,      43.00 MB ( 67%) committed,  1 nodes.
      Class space:        1.00 GB reserved,       8.00 MB ( <1%) committed,  1 nodes.
             Both:        1.06 GB reserved,      51.00 MB (  5%) committed. 

Chunk freelists:
   Non-Class:  4.16 MB
       Class:  7.83 MB
        Both:  11.98 MB

MaxMetaspaceSize: unlimited
CompressedClassSpaceSize: 1.00 GB
Initial GC threshold: 21.00 MB
Current GC threshold: 61.06 MB
CDS: on
 - commit_granule_bytes: 65536.
 - commit_granule_words: 8192.
 - virtual_space_node_default_size: 8388608.
 - enlarge_chunks_in_place: 1.
 - use_allocation_guard: 0.


Internal statistics:

num_allocs_failed_limit: 12.
num_arena_births: 3124.
num_arena_deaths: 0.
num_vsnodes_births: 2.
num_vsnodes_deaths: 0.
num_space_committed: 816.
num_space_uncommitted: 0.
num_chunks_returned_to_freelist: 12.
num_chunks_taken_from_freelist: 5586.
num_chunk_merges: 9.
num_chunk_splits: 3614.
num_chunks_enlarged: 2172.
num_inconsistent_stats: 0.

CodeHeap 'non-profiled nmethods': size=120000Kb used=3399Kb max_used=3399Kb free=116600Kb
 bounds [0x000001d42b8b0000, 0x000001d42bc10000, 0x000001d432de0000]
CodeHeap 'profiled nmethods': size=120000Kb used=12122Kb max_used=12122Kb free=107877Kb
 bounds [0x000001d423de0000, 0x000001d4249c0000, 0x000001d42b310000]
CodeHeap 'non-nmethods': size=5760Kb used=2604Kb max_used=2621Kb free=3156Kb
 bounds [0x000001d42b310000, 0x000001d42b5b0000, 0x000001d42b8b0000]
CodeCache: size=245760Kb, used=18125Kb, max_used=18142Kb, free=227633Kb
 total_blobs=7364, nmethods=6492, adapters=775, full_count=0
Compilation: enabled, stopped_count=0, restarted_count=0

Compilation events (20 events):
Event: 62.874 Thread 0x000001d436f6fd60 6995       3       com.google.common.util.concurrent.AbstractFutureState$VarHandleAtomicHelper::casValue (10 bytes)
Event: 62.875 Thread 0x000001d436f6fd60 nmethod 6995 0x000001d4249ad290 code [0x000001d4249ad520, 0x000001d4249ae1a8]
Event: 62.875 Thread 0x000001d436f6fd60 6998       3       org.gradle.internal.snapshot.VfsRelativePath::determineOffset (34 bytes)
Event: 62.876 Thread 0x000001d436f6fd60 nmethod 6998 0x000001d4249ae610 code [0x000001d4249ae860, 0x000001d4249af160]
Event: 62.876 Thread 0x000001d436f6fd60 6996       3       com.google.common.util.concurrent.AbstractFuture::getDoneValue (65 bytes)
Event: 62.878 Thread 0x000001d436f6fd60 nmethod 6996 0x000001d4249af510 code [0x000001d4249af740, 0x000001d4249affd0]
Event: 62.878 Thread 0x000001d436f6fd60 6992       3       com.google.common.util.concurrent.AbstractFutureState::blockingGet (148 bytes)
Event: 62.881 Thread 0x000001d436f6fd60 nmethod 6992 0x000001d4249b0210 code [0x000001d4249b05a0, 0x000001d4249b1de0]
Event: 62.881 Thread 0x000001d436f6fd60 6990       3       org.gradle.internal.io.StreamByteBuffer::totalBytesUnread (52 bytes)
Event: 62.882 Thread 0x000001d436f6fd60 nmethod 6990 0x000001d4249b2510 code [0x000001d4249b26c0, 0x000001d4249b2968]
Event: 62.882 Thread 0x000001d436f6fd60 6991       1       org.gradle.internal.operations.DefaultBuildOperationRunner$CallableBuildOperationWorker::getReturnValue (5 bytes)
Event: 62.882 Thread 0x000001d436f6fd60 nmethod 6991 0x000001d42bc01790 code [0x000001d42bc01920, 0x000001d42bc019e8]
Event: 62.916 Thread 0x000001d436f6fd60 6999       1       org.gradle.internal.snapshot.SingletonChildMap::access$000 (5 bytes)
Event: 62.916 Thread 0x000001d436f6fd60 nmethod 6999 0x000001d42bc01a90 code [0x000001d42bc01c20, 0x000001d42bc01cd0]
Event: 62.917 Thread 0x000001d436f6fd60 7000   !   3       org.gradle.internal.model.CalculatedValueContainer$CalculationState::attachValue (57 bytes)
Event: 62.919 Thread 0x000001d436f6fd60 nmethod 7000 0x000001d4249b2a90 code [0x000001d4249b2e60, 0x000001d4249b4968]
Event: 62.952 Thread 0x000001d436f6fd60 7001       3       org.gradle.internal.snapshot.MerkleDirectorySnapshotBuilder::collectEntry (52 bytes)
Event: 62.952 Thread 0x000001d436f6fd60 nmethod 7001 0x000001d4249b5410 code [0x000001d4249b5600, 0x000001d4249b5b00]
Event: 62.952 Thread 0x000001d436f6fd60 7002       3       java.util.ArrayDeque::peekLast (19 bytes)
Event: 62.953 Thread 0x000001d436f6fd60 nmethod 7002 0x000001d4249b5c90 code [0x000001d4249b5e40, 0x000001d4249b6060]

GC Heap History (20 events):
Event: 6.063 GC heap before
{Heap before GC invocations=2 (full 0):
 garbage-first heap   total 96256K, used 54626K [0x00000000c0000000, 0x0000000100000000)
  region size 1024K, 47 young (48128K), 5 survivors (5120K)
 Metaspace       used 4580K, committed 4800K, reserved 1114112K
  class space    used 582K, committed 704K, reserved 1048576K
}
Event: 6.079 GC heap after
{Heap after GC invocations=3 (full 0):
 garbage-first heap   total 96256K, used 16407K [0x00000000c0000000, 0x0000000100000000)
  region size 1024K, 5 young (5120K), 5 survivors (5120K)
 Metaspace       used 4580K, committed 4800K, reserved 1114112K
  class space    used 582K, committed 704K, reserved 1048576K
}
Event: 13.734 GC heap before
{Heap before GC invocations=3 (full 0):
 garbage-first heap   total 96256K, used 68631K [0x00000000c0000000, 0x0000000100000000)
  region size 1024K, 56 young (57344K), 5 survivors (5120K)
 Metaspace       used 14788K, committed 15168K, reserved 1114112K
  class space    used 2066K, committed 2240K, reserved 1048576K
}
Event: 13.834 GC heap after
{Heap after GC invocations=4 (full 0):
 garbage-first heap   total 96256K, used 21788K [0x00000000c0000000, 0x0000000100000000)
  region size 1024K, 6 young (6144K), 6 survivors (6144K)
 Metaspace       used 14788K, committed 15168K, reserved 1114112K
  class space    used 2066K, committed 2240K, reserved 1048576K
}
Event: 19.199 GC heap before
{Heap before GC invocations=4 (full 0):
 garbage-first heap   total 96256K, used 67868K [0x00000000c0000000, 0x0000000100000000)
  region size 1024K, 52 young (53248K), 6 survivors (6144K)
 Metaspace       used 20865K, committed 21504K, reserved 1114112K
  class space    used 3084K, committed 3392K, reserved 1048576K
}
Event: 19.212 GC heap after
{Heap after GC invocations=5 (full 0):
 garbage-first heap   total 96256K, used 24654K [0x00000000c0000000, 0x0000000100000000)
  region size 1024K, 4 young (4096K), 4 survivors (4096K)
 Metaspace       used 20865K, committed 21504K, reserved 1114112K
  class space    used 3084K, committed 3392K, reserved 1048576K
}
Event: 26.906 GC heap before
{Heap before GC invocations=6 (full 0):
 garbage-first heap   total 86016K, used 71758K [0x00000000c0000000, 0x0000000100000000)
  region size 1024K, 50 young (51200K), 4 survivors (4096K)
 Metaspace       used 27115K, committed 28096K, reserved 1114112K
  class space    used 4053K, committed 4544K, reserved 1048576K
}
Event: 26.924 GC heap after
{Heap after GC invocations=7 (full 0):
 garbage-first heap   total 86016K, used 26829K [0x00000000c0000000, 0x0000000100000000)
  region size 1024K, 6 young (6144K), 6 survivors (6144K)
 Metaspace       used 27115K, committed 28096K, reserved 1114112K
  class space    used 4053K, committed 4544K, reserved 1048576K
}
Event: 32.681 GC heap before
{Heap before GC invocations=7 (full 0):
 garbage-first heap   total 86016K, used 68813K [0x00000000c0000000, 0x0000000100000000)
  region size 1024K, 48 young (49152K), 6 survivors (6144K)
 Metaspace       used 32500K, committed 33536K, reserved 1114112K
  class space    used 4634K, committed 5120K, reserved 1048576K
}
Event: 32.694 GC heap after
{Heap after GC invocations=8 (full 0):
 garbage-first heap   total 86016K, used 31161K [0x00000000c0000000, 0x0000000100000000)
  region size 1024K, 6 young (6144K), 6 survivors (6144K)
 Metaspace       used 32500K, committed 33536K, reserved 1114112K
  class space    used 4634K, committed 5120K, reserved 1048576K
}
Event: 39.543 GC heap before
{Heap before GC invocations=8 (full 0):
 garbage-first heap   total 86016K, used 63929K [0x00000000c0000000, 0x0000000100000000)
  region size 1024K, 34 young (34816K), 6 survivors (6144K)
 Metaspace       used 36125K, committed 37248K, reserved 1114112K
  class space    used 5149K, committed 5696K, reserved 1048576K
}
Event: 39.551 GC heap after
{Heap after GC invocations=9 (full 0):
 garbage-first heap   total 86016K, used 33587K [0x00000000c0000000, 0x0000000100000000)
  region size 1024K, 3 young (3072K), 3 survivors (3072K)
 Metaspace       used 36125K, committed 37248K, reserved 1114112K
  class space    used 5149K, committed 5696K, reserved 1048576K
}
Event: 42.277 GC heap before
{Heap before GC invocations=10 (full 0):
 garbage-first heap   total 86016K, used 72499K [0x00000000c0000000, 0x0000000100000000)
  region size 1024K, 41 young (41984K), 3 survivors (3072K)
 Metaspace       used 40358K, committed 41856K, reserved 1114112K
  class space    used 5872K, committed 6592K, reserved 1048576K
}
Event: 42.283 GC heap after
{Heap after GC invocations=11 (full 0):
 garbage-first heap   total 86016K, used 35874K [0x00000000c0000000, 0x0000000100000000)
  region size 1024K, 5 young (5120K), 5 survivors (5120K)
 Metaspace       used 40358K, committed 41856K, reserved 1114112K
  class space    used 5872K, committed 6592K, reserved 1048576K
}
Event: 46.129 GC heap before
{Heap before GC invocations=11 (full 0):
 garbage-first heap   total 86016K, used 75810K [0x00000000c0000000, 0x0000000100000000)
  region size 1024K, 43 young (44032K), 5 survivors (5120K)
 Metaspace       used 43589K, committed 45184K, reserved 1114112K
  class space    used 6294K, committed 7040K, reserved 1048576K
}
Event: 46.136 GC heap after
{Heap after GC invocations=12 (full 0):
 garbage-first heap   total 86016K, used 36467K [0x00000000c0000000, 0x0000000100000000)
  region size 1024K, 4 young (4096K), 4 survivors (4096K)
 Metaspace       used 43589K, committed 45184K, reserved 1114112K
  class space    used 6294K, committed 7040K, reserved 1048576K
}
Event: 55.434 GC heap before
{Heap before GC invocations=12 (full 0):
 garbage-first heap   total 86016K, used 75379K [0x00000000c0000000, 0x0000000100000000)
  region size 1024K, 42 young (43008K), 4 survivors (4096K)
 Metaspace       used 46887K, committed 48576K, reserved 1114112K
  class space    used 6851K, committed 7680K, reserved 1048576K
}
Event: 55.441 GC heap after
{Heap after GC invocations=13 (full 0):
 garbage-first heap   total 86016K, used 37767K [0x00000000c0000000, 0x0000000100000000)
  region size 1024K, 3 young (3072K), 3 survivors (3072K)
 Metaspace       used 46887K, committed 48576K, reserved 1114112K
  class space    used 6851K, committed 7680K, reserved 1048576K
}
Event: 60.691 GC heap before
{Heap before GC invocations=13 (full 0):
 garbage-first heap   total 86016K, used 75655K [0x00000000c0000000, 0x0000000100000000)
  region size 1024K, 41 young (41984K), 3 survivors (3072K)
 Metaspace       used 49848K, committed 51584K, reserved 1114112K
  class space    used 7246K, committed 8128K, reserved 1048576K
}
Event: 60.700 GC heap after
{Heap after GC invocations=14 (full 0):
 garbage-first heap   total 86016K, used 42156K [0x00000000c0000000, 0x0000000100000000)
  region size 1024K, 6 young (6144K), 6 survivors (6144K)
 Metaspace       used 49848K, committed 51584K, reserved 1114112K
  class space    used 7246K, committed 8128K, reserved 1048576K
}

Dll operation events (20 events):
Event: 0.551 Attempting to load shared library C:\Users\LENOVO\.antigravity-ide\extensions\redhat.java-1.56.0-win32-x64\jre\21.0.12.1-win32-x86_64\bin\nio.dll
Event: 0.552 Loaded shared library C:\Users\LENOVO\.antigravity-ide\extensions\redhat.java-1.56.0-win32-x64\jre\21.0.12.1-win32-x86_64\bin\nio.dll
Event: 0.558 Attempting to load shared library C:\Users\LENOVO\.antigravity-ide\extensions\redhat.java-1.56.0-win32-x64\jre\21.0.12.1-win32-x86_64\bin\zip.dll
Event: 0.558 Loaded shared library C:\Users\LENOVO\.antigravity-ide\extensions\redhat.java-1.56.0-win32-x64\jre\21.0.12.1-win32-x86_64\bin\zip.dll
Event: 1.219 Attempting to load shared library C:\Users\LENOVO\.antigravity-ide\extensions\redhat.java-1.56.0-win32-x64\jre\21.0.12.1-win32-x86_64\bin\jimage.dll
Event: 1.219 Loaded shared library C:\Users\LENOVO\.antigravity-ide\extensions\redhat.java-1.56.0-win32-x64\jre\21.0.12.1-win32-x86_64\bin\jimage.dll
Event: 1.815 Attempting to load shared library C:\Users\LENOVO\.antigravity-ide\extensions\redhat.java-1.56.0-win32-x64\jre\21.0.12.1-win32-x86_64\bin\verify.dll
Event: 1.815 Loaded shared library C:\Users\LENOVO\.antigravity-ide\extensions\redhat.java-1.56.0-win32-x64\jre\21.0.12.1-win32-x86_64\bin\verify.dll
Event: 2.122 Attempting to load shared library C:\Users\LENOVO\.gradle\native\1def1411415f61bf3af743bc5b6707747c0891f09f0c88961ee8f79bc544acac\windows-amd64\native-platform.dll
Event: 2.123 Loaded shared library C:\Users\LENOVO\.gradle\native\1def1411415f61bf3af743bc5b6707747c0891f09f0c88961ee8f79bc544acac\windows-amd64\native-platform.dll
Event: 2.183 Attempting to load shared library C:\Users\LENOVO\.gradle\native\0.2.7\x86_64-windows-gnu\gradle-fileevents.dll
Event: 2.184 Loaded shared library C:\Users\LENOVO\.gradle\native\0.2.7\x86_64-windows-gnu\gradle-fileevents.dll
Event: 7.082 Attempting to load shared library C:\Users\LENOVO\.antigravity-ide\extensions\redhat.java-1.56.0-win32-x64\jre\21.0.12.1-win32-x86_64\bin\management.dll
Event: 7.082 Loaded shared library C:\Users\LENOVO\.antigravity-ide\extensions\redhat.java-1.56.0-win32-x64\jre\21.0.12.1-win32-x86_64\bin\management.dll
Event: 7.092 Attempting to load shared library C:\Users\LENOVO\.antigravity-ide\extensions\redhat.java-1.56.0-win32-x64\jre\21.0.12.1-win32-x86_64\bin\management_ext.dll
Event: 7.094 Loaded shared library C:\Users\LENOVO\.antigravity-ide\extensions\redhat.java-1.56.0-win32-x64\jre\21.0.12.1-win32-x86_64\bin\management_ext.dll
Event: 7.983 Attempting to load shared library C:\Users\LENOVO\.antigravity-ide\extensions\redhat.java-1.56.0-win32-x64\jre\21.0.12.1-win32-x86_64\bin\extnet.dll
Event: 7.984 Loaded shared library C:\Users\LENOVO\.antigravity-ide\extensions\redhat.java-1.56.0-win32-x64\jre\21.0.12.1-win32-x86_64\bin\extnet.dll
Event: 9.225 Attempting to load shared library C:\Users\LENOVO\.antigravity-ide\extensions\redhat.java-1.56.0-win32-x64\jre\21.0.12.1-win32-x86_64\bin\sunmscapi.dll
Event: 9.258 Loaded shared library C:\Users\LENOVO\.antigravity-ide\extensions\redhat.java-1.56.0-win32-x64\jre\21.0.12.1-win32-x86_64\bin\sunmscapi.dll

Deoptimization events (20 events):
Event: 61.615 Thread 0x000001d47dae2de0 Uncommon trap: trap_request=0xffffff45 fr.pc=0x000001d42bb2c31c relative=0x000000000000021c
Event: 61.615 Thread 0x000001d47dae2de0 Uncommon trap: reason=unstable_if action=reinterpret pc=0x000001d42bb2c31c method=org.gradle.internal.snapshot.PathUtil.equalChars(CCLorg/gradle/internal/snapshot/CaseSensitivity;)Z @ 11 c2
Event: 61.615 Thread 0x000001d47dae2de0 DEOPT PACKING pc=0x000001d42bb2c31c sp=0x0000005e4b3f3660
Event: 61.615 Thread 0x000001d47dae2de0 DEOPT UNPACKING pc=0x000001d42b364422 sp=0x0000005e4b3f3600 mode 2
Event: 61.741 Thread 0x000001d47dae2750 DEOPT PACKING pc=0x000001d423e1375b sp=0x0000005e4bdfe5b0
Event: 61.741 Thread 0x000001d47dae2750 DEOPT UNPACKING pc=0x000001d42b364bc2 sp=0x0000005e4bdfda38 mode 0
Event: 62.028 Thread 0x000001d47ee81e90 Uncommon trap: trap_request=0xffffff45 fr.pc=0x000001d42b983e10 relative=0x0000000000000070
Event: 62.028 Thread 0x000001d47ee81e90 Uncommon trap: reason=unstable_if action=reinterpret pc=0x000001d42b983e10 method=java.lang.ref.ReferenceQueue.poll()Ljava/lang/ref/Reference; @ 4 c2
Event: 62.028 Thread 0x000001d47ee81e90 DEOPT PACKING pc=0x000001d42b983e10 sp=0x0000005e495fc880
Event: 62.028 Thread 0x000001d47ee81e90 DEOPT UNPACKING pc=0x000001d42b364422 sp=0x0000005e495fc810 mode 2
Event: 62.260 Thread 0x000001d47ee82bb0 Uncommon trap: trap_request=0xffffff54 fr.pc=0x000001d42b9fc7ac relative=0x00000000000011cc
Event: 62.260 Thread 0x000001d47ee82bb0 Uncommon trap: reason=speculate_null_assert action=make_not_entrant pc=0x000001d42b9fc7ac method=jdk.internal.util.ReferencedKeyMap.existingKey(Ljdk/internal/util/ReferencedKeyMap;Ljava/lang/Object;)Ljava/lang/Object; @ 18 c2
Event: 62.260 Thread 0x000001d47ee82bb0 DEOPT PACKING pc=0x000001d42b9fc7ac sp=0x0000005e4d2fd730
Event: 62.260 Thread 0x000001d47ee82bb0 DEOPT UNPACKING pc=0x000001d42b364422 sp=0x0000005e4d2fd610 mode 2
Event: 62.471 Thread 0x000001d47ee81e90 DEOPT PACKING pc=0x000001d423ee0e73 sp=0x0000005e495fbfc0
Event: 62.471 Thread 0x000001d47ee81e90 DEOPT UNPACKING pc=0x000001d42b364bc2 sp=0x0000005e495fb460 mode 3
Event: 62.484 Thread 0x000001d47dae2750 DEOPT PACKING pc=0x000001d424889e7e sp=0x0000005e4bdfe190
Event: 62.484 Thread 0x000001d47dae2750 DEOPT UNPACKING pc=0x000001d42b364bc2 sp=0x0000005e4bdfd700 mode 0
Event: 62.797 Thread 0x000001d47dae2750 DEOPT PACKING pc=0x000001d424889e7e sp=0x0000005e4bdfe0c0
Event: 62.797 Thread 0x000001d47dae2750 DEOPT UNPACKING pc=0x000001d42b364bc2 sp=0x0000005e4bdfd630 mode 0

Classes loaded (20 events):
Event: 60.742 Loading class jdk/internal/reflect/UTF8
Event: 60.742 Loading class jdk/internal/reflect/UTF8 done
Event: 60.743 Loading class jdk/internal/reflect/Label
Event: 60.743 Loading class jdk/internal/reflect/Label done
Event: 60.743 Loading class jdk/internal/reflect/Label$PatchInfo
Event: 60.743 Loading class jdk/internal/reflect/Label$PatchInfo done
Event: 60.744 Loading class jdk/internal/reflect/MethodAccessorGenerator$1
Event: 60.744 Loading class jdk/internal/reflect/MethodAccessorGenerator$1 done
Event: 60.744 Loading class jdk/internal/reflect/ClassDefiner
Event: 60.745 Loading class jdk/internal/reflect/ClassDefiner done
Event: 60.745 Loading class jdk/internal/reflect/ClassDefiner$1
Event: 60.746 Loading class jdk/internal/reflect/ClassDefiner$1 done
Event: 60.747 Loading class jdk/internal/reflect/SerializationConstructorAccessorImpl
Event: 60.747 Loading class jdk/internal/reflect/SerializationConstructorAccessorImpl done
Event: 62.215 Loading class java/nio/channels/Channels
Event: 62.215 Loading class java/nio/channels/Channels done
Event: 62.215 Loading class sun/nio/ch/Streams
Event: 62.215 Loading class sun/nio/ch/Streams done
Event: 62.216 Loading class sun/nio/ch/ChannelInputStream
Event: 62.216 Loading class sun/nio/ch/ChannelInputStream done

Classes unloaded (0 events):
No events

Classes redefined (0 events):
No events

Internal exceptions (20 events):
Event: 54.419 Thread 0x000001d47dae2de0 Exception <a 'java/lang/NoSuchMethodError'{0x00000000c40878c0}: 'java.lang.Object java.lang.invoke.DirectMethodHandle$Holder.newInvokeSpecial(java.lang.Object, long)'> (0x00000000c40878c0) 
thrown [s\src\hotspot\share\interpreter\linkResolver.cpp, line 773]
Event: 54.439 Thread 0x000001d47dae2de0 Exception <a 'java/lang/NoSuchMethodError'{0x00000000c40ec970}: 'java.lang.Object java.lang.invoke.DirectMethodHandle$Holder.newInvokeSpecial(java.lang.Object, java.lang.Object, java.lang.Object, java.lang.Object, java.lang.Object, long, java.lang.Object)'> (0x00000000c40ec970) 
thrown [s\src\hotspot\share\interpreter\linkResolver.cpp, line 773]
Event: 54.442 Thread 0x000001d47dae2de0 Exception <a 'java/lang/NoSuchMethodError'{0x00000000c40f53b8}: 'java.lang.Object java.lang.invoke.Invokers$Holder.linkToTargetMethod(java.lang.Object, java.lang.Object, java.lang.Object, java.lang.Object, long, java.lang.Object, java.lang.Object)'> (0x00000000c40f53b8) 
thrown [s\src\hotspot\share\interpreter\linkResolver.cpp, line 773]
Event: 54.459 Thread 0x000001d47dae2de0 Exception <a 'java/lang/NoSuchMethodError'{0x00000000c3f3b490}: 'java.lang.Object java.lang.invoke.DirectMethodHandle$Holder.newInvokeSpecial(java.lang.Object, java.lang.Object, java.lang.Object, long, java.lang.Object)'> (0x00000000c3f3b490) 
thrown [s\src\hotspot\share\interpreter\linkResolver.cpp, line 773]
Event: 54.462 Thread 0x000001d47dae2de0 Exception <a 'java/lang/NoSuchMethodError'{0x00000000c3f40340}: 'java.lang.Object java.lang.invoke.DirectMethodHandle$Holder.invokeSpecial(java.lang.Object, java.lang.Object, java.lang.Object, java.lang.Object, long, java.lang.Object)'> (0x00000000c3f40340) 
thrown [s\src\hotspot\share\interpreter\linkResolver.cpp, line 773]
Event: 54.463 Thread 0x000001d47dae2de0 Exception <a 'java/lang/NoSuchMethodError'{0x00000000c3f448c0}: 'java.lang.Object java.lang.invoke.Invokers$Holder.linkToTargetMethod(java.lang.Object, java.lang.Object, long, java.lang.Object, java.lang.Object)'> (0x00000000c3f448c0) 
thrown [s\src\hotspot\share\interpreter\linkResolver.cpp, line 773]
Event: 54.588 Thread 0x000001d47dae2de0 Exception <a 'java/lang/NoSuchMethodError'{0x00000000c3d8c850}: 'java.lang.Object java.lang.invoke.DirectMethodHandle$Holder.newInvokeSpecial(java.lang.Object, java.lang.Object, java.lang.Object, java.lang.Object, java.lang.Object, java.lang.Object, java.lang.Object, java.lang.Object, java.lang.Object, java.lang.Object, java.lang.Object, java.lang.Object, java.lang.Object, java.lang.Object, java.lang.Object, java.lang.Object, java.lang.Object, java.lang.Object, java.lang.Object, java.lang.Object, java.lang
Event: 55.181 Thread 0x000001d47dae2de0 Exception <a 'java/lang/NoSuchMethodError'{0x00000000c3291228}: 'java.lang.Object java.lang.invoke.DirectMethodHandle$Holder.newInvokeSpecial(java.lang.Object, int, java.lang.Object)'> (0x00000000c3291228) 
thrown [s\src\hotspot\share\interpreter\linkResolver.cpp, line 773]
Event: 55.660 Thread 0x000001d47dae2de0 Exception <a 'java/lang/NoSuchMethodError'{0x00000000c5ae8a60}: 'java.lang.Object java.lang.invoke.DirectMethodHandle$Holder.invokeSpecial(java.lang.Object, java.lang.Object, long, java.lang.Object, java.lang.Object)'> (0x00000000c5ae8a60) 
thrown [s\src\hotspot\share\interpreter\linkResolver.cpp, line 773]
Event: 55.704 Thread 0x000001d47dae2de0 Exception <a 'java/lang/NoSuchMethodError'{0x00000000c59bf900}: 'java.lang.Object java.lang.invoke.DirectMethodHandle$Holder.newInvokeSpecial(java.lang.Object, java.lang.Object, java.lang.Object, int, java.lang.Object)'> (0x00000000c59bf900) 
thrown [s\src\hotspot\share\interpreter\linkResolver.cpp, line 773]
Event: 55.705 Thread 0x000001d47dae2de0 Exception <a 'java/lang/NoSuchMethodError'{0x00000000c59c4038}: 'java.lang.Object java.lang.invoke.Invokers$Holder.linkToTargetMethod(java.lang.Object, java.lang.Object, int, java.lang.Object, java.lang.Object)'> (0x00000000c59c4038) 
thrown [s\src\hotspot\share\interpreter\linkResolver.cpp, line 773]
Event: 56.073 Thread 0x000001d47dae2de0 Exception <a 'java/lang/NoSuchMethodError'{0x00000000c4917c60}: 'int java.lang.invoke.DirectMethodHandle$Holder.invokeSpecialIFC(java.lang.Object, java.lang.Object, java.lang.Object)'> (0x00000000c4917c60) 
thrown [s\src\hotspot\share\interpreter\linkResolver.cpp, line 773]
Event: 57.295 Thread 0x000001d47dae2de0 Exception <a 'java/lang/NoSuchMethodError'{0x00000000c3961268}: 'int java.lang.invoke.DirectMethodHandle$Holder.invokeInterface(java.lang.Object, java.lang.Object, java.lang.Object, java.lang.Object, java.lang.Object)'> (0x00000000c3961268) 
thrown [s\src\hotspot\share\interpreter\linkResolver.cpp, line 773]
Event: 57.295 Thread 0x000001d47dae2de0 Exception <a 'java/lang/IncompatibleClassChangeError'{0x00000000c3965720}: Found class java.lang.Object, but interface was expected> (0x00000000c3965720) 
thrown [s\src\hotspot\share\interpreter\linkResolver.cpp, line 840]
Event: 57.354 Thread 0x000001d47dae2de0 Exception <a 'java/lang/NoSuchMethodError'{0x00000000c38092a0}: 'java.lang.Object java.lang.invoke.DirectMethodHandle$Holder.newInvokeSpecial(java.lang.Object, java.lang.Object, long, java.lang.Object)'> (0x00000000c38092a0) 
thrown [s\src\hotspot\share\interpreter\linkResolver.cpp, line 773]
Event: 57.354 Thread 0x000001d47dae2de0 Exception <a 'java/lang/NoSuchMethodError'{0x00000000c380e008}: 'java.lang.Object java.lang.invoke.DirectMethodHandle$Holder.invokeSpecial(java.lang.Object, java.lang.Object, java.lang.Object, long, java.lang.Object)'> (0x00000000c380e008) 
thrown [s\src\hotspot\share\interpreter\linkResolver.cpp, line 773]
Event: 57.355 Thread 0x000001d47dae2de0 Exception <a 'java/lang/NoSuchMethodError'{0x00000000c38126f0}: 'java.lang.Object java.lang.invoke.Invokers$Holder.linkToTargetMethod(java.lang.Object, long, java.lang.Object, java.lang.Object)'> (0x00000000c38126f0) 
thrown [s\src\hotspot\share\interpreter\linkResolver.cpp, line 773]
Event: 57.363 Thread 0x000001d47dae2de0 Exception <a 'java/lang/NoSuchMethodError'{0x00000000c383b490}: 'void java.lang.invoke.DirectMethodHandle$Holder.invokeStatic(java.lang.Object, java.lang.Object, java.lang.Object, int, java.lang.Object)'> (0x00000000c383b490) 
thrown [s\src\hotspot\share\interpreter\linkResolver.cpp, line 773]
Event: 60.761 Thread 0x000001d47dae2de0 Exception <a 'java/lang/NoSuchMethodError'{0x00000000c5dce038}: 'java.lang.Object java.lang.invoke.DirectMethodHandle$Holder.newInvokeSpecial(java.lang.Object, java.lang.Object, java.lang.Object, java.lang.Object, int, java.lang.Object)'> (0x00000000c5dce038) 
thrown [s\src\hotspot\share\interpreter\linkResolver.cpp, line 773]
Event: 60.763 Thread 0x000001d47dae2de0 Exception <a 'java/lang/NoSuchMethodError'{0x00000000c5dd68c8}: 'java.lang.Object java.lang.invoke.Invokers$Holder.linkToTargetMethod(java.lang.Object, java.lang.Object, java.lang.Object, int, java.lang.Object, java.lang.Object)'> (0x00000000c5dd68c8) 
thrown [s\src\hotspot\share\interpreter\linkResolver.cpp, line 773]

ZGC Phase Switch (0 events):
No events

VM Operations (20 events):
Event: 57.418 Executing non-safepoint VM operation: HandshakeAllThreads (Deoptimize)
Event: 57.418 Executing non-safepoint VM operation: HandshakeAllThreads (Deoptimize) done
Event: 58.426 Executing safepoint VM operation: Cleanup
Event: 58.426 Executing safepoint VM operation: Cleanup done
Event: 59.429 Executing safepoint VM operation: Cleanup
Event: 59.429 Executing safepoint VM operation: Cleanup done
Event: 60.269 Executing non-safepoint VM operation: HandshakeAllThreads (HandshakeForDeflation)
Event: 60.269 Executing non-safepoint VM operation: HandshakeAllThreads (HandshakeForDeflation) done
Event: 60.269 Executing non-safepoint VM operation: RendezvousGCThreads
Event: 60.269 Executing non-safepoint VM operation: RendezvousGCThreads done
Event: 60.629 Executing non-safepoint VM operation: HandshakeAllThreads (Deoptimize)
Event: 60.629 Executing non-safepoint VM operation: HandshakeAllThreads (Deoptimize) done
Event: 60.629 Executing safepoint VM operation: Cleanup
Event: 60.629 Executing safepoint VM operation: Cleanup done
Event: 60.691 Executing safepoint VM operation: G1CollectForAllocation (G1 Evacuation Pause)
Event: 60.700 Executing safepoint VM operation: G1CollectForAllocation (G1 Evacuation Pause) done
Event: 61.706 Executing safepoint VM operation: Cleanup
Event: 61.706 Executing safepoint VM operation: Cleanup done
Event: 62.709 Executing safepoint VM operation: Cleanup
Event: 62.724 Executing safepoint VM operation: Cleanup done

Memory protections (0 events):
No events

Nmethod flushes (20 events):
Event: 39.637 Thread 0x000001d436ed5fb0 flushing  nmethod 0x000001d423f42310
Event: 39.637 Thread 0x000001d436ed5fb0 flushing  nmethod 0x000001d423f6fa10
Event: 39.637 Thread 0x000001d436ed5fb0 flushing  nmethod 0x000001d423f79090
Event: 39.637 Thread 0x000001d436ed5fb0 flushing  nmethod 0x000001d423f7a910
Event: 39.637 Thread 0x000001d436ed5fb0 flushing  nmethod 0x000001d423f7b210
Event: 39.637 Thread 0x000001d436ed5fb0 flushing  nmethod 0x000001d423f7c090
Event: 39.637 Thread 0x000001d436ed5fb0 flushing  nmethod 0x000001d423fb7c10
Event: 39.637 Thread 0x000001d436ed5fb0 flushing  nmethod 0x000001d423fbc910
Event: 39.637 Thread 0x000001d436ed5fb0 flushing  nmethod 0x000001d423fbe910
Event: 39.637 Thread 0x000001d436ed5fb0 flushing  nmethod 0x000001d4240b4b90
Event: 39.637 Thread 0x000001d436ed5fb0 flushing  nmethod 0x000001d4240bc910
Event: 39.637 Thread 0x000001d436ed5fb0 flushing  nmethod 0x000001d4240bf510
Event: 39.637 Thread 0x000001d436ed5fb0 flushing  nmethod 0x000001d424106f90
Event: 39.637 Thread 0x000001d436ed5fb0 flushing  nmethod 0x000001d424222710
Event: 39.637 Thread 0x000001d436ed5fb0 flushing  nmethod 0x000001d424226190
Event: 39.637 Thread 0x000001d436ed5fb0 flushing  nmethod 0x000001d424226b90
Event: 39.637 Thread 0x000001d436ed5fb0 flushing  nmethod 0x000001d424227410
Event: 39.637 Thread 0x000001d436ed5fb0 flushing  nmethod 0x000001d42422a210
Event: 39.637 Thread 0x000001d436ed5fb0 flushing  nmethod 0x000001d4242b4110
Event: 39.637 Thread 0x000001d436ed5fb0 flushing  nmethod 0x000001d4242b9190

Events (20 events):
Event: 36.603 Thread 0x000001d47dae2de0 Thread added: 0x000001d47ecbabd0
Event: 37.622 Thread 0x000001d47dae2de0 Thread added: 0x000001d47ecbb8f0
Event: 38.772 Thread 0x000001d47dae2de0 Thread added: 0x000001d47ecbbf80
Event: 38.924 Thread 0x000001d47dae2de0 Thread added: 0x000001d47ecb8b00
Event: 40.001 Thread 0x000001d47dae2de0 Thread added: 0x000001d47ecbe050
Event: 40.295 Thread 0x000001d47dae2de0 Thread added: 0x000001d47ecbfa90
Event: 57.537 Thread 0x000001d47dae2de0 Thread added: 0x000001d47ecbcca0
Event: 57.541 Thread 0x000001d47dae2de0 Thread added: 0x000001d47ecbd330
Event: 57.547 Thread 0x000001d47dae2de0 Thread added: 0x000001d47ecbe6e0
Event: 57.548 Thread 0x000001d47dae2de0 Thread added: 0x000001d47ecbd9c0
Event: 57.549 Thread 0x000001d47dae2de0 Thread added: 0x000001d47ee81170
Event: 57.552 Thread 0x000001d47dae2de0 Thread added: 0x000001d47ee7ea10
Event: 57.554 Thread 0x000001d47dae2de0 Thread added: 0x000001d47ee80ae0
Event: 61.481 Thread 0x000001d47dae2de0 Thread added: 0x000001d47ee81e90
Event: 61.487 Thread 0x000001d47dae2de0 Thread added: 0x000001d47ee81800
Event: 61.503 Thread 0x000001d47dae2de0 Thread added: 0x000001d47ee7f0a0
Event: 61.556 Thread 0x000001d47dae2de0 Thread added: 0x000001d47ee82520
Event: 61.561 Thread 0x000001d47dae2de0 Thread added: 0x000001d47ee82bb0
Event: 61.587 Thread 0x000001d47dae2de0 Thread added: 0x000001d47ee7f730
Event: 61.616 Thread 0x000001d47dae2de0 Thread added: 0x000001d47ee83240


Dynamic libraries:
0x00007ff69d5b0000 - 0x00007ff69d5be000 	C:\Users\LENOVO\.antigravity-ide\extensions\redhat.java-1.56.0-win32-x64\jre\21.0.12.1-win32-x86_64\bin\java.exe
0x00007ffba7f40000 - 0x00007ffba81a7000 	C:\WINDOWS\SYSTEM32\ntdll.dll
0x00007ffba6070000 - 0x00007ffba613b000 	C:\WINDOWS\System32\KERNEL32.DLL
0x00007ffba5490000 - 0x00007ffba5892000 	C:\WINDOWS\System32\KERNELBASE.dll
0x00007ffba5140000 - 0x00007ffba528c000 	C:\WINDOWS\System32\ucrtbase.dll
0x00007ffb86800000 - 0x00007ffb86818000 	C:\Users\LENOVO\.antigravity-ide\extensions\redhat.java-1.56.0-win32-x64\jre\21.0.12.1-win32-x86_64\bin\jli.dll
0x00007ffba5e00000 - 0x00007ffba5fcf000 	C:\WINDOWS\System32\USER32.dll
0x00007ffba59e0000 - 0x00007ffba5a07000 	C:\WINDOWS\System32\win32u.dll
0x00007ffba5d80000 - 0x00007ffba5dab000 	C:\WINDOWS\System32\GDI32.dll
0x00007ffba52a0000 - 0x00007ffba53c9000 	C:\WINDOWS\System32\gdi32full.dll
0x00007ffba5930000 - 0x00007ffba59d3000 	C:\WINDOWS\System32\msvcp_win.dll
0x00007ffb8b2d0000 - 0x00007ffb8b2ee000 	C:\Users\LENOVO\.antigravity-ide\extensions\redhat.java-1.56.0-win32-x64\jre\21.0.12.1-win32-x86_64\bin\VCRUNTIME140.dll
0x00007ffb8ec40000 - 0x00007ffb8eed0000 	C:\WINDOWS\WinSxS\amd64_microsoft.windows.common-controls_6595b64144ccf1df_6.0.26100.9278_none_3e0d1ba8e3303201\COMCTL32.dll
0x00007ffba6840000 - 0x00007ffba68e9000 	C:\WINDOWS\System32\msvcrt.dll
0x00007ffba5dc0000 - 0x00007ffba5df1000 	C:\WINDOWS\System32\IMM32.DLL
0x00007ffb933d0000 - 0x00007ffb933dc000 	C:\Users\LENOVO\.antigravity-ide\extensions\redhat.java-1.56.0-win32-x64\jre\21.0.12.1-win32-x86_64\bin\vcruntime140_1.dll
0x00007ffb4a830000 - 0x00007ffb4a8bd000 	C:\Users\LENOVO\.antigravity-ide\extensions\redhat.java-1.56.0-win32-x64\jre\21.0.12.1-win32-x86_64\bin\msvcp140.dll
0x00007ffac5e60000 - 0x00007ffac6c02000 	C:\Users\LENOVO\.antigravity-ide\extensions\redhat.java-1.56.0-win32-x64\jre\21.0.12.1-win32-x86_64\bin\server\jvm.dll
0x00007ffba66f0000 - 0x00007ffba67ac000 	C:\WINDOWS\System32\ADVAPI32.dll
0x00007ffba7e30000 - 0x00007ffba7ed9000 	C:\WINDOWS\System32\sechost.dll
0x00007ffba5c60000 - 0x00007ffba5d78000 	C:\WINDOWS\System32\RPCRT4.dll
0x00007ffba7090000 - 0x00007ffba7110000 	C:\WINDOWS\System32\WS2_32.dll
0x00007ffba4f90000 - 0x00007ffba4fee000 	C:\WINDOWS\SYSTEM32\POWRPROF.dll
0x00007ffb983b0000 - 0x00007ffb983e6000 	C:\WINDOWS\SYSTEM32\WINMM.dll
0x00007ffb93ff0000 - 0x00007ffb93ffb000 	C:\WINDOWS\SYSTEM32\VERSION.dll
0x00007ffba4f70000 - 0x00007ffba4f85000 	C:\WINDOWS\SYSTEM32\UMPDC.dll
0x00007ffba3dd0000 - 0x00007ffba3deb000 	C:\WINDOWS\SYSTEM32\kernel.appcore.dll
0x00007ffb8aef0000 - 0x00007ffb8aefa000 	C:\Users\LENOVO\.antigravity-ide\extensions\redhat.java-1.56.0-win32-x64\jre\21.0.12.1-win32-x86_64\bin\jimage.dll
0x00007ffba2480000 - 0x00007ffba26cc000 	C:\WINDOWS\SYSTEM32\DBGHELP.DLL
0x00007ffba7950000 - 0x00007ffba7cd5000 	C:\WINDOWS\System32\combase.dll
0x00007ffba62c0000 - 0x00007ffba6399000 	C:\WINDOWS\System32\OLEAUT32.dll
0x00007ffb8c4f0000 - 0x00007ffb8c52b000 	C:\WINDOWS\SYSTEM32\dbgcore.DLL
0x00007ffba5a10000 - 0x00007ffba5abc000 	C:\WINDOWS\System32\bcryptPrimitives.dll
0x00007ffb833e0000 - 0x00007ffb833ef000 	C:\Users\LENOVO\.antigravity-ide\extensions\redhat.java-1.56.0-win32-x64\jre\21.0.12.1-win32-x86_64\bin\instrument.dll
0x00007ffb85ab0000 - 0x00007ffb85ad0000 	C:\Users\LENOVO\.antigravity-ide\extensions\redhat.java-1.56.0-win32-x64\jre\21.0.12.1-win32-x86_64\bin\java.dll
0x00007ffba68f0000 - 0x00007ffba7088000 	C:\WINDOWS\System32\SHELL32.dll
0x00007ffba2b60000 - 0x00007ffba340e000 	C:\WINDOWS\SYSTEM32\windows.storage.dll
0x00007ffba7d30000 - 0x00007ffba7e2b000 	C:\WINDOWS\System32\SHCORE.dll
0x00007ffba67d0000 - 0x00007ffba6836000 	C:\WINDOWS\System32\shlwapi.dll
0x00007ffba5060000 - 0x00007ffba5089000 	C:\WINDOWS\SYSTEM32\profapi.dll
0x00007ffb72140000 - 0x00007ffb72158000 	C:\Users\LENOVO\.antigravity-ide\extensions\redhat.java-1.56.0-win32-x64\jre\21.0.12.1-win32-x86_64\bin\zip.dll
0x00007ffb833f0000 - 0x00007ffb83400000 	C:\Users\LENOVO\.antigravity-ide\extensions\redhat.java-1.56.0-win32-x64\jre\21.0.12.1-win32-x86_64\bin\net.dll
0x00007ffb9d7d0000 - 0x00007ffb9d8fa000 	C:\WINDOWS\SYSTEM32\WINHTTP.dll
0x00007ffba4370000 - 0x00007ffba43dc000 	C:\WINDOWS\system32\mswsock.dll
0x00007ffb721a0000 - 0x00007ffb721b6000 	C:\Users\LENOVO\.antigravity-ide\extensions\redhat.java-1.56.0-win32-x64\jre\21.0.12.1-win32-x86_64\bin\nio.dll
0x00007ffb72520000 - 0x00007ffb72530000 	C:\Users\LENOVO\.antigravity-ide\extensions\redhat.java-1.56.0-win32-x64\jre\21.0.12.1-win32-x86_64\bin\verify.dll
0x00007ffb4bb90000 - 0x00007ffb4bbb7000 	C:\Users\LENOVO\.gradle\native\1def1411415f61bf3af743bc5b6707747c0891f09f0c88961ee8f79bc544acac\windows-amd64\native-platform.dll
0x00007ffb4a110000 - 0x00007ffb4a188000 	C:\Users\LENOVO\.gradle\native\0.2.7\x86_64-windows-gnu\gradle-fileevents.dll
0x00007ffb72160000 - 0x00007ffb7216a000 	C:\Users\LENOVO\.antigravity-ide\extensions\redhat.java-1.56.0-win32-x64\jre\21.0.12.1-win32-x86_64\bin\management.dll
0x00007ffb6c490000 - 0x00007ffb6c49c000 	C:\Users\LENOVO\.antigravity-ide\extensions\redhat.java-1.56.0-win32-x64\jre\21.0.12.1-win32-x86_64\bin\management_ext.dll
0x00007ffba5db0000 - 0x00007ffba5db8000 	C:\WINDOWS\System32\PSAPI.DLL
0x00007ffba3780000 - 0x00007ffba37b3000 	C:\WINDOWS\SYSTEM32\IPHLPAPI.DLL
0x00007ffba7120000 - 0x00007ffba712a000 	C:\WINDOWS\System32\NSI.dll
0x00007ffb66b60000 - 0x00007ffb66b69000 	C:\Users\LENOVO\.antigravity-ide\extensions\redhat.java-1.56.0-win32-x64\jre\21.0.12.1-win32-x86_64\bin\extnet.dll
0x00007ffba4790000 - 0x00007ffba47ab000 	C:\WINDOWS\SYSTEM32\CRYPTSP.dll
0x00007ffba3d30000 - 0x00007ffba3d69000 	C:\WINDOWS\system32\rsaenh.dll
0x00007ffba4420000 - 0x00007ffba4454000 	C:\WINDOWS\SYSTEM32\USERENV.dll
0x00007ffba5030000 - 0x00007ffba505a000 	C:\WINDOWS\SYSTEM32\bcrypt.dll
0x00007ffba45d0000 - 0x00007ffba45dc000 	C:\WINDOWS\SYSTEM32\CRYPTBASE.dll
0x00007ffb4ab20000 - 0x00007ffb4ab2e000 	C:\Users\LENOVO\.antigravity-ide\extensions\redhat.java-1.56.0-win32-x64\jre\21.0.12.1-win32-x86_64\bin\sunmscapi.dll
0x00007ffba5ad0000 - 0x00007ffba5c4e000 	C:\WINDOWS\System32\CRYPT32.dll
0x00007ffba4900000 - 0x00007ffba4930000 	C:\WINDOWS\SYSTEM32\ncrypt.dll
0x00007ffba48b0000 - 0x00007ffba48ef000 	C:\WINDOWS\SYSTEM32\NTASN1.dll
0x00007ffb7b120000 - 0x00007ffb7b128000 	C:\WINDOWS\system32\wshunix.dll

JVMTI agents:
C:\Users\LENOVO\.gradle\wrapper\dists\gradle-8.14-bin\38aieal9i53h9rfe7vjup95b9\gradle-8.14\lib\agents\gradle-instrumentation-agent-8.14.jar path:C:\Users\LENOVO\.antigravity-ide\extensions\redhat.java-1.56.0-win32-x64\jre\21.0.12.1-win32-x86_64\bin\instrument.dll, loaded, initialized, instrumentlib options:none

dbghelp: loaded successfully - version: 4.0.5 - missing functions: none
symbol engine: initialized successfully - sym options: 0x614 - pdb path: .;C:\Users\LENOVO\.antigravity-ide\extensions\redhat.java-1.56.0-win32-x64\jre\21.0.12.1-win32-x86_64\bin;C:\WINDOWS\SYSTEM32;C:\WINDOWS\WinSxS\amd64_microsoft.windows.common-controls_6595b64144ccf1df_6.0.26100.9278_none_3e0d1ba8e3303201;C:\Users\LENOVO\.antigravity-ide\extensions\redhat.java-1.56.0-win32-x64\jre\21.0.12.1-win32-x86_64\bin\server;C:\Users\LENOVO\.gradle\native\1def1411415f61bf3af743bc5b6707747c0891f09f0c88961ee8f79bc544acac\windows-amd64;C:\Users\LENOVO\.gradle\native\0.2.7\x86_64-windows-gnu

VM Arguments:
jvm_args: --add-opens=java.base/java.lang=ALL-UNNAMED --add-opens=java.base/java.lang.invoke=ALL-UNNAMED --add-opens=java.base/java.util=ALL-UNNAMED --add-opens=java.prefs/java.util.prefs=ALL-UNNAMED --add-exports=jdk.compiler/com.sun.tools.javac.api=ALL-UNNAMED --add-exports=jdk.compiler/com.sun.tools.javac.util=ALL-UNNAMED --add-opens=java.base/java.util=ALL-UNNAMED --add-opens=java.prefs/java.util.prefs=ALL-UNNAMED --add-opens=java.base/java.nio.charset=ALL-UNNAMED --add-opens=java.base/java.net=ALL-UNNAMED --add-opens=java.base/java.util.concurrent.atomic=ALL-UNNAMED --add-opens=java.xml/javax.xml.namespace=ALL-UNNAMED -Xmx1024m -Dfile.encoding=UTF-8 -Duser.country=US -Duser.language=en -Duser.variant -javaagent:C:\Users\LENOVO\.gradle\wrapper\dists\gradle-8.14-bin\38aieal9i53h9rfe7vjup95b9\gradle-8.14\lib\agents\gradle-instrumentation-agent-8.14.jar 
java_command: org.gradle.launcher.daemon.bootstrap.GradleDaemon 8.14
java_class_path (initial): C:\Users\LENOVO\.gradle\wrapper\dists\gradle-8.14-bin\38aieal9i53h9rfe7vjup95b9\gradle-8.14\lib\gradle-daemon-main-8.14.jar
Launcher Type: SUN_STANDARD

[Global flags]
     intx CICompilerCount                          = 4                                         {product} {ergonomic}
     uint ConcGCThreads                            = 2                                         {product} {ergonomic}
     uint G1ConcRefinementThreads                  = 8                                         {product} {ergonomic}
   size_t G1HeapRegionSize                         = 1048576                                   {product} {ergonomic}
    uintx GCDrainStackTargetSize                   = 64                                        {product} {ergonomic}
   size_t InitialHeapSize                          = 98566144                                  {product} {ergonomic}
   size_t MarkStackSize                            = 4194304                                   {product} {ergonomic}
   size_t MaxHeapSize                              = 1073741824                                {product} {command line}
   size_t MaxNewSize                               = 643825664                                 {product} {ergonomic}
   size_t MinHeapDeltaBytes                        = 1048576                                   {product} {ergonomic}
   size_t MinHeapSize                              = 8388608                                   {product} {ergonomic}
    uintx NonNMethodCodeHeapSize                   = 5839372                                {pd product} {ergonomic}
    uintx NonProfiledCodeHeapSize                  = 122909434                              {pd product} {ergonomic}
    uintx ProfiledCodeHeapSize                     = 122909434                              {pd product} {ergonomic}
    uintx ReservedCodeCacheSize                    = 251658240                              {pd product} {ergonomic}
     bool SegmentedCodeCache                       = true                                      {product} {ergonomic}
   size_t SoftMaxHeapSize                          = 1073741824                             {manageable} {ergonomic}
     bool UseCompressedOops                        = true                           {product lp64_product} {ergonomic}
     bool UseG1GC                                  = true                                      {product} {ergonomic}
     bool UseLargePagesIndividualAllocation        = false                                  {pd product} {ergonomic}

Logging:
Log output configuration:
 #0: stdout all=warning uptime,level,tags foldmultilines=false
 #1: stderr all=off uptime,level,tags foldmultilines=false

Release file:
JAVA_VERSION="21.0.12.1" 
MODULES="java.base java.compiler java.datatransfer java.xml java.prefs java.desktop java.instrument java.logging java.management java.security.sasl java.naming java.rmi java.management.rmi java.net.http java.scripting java.security.jgss java.transaction.xa java.sql java.sql.rowset java.xml.crypto java.se java.smartcardio jdk.accessibility jdk.internal.jvmstat jdk.attach jdk.charsets jdk.internal.opt jdk.zipfs jdk.compiler jdk.crypto.ec jdk.crypto.cryptoki jdk.crypto.mscapi jdk.dynalink jdk.internal.ed jdk.editpad jdk.hotspot.agent jdk.httpserver jdk.internal.le jdk.internal.vm.ci jdk.internal.vm.compiler jdk.internal.vm.compiler.management jdk.jartool jdk.javadoc jdk.jcmd jdk.management jdk.management.agent jdk.jconsole jdk.jdeps jdk.jdwp.agent jdk.jdi jdk.jfr jdk.jshell jdk.jsobject jdk.jstatd jdk.localedata jdk.management.jfr jdk.naming.dns jdk.naming.rmi jdk.net jdk.nio.mapmode jdk.random jdk.sctp jdk.security.auth jdk.security.jgss jdk.unsupported jdk.unsupported.desktop jdk.xml.dom" 

Environment Variables:
JAVA_HOME=C:\Program Files\Android\Android Studio\jbr
PATH=C:\WINDOWS\system32;C:\WINDOWS;C:\WINDOWS\System32\Wbem;C:\WINDOWS\System32\WindowsPowerShell\v1.0\;C:\WINDOWS\System32\OpenSSH\;C:\Program Files\Docker\Docker\resources\bin;C:\Program Files\nodejs\;C:\Program Files\Git\cmd;C:\Users\LENOVO\AppData\Local\Programs\Python\Python312\Scripts\;C:\Users\LENOVO\AppData\Local\Programs\Python\Python312\;C:\Users\LENOVO\AppData\Local\Programs\Python\Launcher\;C:\Users\LENOVO\AppData\Local\Programs\Python\Python314\Scripts\;C:\Users\LENOVO\AppData\Local\Programs\Python\Python314\;C:\Users\LENOVO\AppData\Local\Microsoft\WindowsApps;C:\Users\LENOVO\AppData\Local\Programs\Antigravity\bin;C:\Users\LENOVO\AppData\Roaming\npm;C:\ScrcpyLauncher by praveen;C:\Users\LENOVO\AppData\Local\PowerToys\DSCModules\;C:\Users\LENOVO\AppData\Local\Programs\Antigravity IDE\bin
USERNAME=LENOVO
OS=Windows_NT
PROCESSOR_IDENTIFIER=AMD64 Family 23 Model 160 Stepping 0, AuthenticAMD
TMP=C:\Users\LENOVO\AppData\Local\Temp
TEMP=C:\Users\LENOVO\AppData\Local\Temp




Periodic native trim disabled

---------------  S Y S T E M  ---------------

OS:
 Windows 11 , 64 bit Build 26100 (10.0.26100.9444)
OS uptime: 3 days 17:27 hours
Hyper-V role detected

CPU: total 8 (initial active 8) (8 cores per cpu, 2 threads per core) family 23 model 160 stepping 0 microcode 0x8a0000a, cx8, cmov, fxsr, ht, mmx, 3dnowpref, sse, sse2, sse3, ssse3, sse4a, sse4.1, sse4.2, popcnt, lzcnt, tsc, tscinvbit, avx, avx2, aes, clmul, bmi1, bmi2, adx, sha, fma, vzeroupper, clflush, clflushopt, hv, rdtscp, rdpid, f16c
Processor Information for the first 8 processors :
  Max Mhz: 2401, Current Mhz: 2401, Mhz Limit: 2401

Memory: 4k page, system-wide physical 5965M (68M free)
TotalPageFile size 24397M (AvailPageFile size 3M)
current process WorkingSet (physical memory assigned to process): 171M, peak: 193M
current process commit charge ("private bytes"): 299M, peak: 301M

vm_info: OpenJDK 64-Bit Server VM (21.0.12.1+1-LTS) for windows-amd64 JRE (21.0.12.1+1-LTS), built on 2026-08-18T00:00:00Z by "admin" with MS VC++ 17.12 (VS2022)

END.
