#
# There is insufficient memory for the Java Runtime Environment to continue.
# Native memory allocation (malloc) failed to allocate 1465456 bytes. Error detail: Chunk::new
# Possible reasons:
#   The system is out of physical RAM or swap space
#   This process is running with CompressedOops enabled, and the Java Heap may be blocking the growth of the native heap
# Possible solutions:
#   Reduce memory load on the system
#   Increase physical memory or swap space
#   Check if swap backing store is full
#   Decrease Java heap size (-Xmx/-Xms)
#   Decrease number of Java threads
#   Decrease Java thread stack sizes (-Xss)
#   Set larger code cache with -XX:ReservedCodeCacheSize=
#   JVM is running with Unscaled Compressed Oops mode in which the Java heap is
#     placed in the first 4GB address space. The Java Heap base address is the
#     maximum limit for the native heap growth. Please use -XX:HeapBaseMinAddress
#     to set the Java Heap base and to place the Java Heap above 4GB virtual address.
# This output file may be truncated or incomplete.
#
#  Out of Memory Error (arena.cpp:168), pid=22212, tid=35924
#
# JRE version: OpenJDK Runtime Environment Temurin-21.0.12.1+1 (21.0.12.1+1) (build 21.0.12.1+1-LTS)
# Java VM: OpenJDK 64-Bit Server VM Temurin-21.0.12.1+1 (21.0.12.1+1-LTS, mixed mode, sharing, tiered, compressed oops, compressed class ptrs, g1 gc, windows-amd64)
# No core dump will be written. Minidumps are not enabled by default on client versions of Windows
#

---------------  S U M M A R Y ------------

Command Line: --add-opens=java.base/java.lang=ALL-UNNAMED --add-opens=java.base/java.lang.invoke=ALL-UNNAMED --add-opens=java.base/java.util=ALL-UNNAMED --add-opens=java.prefs/java.util.prefs=ALL-UNNAMED --add-exports=jdk.compiler/com.sun.tools.javac.api=ALL-UNNAMED --add-exports=jdk.compiler/com.sun.tools.javac.util=ALL-UNNAMED --add-opens=java.base/java.util=ALL-UNNAMED --add-opens=java.prefs/java.util.prefs=ALL-UNNAMED --add-opens=java.base/java.nio.charset=ALL-UNNAMED --add-opens=java.base/java.net=ALL-UNNAMED --add-opens=java.base/java.util.concurrent.atomic=ALL-UNNAMED --add-opens=java.xml/javax.xml.namespace=ALL-UNNAMED -Xmx1024m -Dfile.encoding=UTF-8 -Duser.country=US -Duser.language=en -Duser.variant -javaagent:C:\Users\LENOVO\.gradle\wrapper\dists\gradle-8.14-bin\38aieal9i53h9rfe7vjup95b9\gradle-8.14\lib\agents\gradle-instrumentation-agent-8.14.jar org.gradle.launcher.daemon.bootstrap.GradleDaemon 8.14

Host: AMD Ryzen 3 7320U with Radeon Graphics         , 8 cores, 5G,  Windows 11 , 64 bit Build 26100 (10.0.26100.9444)
Time: Sun Oct  4 10:06:12 2026 Nepal Standard Time elapsed time: 506.084359 seconds (0d 0h 8m 26s)

---------------  T H R E A D  ---------------

Current thread (0x0000021be5d72e90):  JavaThread "C2 CompilerThread0" daemon [_thread_in_native, id=35924, stack(0x0000002928900000,0x0000002928a00000) (1024K)]


Current CompileTask:
C2:506084 13416       4       org.gradle.internal.reflect.annotations.impl.DefaultTypeAnnotationMetadataStore$HasAnnotationMetadataBuilder::resolveAnnotations (142 bytes)

Stack: [0x0000002928900000,0x0000002928a00000]
Native frames: (J=compiled Java code, j=interpreted, Vv=VM code, C=native code)
V  [jvm.dll+0x6d83e9]
V  [jvm.dll+0x8b5736]
V  [jvm.dll+0x8b7cee]
V  [jvm.dll+0x8b83d3]
V  [jvm.dll+0x284596]
V  [jvm.dll+0xc685d]
V  [jvm.dll+0xc6da1]
V  [jvm.dll+0x3bf151]
V  [jvm.dll+0x38b6d2]
V  [jvm.dll+0x38ab1a]
V  [jvm.dll+0x24c700]
V  [jvm.dll+0x24bce0]
V  [jvm.dll+0x1cb4ae]
V  [jvm.dll+0x25baad]
V  [jvm.dll+0x25a03a]
V  [jvm.dll+0x3f8aae]
V  [jvm.dll+0x8600cd]
V  [jvm.dll+0x6d6c1d]
C  [ucrtbase.dll+0x2cd30]
C  [KERNEL32.DLL+0x2cd87]
C  [ntdll.dll+0xacaec]


---------------  P R O C E S S  ---------------

Threads class SMR info:
_java_thread_list=0x0000021bef37b9a0, length=79, elements={
0x0000021bcd5f7910, 0x0000021be5d6b2d0, 0x0000021be5d6ca50, 0x0000021be5d701e0,
0x0000021be5d70c40, 0x0000021be5d716a0, 0x0000021be5d72100, 0x0000021be5d72e90,
0x0000021be5d79e70, 0x0000021bea2298d0, 0x0000021bea17a300, 0x0000021beb8ee0e0,
0x0000021bea3f6ce0, 0x0000021bea19e950, 0x0000021beac8ce50, 0x0000021beac8ed80,
0x0000021beabaed80, 0x0000021beb01f8d0, 0x0000021beb01d800, 0x0000021beb01de90,
0x0000021beb01f240, 0x0000021beb01c450, 0x0000021beb01e520, 0x0000021beb01cae0,
0x0000021bec2cbb90, 0x0000021bec2ccf40, 0x0000021bec2cdc60, 0x0000021bec2cc8b0,
0x0000021bec2cb500, 0x0000021bec2cae70, 0x0000021bec2cd5d0, 0x0000021bec2ce980,
0x0000021bec2cf010, 0x0000021bec2cf6a0, 0x0000021bec2d10e0, 0x0000021bec2d1770,
0x0000021bec2d1e00, 0x0000021bec2d2490, 0x0000021bed5042b0, 0x0000021bed5014c0,
0x0000021bed500e30, 0x0000021bed503590, 0x0000021bed501b50, 0x0000021bed502870,
0x0000021bed5021e0, 0x0000021bed502f00, 0x0000021bed503c20, 0x0000021bec0e78c0,
0x0000021bec0e8c70, 0x0000021bec0e9300, 0x0000021bec0e6ba0, 0x0000021bec0e9990,
0x0000021bec0ea6b0, 0x0000021bec0e7230, 0x0000021bec0e7f50, 0x0000021bec0edb30,
0x0000021bec0ead40, 0x0000021bec0eb3d0, 0x0000021bec0eba60, 0x0000021bec0ec0f0,
0x0000021beec35990, 0x0000021beec34c70, 0x0000021beec37a60, 0x0000021beec36020,
0x0000021beec35300, 0x0000021beec38780, 0x0000021beec380f0, 0x0000021beec39b30,
0x0000021beec38e10, 0x0000021beec394a0, 0x0000021beec373d0, 0x0000021beec366b0,
0x0000021beec3a1c0, 0x0000021beec3b570, 0x0000021beec3bc00, 0x0000021bef17a6c0,
0x0000021bef9ff4f0, 0x0000021bef9fe140, 0x0000021bef9fcd90
}

Java Threads: ( => current thread )
  0x0000021bcd5f7910 JavaThread "main"                              [_thread_blocked, id=15756, stack(0x0000002927b00000,0x0000002927c00000) (1024K)]
  0x0000021be5d6b2d0 JavaThread "Reference Handler"          daemon [_thread_blocked, id=15944, stack(0x0000002928300000,0x0000002928400000) (1024K)]
  0x0000021be5d6ca50 JavaThread "Finalizer"                  daemon [_thread_blocked, id=5284, stack(0x0000002928400000,0x0000002928500000) (1024K)]
  0x0000021be5d701e0 JavaThread "Signal Dispatcher"          daemon [_thread_blocked, id=27112, stack(0x0000002928500000,0x0000002928600000) (1024K)]
  0x0000021be5d70c40 JavaThread "Attach Listener"            daemon [_thread_blocked, id=12592, stack(0x0000002928600000,0x0000002928700000) (1024K)]
  0x0000021be5d716a0 JavaThread "Service Thread"             daemon [_thread_blocked, id=11764, stack(0x0000002928700000,0x0000002928800000) (1024K)]
  0x0000021be5d72100 JavaThread "Monitor Deflation Thread"   daemon [_thread_blocked, id=1080, stack(0x0000002928800000,0x0000002928900000) (1024K)]
=>0x0000021be5d72e90 JavaThread "C2 CompilerThread0"         daemon [_thread_in_native, id=35924, stack(0x0000002928900000,0x0000002928a00000) (1024K)]
  0x0000021be5d79e70 JavaThread "C1 CompilerThread0"         daemon [_thread_blocked, id=26580, stack(0x0000002928a00000,0x0000002928b00000) (1024K)]
  0x0000021bea2298d0 JavaThread "Common-Cleaner"             daemon [_thread_blocked, id=22980, stack(0x0000002928b00000,0x0000002928c00000) (1024K)]
  0x0000021bea17a300 JavaThread "Notification Thread"        daemon [_thread_blocked, id=30108, stack(0x0000002928c00000,0x0000002928d00000) (1024K)]
  0x0000021beb8ee0e0 JavaThread "Daemon health stats"               [_thread_blocked, id=35020, stack(0x0000002929100000,0x0000002929200000) (1024K)]
  0x0000021bea3f6ce0 JavaThread "Incoming local TCP Connector on port 36137"        [_thread_in_native, id=27264, stack(0x0000002929200000,0x0000002929300000) (1024K)]
  0x0000021bea19e950 JavaThread "Daemon periodic checks"            [_thread_blocked, id=27024, stack(0x0000002929300000,0x0000002929400000) (1024K)]
  0x0000021beac8ce50 JavaThread "Daemon"                            [_thread_blocked, id=33704, stack(0x0000002929400000,0x0000002929500000) (1024K)]
  0x0000021beac8ed80 JavaThread "Handler for socket connection from /127.0.0.1:36137 to /127.0.0.1:33081"        [_thread_in_native, id=9764, stack(0x0000002929500000,0x0000002929600000) (1024K)]
  0x0000021beabaed80 JavaThread "Cancel handler"                    [_thread_blocked, id=29184, stack(0x0000002929600000,0x0000002929700000) (1024K)]
  0x0000021beb01f8d0 JavaThread "Daemon worker"                     [_thread_in_Java, id=16828, stack(0x0000002929700000,0x0000002929800000) (1024K)]
  0x0000021beb01d800 JavaThread "Asynchronous log dispatcher for DefaultDaemonConnection: socket connection from /127.0.0.1:36137 to /127.0.0.1:33081"        [_thread_blocked, id=17948, stack(0x0000002929800000,0x0000002929900000) (1024K)]
  0x0000021beb01de90 JavaThread "Stdin handler"                     [_thread_blocked, id=20764, stack(0x0000002929900000,0x0000002929a00000) (1024K)]
  0x0000021beb01f240 JavaThread "Daemon client event forwarder"        [_thread_blocked, id=16160, stack(0x0000002929a00000,0x0000002929b00000) (1024K)]
  0x0000021beb01c450 JavaThread "Cache worker for journal cache (C:\Users\LENOVO\.gradle\caches\journal-1)"        [_thread_blocked, id=31932, stack(0x0000002929e00000,0x0000002929f00000) (1024K)]
  0x0000021beb01e520 JavaThread "File lock request listener"        [_thread_in_native, id=8820, stack(0x0000002929f00000,0x000000292a000000) (1024K)]
  0x0000021beb01cae0 JavaThread "Cache worker for file hash cache (C:\Users\LENOVO\.gradle\caches\8.14\fileHashes)"        [_thread_blocked, id=22104, stack(0x000000292a000000,0x000000292a100000) (1024K)]
  0x0000021bec2cbb90 JavaThread "Cache worker for file hash cache (C:\Users\LENOVO\Desktop\HeliBoard-main\.gradle\8.14\fileHashes)"        [_thread_blocked, id=23472, stack(0x000000292a300000,0x000000292a400000) (1024K)]
  0x0000021bec2ccf40 JavaThread "Cache worker for Build Output Cleanup Cache (C:\Users\LENOVO\Desktop\HeliBoard-main\.gradle\buildOutputCleanup)"        [_thread_blocked, id=21076, stack(0x000000292a400000,0x000000292a500000) (1024K)]
  0x0000021bec2cdc60 JavaThread "File watcher server"        daemon [_thread_in_native, id=824, stack(0x000000292a500000,0x000000292a600000) (1024K)]
  0x0000021bec2cc8b0 JavaThread "File watcher consumer"      daemon [_thread_blocked, id=10016, stack(0x000000292a600000,0x000000292a700000) (1024K)]
  0x0000021bec2cb500 JavaThread "jar transforms"                    [_thread_blocked, id=35896, stack(0x0000002927900000,0x0000002927a00000) (1024K)]
  0x0000021bec2cae70 JavaThread "jar transforms Thread 2"           [_thread_blocked, id=25428, stack(0x000000292a700000,0x000000292a800000) (1024K)]
  0x0000021bec2cd5d0 JavaThread "Cache worker for checksums cache (C:\Users\LENOVO\Desktop\HeliBoard-main\.gradle\8.14\checksums)"        [_thread_blocked, id=13908, stack(0x000000292a800000,0x000000292a900000) (1024K)]
  0x0000021bec2ce980 JavaThread "Cache worker for file content cache (C:\Users\LENOVO\.gradle\caches\8.14\fileContent)"        [_thread_blocked, id=19280, stack(0x000000292a900000,0x000000292aa00000) (1024K)]
  0x0000021bec2cf010 JavaThread "Cache worker for cache directory md-supplier (C:\Users\LENOVO\.gradle\caches\8.14\md-supplier)"        [_thread_blocked, id=36660, stack(0x000000292aa00000,0x000000292ab00000) (1024K)]
  0x0000021bec2cf6a0 JavaThread "Cache worker for cache directory md-rule (C:\Users\LENOVO\.gradle\caches\8.14\md-rule)"        [_thread_blocked, id=13988, stack(0x000000292ab00000,0x000000292ac00000) (1024K)]
  0x0000021bec2d10e0 JavaThread "Unconstrained build operations"        [_thread_blocked, id=28876, stack(0x0000002927800000,0x0000002927900000) (1024K)]
  0x0000021bec2d1770 JavaThread "Unconstrained build operations Thread 2"        [_thread_blocked, id=15416, stack(0x0000002927a00000,0x0000002927b00000) (1024K)]
  0x0000021bec2d1e00 JavaThread "Unconstrained build operations Thread 3"        [_thread_blocked, id=36616, stack(0x000000292ac00000,0x000000292ad00000) (1024K)]
  0x0000021bec2d2490 JavaThread "Unconstrained build operations Thread 4"        [_thread_blocked, id=18468, stack(0x000000292ad00000,0x000000292ae00000) (1024K)]
  0x0000021bed5042b0 JavaThread "Unconstrained build operations Thread 5"        [_thread_blocked, id=15296, stack(0x000000292ae00000,0x000000292af00000) (1024K)]
  0x0000021bed5014c0 JavaThread "Unconstrained build operations Thread 6"        [_thread_blocked, id=10416, stack(0x000000292af00000,0x000000292b000000) (1024K)]
  0x0000021bed500e30 JavaThread "Unconstrained build operations Thread 7"        [_thread_blocked, id=25008, stack(0x000000292b000000,0x000000292b100000) (1024K)]
  0x0000021bed503590 JavaThread "Unconstrained build operations Thread 8"        [_thread_blocked, id=25328, stack(0x000000292b100000,0x000000292b200000) (1024K)]
  0x0000021bed501b50 JavaThread "Unconstrained build operations Thread 9"        [_thread_blocked, id=9976, stack(0x000000292b200000,0x000000292b300000) (1024K)]
  0x0000021bed502870 JavaThread "Unconstrained build operations Thread 10"        [_thread_blocked, id=23092, stack(0x000000292b300000,0x000000292b400000) (1024K)]
  0x0000021bed5021e0 JavaThread "Unconstrained build operations Thread 11"        [_thread_blocked, id=31388, stack(0x000000292b400000,0x000000292b500000) (1024K)]
  0x0000021bed502f00 JavaThread "Unconstrained build operations Thread 12"        [_thread_blocked, id=16572, stack(0x000000292b500000,0x000000292b600000) (1024K)]
  0x0000021bed503c20 JavaThread "Unconstrained build operations Thread 13"        [_thread_blocked, id=11672, stack(0x000000292b600000,0x000000292b700000) (1024K)]
  0x0000021bec0e78c0 JavaThread "Unconstrained build operations Thread 14"        [_thread_blocked, id=13684, stack(0x000000292b700000,0x000000292b800000) (1024K)]
  0x0000021bec0e8c70 JavaThread "Unconstrained build operations Thread 15"        [_thread_blocked, id=37536, stack(0x000000292b800000,0x000000292b900000) (1024K)]
  0x0000021bec0e9300 JavaThread "Unconstrained build operations Thread 16"        [_thread_blocked, id=17896, stack(0x000000292b900000,0x000000292ba00000) (1024K)]
  0x0000021bec0e6ba0 JavaThread "Unconstrained build operations Thread 17"        [_thread_blocked, id=7236, stack(0x000000292ba00000,0x000000292bb00000) (1024K)]
  0x0000021bec0e9990 JavaThread "Unconstrained build operations Thread 18"        [_thread_blocked, id=20712, stack(0x000000292bb00000,0x000000292bc00000) (1024K)]
  0x0000021bec0ea6b0 JavaThread "Unconstrained build operations Thread 19"        [_thread_blocked, id=21716, stack(0x000000292bc00000,0x000000292bd00000) (1024K)]
  0x0000021bec0e7230 JavaThread "Unconstrained build operations Thread 20"        [_thread_blocked, id=34124, stack(0x000000292bd00000,0x000000292be00000) (1024K)]
  0x0000021bec0e7f50 JavaThread "Unconstrained build operations Thread 21"        [_thread_blocked, id=30440, stack(0x000000292be00000,0x000000292bf00000) (1024K)]
  0x0000021bec0edb30 JavaThread "Unconstrained build operations Thread 22"        [_thread_blocked, id=17044, stack(0x000000292bf00000,0x000000292c000000) (1024K)]
  0x0000021bec0ead40 JavaThread "Unconstrained build operations Thread 23"        [_thread_blocked, id=30928, stack(0x000000292c000000,0x000000292c100000) (1024K)]
  0x0000021bec0eb3d0 JavaThread "Unconstrained build operations Thread 24"        [_thread_blocked, id=16532, stack(0x000000292c100000,0x000000292c200000) (1024K)]
  0x0000021bec0eba60 JavaThread "Unconstrained build operations Thread 25"        [_thread_blocked, id=10612, stack(0x000000292c200000,0x000000292c300000) (1024K)]
  0x0000021bec0ec0f0 JavaThread "Unconstrained build operations Thread 26"        [_thread_blocked, id=30980, stack(0x000000292c300000,0x000000292c400000) (1024K)]
  0x0000021beec35990 JavaThread "Unconstrained build operations Thread 27"        [_thread_blocked, id=33824, stack(0x000000292c400000,0x000000292c500000) (1024K)]
  0x0000021beec34c70 JavaThread "Unconstrained build operations Thread 28"        [_thread_blocked, id=37684, stack(0x000000292c500000,0x000000292c600000) (1024K)]
  0x0000021beec37a60 JavaThread "Unconstrained build operations Thread 29"        [_thread_blocked, id=15280, stack(0x000000292c600000,0x000000292c700000) (1024K)]
  0x0000021beec36020 JavaThread "Unconstrained build operations Thread 30"        [_thread_blocked, id=14244, stack(0x000000292c700000,0x000000292c800000) (1024K)]
  0x0000021beec35300 JavaThread "Unconstrained build operations Thread 31"        [_thread_blocked, id=34468, stack(0x000000292c800000,0x000000292c900000) (1024K)]
  0x0000021beec38780 JavaThread "Unconstrained build operations Thread 32"        [_thread_blocked, id=4300, stack(0x000000292c900000,0x000000292ca00000) (1024K)]
  0x0000021beec380f0 JavaThread "Unconstrained build operations Thread 33"        [_thread_blocked, id=34788, stack(0x000000292ca00000,0x000000292cb00000) (1024K)]
  0x0000021beec39b30 JavaThread "Unconstrained build operations Thread 34"        [_thread_blocked, id=6480, stack(0x000000292cb00000,0x000000292cc00000) (1024K)]
  0x0000021beec38e10 JavaThread "Unconstrained build operations Thread 35"        [_thread_blocked, id=35928, stack(0x000000292cc00000,0x000000292cd00000) (1024K)]
  0x0000021beec394a0 JavaThread "Unconstrained build operations Thread 36"        [_thread_blocked, id=8412, stack(0x000000292cd00000,0x000000292ce00000) (1024K)]
  0x0000021beec373d0 JavaThread "Unconstrained build operations Thread 37"        [_thread_blocked, id=12640, stack(0x000000292ce00000,0x000000292cf00000) (1024K)]
  0x0000021beec366b0 JavaThread "Unconstrained build operations Thread 38"        [_thread_blocked, id=25480, stack(0x000000292cf00000,0x000000292d000000) (1024K)]
  0x0000021beec3a1c0 JavaThread "Unconstrained build operations Thread 39"        [_thread_blocked, id=37788, stack(0x000000292d000000,0x000000292d100000) (1024K)]
  0x0000021beec3b570 JavaThread "Memory manager"                    [_thread_blocked, id=30784, stack(0x000000292d100000,0x000000292d200000) (1024K)]
  0x0000021beec3bc00 JavaThread "build event listener"              [_thread_blocked, id=176, stack(0x000000292d200000,0x000000292d300000) (1024K)]
  0x0000021bef17a6c0 JavaThread "Problems report writer"            [_thread_blocked, id=14384, stack(0x000000292d300000,0x000000292d400000) (1024K)]
  0x0000021bef9ff4f0 JavaThread "File lock release action executor Thread 3"        [_thread_blocked, id=11132, stack(0x000000292a100000,0x000000292a200000) (1024K)]
  0x0000021bef9fe140 JavaThread "jar transforms Thread 3"           [_thread_blocked, id=34780, stack(0x000000292d600000,0x000000292d700000) (1024K)]
  0x0000021bef9fcd90 JavaThread "jar transforms Thread 4"           [_thread_blocked, id=15124, stack(0x000000292d400000,0x000000292d500000) (1024K)]
Total: 79

Other Threads:
  0x0000021be5d4c170 VMThread "VM Thread"                           [id=26688, stack(0x0000002928200000,0x0000002928300000) (1024K)]
  0x0000021be5d3c370 WatcherThread "VM Periodic Task Thread"        [id=32156, stack(0x0000002928100000,0x0000002928200000) (1024K)]
  0x0000021bcfa887d0 WorkerThread "GC Thread#0"                     [id=7524, stack(0x0000002927c00000,0x0000002927d00000) (1024K)]
  0x0000021bea30ce30 WorkerThread "GC Thread#1"                     [id=11664, stack(0x0000002928d00000,0x0000002928e00000) (1024K)]
  0x0000021bea391ae0 WorkerThread "GC Thread#2"                     [id=9304, stack(0x0000002928e00000,0x0000002928f00000) (1024K)]
  0x0000021bea391e90 WorkerThread "GC Thread#3"                     [id=5548, stack(0x0000002928f00000,0x0000002929000000) (1024K)]
  0x0000021beac040a0 WorkerThread "GC Thread#4"                     [id=8588, stack(0x0000002929000000,0x0000002929100000) (1024K)]
  0x0000021bebb28920 WorkerThread "GC Thread#5"                     [id=33740, stack(0x0000002929b00000,0x0000002929c00000) (1024K)]
  0x0000021beb10dee0 WorkerThread "GC Thread#6"                     [id=16768, stack(0x0000002929c00000,0x0000002929d00000) (1024K)]
  0x0000021beb10e290 WorkerThread "GC Thread#7"                     [id=33144, stack(0x0000002929d00000,0x0000002929e00000) (1024K)]
  0x0000021bcfa915d0 ConcurrentGCThread "G1 Main Marker"            [id=17884, stack(0x0000002927d00000,0x0000002927e00000) (1024K)]
  0x0000021bcfa92f00 WorkerThread "G1 Conc#0"                       [id=3272, stack(0x0000002927e00000,0x0000002927f00000) (1024K)]
  0x0000021bed89e1c0 WorkerThread "G1 Conc#1"                       [id=11944, stack(0x000000292a200000,0x000000292a300000) (1024K)]
  0x0000021bcfb06a90 ConcurrentGCThread "G1 Refine#0"               [id=100, stack(0x0000002927f00000,0x0000002928000000) (1024K)]
  0x0000021bcfb07a40 ConcurrentGCThread "G1 Service"                [id=17084, stack(0x0000002928000000,0x0000002928100000) (1024K)]
Total: 15

Threads with active compile tasks:
C2 CompilerThread0  506159 13416       4       org.gradle.internal.reflect.annotations.impl.DefaultTypeAnnotationMetadataStore$HasAnnotationMetadataBuilder::resolveAnnotations (142 bytes)
Total: 1

VM state: not at safepoint (normal execution)

VM Mutex/Monitor currently owned by a thread: None

Heap address: 0x00000000c0000000, size: 1024 MB, Compressed Oops mode: 32-bit

CDS archive(s) mapped at: [0x0000021b80000000-0x0000021b80ba0000-0x0000021b80ba0000), size 12189696, SharedBaseAddress: 0x0000021b80000000, ArchiveRelocationMode: 1.
Compressed class space mapped at: 0x0000021b81000000-0x0000021bc1000000, reserved size: 1073741824
Narrow klass base: 0x0000021b80000000, Narrow klass shift: 0, Narrow klass range: 0x100000000

GC Precious Log:
 CardTable entry size: 512
 Card Set container configuration: InlinePtr #cards 5 size 8 Array Of Cards #cards 12 size 40 Howl #buckets 4 coarsen threshold 1843 Howl Bitmap #cards 512 size 80 coarsen threshold 460 Card regions per heap region 1 cards per card region 2048
 CPUs: 8 total, 8 available
 Memory: 5965M
 Large Page Support: Disabled
 NUMA Support: Disabled
 Compressed Oops: Enabled (32-bit)
 Heap Region Size: 1M
 Heap Min Capacity: 8M
 Heap Initial Capacity: 94M
 Heap Max Capacity: 1G
 Pre-touch: Disabled
 Parallel Workers: 8
 Concurrent Workers: 2
 Concurrent Refinement Workers: 8
 Periodic GC: Disabled

Heap:
 garbage-first heap   total 156672K, used 126803K [0x00000000c0000000, 0x0000000100000000)
  region size 1024K, 27 young (27648K), 3 survivors (3072K)
 Metaspace       used 98801K, committed 101120K, reserved 1179648K
  class space    used 13921K, committed 15104K, reserved 1048576K

Heap Regions: E=young(eden), S=young(survivor), O=old, HS=humongous(starts), HC=humongous(continues), CS=collection set, F=free, TAMS=top-at-mark-start, PB=parsable bottom
|   0|0x00000000c0000000, 0x00000000c0100000, 0x00000000c0100000|100%|HS|  |TAMS 0x00000000c0000000| PB 0x00000000c0000000| Complete 
|   1|0x00000000c0100000, 0x00000000c0200000, 0x00000000c0200000|100%|HC|  |TAMS 0x00000000c0100000| PB 0x00000000c0100000| Complete 
|   2|0x00000000c0200000, 0x00000000c0300000, 0x00000000c0300000|100%|HC|  |TAMS 0x00000000c0200000| PB 0x00000000c0200000| Complete 
|   3|0x00000000c0300000, 0x00000000c0400000, 0x00000000c0400000|100%| O|  |TAMS 0x00000000c0300000| PB 0x00000000c0300000| Untracked 
|   4|0x00000000c0400000, 0x00000000c0500000, 0x00000000c0500000|100%| O|  |TAMS 0x00000000c0400000| PB 0x00000000c0400000| Untracked 
|   5|0x00000000c0500000, 0x00000000c0600000, 0x00000000c0600000|100%| O|  |TAMS 0x00000000c0500000| PB 0x00000000c0500000| Untracked 
|   6|0x00000000c0600000, 0x00000000c0700000, 0x00000000c0700000|100%|HS|  |TAMS 0x00000000c0600000| PB 0x00000000c0600000| Complete 
|   7|0x00000000c0700000, 0x00000000c0800000, 0x00000000c0800000|100%| O|  |TAMS 0x00000000c0700000| PB 0x00000000c0700000| Untracked 
|   8|0x00000000c0800000, 0x00000000c0900000, 0x00000000c0900000|100%| O|  |TAMS 0x00000000c0800000| PB 0x00000000c0800000| Untracked 
|   9|0x00000000c0900000, 0x00000000c0a00000, 0x00000000c0a00000|100%| O|  |TAMS 0x00000000c0900000| PB 0x00000000c0900000| Untracked 
|  10|0x00000000c0a00000, 0x00000000c0b00000, 0x00000000c0b00000|100%| O|  |TAMS 0x00000000c0a00000| PB 0x00000000c0a00000| Untracked 
|  11|0x00000000c0b00000, 0x00000000c0c00000, 0x00000000c0c00000|100%| O|  |TAMS 0x00000000c0b00000| PB 0x00000000c0b00000| Untracked 
|  12|0x00000000c0c00000, 0x00000000c0d00000, 0x00000000c0d00000|100%| O|  |TAMS 0x00000000c0c00000| PB 0x00000000c0c00000| Untracked 
|  13|0x00000000c0d00000, 0x00000000c0e00000, 0x00000000c0e00000|100%| O|  |TAMS 0x00000000c0d00000| PB 0x00000000c0d00000| Untracked 
|  14|0x00000000c0e00000, 0x00000000c0f00000, 0x00000000c0f00000|100%| O|  |TAMS 0x00000000c0e00000| PB 0x00000000c0e00000| Untracked 
|  15|0x00000000c0f00000, 0x00000000c1000000, 0x00000000c1000000|100%| O|  |TAMS 0x00000000c0f00000| PB 0x00000000c0f00000| Untracked 
|  16|0x00000000c1000000, 0x00000000c1100000, 0x00000000c1100000|100%| O|  |TAMS 0x00000000c1000000| PB 0x00000000c1000000| Untracked 
|  17|0x00000000c1100000, 0x00000000c1200000, 0x00000000c1200000|100%| O|  |TAMS 0x00000000c1100000| PB 0x00000000c1100000| Untracked 
|  18|0x00000000c1200000, 0x00000000c1300000, 0x00000000c1300000|100%| O|  |TAMS 0x00000000c1200000| PB 0x00000000c1200000| Untracked 
|  19|0x00000000c1300000, 0x00000000c1400000, 0x00000000c1400000|100%| O|  |TAMS 0x00000000c1300000| PB 0x00000000c1300000| Untracked 
|  20|0x00000000c1400000, 0x00000000c1500000, 0x00000000c1500000|100%| O|  |TAMS 0x00000000c1400000| PB 0x00000000c1400000| Untracked 
|  21|0x00000000c1500000, 0x00000000c1600000, 0x00000000c1600000|100%| O|  |TAMS 0x00000000c1500000| PB 0x00000000c1500000| Untracked 
|  22|0x00000000c1600000, 0x00000000c1700000, 0x00000000c1700000|100%| O|  |TAMS 0x00000000c1600000| PB 0x00000000c1600000| Untracked 
|  23|0x00000000c1700000, 0x00000000c1800000, 0x00000000c1800000|100%| O|  |TAMS 0x00000000c1700000| PB 0x00000000c1700000| Untracked 
|  24|0x00000000c1800000, 0x00000000c1900000, 0x00000000c1900000|100%| O|  |TAMS 0x00000000c1800000| PB 0x00000000c1800000| Untracked 
|  25|0x00000000c1900000, 0x00000000c1a00000, 0x00000000c1a00000|100%| O|  |TAMS 0x00000000c1900000| PB 0x00000000c1900000| Untracked 
|  26|0x00000000c1a00000, 0x00000000c1b00000, 0x00000000c1b00000|100%| O|  |TAMS 0x00000000c1a00000| PB 0x00000000c1a00000| Untracked 
|  27|0x00000000c1b00000, 0x00000000c1c00000, 0x00000000c1c00000|100%| O|  |TAMS 0x00000000c1b00000| PB 0x00000000c1b00000| Untracked 
|  28|0x00000000c1c00000, 0x00000000c1d00000, 0x00000000c1d00000|100%| O|  |TAMS 0x00000000c1c00000| PB 0x00000000c1c00000| Untracked 
|  29|0x00000000c1d00000, 0x00000000c1e00000, 0x00000000c1e00000|100%| O|  |TAMS 0x00000000c1d00000| PB 0x00000000c1d00000| Untracked 
|  30|0x00000000c1e00000, 0x00000000c1f00000, 0x00000000c1f00000|100%| O|  |TAMS 0x00000000c1e00000| PB 0x00000000c1e00000| Untracked 
|  31|0x00000000c1f00000, 0x00000000c2000000, 0x00000000c2000000|100%| O|  |TAMS 0x00000000c1f00000| PB 0x00000000c1f00000| Untracked 
|  32|0x00000000c2000000, 0x00000000c2100000, 0x00000000c2100000|100%| O|  |TAMS 0x00000000c2000000| PB 0x00000000c2000000| Untracked 
|  33|0x00000000c2100000, 0x00000000c2200000, 0x00000000c2200000|100%| O|  |TAMS 0x00000000c2100000| PB 0x00000000c2100000| Untracked 
|  34|0x00000000c2200000, 0x00000000c2300000, 0x00000000c2300000|100%| O|  |TAMS 0x00000000c2200000| PB 0x00000000c2200000| Untracked 
|  35|0x00000000c2300000, 0x00000000c2400000, 0x00000000c2400000|100%| O|  |TAMS 0x00000000c2300000| PB 0x00000000c2300000| Untracked 
|  36|0x00000000c2400000, 0x00000000c2500000, 0x00000000c2500000|100%| O|  |TAMS 0x00000000c2400000| PB 0x00000000c2400000| Untracked 
|  37|0x00000000c2500000, 0x00000000c2600000, 0x00000000c2600000|100%| O|  |TAMS 0x00000000c2500000| PB 0x00000000c2500000| Untracked 
|  38|0x00000000c2600000, 0x00000000c2700000, 0x00000000c2700000|100%| O|  |TAMS 0x00000000c2600000| PB 0x00000000c2600000| Untracked 
|  39|0x00000000c2700000, 0x00000000c2700000, 0x00000000c2800000|  0%| F|  |TAMS 0x00000000c2700000| PB 0x00000000c2700000| Untracked 
|  40|0x00000000c2800000, 0x00000000c2900000, 0x00000000c2900000|100%|HS|  |TAMS 0x00000000c2800000| PB 0x00000000c2800000| Complete 
|  41|0x00000000c2900000, 0x00000000c2a00000, 0x00000000c2a00000|100%| O|  |TAMS 0x00000000c2900000| PB 0x00000000c2900000| Untracked 
|  42|0x00000000c2a00000, 0x00000000c2b00000, 0x00000000c2b00000|100%| O|  |TAMS 0x00000000c2a00000| PB 0x00000000c2a00000| Untracked 
|  43|0x00000000c2b00000, 0x00000000c2c00000, 0x00000000c2c00000|100%| O|  |TAMS 0x00000000c2b00000| PB 0x00000000c2b00000| Untracked 
|  44|0x00000000c2c00000, 0x00000000c2d00000, 0x00000000c2d00000|100%| O|  |TAMS 0x00000000c2c00000| PB 0x00000000c2c00000| Untracked 
|  45|0x00000000c2d00000, 0x00000000c2e00000, 0x00000000c2e00000|100%| O|  |TAMS 0x00000000c2d00000| PB 0x00000000c2d00000| Untracked 
|  46|0x00000000c2e00000, 0x00000000c2f00000, 0x00000000c2f00000|100%| O|  |TAMS 0x00000000c2e00000| PB 0x00000000c2e00000| Untracked 
|  47|0x00000000c2f00000, 0x00000000c3000000, 0x00000000c3000000|100%|HS|  |TAMS 0x00000000c2f00000| PB 0x00000000c2f00000| Complete 
|  48|0x00000000c3000000, 0x00000000c3100000, 0x00000000c3100000|100%|HS|  |TAMS 0x00000000c3000000| PB 0x00000000c3000000| Complete 
|  49|0x00000000c3100000, 0x00000000c3200000, 0x00000000c3200000|100%|HC|  |TAMS 0x00000000c3100000| PB 0x00000000c3100000| Complete 
|  50|0x00000000c3200000, 0x00000000c3300000, 0x00000000c3300000|100%|HS|  |TAMS 0x00000000c3200000| PB 0x00000000c3200000| Complete 
|  51|0x00000000c3300000, 0x00000000c3400000, 0x00000000c3400000|100%|HS|  |TAMS 0x00000000c3300000| PB 0x00000000c3300000| Complete 
|  52|0x00000000c3400000, 0x00000000c3500000, 0x00000000c3500000|100%|HS|  |TAMS 0x00000000c3400000| PB 0x00000000c3400000| Complete 
|  53|0x00000000c3500000, 0x00000000c3600000, 0x00000000c3600000|100%|HS|  |TAMS 0x00000000c3500000| PB 0x00000000c3500000| Complete 
|  54|0x00000000c3600000, 0x00000000c3700000, 0x00000000c3700000|100%| O|  |TAMS 0x00000000c3600000| PB 0x00000000c3600000| Untracked 
|  55|0x00000000c3700000, 0x00000000c3800000, 0x00000000c3800000|100%| O|  |TAMS 0x00000000c3700000| PB 0x00000000c3700000| Untracked 
|  56|0x00000000c3800000, 0x00000000c3900000, 0x00000000c3900000|100%| O|Cm|TAMS 0x00000000c3800000| PB 0x00000000c3800000| Complete 
|  57|0x00000000c3900000, 0x00000000c3a00000, 0x00000000c3a00000|100%|HS|  |TAMS 0x00000000c3900000| PB 0x00000000c3900000| Complete 
|  58|0x00000000c3a00000, 0x00000000c3b00000, 0x00000000c3b00000|100%|HC|  |TAMS 0x00000000c3a00000| PB 0x00000000c3a00000| Complete 
|  59|0x00000000c3b00000, 0x00000000c3c00000, 0x00000000c3c00000|100%| O|  |TAMS 0x00000000c3b00000| PB 0x00000000c3b00000| Untracked 
|  60|0x00000000c3c00000, 0x00000000c3d00000, 0x00000000c3d00000|100%| O|  |TAMS 0x00000000c3c00000| PB 0x00000000c3c00000| Untracked 
|  61|0x00000000c3d00000, 0x00000000c3e00000, 0x00000000c3e00000|100%| O|  |TAMS 0x00000000c3d00000| PB 0x00000000c3d00000| Untracked 
|  62|0x00000000c3e00000, 0x00000000c3f00000, 0x00000000c3f00000|100%| O|  |TAMS 0x00000000c3e00000| PB 0x00000000c3e00000| Untracked 
|  63|0x00000000c3f00000, 0x00000000c4000000, 0x00000000c4000000|100%| O|  |TAMS 0x00000000c3f00000| PB 0x00000000c3f00000| Untracked 
|  64|0x00000000c4000000, 0x00000000c4100000, 0x00000000c4100000|100%| O|  |TAMS 0x00000000c4000000| PB 0x00000000c4000000| Untracked 
|  65|0x00000000c4100000, 0x00000000c4200000, 0x00000000c4200000|100%| O|  |TAMS 0x00000000c4100000| PB 0x00000000c4100000| Untracked 
|  66|0x00000000c4200000, 0x00000000c4300000, 0x00000000c4300000|100%| O|  |TAMS 0x00000000c4200000| PB 0x00000000c4200000| Untracked 
|  67|0x00000000c4300000, 0x00000000c4400000, 0x00000000c4400000|100%| O|  |TAMS 0x00000000c4300000| PB 0x00000000c4300000| Untracked 
|  68|0x00000000c4400000, 0x00000000c4500000, 0x00000000c4500000|100%|HS|  |TAMS 0x00000000c4400000| PB 0x00000000c4400000| Complete 
|  69|0x00000000c4500000, 0x00000000c4600000, 0x00000000c4600000|100%| O|  |TAMS 0x00000000c4500000| PB 0x00000000c4500000| Untracked 
|  70|0x00000000c4600000, 0x00000000c4700000, 0x00000000c4700000|100%| O|  |TAMS 0x00000000c4600000| PB 0x00000000c4600000| Untracked 
|  71|0x00000000c4700000, 0x00000000c4800000, 0x00000000c4800000|100%| O|  |TAMS 0x00000000c4700000| PB 0x00000000c4700000| Untracked 
|  72|0x00000000c4800000, 0x00000000c4900000, 0x00000000c4900000|100%| O|  |TAMS 0x00000000c4800000| PB 0x00000000c4800000| Untracked 
|  73|0x00000000c4900000, 0x00000000c4a00000, 0x00000000c4a00000|100%| O|  |TAMS 0x00000000c4900000| PB 0x00000000c4900000| Untracked 
|  74|0x00000000c4a00000, 0x00000000c4b00000, 0x00000000c4b00000|100%| O|  |TAMS 0x00000000c4a00000| PB 0x00000000c4a00000| Untracked 
|  75|0x00000000c4b00000, 0x00000000c4c00000, 0x00000000c4c00000|100%| O|  |TAMS 0x00000000c4b00000| PB 0x00000000c4b00000| Untracked 
|  76|0x00000000c4c00000, 0x00000000c4d00000, 0x00000000c4d00000|100%| O|  |TAMS 0x00000000c4c00000| PB 0x00000000c4c00000| Untracked 
|  77|0x00000000c4d00000, 0x00000000c4e00000, 0x00000000c4e00000|100%|HS|  |TAMS 0x00000000c4d00000| PB 0x00000000c4d00000| Complete 
|  78|0x00000000c4e00000, 0x00000000c4f00000, 0x00000000c4f00000|100%| O|  |TAMS 0x00000000c4e00000| PB 0x00000000c4e00000| Untracked 
|  79|0x00000000c4f00000, 0x00000000c5000000, 0x00000000c5000000|100%| O|  |TAMS 0x00000000c4f00000| PB 0x00000000c4f00000| Untracked 
|  80|0x00000000c5000000, 0x00000000c5100000, 0x00000000c5100000|100%| O|  |TAMS 0x00000000c5000000| PB 0x00000000c5000000| Untracked 
|  81|0x00000000c5100000, 0x00000000c5200000, 0x00000000c5200000|100%| O|  |TAMS 0x00000000c5100000| PB 0x00000000c5100000| Untracked 
|  82|0x00000000c5200000, 0x00000000c5300000, 0x00000000c5300000|100%| O|  |TAMS 0x00000000c5200000| PB 0x00000000c5200000| Untracked 
|  83|0x00000000c5300000, 0x00000000c5400000, 0x00000000c5400000|100%| O|  |TAMS 0x00000000c5300000| PB 0x00000000c5300000| Untracked 
|  84|0x00000000c5400000, 0x00000000c5500000, 0x00000000c5500000|100%| O|  |TAMS 0x00000000c5400000| PB 0x00000000c5400000| Untracked 
|  85|0x00000000c5500000, 0x00000000c5600000, 0x00000000c5600000|100%| O|  |TAMS 0x00000000c5500000| PB 0x00000000c5500000| Untracked 
|  86|0x00000000c5600000, 0x00000000c5700000, 0x00000000c5700000|100%| O|  |TAMS 0x00000000c5600000| PB 0x00000000c5600000| Untracked 
|  87|0x00000000c5700000, 0x00000000c5800000, 0x00000000c5800000|100%| O|  |TAMS 0x00000000c5700000| PB 0x00000000c5700000| Untracked 
|  88|0x00000000c5800000, 0x00000000c5900000, 0x00000000c5900000|100%| O|  |TAMS 0x00000000c5800000| PB 0x00000000c5800000| Untracked 
|  89|0x00000000c5900000, 0x00000000c5a00000, 0x00000000c5a00000|100%| O|  |TAMS 0x00000000c5900000| PB 0x00000000c5900000| Untracked 
|  90|0x00000000c5a00000, 0x00000000c5b00000, 0x00000000c5b00000|100%| O|  |TAMS 0x00000000c5a00000| PB 0x00000000c5a00000| Untracked 
|  91|0x00000000c5b00000, 0x00000000c5b00000, 0x00000000c5c00000|  0%| F|  |TAMS 0x00000000c5b00000| PB 0x00000000c5b00000| Untracked 
|  92|0x00000000c5c00000, 0x00000000c5c00000, 0x00000000c5d00000|  0%| F|  |TAMS 0x00000000c5c00000| PB 0x00000000c5c00000| Untracked 
|  93|0x00000000c5d00000, 0x00000000c5d00000, 0x00000000c5e00000|  0%| F|  |TAMS 0x00000000c5d00000| PB 0x00000000c5d00000| Untracked 
|  94|0x00000000c5e00000, 0x00000000c5e00000, 0x00000000c5f00000|  0%| F|  |TAMS 0x00000000c5e00000| PB 0x00000000c5e00000| Untracked 
|  95|0x00000000c5f00000, 0x00000000c6000000, 0x00000000c6000000|100%| O|  |TAMS 0x00000000c5f00000| PB 0x00000000c5f00000| Untracked 
|  96|0x00000000c6000000, 0x00000000c6100000, 0x00000000c6100000|100%| O|  |TAMS 0x00000000c6000000| PB 0x00000000c6000000| Untracked 
|  97|0x00000000c6100000, 0x00000000c6200000, 0x00000000c6200000|100%| O|  |TAMS 0x00000000c6100000| PB 0x00000000c6100000| Untracked 
|  98|0x00000000c6200000, 0x00000000c62db240, 0x00000000c6300000| 85%| O|  |TAMS 0x00000000c6200000| PB 0x00000000c6200000| Untracked 
|  99|0x00000000c6300000, 0x00000000c6300000, 0x00000000c6400000|  0%| F|  |TAMS 0x00000000c6300000| PB 0x00000000c6300000| Untracked 
| 100|0x00000000c6400000, 0x00000000c6400000, 0x00000000c6500000|  0%| F|  |TAMS 0x00000000c6400000| PB 0x00000000c6400000| Untracked 
| 101|0x00000000c6500000, 0x00000000c6500000, 0x00000000c6600000|  0%| F|  |TAMS 0x00000000c6500000| PB 0x00000000c6500000| Untracked 
| 102|0x00000000c6600000, 0x00000000c6600000, 0x00000000c6700000|  0%| F|  |TAMS 0x00000000c6600000| PB 0x00000000c6600000| Untracked 
| 103|0x00000000c6700000, 0x00000000c6700000, 0x00000000c6800000|  0%| F|  |TAMS 0x00000000c6700000| PB 0x00000000c6700000| Untracked 
| 104|0x00000000c6800000, 0x00000000c6800000, 0x00000000c6900000|  0%| F|  |TAMS 0x00000000c6800000| PB 0x00000000c6800000| Untracked 
| 105|0x00000000c6900000, 0x00000000c6900000, 0x00000000c6a00000|  0%| F|  |TAMS 0x00000000c6900000| PB 0x00000000c6900000| Untracked 
| 106|0x00000000c6a00000, 0x00000000c6a00000, 0x00000000c6b00000|  0%| F|  |TAMS 0x00000000c6a00000| PB 0x00000000c6a00000| Untracked 
| 107|0x00000000c6b00000, 0x00000000c6b00000, 0x00000000c6c00000|  0%| F|  |TAMS 0x00000000c6b00000| PB 0x00000000c6b00000| Untracked 
| 108|0x00000000c6c00000, 0x00000000c6c00000, 0x00000000c6d00000|  0%| F|  |TAMS 0x00000000c6c00000| PB 0x00000000c6c00000| Untracked 
| 109|0x00000000c6d00000, 0x00000000c6d00000, 0x00000000c6e00000|  0%| F|  |TAMS 0x00000000c6d00000| PB 0x00000000c6d00000| Untracked 
| 110|0x00000000c6e00000, 0x00000000c6ef9cd8, 0x00000000c6f00000| 97%| S|CS|TAMS 0x00000000c6e00000| PB 0x00000000c6e00000| Complete 
| 111|0x00000000c6f00000, 0x00000000c7000000, 0x00000000c7000000|100%| S|CS|TAMS 0x00000000c6f00000| PB 0x00000000c6f00000| Complete 
| 112|0x00000000c7000000, 0x00000000c7100000, 0x00000000c7100000|100%| S|CS|TAMS 0x00000000c7000000| PB 0x00000000c7000000| Complete 
| 113|0x00000000c7100000, 0x00000000c7100000, 0x00000000c7200000|  0%| F|  |TAMS 0x00000000c7100000| PB 0x00000000c7100000| Untracked 
| 114|0x00000000c7200000, 0x00000000c7200000, 0x00000000c7300000|  0%| F|  |TAMS 0x00000000c7200000| PB 0x00000000c7200000| Untracked 
| 115|0x00000000c7300000, 0x00000000c7300000, 0x00000000c7400000|  0%| F|  |TAMS 0x00000000c7300000| PB 0x00000000c7300000| Untracked 
| 116|0x00000000c7400000, 0x00000000c7400000, 0x00000000c7500000|  0%| F|  |TAMS 0x00000000c7400000| PB 0x00000000c7400000| Untracked 
| 117|0x00000000c7500000, 0x00000000c7500000, 0x00000000c7600000|  0%| F|  |TAMS 0x00000000c7500000| PB 0x00000000c7500000| Untracked 
| 118|0x00000000c7600000, 0x00000000c7600000, 0x00000000c7700000|  0%| F|  |TAMS 0x00000000c7600000| PB 0x00000000c7600000| Untracked 
| 119|0x00000000c7700000, 0x00000000c7700000, 0x00000000c7800000|  0%| F|  |TAMS 0x00000000c7700000| PB 0x00000000c7700000| Untracked 
| 120|0x00000000c7800000, 0x00000000c7800000, 0x00000000c7900000|  0%| F|  |TAMS 0x00000000c7800000| PB 0x00000000c7800000| Untracked 
| 121|0x00000000c7900000, 0x00000000c7900000, 0x00000000c7a00000|  0%| F|  |TAMS 0x00000000c7900000| PB 0x00000000c7900000| Untracked 
| 122|0x00000000c7a00000, 0x00000000c7a00000, 0x00000000c7b00000|  0%| F|  |TAMS 0x00000000c7a00000| PB 0x00000000c7a00000| Untracked 
| 123|0x00000000c7b00000, 0x00000000c7b00000, 0x00000000c7c00000|  0%| F|  |TAMS 0x00000000c7b00000| PB 0x00000000c7b00000| Untracked 
| 124|0x00000000c7c00000, 0x00000000c7c00000, 0x00000000c7d00000|  0%| F|  |TAMS 0x00000000c7c00000| PB 0x00000000c7c00000| Untracked 
| 125|0x00000000c7d00000, 0x00000000c7e00000, 0x00000000c7e00000|100%| E|  |TAMS 0x00000000c7d00000| PB 0x00000000c7d00000| Complete 
| 126|0x00000000c7e00000, 0x00000000c7f00000, 0x00000000c7f00000|100%| E|CS|TAMS 0x00000000c7e00000| PB 0x00000000c7e00000| Complete 
| 127|0x00000000c7f00000, 0x00000000c8000000, 0x00000000c8000000|100%| E|CS|TAMS 0x00000000c7f00000| PB 0x00000000c7f00000| Complete 
| 128|0x00000000c8000000, 0x00000000c8100000, 0x00000000c8100000|100%| E|CS|TAMS 0x00000000c8000000| PB 0x00000000c8000000| Complete 
| 129|0x00000000c8100000, 0x00000000c8200000, 0x00000000c8200000|100%| E|CS|TAMS 0x00000000c8100000| PB 0x00000000c8100000| Complete 
| 130|0x00000000c8200000, 0x00000000c8300000, 0x00000000c8300000|100%| E|CS|TAMS 0x00000000c8200000| PB 0x00000000c8200000| Complete 
| 131|0x00000000c8300000, 0x00000000c8400000, 0x00000000c8400000|100%| E|CS|TAMS 0x00000000c8300000| PB 0x00000000c8300000| Complete 
| 132|0x00000000c8400000, 0x00000000c8500000, 0x00000000c8500000|100%| E|CS|TAMS 0x00000000c8400000| PB 0x00000000c8400000| Complete 
| 133|0x00000000c8500000, 0x00000000c8600000, 0x00000000c8600000|100%| E|CS|TAMS 0x00000000c8500000| PB 0x00000000c8500000| Complete 
| 134|0x00000000c8600000, 0x00000000c8700000, 0x00000000c8700000|100%| E|CS|TAMS 0x00000000c8600000| PB 0x00000000c8600000| Complete 
| 135|0x00000000c8700000, 0x00000000c8800000, 0x00000000c8800000|100%| E|CS|TAMS 0x00000000c8700000| PB 0x00000000c8700000| Complete 
| 136|0x00000000c8800000, 0x00000000c8900000, 0x00000000c8900000|100%| E|CS|TAMS 0x00000000c8800000| PB 0x00000000c8800000| Complete 
| 137|0x00000000c8900000, 0x00000000c8a00000, 0x00000000c8a00000|100%| E|CS|TAMS 0x00000000c8900000| PB 0x00000000c8900000| Complete 
| 138|0x00000000c8a00000, 0x00000000c8b00000, 0x00000000c8b00000|100%| E|CS|TAMS 0x00000000c8a00000| PB 0x00000000c8a00000| Complete 
| 139|0x00000000c8b00000, 0x00000000c8c00000, 0x00000000c8c00000|100%| E|CS|TAMS 0x00000000c8b00000| PB 0x00000000c8b00000| Complete 
| 140|0x00000000c8c00000, 0x00000000c8d00000, 0x00000000c8d00000|100%| E|CS|TAMS 0x00000000c8c00000| PB 0x00000000c8c00000| Complete 
| 141|0x00000000c8d00000, 0x00000000c8e00000, 0x00000000c8e00000|100%| E|CS|TAMS 0x00000000c8d00000| PB 0x00000000c8d00000| Complete 
| 142|0x00000000c8e00000, 0x00000000c8f00000, 0x00000000c8f00000|100%| E|CS|TAMS 0x00000000c8e00000| PB 0x00000000c8e00000| Complete 
| 143|0x00000000c8f00000, 0x00000000c9000000, 0x00000000c9000000|100%| E|CS|TAMS 0x00000000c8f00000| PB 0x00000000c8f00000| Complete 
| 144|0x00000000c9000000, 0x00000000c9100000, 0x00000000c9100000|100%| E|CS|TAMS 0x00000000c9000000| PB 0x00000000c9000000| Complete 
| 145|0x00000000c9100000, 0x00000000c9200000, 0x00000000c9200000|100%| E|CS|TAMS 0x00000000c9100000| PB 0x00000000c9100000| Complete 
| 146|0x00000000c9200000, 0x00000000c9300000, 0x00000000c9300000|100%| E|CS|TAMS 0x00000000c9200000| PB 0x00000000c9200000| Complete 
|1018|0x00000000ffa00000, 0x00000000ffb00000, 0x00000000ffb00000|100%| O|  |TAMS 0x00000000ffa00000| PB 0x00000000ffa00000| Untracked 
|1019|0x00000000ffb00000, 0x00000000ffc00000, 0x00000000ffc00000|100%| O|  |TAMS 0x00000000ffb00000| PB 0x00000000ffb00000| Untracked 
|1020|0x00000000ffc00000, 0x00000000ffd00000, 0x00000000ffd00000|100%| O|  |TAMS 0x00000000ffc00000| PB 0x00000000ffc00000| Untracked 
|1021|0x00000000ffd00000, 0x00000000ffe00000, 0x00000000ffe00000|100%| O|  |TAMS 0x00000000ffd00000| PB 0x00000000ffd00000| Untracked 
|1022|0x00000000ffe00000, 0x00000000fff00000, 0x00000000fff00000|100%| E|CS|TAMS 0x00000000ffe00000| PB 0x00000000ffe00000| Complete 
|1023|0x00000000fff00000, 0x0000000100000000, 0x0000000100000000|100%| E|CS|TAMS 0x00000000fff00000| PB 0x00000000fff00000| Complete 

Card table byte_map: [0x0000021be2180000,0x0000021be2380000] _byte_map_base: 0x0000021be1b80000

Marking Bits: (CMBitMap*) 0x0000021bcfa88cf0
 Bits: [0x0000021be2380000, 0x0000021be3380000)

Polling page: 0x0000021bcdc00000

Metaspace:

Usage:
  Non-class:     82.89 MB used.
      Class:     13.60 MB used.
       Both:     96.49 MB used.

Virtual space:
  Non-class space:      128.00 MB reserved,      84.00 MB ( 66%) committed,  2 nodes.
      Class space:        1.00 GB reserved,      14.75 MB (  1%) committed,  1 nodes.
             Both:        1.12 GB reserved,      98.75 MB (  9%) committed. 

Chunk freelists:
   Non-Class:  12.03 MB
       Class:  1.23 MB
        Both:  13.26 MB

MaxMetaspaceSize: unlimited
CompressedClassSpaceSize: 1.00 GB
Initial GC threshold: 21.00 MB
Current GC threshold: 151.38 MB
CDS: on
 - commit_granule_bytes: 65536.
 - commit_granule_words: 8192.
 - virtual_space_node_default_size: 8388608.
 - enlarge_chunks_in_place: 1.
 - use_allocation_guard: 0.


Internal statistics:

num_allocs_failed_limit: 6.
num_arena_births: 4286.
num_arena_deaths: 2.
num_vsnodes_births: 3.
num_vsnodes_deaths: 0.
num_space_committed: 1580.
num_space_uncommitted: 0.
num_chunks_returned_to_freelist: 8.
num_chunks_taken_from_freelist: 8971.
num_chunk_merges: 6.
num_chunk_splits: 5839.
num_chunks_enlarged: 3638.
num_inconsistent_stats: 0.

CodeHeap 'non-profiled nmethods': size=120000Kb used=7397Kb max_used=7397Kb free=112602Kb
 bounds [0x0000021bda720000, 0x0000021bdae60000, 0x0000021be1c50000]
CodeHeap 'profiled nmethods': size=120000Kb used=21950Kb max_used=21950Kb free=98049Kb
 bounds [0x0000021bd2c50000, 0x0000021bd41c0000, 0x0000021bda180000]
CodeHeap 'non-nmethods': size=5760Kb used=2777Kb max_used=2817Kb free=2982Kb
 bounds [0x0000021bda180000, 0x0000021bda450000, 0x0000021bda720000]
CodeCache: size=245760Kb, used=32124Kb, max_used=32164Kb, free=213633Kb
 total_blobs=12503, nmethods=11476, adapters=930, full_count=0
Compilation: enabled, stopped_count=0, restarted_count=0

Compilation events (20 events):
Event: 504.540 Thread 0x0000021be5d79e70 nmethod 13406 0x0000021bd41bb190 code [0x0000021bd41bb3e0, 0x0000021bd41bbbd0]
Event: 504.567 Thread 0x0000021be5d79e70 13407       1       com.android.build.gradle.internal.lint.SdkVersionInput_Decorated::getModelIdentityDisplayName (5 bytes)
Event: 504.567 Thread 0x0000021be5d79e70 nmethod 13407 0x0000021bdae58890 code [0x0000021bdae58a20, 0x0000021bdae58ae8]
Event: 504.714 Thread 0x0000021be5d79e70 13408       3       com.android.build.gradle.internal.lint.SourceProviderInput_Decorated::$gradleFactory (13 bytes)
Event: 504.714 Thread 0x0000021be5d79e70 nmethod 13408 0x0000021bd41bbe10 code [0x0000021bd41bbfc0, 0x0000021bd41bc160]
Event: 504.802 Thread 0x0000021be5d79e70 13409       1       com.android.build.gradle.internal.lint.LintModelWriterTask_Decorated::getModelIdentityDisplayName (5 bytes)
Event: 504.802 Thread 0x0000021be5d79e70 nmethod 13409 0x0000021bdae58b90 code [0x0000021bdae58d20, 0x0000021bdae58df0]
Event: 504.901 Thread 0x0000021be5d79e70 13410       3       com.android.build.gradle.internal.tasks.factory.TaskConfigurationActions::execute (9 bytes)
Event: 504.901 Thread 0x0000021be5d79e70 nmethod 13410 0x0000021bd41bc210 code [0x0000021bd41bc3c0, 0x0000021bd41bc608]
Event: 505.077 Thread 0x0000021be5d79e70 13411       3       com.android.build.gradle.internal.lint.AndroidArtifactInput_Decorated::$gradleFactory (13 bytes)
Event: 505.077 Thread 0x0000021be5d79e70 nmethod 13411 0x0000021bd41bc710 code [0x0000021bd41bc8c0, 0x0000021bd41bca60]
Event: 505.082 Thread 0x0000021be5d72e90 13412       4       java.util.Collections::addAll (43 bytes)
Event: 505.084 Thread 0x0000021be5d72e90 nmethod 13412 0x0000021bdae58e90 code [0x0000021bdae59020, 0x0000021bdae59138]
Event: 505.411 Thread 0x0000021be5d79e70 13413       3       org.gradle.api.internal.provider.DefaultListProperty$$Lambda/0x0000021b815dce68::get (4 bytes)
Event: 505.412 Thread 0x0000021be5d79e70 nmethod 13413 0x0000021bd41bcb10 code [0x0000021bd41bcce0, 0x0000021bd41bd120]
Event: 505.495 Thread 0x0000021be5d79e70 13414       3       com.google.common.collect.ImmutableList$Builder::build (5 bytes)
Event: 505.496 Thread 0x0000021be5d79e70 nmethod 13414 0x0000021bd41bd290 code [0x0000021bd41bd440, 0x0000021bd41bd5e8]
Event: 505.519 Thread 0x0000021be5d79e70 13415       3       org.gradle.api.internal.provider.AbstractCollectionProperty::set (28 bytes)
Event: 505.520 Thread 0x0000021be5d79e70 nmethod 13415 0x0000021bd41bd690 code [0x0000021bd41bd900, 0x0000021bd41be5e8]
Event: 505.619 Thread 0x0000021be5d72e90 13416       4       org.gradle.internal.reflect.annotations.impl.DefaultTypeAnnotationMetadataStore$HasAnnotationMetadataBuilder::resolveAnnotations (142 bytes)

GC Heap History (20 events):
Event: 232.452 GC heap before
{Heap before GC invocations=33 (full 0):
 garbage-first heap   total 138240K, used 121394K [0x00000000c0000000, 0x0000000100000000)
  region size 1024K, 45 young (46080K), 3 survivors (3072K)
 Metaspace       used 73361K, committed 75392K, reserved 1114112K
  class space    used 10257K, committed 11264K, reserved 1048576K
}
Event: 232.763 GC heap after
{Heap after GC invocations=34 (full 0):
 garbage-first heap   total 138240K, used 80020K [0x00000000c0000000, 0x0000000100000000)
  region size 1024K, 5 young (5120K), 5 survivors (5120K)
 Metaspace       used 73361K, committed 75392K, reserved 1114112K
  class space    used 10257K, committed 11264K, reserved 1048576K
}
Event: 266.452 GC heap before
{Heap before GC invocations=35 (full 0):
 garbage-first heap   total 138240K, used 123028K [0x00000000c0000000, 0x0000000100000000)
  region size 1024K, 47 young (48128K), 5 survivors (5120K)
 Metaspace       used 76321K, committed 78464K, reserved 1179648K
  class space    used 10695K, committed 11776K, reserved 1048576K
}
Event: 266.516 GC heap after
{Heap after GC invocations=36 (full 0):
 garbage-first heap   total 138240K, used 81708K [0x00000000c0000000, 0x0000000100000000)
  region size 1024K, 4 young (4096K), 4 survivors (4096K)
 Metaspace       used 76321K, committed 78464K, reserved 1179648K
  class space    used 10695K, committed 11776K, reserved 1048576K
}
Event: 294.458 GC heap before
{Heap before GC invocations=36 (full 0):
 garbage-first heap   total 138240K, used 123692K [0x00000000c0000000, 0x0000000100000000)
  region size 1024K, 46 young (47104K), 4 survivors (4096K)
 Metaspace       used 78048K, committed 80128K, reserved 1179648K
  class space    used 10878K, committed 11904K, reserved 1048576K
}
Event: 294.722 GC heap after
{Heap after GC invocations=37 (full 0):
 garbage-first heap   total 138240K, used 83352K [0x00000000c0000000, 0x0000000100000000)
  region size 1024K, 5 young (5120K), 5 survivors (5120K)
 Metaspace       used 78048K, committed 80128K, reserved 1179648K
  class space    used 10878K, committed 11904K, reserved 1048576K
}
Event: 319.475 GC heap before
{Heap before GC invocations=37 (full 0):
 garbage-first heap   total 138240K, used 123288K [0x00000000c0000000, 0x0000000100000000)
  region size 1024K, 45 young (46080K), 5 survivors (5120K)
 Metaspace       used 81322K, committed 83520K, reserved 1179648K
  class space    used 11331K, committed 12416K, reserved 1048576K
}
Event: 319.530 GC heap after
{Heap after GC invocations=38 (full 0):
 garbage-first heap   total 138240K, used 85698K [0x00000000c0000000, 0x0000000100000000)
  region size 1024K, 5 young (5120K), 5 survivors (5120K)
 Metaspace       used 81322K, committed 83520K, reserved 1179648K
  class space    used 11331K, committed 12416K, reserved 1048576K
}
Event: 341.792 GC heap before
{Heap before GC invocations=39 (full 0):
 garbage-first heap   total 145408K, used 128706K [0x00000000c0000000, 0x0000000100000000)
  region size 1024K, 46 young (47104K), 5 survivors (5120K)
 Metaspace       used 84803K, committed 86976K, reserved 1179648K
  class space    used 11946K, committed 13056K, reserved 1048576K
}
Event: 341.942 GC heap after
{Heap after GC invocations=40 (full 0):
 garbage-first heap   total 145408K, used 87217K [0x00000000c0000000, 0x0000000100000000)
  region size 1024K, 4 young (4096K), 4 survivors (4096K)
 Metaspace       used 84803K, committed 86976K, reserved 1179648K
  class space    used 11946K, committed 13056K, reserved 1048576K
}
Event: 372.970 GC heap before
{Heap before GC invocations=40 (full 0):
 garbage-first heap   total 145408K, used 134321K [0x00000000c0000000, 0x0000000100000000)
  region size 1024K, 50 young (51200K), 4 survivors (4096K)
 Metaspace       used 87714K, committed 89920K, reserved 1179648K
  class space    used 12332K, committed 13440K, reserved 1048576K
}
Event: 373.049 GC heap after
{Heap after GC invocations=41 (full 0):
 garbage-first heap   total 145408K, used 88024K [0x00000000c0000000, 0x0000000100000000)
  region size 1024K, 6 young (6144K), 6 survivors (6144K)
 Metaspace       used 87714K, committed 89920K, reserved 1179648K
  class space    used 12332K, committed 13440K, reserved 1048576K
}
Event: 396.243 GC heap before
{Heap before GC invocations=41 (full 0):
 garbage-first heap   total 145408K, used 135128K [0x00000000c0000000, 0x0000000100000000)
  region size 1024K, 52 young (53248K), 6 survivors (6144K)
 Metaspace       used 90751K, committed 92992K, reserved 1179648K
  class space    used 12760K, committed 13888K, reserved 1048576K
}
Event: 396.325 GC heap after
{Heap after GC invocations=42 (full 0):
 garbage-first heap   total 145408K, used 91273K [0x00000000c0000000, 0x0000000100000000)
  region size 1024K, 7 young (7168K), 7 survivors (7168K)
 Metaspace       used 90751K, committed 92992K, reserved 1179648K
  class space    used 12760K, committed 13888K, reserved 1048576K
}
Event: 444.047 GC heap before
{Heap before GC invocations=43 (full 0):
 garbage-first heap   total 153600K, used 135305K [0x00000000c0000000, 0x0000000100000000)
  region size 1024K, 50 young (51200K), 7 survivors (7168K)
 Metaspace       used 93637K, committed 95936K, reserved 1179648K
  class space    used 13197K, committed 14336K, reserved 1048576K
}
Event: 444.224 GC heap after
{Heap after GC invocations=44 (full 0):
 garbage-first heap   total 153600K, used 95313K [0x00000000c0000000, 0x0000000100000000)
  region size 1024K, 7 young (7168K), 7 survivors (7168K)
 Metaspace       used 93637K, committed 95936K, reserved 1179648K
  class space    used 13197K, committed 14336K, reserved 1048576K
}
Event: 477.450 GC heap before
{Heap before GC invocations=44 (full 0):
 garbage-first heap   total 153600K, used 143441K [0x00000000c0000000, 0x0000000100000000)
  region size 1024K, 53 young (54272K), 7 survivors (7168K)
 Metaspace       used 95892K, committed 98240K, reserved 1179648K
  class space    used 13555K, committed 14720K, reserved 1048576K
}
Event: 477.797 GC heap after
{Heap after GC invocations=45 (full 0):
 garbage-first heap   total 156672K, used 100591K [0x00000000c0000000, 0x0000000100000000)
  region size 1024K, 5 young (5120K), 5 survivors (5120K)
 Metaspace       used 95892K, committed 98240K, reserved 1179648K
  class space    used 13555K, committed 14720K, reserved 1048576K
}
Event: 493.660 GC heap before
{Heap before GC invocations=45 (full 0):
 garbage-first heap   total 156672K, used 136431K [0x00000000c0000000, 0x0000000100000000)
  region size 1024K, 40 young (40960K), 5 survivors (5120K)
 Metaspace       used 97624K, committed 99904K, reserved 1179648K
  class space    used 13776K, committed 14912K, reserved 1048576K
}
Event: 493.939 GC heap after
{Heap after GC invocations=46 (full 0):
 garbage-first heap   total 156672K, used 103251K [0x00000000c0000000, 0x0000000100000000)
  region size 1024K, 3 young (3072K), 3 survivors (3072K)
 Metaspace       used 97624K, committed 99904K, reserved 1179648K
  class space    used 13776K, committed 14912K, reserved 1048576K
}

Dll operation events (20 events):
Event: 0.558 Attempting to load shared library C:\Users\LENOVO\.antigravity-ide\extensions\redhat.java-1.56.0-win32-x64\jre\21.0.12.1-win32-x86_64\bin\nio.dll
Event: 0.559 Loaded shared library C:\Users\LENOVO\.antigravity-ide\extensions\redhat.java-1.56.0-win32-x64\jre\21.0.12.1-win32-x86_64\bin\nio.dll
Event: 0.564 Attempting to load shared library C:\Users\LENOVO\.antigravity-ide\extensions\redhat.java-1.56.0-win32-x64\jre\21.0.12.1-win32-x86_64\bin\zip.dll
Event: 0.564 Loaded shared library C:\Users\LENOVO\.antigravity-ide\extensions\redhat.java-1.56.0-win32-x64\jre\21.0.12.1-win32-x86_64\bin\zip.dll
Event: 1.604 Attempting to load shared library C:\Users\LENOVO\.antigravity-ide\extensions\redhat.java-1.56.0-win32-x64\jre\21.0.12.1-win32-x86_64\bin\jimage.dll
Event: 1.604 Loaded shared library C:\Users\LENOVO\.antigravity-ide\extensions\redhat.java-1.56.0-win32-x64\jre\21.0.12.1-win32-x86_64\bin\jimage.dll
Event: 2.509 Attempting to load shared library C:\Users\LENOVO\.antigravity-ide\extensions\redhat.java-1.56.0-win32-x64\jre\21.0.12.1-win32-x86_64\bin\verify.dll
Event: 2.510 Loaded shared library C:\Users\LENOVO\.antigravity-ide\extensions\redhat.java-1.56.0-win32-x64\jre\21.0.12.1-win32-x86_64\bin\verify.dll
Event: 2.882 Attempting to load shared library C:\Users\LENOVO\.gradle\native\1def1411415f61bf3af743bc5b6707747c0891f09f0c88961ee8f79bc544acac\windows-amd64\native-platform.dll
Event: 2.883 Loaded shared library C:\Users\LENOVO\.gradle\native\1def1411415f61bf3af743bc5b6707747c0891f09f0c88961ee8f79bc544acac\windows-amd64\native-platform.dll
Event: 2.938 Attempting to load shared library C:\Users\LENOVO\.gradle\native\0.2.7\x86_64-windows-gnu\gradle-fileevents.dll
Event: 2.941 Loaded shared library C:\Users\LENOVO\.gradle\native\0.2.7\x86_64-windows-gnu\gradle-fileevents.dll
Event: 9.314 Attempting to load shared library C:\Users\LENOVO\.antigravity-ide\extensions\redhat.java-1.56.0-win32-x64\jre\21.0.12.1-win32-x86_64\bin\management.dll
Event: 9.315 Loaded shared library C:\Users\LENOVO\.antigravity-ide\extensions\redhat.java-1.56.0-win32-x64\jre\21.0.12.1-win32-x86_64\bin\management.dll
Event: 9.340 Attempting to load shared library C:\Users\LENOVO\.antigravity-ide\extensions\redhat.java-1.56.0-win32-x64\jre\21.0.12.1-win32-x86_64\bin\management_ext.dll
Event: 9.343 Loaded shared library C:\Users\LENOVO\.antigravity-ide\extensions\redhat.java-1.56.0-win32-x64\jre\21.0.12.1-win32-x86_64\bin\management_ext.dll
Event: 10.078 Attempting to load shared library C:\Users\LENOVO\.antigravity-ide\extensions\redhat.java-1.56.0-win32-x64\jre\21.0.12.1-win32-x86_64\bin\extnet.dll
Event: 10.079 Loaded shared library C:\Users\LENOVO\.antigravity-ide\extensions\redhat.java-1.56.0-win32-x64\jre\21.0.12.1-win32-x86_64\bin\extnet.dll
Event: 13.343 Attempting to load shared library C:\Users\LENOVO\.antigravity-ide\extensions\redhat.java-1.56.0-win32-x64\jre\21.0.12.1-win32-x86_64\bin\sunmscapi.dll
Event: 13.406 Loaded shared library C:\Users\LENOVO\.antigravity-ide\extensions\redhat.java-1.56.0-win32-x64\jre\21.0.12.1-win32-x86_64\bin\sunmscapi.dll

Deoptimization events (20 events):
Event: 500.512 Thread 0x0000021beb01f8d0 Uncommon trap: trap_request=0xfffffff4 fr.pc=0x0000021bdae47c0c relative=0x00000000000003ec
Event: 500.512 Thread 0x0000021beb01f8d0 Uncommon trap: reason=null_check action=make_not_entrant pc=0x0000021bdae47c0c method=org.gradle.internal.instantiation.generator.AbstractClassGenerator$DslMixInPropertyType.visitProperty(Lorg/gradle/internal/instantiation/generator/AbstractClassGenerator
Event: 500.512 Thread 0x0000021beb01f8d0 DEOPT PACKING pc=0x0000021bdae47c0c sp=0x00000029297fa130
Event: 500.512 Thread 0x0000021beb01f8d0 DEOPT UNPACKING pc=0x0000021bda1d4422 sp=0x00000029297fa0e8 mode 2
Event: 503.146 Thread 0x0000021beb01f8d0 Uncommon trap: trap_request=0xffffff45 fr.pc=0x0000021bda87ba0c relative=0x000000000000012c
Event: 503.146 Thread 0x0000021beb01f8d0 Uncommon trap: reason=unstable_if action=reinterpret pc=0x0000021bda87ba0c method=java.io.WinNTFileSystem.normalize(Ljava/lang/String;)Ljava/lang/String; @ 74 c2
Event: 503.146 Thread 0x0000021beb01f8d0 DEOPT PACKING pc=0x0000021bda87ba0c sp=0x00000029297fa5e0
Event: 503.147 Thread 0x0000021beb01f8d0 DEOPT UNPACKING pc=0x0000021bda1d4422 sp=0x00000029297fa500 mode 2
Event: 503.147 Thread 0x0000021beb01f8d0 Uncommon trap: trap_request=0xffffff45 fr.pc=0x0000021bda9001b4 relative=0x0000000000001214
Event: 503.147 Thread 0x0000021beb01f8d0 Uncommon trap: reason=unstable_if action=reinterpret pc=0x0000021bda9001b4 method=java.io.WinNTFileSystem.normalize(Ljava/lang/String;II)Ljava/lang/String; @ 100 c2
Event: 503.147 Thread 0x0000021beb01f8d0 DEOPT PACKING pc=0x0000021bda9001b4 sp=0x00000029297fa480
Event: 503.148 Thread 0x0000021beb01f8d0 DEOPT UNPACKING pc=0x0000021bda1d4422 sp=0x00000029297fa468 mode 2
Event: 503.427 Thread 0x0000021beb01f8d0 Uncommon trap: trap_request=0xffffff45 fr.pc=0x0000021bda99eac0 relative=0x00000000000000e0
Event: 503.427 Thread 0x0000021beb01f8d0 Uncommon trap: reason=unstable_if action=reinterpret pc=0x0000021bda99eac0 method=java.io.WinNTFileSystem.normalize(Ljava/lang/String;)Ljava/lang/String; @ 74 c2
Event: 503.427 Thread 0x0000021beb01f8d0 DEOPT PACKING pc=0x0000021bda99eac0 sp=0x00000029297fa500
Event: 503.427 Thread 0x0000021beb01f8d0 DEOPT UNPACKING pc=0x0000021bda1d4422 sp=0x00000029297fa478 mode 2
Event: 505.525 Thread 0x0000021beb01f8d0 Uncommon trap: trap_request=0xffffffc6 fr.pc=0x0000021bdacec43c relative=0x00000000000001bc
Event: 505.525 Thread 0x0000021beb01f8d0 Uncommon trap: reason=bimorphic_or_optimized_type_check action=maybe_recompile pc=0x0000021bdacec43c method=org.gradle.internal.ImmutableActionSet.add(Lorg/gradle/api/Action;)Lorg/gradle/internal/ImmutableActionSet; @ 83 c2
Event: 505.525 Thread 0x0000021beb01f8d0 DEOPT PACKING pc=0x0000021bdacec43c sp=0x00000029297fae00
Event: 505.526 Thread 0x0000021beb01f8d0 DEOPT UNPACKING pc=0x0000021bda1d4422 sp=0x00000029297fad90 mode 2

Classes loaded (20 events):
Event: 446.390 Loading class java/lang/StringBeanInfo
Event: 446.390 Loading class java/lang/StringBeanInfo done
Event: 446.391 Loading class java/lang/StringCustomizer
Event: 446.391 Loading class java/lang/StringCustomizer done
Event: 446.392 Loading class java/lang/StringCustomizer
Event: 446.392 Loading class java/lang/StringCustomizer done
Event: 447.363 Loading class java/lang/EnumBeanInfo
Event: 447.363 Loading class java/lang/EnumBeanInfo done
Event: 447.365 Loading class java/lang/EnumBeanInfo
Event: 447.365 Loading class java/lang/EnumBeanInfo done
Event: 447.438 Loading class java/lang/EnumCustomizer
Event: 447.444 Loading class java/lang/EnumCustomizer done
Event: 447.448 Loading class java/lang/EnumCustomizer
Event: 447.448 Loading class java/lang/EnumCustomizer done
Event: 452.321 Loading class java/lang/AbstractMethodError
Event: 452.323 Loading class java/lang/AbstractMethodError done
Event: 452.809 Loading class java/util/TreeMap$KeySpliterator
Event: 452.815 Loading class java/util/TreeMap$KeySpliterator done
Event: 501.047 Loading class java/io/NotSerializableException
Event: 501.056 Loading class java/io/NotSerializableException done

Classes unloaded (1 events):
Event: 138.347 Thread 0x0000021be5d4c170 Unloading class 0x0000021b81898c00 'java/lang/invoke/LambdaForm$DMH+0x0000021b81898c00'

Classes redefined (0 events):
No events

Internal exceptions (20 events):
Event: 446.654 Thread 0x0000021beb01f8d0 Exception <a 'java/lang/ClassNotFoundException'{0x00000000c8a3c578}: org/gradle/api/internal/artifacts/dsl/dependencies/DefaultDependencyHandlerCustomizer> (0x00000000c8a3c578) 
thrown [s\src\hotspot\share\classfile\systemDictionary.cpp, line 313]
Event: 446.664 Thread 0x0000021beb01f8d0 Exception <a 'java/lang/ClassNotFoundException'{0x00000000c8a95ba8}: org/gradle/api/internal/artifacts/dsl/dependencies/DefaultDependencyHandler_DecoratedCustomizer> (0x00000000c8a95ba8) 
thrown [s\src\hotspot\share\classfile\systemDictionary.cpp, line 313]
Event: 447.361 Thread 0x0000021beb01f8d0 Exception <a 'java/lang/ClassNotFoundException'{0x00000000c8aec8f8}: org/gradle/api/JavaVersionBeanInfo> (0x00000000c8aec8f8) 
thrown [s\src\hotspot\share\classfile\systemDictionary.cpp, line 313]
Event: 447.428 Thread 0x0000021beb01f8d0 Exception <a 'java/lang/ClassNotFoundException'{0x00000000c8af3ee8}: java/lang/EnumBeanInfo> (0x00000000c8af3ee8) 
thrown [s\src\hotspot\share\classfile\systemDictionary.cpp, line 313]
Event: 447.448 Thread 0x0000021beb01f8d0 Exception <a 'java/lang/ClassNotFoundException'{0x00000000c8afb560}: java/lang/EnumCustomizer> (0x00000000c8afb560) 
thrown [s\src\hotspot\share\classfile\systemDictionary.cpp, line 313]
Event: 447.499 Thread 0x0000021beb01f8d0 Exception <a 'java/lang/ClassNotFoundException'{0x00000000c891a738}: org/gradle/api/JavaVersionCustomizer> (0x00000000c891a738) 
thrown [s\src\hotspot\share\classfile\systemDictionary.cpp, line 313]
Event: 447.560 Thread 0x0000021beb01f8d0 Exception <a 'java/lang/ClassNotFoundException'{0x00000000c8969ae0}: org/gradle/api/plugins/internal/DefaultJavaPluginExtension_DecoratedBeanInfo> (0x00000000c8969ae0) 
thrown [s\src\hotspot\share\classfile\systemDictionary.cpp, line 313]
Event: 447.572 Thread 0x0000021beb01f8d0 Exception <a 'java/lang/ClassNotFoundException'{0x00000000c897f4c0}: org/gradle/api/plugins/internal/DefaultJavaPluginExtensionBeanInfo> (0x00000000c897f4c0) 
thrown [s\src\hotspot\share\classfile\systemDictionary.cpp, line 313]
Event: 447.780 Thread 0x0000021beb01f8d0 Exception <a 'java/lang/ClassNotFoundException'{0x00000000c89950e8}: org/gradle/api/plugins/internal/DefaultJavaPluginExtensionCustomizer> (0x00000000c89950e8) 
thrown [s\src\hotspot\share\classfile\systemDictionary.cpp, line 313]
Event: 447.837 Thread 0x0000021beb01f8d0 Exception <a 'java/lang/ClassNotFoundException'{0x00000000c89cc568}: org/gradle/api/plugins/internal/DefaultJavaPluginExtension_DecoratedCustomizer> (0x00000000c89cc568) 
thrown [s\src\hotspot\share\classfile\systemDictionary.cpp, line 313]
Event: 467.456 Thread 0x0000021beb01f8d0 Implicit null exception at 0x0000021bda93d8f9 to 0x0000021bda93d924
Event: 467.457 Thread 0x0000021beb01f8d0 Implicit null exception at 0x0000021bdad3c599 to 0x0000021bdad3ce14
Event: 482.532 Thread 0x0000021beb01f8d0 Implicit null exception at 0x0000021bdadec93e to 0x0000021bdadeca80
Event: 486.047 Thread 0x0000021beb01f8d0 Implicit null exception at 0x0000021bdadf1047 to 0x0000021bdadf11eb
Event: 486.964 Thread 0x0000021beb01f8d0 Implicit null exception at 0x0000021bdae011c7 to 0x0000021bdae0136b
Event: 491.032 Thread 0x0000021beb01f8d0 Implicit null exception at 0x0000021bdae1b29f to 0x0000021bdae1b8e8
Event: 495.536 Thread 0x0000021beb01f8d0 Implicit null exception at 0x0000021bdae371d2 to 0x0000021bdae37800
Event: 500.462 Thread 0x0000021beb01f8d0 Implicit null exception at 0x0000021bdae46e57 to 0x0000021bdae470bc
Event: 500.511 Thread 0x0000021beb01f8d0 Implicit null exception at 0x0000021bdae48588 to 0x0000021bdae48844
Event: 500.512 Thread 0x0000021beb01f8d0 Implicit null exception at 0x0000021bdae478a2 to 0x0000021bdae47c00

ZGC Phase Switch (0 events):
No events

VM Operations (20 events):
Event: 493.939 Executing safepoint VM operation: G1CollectForAllocation (G1 Evacuation Pause) done
Event: 495.066 Executing safepoint VM operation: Cleanup
Event: 495.209 Executing safepoint VM operation: Cleanup done
Event: 496.220 Executing safepoint VM operation: Cleanup
Event: 496.283 Executing safepoint VM operation: Cleanup done
Event: 497.290 Executing safepoint VM operation: Cleanup
Event: 497.384 Executing safepoint VM operation: Cleanup done
Event: 498.393 Executing safepoint VM operation: Cleanup
Event: 498.717 Executing safepoint VM operation: Cleanup done
Event: 499.726 Executing safepoint VM operation: Cleanup
Event: 499.742 Executing safepoint VM operation: Cleanup done
Event: 500.751 Executing safepoint VM operation: Cleanup
Event: 500.752 Executing safepoint VM operation: Cleanup done
Event: 502.949 Executing non-safepoint VM operation: HandshakeAllThreads (Deoptimize)
Event: 502.951 Executing non-safepoint VM operation: HandshakeAllThreads (Deoptimize) done
Event: 503.955 Executing safepoint VM operation: Cleanup
Event: 503.970 Executing safepoint VM operation: Cleanup done
Event: 504.979 Executing safepoint VM operation: Cleanup
Event: 505.074 Executing safepoint VM operation: Cleanup done
Event: 506.074 Executing safepoint VM operation: Cleanup

Memory protections (0 events):
No events

Nmethod flushes (20 events):
Event: 397.988 Thread 0x0000021be5d4c170 flushing  nmethod 0x0000021bdaa0a090
Event: 397.989 Thread 0x0000021be5d4c170 flushing  nmethod 0x0000021bdaacd710
Event: 397.989 Thread 0x0000021be5d4c170 flushing  nmethod 0x0000021bdac2a190
Event: 397.989 Thread 0x0000021be5d4c170 flushing  nmethod 0x0000021bdac7b090
Event: 397.990 Thread 0x0000021be5d4c170 flushing  nmethod 0x0000021bd2d0d490
Event: 397.990 Thread 0x0000021be5d4c170 flushing  nmethod 0x0000021bd2da4890
Event: 397.990 Thread 0x0000021be5d4c170 flushing  nmethod 0x0000021bd2dcb710
Event: 397.990 Thread 0x0000021be5d4c170 flushing  nmethod 0x0000021bd2ea1e90
Event: 397.990 Thread 0x0000021be5d4c170 flushing  nmethod 0x0000021bd2f06590
Event: 397.990 Thread 0x0000021be5d4c170 flushing  nmethod 0x0000021bd3072c10
Event: 397.990 Thread 0x0000021be5d4c170 flushing  nmethod 0x0000021bd335c110
Event: 397.990 Thread 0x0000021be5d4c170 flushing  nmethod 0x0000021bd352f210
Event: 397.990 Thread 0x0000021be5d4c170 flushing  nmethod 0x0000021bd359de10
Event: 397.990 Thread 0x0000021be5d4c170 flushing  nmethod 0x0000021bd3634910
Event: 397.990 Thread 0x0000021be5d4c170 flushing  nmethod 0x0000021bd3728190
Event: 397.991 Thread 0x0000021be5d4c170 flushing  nmethod 0x0000021bd372b690
Event: 397.991 Thread 0x0000021be5d4c170 flushing  nmethod 0x0000021bd37b3010
Event: 397.991 Thread 0x0000021be5d4c170 flushing  nmethod 0x0000021bd37b4190
Event: 397.991 Thread 0x0000021be5d4c170 flushing  nmethod 0x0000021bd3815e90
Event: 397.991 Thread 0x0000021be5d4c170 flushing  nmethod 0x0000021bd381b710

Events (20 events):
Event: 126.883 Thread 0x0000021beb01f8d0 Thread added: 0x0000021beec37a60
Event: 126.889 Thread 0x0000021beb01f8d0 Thread added: 0x0000021beec36020
Event: 126.901 Thread 0x0000021beb01f8d0 Thread added: 0x0000021beec35300
Event: 126.904 Thread 0x0000021beb01f8d0 Thread added: 0x0000021beec38780
Event: 127.165 Thread 0x0000021beb01f8d0 Thread added: 0x0000021beec380f0
Event: 127.166 Thread 0x0000021beb01f8d0 Thread added: 0x0000021beec39b30
Event: 127.167 Thread 0x0000021beb01f8d0 Thread added: 0x0000021beec38e10
Event: 127.168 Thread 0x0000021beb01f8d0 Thread added: 0x0000021beec394a0
Event: 127.169 Thread 0x0000021beb01f8d0 Thread added: 0x0000021beec373d0
Event: 127.170 Thread 0x0000021beb01f8d0 Thread added: 0x0000021beec366b0
Event: 127.171 Thread 0x0000021beb01f8d0 Thread added: 0x0000021beec3a1c0
Event: 159.478 Thread 0x0000021beb01f8d0 Thread added: 0x0000021beec3b570
Event: 204.604 Thread 0x0000021beb01f8d0 Thread added: 0x0000021beec3bc00
Event: 237.964 Thread 0x0000021beb01d170 Thread exited: 0x0000021beb01d170
Event: 269.627 Thread 0x0000021beb01e520 Thread added: 0x0000021beec3c290
Event: 294.062 Thread 0x0000021beb01f8d0 Thread added: 0x0000021bef17a6c0
Event: 343.245 Thread 0x0000021beec3c290 Thread exited: 0x0000021beec3c290
Event: 399.445 Thread 0x0000021beb01e520 Thread added: 0x0000021bef9ff4f0
Event: 399.962 Thread 0x0000021beb01f8d0 Thread added: 0x0000021bef9fe140
Event: 405.674 Thread 0x0000021beb01f8d0 Thread added: 0x0000021bef9fcd90


Dynamic libraries:
0x00007ff67f770000 - 0x00007ff67f77e000 	C:\Users\LENOVO\.antigravity-ide\extensions\redhat.java-1.56.0-win32-x64\jre\21.0.12.1-win32-x86_64\bin\java.exe
0x00007ffba7f40000 - 0x00007ffba81a7000 	C:\WINDOWS\SYSTEM32\ntdll.dll
0x00007ffba6070000 - 0x00007ffba613b000 	C:\WINDOWS\System32\KERNEL32.DLL
0x00007ffba5490000 - 0x00007ffba5892000 	C:\WINDOWS\System32\KERNELBASE.dll
0x00007ffba5140000 - 0x00007ffba528c000 	C:\WINDOWS\System32\ucrtbase.dll
0x00007ffb5f0d0000 - 0x00007ffb5f0e8000 	C:\Users\LENOVO\.antigravity-ide\extensions\redhat.java-1.56.0-win32-x64\jre\21.0.12.1-win32-x86_64\bin\jli.dll
0x00007ffba5e00000 - 0x00007ffba5fcf000 	C:\WINDOWS\System32\USER32.dll
0x00007ffb5edd0000 - 0x00007ffb5edee000 	C:\Users\LENOVO\.antigravity-ide\extensions\redhat.java-1.56.0-win32-x64\jre\21.0.12.1-win32-x86_64\bin\VCRUNTIME140.dll
0x00007ffb8ec40000 - 0x00007ffb8eed0000 	C:\WINDOWS\WinSxS\amd64_microsoft.windows.common-controls_6595b64144ccf1df_6.0.26100.9278_none_3e0d1ba8e3303201\COMCTL32.dll
0x00007ffba6840000 - 0x00007ffba68e9000 	C:\WINDOWS\System32\msvcrt.dll
0x00007ffba5d80000 - 0x00007ffba5dab000 	C:\WINDOWS\System32\GDI32.dll
0x00007ffba59e0000 - 0x00007ffba5a07000 	C:\WINDOWS\System32\win32u.dll
0x00007ffba52a0000 - 0x00007ffba53c9000 	C:\WINDOWS\System32\gdi32full.dll
0x00007ffba5930000 - 0x00007ffba59d3000 	C:\WINDOWS\System32\msvcp_win.dll
0x00007ffba5dc0000 - 0x00007ffba5df1000 	C:\WINDOWS\System32\IMM32.DLL
0x00007ffb5f430000 - 0x00007ffb5f43c000 	C:\Users\LENOVO\.antigravity-ide\extensions\redhat.java-1.56.0-win32-x64\jre\21.0.12.1-win32-x86_64\bin\vcruntime140_1.dll
0x00007ffb53490000 - 0x00007ffb5351d000 	C:\Users\LENOVO\.antigravity-ide\extensions\redhat.java-1.56.0-win32-x64\jre\21.0.12.1-win32-x86_64\bin\msvcp140.dll
0x00007ffaf7420000 - 0x00007ffaf81c2000 	C:\Users\LENOVO\.antigravity-ide\extensions\redhat.java-1.56.0-win32-x64\jre\21.0.12.1-win32-x86_64\bin\server\jvm.dll
0x00007ffba66f0000 - 0x00007ffba67ac000 	C:\WINDOWS\System32\ADVAPI32.dll
0x00007ffba7e30000 - 0x00007ffba7ed9000 	C:\WINDOWS\System32\sechost.dll
0x00007ffba5c60000 - 0x00007ffba5d78000 	C:\WINDOWS\System32\RPCRT4.dll
0x00007ffba7090000 - 0x00007ffba7110000 	C:\WINDOWS\System32\WS2_32.dll
0x00007ffba4f90000 - 0x00007ffba4fee000 	C:\WINDOWS\SYSTEM32\POWRPROF.dll
0x00007ffb983b0000 - 0x00007ffb983e6000 	C:\WINDOWS\SYSTEM32\WINMM.dll
0x00007ffb93ff0000 - 0x00007ffb93ffb000 	C:\WINDOWS\SYSTEM32\VERSION.dll
0x00007ffba4f70000 - 0x00007ffba4f85000 	C:\WINDOWS\SYSTEM32\UMPDC.dll
0x00007ffba3dd0000 - 0x00007ffba3deb000 	C:\WINDOWS\SYSTEM32\kernel.appcore.dll
0x00007ffb5f420000 - 0x00007ffb5f42a000 	C:\Users\LENOVO\.antigravity-ide\extensions\redhat.java-1.56.0-win32-x64\jre\21.0.12.1-win32-x86_64\bin\jimage.dll
0x00007ffba2480000 - 0x00007ffba26cc000 	C:\WINDOWS\SYSTEM32\DBGHELP.DLL
0x00007ffba7950000 - 0x00007ffba7cd5000 	C:\WINDOWS\System32\combase.dll
0x00007ffba62c0000 - 0x00007ffba6399000 	C:\WINDOWS\System32\OLEAUT32.dll
0x00007ffb8c4f0000 - 0x00007ffb8c52b000 	C:\WINDOWS\SYSTEM32\dbgcore.DLL
0x00007ffba5a10000 - 0x00007ffba5abc000 	C:\WINDOWS\System32\bcryptPrimitives.dll
0x00007ffb89e90000 - 0x00007ffb89e9f000 	C:\Users\LENOVO\.antigravity-ide\extensions\redhat.java-1.56.0-win32-x64\jre\21.0.12.1-win32-x86_64\bin\instrument.dll
0x00007ffb5e8f0000 - 0x00007ffb5e910000 	C:\Users\LENOVO\.antigravity-ide\extensions\redhat.java-1.56.0-win32-x64\jre\21.0.12.1-win32-x86_64\bin\java.dll
0x00007ffba68f0000 - 0x00007ffba7088000 	C:\WINDOWS\System32\SHELL32.dll
0x00007ffba2b60000 - 0x00007ffba340e000 	C:\WINDOWS\SYSTEM32\windows.storage.dll
0x00007ffba7d30000 - 0x00007ffba7e2b000 	C:\WINDOWS\System32\SHCORE.dll
0x00007ffba67d0000 - 0x00007ffba6836000 	C:\WINDOWS\System32\shlwapi.dll
0x00007ffba5060000 - 0x00007ffba5089000 	C:\WINDOWS\SYSTEM32\profapi.dll
0x00007ffb5e8d0000 - 0x00007ffb5e8e8000 	C:\Users\LENOVO\.antigravity-ide\extensions\redhat.java-1.56.0-win32-x64\jre\21.0.12.1-win32-x86_64\bin\zip.dll
0x00007ffb5f370000 - 0x00007ffb5f380000 	C:\Users\LENOVO\.antigravity-ide\extensions\redhat.java-1.56.0-win32-x64\jre\21.0.12.1-win32-x86_64\bin\net.dll
0x00007ffb9d7d0000 - 0x00007ffb9d8fa000 	C:\WINDOWS\SYSTEM32\WINHTTP.dll
0x00007ffba4370000 - 0x00007ffba43dc000 	C:\WINDOWS\system32\mswsock.dll
0x00007ffb5e8b0000 - 0x00007ffb5e8c6000 	C:\Users\LENOVO\.antigravity-ide\extensions\redhat.java-1.56.0-win32-x64\jre\21.0.12.1-win32-x86_64\bin\nio.dll
0x00007ffb5eac0000 - 0x00007ffb5ead0000 	C:\Users\LENOVO\.antigravity-ide\extensions\redhat.java-1.56.0-win32-x64\jre\21.0.12.1-win32-x86_64\bin\verify.dll
0x00007ffb5f380000 - 0x00007ffb5f3a7000 	C:\Users\LENOVO\.gradle\native\1def1411415f61bf3af743bc5b6707747c0891f09f0c88961ee8f79bc544acac\windows-amd64\native-platform.dll
0x00007ffb5c3d0000 - 0x00007ffb5c448000 	C:\Users\LENOVO\.gradle\native\0.2.7\x86_64-windows-gnu\gradle-fileevents.dll
0x00007ffb5eb10000 - 0x00007ffb5eb1a000 	C:\Users\LENOVO\.antigravity-ide\extensions\redhat.java-1.56.0-win32-x64\jre\21.0.12.1-win32-x86_64\bin\management.dll
0x00007ffb5eb00000 - 0x00007ffb5eb0c000 	C:\Users\LENOVO\.antigravity-ide\extensions\redhat.java-1.56.0-win32-x64\jre\21.0.12.1-win32-x86_64\bin\management_ext.dll
0x00007ffba5db0000 - 0x00007ffba5db8000 	C:\WINDOWS\System32\PSAPI.DLL
0x00007ffba3780000 - 0x00007ffba37b3000 	C:\WINDOWS\SYSTEM32\IPHLPAPI.DLL
0x00007ffba7120000 - 0x00007ffba712a000 	C:\WINDOWS\System32\NSI.dll
0x00007ffb5e780000 - 0x00007ffb5e789000 	C:\Users\LENOVO\.antigravity-ide\extensions\redhat.java-1.56.0-win32-x64\jre\21.0.12.1-win32-x86_64\bin\extnet.dll
0x00007ffba4790000 - 0x00007ffba47ab000 	C:\WINDOWS\SYSTEM32\CRYPTSP.dll
0x00007ffba3d30000 - 0x00007ffba3d69000 	C:\WINDOWS\system32\rsaenh.dll
0x00007ffba4420000 - 0x00007ffba4454000 	C:\WINDOWS\SYSTEM32\USERENV.dll
0x00007ffba5030000 - 0x00007ffba505a000 	C:\WINDOWS\SYSTEM32\bcrypt.dll
0x00007ffba45d0000 - 0x00007ffba45dc000 	C:\WINDOWS\SYSTEM32\CRYPTBASE.dll
0x00007ffb5e790000 - 0x00007ffb5e79e000 	C:\Users\LENOVO\.antigravity-ide\extensions\redhat.java-1.56.0-win32-x64\jre\21.0.12.1-win32-x86_64\bin\sunmscapi.dll
0x00007ffba5ad0000 - 0x00007ffba5c4e000 	C:\WINDOWS\System32\CRYPT32.dll
0x00007ffba4900000 - 0x00007ffba4930000 	C:\WINDOWS\SYSTEM32\ncrypt.dll
0x00007ffba48b0000 - 0x00007ffba48ef000 	C:\WINDOWS\SYSTEM32\NTASN1.dll
0x00007ffb987d0000 - 0x00007ffb987d8000 	C:\WINDOWS\system32\wshunix.dll

JVMTI agents:
C:\Users\LENOVO\.gradle\wrapper\dists\gradle-8.14-bin\38aieal9i53h9rfe7vjup95b9\gradle-8.14\lib\agents\gradle-instrumentation-agent-8.14.jar path:C:\Users\LENOVO\.antigravity-ide\extensions\redhat.java-1.56.0-win32-x64\jre\21.0.12.1-win32-x86_64\bin\instrument.dll, loaded, initialized, instrumentlib options:none

dbghelp: loaded successfully - version: 4.0.5 - missing functions: none
symbol engine: initialized successfully - sym options: 0x614 - pdb path: .;C:\Users\LENOVO\.antigravity-ide\extensions\redhat.java-1.56.0-win32-x64\jre\21.0.12.1-win32-x86_64\bin;C:\WINDOWS\SYSTEM32;C:\WINDOWS\WinSxS\amd64_microsoft.windows.common-controls_6595b64144ccf1df_6.0.26100.9278_none_3e0d1ba8e3303201;C:\Users\LENOVO\.antigravity-ide\extensions\redhat.java-1.56.0-win32-x64\jre\21.0.12.1-win32-x86_64\bin\server;C:\Users\LENOVO\.gradle\native\1def1411415f61bf3af743bc5b6707747c0891f09f0c88961ee8f79bc544acac\windows-amd64;C:\Users\LENOVO\.gradle\native\0.2.7\x86_64-windows-gnu

VM Arguments:
jvm_args: --add-opens=java.base/java.lang=ALL-UNNAMED --add-opens=java.base/java.lang.invoke=ALL-UNNAMED --add-opens=java.base/java.util=ALL-UNNAMED --add-opens=java.prefs/java.util.prefs=ALL-UNNAMED --add-exports=jdk.compiler/com.sun.tools.javac.api=ALL-UNNAMED --add-exports=jdk.compiler/com.sun.tools.javac.util=ALL-UNNAMED --add-opens=java.base/java.util=ALL-UNNAMED --add-opens=java.prefs/java.util.prefs=ALL-UNNAMED --add-opens=java.base/java.nio.charset=ALL-UNNAMED --add-opens=java.base/java.net=ALL-UNNAMED --add-opens=java.base/java.util.concurrent.atomic=ALL-UNNAMED --add-opens=java.xml/javax.xml.namespace=ALL-UNNAMED -Xmx1024m -Dfile.encoding=UTF-8 -Duser.country=US -Duser.language=en -Duser.variant -javaagent:C:\Users\LENOVO\.gradle\wrapper\dists\gradle-8.14-bin\38aieal9i53h9rfe7vjup95b9\gradle-8.14\lib\agents\gradle-instrumentation-agent-8.14.jar 
java_command: org.gradle.launcher.daemon.bootstrap.GradleDaemon 8.14
java_class_path (initial): C:\Users\LENOVO\.gradle\wrapper\dists\gradle-8.14-bin\38aieal9i53h9rfe7vjup95b9\gradle-8.14\lib\gradle-daemon-main-8.14.jar
Launcher Type: SUN_STANDARD

[Global flags]
     intx CICompilerCount                          = 4                                         {product} {ergonomic}
     uint ConcGCThreads                            = 2                                         {product} {ergonomic}
     uint G1ConcRefinementThreads                  = 8                                         {product} {ergonomic}
   size_t G1HeapRegionSize                         = 1048576                                   {product} {ergonomic}
    uintx GCDrainStackTargetSize                   = 64                                        {product} {ergonomic}
   size_t InitialHeapSize                          = 98566144                                  {product} {ergonomic}
   size_t MarkStackSize                            = 4194304                                   {product} {ergonomic}
   size_t MaxHeapSize                              = 1073741824                                {product} {command line}
   size_t MaxNewSize                               = 643825664                                 {product} {ergonomic}
   size_t MinHeapDeltaBytes                        = 1048576                                   {product} {ergonomic}
   size_t MinHeapSize                              = 8388608                                   {product} {ergonomic}
    uintx NonNMethodCodeHeapSize                   = 5839372                                {pd product} {ergonomic}
    uintx NonProfiledCodeHeapSize                  = 122909434                              {pd product} {ergonomic}
    uintx ProfiledCodeHeapSize                     = 122909434                              {pd product} {ergonomic}
    uintx ReservedCodeCacheSize                    = 251658240                              {pd product} {ergonomic}
     bool SegmentedCodeCache                       = true                                      {product} {ergonomic}
   size_t SoftMaxHeapSize                          = 1073741824                             {manageable} {ergonomic}
     bool UseCompressedOops                        = true                           {product lp64_product} {ergonomic}
     bool UseG1GC                                  = true                                      {product} {ergonomic}
     bool UseLargePagesIndividualAllocation        = false                                  {pd product} {ergonomic}

Logging:
Log output configuration:
 #0: stdout all=warning uptime,level,tags foldmultilines=false
 #1: stderr all=off uptime,level,tags foldmultilines=false

Release file:
JAVA_VERSION="21.0.12.1" 
MODULES="java.base java.compiler java.datatransfer java.xml java.prefs java.desktop java.instrument java.logging java.management java.security.sasl java.naming java.rmi java.management.rmi java.net.http java.scripting java.security.jgss java.transaction.xa java.sql java.sql.rowset java.xml.crypto java.se java.smartcardio jdk.accessibility jdk.internal.jvmstat jdk.attach jdk.charsets jdk.internal.opt jdk.zipfs jdk.compiler jdk.crypto.ec jdk.crypto.cryptoki jdk.crypto.mscapi jdk.dynalink jdk.internal.ed jdk.editpad jdk.hotspot.agent jdk.httpserver jdk.internal.le jdk.internal.vm.ci jdk.internal.vm.compiler jdk.internal.vm.compiler.management jdk.jartool jdk.javadoc jdk.jcmd jdk.management jdk.management.agent jdk.jconsole jdk.jdeps jdk.jdwp.agent jdk.jdi jdk.jfr jdk.jshell jdk.jsobject jdk.jstatd jdk.localedata jdk.management.jfr jdk.naming.dns jdk.naming.rmi jdk.net jdk.nio.mapmode jdk.random jdk.sctp jdk.security.auth jdk.security.jgss jdk.unsupported jdk.unsupported.desktop jdk.xml.dom" 

Environment Variables:
JAVA_HOME=C:\Program Files\Android\Android Studio\jbr
PATH=C:\WINDOWS\system32;C:\WINDOWS;C:\WINDOWS\System32\Wbem;C:\WINDOWS\System32\WindowsPowerShell\v1.0\;C:\WINDOWS\System32\OpenSSH\;C:\Program Files\Docker\Docker\resources\bin;C:\Program Files\nodejs\;C:\Program Files\Git\cmd;C:\Users\LENOVO\AppData\Local\Programs\Python\Python312\Scripts\;C:\Users\LENOVO\AppData\Local\Programs\Python\Python312\;C:\Users\LENOVO\AppData\Local\Programs\Python\Launcher\;C:\Users\LENOVO\AppData\Local\Programs\Python\Python314\Scripts\;C:\Users\LENOVO\AppData\Local\Programs\Python\Python314\;C:\Users\LENOVO\AppData\Local\Microsoft\WindowsApps;C:\Users\LENOVO\AppData\Local\Programs\Antigravity\bin;C:\Users\LENOVO\AppData\Roaming\npm;C:\ScrcpyLauncher by praveen;C:\Users\LENOVO\AppData\Local\PowerToys\DSCModules\;C:\Users\LENOVO\AppData\Local\Programs\Antigravity IDE\bin
USERNAME=LENOVO
OS=Windows_NT
PROCESSOR_IDENTIFIER=AMD64 Family 23 Model 160 Stepping 0, AuthenticAMD
TMP=C:\Users\LENOVO\AppData\Local\Temp
TEMP=C:\Users\LENOVO\AppData\Local\Temp




Periodic native trim disabled

---------------  S Y S T E M  ---------------

OS:
 Windows 11 , 64 bit Build 26100 (10.0.26100.9444)
OS uptime: 9 days 14:22 hours
Hyper-V role detected

CPU: total 8 (initial active 8) (8 cores per cpu, 2 threads per core) family 23 model 160 stepping 0 microcode 0x8a0000a, cx8, cmov, fxsr, ht, mmx, 3dnowpref, sse, sse2, sse3, ssse3, sse4a, sse4.1, sse4.2, popcnt, lzcnt, tsc, tscinvbit, avx, avx2, aes, clmul, bmi1, bmi2, adx, sha, fma, vzeroupper, clflush, clflushopt, hv, rdtscp, rdpid, f16c
Processor Information for the first 8 processors :
  Max Mhz: 2401, Current Mhz: 2401, Mhz Limit: 2401

Memory: 4k page, system-wide physical 5965M (165M free)
TotalPageFile size 24397M (AvailPageFile size 2M)
current process WorkingSet (physical memory assigned to process): 132M, peak: 203M
current process commit charge ("private bytes"): 462M, peak: 465M

vm_info: OpenJDK 64-Bit Server VM (21.0.12.1+1-LTS) for windows-amd64 JRE (21.0.12.1+1-LTS), built on 2026-08-18T00:00:00Z by "admin" with MS VC++ 17.12 (VS2022)

END.
