#
# There is insufficient memory for the Java Runtime Environment to continue.
# Native memory allocation (malloc) failed to allocate 15120792 bytes. Error detail: Chunk::new
# Possible reasons:
#   The system is out of physical RAM or swap space
#   This process is running with CompressedOops enabled, and the Java Heap may be blocking the growth of the native heap
# Possible solutions:
#   Reduce memory load on the system
#   Increase physical memory or swap space
#   Check if swap backing store is full
#   Decrease Java heap size (-Xmx/-Xms)
#   Decrease number of Java threads
#   Decrease Java thread stack sizes (-Xss)
#   Set larger code cache with -XX:ReservedCodeCacheSize=
#   JVM is running with Unscaled Compressed Oops mode in which the Java heap is
#     placed in the first 4GB address space. The Java Heap base address is the
#     maximum limit for the native heap growth. Please use -XX:HeapBaseMinAddress
#     to set the Java Heap base and to place the Java Heap above 4GB virtual address.
# This output file may be truncated or incomplete.
#
#  Out of Memory Error (arena.cpp:186), pid=3080, tid=27952
#
# JRE version: OpenJDK Runtime Environment Temurin-25.0.3+9 (25.0.3+9) (build 25.0.3+9-LTS)
# Java VM: OpenJDK 64-Bit Server VM Temurin-25.0.3+9 (25.0.3+9-LTS, mixed mode, sharing, tiered, compressed oops, compressed class ptrs, g1 gc, windows-amd64)
# No core dump will be written. Minidumps are not enabled by default on client versions of Windows
#

---------------  S U M M A R Y ------------

Command Line: --add-opens=java.base/java.lang=ALL-UNNAMED --add-opens=java.base/java.lang.invoke=ALL-UNNAMED --add-opens=java.base/java.util=ALL-UNNAMED --add-opens=java.prefs/java.util.prefs=ALL-UNNAMED --add-exports=jdk.compiler/com.sun.tools.javac.api=ALL-UNNAMED --add-exports=jdk.compiler/com.sun.tools.javac.util=ALL-UNNAMED --add-opens=java.base/java.util=ALL-UNNAMED --add-opens=java.prefs/java.util.prefs=ALL-UNNAMED --add-opens=java.base/java.nio.charset=ALL-UNNAMED --add-opens=java.base/java.net=ALL-UNNAMED --add-opens=java.base/java.util.concurrent.atomic=ALL-UNNAMED --add-opens=java.xml/javax.xml.namespace=ALL-UNNAMED --enable-native-access=ALL-UNNAMED -Xmx1024m -Dfile.encoding=UTF-8 -Duser.country=US -Duser.language=en -Duser.variant -javaagent:C:\Users\LENOVO\.gradle\wrapper\dists\gradle-8.14-bin\38aieal9i53h9rfe7vjup95b9\gradle-8.14\lib\agents\gradle-instrumentation-agent-8.14.jar org.gradle.launcher.daemon.bootstrap.GradleDaemon 8.14

Host: AMD Ryzen 3 7320U with Radeon Graphics         , 8 cores, 5G,  Windows 11 , 64 bit Build 26100 (10.0.26100.9444)
Time: Mon Sep 28 12:53:26 2026 Nepal Standard Time elapsed time: 60.162856 seconds (0d 0h 1m 0s)

---------------  T H R E A D  ---------------

Current thread (0x00000161fae2aad0):  JavaThread "C2 CompilerThread0" daemon [_thread_in_native, id=27952, stack(0x0000004a17e00000,0x0000004a17f00000) (1024K)]


Current CompileTask:
C2:60162 4313   !   4       java.lang.ClassLoader::loadClass (121 bytes)

Stack: [0x0000004a17e00000,0x0000004a17f00000]
Native frames: (J=compiled Java code, j=interpreted, Vv=VM code, C=native code)
V  [jvm.dll+0x7aa709]  (no source info available)
V  [jvm.dll+0x7749ed]  (no source info available)
V  [jvm.dll+0x9f7433]  (no source info available)
V  [jvm.dll+0x9f9a21]  (no source info available)
V  [jvm.dll+0x9fa133]  (no source info available)
V  [jvm.dll+0x2fd266]  (no source info available)
V  [jvm.dll+0x1113c6]  (no source info available)
V  [jvm.dll+0x1116ee]  (no source info available)
V  [jvm.dll+0x1a0342]  (no source info available)
V  [jvm.dll+0x3b67e2]  (no source info available)
V  [jvm.dll+0x7b007c]  (no source info available)
V  [jvm.dll+0x2c0847]  (no source info available)
V  [jvm.dll+0x2bf80f]  (no source info available)
V  [jvm.dll+0x2374a0]  (no source info available)
V  [jvm.dll+0x2cf906]  (no source info available)
V  [jvm.dll+0x2cdb8a]  (no source info available)
V  [jvm.dll+0x49070e]  (no source info available)
V  [jvm.dll+0x99894d]  (no source info available)
V  [jvm.dll+0x7a8ce5]  (no source info available)
C  [ucrtbase.dll+0x2cd30]  (no source info available)
C  [KERNEL32.DLL+0x2cd87]  (no source info available)
C  [ntdll.dll+0xacaec]  (no source info available)

Lock stack of current Java thread (top to bottom):


---------------  P R O C E S S  ---------------

Threads class SMR info:
_java_thread_list=0x00000161903c2a40, length=33, elements={
0x00000161ee12ff70, 0x00000161fae1d610, 0x00000161fae1ed40, 0x00000161fae22880,
0x00000161fae24450, 0x00000161fae25010, 0x00000161fae25bd0, 0x00000161fae2aad0,
0x00000161fae2f240, 0x00000161ff157f50, 0x00000161ff1ed5a0, 0x00000161fae71890,
0x000001618f66e280, 0x000001618f4fff90, 0x000001618f2e5940, 0x000001618f36cb00,
0x000001618f6a8860, 0x00000161ffa9b040, 0x00000161ffa99100, 0x00000161ffa9bfe0,
0x00000161ffa9cf80, 0x000001618ffdd410, 0x000001618ffdeb80, 0x000001618ffdf350,
0x000001618ffde3b0, 0x000001618ffddbe0, 0x000001618ffe31d0, 0x000001618ffe2230,
0x000001619038ac40, 0x0000016190388d00, 0x0000016190387d60, 0x000001619038a470,
0x00000161903894d0
}

Java Threads: ( => current thread )
  0x00000161ee12ff70 JavaThread "main"                              [_thread_blocked, id=20824, stack(0x0000004a17000000,0x0000004a17100000) (1024K)]
  0x00000161fae1d610 JavaThread "Reference Handler"          daemon [_thread_blocked, id=16828, stack(0x0000004a17800000,0x0000004a17900000) (1024K)]
  0x00000161fae1ed40 JavaThread "Finalizer"                  daemon [_thread_blocked, id=6428, stack(0x0000004a17900000,0x0000004a17a00000) (1024K)]
  0x00000161fae22880 JavaThread "Signal Dispatcher"          daemon [_thread_blocked, id=12056, stack(0x0000004a17a00000,0x0000004a17b00000) (1024K)]
  0x00000161fae24450 JavaThread "Attach Listener"            daemon [_thread_blocked, id=14392, stack(0x0000004a17b00000,0x0000004a17c00000) (1024K)]
  0x00000161fae25010 JavaThread "Service Thread"             daemon [_thread_blocked, id=28224, stack(0x0000004a17c00000,0x0000004a17d00000) (1024K)]
  0x00000161fae25bd0 JavaThread "Monitor Deflation Thread"   daemon [_thread_blocked, id=21128, stack(0x0000004a17d00000,0x0000004a17e00000) (1024K)]
=>0x00000161fae2aad0 JavaThread "C2 CompilerThread0"         daemon [_thread_in_native, id=27952, stack(0x0000004a17e00000,0x0000004a17f00000) (1024K)]
  0x00000161fae2f240 JavaThread "C1 CompilerThread0"         daemon [_thread_in_native, id=10660, stack(0x0000004a17f00000,0x0000004a18000000) (1024K)]
  0x00000161ff157f50 JavaThread "Common-Cleaner"             daemon [_thread_blocked, id=30876, stack(0x0000004a18000000,0x0000004a18100000) (1024K)]
  0x00000161ff1ed5a0 JavaThread "Notification Thread"        daemon [_thread_blocked, id=13356, stack(0x0000004a18100000,0x0000004a18200000) (1024K)]
  0x00000161fae71890 JavaThread "Daemon health stats"               [_thread_blocked, id=2984, stack(0x0000004a18300000,0x0000004a18400000) (1024K)]
  0x000001618f66e280 JavaThread "Incoming local TCP Connector on port 37644"        [_thread_in_native, id=17696, stack(0x0000004a18400000,0x0000004a18500000) (1024K)]
  0x000001618f4fff90 JavaThread "Daemon periodic checks"            [_thread_blocked, id=29420, stack(0x0000004a18500000,0x0000004a18600000) (1024K)]
  0x000001618f2e5940 JavaThread "Daemon"                            [_thread_blocked, id=10368, stack(0x0000004a18600000,0x0000004a18700000) (1024K)]
  0x000001618f36cb00 JavaThread "Handler for socket connection from /127.0.0.1:37644 to /127.0.0.1:37645"        [_thread_in_native, id=13636, stack(0x0000004a18700000,0x0000004a18800000) (1024K)]
  0x000001618f6a8860 JavaThread "Cancel handler"                    [_thread_blocked, id=25576, stack(0x0000004a18800000,0x0000004a18900000) (1024K)]
  0x00000161ffa9b040 JavaThread "Daemon worker"                     [_thread_in_Java, id=6688, stack(0x0000004a18900000,0x0000004a18a00000) (1024K)]
  0x00000161ffa99100 JavaThread "Asynchronous log dispatcher for DefaultDaemonConnection: socket connection from /127.0.0.1:37644 to /127.0.0.1:37645"        [_thread_blocked, id=13720, stack(0x0000004a18a00000,0x0000004a18b00000) (1024K)]
  0x00000161ffa9bfe0 JavaThread "Stdin handler"                     [_thread_blocked, id=26536, stack(0x0000004a18b00000,0x0000004a18c00000) (1024K)]
  0x00000161ffa9cf80 JavaThread "Daemon client event forwarder"        [_thread_blocked, id=14128, stack(0x0000004a18c00000,0x0000004a18d00000) (1024K)]
  0x000001618ffdd410 JavaThread "Cache worker for journal cache (C:\Users\LENOVO\.gradle\caches\journal-1)"        [_thread_blocked, id=19828, stack(0x0000004a19300000,0x0000004a19400000) (1024K)]
  0x000001618ffdeb80 JavaThread "File lock request listener"        [_thread_in_native, id=24960, stack(0x0000004a19400000,0x0000004a19500000) (1024K)]
  0x000001618ffdf350 JavaThread "Cache worker for file hash cache (C:\Users\LENOVO\.gradle\caches\8.14\fileHashes)"        [_thread_blocked, id=21944, stack(0x0000004a19500000,0x0000004a19600000) (1024K)]
  0x000001618ffde3b0 JavaThread "File lock release action executor"        [_thread_blocked, id=29972, stack(0x0000004a19600000,0x0000004a19700000) (1024K)]
  0x000001618ffddbe0 JavaThread "Cache worker for file hash cache (C:\Users\LENOVO\Desktop\HeliBoard-main\.gradle\8.14\fileHashes)"        [_thread_blocked, id=13272, stack(0x0000004a19800000,0x0000004a19900000) (1024K)]
  0x000001618ffe31d0 JavaThread "Cache worker for Build Output Cleanup Cache (C:\Users\LENOVO\Desktop\HeliBoard-main\.gradle\buildOutputCleanup)"        [_thread_blocked, id=18648, stack(0x0000004a19900000,0x0000004a19a00000) (1024K)]
  0x000001618ffe2230 JavaThread "File watcher server"        daemon [_thread_in_native, id=24548, stack(0x0000004a19a00000,0x0000004a19b00000) (1024K)]
  0x000001619038ac40 JavaThread "File watcher consumer"      daemon [_thread_blocked, id=19724, stack(0x0000004a19b00000,0x0000004a19c00000) (1024K)]
  0x0000016190388d00 JavaThread "jar transforms"                    [_thread_blocked, id=29876, stack(0x0000004a19c00000,0x0000004a19d00000) (1024K)]
  0x0000016190387d60 JavaThread "jar transforms Thread 2"           [_thread_blocked, id=8884, stack(0x0000004a19d00000,0x0000004a19e00000) (1024K)]
  0x000001619038a470 JavaThread "jar transforms Thread 3"           [_thread_blocked, id=20144, stack(0x0000004a19e00000,0x0000004a19f00000) (1024K)]
  0x00000161903894d0 JavaThread "jar transforms Thread 4"           [_thread_blocked, id=30444, stack(0x0000004a19f00000,0x0000004a1a000000) (1024K)]
Total: 33

Other Threads:
  0x00000161fae0e3b0 VMThread "VM Thread"                           [id=9872, stack(0x0000004a17700000,0x0000004a17800000) (1024K)]
  0x00000161fae0c0d0 WatcherThread "VM Periodic Task Thread"        [id=12748, stack(0x0000004a17600000,0x0000004a17700000) (1024K)]
  0x00000161ee171df0 WorkerThread "GC Thread#0"                     [id=9484, stack(0x0000004a17100000,0x0000004a17200000) (1024K)]
  0x000001618f61b0b0 WorkerThread "GC Thread#1"                     [id=23976, stack(0x0000004a18200000,0x0000004a18300000) (1024K)]
  0x000001618f2b2e00 WorkerThread "GC Thread#2"                     [id=3084, stack(0x0000004a18d00000,0x0000004a18e00000) (1024K)]
  0x000001618f2b36a0 WorkerThread "GC Thread#3"                     [id=10476, stack(0x0000004a18e00000,0x0000004a18f00000) (1024K)]
  0x000001618f2b4390 WorkerThread "GC Thread#4"                     [id=10580, stack(0x0000004a18f00000,0x0000004a19000000) (1024K)]
  0x000001618f2b4c30 WorkerThread "GC Thread#5"                     [id=10648, stack(0x0000004a19000000,0x0000004a19100000) (1024K)]
  0x000001618f2b5080 WorkerThread "GC Thread#6"                     [id=22020, stack(0x0000004a19100000,0x0000004a19200000) (1024K)]
  0x000001618f2b3af0 WorkerThread "GC Thread#7"                     [id=12032, stack(0x0000004a19200000,0x0000004a19300000) (1024K)]
  0x00000161ee17fcd0 ConcurrentGCThread "G1 Main Marker"            [id=20088, stack(0x0000004a17200000,0x0000004a17300000) (1024K)]
  0x00000161ee181560 WorkerThread "G1 Conc#0"                       [id=952, stack(0x0000004a17300000,0x0000004a17400000) (1024K)]
  0x000001618f2b3250 WorkerThread "G1 Conc#1"                       [id=25044, stack(0x0000004a19700000,0x0000004a19800000) (1024K)]
  0x00000161ee1cb750 ConcurrentGCThread "G1 Refine#0"               [id=21508, stack(0x0000004a17400000,0x0000004a17500000) (1024K)]
  0x00000161ee1cc160 ConcurrentGCThread "G1 Service"                [id=21528, stack(0x0000004a17500000,0x0000004a17600000) (1024K)]
Total: 15

Threads with active compile tasks:
C2 CompilerThread0  60444 4313   !   4       java.lang.ClassLoader::loadClass (121 bytes)
C1 CompilerThread0  60444 4640       3       java.util.stream.StreamSpliterators$AbstractWrappingSpliterator::doAdvance (106 bytes)
Total: 2

VM state: not at safepoint (normal execution)

VM Mutex/Monitor currently owned by a thread: None

Heap address: 0x00000000c0000000, size: 1024 MB, Compressed Oops mode: 32-bit

CDS archive(s) mapped at: [0x0000000015000000-0x0000000015dd0000-0x0000000015dd0000), size 14483456, SharedBaseAddress: 0x0000000015000000, ArchiveRelocationMode: 1.
Compressed class space mapped at: 0x0000000016000000-0x0000000056000000, reserved size: 1073741824
UseCompressedClassPointers 1, UseCompactObjectHeaders 0
Narrow klass pointer bits 32, Max shift 3
Narrow klass base: 0x0000000015000000, Narrow klass shift: 0
Encoding Range: [0x0000000015000000 - 0x0000000115000000), (4294967296 bytes)
Klass Range:    [0x0000000015010000 - 0x0000000056000000), (1090453504 bytes)
Klass ID Range:  [65536 - 1090519033) (1090453497)
Protection zone: [0x0000000015000000 - 0x0000000015010000), (65536 bytes)

GC Precious Log:
 CardTable entry size: 512
 Card Set container configuration: InlinePtr #cards 5 size 8 Array Of Cards #cards 10 size 36 Howl #buckets 4 coarsen threshold 1843 Howl Bitmap #cards 512 size 80 coarsen threshold 460 Card regions per heap region 1 cards per card region 2048
 CPUs: 8 total, 8 available
 Memory: 5965M
 Large Page Support: Disabled
 NUMA Support: Disabled
 Compressed Oops: Enabled (32-bit)
 Heap Region Size: 1M
 Heap Min Capacity: 8M
 Heap Initial Capacity: 94M
 Heap Max Capacity: 1G
 Pre-touch: Disabled
 Parallel Workers: 8
 Concurrent Workers: 2
 Concurrent Refinement Workers: 8
 Periodic GC: Disabled

Heap:
 garbage-first heap   total reserved 1048576K, committed 89088K, used 42791K [0x00000000c0000000, 0x0000000100000000)
  region size 1024K, 15 young (15360K), 3 survivors (3072K)

Heap Regions: E=young(eden), S=young(survivor), O=old, HS=humongous(starts), HC=humongous(continues), CS=collection set, F=free, TAMS=top-at-mark-start, PB=parsable bottom
|   0|0x00000000c0000000, 0x00000000c0100000, 0x00000000c0100000|100%|HS|  |TAMS 0x00000000c0000000| PB 0x00000000c0000000| Complete |  0
|   1|0x00000000c0100000, 0x00000000c0200000, 0x00000000c0200000|100%|HC|  |TAMS 0x00000000c0100000| PB 0x00000000c0100000| Complete |  0
|   2|0x00000000c0200000, 0x00000000c0300000, 0x00000000c0300000|100%|HC|  |TAMS 0x00000000c0200000| PB 0x00000000c0200000| Complete |  0
|   3|0x00000000c0300000, 0x00000000c0400000, 0x00000000c0400000|100%| O|  |TAMS 0x00000000c0300000| PB 0x00000000c0300000| Untracked |  0
|   4|0x00000000c0400000, 0x00000000c0500000, 0x00000000c0500000|100%| O|  |TAMS 0x00000000c0400000| PB 0x00000000c0400000| Untracked |  0
|   5|0x00000000c0500000, 0x00000000c0600000, 0x00000000c0600000|100%| O|  |TAMS 0x00000000c0500000| PB 0x00000000c0500000| Untracked |  0
|   6|0x00000000c0600000, 0x00000000c0700000, 0x00000000c0700000|100%| O|  |TAMS 0x00000000c0600000| PB 0x00000000c0600000| Untracked |  0
|   7|0x00000000c0700000, 0x00000000c0800000, 0x00000000c0800000|100%| O|  |TAMS 0x00000000c0700000| PB 0x00000000c0700000| Untracked |  0
|   8|0x00000000c0800000, 0x00000000c0900000, 0x00000000c0900000|100%| O|  |TAMS 0x00000000c0800000| PB 0x00000000c0800000| Untracked |  0
|   9|0x00000000c0900000, 0x00000000c0a00000, 0x00000000c0a00000|100%| O|  |TAMS 0x00000000c0900000| PB 0x00000000c0900000| Untracked |  0
|  10|0x00000000c0a00000, 0x00000000c0b00000, 0x00000000c0b00000|100%| O|  |TAMS 0x00000000c0a00000| PB 0x00000000c0a00000| Untracked |  0
|  11|0x00000000c0b00000, 0x00000000c0c00000, 0x00000000c0c00000|100%|HS|  |TAMS 0x00000000c0b00000| PB 0x00000000c0b00000| Complete |  0
|  12|0x00000000c0c00000, 0x00000000c0d00000, 0x00000000c0d00000|100%| O|  |TAMS 0x00000000c0c00000| PB 0x00000000c0c00000| Untracked |  0
|  13|0x00000000c0d00000, 0x00000000c0e00000, 0x00000000c0e00000|100%| O|  |TAMS 0x00000000c0d00000| PB 0x00000000c0d00000| Untracked |  0
|  14|0x00000000c0e00000, 0x00000000c0f00000, 0x00000000c0f00000|100%| O|  |TAMS 0x00000000c0e00000| PB 0x00000000c0e00000| Untracked |  0
|  15|0x00000000c0f00000, 0x00000000c1000000, 0x00000000c1000000|100%| O|  |TAMS 0x00000000c0f00000| PB 0x00000000c0f00000| Untracked |  0
|  16|0x00000000c1000000, 0x00000000c1100000, 0x00000000c1100000|100%| O|  |TAMS 0x00000000c1000000| PB 0x00000000c1000000| Untracked |  0
|  17|0x00000000c1100000, 0x00000000c1200000, 0x00000000c1200000|100%| O|  |TAMS 0x00000000c1100000| PB 0x00000000c1100000| Untracked |  0
|  18|0x00000000c1200000, 0x00000000c1300000, 0x00000000c1300000|100%| O|  |TAMS 0x00000000c1200000| PB 0x00000000c1200000| Untracked |  0
|  19|0x00000000c1300000, 0x00000000c133d7c0, 0x00000000c1400000| 24%| O|  |TAMS 0x00000000c1300000| PB 0x00000000c1300000| Untracked |  0
|  20|0x00000000c1400000, 0x00000000c1500000, 0x00000000c1500000|100%| O|  |TAMS 0x00000000c1400000| PB 0x00000000c1400000| Untracked |  0
|  21|0x00000000c1500000, 0x00000000c1600000, 0x00000000c1600000|100%| O|  |TAMS 0x00000000c1500000| PB 0x00000000c1500000| Untracked |  0
|  22|0x00000000c1600000, 0x00000000c1700000, 0x00000000c1700000|100%| O|  |TAMS 0x00000000c1600000| PB 0x00000000c1600000| Untracked |  0
|  23|0x00000000c1700000, 0x00000000c1800000, 0x00000000c1800000|100%| O|  |TAMS 0x00000000c1700000| PB 0x00000000c1700000| Untracked |  0
|  24|0x00000000c1800000, 0x00000000c1900000, 0x00000000c1900000|100%| O|  |TAMS 0x00000000c1800000| PB 0x00000000c1800000| Untracked |  0
|  25|0x00000000c1900000, 0x00000000c1a00000, 0x00000000c1a00000|100%| O|  |TAMS 0x00000000c1900000| PB 0x00000000c1900000| Untracked |  0
|  26|0x00000000c1a00000, 0x00000000c1b00000, 0x00000000c1b00000|100%| O|  |TAMS 0x00000000c1a00000| PB 0x00000000c1a00000| Untracked |  0
|  27|0x00000000c1b00000, 0x00000000c1b00000, 0x00000000c1c00000|  0%| F|  |TAMS 0x00000000c1b00000| PB 0x00000000c1b00000| Untracked |  0
|  28|0x00000000c1c00000, 0x00000000c1c00000, 0x00000000c1d00000|  0%| F|  |TAMS 0x00000000c1c00000| PB 0x00000000c1c00000| Untracked |  0
|  29|0x00000000c1d00000, 0x00000000c1d00000, 0x00000000c1e00000|  0%| F|  |TAMS 0x00000000c1d00000| PB 0x00000000c1d00000| Untracked |  0
|  30|0x00000000c1e00000, 0x00000000c1e00000, 0x00000000c1f00000|  0%| F|  |TAMS 0x00000000c1e00000| PB 0x00000000c1e00000| Untracked |  0
|  31|0x00000000c1f00000, 0x00000000c1f00000, 0x00000000c2000000|  0%| F|  |TAMS 0x00000000c1f00000| PB 0x00000000c1f00000| Untracked |  0
|  32|0x00000000c2000000, 0x00000000c2000000, 0x00000000c2100000|  0%| F|  |TAMS 0x00000000c2000000| PB 0x00000000c2000000| Untracked |  0
|  33|0x00000000c2100000, 0x00000000c2200000, 0x00000000c2200000|100%| O|  |TAMS 0x00000000c2100000| PB 0x00000000c2100000| Untracked |  0
|  34|0x00000000c2200000, 0x00000000c2216340, 0x00000000c2300000|  8%| O|  |TAMS 0x00000000c2200000| PB 0x00000000c2200000| Untracked |  0
|  35|0x00000000c2300000, 0x00000000c2300000, 0x00000000c2400000|  0%| F|  |TAMS 0x00000000c2300000| PB 0x00000000c2300000| Untracked |  0
|  36|0x00000000c2400000, 0x00000000c2400000, 0x00000000c2500000|  0%| F|  |TAMS 0x00000000c2400000| PB 0x00000000c2400000| Untracked |  0
|  37|0x00000000c2500000, 0x00000000c2500000, 0x00000000c2600000|  0%| F|  |TAMS 0x00000000c2500000| PB 0x00000000c2500000| Untracked |  0
|  38|0x00000000c2600000, 0x00000000c2600000, 0x00000000c2700000|  0%| F|  |TAMS 0x00000000c2600000| PB 0x00000000c2600000| Untracked |  0
|  39|0x00000000c2700000, 0x00000000c2700000, 0x00000000c2800000|  0%| F|  |TAMS 0x00000000c2700000| PB 0x00000000c2700000| Untracked |  0
|  40|0x00000000c2800000, 0x00000000c2800000, 0x00000000c2900000|  0%| F|  |TAMS 0x00000000c2800000| PB 0x00000000c2800000| Untracked |  0
|  41|0x00000000c2900000, 0x00000000c2900000, 0x00000000c2a00000|  0%| F|  |TAMS 0x00000000c2900000| PB 0x00000000c2900000| Untracked |  0
|  42|0x00000000c2a00000, 0x00000000c2a76190, 0x00000000c2b00000| 46%| S|CS|TAMS 0x00000000c2a00000| PB 0x00000000c2a00000| Complete |  0
|  43|0x00000000c2b00000, 0x00000000c2c00000, 0x00000000c2c00000|100%| S|CS|TAMS 0x00000000c2b00000| PB 0x00000000c2b00000| Complete |  0
|  44|0x00000000c2c00000, 0x00000000c2d00000, 0x00000000c2d00000|100%| S|CS|TAMS 0x00000000c2c00000| PB 0x00000000c2c00000| Complete |  0
|  45|0x00000000c2d00000, 0x00000000c2d00000, 0x00000000c2e00000|  0%| F|  |TAMS 0x00000000c2d00000| PB 0x00000000c2d00000| Untracked |  0
|  46|0x00000000c2e00000, 0x00000000c2e00000, 0x00000000c2f00000|  0%| F|  |TAMS 0x00000000c2e00000| PB 0x00000000c2e00000| Untracked |  0
|  47|0x00000000c2f00000, 0x00000000c2f00000, 0x00000000c3000000|  0%| F|  |TAMS 0x00000000c2f00000| PB 0x00000000c2f00000| Untracked |  0
|  48|0x00000000c3000000, 0x00000000c3000000, 0x00000000c3100000|  0%| F|  |TAMS 0x00000000c3000000| PB 0x00000000c3000000| Untracked |  0
|  49|0x00000000c3100000, 0x00000000c3100000, 0x00000000c3200000|  0%| F|  |TAMS 0x00000000c3100000| PB 0x00000000c3100000| Untracked |  0
|  50|0x00000000c3200000, 0x00000000c3200000, 0x00000000c3300000|  0%| F|  |TAMS 0x00000000c3200000| PB 0x00000000c3200000| Untracked |  0
|  51|0x00000000c3300000, 0x00000000c3300000, 0x00000000c3400000|  0%| F|  |TAMS 0x00000000c3300000| PB 0x00000000c3300000| Untracked |  0
|  52|0x00000000c3400000, 0x00000000c3400000, 0x00000000c3500000|  0%| F|  |TAMS 0x00000000c3400000| PB 0x00000000c3400000| Untracked |  0
|  53|0x00000000c3500000, 0x00000000c3500000, 0x00000000c3600000|  0%| F|  |TAMS 0x00000000c3500000| PB 0x00000000c3500000| Untracked |  0
|  54|0x00000000c3600000, 0x00000000c3600000, 0x00000000c3700000|  0%| F|  |TAMS 0x00000000c3600000| PB 0x00000000c3600000| Untracked |  0
|  55|0x00000000c3700000, 0x00000000c3700000, 0x00000000c3800000|  0%| F|  |TAMS 0x00000000c3700000| PB 0x00000000c3700000| Untracked |  0
|  56|0x00000000c3800000, 0x00000000c3800000, 0x00000000c3900000|  0%| F|  |TAMS 0x00000000c3800000| PB 0x00000000c3800000| Untracked |  0
|  57|0x00000000c3900000, 0x00000000c3900000, 0x00000000c3a00000|  0%| F|  |TAMS 0x00000000c3900000| PB 0x00000000c3900000| Untracked |  0
|  58|0x00000000c3a00000, 0x00000000c3a00000, 0x00000000c3b00000|  0%| F|  |TAMS 0x00000000c3a00000| PB 0x00000000c3a00000| Untracked |  0
|  59|0x00000000c3b00000, 0x00000000c3b00000, 0x00000000c3c00000|  0%| F|  |TAMS 0x00000000c3b00000| PB 0x00000000c3b00000| Untracked |  0
|  60|0x00000000c3c00000, 0x00000000c3c00000, 0x00000000c3d00000|  0%| F|  |TAMS 0x00000000c3c00000| PB 0x00000000c3c00000| Untracked |  0
|  61|0x00000000c3d00000, 0x00000000c3d00000, 0x00000000c3e00000|  0%| F|  |TAMS 0x00000000c3d00000| PB 0x00000000c3d00000| Untracked |  0
|  62|0x00000000c3e00000, 0x00000000c3e00000, 0x00000000c3f00000|  0%| F|  |TAMS 0x00000000c3e00000| PB 0x00000000c3e00000| Untracked |  0
|  63|0x00000000c3f00000, 0x00000000c3f00000, 0x00000000c4000000|  0%| F|  |TAMS 0x00000000c3f00000| PB 0x00000000c3f00000| Untracked |  0
|  64|0x00000000c4000000, 0x00000000c4000000, 0x00000000c4100000|  0%| F|  |TAMS 0x00000000c4000000| PB 0x00000000c4000000| Untracked |  0
|  65|0x00000000c4100000, 0x00000000c4100000, 0x00000000c4200000|  0%| F|  |TAMS 0x00000000c4100000| PB 0x00000000c4100000| Untracked |  0
|  66|0x00000000c4200000, 0x00000000c4200000, 0x00000000c4300000|  0%| F|  |TAMS 0x00000000c4200000| PB 0x00000000c4200000| Untracked |  0
|  67|0x00000000c4300000, 0x00000000c4300000, 0x00000000c4400000|  0%| F|  |TAMS 0x00000000c4300000| PB 0x00000000c4300000| Untracked |  0
|  68|0x00000000c4400000, 0x00000000c4400000, 0x00000000c4500000|  0%| F|  |TAMS 0x00000000c4400000| PB 0x00000000c4400000| Untracked |  0
|  69|0x00000000c4500000, 0x00000000c4500000, 0x00000000c4600000|  0%| F|  |TAMS 0x00000000c4500000| PB 0x00000000c4500000| Untracked |  0
|  70|0x00000000c4600000, 0x00000000c4600000, 0x00000000c4700000|  0%| F|  |TAMS 0x00000000c4600000| PB 0x00000000c4600000| Untracked |  0
|  71|0x00000000c4700000, 0x00000000c4700000, 0x00000000c4800000|  0%| F|  |TAMS 0x00000000c4700000| PB 0x00000000c4700000| Untracked |  0
|  72|0x00000000c4800000, 0x00000000c4800000, 0x00000000c4900000|  0%| F|  |TAMS 0x00000000c4800000| PB 0x00000000c4800000| Untracked |  0
|  73|0x00000000c4900000, 0x00000000c4900000, 0x00000000c4a00000|  0%| F|  |TAMS 0x00000000c4900000| PB 0x00000000c4900000| Untracked |  0
|  74|0x00000000c4a00000, 0x00000000c4b00000, 0x00000000c4b00000|100%| E|  |TAMS 0x00000000c4a00000| PB 0x00000000c4a00000| Complete |  0
|  75|0x00000000c4b00000, 0x00000000c4c00000, 0x00000000c4c00000|100%| E|CS|TAMS 0x00000000c4b00000| PB 0x00000000c4b00000| Complete |  0
|  76|0x00000000c4c00000, 0x00000000c4d00000, 0x00000000c4d00000|100%| E|CS|TAMS 0x00000000c4c00000| PB 0x00000000c4c00000| Complete |  0
|  77|0x00000000c4d00000, 0x00000000c4e00000, 0x00000000c4e00000|100%| E|CS|TAMS 0x00000000c4d00000| PB 0x00000000c4d00000| Complete |  0
|  78|0x00000000c4e00000, 0x00000000c4f00000, 0x00000000c4f00000|100%| E|CS|TAMS 0x00000000c4e00000| PB 0x00000000c4e00000| Complete |  0
|  88|0x00000000c5800000, 0x00000000c5900000, 0x00000000c5900000|100%| E|CS|TAMS 0x00000000c5800000| PB 0x00000000c5800000| Complete |  0
|  89|0x00000000c5900000, 0x00000000c5a00000, 0x00000000c5a00000|100%| E|CS|TAMS 0x00000000c5900000| PB 0x00000000c5900000| Complete |  0
|  90|0x00000000c5a00000, 0x00000000c5b00000, 0x00000000c5b00000|100%| E|CS|TAMS 0x00000000c5a00000| PB 0x00000000c5a00000| Complete |  0
|  91|0x00000000c5b00000, 0x00000000c5c00000, 0x00000000c5c00000|100%| E|CS|TAMS 0x00000000c5b00000| PB 0x00000000c5b00000| Complete |  0
|  92|0x00000000c5c00000, 0x00000000c5d00000, 0x00000000c5d00000|100%| E|CS|TAMS 0x00000000c5c00000| PB 0x00000000c5c00000| Complete |  0
|  93|0x00000000c5d00000, 0x00000000c5e00000, 0x00000000c5e00000|100%| E|CS|TAMS 0x00000000c5d00000| PB 0x00000000c5d00000| Complete |  0
|1022|0x00000000ffe00000, 0x00000000fff00000, 0x00000000fff00000|100%| O|  |TAMS 0x00000000ffe00000| PB 0x00000000ffe00000| Untracked |  0
|1023|0x00000000fff00000, 0x0000000100000000, 0x0000000100000000|100%| E|CS|TAMS 0x00000000fff00000| PB 0x00000000fff00000| Complete |  0

Card table byte_map: [0x00000161f7270000,0x00000161f7470000] _byte_map_base: 0x00000161f6c70000

Marking Bits: (CMBitMap*) 0x00000161ee173390
 Bits: [0x00000161f7470000, 0x00000161f8470000)

Polling page: 0x00000161ec330000

Metaspace:
Metaspace        used 32259K, committed 33280K, reserved 1114112K
 class space     used 4835K, committed 5312K, reserved 1048576K

Usage:
  Non-class:     26.78 MB used.
      Class:      4.72 MB used.
       Both:     31.50 MB used.

Virtual space:
  Non-class space:       64.00 MB reserved,      27.31 MB ( 43%) committed,  1 nodes.
      Class space:        1.00 GB reserved,       5.19 MB ( <1%) committed,  1 nodes.
             Both:        1.06 GB reserved,      32.50 MB (  3%) committed. 

Chunk freelists:
   Non-Class:  4.33 MB
       Class:  10.86 MB
        Both:  15.19 MB

MaxMetaspaceSize: unlimited
CompressedClassSpaceSize: 1.00 GB
Initial GC threshold: 21.00 MB
Current GC threshold: 36.25 MB
CDS: on
 - commit_granule_bytes: 65536.
 - commit_granule_words: 8192.
 - virtual_space_node_default_size: 8388608.
 - enlarge_chunks_in_place: 1.
UseCompressedClassPointers 1, UseCompactObjectHeaders 0
Narrow klass pointer bits 32, Max shift 3
Narrow klass base: 0x0000000015000000, Narrow klass shift: 0
Encoding Range: [0x0000000015000000 - 0x0000000115000000), (4294967296 bytes)
Klass Range:    [0x0000000015010000 - 0x0000000056000000), (1090453504 bytes)
Klass ID Range:  [65536 - 1090519033) (1090453497)
Protection zone: [0x0000000015000000 - 0x0000000015010000), (65536 bytes)


Internal statistics:

num_allocs_failed_limit: 9.
num_arena_births: 1540.
num_arena_deaths: 0.
num_vsnodes_births: 2.
num_vsnodes_deaths: 0.
num_space_committed: 520.
num_space_uncommitted: 0.
num_chunks_returned_to_freelist: 9.
num_chunks_taken_from_freelist: 2799.
num_chunk_merges: 9.
num_chunk_splits: 1865.
num_chunks_enlarged: 1246.
num_inconsistent_stats: 0.

CodeHeap 'non-profiled nmethods': size=120064Kb used=1854Kb max_used=1854Kb free=118210Kb
 bounds [0x0000016187ae0000, 0x0000016187d50000, 0x000001618f020000]
CodeHeap 'profiled nmethods': size=120064Kb used=7230Kb max_used=7230Kb free=112834Kb
 bounds [0x0000016180000000, 0x0000016180710000, 0x0000016187540000]
CodeHeap 'non-nmethods': size=5760Kb used=1872Kb max_used=1998Kb free=3887Kb
 bounds [0x0000016187540000, 0x00000161877b0000, 0x0000016187ae0000]
CodeCache: size=245888Kb, used=10956Kb, max_used=11082Kb, free=234931Kb
 total_blobs=5348, nmethods=4615, adapters=633, full_count=0
Compilation: enabled, stopped_count=0, restarted_count=0

Compilation events (20 events):
Event: 60.142 Thread 0x00000161fae2f240 4519       1       jdk.internal.jrtfs.JrtPath::getFileSystem (5 bytes)
Event: 60.143 Thread 0x00000161fae2f240 nmethod 4519 0x0000016187cae008 code [0x0000016187cae100, 0x0000016187cae1c8]
Event: 60.143 Thread 0x00000161fae2f240 4521       2       jdk.internal.jrtfs.JrtPath::getResolvedPath (39 bytes)
Event: 60.145 Thread 0x00000161fae2f240 nmethod 4521 0x00000161806da908 code [0x00000161806daa00, 0x00000161806dad48]
Event: 60.145 Thread 0x00000161fae2f240 4523       2       java.util.stream.AbstractSpinedBuffer::count (31 bytes)
Event: 60.146 Thread 0x00000161fae2f240 nmethod 4523 0x00000161806dad88 code [0x00000161806dae80, 0x00000161806daff0]
Event: 60.146 Thread 0x00000161fae2f240 4524       1       java.util.stream.Sink::cancellationRequested (2 bytes)
Event: 60.146 Thread 0x00000161fae2f240 nmethod 4524 0x0000016187cae308 code [0x0000016187cae400, 0x0000016187cae4c8]
Event: 60.146 Thread 0x00000161fae2f240 4525       1       jdk.internal.jimage.ImageReader$Node::getNameString (5 bytes)
Event: 60.146 Thread 0x00000161fae2f240 nmethod 4525 0x0000016187cae608 code [0x0000016187cae700, 0x0000016187cae7c8]
Event: 60.146 Thread 0x00000161fae2f240 4526       1       jdk.internal.jimage.ImageReader$Resource::isCompleted (2 bytes)
Event: 60.146 Thread 0x00000161fae2f240 nmethod 4526 0x0000016187cae908 code [0x0000016187caea00, 0x0000016187caeac8]
Event: 60.146 Thread 0x00000161fae2f240 4527       1       jdk.internal.jimage.ImageReader$Node::isDirectory (2 bytes)
Event: 60.146 Thread 0x00000161fae2f240 nmethod 4527 0x0000016187caec08 code [0x0000016187caed00, 0x0000016187caedc8]
Event: 60.146 Thread 0x00000161fae2f240 4528       1       jdk.internal.jrtfs.JrtPath::toString (5 bytes)
Event: 60.146 Thread 0x00000161fae2f240 nmethod 4528 0x0000016187caef08 code [0x0000016187caf000, 0x0000016187caf0c8]
Event: 60.146 Thread 0x00000161fae2f240 4520       1       jdk.internal.jrtfs.JrtFileSystem::provider (5 bytes)
Event: 60.146 Thread 0x00000161fae2f240 nmethod 4520 0x0000016187caf208 code [0x0000016187caf300, 0x0000016187caf3c8]
Event: 60.146 Thread 0x00000161fae2f240 4522       1       jdk.internal.jimage.ImageReader$Node::isLink (2 bytes)
Event: 60.146 Thread 0x00000161fae2f240 nmethod 4522 0x0000016187caf508 code [0x0000016187caf600, 0x0000016187caf6c8]

GC Heap Usage History (14 events):
Event: 3.507 {heap Before GC invocations=0 (full 0):
 garbage-first heap   total reserved 1048576K, committed 98304K, used 52370K [0x00000000c0000000, 0x0000000100000000)
  region size 1024K, 47 young (48128K), 0 survivors (0K)
}
Event: 4.504 {heap After GC invocations=1 (full 0):
 garbage-first heap   total reserved 1048576K, committed 98304K, used 11282K [0x00000000c0000000, 0x0000000100000000)
  region size 1024K, 6 young (6144K), 6 survivors (6144K)
}
Event: 7.320 {heap Before GC invocations=1 (full 0):
 garbage-first heap   total reserved 1048576K, committed 98304K, used 48146K [0x00000000c0000000, 0x0000000100000000)
  region size 1024K, 42 young (43008K), 6 survivors (6144K)
}
Event: 7.352 {heap After GC invocations=2 (full 0):
 garbage-first heap   total reserved 1048576K, committed 98304K, used 13163K [0x00000000c0000000, 0x0000000100000000)
  region size 1024K, 2 young (2048K), 2 survivors (2048K)
}
Event: 18.289 {heap Before GC invocations=2 (full 0):
 garbage-first heap   total reserved 1048576K, committed 98304K, used 61291K [0x00000000c0000000, 0x0000000100000000)
  region size 1024K, 47 young (48128K), 2 survivors (2048K)
}
Event: 18.780 {heap After GC invocations=3 (full 0):
 garbage-first heap   total reserved 1048576K, committed 98304K, used 20699K [0x00000000c0000000, 0x0000000100000000)
  region size 1024K, 6 young (6144K), 6 survivors (6144K)
}
Event: 30.222 {heap Before GC invocations=3 (full 0):
 garbage-first heap   total reserved 1048576K, committed 98304K, used 64731K [0x00000000c0000000, 0x0000000100000000)
  region size 1024K, 50 young (51200K), 6 survivors (6144K)
}
Event: 30.241 {heap After GC invocations=4 (full 0):
 garbage-first heap   total reserved 1048576K, committed 98304K, used 23528K [0x00000000c0000000, 0x0000000100000000)
  region size 1024K, 3 young (3072K), 3 survivors (3072K)
}
Event: 33.549 {heap Before GC invocations=4 (full 0):
 garbage-first heap   total reserved 1048576K, committed 98304K, used 46056K [0x00000000c0000000, 0x0000000100000000)
  region size 1024K, 26 young (26624K), 3 survivors (3072K)
}
Event: 33.558 {heap After GC invocations=5 (full 0):
 garbage-first heap   total reserved 1048576K, committed 98304K, used 24968K [0x00000000c0000000, 0x0000000100000000)
  region size 1024K, 4 young (4096K), 4 survivors (4096K)
}
Event: 45.496 {heap Before GC invocations=6 (full 0):
 garbage-first heap   total reserved 1048576K, committed 89088K, used 73096K [0x00000000c0000000, 0x0000000100000000)
  region size 1024K, 52 young (53248K), 4 survivors (4096K)
}
Event: 45.521 {heap After GC invocations=7 (full 0):
 garbage-first heap   total reserved 1048576K, committed 89088K, used 28721K [0x00000000c0000000, 0x0000000100000000)
  region size 1024K, 6 young (6144K), 6 survivors (6144K)
}
Event: 60.076 {heap Before GC invocations=7 (full 0):
 garbage-first heap   total reserved 1048576K, committed 89088K, used 68657K [0x00000000c0000000, 0x0000000100000000)
  region size 1024K, 46 young (47104K), 6 survivors (6144K)
}
Event: 60.123 {heap After GC invocations=8 (full 0):
 garbage-first heap   total reserved 1048576K, committed 89088K, used 31527K [0x00000000c0000000, 0x0000000100000000)
  region size 1024K, 3 young (3072K), 3 survivors (3072K)
}

Metaspace Usage History (14 events):
Event: 3.507 {metaspace Before GC invocations=0 (full 0):
 Metaspace       used 4310K, committed 4480K, reserved 1114112K
  class space    used 556K, committed 640K, reserved 1048576K
}
Event: 4.504 {metaspace After GC invocations=1 (full 0):
 Metaspace       used 4310K, committed 4480K, reserved 1114112K
  class space    used 556K, committed 640K, reserved 1048576K
}
Event: 7.320 {metaspace Before GC invocations=1 (full 0):
 Metaspace       used 4369K, committed 4544K, reserved 1114112K
  class space    used 558K, committed 640K, reserved 1048576K
}
Event: 7.352 {metaspace After GC invocations=2 (full 0):
 Metaspace       used 4369K, committed 4544K, reserved 1114112K
  class space    used 558K, committed 640K, reserved 1048576K
}
Event: 18.289 {metaspace Before GC invocations=2 (full 0):
 Metaspace       used 11187K, committed 11456K, reserved 1114112K
  class space    used 1531K, committed 1664K, reserved 1048576K
}
Event: 18.780 {metaspace After GC invocations=3 (full 0):
 Metaspace       used 11187K, committed 11456K, reserved 1114112K
  class space    used 1531K, committed 1664K, reserved 1048576K
}
Event: 30.222 {metaspace Before GC invocations=3 (full 0):
 Metaspace       used 18100K, committed 18624K, reserved 1114112K
  class space    used 2642K, committed 2880K, reserved 1048576K
}
Event: 30.241 {metaspace After GC invocations=4 (full 0):
 Metaspace       used 18100K, committed 18624K, reserved 1114112K
  class space    used 2642K, committed 2880K, reserved 1048576K
}
Event: 33.549 {metaspace Before GC invocations=4 (full 0):
 Metaspace       used 20909K, committed 21504K, reserved 1114112K
  class space    used 3167K, committed 3456K, reserved 1048576K
}
Event: 33.558 {metaspace After GC invocations=5 (full 0):
 Metaspace       used 20909K, committed 21504K, reserved 1114112K
  class space    used 3167K, committed 3456K, reserved 1048576K
}
Event: 45.497 {metaspace Before GC invocations=6 (full 0):
 Metaspace       used 26147K, committed 27072K, reserved 1114112K
  class space    used 4008K, committed 4416K, reserved 1048576K
}
Event: 45.521 {metaspace After GC invocations=7 (full 0):
 Metaspace       used 26147K, committed 27072K, reserved 1114112K
  class space    used 4008K, committed 4416K, reserved 1048576K
}
Event: 60.077 {metaspace Before GC invocations=7 (full 0):
 Metaspace       used 32208K, committed 33216K, reserved 1114112K
  class space    used 4835K, committed 5312K, reserved 1048576K
}
Event: 60.123 {metaspace After GC invocations=8 (full 0):
 Metaspace       used 32208K, committed 33216K, reserved 1114112K
  class space    used 4835K, committed 5312K, reserved 1048576K
}

Dll operation events (14 events):
Event: 0.030 Loaded shared library C:\Users\LENOVO\AppData\Roaming\Antigravity\User\globalStorage\pleiades.java-extension-pack-jdk\java\25\bin\java.dll
Event: 0.201 Loaded shared library C:\Users\LENOVO\AppData\Roaming\Antigravity\User\globalStorage\pleiades.java-extension-pack-jdk\java\25\bin\zip.dll
Event: 0.210 Loaded shared library C:\Users\LENOVO\AppData\Roaming\Antigravity\User\globalStorage\pleiades.java-extension-pack-jdk\java\25\bin\instrument.dll
Event: 0.221 Loaded shared library C:\Users\LENOVO\AppData\Roaming\Antigravity\User\globalStorage\pleiades.java-extension-pack-jdk\java\25\bin\net.dll
Event: 0.230 Loaded shared library C:\Users\LENOVO\AppData\Roaming\Antigravity\User\globalStorage\pleiades.java-extension-pack-jdk\java\25\bin\nio.dll
Event: 0.237 Loaded shared library C:\Users\LENOVO\AppData\Roaming\Antigravity\User\globalStorage\pleiades.java-extension-pack-jdk\java\25\bin\zip.dll
Event: 1.119 Loaded shared library C:\Users\LENOVO\AppData\Roaming\Antigravity\User\globalStorage\pleiades.java-extension-pack-jdk\java\25\bin\jimage.dll
Event: 1.815 Loaded shared library C:\Users\LENOVO\AppData\Roaming\Antigravity\User\globalStorage\pleiades.java-extension-pack-jdk\java\25\bin\verify.dll
Event: 2.112 Loaded shared library C:\Users\LENOVO\.gradle\native\1def1411415f61bf3af743bc5b6707747c0891f09f0c88961ee8f79bc544acac\windows-amd64\native-platform.dll
Event: 2.151 Loaded shared library C:\Users\LENOVO\.gradle\native\0.2.7\x86_64-windows-gnu\gradle-fileevents.dll
Event: 10.054 Loaded shared library C:\Users\LENOVO\AppData\Roaming\Antigravity\User\globalStorage\pleiades.java-extension-pack-jdk\java\25\bin\management.dll
Event: 10.088 Loaded shared library C:\Users\LENOVO\AppData\Roaming\Antigravity\User\globalStorage\pleiades.java-extension-pack-jdk\java\25\bin\management_ext.dll
Event: 12.815 Loaded shared library C:\Users\LENOVO\AppData\Roaming\Antigravity\User\globalStorage\pleiades.java-extension-pack-jdk\java\25\bin\extnet.dll
Event: 15.676 Loaded shared library C:\Users\LENOVO\AppData\Roaming\Antigravity\User\globalStorage\pleiades.java-extension-pack-jdk\java\25\bin\sunmscapi.dll

Deoptimization events (20 events):
Event: 47.999 Thread 0x00000161ffa9b040 Uncommon trap: trap_request=0xffffffde fr.pc=0x0000016187aef2d4 relative=0x00000000000001d4
Event: 47.999 Thread 0x00000161ffa9b040 Uncommon trap: reason=class_check action=maybe_recompile pc=0x0000016187aef2d4 method=java.lang.String.equals(Ljava/lang/Object;)Z @ 8 c2
Event: 47.999 Thread 0x00000161ffa9b040 DEOPT PACKING pc=0x0000016187aef2d4 sp=0x0000004a189f9f00
Event: 47.999 Thread 0x00000161ffa9b040 DEOPT UNPACKING pc=0x0000016187660c82 sp=0x0000004a189f9e98 mode 2
Event: 49.152 Thread 0x000001618ffdd410 Uncommon trap: trap_request=0xffffffde fr.pc=0x0000016187c61f94 relative=0x0000000000000b94
Event: 49.152 Thread 0x000001618ffdd410 Uncommon trap: reason=class_check action=maybe_recompile pc=0x0000016187c61f94 method=java.io.BufferedInputStream.read([BII)I @ 100 c2
Event: 49.152 Thread 0x000001618ffdd410 DEOPT PACKING pc=0x0000016187c61f94 sp=0x0000004a193fe4f0
Event: 49.152 Thread 0x000001618ffdd410 DEOPT UNPACKING pc=0x0000016187660c82 sp=0x0000004a193fe4a8 mode 2
Event: 56.533 Thread 0x000001618ffdf350 Uncommon trap: trap_request=0xffffffde fr.pc=0x0000016187c61f94 relative=0x0000000000000b94
Event: 56.533 Thread 0x000001618ffdf350 Uncommon trap: reason=class_check action=maybe_recompile pc=0x0000016187c61f94 method=java.io.BufferedInputStream.read([BII)I @ 100 c2
Event: 56.534 Thread 0x000001618ffdf350 DEOPT PACKING pc=0x0000016187c61f94 sp=0x0000004a195fe7b0
Event: 56.534 Thread 0x000001618ffdf350 DEOPT UNPACKING pc=0x0000016187660c82 sp=0x0000004a195fe768 mode 2
Event: 58.198 Thread 0x00000161ffa9b040 Uncommon trap: trap_request=0xffffffde fr.pc=0x0000016187aef2d4 relative=0x00000000000001d4
Event: 58.198 Thread 0x00000161ffa9b040 Uncommon trap: reason=class_check action=maybe_recompile pc=0x0000016187aef2d4 method=java.lang.String.equals(Ljava/lang/Object;)Z @ 8 c2
Event: 58.198 Thread 0x00000161ffa9b040 DEOPT PACKING pc=0x0000016187aef2d4 sp=0x0000004a189f7720
Event: 58.200 Thread 0x00000161ffa9b040 DEOPT UNPACKING pc=0x0000016187660c82 sp=0x0000004a189f76b8 mode 2
Event: 59.688 Thread 0x00000161ffa9b040 Uncommon trap: trap_request=0xffffffc6 fr.pc=0x0000016187c2f030 relative=0x0000000000002a30
Event: 59.688 Thread 0x00000161ffa9b040 Uncommon trap: reason=bimorphic_or_optimized_type_check action=maybe_recompile pc=0x0000016187c2f030 method=java.net.URL.<init>(Ljava/net/URL;Ljava/lang/String;Ljava/net/URLStreamHandler;)V @ 484 c2
Event: 59.688 Thread 0x00000161ffa9b040 DEOPT PACKING pc=0x0000016187c2f030 sp=0x0000004a189f5fb0
Event: 59.689 Thread 0x00000161ffa9b040 DEOPT UNPACKING pc=0x0000016187660c82 sp=0x0000004a189f5f20 mode 2

Classes loaded (20 events):
Event: 60.022 Loading class jdk/internal/jimage/ImageReader$Directory
Event: 60.023 Loading class jdk/internal/jimage/ImageReader$Node
Event: 60.023 Loading class jdk/internal/jimage/ImageReader$Node done
Event: 60.024 Loading class jdk/internal/jimage/ImageReader$Directory done
Event: 60.024 Loading class jdk/internal/jrtfs/SystemImage$1
Event: 60.024 Loading class jdk/internal/jrtfs/SystemImage$1 done
Event: 60.029 Loading class jdk/internal/jimage/ImageReader$SharedImageReader$LocationVisitor
Event: 60.030 Loading class jdk/internal/jimage/ImageReader$SharedImageReader$LocationVisitor done
Event: 60.031 Loading class java/nio/ByteBufferAsIntBufferL
Event: 60.039 Loading class java/nio/ByteBufferAsIntBufferL done
Event: 60.048 Loading class jdk/internal/jrtfs/JrtFileAttributes
Event: 60.049 Loading class jdk/internal/jrtfs/JrtFileAttributes done
Event: 60.050 Loading class jdk/internal/jrtfs/JrtDirectoryStream
Event: 60.050 Loading class jdk/internal/jrtfs/JrtDirectoryStream done
Event: 60.056 Loading class jdk/internal/jrtfs/JrtDirectoryStream$1
Event: 60.056 Loading class jdk/internal/jrtfs/JrtDirectoryStream$1 done
Event: 60.061 Loading class java/util/function/BooleanSupplier
Event: 60.062 Loading class java/util/function/BooleanSupplier done
Event: 60.066 Loading class jdk/internal/jimage/ImageReader$Resource
Event: 60.067 Loading class jdk/internal/jimage/ImageReader$Resource done

Classes unloaded (0 events):
No events

Classes redefined (0 events):
No events

Internal exceptions (20 events):
Event: 45.374 Thread 0x00000161ffa9b040 Exception <a 'java/lang/NoSuchMethodError'{0x00000000c22ece00}: static Lorg/gradle/tooling/internal/consumer/connection/InternalPhasedActionAdapter;.<clinit>()V> (0x00000000c22ece00) 
thrown [s\src\hotspot\share\prims\jni.cpp, line 1106]
Event: 45.399 Thread 0x00000161ffa9b040 Exception <a 'java/lang/NoSuchMethodError'{0x00000000c2115c50}: static Lorg/gradle/tooling/internal/consumer/connection/InternalBuildActionAdapter;.<clinit>()V> (0x00000000c2115c50) 
thrown [s\src\hotspot\share\prims\jni.cpp, line 1106]
Event: 45.609 Thread 0x00000161ffa9b040 Exception <a 'java/lang/NoSuchMethodError'{0x00000000c5dac9a8}: static Lorg/gradle/tooling/internal/consumer/versioning/VersionDetails;.<clinit>()V> (0x00000000c5dac9a8) 
thrown [s\src\hotspot\share\prims\jni.cpp, line 1106]
Event: 45.616 Thread 0x00000161ffa9b040 Exception <a 'java/lang/NoSuchMethodError'{0x00000000c5daf448}: static Lorg/gradle/tooling/internal/consumer/versioning/VersionDetails$R26VersionDetails;.<clinit>()V> (0x00000000c5daf448) 
thrown [s\src\hotspot\share\prims\jni.cpp, line 1106]
Event: 45.619 Thread 0x00000161ffa9b040 Exception <a 'java/lang/NoSuchMethodError'{0x00000000c5db0b00}: static Lorg/gradle/tooling/internal/consumer/versioning/VersionDetails$R28VersionDetails;.<clinit>()V> (0x00000000c5db0b00) 
thrown [s\src\hotspot\share\prims\jni.cpp, line 1106]
Event: 45.619 Thread 0x00000161ffa9b040 Exception <a 'java/lang/NoSuchMethodError'{0x00000000c5db20f8}: static Lorg/gradle/tooling/internal/consumer/versioning/VersionDetails$R35VersionDetails;.<clinit>()V> (0x00000000c5db20f8) 
thrown [s\src\hotspot\share\prims\jni.cpp, line 1106]
Event: 45.619 Thread 0x00000161ffa9b040 Exception <a 'java/lang/NoSuchMethodError'{0x00000000c5db35f8}: static Lorg/gradle/tooling/internal/consumer/versioning/VersionDetails$R44VersionDetails;.<clinit>()V> (0x00000000c5db35f8) 
thrown [s\src\hotspot\share\prims\jni.cpp, line 1106]
Event: 45.619 Thread 0x00000161ffa9b040 Exception <a 'java/lang/NoSuchMethodError'{0x00000000c5db4a40}: static Lorg/gradle/tooling/internal/consumer/versioning/VersionDetails$R48VersionDetails;.<clinit>()V> (0x00000000c5db4a40) 
thrown [s\src\hotspot\share\prims\jni.cpp, line 1106]
Event: 45.620 Thread 0x00000161ffa9b040 Exception <a 'java/lang/NoSuchMethodError'{0x00000000c5db5d28}: static Lorg/gradle/tooling/internal/consumer/versioning/VersionDetails$R51VersionDetails;.<clinit>()V> (0x00000000c5db5d28) 
thrown [s\src\hotspot\share\prims\jni.cpp, line 1106]
Event: 45.630 Thread 0x00000161ffa9b040 Exception <a 'java/lang/NoSuchMethodError'{0x00000000c5dc4d90}: static [Lorg/gradle/tooling/BuildAction;.<clinit>()V> (0x00000000c5dc4d90) 
thrown [s\src\hotspot\share\prims\jni.cpp, line 1106]
Event: 45.635 Thread 0x00000161ffa9b040 Exception <a 'java/lang/NoSuchMethodError'{0x00000000c5dd2208}: static Lorg/eclipse/buildship/core/internal/workspace/TellGradleToRunSynchronizationTasks;.<clinit>()V> (0x00000000c5dd2208) 
thrown [s\src\hotspot\share\prims\jni.cpp, line 1106]
Event: 46.973 Thread 0x00000161ffa9b040 Exception <a 'java/lang/NoSuchMethodError'{0x00000000c4bd27b8}: 'void java.lang.invoke.DirectMethodHandle$Holder.invokeInterface(java.lang.Object, java.lang.Object, java.lang.Object, java.lang.Object, java.lang.Object)'> (0x00000000c4bd27b8) 
thrown [s\src\hotspot\share\interpreter\linkResolver.cpp, line 804]
Event: 47.008 Thread 0x00000161ffa9b040 Exception <a 'java/lang/NoSuchMethodError'{0x00000000c4a23aa8}: 'void java.lang.invoke.DirectMethodHandle$Holder.invokeStatic(java.lang.Object, java.lang.Object, java.lang.Object, java.lang.Object, java.lang.Object, java.lang.Object)'> (0x00000000c4a23aa8) 
thrown [s\src\hotspot\share\interpreter\linkResolver.cpp, line 804]
Event: 48.294 Thread 0x00000161ffa9b040 Exception <a 'java/lang/IncompatibleClassChangeError'{0x00000000c43b6060}: Found class java.lang.Object, but interface was expected> (0x00000000c43b6060) 
thrown [s\src\hotspot\share\interpreter\linkResolver.cpp, line 871]
Event: 56.604 Thread 0x00000161ffa9b040 Exception <a 'java/lang/NoSuchMethodError'{0x00000000c3f17018}: 'java.lang.Object java.lang.invoke.DirectMethodHandle$Holder.invokeVirtual(java.lang.Object, java.lang.Object, int)'> (0x00000000c3f17018) 
thrown [s\src\hotspot\share\interpreter\linkResolver.cpp, line 804]
Event: 56.653 Thread 0x00000161ffa9b040 Exception <a 'java/lang/NoSuchMethodError'{0x00000000c3f76e98}: 'void java.lang.invoke.DirectMethodHandle$Holder.invokeStatic(java.lang.Object, java.lang.Object, java.lang.Object, int)'> (0x00000000c3f76e98) 
thrown [s\src\hotspot\share\interpreter\linkResolver.cpp, line 804]
Event: 57.546 Thread 0x00000161ffa9b040 Exception <a 'java/lang/IncompatibleClassChangeError'{0x00000000c3ce5ef0}: Found class java.lang.Object, but interface was expected> (0x00000000c3ce5ef0) 
thrown [s\src\hotspot\share\interpreter\linkResolver.cpp, line 871]
Event: 58.219 Thread 0x00000161ffa9b040 Exception <a 'java/io/IOException'{0x00000000c3a858e0}> (0x00000000c3a858e0) 
thrown [s\src\hotspot\share\prims\jni.cpp, line 516]
Event: 59.019 Thread 0x00000161ffa9b040 Exception <a 'java/lang/NoSuchMethodError'{0x00000000c3580e70}: 'java.lang.Object java.lang.invoke.DirectMethodHandle$Holder.invokeStaticInit(java.lang.Object, java.lang.Object, java.lang.Object)'> (0x00000000c3580e70) 
thrown [s\src\hotspot\share\interpreter\linkResolver.cpp, line 804]
Event: 59.106 Thread 0x00000161ffa9b040 Exception <a 'java/lang/NoSuchMethodError'{0x00000000c34b1c78}: 'void java.lang.invoke.DirectMethodHandle$Holder.invokeStaticInit(java.lang.Object, java.lang.Object, java.lang.Object, java.lang.Object, java.lang.Object)'> (0x00000000c34b1c78) 
thrown [s\src\hotspot\share\interpreter\linkResolver.cpp, line 804]

VM Operations (20 events):
Event: 46.855 Executing non-safepoint VM operation: HandshakeAllThreads (Deoptimize)
Event: 46.856 Executing non-safepoint VM operation: HandshakeAllThreads (Deoptimize) done
Event: 48.319 Executing non-safepoint VM operation: HandshakeAllThreads (Deoptimize)
Event: 48.320 Executing non-safepoint VM operation: HandshakeAllThreads (Deoptimize) done
Event: 59.674 Executing non-safepoint VM operation: HandshakeAllThreads (Deoptimize)
Event: 59.675 Executing non-safepoint VM operation: HandshakeAllThreads (Deoptimize) done
Event: 59.680 Executing non-safepoint VM operation: HandshakeAllThreads (Deoptimize)
Event: 59.680 Executing non-safepoint VM operation: HandshakeAllThreads (Deoptimize) done
Event: 59.692 Executing non-safepoint VM operation: HandshakeAllThreads (Deoptimize)
Event: 59.692 Executing non-safepoint VM operation: HandshakeAllThreads (Deoptimize) done
Event: 59.695 Executing non-safepoint VM operation: HandshakeAllThreads (Deoptimize)
Event: 59.695 Executing non-safepoint VM operation: HandshakeAllThreads (Deoptimize) done
Event: 59.713 Executing non-safepoint VM operation: HandshakeAllThreads (Deoptimize)
Event: 59.714 Executing non-safepoint VM operation: HandshakeAllThreads (Deoptimize) done
Event: 59.820 Executing non-safepoint VM operation: HandshakeAllThreads (Deoptimize)
Event: 59.820 Executing non-safepoint VM operation: HandshakeAllThreads (Deoptimize) done
Event: 60.040 Executing non-safepoint VM operation: HandshakeAllThreads (Deoptimize)
Event: 60.040 Executing non-safepoint VM operation: HandshakeAllThreads (Deoptimize) done
Event: 60.074 Executing safepoint VM operation: G1CollectForAllocation (G1 Evacuation Pause)
Event: 60.123 Executing safepoint VM operation: G1CollectForAllocation (G1 Evacuation Pause) done

Memory protections (0 events):
No events

Nmethod flushes (0 events):
No events

Events (20 events):
Event: 15.228 Thread 0x00000161ee12ff70 Thread added: 0x000001618f4fff90
Event: 15.919 Thread 0x000001618f66e280 Thread added: 0x000001618f2e5940
Event: 15.939 Thread 0x000001618f2e5940 Thread added: 0x000001618f36cb00
Event: 17.131 Thread 0x000001618f2e5940 Thread added: 0x000001618f6a8860
Event: 17.871 Thread 0x000001618f2e5940 Thread added: 0x00000161ffa9b040
Event: 17.930 Thread 0x00000161ffa9b040 Thread added: 0x00000161ffa99100
Event: 17.994 Thread 0x00000161ffa9b040 Thread added: 0x00000161ffa9bfe0
Event: 18.005 Thread 0x00000161ffa9b040 Thread added: 0x00000161ffa9cf80
Event: 21.426 Thread 0x00000161ffa9b040 Thread added: 0x000001618ffdd410
Event: 21.469 Thread 0x00000161ffa9b040 Thread added: 0x000001618ffdeb80
Event: 21.857 Thread 0x00000161ffa9b040 Thread added: 0x000001618ffdf350
Event: 22.761 Thread 0x000001618ffdeb80 Thread added: 0x000001618ffde3b0
Event: 34.415 Thread 0x00000161ffa9b040 Thread added: 0x000001618ffddbe0
Event: 34.717 Thread 0x00000161ffa9b040 Thread added: 0x000001618ffe31d0
Event: 36.213 Thread 0x00000161ffa9b040 Thread added: 0x000001618ffe2230
Event: 36.250 Thread 0x00000161ffa9b040 Thread added: 0x000001619038ac40
Event: 44.552 Thread 0x00000161ffa9b040 Thread added: 0x0000016190388d00
Event: 44.552 Thread 0x00000161ffa9b040 Thread added: 0x0000016190387d60
Event: 44.552 Thread 0x00000161ffa9b040 Thread added: 0x000001619038a470
Event: 56.828 Thread 0x00000161ffa9b040 Thread added: 0x00000161903894d0


Dynamic libraries:
0x00007ff63b3b0000 - 0x00007ff63b3be000 	C:\Users\LENOVO\AppData\Roaming\Antigravity\User\globalStorage\pleiades.java-extension-pack-jdk\java\25\bin\java.exe
0x00007ffba7f40000 - 0x00007ffba81a7000 	C:\WINDOWS\SYSTEM32\ntdll.dll
0x00007ffba6070000 - 0x00007ffba613b000 	C:\WINDOWS\System32\KERNEL32.DLL
0x00007ffba5490000 - 0x00007ffba5892000 	C:\WINDOWS\System32\KERNELBASE.dll
0x00007ffba5140000 - 0x00007ffba528c000 	C:\WINDOWS\System32\ucrtbase.dll
0x00007ffb4cb90000 - 0x00007ffb4cba6000 	C:\Users\LENOVO\AppData\Roaming\Antigravity\User\globalStorage\pleiades.java-extension-pack-jdk\java\25\bin\jli.dll
0x00007ffba5e00000 - 0x00007ffba5fcf000 	C:\WINDOWS\System32\USER32.dll
0x00007ffba59e0000 - 0x00007ffba5a07000 	C:\WINDOWS\System32\win32u.dll
0x00007ffb4ca40000 - 0x00007ffb4ca5e000 	C:\Users\LENOVO\AppData\Roaming\Antigravity\User\globalStorage\pleiades.java-extension-pack-jdk\java\25\bin\VCRUNTIME140.dll
0x00007ffba5d80000 - 0x00007ffba5dab000 	C:\WINDOWS\System32\GDI32.dll
0x00007ffba52a0000 - 0x00007ffba53c9000 	C:\WINDOWS\System32\gdi32full.dll
0x00007ffb8ec40000 - 0x00007ffb8eed0000 	C:\WINDOWS\WinSxS\amd64_microsoft.windows.common-controls_6595b64144ccf1df_6.0.26100.9278_none_3e0d1ba8e3303201\COMCTL32.dll
0x00007ffba5930000 - 0x00007ffba59d3000 	C:\WINDOWS\System32\msvcp_win.dll
0x00007ffba6840000 - 0x00007ffba68e9000 	C:\WINDOWS\System32\msvcrt.dll
0x00007ffba5dc0000 - 0x00007ffba5df1000 	C:\WINDOWS\System32\IMM32.DLL
0x00007ffb97ee0000 - 0x00007ffb97eec000 	C:\Users\LENOVO\AppData\Roaming\Antigravity\User\globalStorage\pleiades.java-extension-pack-jdk\java\25\bin\vcruntime140_1.dll
0x00007ffb4aa10000 - 0x00007ffb4aa9d000 	C:\Users\LENOVO\AppData\Roaming\Antigravity\User\globalStorage\pleiades.java-extension-pack-jdk\java\25\bin\msvcp140.dll
0x00007ffaecde0000 - 0x00007ffaedd0a000 	C:\Users\LENOVO\AppData\Roaming\Antigravity\User\globalStorage\pleiades.java-extension-pack-jdk\java\25\bin\server\jvm.dll
0x00007ffba66f0000 - 0x00007ffba67ac000 	C:\WINDOWS\System32\ADVAPI32.dll
0x00007ffba7e30000 - 0x00007ffba7ed9000 	C:\WINDOWS\System32\sechost.dll
0x00007ffba5c60000 - 0x00007ffba5d78000 	C:\WINDOWS\System32\RPCRT4.dll
0x00007ffba7090000 - 0x00007ffba7110000 	C:\WINDOWS\System32\WS2_32.dll
0x00007ffba4f90000 - 0x00007ffba4fee000 	C:\WINDOWS\SYSTEM32\POWRPROF.dll
0x00007ffb983b0000 - 0x00007ffb983e6000 	C:\WINDOWS\SYSTEM32\WINMM.dll
0x00007ffb93ff0000 - 0x00007ffb93ffb000 	C:\WINDOWS\SYSTEM32\VERSION.dll
0x00007ffba4f70000 - 0x00007ffba4f85000 	C:\WINDOWS\SYSTEM32\UMPDC.dll
0x00007ffba3dd0000 - 0x00007ffba3deb000 	C:\WINDOWS\SYSTEM32\kernel.appcore.dll
0x00007ffb97a30000 - 0x00007ffb97a3a000 	C:\Users\LENOVO\AppData\Roaming\Antigravity\User\globalStorage\pleiades.java-extension-pack-jdk\java\25\bin\jimage.dll
0x00007ffba2480000 - 0x00007ffba26cc000 	C:\WINDOWS\SYSTEM32\DBGHELP.DLL
0x00007ffba7950000 - 0x00007ffba7cd5000 	C:\WINDOWS\System32\combase.dll
0x00007ffba62c0000 - 0x00007ffba6399000 	C:\WINDOWS\System32\OLEAUT32.dll
0x00007ffb8c4f0000 - 0x00007ffb8c52b000 	C:\WINDOWS\SYSTEM32\dbgcore.DLL
0x00007ffba5a10000 - 0x00007ffba5abc000 	C:\WINDOWS\System32\bcryptPrimitives.dll
0x00007ffb96fe0000 - 0x00007ffb96fef000 	C:\Users\LENOVO\AppData\Roaming\Antigravity\User\globalStorage\pleiades.java-extension-pack-jdk\java\25\bin\instrument.dll
0x00007ffb4ca20000 - 0x00007ffb4ca3e000 	C:\Users\LENOVO\AppData\Roaming\Antigravity\User\globalStorage\pleiades.java-extension-pack-jdk\java\25\bin\java.dll
0x00007ffba6550000 - 0x00007ffba66ea000 	C:\WINDOWS\System32\ole32.dll
0x00007ffba68f0000 - 0x00007ffba7088000 	C:\WINDOWS\System32\SHELL32.dll
0x00007ffba2b60000 - 0x00007ffba340e000 	C:\WINDOWS\SYSTEM32\windows.storage.dll
0x00007ffba7d30000 - 0x00007ffba7e2b000 	C:\WINDOWS\System32\SHCORE.dll
0x00007ffba67d0000 - 0x00007ffba6836000 	C:\WINDOWS\System32\shlwapi.dll
0x00007ffba5060000 - 0x00007ffba5089000 	C:\WINDOWS\SYSTEM32\profapi.dll
0x00007ffb4bf70000 - 0x00007ffb4bf86000 	C:\Users\LENOVO\AppData\Roaming\Antigravity\User\globalStorage\pleiades.java-extension-pack-jdk\java\25\bin\zip.dll
0x00007ffb4be40000 - 0x00007ffb4be51000 	C:\Users\LENOVO\AppData\Roaming\Antigravity\User\globalStorage\pleiades.java-extension-pack-jdk\java\25\bin\net.dll
0x00007ffba4370000 - 0x00007ffba43dc000 	C:\WINDOWS\system32\mswsock.dll
0x00007ffb4be20000 - 0x00007ffb4be36000 	C:\Users\LENOVO\AppData\Roaming\Antigravity\User\globalStorage\pleiades.java-extension-pack-jdk\java\25\bin\nio.dll
0x00007ffb867f0000 - 0x00007ffb86800000 	C:\Users\LENOVO\AppData\Roaming\Antigravity\User\globalStorage\pleiades.java-extension-pack-jdk\java\25\bin\verify.dll
0x00007ffb4bb90000 - 0x00007ffb4bbb7000 	C:\Users\LENOVO\.gradle\native\1def1411415f61bf3af743bc5b6707747c0891f09f0c88961ee8f79bc544acac\windows-amd64\native-platform.dll
0x00007ffb4a110000 - 0x00007ffb4a188000 	C:\Users\LENOVO\.gradle\native\0.2.7\x86_64-windows-gnu\gradle-fileevents.dll
0x00007ffb84600000 - 0x00007ffb8460a000 	C:\Users\LENOVO\AppData\Roaming\Antigravity\User\globalStorage\pleiades.java-extension-pack-jdk\java\25\bin\management.dll
0x00007ffb82740000 - 0x00007ffb8274c000 	C:\Users\LENOVO\AppData\Roaming\Antigravity\User\globalStorage\pleiades.java-extension-pack-jdk\java\25\bin\management_ext.dll
0x00007ffba5db0000 - 0x00007ffba5db8000 	C:\WINDOWS\System32\PSAPI.DLL
0x00007ffba3780000 - 0x00007ffba37b3000 	C:\WINDOWS\SYSTEM32\IPHLPAPI.DLL
0x00007ffba7120000 - 0x00007ffba712a000 	C:\WINDOWS\System32\NSI.dll
0x00007ffb66b40000 - 0x00007ffb66b49000 	C:\Users\LENOVO\AppData\Roaming\Antigravity\User\globalStorage\pleiades.java-extension-pack-jdk\java\25\bin\extnet.dll
0x00007ffba4790000 - 0x00007ffba47ab000 	C:\WINDOWS\SYSTEM32\CRYPTSP.dll
0x00007ffba3d30000 - 0x00007ffba3d69000 	C:\WINDOWS\system32\rsaenh.dll
0x00007ffba4420000 - 0x00007ffba4454000 	C:\WINDOWS\SYSTEM32\USERENV.dll
0x00007ffba5030000 - 0x00007ffba505a000 	C:\WINDOWS\SYSTEM32\bcrypt.dll
0x00007ffba45d0000 - 0x00007ffba45dc000 	C:\WINDOWS\SYSTEM32\CRYPTBASE.dll
0x00007ffb668e0000 - 0x00007ffb668ee000 	C:\Users\LENOVO\AppData\Roaming\Antigravity\User\globalStorage\pleiades.java-extension-pack-jdk\java\25\bin\sunmscapi.dll
0x00007ffba5ad0000 - 0x00007ffba5c4e000 	C:\WINDOWS\System32\CRYPT32.dll
0x00007ffba4900000 - 0x00007ffba4930000 	C:\WINDOWS\SYSTEM32\ncrypt.dll
0x00007ffba48b0000 - 0x00007ffba48ef000 	C:\WINDOWS\SYSTEM32\NTASN1.dll
0x00007ffb7b120000 - 0x00007ffb7b128000 	C:\WINDOWS\system32\wshunix.dll

JVMTI agents:
C:\Users\LENOVO\.gradle\wrapper\dists\gradle-8.14-bin\38aieal9i53h9rfe7vjup95b9\gradle-8.14\lib\agents\gradle-instrumentation-agent-8.14.jar path:C:\Users\LENOVO\AppData\Roaming\Antigravity\User\globalStorage\pleiades.java-extension-pack-jdk\java\25\bin\instrument.dll, loaded, initialized, instrumentlib options:none

dbghelp: loaded successfully - version: 4.0.5 - missing functions: none
symbol engine: initialized successfully - sym options: 0x614 - pdb path: .;C:\Users\LENOVO\AppData\Roaming\Antigravity\User\globalStorage\pleiades.java-extension-pack-jdk\java\25\bin;C:\WINDOWS\SYSTEM32;C:\WINDOWS\WinSxS\amd64_microsoft.windows.common-controls_6595b64144ccf1df_6.0.26100.9278_none_3e0d1ba8e3303201;C:\Users\LENOVO\AppData\Roaming\Antigravity\User\globalStorage\pleiades.java-extension-pack-jdk\java\25\bin\server;C:\Users\LENOVO\.gradle\native\1def1411415f61bf3af743bc5b6707747c0891f09f0c88961ee8f79bc544acac\windows-amd64;C:\Users\LENOVO\.gradle\native\0.2.7\x86_64-windows-gnu

VM Arguments:
jvm_args: --add-opens=java.base/java.lang=ALL-UNNAMED --add-opens=java.base/java.lang.invoke=ALL-UNNAMED --add-opens=java.base/java.util=ALL-UNNAMED --add-opens=java.prefs/java.util.prefs=ALL-UNNAMED --add-exports=jdk.compiler/com.sun.tools.javac.api=ALL-UNNAMED --add-exports=jdk.compiler/com.sun.tools.javac.util=ALL-UNNAMED --add-opens=java.base/java.util=ALL-UNNAMED --add-opens=java.prefs/java.util.prefs=ALL-UNNAMED --add-opens=java.base/java.nio.charset=ALL-UNNAMED --add-opens=java.base/java.net=ALL-UNNAMED --add-opens=java.base/java.util.concurrent.atomic=ALL-UNNAMED --add-opens=java.xml/javax.xml.namespace=ALL-UNNAMED --enable-native-access=ALL-UNNAMED -Xmx1024m -Dfile.encoding=UTF-8 -Duser.country=US -Duser.language=en -Duser.variant -javaagent:C:\Users\LENOVO\.gradle\wrapper\dists\gradle-8.14-bin\38aieal9i53h9rfe7vjup95b9\gradle-8.14\lib\agents\gradle-instrumentation-agent-8.14.jar 
java_command: org.gradle.launcher.daemon.bootstrap.GradleDaemon 8.14
java_class_path (initial): C:\Users\LENOVO\.gradle\wrapper\dists\gradle-8.14-bin\38aieal9i53h9rfe7vjup95b9\gradle-8.14\lib\gradle-daemon-main-8.14.jar
Launcher Type: SUN_STANDARD

[Global flags]
     intx CICompilerCount                          = 4                                         {product} {ergonomic}
     uint ConcGCThreads                            = 2                                         {product} {ergonomic}
     uint G1ConcRefinementThreads                  = 8                                         {product} {ergonomic}
   size_t G1HeapRegionSize                         = 1048576                                   {product} {ergonomic}
   size_t InitialHeapSize                          = 98566144                                  {product} {ergonomic}
   size_t MarkStackSize                            = 4194304                                   {product} {ergonomic}
   size_t MarkStackSizeMax                         = 536870912                                 {product} {ergonomic}
   size_t MaxHeapSize                              = 1073741824                                {product} {command line}
   size_t MaxNewSize                               = 643825664                                 {product} {ergonomic}
   size_t MinHeapDeltaBytes                        = 1048576                                   {product} {ergonomic}
   size_t MinHeapSize                              = 8388608                                   {product} {ergonomic}
    uintx NonNMethodCodeHeapSize                   = 5898240                                {pd product} {ergonomic}
    uintx NonProfiledCodeHeapSize                  = 122945536                              {pd product} {ergonomic}
    uintx ProfiledCodeHeapSize                     = 122945536                              {pd product} {ergonomic}
    uintx ReservedCodeCacheSize                    = 251789312                              {pd product} {ergonomic}
     bool SegmentedCodeCache                       = true                                      {product} {ergonomic}
   size_t SoftMaxHeapSize                          = 1073741824                             {manageable} {ergonomic}
     bool UseCompressedOops                        = true                           {product lp64_product} {ergonomic}
     bool UseG1GC                                  = true                                      {product} {ergonomic}
     bool UseLargePagesIndividualAllocation        = false                                  {pd product} {ergonomic}

Logging:
Log output configuration:
 #0: stdout all=warning uptime,level,tags foldmultilines=false
 #1: stderr all=off uptime,level,tags foldmultilines=false

Release file:
IMPLEMENTOR="Eclipse Adoptium" 
IMPLEMENTOR_VERSION="Temurin-25.0.3+9" 
JAVA_RUNTIME_VERSION="25.0.3+9-LTS" 
JAVA_VERSION="25.0.3" 
JAVA_VERSION_DATE="2026-04-21" 
LIBC="default" 
MODULES="java.base java.compiler java.datatransfer java.xml java.prefs java.desktop java.instrument java.logging java.management java.security.sasl java.naming java.rmi java.management.rmi java.net.http java.scripting java.security.jgss java.transaction.xa java.sql java.sql.rowset java.xml.crypto java.se java.smartcardio jdk.accessibility jdk.internal.jvmstat jdk.attach jdk.charsets jdk.internal.opt jdk.zipfs jdk.compiler jdk.crypto.cryptoki jdk.crypto.ec jdk.crypto.mscapi jdk.dynalink jdk.internal.ed jdk.editpad jdk.internal.vm.ci jdk.graal.compiler jdk.graal.compiler.management jdk.hotspot.agent jdk.httpserver jdk.incubator.vector jdk.internal.le jdk.internal.md jdk.jartool jdk.javadoc jdk.jcmd jdk.management jdk.management.agent jdk.jconsole jdk.jdeps jdk.jdwp.agent jdk.jdi jdk.jfr jdk.jlink jdk.jpackage jdk.jshell jdk.jsobject jdk.jstatd jdk.localedata jdk.management.jfr jdk.naming.dns jdk.naming.rmi jdk.net jdk.nio.mapmode jdk.sctp jdk.security.auth jdk.security.jgss jdk.unsupported jdk.unsupported.desktop jdk.xml.dom" 
OS_ARCH="x86_64" 
OS_NAME="Windows" 
SOURCE=".:git:cda0a1776184" 
BUILD_SOURCE="git:a612825ee82a20ac872d60958c349854c1f29a8e"
BUILD_SOURCE_REPO="https://github.com/adoptium/temurin-build.git"
SOURCE_REPO="https://github.com/adoptium/jdk25u.git"
FULL_VERSION="25.0.3+9-LTS"
SEMANTIC_VERSION="25.0.3+9"
BUILD_INFO="OS: Windows Server 2022 Version: 10.0"
JVM_VARIANT="Hotspot"
JVM_VERSION="25.0.3+9-LTS"
IMAGE_TYPE="JDK"

Environment Variables:
JAVA_HOME=C:\Program Files\Android\Android Studio\jbr
PATH=C:\WINDOWS\system32;C:\WINDOWS;C:\WINDOWS\System32\Wbem;C:\WINDOWS\System32\WindowsPowerShell\v1.0\;C:\WINDOWS\System32\OpenSSH\;C:\Program Files\Docker\Docker\resources\bin;C:\Program Files\nodejs\;C:\Program Files\Git\cmd;C:\Users\LENOVO\AppData\Local\Programs\Python\Python312\Scripts\;C:\Users\LENOVO\AppData\Local\Programs\Python\Python312\;C:\Users\LENOVO\AppData\Local\Programs\Python\Launcher\;C:\Users\LENOVO\AppData\Local\Programs\Python\Python314\Scripts\;C:\Users\LENOVO\AppData\Local\Programs\Python\Python314\;C:\Users\LENOVO\AppData\Local\Microsoft\WindowsApps;C:\Users\LENOVO\AppData\Local\Programs\Antigravity\bin;C:\Users\LENOVO\AppData\Roaming\npm;C:\ScrcpyLauncher by praveen;C:\Users\LENOVO\AppData\Local\PowerToys\DSCModules\;C:\Users\LENOVO\AppData\Local\Programs\Antigravity IDE\bin
USERNAME=LENOVO
OS=Windows_NT
PROCESSOR_IDENTIFIER=AMD64 Family 23 Model 160 Stepping 0, AuthenticAMD
TMP=C:\Users\LENOVO\AppData\Local\Temp
TEMP=C:\Users\LENOVO\AppData\Local\Temp




Compilation memory statistics disabled.

Periodic native trim disabled

---------------  S Y S T E M  ---------------

OS:
 Windows 11 , 64 bit Build 26100 (10.0.26100.9444)
OS uptime: 3 days 17:09 hours
Hyper-V role detected

CPU: total 8 (initial active 8) (8 cores per cpu, 2 threads per core) family 23 model 160 stepping 0 microcode 0x8a0000a, cx8, cmov, fxsr, ht, mmx, 3dnowpref, sse, sse2, sse3, ssse3, sse4a, sse4.1, sse4.2, popcnt, lzcnt, tsc, tscinvbit, avx, avx2, aes, clmul, bmi1, bmi2, adx, sha, fma, vzeroupper, clflush, clflushopt, clwb, hv, rdtscp, rdpid, f16c
Processor Information for the first 8 processors :
  Max Mhz: 2401, Current Mhz: 2401, Mhz Limit: 2401

Memory: 4k page, system-wide physical 5965M (50M free)
TotalPageFile size 24397M (AvailPageFile size 8M)
current process WorkingSet (physical memory assigned to process): 149M, peak: 156M
current process commit charge ("private bytes"): 265M, peak: 279M

vm_info: OpenJDK 64-Bit Server VM (25.0.3+9-LTS) for windows-amd64 JRE (25.0.3+9-LTS), built on 2026-04-21T00:00:00Z with MS VC++ 17.12 (VS2022)

END.
