#
# There is insufficient memory for the Java Runtime Environment to continue.
# Native memory allocation (malloc) failed to allocate 1325376 bytes. Error detail: Chunk::new
# Possible reasons:
#   The system is out of physical RAM or swap space
#   This process is running with CompressedOops enabled, and the Java Heap may be blocking the growth of the native heap
# Possible solutions:
#   Reduce memory load on the system
#   Increase physical memory or swap space
#   Check if swap backing store is full
#   Decrease Java heap size (-Xmx/-Xms)
#   Decrease number of Java threads
#   Decrease Java thread stack sizes (-Xss)
#   Set larger code cache with -XX:ReservedCodeCacheSize=
#   JVM is running with Unscaled Compressed Oops mode in which the Java heap is
#     placed in the first 4GB address space. The Java Heap base address is the
#     maximum limit for the native heap growth. Please use -XX:HeapBaseMinAddress
#     to set the Java Heap base and to place the Java Heap above 4GB virtual address.
# This output file may be truncated or incomplete.
#
#  Out of Memory Error (arena.cpp:168), pid=30556, tid=32020
#
# JRE version: OpenJDK Runtime Environment Temurin-21.0.12.1+1 (21.0.12.1+1) (build 21.0.12.1+1-LTS)
# Java VM: OpenJDK 64-Bit Server VM Temurin-21.0.12.1+1 (21.0.12.1+1-LTS, mixed mode, sharing, tiered, compressed oops, compressed class ptrs, g1 gc, windows-amd64)
# No core dump will be written. Minidumps are not enabled by default on client versions of Windows
#

---------------  S U M M A R Y ------------

Command Line: --add-opens=java.base/java.lang=ALL-UNNAMED --add-opens=java.base/java.lang.invoke=ALL-UNNAMED --add-opens=java.base/java.util=ALL-UNNAMED --add-opens=java.prefs/java.util.prefs=ALL-UNNAMED --add-exports=jdk.compiler/com.sun.tools.javac.api=ALL-UNNAMED --add-exports=jdk.compiler/com.sun.tools.javac.util=ALL-UNNAMED --add-opens=java.base/java.util=ALL-UNNAMED --add-opens=java.prefs/java.util.prefs=ALL-UNNAMED --add-opens=java.base/java.nio.charset=ALL-UNNAMED --add-opens=java.base/java.net=ALL-UNNAMED --add-opens=java.base/java.util.concurrent.atomic=ALL-UNNAMED --add-opens=java.xml/javax.xml.namespace=ALL-UNNAMED -Xmx1024m -Dfile.encoding=UTF-8 -Duser.country=US -Duser.language=en -Duser.variant -javaagent:C:\Users\LENOVO\.gradle\wrapper\dists\gradle-8.14-bin\38aieal9i53h9rfe7vjup95b9\gradle-8.14\lib\agents\gradle-instrumentation-agent-8.14.jar org.gradle.launcher.daemon.bootstrap.GradleDaemon 8.14

Host: AMD Ryzen 3 7320U with Radeon Graphics         , 8 cores, 5G,  Windows 11 , 64 bit Build 26100 (10.0.26100.9444)
Time: Mon Sep 28 13:26:35 2026 Nepal Standard Time elapsed time: 92.310080 seconds (0d 0h 1m 32s)

---------------  T H R E A D  ---------------

Current thread (0x0000028ee3fd26d0):  JavaThread "C2 CompilerThread0" daemon [_thread_in_native, id=32020, stack(0x000000c630800000,0x000000c630900000) (1024K)]


Current CompileTask:
C2:92310 12875       4       org.gradle.internal.instantiation.generator.AbstractClassGenerator::inspectType (602 bytes)

Stack: [0x000000c630800000,0x000000c630900000]
Native frames: (J=compiled Java code, j=interpreted, Vv=VM code, C=native code)
V  [jvm.dll+0x6d83e9]
V  [jvm.dll+0x8b5736]
V  [jvm.dll+0x8b7cee]
V  [jvm.dll+0x8b83d3]
V  [jvm.dll+0x284596]
V  [jvm.dll+0xc685d]
V  [jvm.dll+0xc6da1]
V  [jvm.dll+0x2fb5ae]
V  [jvm.dll+0x5fee94]
V  [jvm.dll+0x255d67]
V  [jvm.dll+0x24e0f4]
V  [jvm.dll+0x24bbe6]
V  [jvm.dll+0x1cb4ae]
V  [jvm.dll+0x25baad]
V  [jvm.dll+0x25a03a]
V  [jvm.dll+0x3f8aae]
V  [jvm.dll+0x8600cd]
V  [jvm.dll+0x6d6c1d]
C  [ucrtbase.dll+0x2cd30]
C  [KERNEL32.DLL+0x2cd87]
C  [ntdll.dll+0xacaec]


---------------  P R O C E S S  ---------------

Threads class SMR info:
_java_thread_list=0x0000028eed69e5c0, length=79, elements={
0x0000028ecb8e7620, 0x0000028ee3fc9af0, 0x0000028ee3fcd0d0, 0x0000028ee3fce6a0,
0x0000028ee3fcf910, 0x0000028ee3fd0ee0, 0x0000028ee3fd1940, 0x0000028ee3fd26d0,
0x0000028ee3fdb160, 0x0000028ee418ead0, 0x0000028ee415dd10, 0x0000028ee435a160,
0x0000028ee9de34d0, 0x0000028ee9e76d60, 0x0000028ee4527cf0, 0x0000028ee424c830,
0x0000028ee9e845f0, 0x0000028ee9e84c80, 0x0000028ee9e86d50, 0x0000028ee9e859a0,
0x0000028ee9e85310, 0x0000028ee9e86030, 0x0000028ee9e873e0, 0x0000028ee9e866c0,
0x0000028ee9e83f60, 0x0000028eea19cbc0, 0x0000028eea19bea0, 0x0000028eea19c530,
0x0000028eea19d8e0, 0x0000028eea19e600, 0x0000028eea19b180, 0x0000028eea19ec90,
0x0000028eea19b810, 0x0000028eea19f9b0, 0x0000028eea1a0040, 0x0000028eea1a0d60,
0x0000028eea1a13f0, 0x0000028eea1a2110, 0x0000028eea9844e0, 0x0000028eea981060,
0x0000028eea982aa0, 0x0000028eea983e50, 0x0000028eea982410, 0x0000028eea983130,
0x0000028eea9837c0, 0x0000028eea984b70, 0x0000028eea9816f0, 0x0000028eea985200,
0x0000028eea981d80, 0x0000028eea9872d0, 0x0000028eea985890, 0x0000028eea985f20,
0x0000028eea9865b0, 0x0000028eea986c40, 0x0000028eea987ff0, 0x0000028eea988680,
0x0000028eea9c9640, 0x0000028eea9ca9f0, 0x0000028eea9c9cd0, 0x0000028eea9c8920,
0x0000028eea9c7570, 0x0000028eea9c8290, 0x0000028eea9cb080, 0x0000028eea9ca360,
0x0000028eea9c7c00, 0x0000028eea9cc430, 0x0000028eea9cd7e0, 0x0000028eea9ccac0,
0x0000028eea9cde70, 0x0000028eea9cbda0, 0x0000028eea9ceb90, 0x0000028eea9cb710,
0x0000028eea9cd150, 0x0000028eea9ce500, 0x0000028eec626300, 0x0000028eec626990,
0x0000028eec6255e0, 0x0000028eed84b2c0, 0x0000028eed84cd00
}

Java Threads: ( => current thread )
  0x0000028ecb8e7620 JavaThread "main"                              [_thread_blocked, id=31540, stack(0x000000c62fa00000,0x000000c62fb00000) (1024K)]
  0x0000028ee3fc9af0 JavaThread "Reference Handler"          daemon [_thread_blocked, id=14724, stack(0x000000c630200000,0x000000c630300000) (1024K)]
  0x0000028ee3fcd0d0 JavaThread "Finalizer"                  daemon [_thread_blocked, id=29068, stack(0x000000c630300000,0x000000c630400000) (1024K)]
  0x0000028ee3fce6a0 JavaThread "Signal Dispatcher"          daemon [_thread_blocked, id=32344, stack(0x000000c630400000,0x000000c630500000) (1024K)]
  0x0000028ee3fcf910 JavaThread "Attach Listener"            daemon [_thread_blocked, id=23604, stack(0x000000c630500000,0x000000c630600000) (1024K)]
  0x0000028ee3fd0ee0 JavaThread "Service Thread"             daemon [_thread_blocked, id=22720, stack(0x000000c630600000,0x000000c630700000) (1024K)]
  0x0000028ee3fd1940 JavaThread "Monitor Deflation Thread"   daemon [_thread_blocked, id=29952, stack(0x000000c630700000,0x000000c630800000) (1024K)]
=>0x0000028ee3fd26d0 JavaThread "C2 CompilerThread0"         daemon [_thread_in_native, id=32020, stack(0x000000c630800000,0x000000c630900000) (1024K)]
  0x0000028ee3fdb160 JavaThread "C1 CompilerThread0"         daemon [_thread_blocked, id=32472, stack(0x000000c630900000,0x000000c630a00000) (1024K)]
  0x0000028ee418ead0 JavaThread "Common-Cleaner"             daemon [_thread_blocked, id=19548, stack(0x000000c630a00000,0x000000c630b00000) (1024K)]
  0x0000028ee415dd10 JavaThread "Notification Thread"        daemon [_thread_blocked, id=31832, stack(0x000000c630b00000,0x000000c630c00000) (1024K)]
  0x0000028ee435a160 JavaThread "Daemon health stats"               [_thread_blocked, id=21908, stack(0x000000c631000000,0x000000c631100000) (1024K)]
  0x0000028ee9de34d0 JavaThread "Incoming local TCP Connector on port 33307"        [_thread_in_native, id=31420, stack(0x000000c631100000,0x000000c631200000) (1024K)]
  0x0000028ee9e76d60 JavaThread "Daemon periodic checks"            [_thread_blocked, id=25164, stack(0x000000c631200000,0x000000c631300000) (1024K)]
  0x0000028ee4527cf0 JavaThread "Daemon"                            [_thread_blocked, id=31608, stack(0x000000c631300000,0x000000c631400000) (1024K)]
  0x0000028ee424c830 JavaThread "Handler for socket connection from /127.0.0.1:33307 to /127.0.0.1:32113"        [_thread_in_native, id=32212, stack(0x000000c631400000,0x000000c631500000) (1024K)]
  0x0000028ee9e845f0 JavaThread "Cancel handler"                    [_thread_blocked, id=28148, stack(0x000000c631500000,0x000000c631600000) (1024K)]
  0x0000028ee9e84c80 JavaThread "Daemon worker"                     [_thread_in_Java, id=28348, stack(0x000000c631600000,0x000000c631700000) (1024K)]
  0x0000028ee9e86d50 JavaThread "Asynchronous log dispatcher for DefaultDaemonConnection: socket connection from /127.0.0.1:33307 to /127.0.0.1:32113"        [_thread_blocked, id=15856, stack(0x000000c631700000,0x000000c631800000) (1024K)]
  0x0000028ee9e859a0 JavaThread "Stdin handler"                     [_thread_blocked, id=18328, stack(0x000000c631800000,0x000000c631900000) (1024K)]
  0x0000028ee9e85310 JavaThread "Daemon client event forwarder"        [_thread_blocked, id=30312, stack(0x000000c631900000,0x000000c631a00000) (1024K)]
  0x0000028ee9e86030 JavaThread "Cache worker for journal cache (C:\Users\LENOVO\.gradle\caches\journal-1)"        [_thread_blocked, id=14472, stack(0x000000c631a00000,0x000000c631b00000) (1024K)]
  0x0000028ee9e873e0 JavaThread "File lock request listener"        [_thread_in_native, id=24660, stack(0x000000c631b00000,0x000000c631c00000) (1024K)]
  0x0000028ee9e866c0 JavaThread "Cache worker for file hash cache (C:\Users\LENOVO\.gradle\caches\8.14\fileHashes)"        [_thread_blocked, id=31688, stack(0x000000c631f00000,0x000000c632000000) (1024K)]
  0x0000028ee9e83f60 JavaThread "File lock release action executor"        [_thread_blocked, id=1508, stack(0x000000c632000000,0x000000c632100000) (1024K)]
  0x0000028eea19cbc0 JavaThread "Cache worker for file hash cache (C:\Users\LENOVO\Desktop\HeliBoard-main\.gradle\8.14\fileHashes)"        [_thread_blocked, id=14016, stack(0x000000c632200000,0x000000c632300000) (1024K)]
  0x0000028eea19bea0 JavaThread "Cache worker for Build Output Cleanup Cache (C:\Users\LENOVO\Desktop\HeliBoard-main\.gradle\buildOutputCleanup)"        [_thread_blocked, id=17256, stack(0x000000c632300000,0x000000c632400000) (1024K)]
  0x0000028eea19c530 JavaThread "File watcher server"        daemon [_thread_in_native, id=8448, stack(0x000000c632400000,0x000000c632500000) (1024K)]
  0x0000028eea19d8e0 JavaThread "File watcher consumer"      daemon [_thread_blocked, id=31220, stack(0x000000c632500000,0x000000c632600000) (1024K)]
  0x0000028eea19e600 JavaThread "jar transforms"                    [_thread_blocked, id=23364, stack(0x000000c632600000,0x000000c632700000) (1024K)]
  0x0000028eea19b180 JavaThread "jar transforms Thread 2"           [_thread_blocked, id=27228, stack(0x000000c632700000,0x000000c632800000) (1024K)]
  0x0000028eea19ec90 JavaThread "Cache worker for checksums cache (C:\Users\LENOVO\Desktop\HeliBoard-main\.gradle\8.14\checksums)"        [_thread_blocked, id=13908, stack(0x000000c632800000,0x000000c632900000) (1024K)]
  0x0000028eea19b810 JavaThread "Cache worker for file content cache (C:\Users\LENOVO\.gradle\caches\8.14\fileContent)"        [_thread_blocked, id=26172, stack(0x000000c632900000,0x000000c632a00000) (1024K)]
  0x0000028eea19f9b0 JavaThread "Cache worker for cache directory md-supplier (C:\Users\LENOVO\.gradle\caches\8.14\md-supplier)"        [_thread_blocked, id=11488, stack(0x000000c632a00000,0x000000c632b00000) (1024K)]
  0x0000028eea1a0040 JavaThread "Cache worker for cache directory md-rule (C:\Users\LENOVO\.gradle\caches\8.14\md-rule)"        [_thread_blocked, id=25812, stack(0x000000c632b00000,0x000000c632c00000) (1024K)]
  0x0000028eea1a0d60 JavaThread "Unconstrained build operations"        [_thread_blocked, id=6600, stack(0x000000c62f700000,0x000000c62f800000) (1024K)]
  0x0000028eea1a13f0 JavaThread "Unconstrained build operations Thread 2"        [_thread_blocked, id=31996, stack(0x000000c632c00000,0x000000c632d00000) (1024K)]
  0x0000028eea1a2110 JavaThread "Unconstrained build operations Thread 3"        [_thread_blocked, id=7160, stack(0x000000c632d00000,0x000000c632e00000) (1024K)]
  0x0000028eea9844e0 JavaThread "Unconstrained build operations Thread 4"        [_thread_blocked, id=20952, stack(0x000000c632e00000,0x000000c632f00000) (1024K)]
  0x0000028eea981060 JavaThread "Unconstrained build operations Thread 5"        [_thread_blocked, id=11064, stack(0x000000c632f00000,0x000000c633000000) (1024K)]
  0x0000028eea982aa0 JavaThread "Unconstrained build operations Thread 6"        [_thread_blocked, id=1592, stack(0x000000c633000000,0x000000c633100000) (1024K)]
  0x0000028eea983e50 JavaThread "Unconstrained build operations Thread 7"        [_thread_blocked, id=32572, stack(0x000000c633100000,0x000000c633200000) (1024K)]
  0x0000028eea982410 JavaThread "Unconstrained build operations Thread 8"        [_thread_blocked, id=8280, stack(0x000000c633200000,0x000000c633300000) (1024K)]
  0x0000028eea983130 JavaThread "Unconstrained build operations Thread 9"        [_thread_blocked, id=14412, stack(0x000000c633300000,0x000000c633400000) (1024K)]
  0x0000028eea9837c0 JavaThread "Unconstrained build operations Thread 10"        [_thread_blocked, id=24256, stack(0x000000c633400000,0x000000c633500000) (1024K)]
  0x0000028eea984b70 JavaThread "Unconstrained build operations Thread 11"        [_thread_blocked, id=9124, stack(0x000000c633500000,0x000000c633600000) (1024K)]
  0x0000028eea9816f0 JavaThread "Unconstrained build operations Thread 12"        [_thread_blocked, id=10756, stack(0x000000c633600000,0x000000c633700000) (1024K)]
  0x0000028eea985200 JavaThread "Unconstrained build operations Thread 13"        [_thread_blocked, id=31844, stack(0x000000c633700000,0x000000c633800000) (1024K)]
  0x0000028eea981d80 JavaThread "Unconstrained build operations Thread 14"        [_thread_blocked, id=16984, stack(0x000000c633800000,0x000000c633900000) (1024K)]
  0x0000028eea9872d0 JavaThread "Unconstrained build operations Thread 15"        [_thread_blocked, id=32704, stack(0x000000c633900000,0x000000c633a00000) (1024K)]
  0x0000028eea985890 JavaThread "Unconstrained build operations Thread 16"        [_thread_blocked, id=19664, stack(0x000000c633a00000,0x000000c633b00000) (1024K)]
  0x0000028eea985f20 JavaThread "Unconstrained build operations Thread 17"        [_thread_blocked, id=32208, stack(0x000000c633b00000,0x000000c633c00000) (1024K)]
  0x0000028eea9865b0 JavaThread "Unconstrained build operations Thread 18"        [_thread_blocked, id=19232, stack(0x000000c633c00000,0x000000c633d00000) (1024K)]
  0x0000028eea986c40 JavaThread "Unconstrained build operations Thread 19"        [_thread_blocked, id=32560, stack(0x000000c633d00000,0x000000c633e00000) (1024K)]
  0x0000028eea987ff0 JavaThread "Unconstrained build operations Thread 20"        [_thread_blocked, id=31792, stack(0x000000c633e00000,0x000000c633f00000) (1024K)]
  0x0000028eea988680 JavaThread "Unconstrained build operations Thread 21"        [_thread_blocked, id=29012, stack(0x000000c633f00000,0x000000c634000000) (1024K)]
  0x0000028eea9c9640 JavaThread "Unconstrained build operations Thread 22"        [_thread_blocked, id=21056, stack(0x000000c634000000,0x000000c634100000) (1024K)]
  0x0000028eea9ca9f0 JavaThread "Unconstrained build operations Thread 23"        [_thread_blocked, id=29648, stack(0x000000c634100000,0x000000c634200000) (1024K)]
  0x0000028eea9c9cd0 JavaThread "Unconstrained build operations Thread 24"        [_thread_blocked, id=31328, stack(0x000000c634200000,0x000000c634300000) (1024K)]
  0x0000028eea9c8920 JavaThread "Unconstrained build operations Thread 25"        [_thread_blocked, id=18864, stack(0x000000c634300000,0x000000c634400000) (1024K)]
  0x0000028eea9c7570 JavaThread "Unconstrained build operations Thread 26"        [_thread_blocked, id=29972, stack(0x000000c634400000,0x000000c634500000) (1024K)]
  0x0000028eea9c8290 JavaThread "Unconstrained build operations Thread 27"        [_thread_blocked, id=12028, stack(0x000000c634500000,0x000000c634600000) (1024K)]
  0x0000028eea9cb080 JavaThread "Unconstrained build operations Thread 28"        [_thread_blocked, id=20144, stack(0x000000c634600000,0x000000c634700000) (1024K)]
  0x0000028eea9ca360 JavaThread "Unconstrained build operations Thread 29"        [_thread_blocked, id=32316, stack(0x000000c634700000,0x000000c634800000) (1024K)]
  0x0000028eea9c7c00 JavaThread "Unconstrained build operations Thread 30"        [_thread_blocked, id=29104, stack(0x000000c634800000,0x000000c634900000) (1024K)]
  0x0000028eea9cc430 JavaThread "Unconstrained build operations Thread 31"        [_thread_blocked, id=14624, stack(0x000000c634900000,0x000000c634a00000) (1024K)]
  0x0000028eea9cd7e0 JavaThread "Unconstrained build operations Thread 32"        [_thread_blocked, id=29748, stack(0x000000c634a00000,0x000000c634b00000) (1024K)]
  0x0000028eea9ccac0 JavaThread "Unconstrained build operations Thread 33"        [_thread_blocked, id=23848, stack(0x000000c634b00000,0x000000c634c00000) (1024K)]
  0x0000028eea9cde70 JavaThread "Unconstrained build operations Thread 34"        [_thread_blocked, id=10264, stack(0x000000c634c00000,0x000000c634d00000) (1024K)]
  0x0000028eea9cbda0 JavaThread "Unconstrained build operations Thread 35"        [_thread_blocked, id=28940, stack(0x000000c634d00000,0x000000c634e00000) (1024K)]
  0x0000028eea9ceb90 JavaThread "Unconstrained build operations Thread 36"        [_thread_blocked, id=32068, stack(0x000000c634e00000,0x000000c634f00000) (1024K)]
  0x0000028eea9cb710 JavaThread "Unconstrained build operations Thread 37"        [_thread_blocked, id=29416, stack(0x000000c634f00000,0x000000c635000000) (1024K)]
  0x0000028eea9cd150 JavaThread "Unconstrained build operations Thread 38"        [_thread_blocked, id=29908, stack(0x000000c635000000,0x000000c635100000) (1024K)]
  0x0000028eea9ce500 JavaThread "Unconstrained build operations Thread 39"        [_thread_blocked, id=6636, stack(0x000000c635100000,0x000000c635200000) (1024K)]
  0x0000028eec626300 JavaThread "Memory manager"                    [_thread_blocked, id=24616, stack(0x000000c635200000,0x000000c635300000) (1024K)]
  0x0000028eec626990 JavaThread "build event listener"              [_thread_blocked, id=32008, stack(0x000000c635300000,0x000000c635400000) (1024K)]
  0x0000028eec6255e0 JavaThread "Problems report writer"            [_thread_blocked, id=32088, stack(0x000000c62f800000,0x000000c62f900000) (1024K)]
  0x0000028eed84b2c0 JavaThread "jar transforms Thread 3"           [_thread_blocked, id=19880, stack(0x000000c62f900000,0x000000c62fa00000) (1024K)]
  0x0000028eed84cd00 JavaThread "jar transforms Thread 4"           [_thread_blocked, id=5524, stack(0x000000c635400000,0x000000c635500000) (1024K)]
Total: 79

Other Threads:
  0x0000028ee3fabaa0 VMThread "VM Thread"                           [id=32196, stack(0x000000c630100000,0x000000c630200000) (1024K)]
  0x0000028ee3f98fe0 WatcherThread "VM Periodic Task Thread"        [id=30400, stack(0x000000c630000000,0x000000c630100000) (1024K)]
  0x0000028ecdce8980 WorkerThread "GC Thread#0"                     [id=5112, stack(0x000000c62fb00000,0x000000c62fc00000) (1024K)]
  0x0000028ee42c9120 WorkerThread "GC Thread#1"                     [id=12584, stack(0x000000c630c00000,0x000000c630d00000) (1024K)]
  0x0000028ee42e2510 WorkerThread "GC Thread#2"                     [id=22532, stack(0x000000c630d00000,0x000000c630e00000) (1024K)]
  0x0000028ee42e28c0 WorkerThread "GC Thread#3"                     [id=28180, stack(0x000000c630e00000,0x000000c630f00000) (1024K)]
  0x0000028ee9163f20 WorkerThread "GC Thread#4"                     [id=31352, stack(0x000000c630f00000,0x000000c631000000) (1024K)]
  0x0000028eea321a60 WorkerThread "GC Thread#5"                     [id=27696, stack(0x000000c631c00000,0x000000c631d00000) (1024K)]
  0x0000028ee9ed02a0 WorkerThread "GC Thread#6"                     [id=2356, stack(0x000000c631d00000,0x000000c631e00000) (1024K)]
  0x0000028ee9ed0650 WorkerThread "GC Thread#7"                     [id=12928, stack(0x000000c631e00000,0x000000c631f00000) (1024K)]
  0x0000028ecdcf1780 ConcurrentGCThread "G1 Main Marker"            [id=10300, stack(0x000000c62fc00000,0x000000c62fd00000) (1024K)]
  0x0000028ecdcf30b0 WorkerThread "G1 Conc#0"                       [id=12952, stack(0x000000c62fd00000,0x000000c62fe00000) (1024K)]
  0x0000028eea720c80 WorkerThread "G1 Conc#1"                       [id=32656, stack(0x000000c632100000,0x000000c632200000) (1024K)]
  0x0000028ee3e710a0 ConcurrentGCThread "G1 Refine#0"               [id=21844, stack(0x000000c62fe00000,0x000000c62ff00000) (1024K)]
  0x0000028ee3e718d0 ConcurrentGCThread "G1 Service"                [id=24596, stack(0x000000c62ff00000,0x000000c630000000) (1024K)]
Total: 15

Threads with active compile tasks:
C2 CompilerThread0  92358 12875       4       org.gradle.internal.instantiation.generator.AbstractClassGenerator::inspectType (602 bytes)
Total: 1

VM state: not at safepoint (normal execution)

VM Mutex/Monitor currently owned by a thread: None

Heap address: 0x00000000c0000000, size: 1024 MB, Compressed Oops mode: 32-bit

CDS archive(s) mapped at: [0x0000028e80000000-0x0000028e80ba0000-0x0000028e80ba0000), size 12189696, SharedBaseAddress: 0x0000028e80000000, ArchiveRelocationMode: 1.
Compressed class space mapped at: 0x0000028e81000000-0x0000028ec1000000, reserved size: 1073741824
Narrow klass base: 0x0000028e80000000, Narrow klass shift: 0, Narrow klass range: 0x100000000

GC Precious Log:
 CardTable entry size: 512
 Card Set container configuration: InlinePtr #cards 5 size 8 Array Of Cards #cards 12 size 40 Howl #buckets 4 coarsen threshold 1843 Howl Bitmap #cards 512 size 80 coarsen threshold 460 Card regions per heap region 1 cards per card region 2048
 CPUs: 8 total, 8 available
 Memory: 5965M
 Large Page Support: Disabled
 NUMA Support: Disabled
 Compressed Oops: Enabled (32-bit)
 Heap Region Size: 1M
 Heap Min Capacity: 8M
 Heap Initial Capacity: 94M
 Heap Max Capacity: 1G
 Pre-touch: Disabled
 Parallel Workers: 8
 Concurrent Workers: 2
 Concurrent Refinement Workers: 8
 Periodic GC: Disabled

Heap:
 garbage-first heap   total 163840K, used 113354K [0x00000000c0000000, 0x0000000100000000)
  region size 1024K, 18 young (18432K), 4 survivors (4096K)
 Metaspace       used 97645K, committed 99968K, reserved 1179648K
  class space    used 13791K, committed 14912K, reserved 1048576K

Heap Regions: E=young(eden), S=young(survivor), O=old, HS=humongous(starts), HC=humongous(continues), CS=collection set, F=free, TAMS=top-at-mark-start, PB=parsable bottom
|   0|0x00000000c0000000, 0x00000000c0100000, 0x00000000c0100000|100%|HS|  |TAMS 0x00000000c0000000| PB 0x00000000c0000000| Complete 
|   1|0x00000000c0100000, 0x00000000c0200000, 0x00000000c0200000|100%|HC|  |TAMS 0x00000000c0100000| PB 0x00000000c0100000| Complete 
|   2|0x00000000c0200000, 0x00000000c0300000, 0x00000000c0300000|100%|HC|  |TAMS 0x00000000c0200000| PB 0x00000000c0200000| Complete 
|   3|0x00000000c0300000, 0x00000000c0400000, 0x00000000c0400000|100%| O|  |TAMS 0x00000000c0300000| PB 0x00000000c0300000| Untracked 
|   4|0x00000000c0400000, 0x00000000c0500000, 0x00000000c0500000|100%| O|  |TAMS 0x00000000c0400000| PB 0x00000000c0400000| Untracked 
|   5|0x00000000c0500000, 0x00000000c0600000, 0x00000000c0600000|100%| O|  |TAMS 0x00000000c0500000| PB 0x00000000c0500000| Untracked 
|   6|0x00000000c0600000, 0x00000000c0700000, 0x00000000c0700000|100%|HS|  |TAMS 0x00000000c0600000| PB 0x00000000c0600000| Complete 
|   7|0x00000000c0700000, 0x00000000c0800000, 0x00000000c0800000|100%| O|  |TAMS 0x00000000c0700000| PB 0x00000000c0700000| Untracked 
|   8|0x00000000c0800000, 0x00000000c0900000, 0x00000000c0900000|100%| O|  |TAMS 0x00000000c0800000| PB 0x00000000c0800000| Untracked 
|   9|0x00000000c0900000, 0x00000000c0a00000, 0x00000000c0a00000|100%| O|  |TAMS 0x00000000c0900000| PB 0x00000000c0900000| Untracked 
|  10|0x00000000c0a00000, 0x00000000c0b00000, 0x00000000c0b00000|100%| O|  |TAMS 0x00000000c0a00000| PB 0x00000000c0a00000| Untracked 
|  11|0x00000000c0b00000, 0x00000000c0c00000, 0x00000000c0c00000|100%| O|  |TAMS 0x00000000c0b00000| PB 0x00000000c0b00000| Untracked 
|  12|0x00000000c0c00000, 0x00000000c0d00000, 0x00000000c0d00000|100%| O|  |TAMS 0x00000000c0c00000| PB 0x00000000c0c00000| Untracked 
|  13|0x00000000c0d00000, 0x00000000c0e00000, 0x00000000c0e00000|100%| O|  |TAMS 0x00000000c0d00000| PB 0x00000000c0d00000| Untracked 
|  14|0x00000000c0e00000, 0x00000000c0f00000, 0x00000000c0f00000|100%| O|  |TAMS 0x00000000c0e00000| PB 0x00000000c0e00000| Untracked 
|  15|0x00000000c0f00000, 0x00000000c1000000, 0x00000000c1000000|100%| O|  |TAMS 0x00000000c0f00000| PB 0x00000000c0f00000| Untracked 
|  16|0x00000000c1000000, 0x00000000c1100000, 0x00000000c1100000|100%| O|  |TAMS 0x00000000c1000000| PB 0x00000000c1000000| Untracked 
|  17|0x00000000c1100000, 0x00000000c1200000, 0x00000000c1200000|100%| O|  |TAMS 0x00000000c1100000| PB 0x00000000c1100000| Untracked 
|  18|0x00000000c1200000, 0x00000000c1300000, 0x00000000c1300000|100%| O|  |TAMS 0x00000000c1200000| PB 0x00000000c1200000| Untracked 
|  19|0x00000000c1300000, 0x00000000c1400000, 0x00000000c1400000|100%| O|  |TAMS 0x00000000c1300000| PB 0x00000000c1300000| Untracked 
|  20|0x00000000c1400000, 0x00000000c1500000, 0x00000000c1500000|100%| O|  |TAMS 0x00000000c1400000| PB 0x00000000c1400000| Untracked 
|  21|0x00000000c1500000, 0x00000000c1600000, 0x00000000c1600000|100%| O|  |TAMS 0x00000000c1500000| PB 0x00000000c1500000| Untracked 
|  22|0x00000000c1600000, 0x00000000c1700000, 0x00000000c1700000|100%| O|  |TAMS 0x00000000c1600000| PB 0x00000000c1600000| Untracked 
|  23|0x00000000c1700000, 0x00000000c1800000, 0x00000000c1800000|100%| O|  |TAMS 0x00000000c1700000| PB 0x00000000c1700000| Untracked 
|  24|0x00000000c1800000, 0x00000000c1900000, 0x00000000c1900000|100%| O|  |TAMS 0x00000000c1800000| PB 0x00000000c1800000| Untracked 
|  25|0x00000000c1900000, 0x00000000c1a00000, 0x00000000c1a00000|100%| O|  |TAMS 0x00000000c1900000| PB 0x00000000c1900000| Untracked 
|  26|0x00000000c1a00000, 0x00000000c1b00000, 0x00000000c1b00000|100%| O|  |TAMS 0x00000000c1a00000| PB 0x00000000c1a00000| Untracked 
|  27|0x00000000c1b00000, 0x00000000c1c00000, 0x00000000c1c00000|100%| O|  |TAMS 0x00000000c1b00000| PB 0x00000000c1b00000| Untracked 
|  28|0x00000000c1c00000, 0x00000000c1d00000, 0x00000000c1d00000|100%| O|  |TAMS 0x00000000c1c00000| PB 0x00000000c1c00000| Untracked 
|  29|0x00000000c1d00000, 0x00000000c1e00000, 0x00000000c1e00000|100%| O|  |TAMS 0x00000000c1d00000| PB 0x00000000c1d00000| Untracked 
|  30|0x00000000c1e00000, 0x00000000c1f00000, 0x00000000c1f00000|100%| O|  |TAMS 0x00000000c1e00000| PB 0x00000000c1e00000| Untracked 
|  31|0x00000000c1f00000, 0x00000000c2000000, 0x00000000c2000000|100%| O|  |TAMS 0x00000000c1f00000| PB 0x00000000c1f00000| Untracked 
|  32|0x00000000c2000000, 0x00000000c2100000, 0x00000000c2100000|100%| O|  |TAMS 0x00000000c2000000| PB 0x00000000c2000000| Untracked 
|  33|0x00000000c2100000, 0x00000000c2200000, 0x00000000c2200000|100%| O|  |TAMS 0x00000000c2100000| PB 0x00000000c2100000| Untracked 
|  34|0x00000000c2200000, 0x00000000c2300000, 0x00000000c2300000|100%| O|  |TAMS 0x00000000c2200000| PB 0x00000000c2200000| Untracked 
|  35|0x00000000c2300000, 0x00000000c2400000, 0x00000000c2400000|100%| O|  |TAMS 0x00000000c2300000| PB 0x00000000c2300000| Untracked 
|  36|0x00000000c2400000, 0x00000000c2500000, 0x00000000c2500000|100%| O|  |TAMS 0x00000000c2400000| PB 0x00000000c2400000| Untracked 
|  37|0x00000000c2500000, 0x00000000c2600000, 0x00000000c2600000|100%| O|  |TAMS 0x00000000c2500000| PB 0x00000000c2500000| Untracked 
|  38|0x00000000c2600000, 0x00000000c2700000, 0x00000000c2700000|100%| O|  |TAMS 0x00000000c2600000| PB 0x00000000c2600000| Untracked 
|  39|0x00000000c2700000, 0x00000000c2800000, 0x00000000c2800000|100%| O|  |TAMS 0x00000000c2700000| PB 0x00000000c2700000| Untracked 
|  40|0x00000000c2800000, 0x00000000c2900000, 0x00000000c2900000|100%| O|  |TAMS 0x00000000c2800000| PB 0x00000000c2800000| Untracked 
|  41|0x00000000c2900000, 0x00000000c2a00000, 0x00000000c2a00000|100%| O|  |TAMS 0x00000000c2900000| PB 0x00000000c2900000| Untracked 
|  42|0x00000000c2a00000, 0x00000000c2b00000, 0x00000000c2b00000|100%| O|  |TAMS 0x00000000c2a00000| PB 0x00000000c2a00000| Untracked 
|  43|0x00000000c2b00000, 0x00000000c2c00000, 0x00000000c2c00000|100%| O|  |TAMS 0x00000000c2b00000| PB 0x00000000c2b00000| Untracked 
|  44|0x00000000c2c00000, 0x00000000c2d00000, 0x00000000c2d00000|100%| O|Cm|TAMS 0x00000000c2c00000| PB 0x00000000c2c00000| Complete 
|  45|0x00000000c2d00000, 0x00000000c2e00000, 0x00000000c2e00000|100%| O|  |TAMS 0x00000000c2d00000| PB 0x00000000c2d00000| Untracked 
|  46|0x00000000c2e00000, 0x00000000c2f00000, 0x00000000c2f00000|100%|HS|  |TAMS 0x00000000c2e00000| PB 0x00000000c2e00000| Complete 
|  47|0x00000000c2f00000, 0x00000000c3000000, 0x00000000c3000000|100%|HS|  |TAMS 0x00000000c2f00000| PB 0x00000000c2f00000| Complete 
|  48|0x00000000c3000000, 0x00000000c3100000, 0x00000000c3100000|100%|HC|  |TAMS 0x00000000c3000000| PB 0x00000000c3000000| Complete 
|  49|0x00000000c3100000, 0x00000000c3200000, 0x00000000c3200000|100%|HS|  |TAMS 0x00000000c3100000| PB 0x00000000c3100000| Complete 
|  50|0x00000000c3200000, 0x00000000c3300000, 0x00000000c3300000|100%|HS|  |TAMS 0x00000000c3200000| PB 0x00000000c3200000| Complete 
|  51|0x00000000c3300000, 0x00000000c3400000, 0x00000000c3400000|100%|HS|  |TAMS 0x00000000c3300000| PB 0x00000000c3300000| Complete 
|  52|0x00000000c3400000, 0x00000000c3500000, 0x00000000c3500000|100%|HS|  |TAMS 0x00000000c3400000| PB 0x00000000c3400000| Complete 
|  53|0x00000000c3500000, 0x00000000c3600000, 0x00000000c3600000|100%|HC|  |TAMS 0x00000000c3500000| PB 0x00000000c3500000| Complete 
|  54|0x00000000c3600000, 0x00000000c3700000, 0x00000000c3700000|100%| O|  |TAMS 0x00000000c3600000| PB 0x00000000c3600000| Untracked 
|  55|0x00000000c3700000, 0x00000000c3800000, 0x00000000c3800000|100%| O|  |TAMS 0x00000000c3700000| PB 0x00000000c3700000| Untracked 
|  56|0x00000000c3800000, 0x00000000c3900000, 0x00000000c3900000|100%| O|  |TAMS 0x00000000c3800000| PB 0x00000000c3800000| Untracked 
|  57|0x00000000c3900000, 0x00000000c3a00000, 0x00000000c3a00000|100%| O|  |TAMS 0x00000000c3900000| PB 0x00000000c3900000| Untracked 
|  58|0x00000000c3a00000, 0x00000000c3b00000, 0x00000000c3b00000|100%| O|  |TAMS 0x00000000c3a00000| PB 0x00000000c3a00000| Untracked 
|  59|0x00000000c3b00000, 0x00000000c3c00000, 0x00000000c3c00000|100%| O|  |TAMS 0x00000000c3b00000| PB 0x00000000c3b00000| Untracked 
|  60|0x00000000c3c00000, 0x00000000c3d00000, 0x00000000c3d00000|100%|HS|  |TAMS 0x00000000c3c00000| PB 0x00000000c3c00000| Complete 
|  61|0x00000000c3d00000, 0x00000000c3e00000, 0x00000000c3e00000|100%|HS|  |TAMS 0x00000000c3d00000| PB 0x00000000c3d00000| Complete 
|  62|0x00000000c3e00000, 0x00000000c3f00000, 0x00000000c3f00000|100%| O|  |TAMS 0x00000000c3e00000| PB 0x00000000c3e00000| Untracked 
|  63|0x00000000c3f00000, 0x00000000c4000000, 0x00000000c4000000|100%| O|  |TAMS 0x00000000c3f00000| PB 0x00000000c3f00000| Untracked 
|  64|0x00000000c4000000, 0x00000000c4100000, 0x00000000c4100000|100%| O|  |TAMS 0x00000000c4000000| PB 0x00000000c4000000| Untracked 
|  65|0x00000000c4100000, 0x00000000c4200000, 0x00000000c4200000|100%| O|  |TAMS 0x00000000c4100000| PB 0x00000000c4100000| Untracked 
|  66|0x00000000c4200000, 0x00000000c4300000, 0x00000000c4300000|100%| O|  |TAMS 0x00000000c4200000| PB 0x00000000c4200000| Untracked 
|  67|0x00000000c4300000, 0x00000000c4400000, 0x00000000c4400000|100%| O|  |TAMS 0x00000000c4300000| PB 0x00000000c4300000| Untracked 
|  68|0x00000000c4400000, 0x00000000c4500000, 0x00000000c4500000|100%| O|  |TAMS 0x00000000c4400000| PB 0x00000000c4400000| Untracked 
|  69|0x00000000c4500000, 0x00000000c4600000, 0x00000000c4600000|100%| O|Cm|TAMS 0x00000000c4500000| PB 0x00000000c4500000| Complete 
|  70|0x00000000c4600000, 0x00000000c4700000, 0x00000000c4700000|100%| O|  |TAMS 0x00000000c4600000| PB 0x00000000c4600000| Untracked 
|  71|0x00000000c4700000, 0x00000000c4800000, 0x00000000c4800000|100%| O|  |TAMS 0x00000000c4700000| PB 0x00000000c4700000| Untracked 
|  72|0x00000000c4800000, 0x00000000c4900000, 0x00000000c4900000|100%|HS|  |TAMS 0x00000000c4800000| PB 0x00000000c4800000| Complete 
|  73|0x00000000c4900000, 0x00000000c4a00000, 0x00000000c4a00000|100%| O|  |TAMS 0x00000000c4900000| PB 0x00000000c4900000| Untracked 
|  74|0x00000000c4a00000, 0x00000000c4b00000, 0x00000000c4b00000|100%| O|  |TAMS 0x00000000c4a00000| PB 0x00000000c4a00000| Untracked 
|  75|0x00000000c4b00000, 0x00000000c4c00000, 0x00000000c4c00000|100%| O|  |TAMS 0x00000000c4b00000| PB 0x00000000c4b00000| Untracked 
|  76|0x00000000c4c00000, 0x00000000c4d00000, 0x00000000c4d00000|100%| O|  |TAMS 0x00000000c4c00000| PB 0x00000000c4c00000| Untracked 
|  77|0x00000000c4d00000, 0x00000000c4e00000, 0x00000000c4e00000|100%| O|  |TAMS 0x00000000c4d00000| PB 0x00000000c4d00000| Untracked 
|  78|0x00000000c4e00000, 0x00000000c4f00000, 0x00000000c4f00000|100%| O|  |TAMS 0x00000000c4e00000| PB 0x00000000c4e00000| Untracked 
|  79|0x00000000c4f00000, 0x00000000c5000000, 0x00000000c5000000|100%| O|  |TAMS 0x00000000c4f00000| PB 0x00000000c4f00000| Untracked 
|  80|0x00000000c5000000, 0x00000000c5100000, 0x00000000c5100000|100%| O|  |TAMS 0x00000000c5000000| PB 0x00000000c5000000| Untracked 
|  81|0x00000000c5100000, 0x00000000c5200000, 0x00000000c5200000|100%| O|  |TAMS 0x00000000c5100000| PB 0x00000000c5100000| Untracked 
|  82|0x00000000c5200000, 0x00000000c5300000, 0x00000000c5300000|100%| O|  |TAMS 0x00000000c5200000| PB 0x00000000c5200000| Untracked 
|  83|0x00000000c5300000, 0x00000000c5400000, 0x00000000c5400000|100%| O|  |TAMS 0x00000000c5300000| PB 0x00000000c5300000| Untracked 
|  84|0x00000000c5400000, 0x00000000c5500000, 0x00000000c5500000|100%|HS|  |TAMS 0x00000000c5400000| PB 0x00000000c5400000| Complete 
|  85|0x00000000c5500000, 0x00000000c5500000, 0x00000000c5600000|  0%| F|  |TAMS 0x00000000c5500000| PB 0x00000000c5500000| Untracked 
|  86|0x00000000c5600000, 0x00000000c5600000, 0x00000000c5700000|  0%| F|  |TAMS 0x00000000c5600000| PB 0x00000000c5600000| Untracked 
|  87|0x00000000c5700000, 0x00000000c5700000, 0x00000000c5800000|  0%| F|  |TAMS 0x00000000c5700000| PB 0x00000000c5700000| Untracked 
|  88|0x00000000c5800000, 0x00000000c5800000, 0x00000000c5900000|  0%| F|  |TAMS 0x00000000c5800000| PB 0x00000000c5800000| Untracked 
|  89|0x00000000c5900000, 0x00000000c5900000, 0x00000000c5a00000|  0%| F|  |TAMS 0x00000000c5900000| PB 0x00000000c5900000| Untracked 
|  90|0x00000000c5a00000, 0x00000000c5a00000, 0x00000000c5b00000|  0%| F|  |TAMS 0x00000000c5a00000| PB 0x00000000c5a00000| Untracked 
|  91|0x00000000c5b00000, 0x00000000c5c00000, 0x00000000c5c00000|100%| O|  |TAMS 0x00000000c5b00000| PB 0x00000000c5b00000| Untracked 
|  92|0x00000000c5c00000, 0x00000000c5d00000, 0x00000000c5d00000|100%| O|  |TAMS 0x00000000c5c00000| PB 0x00000000c5c00000| Untracked 
|  93|0x00000000c5d00000, 0x00000000c5e00000, 0x00000000c5e00000|100%| O|  |TAMS 0x00000000c5d00000| PB 0x00000000c5d00000| Untracked 
|  94|0x00000000c5e00000, 0x00000000c5f00000, 0x00000000c5f00000|100%| O|  |TAMS 0x00000000c5e00000| PB 0x00000000c5e00000| Untracked 
|  95|0x00000000c5f00000, 0x00000000c5fb6670, 0x00000000c6000000| 71%| O|  |TAMS 0x00000000c5f00000| PB 0x00000000c5f00000| Untracked 
|  96|0x00000000c6000000, 0x00000000c6000000, 0x00000000c6100000|  0%| F|  |TAMS 0x00000000c6000000| PB 0x00000000c6000000| Untracked 
|  97|0x00000000c6100000, 0x00000000c6100000, 0x00000000c6200000|  0%| F|  |TAMS 0x00000000c6100000| PB 0x00000000c6100000| Untracked 
|  98|0x00000000c6200000, 0x00000000c6200000, 0x00000000c6300000|  0%| F|  |TAMS 0x00000000c6200000| PB 0x00000000c6200000| Untracked 
|  99|0x00000000c6300000, 0x00000000c6300000, 0x00000000c6400000|  0%| F|  |TAMS 0x00000000c6300000| PB 0x00000000c6300000| Untracked 
| 100|0x00000000c6400000, 0x00000000c6400000, 0x00000000c6500000|  0%| F|  |TAMS 0x00000000c6400000| PB 0x00000000c6400000| Untracked 
| 101|0x00000000c6500000, 0x00000000c6500000, 0x00000000c6600000|  0%| F|  |TAMS 0x00000000c6500000| PB 0x00000000c6500000| Untracked 
| 102|0x00000000c6600000, 0x00000000c6600000, 0x00000000c6700000|  0%| F|  |TAMS 0x00000000c6600000| PB 0x00000000c6600000| Untracked 
| 103|0x00000000c6700000, 0x00000000c6700000, 0x00000000c6800000|  0%| F|  |TAMS 0x00000000c6700000| PB 0x00000000c6700000| Untracked 
| 104|0x00000000c6800000, 0x00000000c6800000, 0x00000000c6900000|  0%| F|  |TAMS 0x00000000c6800000| PB 0x00000000c6800000| Untracked 
| 105|0x00000000c6900000, 0x00000000c6900000, 0x00000000c6a00000|  0%| F|  |TAMS 0x00000000c6900000| PB 0x00000000c6900000| Untracked 
| 106|0x00000000c6a00000, 0x00000000c6a00000, 0x00000000c6b00000|  0%| F|  |TAMS 0x00000000c6a00000| PB 0x00000000c6a00000| Untracked 
| 107|0x00000000c6b00000, 0x00000000c6b00000, 0x00000000c6c00000|  0%| F|  |TAMS 0x00000000c6b00000| PB 0x00000000c6b00000| Untracked 
| 108|0x00000000c6c00000, 0x00000000c6cfc3a0, 0x00000000c6d00000| 98%| S|CS|TAMS 0x00000000c6c00000| PB 0x00000000c6c00000| Complete 
| 109|0x00000000c6d00000, 0x00000000c6e00000, 0x00000000c6e00000|100%| S|CS|TAMS 0x00000000c6d00000| PB 0x00000000c6d00000| Complete 
| 110|0x00000000c6e00000, 0x00000000c6f00000, 0x00000000c6f00000|100%| S|CS|TAMS 0x00000000c6e00000| PB 0x00000000c6e00000| Complete 
| 111|0x00000000c6f00000, 0x00000000c7000000, 0x00000000c7000000|100%| S|CS|TAMS 0x00000000c6f00000| PB 0x00000000c6f00000| Complete 
| 112|0x00000000c7000000, 0x00000000c7000000, 0x00000000c7100000|  0%| F|  |TAMS 0x00000000c7000000| PB 0x00000000c7000000| Untracked 
| 113|0x00000000c7100000, 0x00000000c7100000, 0x00000000c7200000|  0%| F|  |TAMS 0x00000000c7100000| PB 0x00000000c7100000| Untracked 
| 114|0x00000000c7200000, 0x00000000c7200000, 0x00000000c7300000|  0%| F|  |TAMS 0x00000000c7200000| PB 0x00000000c7200000| Untracked 
| 115|0x00000000c7300000, 0x00000000c7300000, 0x00000000c7400000|  0%| F|  |TAMS 0x00000000c7300000| PB 0x00000000c7300000| Untracked 
| 116|0x00000000c7400000, 0x00000000c7400000, 0x00000000c7500000|  0%| F|  |TAMS 0x00000000c7400000| PB 0x00000000c7400000| Untracked 
| 117|0x00000000c7500000, 0x00000000c7500000, 0x00000000c7600000|  0%| F|  |TAMS 0x00000000c7500000| PB 0x00000000c7500000| Untracked 
| 118|0x00000000c7600000, 0x00000000c7600000, 0x00000000c7700000|  0%| F|  |TAMS 0x00000000c7600000| PB 0x00000000c7600000| Untracked 
| 119|0x00000000c7700000, 0x00000000c7700000, 0x00000000c7800000|  0%| F|  |TAMS 0x00000000c7700000| PB 0x00000000c7700000| Untracked 
| 120|0x00000000c7800000, 0x00000000c7800000, 0x00000000c7900000|  0%| F|  |TAMS 0x00000000c7800000| PB 0x00000000c7800000| Untracked 
| 121|0x00000000c7900000, 0x00000000c7900000, 0x00000000c7a00000|  0%| F|  |TAMS 0x00000000c7900000| PB 0x00000000c7900000| Untracked 
| 122|0x00000000c7a00000, 0x00000000c7a00000, 0x00000000c7b00000|  0%| F|  |TAMS 0x00000000c7a00000| PB 0x00000000c7a00000| Untracked 
| 123|0x00000000c7b00000, 0x00000000c7b00000, 0x00000000c7c00000|  0%| F|  |TAMS 0x00000000c7b00000| PB 0x00000000c7b00000| Untracked 
| 124|0x00000000c7c00000, 0x00000000c7c00000, 0x00000000c7d00000|  0%| F|  |TAMS 0x00000000c7c00000| PB 0x00000000c7c00000| Untracked 
| 125|0x00000000c7d00000, 0x00000000c7d00000, 0x00000000c7e00000|  0%| F|  |TAMS 0x00000000c7d00000| PB 0x00000000c7d00000| Untracked 
| 126|0x00000000c7e00000, 0x00000000c7e00000, 0x00000000c7f00000|  0%| F|  |TAMS 0x00000000c7e00000| PB 0x00000000c7e00000| Untracked 
| 127|0x00000000c7f00000, 0x00000000c7f00000, 0x00000000c8000000|  0%| F|  |TAMS 0x00000000c7f00000| PB 0x00000000c7f00000| Untracked 
| 128|0x00000000c8000000, 0x00000000c8000000, 0x00000000c8100000|  0%| F|  |TAMS 0x00000000c8000000| PB 0x00000000c8000000| Untracked 
| 129|0x00000000c8100000, 0x00000000c8100000, 0x00000000c8200000|  0%| F|  |TAMS 0x00000000c8100000| PB 0x00000000c8100000| Untracked 
| 130|0x00000000c8200000, 0x00000000c8200000, 0x00000000c8300000|  0%| F|  |TAMS 0x00000000c8200000| PB 0x00000000c8200000| Untracked 
| 131|0x00000000c8300000, 0x00000000c8300000, 0x00000000c8400000|  0%| F|  |TAMS 0x00000000c8300000| PB 0x00000000c8300000| Untracked 
| 132|0x00000000c8400000, 0x00000000c8400000, 0x00000000c8500000|  0%| F|  |TAMS 0x00000000c8400000| PB 0x00000000c8400000| Untracked 
| 133|0x00000000c8500000, 0x00000000c8500000, 0x00000000c8600000|  0%| F|  |TAMS 0x00000000c8500000| PB 0x00000000c8500000| Untracked 
| 134|0x00000000c8600000, 0x00000000c8600000, 0x00000000c8700000|  0%| F|  |TAMS 0x00000000c8600000| PB 0x00000000c8600000| Untracked 
| 135|0x00000000c8700000, 0x00000000c8700000, 0x00000000c8800000|  0%| F|  |TAMS 0x00000000c8700000| PB 0x00000000c8700000| Untracked 
| 136|0x00000000c8800000, 0x00000000c8800000, 0x00000000c8900000|  0%| F|  |TAMS 0x00000000c8800000| PB 0x00000000c8800000| Untracked 
| 137|0x00000000c8900000, 0x00000000c8900000, 0x00000000c8a00000|  0%| F|  |TAMS 0x00000000c8900000| PB 0x00000000c8900000| Untracked 
| 138|0x00000000c8a00000, 0x00000000c8a00000, 0x00000000c8b00000|  0%| F|  |TAMS 0x00000000c8a00000| PB 0x00000000c8a00000| Untracked 
| 139|0x00000000c8b00000, 0x00000000c8b00000, 0x00000000c8c00000|  0%| F|  |TAMS 0x00000000c8b00000| PB 0x00000000c8b00000| Untracked 
| 140|0x00000000c8c00000, 0x00000000c8c00000, 0x00000000c8d00000|  0%| F|  |TAMS 0x00000000c8c00000| PB 0x00000000c8c00000| Untracked 
| 141|0x00000000c8d00000, 0x00000000c8d00000, 0x00000000c8e00000|  0%| F|  |TAMS 0x00000000c8d00000| PB 0x00000000c8d00000| Untracked 
| 142|0x00000000c8e00000, 0x00000000c8f00000, 0x00000000c8f00000|100%| E|  |TAMS 0x00000000c8e00000| PB 0x00000000c8e00000| Complete 
| 143|0x00000000c8f00000, 0x00000000c9000000, 0x00000000c9000000|100%| E|CS|TAMS 0x00000000c8f00000| PB 0x00000000c8f00000| Complete 
| 144|0x00000000c9000000, 0x00000000c9100000, 0x00000000c9100000|100%| E|CS|TAMS 0x00000000c9000000| PB 0x00000000c9000000| Complete 
| 145|0x00000000c9100000, 0x00000000c9200000, 0x00000000c9200000|100%| E|CS|TAMS 0x00000000c9100000| PB 0x00000000c9100000| Complete 
| 146|0x00000000c9200000, 0x00000000c9300000, 0x00000000c9300000|100%| E|CS|TAMS 0x00000000c9200000| PB 0x00000000c9200000| Complete 
| 147|0x00000000c9300000, 0x00000000c9400000, 0x00000000c9400000|100%| E|CS|TAMS 0x00000000c9300000| PB 0x00000000c9300000| Complete 
| 148|0x00000000c9400000, 0x00000000c9500000, 0x00000000c9500000|100%| E|CS|TAMS 0x00000000c9400000| PB 0x00000000c9400000| Complete 
| 149|0x00000000c9500000, 0x00000000c9600000, 0x00000000c9600000|100%| E|CS|TAMS 0x00000000c9500000| PB 0x00000000c9500000| Complete 
| 150|0x00000000c9600000, 0x00000000c9700000, 0x00000000c9700000|100%| E|CS|TAMS 0x00000000c9600000| PB 0x00000000c9600000| Complete 
| 151|0x00000000c9700000, 0x00000000c9800000, 0x00000000c9800000|100%| E|CS|TAMS 0x00000000c9700000| PB 0x00000000c9700000| Complete 
| 152|0x00000000c9800000, 0x00000000c9900000, 0x00000000c9900000|100%| E|CS|TAMS 0x00000000c9800000| PB 0x00000000c9800000| Complete 
| 153|0x00000000c9900000, 0x00000000c9a00000, 0x00000000c9a00000|100%| E|CS|TAMS 0x00000000c9900000| PB 0x00000000c9900000| Complete 
| 154|0x00000000c9a00000, 0x00000000c9b00000, 0x00000000c9b00000|100%| E|CS|TAMS 0x00000000c9a00000| PB 0x00000000c9a00000| Complete 
| 155|0x00000000c9b00000, 0x00000000c9c00000, 0x00000000c9c00000|100%| E|CS|TAMS 0x00000000c9b00000| PB 0x00000000c9b00000| Complete 
|1020|0x00000000ffc00000, 0x00000000ffd00000, 0x00000000ffd00000|100%| O|  |TAMS 0x00000000ffc00000| PB 0x00000000ffc00000| Untracked 
|1021|0x00000000ffd00000, 0x00000000ffe00000, 0x00000000ffe00000|100%| O|  |TAMS 0x00000000ffd00000| PB 0x00000000ffd00000| Untracked 
|1022|0x00000000ffe00000, 0x00000000fff00000, 0x00000000fff00000|100%| O|  |TAMS 0x00000000ffe00000| PB 0x00000000ffe00000| Untracked 
|1023|0x00000000fff00000, 0x0000000100000000, 0x0000000100000000|100%| O|  |TAMS 0x00000000fff00000| PB 0x00000000fff00000| Untracked 

Card table byte_map: [0x0000028ee03e0000,0x0000028ee05e0000] _byte_map_base: 0x0000028edfde0000

Marking Bits: (CMBitMap*) 0x0000028ecdce8ea0
 Bits: [0x0000028ee05e0000, 0x0000028ee15e0000)

Polling page: 0x0000028ecbc60000

Metaspace:

Usage:
  Non-class:     81.89 MB used.
      Class:     13.47 MB used.
       Both:     95.36 MB used.

Virtual space:
  Non-class space:      128.00 MB reserved,      83.06 MB ( 65%) committed,  2 nodes.
      Class space:        1.00 GB reserved,      14.56 MB (  1%) committed,  1 nodes.
             Both:        1.12 GB reserved,      97.62 MB (  8%) committed. 

Chunk freelists:
   Non-Class:  12.39 MB
       Class:  1.44 MB
        Both:  13.83 MB

MaxMetaspaceSize: unlimited
CompressedClassSpaceSize: 1.00 GB
Initial GC threshold: 21.00 MB
Current GC threshold: 158.25 MB
CDS: on
 - commit_granule_bytes: 65536.
 - commit_granule_words: 8192.
 - virtual_space_node_default_size: 8388608.
 - enlarge_chunks_in_place: 1.
 - use_allocation_guard: 0.


Internal statistics:

num_allocs_failed_limit: 6.
num_arena_births: 4212.
num_arena_deaths: 0.
num_vsnodes_births: 3.
num_vsnodes_deaths: 0.
num_space_committed: 1562.
num_space_uncommitted: 0.
num_chunks_returned_to_freelist: 6.
num_chunks_taken_from_freelist: 8924.
num_chunk_merges: 6.
num_chunk_splits: 5751.
num_chunks_enlarged: 3525.
num_inconsistent_stats: 0.

CodeHeap 'non-profiled nmethods': size=120000Kb used=6309Kb max_used=6309Kb free=113690Kb
 bounds [0x0000028ed8980000, 0x0000028ed8fb0000, 0x0000028edfeb0000]
CodeHeap 'profiled nmethods': size=120000Kb used=21180Kb max_used=21180Kb free=98819Kb
 bounds [0x0000028ed0eb0000, 0x0000028ed2360000, 0x0000028ed83e0000]
CodeHeap 'non-nmethods': size=5760Kb used=2759Kb max_used=2817Kb free=3000Kb
 bounds [0x0000028ed83e0000, 0x0000028ed86c0000, 0x0000028ed8980000]
CodeCache: size=245760Kb, used=30248Kb, max_used=30306Kb, free=215509Kb
 total_blobs=11984, nmethods=10969, adapters=918, full_count=0
Compilation: enabled, stopped_count=0, restarted_count=0

Compilation events (20 events):
Event: 92.015 Thread 0x0000028ee3fdb160 12894       3       org.gradle.internal.instantiation.generator.AsmBackedClassGenerator$ClassBuilderImpl$$Lambda/0x0000028e811e5e98::emit (9 bytes)
Event: 92.016 Thread 0x0000028ee3fdb160 nmethod 12894 0x0000028ed2342b10 code [0x0000028ed2342cc0, 0x0000028ed2342ec8]
Event: 92.016 Thread 0x0000028ee3fdb160 12895       3       org.gradle.internal.instantiation.generator.AsmBackedClassGenerator$ClassBuilderImpl::lambda$generateToStringSupport$40 (11 bytes)
Event: 92.016 Thread 0x0000028ee3fdb160 nmethod 12895 0x0000028ed2343010 code [0x0000028ed23431c0, 0x0000028ed2343368]
Event: 92.016 Thread 0x0000028ee3fdb160 12896       3       org.gradle.internal.instantiation.generator.AsmBackedClassGenerator$ClassBuilderImpl$41::<init> (149 bytes)
Event: 92.019 Thread 0x0000028ee3fdb160 nmethod 12896 0x0000028ed2343410 code [0x0000028ed2343920, 0x0000028ed2346988]
Event: 92.020 Thread 0x0000028ee3fdb160 12897       3       org.gradle.internal.instantiation.generator.AsmBackedClassGenerator$ClassBuilderImpl::applyServiceInjectionToGetter (8 bytes)
Event: 92.020 Thread 0x0000028ee3fdb160 nmethod 12897 0x0000028ed2347790 code [0x0000028ed2347940, 0x0000028ed2347aa0]
Event: 92.020 Thread 0x0000028ee3fdb160 12898       3       org.gradle.internal.instantiation.generator.AsmBackedClassGenerator$ClassBuilderImpl::access$5700 (4 bytes)
Event: 92.020 Thread 0x0000028ee3fdb160 nmethod 12898 0x0000028ed0f4a590 code [0x0000028ed0f4a720, 0x0000028ed0f4a818]
Event: 92.064 Thread 0x0000028ee3fdb160 12899       3       com.google.common.collect.ImmutableList::copyOf (53 bytes)
Event: 92.065 Thread 0x0000028ee3fdb160 nmethod 12899 0x0000028ed2347b90 code [0x0000028ed2347ea0, 0x0000028ed2348ed8]
Event: 92.073 Thread 0x0000028ee3fdb160 12900       3       org.gradle.api.internal.artifacts.resolver.DefaultResolutionOutputs$DefaultArtifactViewConfiguration_Decorated::lenient (12 bytes)
Event: 92.073 Thread 0x0000028ee3fdb160 nmethod 12900 0x0000028ed2349410 code [0x0000028ed23495c0, 0x0000028ed2349738]
Event: 92.073 Thread 0x0000028ee3fdb160 12901       3       org.gradle.api.internal.artifacts.resolver.DefaultResolutionOutputs$DefaultArtifactViewConfiguration::lenient (7 bytes)
Event: 92.073 Thread 0x0000028ee3fdb160 nmethod 12901 0x0000028ed19b7b90 code [0x0000028ed19b7d20, 0x0000028ed19b7e38]
Event: 92.073 Thread 0x0000028ee3fdb160 12902       3       com.android.build.gradle.internal.dependency.VariantDependencies::getArtifactCollection (336 bytes)
Event: 92.079 Thread 0x0000028ee3fdb160 nmethod 12902 0x0000028ed2349810 code [0x0000028ed2349fe0, 0x0000028ed234e238]
Event: 92.099 Thread 0x0000028ee3fdb160 12903   !   3       jdk.proxy1.$Proxy69::annotationType (29 bytes)
Event: 92.099 Thread 0x0000028ee3fdb160 nmethod 12903 0x0000028ed234f910 code [0x0000028ed234fae0, 0x0000028ed234fee0]

GC Heap History (20 events):
Event: 58.451 GC heap before
{Heap before GC invocations=33 (full 0):
 garbage-first heap   total 132096K, used 111726K [0x00000000c0000000, 0x0000000100000000)
  region size 1024K, 37 young (37888K), 4 survivors (4096K)
 Metaspace       used 74739K, committed 76736K, reserved 1114112K
  class space    used 10453K, committed 11456K, reserved 1048576K
}
Event: 58.458 GC heap after
{Heap after GC invocations=34 (full 0):
 garbage-first heap   total 132096K, used 79166K [0x00000000c0000000, 0x0000000100000000)
  region size 1024K, 3 young (3072K), 3 survivors (3072K)
 Metaspace       used 74739K, committed 76736K, reserved 1114112K
  class space    used 10453K, committed 11456K, reserved 1048576K
}
Event: 62.782 GC heap before
{Heap before GC invocations=34 (full 0):
 garbage-first heap   total 132096K, used 121150K [0x00000000c0000000, 0x0000000100000000)
  region size 1024K, 44 young (45056K), 3 survivors (3072K)
 Metaspace       used 76615K, committed 78720K, reserved 1179648K
  class space    used 10738K, committed 11776K, reserved 1048576K
}
Event: 62.790 GC heap after
{Heap after GC invocations=35 (full 0):
 garbage-first heap   total 132096K, used 82449K [0x00000000c0000000, 0x0000000100000000)
  region size 1024K, 6 young (6144K), 6 survivors (6144K)
 Metaspace       used 76615K, committed 78720K, reserved 1179648K
  class space    used 10738K, committed 11776K, reserved 1048576K
}
Event: 64.500 GC heap before
{Heap before GC invocations=35 (full 0):
 garbage-first heap   total 132096K, used 119313K [0x00000000c0000000, 0x0000000100000000)
  region size 1024K, 43 young (44032K), 6 survivors (6144K)
 Metaspace       used 79492K, committed 81536K, reserved 1179648K
  class space    used 11068K, committed 12096K, reserved 1048576K
}
Event: 64.511 GC heap after
{Heap after GC invocations=36 (full 0):
 garbage-first heap   total 132096K, used 84152K [0x00000000c0000000, 0x0000000100000000)
  region size 1024K, 3 young (3072K), 3 survivors (3072K)
 Metaspace       used 79492K, committed 81536K, reserved 1179648K
  class space    used 11068K, committed 12096K, reserved 1048576K
}
Event: 66.838 GC heap before
{Heap before GC invocations=37 (full 0):
 garbage-first heap   total 142336K, used 122040K [0x00000000c0000000, 0x0000000100000000)
  region size 1024K, 39 young (39936K), 3 survivors (3072K)
 Metaspace       used 82281K, committed 84352K, reserved 1179648K
  class space    used 11490K, committed 12544K, reserved 1048576K
}
Event: 66.842 GC heap after
{Heap after GC invocations=38 (full 0):
 garbage-first heap   total 142336K, used 85233K [0x00000000c0000000, 0x0000000100000000)
  region size 1024K, 4 young (4096K), 4 survivors (4096K)
 Metaspace       used 82281K, committed 84352K, reserved 1179648K
  class space    used 11490K, committed 12544K, reserved 1048576K
}
Event: 70.434 GC heap before
{Heap before GC invocations=38 (full 0):
 garbage-first heap   total 142336K, used 131313K [0x00000000c0000000, 0x0000000100000000)
  region size 1024K, 49 young (50176K), 4 survivors (4096K)
 Metaspace       used 86120K, committed 88320K, reserved 1179648K
  class space    used 12161K, committed 13248K, reserved 1048576K
}
Event: 70.443 GC heap after
{Heap after GC invocations=39 (full 0):
 garbage-first heap   total 142336K, used 86349K [0x00000000c0000000, 0x0000000100000000)
  region size 1024K, 7 young (7168K), 7 survivors (7168K)
 Metaspace       used 86120K, committed 88320K, reserved 1179648K
  class space    used 12161K, committed 13248K, reserved 1048576K
}
Event: 73.724 GC heap before
{Heap before GC invocations=39 (full 0):
 garbage-first heap   total 142336K, used 131405K [0x00000000c0000000, 0x0000000100000000)
  region size 1024K, 51 young (52224K), 7 survivors (7168K)
 Metaspace       used 88799K, committed 91008K, reserved 1179648K
  class space    used 12495K, committed 13568K, reserved 1048576K
}
Event: 73.734 GC heap after
{Heap after GC invocations=40 (full 0):
 garbage-first heap   total 142336K, used 87984K [0x00000000c0000000, 0x0000000100000000)
  region size 1024K, 5 young (5120K), 5 survivors (5120K)
 Metaspace       used 88799K, committed 91008K, reserved 1179648K
  class space    used 12495K, committed 13568K, reserved 1048576K
}
Event: 82.893 GC heap before
{Heap before GC invocations=41 (full 0):
 garbage-first heap   total 148480K, used 133040K [0x00000000c0000000, 0x0000000100000000)
  region size 1024K, 49 young (50176K), 5 survivors (5120K)
 Metaspace       used 91820K, committed 94144K, reserved 1179648K
  class space    used 12934K, committed 14080K, reserved 1048576K
}
Event: 82.906 GC heap after
{Heap after GC invocations=42 (full 0):
 garbage-first heap   total 148480K, used 90698K [0x00000000c0000000, 0x0000000100000000)
  region size 1024K, 5 young (5120K), 5 survivors (5120K)
 Metaspace       used 91820K, committed 94144K, reserved 1179648K
  class space    used 12934K, committed 14080K, reserved 1048576K
}
Event: 87.133 GC heap before
{Heap before GC invocations=42 (full 0):
 garbage-first heap   total 148480K, used 137802K [0x00000000c0000000, 0x0000000100000000)
  region size 1024K, 51 young (52224K), 5 survivors (5120K)
 Metaspace       used 94467K, committed 96768K, reserved 1179648K
  class space    used 13322K, committed 14464K, reserved 1048576K
}
Event: 87.159 GC heap after
{Heap after GC invocations=43 (full 0):
 garbage-first heap   total 149504K, used 94801K [0x00000000c0000000, 0x0000000100000000)
  region size 1024K, 7 young (7168K), 7 survivors (7168K)
 Metaspace       used 94467K, committed 96768K, reserved 1179648K
  class space    used 13322K, committed 14464K, reserved 1048576K
}
Event: 87.782 GC heap before
{Heap before GC invocations=43 (full 0):
 garbage-first heap   total 149504K, used 102993K [0x00000000c0000000, 0x0000000100000000)
  region size 1024K, 16 young (16384K), 7 survivors (7168K)
 Metaspace       used 94945K, committed 97216K, reserved 1179648K
  class space    used 13409K, committed 14528K, reserved 1048576K
}
Event: 87.830 GC heap after
{Heap after GC invocations=44 (full 0):
 garbage-first heap   total 149504K, used 96269K [0x00000000c0000000, 0x0000000100000000)
  region size 1024K, 2 young (2048K), 2 survivors (2048K)
 Metaspace       used 94945K, committed 97216K, reserved 1179648K
  class space    used 13409K, committed 14528K, reserved 1048576K
}
Event: 91.720 GC heap before
{Heap before GC invocations=45 (full 0):
 garbage-first heap   total 163840K, used 140301K [0x00000000c0000000, 0x0000000100000000)
  region size 1024K, 44 young (45056K), 2 survivors (2048K)
 Metaspace       used 97026K, committed 99328K, reserved 1179648K
  class space    used 13703K, committed 14848K, reserved 1048576K
}
Event: 91.726 GC heap after
{Heap after GC invocations=46 (full 0):
 garbage-first heap   total 163840K, used 100042K [0x00000000c0000000, 0x0000000100000000)
  region size 1024K, 4 young (4096K), 4 survivors (4096K)
 Metaspace       used 97026K, committed 99328K, reserved 1179648K
  class space    used 13703K, committed 14848K, reserved 1048576K
}

Dll operation events (20 events):
Event: 0.260 Attempting to load shared library C:\Users\LENOVO\.antigravity-ide\extensions\redhat.java-1.56.0-win32-x64\jre\21.0.12.1-win32-x86_64\bin\nio.dll
Event: 0.260 Loaded shared library C:\Users\LENOVO\.antigravity-ide\extensions\redhat.java-1.56.0-win32-x64\jre\21.0.12.1-win32-x86_64\bin\nio.dll
Event: 0.266 Attempting to load shared library C:\Users\LENOVO\.antigravity-ide\extensions\redhat.java-1.56.0-win32-x64\jre\21.0.12.1-win32-x86_64\bin\zip.dll
Event: 0.266 Loaded shared library C:\Users\LENOVO\.antigravity-ide\extensions\redhat.java-1.56.0-win32-x64\jre\21.0.12.1-win32-x86_64\bin\zip.dll
Event: 1.179 Attempting to load shared library C:\Users\LENOVO\.antigravity-ide\extensions\redhat.java-1.56.0-win32-x64\jre\21.0.12.1-win32-x86_64\bin\jimage.dll
Event: 1.179 Loaded shared library C:\Users\LENOVO\.antigravity-ide\extensions\redhat.java-1.56.0-win32-x64\jre\21.0.12.1-win32-x86_64\bin\jimage.dll
Event: 1.536 Attempting to load shared library C:\Users\LENOVO\.antigravity-ide\extensions\redhat.java-1.56.0-win32-x64\jre\21.0.12.1-win32-x86_64\bin\verify.dll
Event: 1.538 Loaded shared library C:\Users\LENOVO\.antigravity-ide\extensions\redhat.java-1.56.0-win32-x64\jre\21.0.12.1-win32-x86_64\bin\verify.dll
Event: 1.757 Attempting to load shared library C:\Users\LENOVO\.gradle\native\1def1411415f61bf3af743bc5b6707747c0891f09f0c88961ee8f79bc544acac\windows-amd64\native-platform.dll
Event: 1.761 Loaded shared library C:\Users\LENOVO\.gradle\native\1def1411415f61bf3af743bc5b6707747c0891f09f0c88961ee8f79bc544acac\windows-amd64\native-platform.dll
Event: 1.788 Attempting to load shared library C:\Users\LENOVO\.gradle\native\0.2.7\x86_64-windows-gnu\gradle-fileevents.dll
Event: 1.793 Loaded shared library C:\Users\LENOVO\.gradle\native\0.2.7\x86_64-windows-gnu\gradle-fileevents.dll
Event: 5.915 Attempting to load shared library C:\Users\LENOVO\.antigravity-ide\extensions\redhat.java-1.56.0-win32-x64\jre\21.0.12.1-win32-x86_64\bin\management.dll
Event: 5.917 Loaded shared library C:\Users\LENOVO\.antigravity-ide\extensions\redhat.java-1.56.0-win32-x64\jre\21.0.12.1-win32-x86_64\bin\management.dll
Event: 5.928 Attempting to load shared library C:\Users\LENOVO\.antigravity-ide\extensions\redhat.java-1.56.0-win32-x64\jre\21.0.12.1-win32-x86_64\bin\management_ext.dll
Event: 5.936 Loaded shared library C:\Users\LENOVO\.antigravity-ide\extensions\redhat.java-1.56.0-win32-x64\jre\21.0.12.1-win32-x86_64\bin\management_ext.dll
Event: 6.666 Attempting to load shared library C:\Users\LENOVO\.antigravity-ide\extensions\redhat.java-1.56.0-win32-x64\jre\21.0.12.1-win32-x86_64\bin\extnet.dll
Event: 6.667 Loaded shared library C:\Users\LENOVO\.antigravity-ide\extensions\redhat.java-1.56.0-win32-x64\jre\21.0.12.1-win32-x86_64\bin\extnet.dll
Event: 7.658 Attempting to load shared library C:\Users\LENOVO\.antigravity-ide\extensions\redhat.java-1.56.0-win32-x64\jre\21.0.12.1-win32-x86_64\bin\sunmscapi.dll
Event: 7.666 Loaded shared library C:\Users\LENOVO\.antigravity-ide\extensions\redhat.java-1.56.0-win32-x64\jre\21.0.12.1-win32-x86_64\bin\sunmscapi.dll

Deoptimization events (20 events):
Event: 90.482 Thread 0x0000028ee9e84c80 DEOPT PACKING pc=0x0000028ed8a229b8 sp=0x000000c6316f8af0
Event: 90.482 Thread 0x0000028ee9e84c80 DEOPT UNPACKING pc=0x0000028ed8434422 sp=0x000000c6316f8a88 mode 2
Event: 90.489 Thread 0x0000028ee9e84c80 Uncommon trap: trap_request=0xffffffd6 fr.pc=0x0000028ed8a229b8 relative=0x0000000000000958
Event: 90.489 Thread 0x0000028ee9e84c80 Uncommon trap: reason=array_check action=maybe_recompile pc=0x0000028ed8a229b8 method=java.util.TimSort.binarySort([Ljava/lang/Object;IIILjava/util/Comparator;)V @ 183 c2
Event: 90.489 Thread 0x0000028ee9e84c80 DEOPT PACKING pc=0x0000028ed8a229b8 sp=0x000000c6316f8af0
Event: 90.489 Thread 0x0000028ee9e84c80 DEOPT UNPACKING pc=0x0000028ed8434422 sp=0x000000c6316f8a88 mode 2
Event: 90.580 Thread 0x0000028ee9e84c80 Uncommon trap: trap_request=0xffffffd6 fr.pc=0x0000028ed8f90194 relative=0x00000000000008b4
Event: 90.580 Thread 0x0000028ee9e84c80 Uncommon trap: reason=array_check action=maybe_recompile pc=0x0000028ed8f90194 method=java.util.TimSort.binarySort([Ljava/lang/Object;IIILjava/util/Comparator;)V @ 193 c2
Event: 90.580 Thread 0x0000028ee9e84c80 DEOPT PACKING pc=0x0000028ed8f90194 sp=0x000000c6316f9a70
Event: 90.580 Thread 0x0000028ee9e84c80 DEOPT UNPACKING pc=0x0000028ed8434422 sp=0x000000c6316f9a28 mode 2
Event: 90.587 Thread 0x0000028ee9e84c80 Uncommon trap: trap_request=0xffffffd6 fr.pc=0x0000028ed8f90194 relative=0x00000000000008b4
Event: 90.587 Thread 0x0000028ee9e84c80 Uncommon trap: reason=array_check action=maybe_recompile pc=0x0000028ed8f90194 method=java.util.TimSort.binarySort([Ljava/lang/Object;IIILjava/util/Comparator;)V @ 193 c2
Event: 90.587 Thread 0x0000028ee9e84c80 DEOPT PACKING pc=0x0000028ed8f90194 sp=0x000000c6316f9f10
Event: 90.587 Thread 0x0000028ee9e84c80 DEOPT UNPACKING pc=0x0000028ed8434422 sp=0x000000c6316f9ec8 mode 2
Event: 90.805 Thread 0x0000028ee9e84c80 Uncommon trap: trap_request=0xfffffff4 fr.pc=0x0000028ed8f83a00 relative=0x0000000000009940
Event: 90.805 Thread 0x0000028ee9e84c80 Uncommon trap: reason=null_check action=make_not_entrant pc=0x0000028ed8f83a00 method=org.gradle.internal.instantiation.generator.AbstractClassGenerator$PropertyMetadata.addGetter(Lorg/gradle/internal/instantiation/generator/AbstractClassGenerator$MethodM
Event: 90.805 Thread 0x0000028ee9e84c80 DEOPT PACKING pc=0x0000028ed8f83a00 sp=0x000000c6316f8770
Event: 90.805 Thread 0x0000028ee9e84c80 DEOPT UNPACKING pc=0x0000028ed8434422 sp=0x000000c6316f86f0 mode 2
Event: 90.972 Thread 0x0000028ee9e84c80 DEOPT PACKING pc=0x0000028ed17c10cc sp=0x000000c6316f9fe0
Event: 90.972 Thread 0x0000028ee9e84c80 DEOPT UNPACKING pc=0x0000028ed8434bc2 sp=0x000000c6316f9610 mode 0

Classes loaded (20 events):
Event: 86.219 Loading class java/lang/StringBeanInfo
Event: 86.219 Loading class java/lang/StringBeanInfo done
Event: 86.219 Loading class java/lang/StringBeanInfo
Event: 86.219 Loading class java/lang/StringBeanInfo done
Event: 86.222 Loading class java/lang/StringCustomizer
Event: 86.222 Loading class java/lang/StringCustomizer done
Event: 86.223 Loading class java/lang/StringCustomizer
Event: 86.223 Loading class java/lang/StringCustomizer done
Event: 86.366 Loading class java/lang/EnumBeanInfo
Event: 86.366 Loading class java/lang/EnumBeanInfo done
Event: 86.367 Loading class java/lang/EnumBeanInfo
Event: 86.367 Loading class java/lang/EnumBeanInfo done
Event: 86.369 Loading class java/lang/EnumCustomizer
Event: 86.369 Loading class java/lang/EnumCustomizer done
Event: 86.370 Loading class java/lang/EnumCustomizer
Event: 86.370 Loading class java/lang/EnumCustomizer done
Event: 86.600 Loading class java/lang/AbstractMethodError
Event: 86.604 Loading class java/lang/AbstractMethodError done
Event: 86.679 Loading class java/util/TreeMap$KeySpliterator
Event: 86.681 Loading class java/util/TreeMap$KeySpliterator done

Classes unloaded (0 events):
No events

Classes redefined (0 events):
No events

Internal exceptions (20 events):
Event: 86.108 Thread 0x0000028ee9e84c80 Exception <a 'java/lang/ClassNotFoundException'{0x00000000c6c46a80}: org/gradle/api/internal/file/DefaultFilePropertyFactory$AbstractFileVarCustomizer> (0x00000000c6c46a80) 
thrown [s\src\hotspot\share\classfile\systemDictionary.cpp, line 313]
Event: 86.135 Thread 0x0000028ee9e84c80 Exception <a 'java/lang/ClassNotFoundException'{0x00000000c6c8abc0}: org/gradle/api/internal/file/DefaultFilePropertyFactory$DefaultRegularFileVarCustomizer> (0x00000000c6c8abc0) 
thrown [s\src\hotspot\share\classfile\systemDictionary.cpp, line 313]
Event: 86.172 Thread 0x0000028ee9e84c80 Exception <a 'java/lang/ClassNotFoundException'{0x00000000c6ce8598}: java/io/FileBeanInfo> (0x00000000c6ce8598) 
thrown [s\src\hotspot\share\classfile\systemDictionary.cpp, line 313]
Event: 86.174 Thread 0x0000028ee9e84c80 Exception <a 'java/lang/ClassNotFoundException'{0x00000000c6cefb48}: java/io/FileCustomizer> (0x00000000c6cefb48) 
thrown [s\src\hotspot\share\classfile\systemDictionary.cpp, line 313]
Event: 86.222 Thread 0x0000028ee9e84c80 Exception <a 'java/lang/ClassNotFoundException'{0x00000000c6a2f1f0}: java/lang/StringBeanInfo> (0x00000000c6a2f1f0) 
thrown [s\src\hotspot\share\classfile\systemDictionary.cpp, line 313]
Event: 86.223 Thread 0x0000028ee9e84c80 Exception <a 'java/lang/ClassNotFoundException'{0x00000000c6a36890}: java/lang/StringCustomizer> (0x00000000c6a36890) 
thrown [s\src\hotspot\share\classfile\systemDictionary.cpp, line 313]
Event: 86.297 Thread 0x0000028ee9e84c80 Exception <a 'java/lang/ClassNotFoundException'{0x00000000c6acf918}: org/gradle/api/internal/artifacts/dsl/dependencies/DefaultDependencyHandler_DecoratedBeanInfo> (0x00000000c6acf918) 
thrown [s\src\hotspot\share\classfile\systemDictionary.cpp, line 313]
Event: 86.304 Thread 0x0000028ee9e84c80 Exception <a 'java/lang/ClassNotFoundException'{0x00000000c6ae5ab0}: org/gradle/api/internal/artifacts/dsl/dependencies/DefaultDependencyHandlerBeanInfo> (0x00000000c6ae5ab0) 
thrown [s\src\hotspot\share\classfile\systemDictionary.cpp, line 313]
Event: 86.306 Thread 0x0000028ee9e84c80 Exception <a 'java/lang/ClassNotFoundException'{0x00000000c6afbc08}: org/gradle/api/internal/artifacts/dsl/dependencies/DefaultDependencyHandlerCustomizer> (0x00000000c6afbc08) 
thrown [s\src\hotspot\share\classfile\systemDictionary.cpp, line 313]
Event: 86.319 Thread 0x0000028ee9e84c80 Exception <a 'java/lang/ClassNotFoundException'{0x00000000c6955518}: org/gradle/api/internal/artifacts/dsl/dependencies/DefaultDependencyHandler_DecoratedCustomizer> (0x00000000c6955518) 
thrown [s\src\hotspot\share\classfile\systemDictionary.cpp, line 313]
Event: 86.366 Thread 0x0000028ee9e84c80 Exception <a 'java/lang/ClassNotFoundException'{0x00000000c69ac500}: org/gradle/api/JavaVersionBeanInfo> (0x00000000c69ac500) 
thrown [s\src\hotspot\share\classfile\systemDictionary.cpp, line 313]
Event: 86.367 Thread 0x0000028ee9e84c80 Exception <a 'java/lang/ClassNotFoundException'{0x00000000c69b3af0}: java/lang/EnumBeanInfo> (0x00000000c69b3af0) 
thrown [s\src\hotspot\share\classfile\systemDictionary.cpp, line 313]
Event: 86.370 Thread 0x0000028ee9e84c80 Exception <a 'java/lang/ClassNotFoundException'{0x00000000c69bb168}: java/lang/EnumCustomizer> (0x00000000c69bb168) 
thrown [s\src\hotspot\share\classfile\systemDictionary.cpp, line 313]
Event: 86.376 Thread 0x0000028ee9e84c80 Exception <a 'java/lang/ClassNotFoundException'{0x00000000c69d6020}: org/gradle/api/JavaVersionCustomizer> (0x00000000c69d6020) 
thrown [s\src\hotspot\share\classfile\systemDictionary.cpp, line 313]
Event: 86.399 Thread 0x0000028ee9e84c80 Exception <a 'java/lang/ClassNotFoundException'{0x00000000c682a4e8}: org/gradle/api/plugins/internal/DefaultJavaPluginExtension_DecoratedBeanInfo> (0x00000000c682a4e8) 
thrown [s\src\hotspot\share\classfile\systemDictionary.cpp, line 313]
Event: 86.404 Thread 0x0000028ee9e84c80 Exception <a 'java/lang/ClassNotFoundException'{0x00000000c683fec8}: org/gradle/api/plugins/internal/DefaultJavaPluginExtensionBeanInfo> (0x00000000c683fec8) 
thrown [s\src\hotspot\share\classfile\systemDictionary.cpp, line 313]
Event: 86.409 Thread 0x0000028ee9e84c80 Exception <a 'java/lang/ClassNotFoundException'{0x00000000c68558a8}: org/gradle/api/plugins/internal/DefaultJavaPluginExtensionCustomizer> (0x00000000c68558a8) 
thrown [s\src\hotspot\share\classfile\systemDictionary.cpp, line 313]
Event: 86.421 Thread 0x0000028ee9e84c80 Exception <a 'java/lang/ClassNotFoundException'{0x00000000c688d000}: org/gradle/api/plugins/internal/DefaultJavaPluginExtension_DecoratedCustomizer> (0x00000000c688d000) 
thrown [s\src\hotspot\share\classfile\systemDictionary.cpp, line 313]
Event: 88.276 Thread 0x0000028ee9e84c80 Implicit null exception at 0x0000028ed8bb0c79 to 0x0000028ed8bb0ca4
Event: 90.805 Thread 0x0000028ee9e84c80 Implicit null exception at 0x0000028ed8f7c82f to 0x0000028ed8f83978

ZGC Phase Switch (0 events):
No events

VM Operations (20 events):
Event: 86.432 Executing safepoint VM operation: Cleanup
Event: 86.432 Executing safepoint VM operation: Cleanup done
Event: 86.534 Executing non-safepoint VM operation: HandshakeAllThreads (Deoptimize)
Event: 86.534 Executing non-safepoint VM operation: HandshakeAllThreads (Deoptimize) done
Event: 87.132 Executing safepoint VM operation: G1CollectForAllocation (G1 Evacuation Pause)
Event: 87.159 Executing safepoint VM operation: G1CollectForAllocation (G1 Evacuation Pause) done
Event: 87.781 Executing safepoint VM operation: G1TryInitiateConcMark (G1 Humongous Allocation)
Event: 87.830 Executing safepoint VM operation: G1TryInitiateConcMark (G1 Humongous Allocation) done
Event: 88.042 Executing safepoint VM operation: G1PauseRemark
Event: 88.060 Executing safepoint VM operation: G1PauseRemark done
Event: 88.111 Executing safepoint VM operation: G1PauseCleanup
Event: 88.120 Executing safepoint VM operation: G1PauseCleanup done
Event: 89.126 Executing safepoint VM operation: Cleanup
Event: 89.126 Executing safepoint VM operation: Cleanup done
Event: 90.138 Executing safepoint VM operation: Cleanup
Event: 90.138 Executing safepoint VM operation: Cleanup done
Event: 91.149 Executing safepoint VM operation: Cleanup
Event: 91.149 Executing safepoint VM operation: Cleanup done
Event: 91.720 Executing safepoint VM operation: G1CollectForAllocation (G1 Evacuation Pause)
Event: 91.726 Executing safepoint VM operation: G1CollectForAllocation (G1 Evacuation Pause) done

Memory protections (0 events):
No events

Nmethod flushes (20 events):
Event: 88.057 Thread 0x0000028ee3fabaa0 flushing  nmethod 0x0000028ed8eaa390
Event: 88.057 Thread 0x0000028ee3fabaa0 flushing  nmethod 0x0000028ed8eaef90
Event: 88.057 Thread 0x0000028ee3fabaa0 flushing  nmethod 0x0000028ed108ec90
Event: 88.057 Thread 0x0000028ee3fabaa0 flushing  nmethod 0x0000028ed10ac910
Event: 88.057 Thread 0x0000028ee3fabaa0 flushing  nmethod 0x0000028ed11b4f10
Event: 88.057 Thread 0x0000028ee3fabaa0 flushing  nmethod 0x0000028ed11f0710
Event: 88.057 Thread 0x0000028ee3fabaa0 flushing  nmethod 0x0000028ed1267c10
Event: 88.057 Thread 0x0000028ee3fabaa0 flushing  nmethod 0x0000028ed126b090
Event: 88.057 Thread 0x0000028ee3fabaa0 flushing  nmethod 0x0000028ed12c2c90
Event: 88.057 Thread 0x0000028ee3fabaa0 flushing  nmethod 0x0000028ed12e2e90
Event: 88.057 Thread 0x0000028ee3fabaa0 flushing  nmethod 0x0000028ed12e3290
Event: 88.057 Thread 0x0000028ee3fabaa0 flushing  nmethod 0x0000028ed12e7f90
Event: 88.057 Thread 0x0000028ee3fabaa0 flushing  nmethod 0x0000028ed1865710
Event: 88.058 Thread 0x0000028ee3fabaa0 flushing  nmethod 0x0000028ed1998210
Event: 88.058 Thread 0x0000028ee3fabaa0 flushing  nmethod 0x0000028ed1d66190
Event: 88.058 Thread 0x0000028ee3fabaa0 flushing  nmethod 0x0000028ed1d6ef10
Event: 88.058 Thread 0x0000028ee3fabaa0 flushing  nmethod 0x0000028ed1d93690
Event: 88.058 Thread 0x0000028ee3fabaa0 flushing  nmethod 0x0000028ed1dd7b90
Event: 88.058 Thread 0x0000028ee3fabaa0 flushing  nmethod 0x0000028ed1e15c90
Event: 88.058 Thread 0x0000028ee3fabaa0 flushing  nmethod 0x0000028ed1e16610

Events (20 events):
Event: 41.062 Thread 0x0000028ee9e84c80 Thread added: 0x0000028eea9c8290
Event: 41.063 Thread 0x0000028ee9e84c80 Thread added: 0x0000028eea9cb080
Event: 42.901 Thread 0x0000028ee9e84c80 Thread added: 0x0000028eea9ca360
Event: 42.938 Thread 0x0000028ee9e84c80 Thread added: 0x0000028eea9c7c00
Event: 42.954 Thread 0x0000028ee9e84c80 Thread added: 0x0000028eea9cc430
Event: 42.961 Thread 0x0000028ee9e84c80 Thread added: 0x0000028eea9cd7e0
Event: 43.191 Thread 0x0000028ee9e84c80 Thread added: 0x0000028eea9ccac0
Event: 43.192 Thread 0x0000028ee9e84c80 Thread added: 0x0000028eea9cde70
Event: 43.196 Thread 0x0000028ee9e84c80 Thread added: 0x0000028eea9cbda0
Event: 43.197 Thread 0x0000028ee9e84c80 Thread added: 0x0000028eea9ceb90
Event: 43.198 Thread 0x0000028ee9e84c80 Thread added: 0x0000028eea9cb710
Event: 43.201 Thread 0x0000028ee9e84c80 Thread added: 0x0000028eea9cd150
Event: 43.206 Thread 0x0000028ee9e84c80 Thread added: 0x0000028eea9ce500
Event: 45.919 Thread 0x0000028ee3fdb160 Thread added: 0x0000028eeb742020
Event: 46.291 Thread 0x0000028eeb742020 Thread exited: 0x0000028eeb742020
Event: 49.288 Thread 0x0000028ee9e84c80 Thread added: 0x0000028eec626300
Event: 56.527 Thread 0x0000028ee9e84c80 Thread added: 0x0000028eec626990
Event: 63.407 Thread 0x0000028ee9e84c80 Thread added: 0x0000028eec6255e0
Event: 78.952 Thread 0x0000028ee9e84c80 Thread added: 0x0000028eed84b2c0
Event: 80.756 Thread 0x0000028ee9e84c80 Thread added: 0x0000028eed84cd00


Dynamic libraries:
0x00007ff69d5b0000 - 0x00007ff69d5be000 	C:\Users\LENOVO\.antigravity-ide\extensions\redhat.java-1.56.0-win32-x64\jre\21.0.12.1-win32-x86_64\bin\java.exe
0x00007ffba7f40000 - 0x00007ffba81a7000 	C:\WINDOWS\SYSTEM32\ntdll.dll
0x00007ffba6070000 - 0x00007ffba613b000 	C:\WINDOWS\System32\KERNEL32.DLL
0x00007ffba5490000 - 0x00007ffba5892000 	C:\WINDOWS\System32\KERNELBASE.dll
0x00007ffba5140000 - 0x00007ffba528c000 	C:\WINDOWS\System32\ucrtbase.dll
0x00007ffb86800000 - 0x00007ffb86818000 	C:\Users\LENOVO\.antigravity-ide\extensions\redhat.java-1.56.0-win32-x64\jre\21.0.12.1-win32-x86_64\bin\jli.dll
0x00007ffba5e00000 - 0x00007ffba5fcf000 	C:\WINDOWS\System32\USER32.dll
0x00007ffba59e0000 - 0x00007ffba5a07000 	C:\WINDOWS\System32\win32u.dll
0x00007ffba5d80000 - 0x00007ffba5dab000 	C:\WINDOWS\System32\GDI32.dll
0x00007ffba52a0000 - 0x00007ffba53c9000 	C:\WINDOWS\System32\gdi32full.dll
0x00007ffba5930000 - 0x00007ffba59d3000 	C:\WINDOWS\System32\msvcp_win.dll
0x00007ffb8b2d0000 - 0x00007ffb8b2ee000 	C:\Users\LENOVO\.antigravity-ide\extensions\redhat.java-1.56.0-win32-x64\jre\21.0.12.1-win32-x86_64\bin\VCRUNTIME140.dll
0x00007ffb8ec40000 - 0x00007ffb8eed0000 	C:\WINDOWS\WinSxS\amd64_microsoft.windows.common-controls_6595b64144ccf1df_6.0.26100.9278_none_3e0d1ba8e3303201\COMCTL32.dll
0x00007ffba6840000 - 0x00007ffba68e9000 	C:\WINDOWS\System32\msvcrt.dll
0x00007ffba5dc0000 - 0x00007ffba5df1000 	C:\WINDOWS\System32\IMM32.DLL
0x00007ffb933d0000 - 0x00007ffb933dc000 	C:\Users\LENOVO\.antigravity-ide\extensions\redhat.java-1.56.0-win32-x64\jre\21.0.12.1-win32-x86_64\bin\vcruntime140_1.dll
0x00007ffb4a830000 - 0x00007ffb4a8bd000 	C:\Users\LENOVO\.antigravity-ide\extensions\redhat.java-1.56.0-win32-x64\jre\21.0.12.1-win32-x86_64\bin\msvcp140.dll
0x00007ffac5e60000 - 0x00007ffac6c02000 	C:\Users\LENOVO\.antigravity-ide\extensions\redhat.java-1.56.0-win32-x64\jre\21.0.12.1-win32-x86_64\bin\server\jvm.dll
0x00007ffba66f0000 - 0x00007ffba67ac000 	C:\WINDOWS\System32\ADVAPI32.dll
0x00007ffba7e30000 - 0x00007ffba7ed9000 	C:\WINDOWS\System32\sechost.dll
0x00007ffba5c60000 - 0x00007ffba5d78000 	C:\WINDOWS\System32\RPCRT4.dll
0x00007ffba7090000 - 0x00007ffba7110000 	C:\WINDOWS\System32\WS2_32.dll
0x00007ffba4f90000 - 0x00007ffba4fee000 	C:\WINDOWS\SYSTEM32\POWRPROF.dll
0x00007ffb983b0000 - 0x00007ffb983e6000 	C:\WINDOWS\SYSTEM32\WINMM.dll
0x00007ffb93ff0000 - 0x00007ffb93ffb000 	C:\WINDOWS\SYSTEM32\VERSION.dll
0x00007ffba4f70000 - 0x00007ffba4f85000 	C:\WINDOWS\SYSTEM32\UMPDC.dll
0x00007ffba3dd0000 - 0x00007ffba3deb000 	C:\WINDOWS\SYSTEM32\kernel.appcore.dll
0x00007ffb8aef0000 - 0x00007ffb8aefa000 	C:\Users\LENOVO\.antigravity-ide\extensions\redhat.java-1.56.0-win32-x64\jre\21.0.12.1-win32-x86_64\bin\jimage.dll
0x00007ffba2480000 - 0x00007ffba26cc000 	C:\WINDOWS\SYSTEM32\DBGHELP.DLL
0x00007ffba7950000 - 0x00007ffba7cd5000 	C:\WINDOWS\System32\combase.dll
0x00007ffba62c0000 - 0x00007ffba6399000 	C:\WINDOWS\System32\OLEAUT32.dll
0x00007ffb8c4f0000 - 0x00007ffb8c52b000 	C:\WINDOWS\SYSTEM32\dbgcore.DLL
0x00007ffba5a10000 - 0x00007ffba5abc000 	C:\WINDOWS\System32\bcryptPrimitives.dll
0x00007ffb833e0000 - 0x00007ffb833ef000 	C:\Users\LENOVO\.antigravity-ide\extensions\redhat.java-1.56.0-win32-x64\jre\21.0.12.1-win32-x86_64\bin\instrument.dll
0x00007ffb85ab0000 - 0x00007ffb85ad0000 	C:\Users\LENOVO\.antigravity-ide\extensions\redhat.java-1.56.0-win32-x64\jre\21.0.12.1-win32-x86_64\bin\java.dll
0x00007ffba68f0000 - 0x00007ffba7088000 	C:\WINDOWS\System32\SHELL32.dll
0x00007ffba2b60000 - 0x00007ffba340e000 	C:\WINDOWS\SYSTEM32\windows.storage.dll
0x00007ffba7d30000 - 0x00007ffba7e2b000 	C:\WINDOWS\System32\SHCORE.dll
0x00007ffba67d0000 - 0x00007ffba6836000 	C:\WINDOWS\System32\shlwapi.dll
0x00007ffba5060000 - 0x00007ffba5089000 	C:\WINDOWS\SYSTEM32\profapi.dll
0x00007ffb72140000 - 0x00007ffb72158000 	C:\Users\LENOVO\.antigravity-ide\extensions\redhat.java-1.56.0-win32-x64\jre\21.0.12.1-win32-x86_64\bin\zip.dll
0x00007ffb833f0000 - 0x00007ffb83400000 	C:\Users\LENOVO\.antigravity-ide\extensions\redhat.java-1.56.0-win32-x64\jre\21.0.12.1-win32-x86_64\bin\net.dll
0x00007ffb9d7d0000 - 0x00007ffb9d8fa000 	C:\WINDOWS\SYSTEM32\WINHTTP.dll
0x00007ffba4370000 - 0x00007ffba43dc000 	C:\WINDOWS\system32\mswsock.dll
0x00007ffb721a0000 - 0x00007ffb721b6000 	C:\Users\LENOVO\.antigravity-ide\extensions\redhat.java-1.56.0-win32-x64\jre\21.0.12.1-win32-x86_64\bin\nio.dll
0x00007ffb72520000 - 0x00007ffb72530000 	C:\Users\LENOVO\.antigravity-ide\extensions\redhat.java-1.56.0-win32-x64\jre\21.0.12.1-win32-x86_64\bin\verify.dll
0x00007ffb4bb90000 - 0x00007ffb4bbb7000 	C:\Users\LENOVO\.gradle\native\1def1411415f61bf3af743bc5b6707747c0891f09f0c88961ee8f79bc544acac\windows-amd64\native-platform.dll
0x00007ffb4a110000 - 0x00007ffb4a188000 	C:\Users\LENOVO\.gradle\native\0.2.7\x86_64-windows-gnu\gradle-fileevents.dll
0x00007ffb72160000 - 0x00007ffb7216a000 	C:\Users\LENOVO\.antigravity-ide\extensions\redhat.java-1.56.0-win32-x64\jre\21.0.12.1-win32-x86_64\bin\management.dll
0x00007ffb6c490000 - 0x00007ffb6c49c000 	C:\Users\LENOVO\.antigravity-ide\extensions\redhat.java-1.56.0-win32-x64\jre\21.0.12.1-win32-x86_64\bin\management_ext.dll
0x00007ffba5db0000 - 0x00007ffba5db8000 	C:\WINDOWS\System32\PSAPI.DLL
0x00007ffba3780000 - 0x00007ffba37b3000 	C:\WINDOWS\SYSTEM32\IPHLPAPI.DLL
0x00007ffba7120000 - 0x00007ffba712a000 	C:\WINDOWS\System32\NSI.dll
0x00007ffb66b60000 - 0x00007ffb66b69000 	C:\Users\LENOVO\.antigravity-ide\extensions\redhat.java-1.56.0-win32-x64\jre\21.0.12.1-win32-x86_64\bin\extnet.dll
0x00007ffba4790000 - 0x00007ffba47ab000 	C:\WINDOWS\SYSTEM32\CRYPTSP.dll
0x00007ffba3d30000 - 0x00007ffba3d69000 	C:\WINDOWS\system32\rsaenh.dll
0x00007ffba4420000 - 0x00007ffba4454000 	C:\WINDOWS\SYSTEM32\USERENV.dll
0x00007ffba5030000 - 0x00007ffba505a000 	C:\WINDOWS\SYSTEM32\bcrypt.dll
0x00007ffba45d0000 - 0x00007ffba45dc000 	C:\WINDOWS\SYSTEM32\CRYPTBASE.dll
0x00007ffb4ab20000 - 0x00007ffb4ab2e000 	C:\Users\LENOVO\.antigravity-ide\extensions\redhat.java-1.56.0-win32-x64\jre\21.0.12.1-win32-x86_64\bin\sunmscapi.dll
0x00007ffba5ad0000 - 0x00007ffba5c4e000 	C:\WINDOWS\System32\CRYPT32.dll
0x00007ffba4900000 - 0x00007ffba4930000 	C:\WINDOWS\SYSTEM32\ncrypt.dll
0x00007ffba48b0000 - 0x00007ffba48ef000 	C:\WINDOWS\SYSTEM32\NTASN1.dll
0x00007ffb7b120000 - 0x00007ffb7b128000 	C:\WINDOWS\system32\wshunix.dll

JVMTI agents:
C:\Users\LENOVO\.gradle\wrapper\dists\gradle-8.14-bin\38aieal9i53h9rfe7vjup95b9\gradle-8.14\lib\agents\gradle-instrumentation-agent-8.14.jar path:C:\Users\LENOVO\.antigravity-ide\extensions\redhat.java-1.56.0-win32-x64\jre\21.0.12.1-win32-x86_64\bin\instrument.dll, loaded, initialized, instrumentlib options:none

dbghelp: loaded successfully - version: 4.0.5 - missing functions: none
symbol engine: initialized successfully - sym options: 0x614 - pdb path: .;C:\Users\LENOVO\.antigravity-ide\extensions\redhat.java-1.56.0-win32-x64\jre\21.0.12.1-win32-x86_64\bin;C:\WINDOWS\SYSTEM32;C:\WINDOWS\WinSxS\amd64_microsoft.windows.common-controls_6595b64144ccf1df_6.0.26100.9278_none_3e0d1ba8e3303201;C:\Users\LENOVO\.antigravity-ide\extensions\redhat.java-1.56.0-win32-x64\jre\21.0.12.1-win32-x86_64\bin\server;C:\Users\LENOVO\.gradle\native\1def1411415f61bf3af743bc5b6707747c0891f09f0c88961ee8f79bc544acac\windows-amd64;C:\Users\LENOVO\.gradle\native\0.2.7\x86_64-windows-gnu

VM Arguments:
jvm_args: --add-opens=java.base/java.lang=ALL-UNNAMED --add-opens=java.base/java.lang.invoke=ALL-UNNAMED --add-opens=java.base/java.util=ALL-UNNAMED --add-opens=java.prefs/java.util.prefs=ALL-UNNAMED --add-exports=jdk.compiler/com.sun.tools.javac.api=ALL-UNNAMED --add-exports=jdk.compiler/com.sun.tools.javac.util=ALL-UNNAMED --add-opens=java.base/java.util=ALL-UNNAMED --add-opens=java.prefs/java.util.prefs=ALL-UNNAMED --add-opens=java.base/java.nio.charset=ALL-UNNAMED --add-opens=java.base/java.net=ALL-UNNAMED --add-opens=java.base/java.util.concurrent.atomic=ALL-UNNAMED --add-opens=java.xml/javax.xml.namespace=ALL-UNNAMED -Xmx1024m -Dfile.encoding=UTF-8 -Duser.country=US -Duser.language=en -Duser.variant -javaagent:C:\Users\LENOVO\.gradle\wrapper\dists\gradle-8.14-bin\38aieal9i53h9rfe7vjup95b9\gradle-8.14\lib\agents\gradle-instrumentation-agent-8.14.jar 
java_command: org.gradle.launcher.daemon.bootstrap.GradleDaemon 8.14
java_class_path (initial): C:\Users\LENOVO\.gradle\wrapper\dists\gradle-8.14-bin\38aieal9i53h9rfe7vjup95b9\gradle-8.14\lib\gradle-daemon-main-8.14.jar
Launcher Type: SUN_STANDARD

[Global flags]
     intx CICompilerCount                          = 4                                         {product} {ergonomic}
     uint ConcGCThreads                            = 2                                         {product} {ergonomic}
     uint G1ConcRefinementThreads                  = 8                                         {product} {ergonomic}
   size_t G1HeapRegionSize                         = 1048576                                   {product} {ergonomic}
    uintx GCDrainStackTargetSize                   = 64                                        {product} {ergonomic}
   size_t InitialHeapSize                          = 98566144                                  {product} {ergonomic}
   size_t MarkStackSize                            = 4194304                                   {product} {ergonomic}
   size_t MaxHeapSize                              = 1073741824                                {product} {command line}
   size_t MaxNewSize                               = 643825664                                 {product} {ergonomic}
   size_t MinHeapDeltaBytes                        = 1048576                                   {product} {ergonomic}
   size_t MinHeapSize                              = 8388608                                   {product} {ergonomic}
    uintx NonNMethodCodeHeapSize                   = 5839372                                {pd product} {ergonomic}
    uintx NonProfiledCodeHeapSize                  = 122909434                              {pd product} {ergonomic}
    uintx ProfiledCodeHeapSize                     = 122909434                              {pd product} {ergonomic}
    uintx ReservedCodeCacheSize                    = 251658240                              {pd product} {ergonomic}
     bool SegmentedCodeCache                       = true                                      {product} {ergonomic}
   size_t SoftMaxHeapSize                          = 1073741824                             {manageable} {ergonomic}
     bool UseCompressedOops                        = true                           {product lp64_product} {ergonomic}
     bool UseG1GC                                  = true                                      {product} {ergonomic}
     bool UseLargePagesIndividualAllocation        = false                                  {pd product} {ergonomic}

Logging:
Log output configuration:
 #0: stdout all=warning uptime,level,tags foldmultilines=false
 #1: stderr all=off uptime,level,tags foldmultilines=false

Release file:
JAVA_VERSION="21.0.12.1" 
MODULES="java.base java.compiler java.datatransfer java.xml java.prefs java.desktop java.instrument java.logging java.management java.security.sasl java.naming java.rmi java.management.rmi java.net.http java.scripting java.security.jgss java.transaction.xa java.sql java.sql.rowset java.xml.crypto java.se java.smartcardio jdk.accessibility jdk.internal.jvmstat jdk.attach jdk.charsets jdk.internal.opt jdk.zipfs jdk.compiler jdk.crypto.ec jdk.crypto.cryptoki jdk.crypto.mscapi jdk.dynalink jdk.internal.ed jdk.editpad jdk.hotspot.agent jdk.httpserver jdk.internal.le jdk.internal.vm.ci jdk.internal.vm.compiler jdk.internal.vm.compiler.management jdk.jartool jdk.javadoc jdk.jcmd jdk.management jdk.management.agent jdk.jconsole jdk.jdeps jdk.jdwp.agent jdk.jdi jdk.jfr jdk.jshell jdk.jsobject jdk.jstatd jdk.localedata jdk.management.jfr jdk.naming.dns jdk.naming.rmi jdk.net jdk.nio.mapmode jdk.random jdk.sctp jdk.security.auth jdk.security.jgss jdk.unsupported jdk.unsupported.desktop jdk.xml.dom" 

Environment Variables:
JAVA_HOME=C:\Program Files\Android\Android Studio\jbr
PATH=C:\WINDOWS\system32;C:\WINDOWS;C:\WINDOWS\System32\Wbem;C:\WINDOWS\System32\WindowsPowerShell\v1.0\;C:\WINDOWS\System32\OpenSSH\;C:\Program Files\Docker\Docker\resources\bin;C:\Program Files\nodejs\;C:\Program Files\Git\cmd;C:\Users\LENOVO\AppData\Local\Programs\Python\Python312\Scripts\;C:\Users\LENOVO\AppData\Local\Programs\Python\Python312\;C:\Users\LENOVO\AppData\Local\Programs\Python\Launcher\;C:\Users\LENOVO\AppData\Local\Programs\Python\Python314\Scripts\;C:\Users\LENOVO\AppData\Local\Programs\Python\Python314\;C:\Users\LENOVO\AppData\Local\Microsoft\WindowsApps;C:\Users\LENOVO\AppData\Local\Programs\Antigravity\bin;C:\Users\LENOVO\AppData\Roaming\npm;C:\ScrcpyLauncher by praveen;C:\Users\LENOVO\AppData\Local\PowerToys\DSCModules\;C:\Users\LENOVO\AppData\Local\Programs\Antigravity IDE\bin
USERNAME=LENOVO
OS=Windows_NT
PROCESSOR_IDENTIFIER=AMD64 Family 23 Model 160 Stepping 0, AuthenticAMD
TMP=C:\Users\LENOVO\AppData\Local\Temp
TEMP=C:\Users\LENOVO\AppData\Local\Temp




Periodic native trim disabled

---------------  S Y S T E M  ---------------

OS:
 Windows 11 , 64 bit Build 26100 (10.0.26100.9444)
OS uptime: 3 days 17:42 hours
Hyper-V role detected

CPU: total 8 (initial active 8) (8 cores per cpu, 2 threads per core) family 23 model 160 stepping 0 microcode 0x8a0000a, cx8, cmov, fxsr, ht, mmx, 3dnowpref, sse, sse2, sse3, ssse3, sse4a, sse4.1, sse4.2, popcnt, lzcnt, tsc, tscinvbit, avx, avx2, aes, clmul, bmi1, bmi2, adx, sha, fma, vzeroupper, clflush, clflushopt, hv, rdtscp, rdpid, f16c
Processor Information for the first 8 processors :
  Max Mhz: 2401, Current Mhz: 2401, Mhz Limit: 2401

Memory: 4k page, system-wide physical 5965M (68M free)
TotalPageFile size 24397M (AvailPageFile size 2M)
current process WorkingSet (physical memory assigned to process): 302M, peak: 328M
current process commit charge ("private bytes"): 471M, peak: 481M

vm_info: OpenJDK 64-Bit Server VM (21.0.12.1+1-LTS) for windows-amd64 JRE (21.0.12.1+1-LTS), built on 2026-08-18T00:00:00Z by "admin" with MS VC++ 17.12 (VS2022)

END.
