#
# There is insufficient memory for the Java Runtime Environment to continue.
# Native memory allocation (malloc) failed to allocate 981296 bytes. Error detail: Chunk::new
# Possible reasons:
#   The system is out of physical RAM or swap space
#   This process is running with CompressedOops enabled, and the Java Heap may be blocking the growth of the native heap
# Possible solutions:
#   Reduce memory load on the system
#   Increase physical memory or swap space
#   Check if swap backing store is full
#   Decrease Java heap size (-Xmx/-Xms)
#   Decrease number of Java threads
#   Decrease Java thread stack sizes (-Xss)
#   Set larger code cache with -XX:ReservedCodeCacheSize=
#   JVM is running with Unscaled Compressed Oops mode in which the Java heap is
#     placed in the first 4GB address space. The Java Heap base address is the
#     maximum limit for the native heap growth. Please use -XX:HeapBaseMinAddress
#     to set the Java Heap base and to place the Java Heap above 4GB virtual address.
# This output file may be truncated or incomplete.
#
#  Out of Memory Error (arena.cpp:168), pid=13116, tid=25780
#
# JRE version: OpenJDK Runtime Environment Temurin-21.0.12.1+1 (21.0.12.1+1) (build 21.0.12.1+1-LTS)
# Java VM: OpenJDK 64-Bit Server VM Temurin-21.0.12.1+1 (21.0.12.1+1-LTS, mixed mode, sharing, tiered, compressed oops, compressed class ptrs, g1 gc, windows-amd64)
# No core dump will be written. Minidumps are not enabled by default on client versions of Windows
#

---------------  S U M M A R Y ------------

Command Line: --add-opens=java.base/java.lang=ALL-UNNAMED --add-opens=java.base/java.lang.invoke=ALL-UNNAMED --add-opens=java.base/java.util=ALL-UNNAMED --add-opens=java.prefs/java.util.prefs=ALL-UNNAMED --add-exports=jdk.compiler/com.sun.tools.javac.api=ALL-UNNAMED --add-exports=jdk.compiler/com.sun.tools.javac.util=ALL-UNNAMED --add-opens=java.base/java.util=ALL-UNNAMED --add-opens=java.prefs/java.util.prefs=ALL-UNNAMED --add-opens=java.base/java.nio.charset=ALL-UNNAMED --add-opens=java.base/java.net=ALL-UNNAMED --add-opens=java.base/java.util.concurrent.atomic=ALL-UNNAMED --add-opens=java.xml/javax.xml.namespace=ALL-UNNAMED -Xmx1024m -Dfile.encoding=UTF-8 -Duser.country=US -Duser.language=en -Duser.variant -javaagent:C:\Users\LENOVO\.gradle\wrapper\dists\gradle-8.14-bin\38aieal9i53h9rfe7vjup95b9\gradle-8.14\lib\agents\gradle-instrumentation-agent-8.14.jar org.gradle.launcher.daemon.bootstrap.GradleDaemon 8.14

Host: AMD Ryzen 3 7320U with Radeon Graphics         , 8 cores, 5G,  Windows 11 , 64 bit Build 26100 (10.0.26100.9444)
Time: Mon Sep 28 13:32:27 2026 Nepal Standard Time elapsed time: 91.426207 seconds (0d 0h 1m 31s)

---------------  T H R E A D  ---------------

Current thread (0x0000023c5ba313c0):  JavaThread "C2 CompilerThread0" daemon [_thread_in_native, id=25780, stack(0x000000c477a00000,0x000000c477b00000) (1024K)]


Current CompileTask:
C2:91426 14055       4       org.gradle.internal.reflect.annotations.impl.DefaultTypeAnnotationMetadataStore$HasAnnotationMetadataBuilder::allAnnotationCategories (43 bytes)

Stack: [0x000000c477a00000,0x000000c477b00000]
Native frames: (J=compiled Java code, j=interpreted, Vv=VM code, C=native code)
V  [jvm.dll+0x6d83e9]
V  [jvm.dll+0x8b5736]
V  [jvm.dll+0x8b7cee]
V  [jvm.dll+0x8b83d3]
V  [jvm.dll+0x284596]
V  [jvm.dll+0xc685d]
V  [jvm.dll+0xc6da1]
V  [jvm.dll+0x2fb5ae]
V  [jvm.dll+0x5fee94]
V  [jvm.dll+0x255d67]
V  [jvm.dll+0x24e0f4]
V  [jvm.dll+0x24bbe6]
V  [jvm.dll+0x1cb4ae]
V  [jvm.dll+0x25baad]
V  [jvm.dll+0x25a03a]
V  [jvm.dll+0x3f8aae]
V  [jvm.dll+0x8600cd]
V  [jvm.dll+0x6d6c1d]
C  [ucrtbase.dll+0x2cd30]
C  [KERNEL32.DLL+0x2cd87]
C  [ntdll.dll+0xacaec]


---------------  P R O C E S S  ---------------

Threads class SMR info:
_java_thread_list=0x0000023c6b3d7f00, length=49, elements={
0x0000023c4364e1d0, 0x0000023c5ba29b60, 0x0000023c5ba2d140, 0x0000023c5ba2e710,
0x0000023c5ba2f170, 0x0000023c5ba2fbd0, 0x0000023c5ba30630, 0x0000023c5ba313c0,
0x0000023c5ba3a950, 0x0000023c5bc60ed0, 0x0000023c5bc53ca0, 0x0000023c615676b0,
0x0000023c60b344b0, 0x0000023c5bdffa00, 0x0000023c5bb445c0, 0x0000023c61536710,
0x0000023c61534cd0, 0x0000023c61535360, 0x0000023c615359f0, 0x0000023c636cf410,
0x0000023c636cfaa0, 0x0000023c636d07c0, 0x0000023c636ced80, 0x0000023c636d2200,
0x0000023c636d2890, 0x0000023c64571b20, 0x0000023c6691d0e0, 0x0000023c6691e490,
0x0000023c63ebab20, 0x0000023c63ebcbf0, 0x0000023c63ebb840, 0x0000023c63ebd280,
0x0000023c63ebc560, 0x0000023c63ebb1b0, 0x0000023c63d95700, 0x0000023c63d95d90,
0x0000023c63d984f0, 0x0000023c6456e6a0, 0x0000023c645721b0, 0x0000023c6456f3c0,
0x0000023c645700e0, 0x0000023c6456e010, 0x0000023c64572ed0, 0x0000023c64573560,
0x0000023c64573bf0, 0x0000023c64574fa0, 0x0000023c63e363a0, 0x0000023c63e36a30,
0x0000023c63e34ff0
}

Java Threads: ( => current thread )
  0x0000023c4364e1d0 JavaThread "main"                              [_thread_blocked, id=8624, stack(0x000000c476c00000,0x000000c476d00000) (1024K)]
  0x0000023c5ba29b60 JavaThread "Reference Handler"          daemon [_thread_blocked, id=11160, stack(0x000000c477400000,0x000000c477500000) (1024K)]
  0x0000023c5ba2d140 JavaThread "Finalizer"                  daemon [_thread_blocked, id=32044, stack(0x000000c477500000,0x000000c477600000) (1024K)]
  0x0000023c5ba2e710 JavaThread "Signal Dispatcher"          daemon [_thread_blocked, id=9716, stack(0x000000c477600000,0x000000c477700000) (1024K)]
  0x0000023c5ba2f170 JavaThread "Attach Listener"            daemon [_thread_blocked, id=24780, stack(0x000000c477700000,0x000000c477800000) (1024K)]
  0x0000023c5ba2fbd0 JavaThread "Service Thread"             daemon [_thread_blocked, id=31760, stack(0x000000c477800000,0x000000c477900000) (1024K)]
  0x0000023c5ba30630 JavaThread "Monitor Deflation Thread"   daemon [_thread_blocked, id=25568, stack(0x000000c477900000,0x000000c477a00000) (1024K)]
=>0x0000023c5ba313c0 JavaThread "C2 CompilerThread0"         daemon [_thread_in_native, id=25780, stack(0x000000c477a00000,0x000000c477b00000) (1024K)]
  0x0000023c5ba3a950 JavaThread "C1 CompilerThread0"         daemon [_thread_blocked, id=24172, stack(0x000000c477b00000,0x000000c477c00000) (1024K)]
  0x0000023c5bc60ed0 JavaThread "Common-Cleaner"             daemon [_thread_blocked, id=18760, stack(0x000000c477c00000,0x000000c477d00000) (1024K)]
  0x0000023c5bc53ca0 JavaThread "Notification Thread"        daemon [_thread_blocked, id=21564, stack(0x000000c477d00000,0x000000c477e00000) (1024K)]
  0x0000023c615676b0 JavaThread "Daemon health stats"               [_thread_blocked, id=32324, stack(0x000000c478200000,0x000000c478300000) (1024K)]
  0x0000023c60b344b0 JavaThread "Incoming local TCP Connector on port 34278"        [_thread_in_native, id=21860, stack(0x000000c478300000,0x000000c478400000) (1024K)]
  0x0000023c5bdffa00 JavaThread "Daemon periodic checks"            [_thread_blocked, id=32284, stack(0x000000c478400000,0x000000c478500000) (1024K)]
  0x0000023c5bb445c0 JavaThread "Daemon"                            [_thread_blocked, id=18424, stack(0x000000c478500000,0x000000c478600000) (1024K)]
  0x0000023c61536710 JavaThread "Daemon worker"                     [_thread_blocked, id=32404, stack(0x000000c478800000,0x000000c478900000) (1024K)]
  0x0000023c61534cd0 JavaThread "Cache worker for journal cache (C:\Users\LENOVO\.gradle\caches\journal-1)"        [_thread_blocked, id=19024, stack(0x000000c478c00000,0x000000c478d00000) (1024K)]
  0x0000023c61535360 JavaThread "File lock request listener"        [_thread_in_native, id=31352, stack(0x000000c478d00000,0x000000c478e00000) (1024K)]
  0x0000023c615359f0 JavaThread "Cache worker for file hash cache (C:\Users\LENOVO\.gradle\caches\8.14\fileHashes)"        [_thread_blocked, id=26400, stack(0x000000c479100000,0x000000c479200000) (1024K)]
  0x0000023c636cf410 JavaThread "File lock release action executor"        [_thread_blocked, id=28376, stack(0x000000c479200000,0x000000c479300000) (1024K)]
  0x0000023c636cfaa0 JavaThread "File watcher server"        daemon [_thread_in_native, id=20940, stack(0x000000c479600000,0x000000c479700000) (1024K)]
  0x0000023c636d07c0 JavaThread "File watcher consumer"      daemon [_thread_blocked, id=8284, stack(0x000000c479700000,0x000000c479800000) (1024K)]
  0x0000023c636ced80 JavaThread "jar transforms"                    [_thread_blocked, id=15192, stack(0x000000c479800000,0x000000c479900000) (1024K)]
  0x0000023c636d2200 JavaThread "jar transforms Thread 2"           [_thread_blocked, id=32092, stack(0x000000c479900000,0x000000c479a00000) (1024K)]
  0x0000023c636d2890 JavaThread "Cache worker for file content cache (C:\Users\LENOVO\.gradle\caches\8.14\fileContent)"        [_thread_blocked, id=23388, stack(0x000000c479b00000,0x000000c479c00000) (1024K)]
  0x0000023c64571b20 JavaThread "Memory manager"                    [_thread_blocked, id=12584, stack(0x000000c47c400000,0x000000c47c500000) (1024K)]
  0x0000023c6691d0e0 JavaThread "jar transforms Thread 3"           [_thread_blocked, id=14472, stack(0x000000c476900000,0x000000c476a00000) (1024K)]
  0x0000023c6691e490 JavaThread "jar transforms Thread 4"           [_thread_blocked, id=15196, stack(0x000000c476b00000,0x000000c476c00000) (1024K)]
  0x0000023c63ebab20 JavaThread "VFS cleanup"                       [_thread_blocked, id=28172, stack(0x000000c476a00000,0x000000c476b00000) (1024K)]
  0x0000023c63ebcbf0 JavaThread "Handler for socket connection from /127.0.0.1:34278 to /127.0.0.1:34329"        [_thread_in_native, id=16168, stack(0x000000c478600000,0x000000c478700000) (1024K)]
  0x0000023c63ebb840 JavaThread "Cancel handler"                    [_thread_blocked, id=16160, stack(0x000000c478700000,0x000000c478800000) (1024K)]
  0x0000023c63ebd280 JavaThread "Asynchronous log dispatcher for DefaultDaemonConnection: socket connection from /127.0.0.1:34278 to /127.0.0.1:34329"        [_thread_blocked, id=20824, stack(0x000000c478900000,0x000000c478a00000) (1024K)]
  0x0000023c63ebc560 JavaThread "Stdin handler"                     [_thread_blocked, id=7764, stack(0x000000c478a00000,0x000000c478b00000) (1024K)]
  0x0000023c63ebb1b0 JavaThread "Daemon client event forwarder"        [_thread_blocked, id=32520, stack(0x000000c478b00000,0x000000c478c00000) (1024K)]
  0x0000023c63d95700 JavaThread "Cache worker for file hash cache (C:\Users\LENOVO\Desktop\HeliBoard-main\.gradle\8.14\fileHashes)"        [_thread_blocked, id=23288, stack(0x000000c479400000,0x000000c479500000) (1024K)]
  0x0000023c63d95d90 JavaThread "Cache worker for checksums cache (C:\Users\LENOVO\Desktop\HeliBoard-main\.gradle\8.14\checksums)"        [_thread_blocked, id=7104, stack(0x000000c479500000,0x000000c479600000) (1024K)]
  0x0000023c63d984f0 JavaThread "Cache worker for Build Output Cleanup Cache (C:\Users\LENOVO\Desktop\HeliBoard-main\.gradle\buildOutputCleanup)"        [_thread_blocked, id=13676, stack(0x000000c479a00000,0x000000c479b00000) (1024K)]
  0x0000023c6456e6a0 JavaThread "build event listener"              [_thread_in_vm, id=32640, stack(0x000000c479d00000,0x000000c479e00000) (1024K)]
  0x0000023c645721b0 JavaThread "Build operations"                  [_thread_blocked, id=32232, stack(0x000000c479e00000,0x000000c479f00000) (1024K)]
  0x0000023c6456f3c0 JavaThread "Build operations Thread 2"         [_thread_blocked, id=14340, stack(0x000000c479f00000,0x000000c47a000000) (1024K)]
  0x0000023c645700e0 JavaThread "included builds"                   [_thread_blocked, id=26744, stack(0x000000c479c00000,0x000000c479d00000) (1024K)]
  0x0000023c6456e010 JavaThread "Execution worker"                  [_thread_blocked, id=29040, stack(0x000000c47a000000,0x000000c47a100000) (1024K)]
  0x0000023c64572ed0 JavaThread "Execution worker Thread 2"         [_thread_blocked, id=27292, stack(0x000000c47a100000,0x000000c47a200000) (1024K)]
  0x0000023c64573560 JavaThread "Execution worker Thread 3"         [_thread_blocked, id=2660, stack(0x000000c47a200000,0x000000c47a300000) (1024K)]
  0x0000023c64573bf0 JavaThread "Execution worker Thread 4"         [_thread_blocked, id=7716, stack(0x000000c47a300000,0x000000c47a400000) (1024K)]
  0x0000023c64574fa0 JavaThread "Execution worker Thread 5"         [_thread_blocked, id=31412, stack(0x000000c47a400000,0x000000c47a500000) (1024K)]
  0x0000023c63e363a0 JavaThread "Execution worker Thread 6"         [_thread_blocked, id=16564, stack(0x000000c47a500000,0x000000c47a600000) (1024K)]
  0x0000023c63e36a30 JavaThread "Execution worker Thread 7"         [_thread_in_Java, id=25276, stack(0x000000c47a600000,0x000000c47a700000) (1024K)]
  0x0000023c63e34ff0 JavaThread "Cache worker for execution history cache (C:\Users\LENOVO\Desktop\HeliBoard-main\.gradle\8.14\executionHistory)"        [_thread_blocked, id=5052, stack(0x000000c47a700000,0x000000c47a800000) (1024K)]
Total: 49

Other Threads:
  0x0000023c5ba0da10 VMThread "VM Thread"                           [id=25724, stack(0x000000c477300000,0x000000c477400000) (1024K)]
  0x0000023c5b9f9da0 WatcherThread "VM Periodic Task Thread"        [id=31304, stack(0x000000c477200000,0x000000c477300000) (1024K)]
  0x0000023c436864b0 WorkerThread "GC Thread#0"                     [id=19264, stack(0x000000c476d00000,0x000000c476e00000) (1024K)]
  0x0000023c5bdb4fe0 WorkerThread "GC Thread#1"                     [id=29680, stack(0x000000c477e00000,0x000000c477f00000) (1024K)]
  0x0000023c60188c50 WorkerThread "GC Thread#2"                     [id=22232, stack(0x000000c477f00000,0x000000c478000000) (1024K)]
  0x0000023c60b37c80 WorkerThread "GC Thread#3"                     [id=30708, stack(0x000000c478000000,0x000000c478100000) (1024K)]
  0x0000023c608fe580 WorkerThread "GC Thread#4"                     [id=12204, stack(0x000000c478100000,0x000000c478200000) (1024K)]
  0x0000023c60b8d630 WorkerThread "GC Thread#5"                     [id=6876, stack(0x000000c478e00000,0x000000c478f00000) (1024K)]
  0x0000023c60b8c010 WorkerThread "GC Thread#6"                     [id=32740, stack(0x000000c478f00000,0x000000c479000000) (1024K)]
  0x0000023c60b8cb20 WorkerThread "GC Thread#7"                     [id=11304, stack(0x000000c479000000,0x000000c479100000) (1024K)]
  0x0000023c4368f4a0 ConcurrentGCThread "G1 Main Marker"            [id=9408, stack(0x000000c476e00000,0x000000c476f00000) (1024K)]
  0x0000023c43692240 WorkerThread "G1 Conc#0"                       [id=23136, stack(0x000000c476f00000,0x000000c477000000) (1024K)]
  0x0000023c6233b860 WorkerThread "G1 Conc#1"                       [id=31856, stack(0x000000c479300000,0x000000c479400000) (1024K)]
  0x0000023c437045e0 ConcurrentGCThread "G1 Refine#0"               [id=14412, stack(0x000000c477000000,0x000000c477100000) (1024K)]
  0x0000023c43704f00 ConcurrentGCThread "G1 Service"                [id=32656, stack(0x000000c477100000,0x000000c477200000) (1024K)]
Total: 15

Threads with active compile tasks:
C2 CompilerThread0  91460 14055       4       org.gradle.internal.reflect.annotations.impl.DefaultTypeAnnotationMetadataStore$HasAnnotationMetadataBuilder::allAnnotationCategories (43 bytes)
Total: 1

VM state: not at safepoint (normal execution)

VM Mutex/Monitor currently owned by a thread: None

Heap address: 0x00000000c0000000, size: 1024 MB, Compressed Oops mode: 32-bit

CDS archive(s) mapped at: [0x0000023c00000000-0x0000023c00ba0000-0x0000023c00ba0000), size 12189696, SharedBaseAddress: 0x0000023c00000000, ArchiveRelocationMode: 1.
Compressed class space mapped at: 0x0000023c01000000-0x0000023c41000000, reserved size: 1073741824
Narrow klass base: 0x0000023c00000000, Narrow klass shift: 0, Narrow klass range: 0x100000000

GC Precious Log:
 CardTable entry size: 512
 Card Set container configuration: InlinePtr #cards 5 size 8 Array Of Cards #cards 12 size 40 Howl #buckets 4 coarsen threshold 1843 Howl Bitmap #cards 512 size 80 coarsen threshold 460 Card regions per heap region 1 cards per card region 2048
 CPUs: 8 total, 8 available
 Memory: 5965M
 Large Page Support: Disabled
 NUMA Support: Disabled
 Compressed Oops: Enabled (32-bit)
 Heap Region Size: 1M
 Heap Min Capacity: 8M
 Heap Initial Capacity: 94M
 Heap Max Capacity: 1G
 Pre-touch: Disabled
 Parallel Workers: 8
 Concurrent Workers: 2
 Concurrent Refinement Workers: 8
 Periodic GC: Disabled

Heap:
 garbage-first heap   total 189440K, used 157261K [0x00000000c0000000, 0x0000000100000000)
  region size 1024K, 48 young (49152K), 3 survivors (3072K)
 Metaspace       used 109648K, committed 112256K, reserved 1179648K
  class space    used 15537K, committed 16832K, reserved 1048576K

Heap Regions: E=young(eden), S=young(survivor), O=old, HS=humongous(starts), HC=humongous(continues), CS=collection set, F=free, TAMS=top-at-mark-start, PB=parsable bottom
|   0|0x00000000c0000000, 0x00000000c0100000, 0x00000000c0100000|100%|HS|  |TAMS 0x00000000c0000000| PB 0x00000000c0000000| Complete 
|   1|0x00000000c0100000, 0x00000000c0200000, 0x00000000c0200000|100%|HC|  |TAMS 0x00000000c0100000| PB 0x00000000c0100000| Complete 
|   2|0x00000000c0200000, 0x00000000c0300000, 0x00000000c0300000|100%|HC|  |TAMS 0x00000000c0200000| PB 0x00000000c0200000| Complete 
|   3|0x00000000c0300000, 0x00000000c0400000, 0x00000000c0400000|100%| O|  |TAMS 0x00000000c0300000| PB 0x00000000c0300000| Untracked 
|   4|0x00000000c0400000, 0x00000000c0500000, 0x00000000c0500000|100%| O|  |TAMS 0x00000000c0400000| PB 0x00000000c0400000| Untracked 
|   5|0x00000000c0500000, 0x00000000c0600000, 0x00000000c0600000|100%| O|  |TAMS 0x00000000c0500000| PB 0x00000000c0500000| Untracked 
|   6|0x00000000c0600000, 0x00000000c0700000, 0x00000000c0700000|100%|HS|  |TAMS 0x00000000c0600000| PB 0x00000000c0600000| Complete 
|   7|0x00000000c0700000, 0x00000000c0800000, 0x00000000c0800000|100%| O|  |TAMS 0x00000000c0700000| PB 0x00000000c0700000| Untracked 
|   8|0x00000000c0800000, 0x00000000c0900000, 0x00000000c0900000|100%| O|  |TAMS 0x00000000c0800000| PB 0x00000000c0800000| Untracked 
|   9|0x00000000c0900000, 0x00000000c0a00000, 0x00000000c0a00000|100%| O|  |TAMS 0x00000000c0900000| PB 0x00000000c0900000| Untracked 
|  10|0x00000000c0a00000, 0x00000000c0b00000, 0x00000000c0b00000|100%| O|  |TAMS 0x00000000c0a00000| PB 0x00000000c0a00000| Untracked 
|  11|0x00000000c0b00000, 0x00000000c0c00000, 0x00000000c0c00000|100%| O|  |TAMS 0x00000000c0b00000| PB 0x00000000c0b00000| Untracked 
|  12|0x00000000c0c00000, 0x00000000c0d00000, 0x00000000c0d00000|100%| O|  |TAMS 0x00000000c0c00000| PB 0x00000000c0c00000| Untracked 
|  13|0x00000000c0d00000, 0x00000000c0e00000, 0x00000000c0e00000|100%| O|  |TAMS 0x00000000c0d00000| PB 0x00000000c0d00000| Untracked 
|  14|0x00000000c0e00000, 0x00000000c0f00000, 0x00000000c0f00000|100%| O|  |TAMS 0x00000000c0e00000| PB 0x00000000c0e00000| Untracked 
|  15|0x00000000c0f00000, 0x00000000c1000000, 0x00000000c1000000|100%| O|  |TAMS 0x00000000c0f00000| PB 0x00000000c0f00000| Untracked 
|  16|0x00000000c1000000, 0x00000000c1100000, 0x00000000c1100000|100%| O|  |TAMS 0x00000000c1000000| PB 0x00000000c1000000| Untracked 
|  17|0x00000000c1100000, 0x00000000c1200000, 0x00000000c1200000|100%| O|  |TAMS 0x00000000c1100000| PB 0x00000000c1100000| Untracked 
|  18|0x00000000c1200000, 0x00000000c1300000, 0x00000000c1300000|100%| O|  |TAMS 0x00000000c1200000| PB 0x00000000c1200000| Untracked 
|  19|0x00000000c1300000, 0x00000000c1400000, 0x00000000c1400000|100%| O|  |TAMS 0x00000000c1300000| PB 0x00000000c1300000| Untracked 
|  20|0x00000000c1400000, 0x00000000c1500000, 0x00000000c1500000|100%| O|  |TAMS 0x00000000c1400000| PB 0x00000000c1400000| Untracked 
|  21|0x00000000c1500000, 0x00000000c1600000, 0x00000000c1600000|100%| O|  |TAMS 0x00000000c1500000| PB 0x00000000c1500000| Untracked 
|  22|0x00000000c1600000, 0x00000000c1700000, 0x00000000c1700000|100%| O|  |TAMS 0x00000000c1600000| PB 0x00000000c1600000| Untracked 
|  23|0x00000000c1700000, 0x00000000c1800000, 0x00000000c1800000|100%| O|  |TAMS 0x00000000c1700000| PB 0x00000000c1700000| Untracked 
|  24|0x00000000c1800000, 0x00000000c1900000, 0x00000000c1900000|100%| O|  |TAMS 0x00000000c1800000| PB 0x00000000c1800000| Untracked 
|  25|0x00000000c1900000, 0x00000000c1a00000, 0x00000000c1a00000|100%| O|  |TAMS 0x00000000c1900000| PB 0x00000000c1900000| Untracked 
|  26|0x00000000c1a00000, 0x00000000c1b00000, 0x00000000c1b00000|100%| O|  |TAMS 0x00000000c1a00000| PB 0x00000000c1a00000| Untracked 
|  27|0x00000000c1b00000, 0x00000000c1c00000, 0x00000000c1c00000|100%| O|  |TAMS 0x00000000c1b00000| PB 0x00000000c1b00000| Untracked 
|  28|0x00000000c1c00000, 0x00000000c1d00000, 0x00000000c1d00000|100%| O|  |TAMS 0x00000000c1c00000| PB 0x00000000c1c00000| Untracked 
|  29|0x00000000c1d00000, 0x00000000c1e00000, 0x00000000c1e00000|100%| O|  |TAMS 0x00000000c1d00000| PB 0x00000000c1d00000| Untracked 
|  30|0x00000000c1e00000, 0x00000000c1f00000, 0x00000000c1f00000|100%| O|  |TAMS 0x00000000c1e00000| PB 0x00000000c1e00000| Untracked 
|  31|0x00000000c1f00000, 0x00000000c2000000, 0x00000000c2000000|100%| O|  |TAMS 0x00000000c1f00000| PB 0x00000000c1f00000| Untracked 
|  32|0x00000000c2000000, 0x00000000c2100000, 0x00000000c2100000|100%| O|  |TAMS 0x00000000c2000000| PB 0x00000000c2000000| Untracked 
|  33|0x00000000c2100000, 0x00000000c2200000, 0x00000000c2200000|100%| O|  |TAMS 0x00000000c2100000| PB 0x00000000c2100000| Untracked 
|  34|0x00000000c2200000, 0x00000000c2300000, 0x00000000c2300000|100%| O|  |TAMS 0x00000000c2200000| PB 0x00000000c2200000| Untracked 
|  35|0x00000000c2300000, 0x00000000c2400000, 0x00000000c2400000|100%| O|  |TAMS 0x00000000c2300000| PB 0x00000000c2300000| Untracked 
|  36|0x00000000c2400000, 0x00000000c2500000, 0x00000000c2500000|100%| O|  |TAMS 0x00000000c2400000| PB 0x00000000c2400000| Untracked 
|  37|0x00000000c2500000, 0x00000000c2600000, 0x00000000c2600000|100%| O|  |TAMS 0x00000000c2500000| PB 0x00000000c2500000| Untracked 
|  38|0x00000000c2600000, 0x00000000c2700000, 0x00000000c2700000|100%| O|  |TAMS 0x00000000c2600000| PB 0x00000000c2600000| Untracked 
|  39|0x00000000c2700000, 0x00000000c2800000, 0x00000000c2800000|100%| O|  |TAMS 0x00000000c2700000| PB 0x00000000c2700000| Untracked 
|  40|0x00000000c2800000, 0x00000000c2900000, 0x00000000c2900000|100%| O|  |TAMS 0x00000000c2800000| PB 0x00000000c2800000| Untracked 
|  41|0x00000000c2900000, 0x00000000c2a00000, 0x00000000c2a00000|100%| O|  |TAMS 0x00000000c2900000| PB 0x00000000c2900000| Untracked 
|  42|0x00000000c2a00000, 0x00000000c2b00000, 0x00000000c2b00000|100%| O|  |TAMS 0x00000000c2a00000| PB 0x00000000c2a00000| Untracked 
|  43|0x00000000c2b00000, 0x00000000c2c00000, 0x00000000c2c00000|100%| O|  |TAMS 0x00000000c2b00000| PB 0x00000000c2b00000| Untracked 
|  44|0x00000000c2c00000, 0x00000000c2d00000, 0x00000000c2d00000|100%| O|  |TAMS 0x00000000c2c00000| PB 0x00000000c2c00000| Untracked 
|  45|0x00000000c2d00000, 0x00000000c2e00000, 0x00000000c2e00000|100%|HS|  |TAMS 0x00000000c2d00000| PB 0x00000000c2d00000| Complete 
|  46|0x00000000c2e00000, 0x00000000c2f00000, 0x00000000c2f00000|100%|HS|  |TAMS 0x00000000c2e00000| PB 0x00000000c2e00000| Complete 
|  47|0x00000000c2f00000, 0x00000000c3000000, 0x00000000c3000000|100%|HC|  |TAMS 0x00000000c2f00000| PB 0x00000000c2f00000| Complete 
|  48|0x00000000c3000000, 0x00000000c3100000, 0x00000000c3100000|100%|HS|  |TAMS 0x00000000c3000000| PB 0x00000000c3000000| Complete 
|  49|0x00000000c3100000, 0x00000000c3200000, 0x00000000c3200000|100%|HS|  |TAMS 0x00000000c3100000| PB 0x00000000c3100000| Complete 
|  50|0x00000000c3200000, 0x00000000c3300000, 0x00000000c3300000|100%|HS|  |TAMS 0x00000000c3200000| PB 0x00000000c3200000| Complete 
|  51|0x00000000c3300000, 0x00000000c3400000, 0x00000000c3400000|100%|HS|  |TAMS 0x00000000c3300000| PB 0x00000000c3300000| Complete 
|  52|0x00000000c3400000, 0x00000000c3500000, 0x00000000c3500000|100%| O|  |TAMS 0x00000000c3400000| PB 0x00000000c3400000| Untracked 
|  53|0x00000000c3500000, 0x00000000c3600000, 0x00000000c3600000|100%| O|  |TAMS 0x00000000c3500000| PB 0x00000000c3500000| Untracked 
|  54|0x00000000c3600000, 0x00000000c3700000, 0x00000000c3700000|100%| O|  |TAMS 0x00000000c3600000| PB 0x00000000c3600000| Untracked 
|  55|0x00000000c3700000, 0x00000000c3800000, 0x00000000c3800000|100%|HS|  |TAMS 0x00000000c3700000| PB 0x00000000c3700000| Complete 
|  56|0x00000000c3800000, 0x00000000c3900000, 0x00000000c3900000|100%|HC|  |TAMS 0x00000000c3800000| PB 0x00000000c3800000| Complete 
|  57|0x00000000c3900000, 0x00000000c3a00000, 0x00000000c3a00000|100%| O|  |TAMS 0x00000000c3900000| PB 0x00000000c3900000| Untracked 
|  58|0x00000000c3a00000, 0x00000000c3b00000, 0x00000000c3b00000|100%| O|Cm|TAMS 0x00000000c3a00000| PB 0x00000000c3a00000| Complete 
|  59|0x00000000c3b00000, 0x00000000c3c00000, 0x00000000c3c00000|100%| O|  |TAMS 0x00000000c3b00000| PB 0x00000000c3b00000| Untracked 
|  60|0x00000000c3c00000, 0x00000000c3d00000, 0x00000000c3d00000|100%|HS|  |TAMS 0x00000000c3c00000| PB 0x00000000c3c00000| Complete 
|  61|0x00000000c3d00000, 0x00000000c3e00000, 0x00000000c3e00000|100%| O|  |TAMS 0x00000000c3d00000| PB 0x00000000c3d00000| Untracked 
|  62|0x00000000c3e00000, 0x00000000c3f00000, 0x00000000c3f00000|100%| O|  |TAMS 0x00000000c3e00000| PB 0x00000000c3e00000| Untracked 
|  63|0x00000000c3f00000, 0x00000000c4000000, 0x00000000c4000000|100%| O|  |TAMS 0x00000000c3f00000| PB 0x00000000c3f00000| Untracked 
|  64|0x00000000c4000000, 0x00000000c4100000, 0x00000000c4100000|100%| O|  |TAMS 0x00000000c4000000| PB 0x00000000c4000000| Untracked 
|  65|0x00000000c4100000, 0x00000000c4200000, 0x00000000c4200000|100%| O|  |TAMS 0x00000000c4100000| PB 0x00000000c4100000| Untracked 
|  66|0x00000000c4200000, 0x00000000c4300000, 0x00000000c4300000|100%|HS|  |TAMS 0x00000000c4200000| PB 0x00000000c4200000| Complete 
|  67|0x00000000c4300000, 0x00000000c4400000, 0x00000000c4400000|100%| O|  |TAMS 0x00000000c4300000| PB 0x00000000c4300000| Untracked 
|  68|0x00000000c4400000, 0x00000000c4500000, 0x00000000c4500000|100%| O|  |TAMS 0x00000000c4400000| PB 0x00000000c4400000| Untracked 
|  69|0x00000000c4500000, 0x00000000c4600000, 0x00000000c4600000|100%| O|  |TAMS 0x00000000c4500000| PB 0x00000000c4500000| Untracked 
|  70|0x00000000c4600000, 0x00000000c4700000, 0x00000000c4700000|100%| O|Cm|TAMS 0x00000000c4600000| PB 0x00000000c4600000| Complete 
|  71|0x00000000c4700000, 0x00000000c4800000, 0x00000000c4800000|100%| O|  |TAMS 0x00000000c4700000| PB 0x00000000c4700000| Untracked 
|  72|0x00000000c4800000, 0x00000000c4900000, 0x00000000c4900000|100%| O|  |TAMS 0x00000000c4800000| PB 0x00000000c4800000| Untracked 
|  73|0x00000000c4900000, 0x00000000c4a00000, 0x00000000c4a00000|100%| O|  |TAMS 0x00000000c4900000| PB 0x00000000c4900000| Untracked 
|  74|0x00000000c4a00000, 0x00000000c4b00000, 0x00000000c4b00000|100%| O|  |TAMS 0x00000000c4a00000| PB 0x00000000c4a00000| Untracked 
|  75|0x00000000c4b00000, 0x00000000c4c00000, 0x00000000c4c00000|100%| O|  |TAMS 0x00000000c4b00000| PB 0x00000000c4b00000| Untracked 
|  76|0x00000000c4c00000, 0x00000000c4d00000, 0x00000000c4d00000|100%| O|  |TAMS 0x00000000c4c00000| PB 0x00000000c4c00000| Untracked 
|  77|0x00000000c4d00000, 0x00000000c4e00000, 0x00000000c4e00000|100%| O|  |TAMS 0x00000000c4d00000| PB 0x00000000c4d00000| Untracked 
|  78|0x00000000c4e00000, 0x00000000c4f00000, 0x00000000c4f00000|100%| O|  |TAMS 0x00000000c4e00000| PB 0x00000000c4e00000| Untracked 
|  79|0x00000000c4f00000, 0x00000000c5000000, 0x00000000c5000000|100%| O|  |TAMS 0x00000000c4f00000| PB 0x00000000c4f00000| Untracked 
|  80|0x00000000c5000000, 0x00000000c5100000, 0x00000000c5100000|100%|HS|  |TAMS 0x00000000c5000000| PB 0x00000000c5000000| Complete 
|  81|0x00000000c5100000, 0x00000000c5200000, 0x00000000c5200000|100%| O|  |TAMS 0x00000000c5100000| PB 0x00000000c5100000| Untracked 
|  82|0x00000000c5200000, 0x00000000c5300000, 0x00000000c5300000|100%| O|  |TAMS 0x00000000c5200000| PB 0x00000000c5200000| Untracked 
|  83|0x00000000c5300000, 0x00000000c5400000, 0x00000000c5400000|100%| O|  |TAMS 0x00000000c5300000| PB 0x00000000c5300000| Untracked 
|  84|0x00000000c5400000, 0x00000000c5500000, 0x00000000c5500000|100%| O|  |TAMS 0x00000000c5400000| PB 0x00000000c5400000| Untracked 
|  85|0x00000000c5500000, 0x00000000c5600000, 0x00000000c5600000|100%| O|  |TAMS 0x00000000c5500000| PB 0x00000000c5500000| Untracked 
|  86|0x00000000c5600000, 0x00000000c5700000, 0x00000000c5700000|100%| O|  |TAMS 0x00000000c5600000| PB 0x00000000c5600000| Untracked 
|  87|0x00000000c5700000, 0x00000000c5800000, 0x00000000c5800000|100%| O|  |TAMS 0x00000000c5700000| PB 0x00000000c5700000| Untracked 
|  88|0x00000000c5800000, 0x00000000c5900000, 0x00000000c5900000|100%| O|  |TAMS 0x00000000c5800000| PB 0x00000000c5800000| Untracked 
|  89|0x00000000c5900000, 0x00000000c5a00000, 0x00000000c5a00000|100%| O|  |TAMS 0x00000000c5900000| PB 0x00000000c5900000| Untracked 
|  90|0x00000000c5a00000, 0x00000000c5b00000, 0x00000000c5b00000|100%| O|  |TAMS 0x00000000c5a00000| PB 0x00000000c5a00000| Untracked 
|  91|0x00000000c5b00000, 0x00000000c5c00000, 0x00000000c5c00000|100%| O|  |TAMS 0x00000000c5b00000| PB 0x00000000c5b00000| Untracked 
|  92|0x00000000c5c00000, 0x00000000c5d00000, 0x00000000c5d00000|100%| O|  |TAMS 0x00000000c5c00000| PB 0x00000000c5c00000| Untracked 
|  93|0x00000000c5d00000, 0x00000000c5e00000, 0x00000000c5e00000|100%| O|  |TAMS 0x00000000c5d00000| PB 0x00000000c5d00000| Untracked 
|  94|0x00000000c5e00000, 0x00000000c5f00000, 0x00000000c5f00000|100%| O|  |TAMS 0x00000000c5e00000| PB 0x00000000c5e00000| Untracked 
|  95|0x00000000c5f00000, 0x00000000c6000000, 0x00000000c6000000|100%| O|  |TAMS 0x00000000c5f00000| PB 0x00000000c5f00000| Untracked 
|  96|0x00000000c6000000, 0x00000000c6100000, 0x00000000c6100000|100%| O|  |TAMS 0x00000000c6000000| PB 0x00000000c6000000| Untracked 
|  97|0x00000000c6100000, 0x00000000c6200000, 0x00000000c6200000|100%| O|  |TAMS 0x00000000c6100000| PB 0x00000000c6100000| Untracked 
|  98|0x00000000c6200000, 0x00000000c6300000, 0x00000000c6300000|100%| O|  |TAMS 0x00000000c6200000| PB 0x00000000c6200000| Untracked 
|  99|0x00000000c6300000, 0x00000000c6400000, 0x00000000c6400000|100%| O|  |TAMS 0x00000000c6300000| PB 0x00000000c6300000| Untracked 
| 100|0x00000000c6400000, 0x00000000c6500000, 0x00000000c6500000|100%| O|Cm|TAMS 0x00000000c6400000| PB 0x00000000c6400000| Complete 
| 101|0x00000000c6500000, 0x00000000c6600000, 0x00000000c6600000|100%| O|  |TAMS 0x00000000c6500000| PB 0x00000000c6500000| Untracked 
| 102|0x00000000c6600000, 0x00000000c6700000, 0x00000000c6700000|100%| O|  |TAMS 0x00000000c6600000| PB 0x00000000c6600000| Untracked 
| 103|0x00000000c6700000, 0x00000000c6700000, 0x00000000c6800000|  0%| F|  |TAMS 0x00000000c6700000| PB 0x00000000c6700000| Untracked 
| 104|0x00000000c6800000, 0x00000000c6800000, 0x00000000c6900000|  0%| F|  |TAMS 0x00000000c6800000| PB 0x00000000c6800000| Untracked 
| 105|0x00000000c6900000, 0x00000000c6900000, 0x00000000c6a00000|  0%| F|  |TAMS 0x00000000c6900000| PB 0x00000000c6900000| Untracked 
| 106|0x00000000c6a00000, 0x00000000c6a00000, 0x00000000c6b00000|  0%| F|  |TAMS 0x00000000c6a00000| PB 0x00000000c6a00000| Untracked 
| 107|0x00000000c6b00000, 0x00000000c6b00000, 0x00000000c6c00000|  0%| F|  |TAMS 0x00000000c6b00000| PB 0x00000000c6b00000| Untracked 
| 108|0x00000000c6c00000, 0x00000000c6c93480, 0x00000000c6d00000| 57%| O|  |TAMS 0x00000000c6c00000| PB 0x00000000c6c00000| Untracked 
| 109|0x00000000c6d00000, 0x00000000c6d00000, 0x00000000c6e00000|  0%| F|  |TAMS 0x00000000c6d00000| PB 0x00000000c6d00000| Untracked 
| 110|0x00000000c6e00000, 0x00000000c6e00000, 0x00000000c6f00000|  0%| F|  |TAMS 0x00000000c6e00000| PB 0x00000000c6e00000| Untracked 
| 111|0x00000000c6f00000, 0x00000000c6f00000, 0x00000000c7000000|  0%| F|  |TAMS 0x00000000c6f00000| PB 0x00000000c6f00000| Untracked 
| 112|0x00000000c7000000, 0x00000000c7000000, 0x00000000c7100000|  0%| F|  |TAMS 0x00000000c7000000| PB 0x00000000c7000000| Untracked 
| 113|0x00000000c7100000, 0x00000000c7100000, 0x00000000c7200000|  0%| F|  |TAMS 0x00000000c7100000| PB 0x00000000c7100000| Untracked 
| 114|0x00000000c7200000, 0x00000000c7300000, 0x00000000c7300000|100%| S|CS|TAMS 0x00000000c7200000| PB 0x00000000c7200000| Complete 
| 115|0x00000000c7300000, 0x00000000c7400000, 0x00000000c7400000|100%| S|CS|TAMS 0x00000000c7300000| PB 0x00000000c7300000| Complete 
| 116|0x00000000c7400000, 0x00000000c7500000, 0x00000000c7500000|100%| S|CS|TAMS 0x00000000c7400000| PB 0x00000000c7400000| Complete 
| 117|0x00000000c7500000, 0x00000000c7500000, 0x00000000c7600000|  0%| F|  |TAMS 0x00000000c7500000| PB 0x00000000c7500000| Untracked 
| 118|0x00000000c7600000, 0x00000000c7600000, 0x00000000c7700000|  0%| F|  |TAMS 0x00000000c7600000| PB 0x00000000c7600000| Untracked 
| 119|0x00000000c7700000, 0x00000000c7700000, 0x00000000c7800000|  0%| F|  |TAMS 0x00000000c7700000| PB 0x00000000c7700000| Untracked 
| 120|0x00000000c7800000, 0x00000000c7800000, 0x00000000c7900000|  0%| F|  |TAMS 0x00000000c7800000| PB 0x00000000c7800000| Untracked 
| 121|0x00000000c7900000, 0x00000000c7900000, 0x00000000c7a00000|  0%| F|  |TAMS 0x00000000c7900000| PB 0x00000000c7900000| Untracked 
| 122|0x00000000c7a00000, 0x00000000c7a00000, 0x00000000c7b00000|  0%| F|  |TAMS 0x00000000c7a00000| PB 0x00000000c7a00000| Untracked 
| 123|0x00000000c7b00000, 0x00000000c7b00000, 0x00000000c7c00000|  0%| F|  |TAMS 0x00000000c7b00000| PB 0x00000000c7b00000| Untracked 
| 124|0x00000000c7c00000, 0x00000000c7c00000, 0x00000000c7d00000|  0%| F|  |TAMS 0x00000000c7c00000| PB 0x00000000c7c00000| Untracked 
| 125|0x00000000c7d00000, 0x00000000c7d00000, 0x00000000c7e00000|  0%| F|  |TAMS 0x00000000c7d00000| PB 0x00000000c7d00000| Untracked 
| 126|0x00000000c7e00000, 0x00000000c7e00000, 0x00000000c7f00000|  0%| F|  |TAMS 0x00000000c7e00000| PB 0x00000000c7e00000| Untracked 
| 127|0x00000000c7f00000, 0x00000000c7f00000, 0x00000000c8000000|  0%| F|  |TAMS 0x00000000c7f00000| PB 0x00000000c7f00000| Untracked 
| 128|0x00000000c8000000, 0x00000000c8000000, 0x00000000c8100000|  0%| F|  |TAMS 0x00000000c8000000| PB 0x00000000c8000000| Untracked 
| 129|0x00000000c8100000, 0x00000000c8100000, 0x00000000c8200000|  0%| F|  |TAMS 0x00000000c8100000| PB 0x00000000c8100000| Untracked 
| 130|0x00000000c8200000, 0x00000000c8200000, 0x00000000c8300000|  0%| F|  |TAMS 0x00000000c8200000| PB 0x00000000c8200000| Untracked 
| 131|0x00000000c8300000, 0x00000000c8300000, 0x00000000c8400000|  0%| F|  |TAMS 0x00000000c8300000| PB 0x00000000c8300000| Untracked 
| 132|0x00000000c8400000, 0x00000000c8400000, 0x00000000c8500000|  0%| F|  |TAMS 0x00000000c8400000| PB 0x00000000c8400000| Untracked 
| 133|0x00000000c8500000, 0x00000000c8500000, 0x00000000c8600000|  0%| F|  |TAMS 0x00000000c8500000| PB 0x00000000c8500000| Untracked 
| 134|0x00000000c8600000, 0x00000000c8600000, 0x00000000c8700000|  0%| F|  |TAMS 0x00000000c8600000| PB 0x00000000c8600000| Untracked 
| 135|0x00000000c8700000, 0x00000000c8700000, 0x00000000c8800000|  0%| F|  |TAMS 0x00000000c8700000| PB 0x00000000c8700000| Untracked 
| 136|0x00000000c8800000, 0x00000000c8891150, 0x00000000c8900000| 56%| E|  |TAMS 0x00000000c8800000| PB 0x00000000c8800000| Complete 
| 137|0x00000000c8900000, 0x00000000c8a00000, 0x00000000c8a00000|100%| E|CS|TAMS 0x00000000c8900000| PB 0x00000000c8900000| Complete 
| 138|0x00000000c8a00000, 0x00000000c8b00000, 0x00000000c8b00000|100%| E|CS|TAMS 0x00000000c8a00000| PB 0x00000000c8a00000| Complete 
| 139|0x00000000c8b00000, 0x00000000c8c00000, 0x00000000c8c00000|100%| E|  |TAMS 0x00000000c8b00000| PB 0x00000000c8b00000| Complete 
| 140|0x00000000c8c00000, 0x00000000c8d00000, 0x00000000c8d00000|100%| E|CS|TAMS 0x00000000c8c00000| PB 0x00000000c8c00000| Complete 
| 141|0x00000000c8d00000, 0x00000000c8e00000, 0x00000000c8e00000|100%| E|CS|TAMS 0x00000000c8d00000| PB 0x00000000c8d00000| Complete 
| 142|0x00000000c8e00000, 0x00000000c8f00000, 0x00000000c8f00000|100%| E|CS|TAMS 0x00000000c8e00000| PB 0x00000000c8e00000| Complete 
| 143|0x00000000c8f00000, 0x00000000c9000000, 0x00000000c9000000|100%| E|CS|TAMS 0x00000000c8f00000| PB 0x00000000c8f00000| Complete 
| 144|0x00000000c9000000, 0x00000000c9100000, 0x00000000c9100000|100%| E|CS|TAMS 0x00000000c9000000| PB 0x00000000c9000000| Complete 
| 145|0x00000000c9100000, 0x00000000c9200000, 0x00000000c9200000|100%| E|CS|TAMS 0x00000000c9100000| PB 0x00000000c9100000| Complete 
| 146|0x00000000c9200000, 0x00000000c9300000, 0x00000000c9300000|100%| E|CS|TAMS 0x00000000c9200000| PB 0x00000000c9200000| Complete 
| 147|0x00000000c9300000, 0x00000000c9400000, 0x00000000c9400000|100%| E|CS|TAMS 0x00000000c9300000| PB 0x00000000c9300000| Complete 
| 148|0x00000000c9400000, 0x00000000c9500000, 0x00000000c9500000|100%| E|CS|TAMS 0x00000000c9400000| PB 0x00000000c9400000| Complete 
| 149|0x00000000c9500000, 0x00000000c9600000, 0x00000000c9600000|100%| E|CS|TAMS 0x00000000c9500000| PB 0x00000000c9500000| Complete 
| 150|0x00000000c9600000, 0x00000000c9700000, 0x00000000c9700000|100%| E|CS|TAMS 0x00000000c9600000| PB 0x00000000c9600000| Complete 
| 151|0x00000000c9700000, 0x00000000c9800000, 0x00000000c9800000|100%| E|CS|TAMS 0x00000000c9700000| PB 0x00000000c9700000| Complete 
| 152|0x00000000c9800000, 0x00000000c9900000, 0x00000000c9900000|100%| E|CS|TAMS 0x00000000c9800000| PB 0x00000000c9800000| Complete 
| 153|0x00000000c9900000, 0x00000000c9a00000, 0x00000000c9a00000|100%| E|CS|TAMS 0x00000000c9900000| PB 0x00000000c9900000| Complete 
| 154|0x00000000c9a00000, 0x00000000c9b00000, 0x00000000c9b00000|100%| E|CS|TAMS 0x00000000c9a00000| PB 0x00000000c9a00000| Complete 
| 155|0x00000000c9b00000, 0x00000000c9c00000, 0x00000000c9c00000|100%| E|CS|TAMS 0x00000000c9b00000| PB 0x00000000c9b00000| Complete 
| 156|0x00000000c9c00000, 0x00000000c9d00000, 0x00000000c9d00000|100%| E|CS|TAMS 0x00000000c9c00000| PB 0x00000000c9c00000| Complete 
| 157|0x00000000c9d00000, 0x00000000c9e00000, 0x00000000c9e00000|100%| E|CS|TAMS 0x00000000c9d00000| PB 0x00000000c9d00000| Complete 
| 158|0x00000000c9e00000, 0x00000000c9f00000, 0x00000000c9f00000|100%| E|CS|TAMS 0x00000000c9e00000| PB 0x00000000c9e00000| Complete 
| 159|0x00000000c9f00000, 0x00000000ca000000, 0x00000000ca000000|100%| E|CS|TAMS 0x00000000c9f00000| PB 0x00000000c9f00000| Complete 
| 160|0x00000000ca000000, 0x00000000ca100000, 0x00000000ca100000|100%| E|CS|TAMS 0x00000000ca000000| PB 0x00000000ca000000| Complete 
| 161|0x00000000ca100000, 0x00000000ca200000, 0x00000000ca200000|100%| E|CS|TAMS 0x00000000ca100000| PB 0x00000000ca100000| Complete 
| 162|0x00000000ca200000, 0x00000000ca300000, 0x00000000ca300000|100%| E|CS|TAMS 0x00000000ca200000| PB 0x00000000ca200000| Complete 
| 163|0x00000000ca300000, 0x00000000ca400000, 0x00000000ca400000|100%| E|CS|TAMS 0x00000000ca300000| PB 0x00000000ca300000| Complete 
| 164|0x00000000ca400000, 0x00000000ca500000, 0x00000000ca500000|100%| E|CS|TAMS 0x00000000ca400000| PB 0x00000000ca400000| Complete 
| 165|0x00000000ca500000, 0x00000000ca600000, 0x00000000ca600000|100%| E|CS|TAMS 0x00000000ca500000| PB 0x00000000ca500000| Complete 
| 166|0x00000000ca600000, 0x00000000ca700000, 0x00000000ca700000|100%| E|CS|TAMS 0x00000000ca600000| PB 0x00000000ca600000| Complete 
| 167|0x00000000ca700000, 0x00000000ca800000, 0x00000000ca800000|100%| E|CS|TAMS 0x00000000ca700000| PB 0x00000000ca700000| Complete 
| 168|0x00000000ca800000, 0x00000000ca900000, 0x00000000ca900000|100%| E|CS|TAMS 0x00000000ca800000| PB 0x00000000ca800000| Complete 
| 169|0x00000000ca900000, 0x00000000caa00000, 0x00000000caa00000|100%| E|CS|TAMS 0x00000000ca900000| PB 0x00000000ca900000| Complete 
| 170|0x00000000caa00000, 0x00000000cab00000, 0x00000000cab00000|100%| E|CS|TAMS 0x00000000caa00000| PB 0x00000000caa00000| Complete 
| 171|0x00000000cab00000, 0x00000000cac00000, 0x00000000cac00000|100%| E|CS|TAMS 0x00000000cab00000| PB 0x00000000cab00000| Complete 
| 172|0x00000000cac00000, 0x00000000cad00000, 0x00000000cad00000|100%| E|CS|TAMS 0x00000000cac00000| PB 0x00000000cac00000| Complete 
| 173|0x00000000cad00000, 0x00000000cae00000, 0x00000000cae00000|100%| E|CS|TAMS 0x00000000cad00000| PB 0x00000000cad00000| Complete 
| 174|0x00000000cae00000, 0x00000000caf00000, 0x00000000caf00000|100%| E|CS|TAMS 0x00000000cae00000| PB 0x00000000cae00000| Complete 
| 175|0x00000000caf00000, 0x00000000cb000000, 0x00000000cb000000|100%| E|CS|TAMS 0x00000000caf00000| PB 0x00000000caf00000| Complete 
| 176|0x00000000cb000000, 0x00000000cb100000, 0x00000000cb100000|100%| E|CS|TAMS 0x00000000cb000000| PB 0x00000000cb000000| Complete 
| 177|0x00000000cb100000, 0x00000000cb200000, 0x00000000cb200000|100%| E|CS|TAMS 0x00000000cb100000| PB 0x00000000cb100000| Complete 
|1017|0x00000000ff900000, 0x00000000ffa00000, 0x00000000ffa00000|100%| O|Cm|TAMS 0x00000000ff900000| PB 0x00000000ff900000| Complete 
|1018|0x00000000ffa00000, 0x00000000ffb00000, 0x00000000ffb00000|100%| E|CS|TAMS 0x00000000ffa00000| PB 0x00000000ffa00000| Complete 
|1019|0x00000000ffb00000, 0x00000000ffc00000, 0x00000000ffc00000|100%| E|CS|TAMS 0x00000000ffb00000| PB 0x00000000ffb00000| Complete 
|1020|0x00000000ffc00000, 0x00000000ffd00000, 0x00000000ffd00000|100%| O|  |TAMS 0x00000000ffc00000| PB 0x00000000ffc00000| Untracked 
|1021|0x00000000ffd00000, 0x00000000ffe00000, 0x00000000ffe00000|100%| O|  |TAMS 0x00000000ffd00000| PB 0x00000000ffd00000| Untracked 
|1022|0x00000000ffe00000, 0x00000000fff00000, 0x00000000fff00000|100%| O|  |TAMS 0x00000000ffe00000| PB 0x00000000ffe00000| Untracked 
|1023|0x00000000fff00000, 0x0000000100000000, 0x0000000100000000|100%| E|CS|TAMS 0x00000000fff00000| PB 0x00000000fff00000| Complete 

Card table byte_map: [0x0000023c57de0000,0x0000023c57fe0000] _byte_map_base: 0x0000023c577e0000

Marking Bits: (CMBitMap*) 0x0000023c43686bc0
 Bits: [0x0000023c57fe0000, 0x0000023c58fe0000)

Polling page: 0x0000023c43a30000

Metaspace:

Usage:
  Non-class:     91.91 MB used.
      Class:     15.17 MB used.
       Both:    107.08 MB used.

Virtual space:
  Non-class space:      128.00 MB reserved,      93.19 MB ( 73%) committed,  2 nodes.
      Class space:        1.00 GB reserved,      16.44 MB (  2%) committed,  1 nodes.
             Both:        1.12 GB reserved,     109.62 MB ( 10%) committed. 

Chunk freelists:
   Non-Class:  2.30 MB
       Class:  15.60 MB
        Both:  17.89 MB

MaxMetaspaceSize: unlimited
CompressedClassSpaceSize: 1.00 GB
Initial GC threshold: 21.00 MB
Current GC threshold: 175.00 MB
CDS: on
 - commit_granule_bytes: 65536.
 - commit_granule_words: 8192.
 - virtual_space_node_default_size: 8388608.
 - enlarge_chunks_in_place: 1.
 - use_allocation_guard: 0.


Internal statistics:

num_allocs_failed_limit: 6.
num_arena_births: 4862.
num_arena_deaths: 2.
num_vsnodes_births: 3.
num_vsnodes_deaths: 0.
num_space_committed: 1754.
num_space_uncommitted: 0.
num_chunks_returned_to_freelist: 9.
num_chunks_taken_from_freelist: 10299.
num_chunk_merges: 6.
num_chunk_splits: 6573.
num_chunks_enlarged: 3959.
num_inconsistent_stats: 0.

CodeHeap 'non-profiled nmethods': size=120000Kb used=7065Kb max_used=7132Kb free=112934Kb
 bounds [0x0000023c4fc40000, 0x0000023c50340000, 0x0000023c57170000]
CodeHeap 'profiled nmethods': size=120000Kb used=22917Kb max_used=22917Kb free=97082Kb
 bounds [0x0000023c48170000, 0x0000023c497e0000, 0x0000023c4f6a0000]
CodeHeap 'non-nmethods': size=5760Kb used=2803Kb max_used=2855Kb free=2956Kb
 bounds [0x0000023c4f6a0000, 0x0000023c4f980000, 0x0000023c4fc40000]
CodeCache: size=245760Kb, used=32785Kb, max_used=32904Kb, free=212972Kb
 total_blobs=12981, nmethods=11935, adapters=949, full_count=0
Compilation: enabled, stopped_count=0, restarted_count=0

Compilation events (20 events):
Event: 91.209 Thread 0x0000023c5ba313c0 nmethod 14057 0x0000023c5026eb90 code [0x0000023c5026ed40, 0x0000023c5026f1f8]
Event: 91.209 Thread 0x0000023c5ba313c0 14055       4       org.gradle.internal.reflect.annotations.impl.DefaultTypeAnnotationMetadataStore$HasAnnotationMetadataBuilder::allAnnotationCategories (43 bytes)
Event: 91.243 Thread 0x0000023c5ba3a950 14062       3       java.lang.ThreadLocal$ThreadLocalMap::cleanSomeSlots (61 bytes)
Event: 91.243 Thread 0x0000023c5ba3a950 nmethod 14062 0x0000023c497c7690 code [0x0000023c497c7880, 0x0000023c497c7d80]
Event: 91.247 Thread 0x0000023c5ba3a950 14063       3       org.gradle.internal.logging.console.StyledTextOutputBackedRenderer::onOutput (260 bytes)
Event: 91.250 Thread 0x0000023c5ba3a950 nmethod 14063 0x0000023c497c7f90 code [0x0000023c497c8420, 0x0000023c497cad98]
Event: 91.392 Thread 0x0000023c5ba3a950 14064       3       java.util.stream.ReferencePipeline$4$1::accept (23 bytes)
Event: 91.393 Thread 0x0000023c5ba3a950 nmethod 14064 0x0000023c497cb990 code [0x0000023c497cbb60, 0x0000023c497cbe20]
Event: 91.393 Thread 0x0000023c5ba3a950 14065       3       org.gradle.internal.execution.history.impl.FileSystemSnapshotSerializer$$Lambda/0x0000023c02066b28::applyAsInt (8 bytes)
Event: 91.393 Thread 0x0000023c5ba3a950 nmethod 14065 0x0000023c497cbf10 code [0x0000023c497cc0c0, 0x0000023c497cc3b8]
Event: 91.393 Thread 0x0000023c5ba3a950 14066       3       java.util.stream.ReduceOps$5ReducingSink::accept (19 bytes)
Event: 91.394 Thread 0x0000023c5ba3a950 nmethod 14066 0x0000023c497cc510 code [0x0000023c497cc6c0, 0x0000023c497cc8b0]
Event: 91.394 Thread 0x0000023c5ba3a950 14067       3       java.util.stream.IntPipeline$$Lambda/0x0000023c01b7aec8::applyAsInt (6 bytes)
Event: 91.394 Thread 0x0000023c5ba3a950 nmethod 14067 0x0000023c497cc990 code [0x0000023c497ccb40, 0x0000023c497ccca8]
Event: 91.394 Thread 0x0000023c5ba3a950 14068       3       java.lang.Integer::sum (4 bytes)
Event: 91.394 Thread 0x0000023c5ba3a950 nmethod 14068 0x0000023c48558a90 code [0x0000023c48558c20, 0x0000023c48558d10]
Event: 91.394 Thread 0x0000023c5ba3a950 14069       1       java.util.stream.TerminalOp::getOpFlags (2 bytes)
Event: 91.394 Thread 0x0000023c5ba3a950 nmethod 14069 0x0000023c5026e890 code [0x0000023c5026ea20, 0x0000023c5026eae8]
Event: 91.394 Thread 0x0000023c5ba3a950 14070       1       java.util.stream.IntPipeline$StatelessOp::opIsStateful (2 bytes)
Event: 91.394 Thread 0x0000023c5ba3a950 nmethod 14070 0x0000023c5026e590 code [0x0000023c5026e720, 0x0000023c5026e7e8]

GC Heap History (20 events):
Event: 51.785 GC heap before
{Heap before GC invocations=35 (full 0):
 garbage-first heap   total 133120K, used 120804K [0x00000000c0000000, 0x0000000100000000)
  region size 1024K, 43 young (44032K), 6 survivors (6144K)
 Metaspace       used 80005K, committed 82112K, reserved 1179648K
  class space    used 11172K, committed 12224K, reserved 1048576K
}
Event: 51.792 GC heap after
{Heap after GC invocations=36 (full 0):
 garbage-first heap   total 133120K, used 86878K [0x00000000c0000000, 0x0000000100000000)
  region size 1024K, 3 young (3072K), 3 survivors (3072K)
 Metaspace       used 80005K, committed 82112K, reserved 1179648K
  class space    used 11172K, committed 12224K, reserved 1048576K
}
Event: 54.153 GC heap before
{Heap before GC invocations=37 (full 0):
 garbage-first heap   total 147456K, used 123742K [0x00000000c0000000, 0x0000000100000000)
  region size 1024K, 38 young (38912K), 3 survivors (3072K)
 Metaspace       used 82825K, committed 84992K, reserved 1179648K
  class space    used 11606K, committed 12672K, reserved 1048576K
}
Event: 54.157 GC heap after
{Heap after GC invocations=38 (full 0):
 garbage-first heap   total 147456K, used 87856K [0x00000000c0000000, 0x0000000100000000)
  region size 1024K, 4 young (4096K), 4 survivors (4096K)
 Metaspace       used 82825K, committed 84992K, reserved 1179648K
  class space    used 11606K, committed 12672K, reserved 1048576K
}
Event: 58.744 GC heap before
{Heap before GC invocations=38 (full 0):
 garbage-first heap   total 147456K, used 134960K [0x00000000c0000000, 0x0000000100000000)
  region size 1024K, 50 young (51200K), 4 survivors (4096K)
 Metaspace       used 86779K, committed 88960K, reserved 1179648K
  class space    used 12263K, committed 13376K, reserved 1048576K
}
Event: 58.758 GC heap after
{Heap after GC invocations=39 (full 0):
 garbage-first heap   total 147456K, used 87975K [0x00000000c0000000, 0x0000000100000000)
  region size 1024K, 6 young (6144K), 6 survivors (6144K)
 Metaspace       used 86779K, committed 88960K, reserved 1179648K
  class space    used 12263K, committed 13376K, reserved 1048576K
}
Event: 62.107 GC heap before
{Heap before GC invocations=39 (full 0):
 garbage-first heap   total 147456K, used 136103K [0x00000000c0000000, 0x0000000100000000)
  region size 1024K, 53 young (54272K), 6 survivors (6144K)
 Metaspace       used 89508K, committed 91840K, reserved 1179648K
  class space    used 12608K, committed 13760K, reserved 1048576K
}
Event: 62.121 GC heap after
{Heap after GC invocations=40 (full 0):
 garbage-first heap   total 147456K, used 90189K [0x00000000c0000000, 0x0000000100000000)
  region size 1024K, 5 young (5120K), 5 survivors (5120K)
 Metaspace       used 89508K, committed 91840K, reserved 1179648K
  class space    used 12608K, committed 13760K, reserved 1048576K
}
Event: 66.295 GC heap before
{Heap before GC invocations=41 (full 0):
 garbage-first heap   total 152576K, used 135245K [0x00000000c0000000, 0x0000000100000000)
  region size 1024K, 50 young (51200K), 5 survivors (5120K)
 Metaspace       used 92430K, committed 94784K, reserved 1179648K
  class space    used 13041K, committed 14208K, reserved 1048576K
}
Event: 66.305 GC heap after
{Heap after GC invocations=42 (full 0):
 garbage-first heap   total 152576K, used 94063K [0x00000000c0000000, 0x0000000100000000)
  region size 1024K, 6 young (6144K), 6 survivors (6144K)
 Metaspace       used 92430K, committed 94784K, reserved 1179648K
  class space    used 13041K, committed 14208K, reserved 1048576K
}
Event: 70.227 GC heap before
{Heap before GC invocations=42 (full 0):
 garbage-first heap   total 152576K, used 142191K [0x00000000c0000000, 0x0000000100000000)
  region size 1024K, 52 young (53248K), 6 survivors (6144K)
 Metaspace       used 95097K, committed 97408K, reserved 1179648K
  class space    used 13452K, committed 14592K, reserved 1048576K
}
Event: 70.239 GC heap after
{Heap after GC invocations=43 (full 0):
 garbage-first heap   total 153600K, used 97157K [0x00000000c0000000, 0x0000000100000000)
  region size 1024K, 7 young (7168K), 7 survivors (7168K)
 Metaspace       used 95097K, committed 97408K, reserved 1179648K
  class space    used 13452K, committed 14592K, reserved 1048576K
}
Event: 72.134 GC heap before
{Heap before GC invocations=43 (full 0):
 garbage-first heap   total 153600K, used 142213K [0x00000000c0000000, 0x0000000100000000)
  region size 1024K, 51 young (52224K), 7 survivors (7168K)
 Metaspace       used 97338K, committed 99648K, reserved 1179648K
  class space    used 13761K, committed 14912K, reserved 1048576K
}
Event: 72.148 GC heap after
{Heap after GC invocations=44 (full 0):
 garbage-first heap   total 154624K, used 101554K [0x00000000c0000000, 0x0000000100000000)
  region size 1024K, 4 young (4096K), 4 survivors (4096K)
 Metaspace       used 97338K, committed 99648K, reserved 1179648K
  class space    used 13761K, committed 14912K, reserved 1048576K
}
Event: 74.444 GC heap before
{Heap before GC invocations=45 (full 0):
 garbage-first heap   total 171008K, used 143538K [0x00000000c0000000, 0x0000000100000000)
  region size 1024K, 45 young (46080K), 4 survivors (4096K)
 Metaspace       used 99179K, committed 101504K, reserved 1179648K
  class space    used 13996K, committed 15168K, reserved 1048576K
}
Event: 74.456 GC heap after
{Heap after GC invocations=46 (full 0):
 garbage-first heap   total 171008K, used 106645K [0x00000000c0000000, 0x0000000100000000)
  region size 1024K, 5 young (5120K), 5 survivors (5120K)
 Metaspace       used 99179K, committed 101504K, reserved 1179648K
  class space    used 13996K, committed 15168K, reserved 1048576K
}
Event: 76.484 GC heap before
{Heap before GC invocations=46 (full 0):
 garbage-first heap   total 171008K, used 156821K [0x00000000c0000000, 0x0000000100000000)
  region size 1024K, 54 young (55296K), 5 survivors (5120K)
 Metaspace       used 101362K, committed 103744K, reserved 1179648K
  class space    used 14298K, committed 15488K, reserved 1048576K
}
Event: 76.497 GC heap after
{Heap after GC invocations=47 (full 0):
 garbage-first heap   total 171008K, used 110115K [0x00000000c0000000, 0x0000000100000000)
  region size 1024K, 5 young (5120K), 5 survivors (5120K)
 Metaspace       used 101362K, committed 103744K, reserved 1179648K
  class space    used 14298K, committed 15488K, reserved 1048576K
}
Event: 84.167 GC heap before
{Heap before GC invocations=47 (full 0):
 garbage-first heap   total 171008K, used 157219K [0x00000000c0000000, 0x0000000100000000)
  region size 1024K, 51 young (52224K), 5 survivors (5120K)
 Metaspace       used 105074K, committed 107520K, reserved 1179648K
  class space    used 14845K, committed 16064K, reserved 1048576K
}
Event: 84.177 GC heap after
{Heap after GC invocations=48 (full 0):
 garbage-first heap   total 171008K, used 113229K [0x00000000c0000000, 0x0000000100000000)
  region size 1024K, 3 young (3072K), 3 survivors (3072K)
 Metaspace       used 105074K, committed 107520K, reserved 1179648K
  class space    used 14845K, committed 16064K, reserved 1048576K
}

Dll operation events (20 events):
Event: 0.552 Attempting to load shared library C:\Users\LENOVO\.antigravity-ide\extensions\redhat.java-1.56.0-win32-x64\jre\21.0.12.1-win32-x86_64\bin\nio.dll
Event: 0.552 Loaded shared library C:\Users\LENOVO\.antigravity-ide\extensions\redhat.java-1.56.0-win32-x64\jre\21.0.12.1-win32-x86_64\bin\nio.dll
Event: 0.557 Attempting to load shared library C:\Users\LENOVO\.antigravity-ide\extensions\redhat.java-1.56.0-win32-x64\jre\21.0.12.1-win32-x86_64\bin\zip.dll
Event: 0.557 Loaded shared library C:\Users\LENOVO\.antigravity-ide\extensions\redhat.java-1.56.0-win32-x64\jre\21.0.12.1-win32-x86_64\bin\zip.dll
Event: 1.289 Attempting to load shared library C:\Users\LENOVO\.antigravity-ide\extensions\redhat.java-1.56.0-win32-x64\jre\21.0.12.1-win32-x86_64\bin\jimage.dll
Event: 1.289 Loaded shared library C:\Users\LENOVO\.antigravity-ide\extensions\redhat.java-1.56.0-win32-x64\jre\21.0.12.1-win32-x86_64\bin\jimage.dll
Event: 1.725 Attempting to load shared library C:\Users\LENOVO\.antigravity-ide\extensions\redhat.java-1.56.0-win32-x64\jre\21.0.12.1-win32-x86_64\bin\verify.dll
Event: 1.725 Loaded shared library C:\Users\LENOVO\.antigravity-ide\extensions\redhat.java-1.56.0-win32-x64\jre\21.0.12.1-win32-x86_64\bin\verify.dll
Event: 1.936 Attempting to load shared library C:\Users\LENOVO\.gradle\native\1def1411415f61bf3af743bc5b6707747c0891f09f0c88961ee8f79bc544acac\windows-amd64\native-platform.dll
Event: 1.937 Loaded shared library C:\Users\LENOVO\.gradle\native\1def1411415f61bf3af743bc5b6707747c0891f09f0c88961ee8f79bc544acac\windows-amd64\native-platform.dll
Event: 1.969 Attempting to load shared library C:\Users\LENOVO\.gradle\native\0.2.7\x86_64-windows-gnu\gradle-fileevents.dll
Event: 1.970 Loaded shared library C:\Users\LENOVO\.gradle\native\0.2.7\x86_64-windows-gnu\gradle-fileevents.dll
Event: 5.728 Attempting to load shared library C:\Users\LENOVO\.antigravity-ide\extensions\redhat.java-1.56.0-win32-x64\jre\21.0.12.1-win32-x86_64\bin\management.dll
Event: 5.735 Loaded shared library C:\Users\LENOVO\.antigravity-ide\extensions\redhat.java-1.56.0-win32-x64\jre\21.0.12.1-win32-x86_64\bin\management.dll
Event: 5.749 Attempting to load shared library C:\Users\LENOVO\.antigravity-ide\extensions\redhat.java-1.56.0-win32-x64\jre\21.0.12.1-win32-x86_64\bin\management_ext.dll
Event: 5.756 Loaded shared library C:\Users\LENOVO\.antigravity-ide\extensions\redhat.java-1.56.0-win32-x64\jre\21.0.12.1-win32-x86_64\bin\management_ext.dll
Event: 7.203 Attempting to load shared library C:\Users\LENOVO\.antigravity-ide\extensions\redhat.java-1.56.0-win32-x64\jre\21.0.12.1-win32-x86_64\bin\extnet.dll
Event: 7.204 Loaded shared library C:\Users\LENOVO\.antigravity-ide\extensions\redhat.java-1.56.0-win32-x64\jre\21.0.12.1-win32-x86_64\bin\extnet.dll
Event: 8.705 Attempting to load shared library C:\Users\LENOVO\.antigravity-ide\extensions\redhat.java-1.56.0-win32-x64\jre\21.0.12.1-win32-x86_64\bin\sunmscapi.dll
Event: 8.714 Loaded shared library C:\Users\LENOVO\.antigravity-ide\extensions\redhat.java-1.56.0-win32-x64\jre\21.0.12.1-win32-x86_64\bin\sunmscapi.dll

Deoptimization events (20 events):
Event: 91.111 Thread 0x0000023c63e36a30 DEOPT PACKING pc=0x0000023c4945c554 sp=0x000000c47a6feb00
Event: 91.111 Thread 0x0000023c645700e0 DEOPT PACKING pc=0x0000023c4945c554 sp=0x000000c479cfd590
Event: 91.111 Thread 0x0000023c63e36a30 DEOPT UNPACKING pc=0x0000023c4f6f4bc2 sp=0x000000c47a6fe010 mode 0
Event: 91.111 Thread 0x0000023c645700e0 DEOPT UNPACKING pc=0x0000023c4f6f4bc2 sp=0x000000c479cfcaa0 mode 0
Event: 91.121 Thread 0x0000023c63e36a30 Uncommon trap: trap_request=0xffffffde fr.pc=0x0000023c5024ba6c relative=0x000000000000080c
Event: 91.121 Thread 0x0000023c63e36a30 Uncommon trap: reason=class_check action=maybe_recompile pc=0x0000023c5024ba6c method=org.gradle.tooling.internal.provider.runner.ClientBuildEventGenerator.finished(Lorg/gradle/internal/operations/BuildOperationDescriptor;Lorg/gradle/internal/operations/O
Event: 91.121 Thread 0x0000023c63e36a30 DEOPT PACKING pc=0x0000023c5024ba6c sp=0x000000c47a6feb90
Event: 91.121 Thread 0x0000023c63e36a30 DEOPT UNPACKING pc=0x0000023c4f6f4422 sp=0x000000c47a6feb50 mode 2
Event: 91.195 Thread 0x0000023c63e36a30 Uncommon trap: trap_request=0xffffff76 fr.pc=0x0000023c5026fcf4 relative=0x00000000000001d4
Event: 91.195 Thread 0x0000023c63e36a30 Uncommon trap: reason=predicate action=maybe_recompile pc=0x0000023c5026fcf4 method=java.util.LinkedHashMap.valuesToArray([Ljava/lang/Object;Z)[Ljava/lang/Object; @ 53 c2
Event: 91.195 Thread 0x0000023c63e36a30 DEOPT PACKING pc=0x0000023c5026fcf4 sp=0x000000c47a6fd310
Event: 91.195 Thread 0x0000023c63e36a30 DEOPT UNPACKING pc=0x0000023c4f6f4422 sp=0x000000c47a6fd2c0 mode 2
Event: 91.370 Thread 0x0000023c63e34ff0 Uncommon trap: trap_request=0xffffff45 fr.pc=0x0000023c500d793c relative=0x0000000000000afc
Event: 91.370 Thread 0x0000023c63e34ff0 Uncommon trap: reason=unstable_if action=reinterpret pc=0x0000023c500d793c method=org.gradle.internal.io.StreamByteBuffer.prepareRead()I @ 20 c2
Event: 91.370 Thread 0x0000023c63e34ff0 DEOPT PACKING pc=0x0000023c500d793c sp=0x000000c47a7fe6c0
Event: 91.370 Thread 0x0000023c63e34ff0 DEOPT UNPACKING pc=0x0000023c4f6f4422 sp=0x000000c47a7fe600 mode 2
Event: 91.390 Thread 0x0000023c63e34ff0 Uncommon trap: trap_request=0xffffff45 fr.pc=0x0000023c500d68a4 relative=0x0000000000000464
Event: 91.390 Thread 0x0000023c63e34ff0 Uncommon trap: reason=unstable_if action=reinterpret pc=0x0000023c500d68a4 method=org.gradle.internal.io.StreamByteBuffer.prepareRead()I @ 20 c2
Event: 91.390 Thread 0x0000023c63e34ff0 DEOPT PACKING pc=0x0000023c500d68a4 sp=0x000000c47a7fe430
Event: 91.390 Thread 0x0000023c63e34ff0 DEOPT UNPACKING pc=0x0000023c4f6f4422 sp=0x000000c47a7fe3e8 mode 2

Classes loaded (20 events):
Event: 85.925 Loading class com/sun/crypto/provider/CounterMode
Event: 85.926 Loading class com/sun/crypto/provider/CounterMode done
Event: 86.084 Loading class jdk/internal/reflect/MethodHandleBooleanFieldAccessorImpl
Event: 86.085 Loading class jdk/internal/reflect/MethodHandleBooleanFieldAccessorImpl done
Event: 87.759 Loading class java/util/AbstractList$ListItr
Event: 87.760 Loading class java/util/AbstractList$ListItr done
Event: 90.281 Loading class java/lang/invoke/SerializedLambda$1
Event: 90.284 Loading class java/lang/invoke/SerializedLambda$1 done
Event: 90.301 Loading class java/util/EnumSet$SerializationProxy
Event: 90.302 Loading class java/util/EnumSet$SerializationProxy done
Event: 91.331 Loading class java/util/stream/ReferencePipeline$4
Event: 91.331 Loading class java/util/stream/IntPipeline$StatelessOp
Event: 91.332 Loading class java/util/stream/IntPipeline$StatelessOp done
Event: 91.332 Loading class java/util/stream/ReferencePipeline$4 done
Event: 91.333 Loading class java/util/stream/ReduceOps$6
Event: 91.334 Loading class java/util/stream/ReduceOps$6 done
Event: 91.334 Loading class java/util/stream/ReduceOps$5ReducingSink
Event: 91.335 Loading class java/util/stream/ReduceOps$5ReducingSink done
Event: 91.335 Loading class java/util/stream/ReferencePipeline$4$1
Event: 91.335 Loading class java/util/stream/ReferencePipeline$4$1 done

Classes unloaded (1 events):
Event: 38.043 Thread 0x0000023c5ba0da10 Unloading class 0x0000023c018a0000 'java/lang/invoke/LambdaForm$DMH+0x0000023c018a0000'

Classes redefined (0 events):
No events

Internal exceptions (20 events):
Event: 78.942 Thread 0x0000023c5bb445c0 Exception <a 'java/lang/NoSuchMethodError'{0x00000000c8631c40}: static Lorg/gradle/internal/classloader/VisitableURLClassLoader$Spec;.<clinit>()V> (0x00000000c8631c40) 
thrown [s\src\hotspot\share\prims\jni.cpp, line 1111]
Event: 78.958 Thread 0x0000023c5bb445c0 Exception <a 'java/lang/NoSuchMethodError'{0x00000000c8652a38}: static [Ljava/net/URL;.<clinit>()V> (0x00000000c8652a38) 
thrown [s\src\hotspot\share\prims\jni.cpp, line 1111]
Event: 82.427 Thread 0x0000023c61536710 Exception <a 'java/lang/NoSuchMethodError'{0x00000000c80fb0a8}: 'java.lang.Object java.lang.invoke.DirectMethodHandle$Holder.newInvokeSpecial(java.lang.Object, java.lang.Object, java.lang.Object, java.lang.Object, java.lang.Object, java.lang.Object, java.lang.Object, java.lang.Object, java.lang.Object, java.lang.Object, java.lang.Object, java.lang.Object, java.lang.Object, java.lang.Object, java.lang.Object, java.lang.Object, java.lang.Object, java.lang.Object, java.lang.Object, java.lang.Object, java.lang
Event: 82.428 Thread 0x0000023c61536710 Exception <a 'java/lang/NoSuchMethodError'{0x00000000c7f45bc8}: 'java.lang.Object java.lang.invoke.DirectMethodHandle$Holder.invokeSpecial(java.lang.Object, java.lang.Object, java.lang.Object, java.lang.Object, java.lang.Object, java.lang.Object, java.lang.Object, java.lang.Object, java.lang.Object, java.lang.Object, java.lang.Object, java.lang.Object, java.lang.Object, java.lang.Object, java.lang.Object, java.lang.Object, java.lang.Object, java.lang.Object, java.lang.Object, java.lang.Object, java.lang.Ob
Event: 82.428 Thread 0x0000023c61536710 Exception <a 'java/lang/NoSuchMethodError'{0x00000000c7f4b3a8}: 'java.lang.Object java.lang.invoke.DelegatingMethodHandle$Holder.reinvoke_L(java.lang.Object, java.lang.Object, java.lang.Object, java.lang.Object, java.lang.Object, java.lang.Object, java.lang.Object, java.lang.Object, java.lang.Object, java.lang.Object, java.lang.Object, java.lang.Object, java.lang.Object, java.lang.Object, java.lang.Object, java.lang.Object, java.lang.Object, java.lang.Object, java.lang.Object, java.lang.Object, java.lang.O
Event: 82.717 Thread 0x0000023c61536710 Exception <a 'sun/nio/fs/WindowsException'{0x00000000c7df8930}> (0x00000000c7df8930) 
thrown [s\src\hotspot\share\prims\jni.cpp, line 520]
Event: 82.779 Thread 0x0000023c61536710 Exception <a 'java/lang/NoSuchMethodError'{0x00000000c7c21d98}: 'java.lang.Object java.lang.invoke.DirectMethodHandle$Holder.newInvokeSpecial(java.lang.Object, java.lang.Object, java.lang.Object, java.lang.Object, java.lang.Object, int, java.lang.Object)'> (0x00000000c7c21d98) 
thrown [s\src\hotspot\share\interpreter\linkResolver.cpp, line 773]
Event: 82.781 Thread 0x0000023c61536710 Exception <a 'java/lang/NoSuchMethodError'{0x00000000c7c29fd8}: 'java.lang.Object java.lang.invoke.Invokers$Holder.linkToTargetMethod(java.lang.Object, java.lang.Object, java.lang.Object, java.lang.Object, int, java.lang.Object, java.lang.Object)'> (0x00000000c7c29fd8) 
thrown [s\src\hotspot\share\interpreter\linkResolver.cpp, line 773]
Event: 82.895 Thread 0x0000023c61536710 Exception <a 'java/lang/NoSuchMethodError'{0x00000000c7cc1600}: 'java.lang.Object java.lang.invoke.DirectMethodHandle$Holder.newInvokeSpecial(java.lang.Object, java.lang.Object, java.lang.Object, java.lang.Object, java.lang.Object, java.lang.Object, int)'> (0x00000000c7cc1600) 
thrown [s\src\hotspot\share\interpreter\linkResolver.cpp, line 773]
Event: 82.896 Thread 0x0000023c61536710 Exception <a 'java/lang/NoSuchMethodError'{0x00000000c7cc6290}: 'java.lang.Object java.lang.invoke.DirectMethodHandle$Holder.invokeSpecial(java.lang.Object, java.lang.Object, java.lang.Object, java.lang.Object, java.lang.Object, java.lang.Object, java.lang.Object, int)'> (0x00000000c7cc6290) 
thrown [s\src\hotspot\share\interpreter\linkResolver.cpp, line 773]
Event: 82.900 Thread 0x0000023c61536710 Exception <a 'java/lang/NoSuchMethodError'{0x00000000c7cca8e8}: 'java.lang.Object java.lang.invoke.Invokers$Holder.linkToTargetMethod(java.lang.Object, java.lang.Object, java.lang.Object, java.lang.Object, java.lang.Object, int, java.lang.Object)'> (0x00000000c7cca8e8) 
thrown [s\src\hotspot\share\interpreter\linkResolver.cpp, line 773]
Event: 88.016 Thread 0x0000023c61536710 Exception <a 'sun/nio/fs/WindowsException'{0x00000000ca594ae0}> (0x00000000ca594ae0) 
thrown [s\src\hotspot\share\prims\jni.cpp, line 520]
Event: 88.428 Thread 0x0000023c61536710 Exception <a 'java/lang/NoSuchMethodError'{0x00000000ca081d68}: 'void java.lang.invoke.DelegatingMethodHandle$Holder.reinvoke_L(java.lang.Object, java.lang.Object, long)'> (0x00000000ca081d68) 
thrown [s\src\hotspot\share\interpreter\linkResolver.cpp, line 773]
Event: 88.432 Thread 0x0000023c61536710 Exception <a 'java/lang/NoSuchMethodError'{0x00000000ca0892a8}: 'void java.lang.invoke.Invokers$Holder.invokeExact_MT(java.lang.Object, java.lang.Object, long, java.lang.Object)'> (0x00000000ca0892a8) 
thrown [s\src\hotspot\share\interpreter\linkResolver.cpp, line 773]
Event: 89.628 Thread 0x0000023c6456e010 Implicit null exception at 0x0000023c4ff4ac87 to 0x0000023c4ff4ad4c
Event: 89.628 Thread 0x0000023c6456e010 Implicit null exception at 0x0000023c4feb6d8e to 0x0000023c4feb7528
Event: 89.782 Thread 0x0000023c61536710 Implicit null exception at 0x0000023c502af369 to 0x0000023c502af410
Event: 90.818 Thread 0x0000023c645700e0 Exception <a 'java/lang/NoSuchMethodError'{0x00000000c8f344f8}: 'java.lang.Object java.lang.invoke.DirectMethodHandle$Holder.newInvokeSpecial(java.lang.Object, java.lang.Object, int, java.lang.Object, java.lang.Object)'> (0x00000000c8f344f8) 
thrown [s\src\hotspot\share\interpreter\linkResolver.cpp, line 773]
Event: 90.881 Thread 0x0000023c645700e0 Exception <a 'java/lang/NoSuchMethodError'{0x00000000c8e4e758}: 'void java.lang.invoke.DirectMethodHandle$Holder.invokeSpecial(java.lang.Object, java.lang.Object, java.lang.Object, java.lang.Object, int, java.lang.Object, java.lang.Object)'> (0x00000000c8e4e758) 
thrown [s\src\hotspot\share\interpreter\linkResolver.cpp, line 773]
Event: 91.070 Thread 0x0000023c63e36a30 Exception <a 'java/lang/NoSuchMethodError'{0x00000000c8cea250}: 'java.lang.Object java.lang.invoke.DirectMethodHandle$Holder.invokeVirtual(java.lang.Object, java.lang.Object, java.lang.Object, java.lang.Object, java.lang.Object, java.lang.Object, java.lang.Object, java.lang.Object, java.lang.Object, java.lang.Object, java.lang.Object, java.lang.Object, java.lang.Object, java.lang.Object, java.lang.Object, java.lang.Object, java.lang.Object, java.lang.Object, java.lang.Object)'> (0x00000000c8cea250) 
thrown

ZGC Phase Switch (0 events):
No events

VM Operations (20 events):
Event: 89.663 Executing non-safepoint VM operation: HandshakeAllThreads (Deoptimize)
Event: 89.663 Executing non-safepoint VM operation: HandshakeAllThreads (Deoptimize) done
Event: 89.828 Executing non-safepoint VM operation: HandshakeAllThreads (Deoptimize)
Event: 89.828 Executing non-safepoint VM operation: HandshakeAllThreads (Deoptimize) done
Event: 90.173 Executing non-safepoint VM operation: HandshakeAllThreads (Deoptimize)
Event: 90.173 Executing non-safepoint VM operation: HandshakeAllThreads (Deoptimize) done
Event: 90.201 Executing non-safepoint VM operation: HandshakeAllThreads (Deoptimize)
Event: 90.201 Executing non-safepoint VM operation: HandshakeAllThreads (Deoptimize) done
Event: 90.911 Executing non-safepoint VM operation: HandshakeAllThreads (Deoptimize)
Event: 90.911 Executing non-safepoint VM operation: HandshakeAllThreads (Deoptimize) done
Event: 90.911 Executing safepoint VM operation: Cleanup
Event: 90.911 Executing safepoint VM operation: Cleanup done
Event: 91.046 Executing non-safepoint VM operation: HandshakeAllThreads (Deoptimize)
Event: 91.046 Executing non-safepoint VM operation: HandshakeAllThreads (Deoptimize) done
Event: 91.110 Executing non-safepoint VM operation: HandshakeAllThreads (Deoptimize)
Event: 91.110 Executing non-safepoint VM operation: HandshakeAllThreads (Deoptimize) done
Event: 91.140 Executing non-safepoint VM operation: HandshakeAllThreads (Deoptimize)
Event: 91.149 Executing non-safepoint VM operation: HandshakeAllThreads (Deoptimize) done
Event: 91.401 Executing non-safepoint VM operation: HandshakeAllThreads (Deoptimize)
Event: 91.412 Executing non-safepoint VM operation: HandshakeAllThreads (Deoptimize) done

Memory protections (0 events):
No events

Nmethod flushes (20 events):
Event: 84.335 Thread 0x0000023c5ba0da10 flushing  nmethod 0x0000023c484a5290
Event: 84.335 Thread 0x0000023c5ba0da10 flushing  nmethod 0x0000023c48545390
Event: 84.335 Thread 0x0000023c5ba0da10 flushing  nmethod 0x0000023c485aab10
Event: 84.335 Thread 0x0000023c5ba0da10 flushing  nmethod 0x0000023c485fcf10
Event: 84.335 Thread 0x0000023c5ba0da10 flushing  nmethod 0x0000023c48601490
Event: 84.335 Thread 0x0000023c5ba0da10 flushing  nmethod 0x0000023c4881a890
Event: 84.335 Thread 0x0000023c5ba0da10 flushing  nmethod 0x0000023c4887af10
Event: 84.335 Thread 0x0000023c5ba0da10 flushing  nmethod 0x0000023c4887ca10
Event: 84.335 Thread 0x0000023c5ba0da10 flushing  nmethod 0x0000023c48881c90
Event: 84.335 Thread 0x0000023c5ba0da10 flushing  nmethod 0x0000023c488bec10
Event: 84.335 Thread 0x0000023c5ba0da10 flushing  nmethod 0x0000023c488f5c10
Event: 84.335 Thread 0x0000023c5ba0da10 flushing  nmethod 0x0000023c488f6b10
Event: 84.335 Thread 0x0000023c5ba0da10 flushing  nmethod 0x0000023c488f6f90
Event: 84.335 Thread 0x0000023c5ba0da10 flushing  nmethod 0x0000023c48a8ef90
Event: 84.335 Thread 0x0000023c5ba0da10 flushing  nmethod 0x0000023c48d2d510
Event: 84.335 Thread 0x0000023c5ba0da10 flushing  nmethod 0x0000023c48d2e390
Event: 84.335 Thread 0x0000023c5ba0da10 flushing  nmethod 0x0000023c48d30c90
Event: 84.335 Thread 0x0000023c5ba0da10 flushing  nmethod 0x0000023c4926f810
Event: 84.335 Thread 0x0000023c5ba0da10 flushing  nmethod 0x0000023c493e7610
Event: 84.335 Thread 0x0000023c5ba0da10 flushing  nmethod 0x0000023c493e7a90

Events (20 events):
Event: 82.126 Thread 0x0000023c61536710 Thread added: 0x0000023c63ebb1b0
Event: 82.339 Thread 0x0000023c61536710 Thread added: 0x0000023c63d95700
Event: 82.372 Thread 0x0000023c61536710 Thread added: 0x0000023c63d95d90
Event: 82.481 Thread 0x0000023c61536710 Thread added: 0x0000023c63d984f0
Event: 88.251 Thread 0x0000023c61536710 Thread added: 0x0000023c6456f3c0
Event: 88.280 Thread 0x0000023c6456f3c0 Thread exited: 0x0000023c6456f3c0
Event: 89.602 Thread 0x0000023c61536710 Thread added: 0x0000023c6456e010
Event: 89.697 Thread 0x0000023c61536710 Thread added: 0x0000023c6456e6a0
Event: 89.781 Thread 0x0000023c61536710 Thread added: 0x0000023c645721b0
Event: 89.782 Thread 0x0000023c61536710 Thread added: 0x0000023c6456f3c0
Event: 89.801 Thread 0x0000023c6456e010 Thread exited: 0x0000023c6456e010
Event: 90.782 Thread 0x0000023c61536710 Thread added: 0x0000023c645700e0
Event: 90.824 Thread 0x0000023c645700e0 Thread added: 0x0000023c6456e010
Event: 90.824 Thread 0x0000023c645700e0 Thread added: 0x0000023c64572ed0
Event: 90.824 Thread 0x0000023c645700e0 Thread added: 0x0000023c64573560
Event: 90.824 Thread 0x0000023c645700e0 Thread added: 0x0000023c64573bf0
Event: 90.825 Thread 0x0000023c645700e0 Thread added: 0x0000023c64574fa0
Event: 90.825 Thread 0x0000023c645700e0 Thread added: 0x0000023c63e363a0
Event: 90.825 Thread 0x0000023c645700e0 Thread added: 0x0000023c63e36a30
Event: 90.934 Thread 0x0000023c63e36a30 Thread added: 0x0000023c63e34ff0


Dynamic libraries:
0x00007ff69d5b0000 - 0x00007ff69d5be000 	C:\Users\LENOVO\.antigravity-ide\extensions\redhat.java-1.56.0-win32-x64\jre\21.0.12.1-win32-x86_64\bin\java.exe
0x00007ffba7f40000 - 0x00007ffba81a7000 	C:\WINDOWS\SYSTEM32\ntdll.dll
0x00007ffba6070000 - 0x00007ffba613b000 	C:\WINDOWS\System32\KERNEL32.DLL
0x00007ffba5490000 - 0x00007ffba5892000 	C:\WINDOWS\System32\KERNELBASE.dll
0x00007ffba5140000 - 0x00007ffba528c000 	C:\WINDOWS\System32\ucrtbase.dll
0x00007ffb86800000 - 0x00007ffb86818000 	C:\Users\LENOVO\.antigravity-ide\extensions\redhat.java-1.56.0-win32-x64\jre\21.0.12.1-win32-x86_64\bin\jli.dll
0x00007ffba5e00000 - 0x00007ffba5fcf000 	C:\WINDOWS\System32\USER32.dll
0x00007ffb8b2d0000 - 0x00007ffb8b2ee000 	C:\Users\LENOVO\.antigravity-ide\extensions\redhat.java-1.56.0-win32-x64\jre\21.0.12.1-win32-x86_64\bin\VCRUNTIME140.dll
0x00007ffba59e0000 - 0x00007ffba5a07000 	C:\WINDOWS\System32\win32u.dll
0x00007ffba5d80000 - 0x00007ffba5dab000 	C:\WINDOWS\System32\GDI32.dll
0x00007ffb8ec40000 - 0x00007ffb8eed0000 	C:\WINDOWS\WinSxS\amd64_microsoft.windows.common-controls_6595b64144ccf1df_6.0.26100.9278_none_3e0d1ba8e3303201\COMCTL32.dll
0x00007ffba52a0000 - 0x00007ffba53c9000 	C:\WINDOWS\System32\gdi32full.dll
0x00007ffba6840000 - 0x00007ffba68e9000 	C:\WINDOWS\System32\msvcrt.dll
0x00007ffba5930000 - 0x00007ffba59d3000 	C:\WINDOWS\System32\msvcp_win.dll
0x00007ffba5dc0000 - 0x00007ffba5df1000 	C:\WINDOWS\System32\IMM32.DLL
0x00007ffb933d0000 - 0x00007ffb933dc000 	C:\Users\LENOVO\.antigravity-ide\extensions\redhat.java-1.56.0-win32-x64\jre\21.0.12.1-win32-x86_64\bin\vcruntime140_1.dll
0x00007ffb4a830000 - 0x00007ffb4a8bd000 	C:\Users\LENOVO\.antigravity-ide\extensions\redhat.java-1.56.0-win32-x64\jre\21.0.12.1-win32-x86_64\bin\msvcp140.dll
0x00007ffac5e60000 - 0x00007ffac6c02000 	C:\Users\LENOVO\.antigravity-ide\extensions\redhat.java-1.56.0-win32-x64\jre\21.0.12.1-win32-x86_64\bin\server\jvm.dll
0x00007ffba66f0000 - 0x00007ffba67ac000 	C:\WINDOWS\System32\ADVAPI32.dll
0x00007ffba7e30000 - 0x00007ffba7ed9000 	C:\WINDOWS\System32\sechost.dll
0x00007ffba5c60000 - 0x00007ffba5d78000 	C:\WINDOWS\System32\RPCRT4.dll
0x00007ffba4f90000 - 0x00007ffba4fee000 	C:\WINDOWS\SYSTEM32\POWRPROF.dll
0x00007ffba7090000 - 0x00007ffba7110000 	C:\WINDOWS\System32\WS2_32.dll
0x00007ffb983b0000 - 0x00007ffb983e6000 	C:\WINDOWS\SYSTEM32\WINMM.dll
0x00007ffb93ff0000 - 0x00007ffb93ffb000 	C:\WINDOWS\SYSTEM32\VERSION.dll
0x00007ffba4f70000 - 0x00007ffba4f85000 	C:\WINDOWS\SYSTEM32\UMPDC.dll
0x00007ffba3dd0000 - 0x00007ffba3deb000 	C:\WINDOWS\SYSTEM32\kernel.appcore.dll
0x00007ffb8aef0000 - 0x00007ffb8aefa000 	C:\Users\LENOVO\.antigravity-ide\extensions\redhat.java-1.56.0-win32-x64\jre\21.0.12.1-win32-x86_64\bin\jimage.dll
0x00007ffba2480000 - 0x00007ffba26cc000 	C:\WINDOWS\SYSTEM32\DBGHELP.DLL
0x00007ffba7950000 - 0x00007ffba7cd5000 	C:\WINDOWS\System32\combase.dll
0x00007ffba62c0000 - 0x00007ffba6399000 	C:\WINDOWS\System32\OLEAUT32.dll
0x00007ffb8c4f0000 - 0x00007ffb8c52b000 	C:\WINDOWS\SYSTEM32\dbgcore.DLL
0x00007ffba5a10000 - 0x00007ffba5abc000 	C:\WINDOWS\System32\bcryptPrimitives.dll
0x00007ffb833e0000 - 0x00007ffb833ef000 	C:\Users\LENOVO\.antigravity-ide\extensions\redhat.java-1.56.0-win32-x64\jre\21.0.12.1-win32-x86_64\bin\instrument.dll
0x00007ffb85ab0000 - 0x00007ffb85ad0000 	C:\Users\LENOVO\.antigravity-ide\extensions\redhat.java-1.56.0-win32-x64\jre\21.0.12.1-win32-x86_64\bin\java.dll
0x00007ffba68f0000 - 0x00007ffba7088000 	C:\WINDOWS\System32\SHELL32.dll
0x00007ffba2b60000 - 0x00007ffba340e000 	C:\WINDOWS\SYSTEM32\windows.storage.dll
0x00007ffba7d30000 - 0x00007ffba7e2b000 	C:\WINDOWS\System32\SHCORE.dll
0x00007ffba67d0000 - 0x00007ffba6836000 	C:\WINDOWS\System32\shlwapi.dll
0x00007ffba5060000 - 0x00007ffba5089000 	C:\WINDOWS\SYSTEM32\profapi.dll
0x00007ffb72140000 - 0x00007ffb72158000 	C:\Users\LENOVO\.antigravity-ide\extensions\redhat.java-1.56.0-win32-x64\jre\21.0.12.1-win32-x86_64\bin\zip.dll
0x00007ffb833f0000 - 0x00007ffb83400000 	C:\Users\LENOVO\.antigravity-ide\extensions\redhat.java-1.56.0-win32-x64\jre\21.0.12.1-win32-x86_64\bin\net.dll
0x00007ffb9d7d0000 - 0x00007ffb9d8fa000 	C:\WINDOWS\SYSTEM32\WINHTTP.dll
0x00007ffba4370000 - 0x00007ffba43dc000 	C:\WINDOWS\system32\mswsock.dll
0x00007ffb721a0000 - 0x00007ffb721b6000 	C:\Users\LENOVO\.antigravity-ide\extensions\redhat.java-1.56.0-win32-x64\jre\21.0.12.1-win32-x86_64\bin\nio.dll
0x00007ffb72520000 - 0x00007ffb72530000 	C:\Users\LENOVO\.antigravity-ide\extensions\redhat.java-1.56.0-win32-x64\jre\21.0.12.1-win32-x86_64\bin\verify.dll
0x00007ffb4bb90000 - 0x00007ffb4bbb7000 	C:\Users\LENOVO\.gradle\native\1def1411415f61bf3af743bc5b6707747c0891f09f0c88961ee8f79bc544acac\windows-amd64\native-platform.dll
0x00007ffb4a110000 - 0x00007ffb4a188000 	C:\Users\LENOVO\.gradle\native\0.2.7\x86_64-windows-gnu\gradle-fileevents.dll
0x00007ffb72160000 - 0x00007ffb7216a000 	C:\Users\LENOVO\.antigravity-ide\extensions\redhat.java-1.56.0-win32-x64\jre\21.0.12.1-win32-x86_64\bin\management.dll
0x00007ffb6c490000 - 0x00007ffb6c49c000 	C:\Users\LENOVO\.antigravity-ide\extensions\redhat.java-1.56.0-win32-x64\jre\21.0.12.1-win32-x86_64\bin\management_ext.dll
0x00007ffba5db0000 - 0x00007ffba5db8000 	C:\WINDOWS\System32\PSAPI.DLL
0x00007ffba3780000 - 0x00007ffba37b3000 	C:\WINDOWS\SYSTEM32\IPHLPAPI.DLL
0x00007ffba7120000 - 0x00007ffba712a000 	C:\WINDOWS\System32\NSI.dll
0x00007ffb66b60000 - 0x00007ffb66b69000 	C:\Users\LENOVO\.antigravity-ide\extensions\redhat.java-1.56.0-win32-x64\jre\21.0.12.1-win32-x86_64\bin\extnet.dll
0x00007ffba4790000 - 0x00007ffba47ab000 	C:\WINDOWS\SYSTEM32\CRYPTSP.dll
0x00007ffba3d30000 - 0x00007ffba3d69000 	C:\WINDOWS\system32\rsaenh.dll
0x00007ffba4420000 - 0x00007ffba4454000 	C:\WINDOWS\SYSTEM32\USERENV.dll
0x00007ffba5030000 - 0x00007ffba505a000 	C:\WINDOWS\SYSTEM32\bcrypt.dll
0x00007ffba45d0000 - 0x00007ffba45dc000 	C:\WINDOWS\SYSTEM32\CRYPTBASE.dll
0x00007ffb4ab20000 - 0x00007ffb4ab2e000 	C:\Users\LENOVO\.antigravity-ide\extensions\redhat.java-1.56.0-win32-x64\jre\21.0.12.1-win32-x86_64\bin\sunmscapi.dll
0x00007ffba5ad0000 - 0x00007ffba5c4e000 	C:\WINDOWS\System32\CRYPT32.dll
0x00007ffba4900000 - 0x00007ffba4930000 	C:\WINDOWS\SYSTEM32\ncrypt.dll
0x00007ffba48b0000 - 0x00007ffba48ef000 	C:\WINDOWS\SYSTEM32\NTASN1.dll
0x00007ffb7b120000 - 0x00007ffb7b128000 	C:\WINDOWS\system32\wshunix.dll

JVMTI agents:
C:\Users\LENOVO\.gradle\wrapper\dists\gradle-8.14-bin\38aieal9i53h9rfe7vjup95b9\gradle-8.14\lib\agents\gradle-instrumentation-agent-8.14.jar path:C:\Users\LENOVO\.antigravity-ide\extensions\redhat.java-1.56.0-win32-x64\jre\21.0.12.1-win32-x86_64\bin\instrument.dll, loaded, initialized, instrumentlib options:none

dbghelp: loaded successfully - version: 4.0.5 - missing functions: none
symbol engine: initialized successfully - sym options: 0x614 - pdb path: .;C:\Users\LENOVO\.antigravity-ide\extensions\redhat.java-1.56.0-win32-x64\jre\21.0.12.1-win32-x86_64\bin;C:\WINDOWS\SYSTEM32;C:\WINDOWS\WinSxS\amd64_microsoft.windows.common-controls_6595b64144ccf1df_6.0.26100.9278_none_3e0d1ba8e3303201;C:\Users\LENOVO\.antigravity-ide\extensions\redhat.java-1.56.0-win32-x64\jre\21.0.12.1-win32-x86_64\bin\server;C:\Users\LENOVO\.gradle\native\1def1411415f61bf3af743bc5b6707747c0891f09f0c88961ee8f79bc544acac\windows-amd64;C:\Users\LENOVO\.gradle\native\0.2.7\x86_64-windows-gnu

VM Arguments:
jvm_args: --add-opens=java.base/java.lang=ALL-UNNAMED --add-opens=java.base/java.lang.invoke=ALL-UNNAMED --add-opens=java.base/java.util=ALL-UNNAMED --add-opens=java.prefs/java.util.prefs=ALL-UNNAMED --add-exports=jdk.compiler/com.sun.tools.javac.api=ALL-UNNAMED --add-exports=jdk.compiler/com.sun.tools.javac.util=ALL-UNNAMED --add-opens=java.base/java.util=ALL-UNNAMED --add-opens=java.prefs/java.util.prefs=ALL-UNNAMED --add-opens=java.base/java.nio.charset=ALL-UNNAMED --add-opens=java.base/java.net=ALL-UNNAMED --add-opens=java.base/java.util.concurrent.atomic=ALL-UNNAMED --add-opens=java.xml/javax.xml.namespace=ALL-UNNAMED -Xmx1024m -Dfile.encoding=UTF-8 -Duser.country=US -Duser.language=en -Duser.variant -javaagent:C:\Users\LENOVO\.gradle\wrapper\dists\gradle-8.14-bin\38aieal9i53h9rfe7vjup95b9\gradle-8.14\lib\agents\gradle-instrumentation-agent-8.14.jar 
java_command: org.gradle.launcher.daemon.bootstrap.GradleDaemon 8.14
java_class_path (initial): C:\Users\LENOVO\.gradle\wrapper\dists\gradle-8.14-bin\38aieal9i53h9rfe7vjup95b9\gradle-8.14\lib\gradle-daemon-main-8.14.jar
Launcher Type: SUN_STANDARD

[Global flags]
     intx CICompilerCount                          = 4                                         {product} {ergonomic}
     uint ConcGCThreads                            = 2                                         {product} {ergonomic}
     uint G1ConcRefinementThreads                  = 8                                         {product} {ergonomic}
   size_t G1HeapRegionSize                         = 1048576                                   {product} {ergonomic}
    uintx GCDrainStackTargetSize                   = 64                                        {product} {ergonomic}
   size_t InitialHeapSize                          = 98566144                                  {product} {ergonomic}
   size_t MarkStackSize                            = 4194304                                   {product} {ergonomic}
   size_t MaxHeapSize                              = 1073741824                                {product} {command line}
   size_t MaxNewSize                               = 643825664                                 {product} {ergonomic}
   size_t MinHeapDeltaBytes                        = 1048576                                   {product} {ergonomic}
   size_t MinHeapSize                              = 8388608                                   {product} {ergonomic}
    uintx NonNMethodCodeHeapSize                   = 5839372                                {pd product} {ergonomic}
    uintx NonProfiledCodeHeapSize                  = 122909434                              {pd product} {ergonomic}
    uintx ProfiledCodeHeapSize                     = 122909434                              {pd product} {ergonomic}
    uintx ReservedCodeCacheSize                    = 251658240                              {pd product} {ergonomic}
     bool SegmentedCodeCache                       = true                                      {product} {ergonomic}
   size_t SoftMaxHeapSize                          = 1073741824                             {manageable} {ergonomic}
     bool UseCompressedOops                        = true                           {product lp64_product} {ergonomic}
     bool UseG1GC                                  = true                                      {product} {ergonomic}
     bool UseLargePagesIndividualAllocation        = false                                  {pd product} {ergonomic}

Logging:
Log output configuration:
 #0: stdout all=warning uptime,level,tags foldmultilines=false
 #1: stderr all=off uptime,level,tags foldmultilines=false

Release file:
JAVA_VERSION="21.0.12.1" 
MODULES="java.base java.compiler java.datatransfer java.xml java.prefs java.desktop java.instrument java.logging java.management java.security.sasl java.naming java.rmi java.management.rmi java.net.http java.scripting java.security.jgss java.transaction.xa java.sql java.sql.rowset java.xml.crypto java.se java.smartcardio jdk.accessibility jdk.internal.jvmstat jdk.attach jdk.charsets jdk.internal.opt jdk.zipfs jdk.compiler jdk.crypto.ec jdk.crypto.cryptoki jdk.crypto.mscapi jdk.dynalink jdk.internal.ed jdk.editpad jdk.hotspot.agent jdk.httpserver jdk.internal.le jdk.internal.vm.ci jdk.internal.vm.compiler jdk.internal.vm.compiler.management jdk.jartool jdk.javadoc jdk.jcmd jdk.management jdk.management.agent jdk.jconsole jdk.jdeps jdk.jdwp.agent jdk.jdi jdk.jfr jdk.jshell jdk.jsobject jdk.jstatd jdk.localedata jdk.management.jfr jdk.naming.dns jdk.naming.rmi jdk.net jdk.nio.mapmode jdk.random jdk.sctp jdk.security.auth jdk.security.jgss jdk.unsupported jdk.unsupported.desktop jdk.xml.dom" 

Environment Variables:
JAVA_HOME=C:\Program Files\Android\Android Studio\jbr
PATH=C:\WINDOWS\system32;C:\WINDOWS;C:\WINDOWS\System32\Wbem;C:\WINDOWS\System32\WindowsPowerShell\v1.0\;C:\WINDOWS\System32\OpenSSH\;C:\Program Files\Docker\Docker\resources\bin;C:\Program Files\nodejs\;C:\Program Files\Git\cmd;C:\Users\LENOVO\AppData\Local\Programs\Python\Python312\Scripts\;C:\Users\LENOVO\AppData\Local\Programs\Python\Python312\;C:\Users\LENOVO\AppData\Local\Programs\Python\Launcher\;C:\Users\LENOVO\AppData\Local\Programs\Python\Python314\Scripts\;C:\Users\LENOVO\AppData\Local\Programs\Python\Python314\;C:\Users\LENOVO\AppData\Local\Microsoft\WindowsApps;C:\Users\LENOVO\AppData\Local\Programs\Antigravity\bin;C:\Users\LENOVO\AppData\Roaming\npm;C:\ScrcpyLauncher by praveen;C:\Users\LENOVO\AppData\Local\PowerToys\DSCModules\;C:\Users\LENOVO\AppData\Local\Programs\Antigravity IDE\bin
USERNAME=LENOVO
OS=Windows_NT
PROCESSOR_IDENTIFIER=AMD64 Family 23 Model 160 Stepping 0, AuthenticAMD
TMP=C:\Users\LENOVO\AppData\Local\Temp
TEMP=C:\Users\LENOVO\AppData\Local\Temp




Periodic native trim disabled

---------------  S Y S T E M  ---------------

OS:
 Windows 11 , 64 bit Build 26100 (10.0.26100.9444)
OS uptime: 3 days 17:48 hours
Hyper-V role detected

CPU: total 8 (initial active 8) (8 cores per cpu, 2 threads per core) family 23 model 160 stepping 0 microcode 0x8a0000a, cx8, cmov, fxsr, ht, mmx, 3dnowpref, sse, sse2, sse3, ssse3, sse4a, sse4.1, sse4.2, popcnt, lzcnt, tsc, tscinvbit, avx, avx2, aes, clmul, bmi1, bmi2, adx, sha, fma, vzeroupper, clflush, clflushopt, hv, rdtscp, rdpid, f16c
Processor Information for the first 8 processors :
  Max Mhz: 2401, Current Mhz: 2401, Mhz Limit: 2401

Memory: 4k page, system-wide physical 5965M (182M free)
TotalPageFile size 24397M (AvailPageFile size 3M)
current process WorkingSet (physical memory assigned to process): 321M, peak: 366M
current process commit charge ("private bytes"): 515M, peak: 517M

vm_info: OpenJDK 64-Bit Server VM (21.0.12.1+1-LTS) for windows-amd64 JRE (21.0.12.1+1-LTS), built on 2026-08-18T00:00:00Z by "admin" with MS VC++ 17.12 (VS2022)

END.
